[1] 23:43:23,945 INFO  MysqlIsolatedServer - booting onetimeserver: C:\Users\xcvs\IdeaProjects\maxwell/src/test/onetimeserver --mysql-version=5.6 --log-slave-updates --log-bin=master --binlog_format=row --innodb_flush_log_at_trx_commit=0 --server_id=4321 --character-set-server=utf8 --sync_binlog=0 --default-time-zone=+00:00   
[1] 23:43:23,964 INFO  MysqlIsolatedServer - booting onetimeserver: C:\Users\xcvs\IdeaProjects\maxwell/src/test/onetimeserver --mysql-version=5.6 --log-slave-updates --log-bin=master --binlog_format=row --innodb_flush_log_at_trx_commit=0 --server_id=4321 --character-set-server=utf8 --sync_binlog=0 --default-time-zone=+00:00   
[1] 23:43:24,305 DEBUG AbstractConfig - Got config key: custom_producer.factory
[1] 23:43:24,305 DEBUG AbstractConfig - Got config key: custom_producer.foo
[1] 23:43:24,327 DEBUG AbstractConfig - Got config key: custom_producer.factory
[1] 23:43:24,327 DEBUG AbstractConfig - Got config key: custom_producer.foo
[1] 23:43:24,338 INFO  MysqlIsolatedServer - booting onetimeserver: C:\Users\xcvs\IdeaProjects\maxwell/src/test/onetimeserver --mysql-version=5.6 --log-slave-updates --log-bin=master --binlog_format=row --innodb_flush_log_at_trx_commit=0 --server_id=4321 --character-set-server=utf8 --sync_binlog=0 --default-time-zone=+00:00   
[1] 23:43:24,362 INFO  MysqlIsolatedServer - booting onetimeserver: C:\Users\xcvs\IdeaProjects\maxwell/src/test/onetimeserver --mysql-version=5.6 --log-slave-updates --log-bin=master --binlog_format=row --innodb_flush_log_at_trx_commit=0 --server_id=4321 --character-set-server=utf8 --sync_binlog=0 --default-time-zone=+00:00   
[1] 23:43:24,365 INFO  MysqlIsolatedServer - booting onetimeserver: C:\Users\xcvs\IdeaProjects\maxwell/src/test/onetimeserver --mysql-version=5.6 --log-slave-updates --log-bin=master --binlog_format=row --innodb_flush_log_at_trx_commit=0 --server_id=4321 --character-set-server=utf8 --sync_binlog=0 --default-time-zone=+00:00   
[1] 23:43:24,369 INFO  MysqlIsolatedServer - booting onetimeserver: C:\Users\xcvs\IdeaProjects\maxwell/src/test/onetimeserver --mysql-version=5.6 --log-slave-updates --log-bin=master --binlog_format=row --innodb_flush_log_at_trx_commit=0 --server_id=4321 --character-set-server=utf8 --sync_binlog=0 --default-time-zone=+00:00   
[1] 23:43:24,375 INFO  MysqlIsolatedServer - booting onetimeserver: C:\Users\xcvs\IdeaProjects\maxwell/src/test/onetimeserver --mysql-version=5.6 --log-slave-updates --log-bin=master --binlog_format=row --innodb_flush_log_at_trx_commit=0 --server_id=4321 --character-set-server=utf8 --sync_binlog=0 --default-time-zone=+00:00   
[1] 23:43:25,553 ERROR BigQueryCallback - Throwable @ Position[BinlogPosition[binlog-1:1], lastHeartbeat=0]
[1] 23:43:25,553 ERROR BigQueryCallback - error
[1] 23:43:26,553 ERROR KinesisCallback - IrrecoverableError @ Position[BinlogPosition[binlog-1:1], lastHeartbeat=0] -- key
[1] 23:43:26,553 ERROR KinesisCallback - blah
[1] 23:43:26,554 ERROR KinesisCallback - Exception during put
com.amazonaws.services.kinesis.producer.IrrecoverableError: blah
	at com.zendesk.maxwell.producer.KinesisCallbackTest.shouldTerminateWhenNotIgnoreProducerError(KinesisCallbackTest.java:40) [test-classes/:?]
	at jdk.internal.reflect.NativeMethodAccessorImpl.invoke0(Native Method) ~[?:?]
	at jdk.internal.reflect.NativeMethodAccessorImpl.invoke(NativeMethodAccessorImpl.java:77) ~[?:?]
	at jdk.internal.reflect.DelegatingMethodAccessorImpl.invoke(DelegatingMethodAccessorImpl.java:43) ~[?:?]
	at java.lang.reflect.Method.invoke(Method.java:568) ~[?:?]
	at org.junit.runners.model.FrameworkMethod$1.runReflectiveCall(FrameworkMethod.java:59) [junit-4.13.1.jar:4.13.1]
	at org.junit.internal.runners.model.ReflectiveCallable.run(ReflectiveCallable.java:12) [junit-4.13.1.jar:4.13.1]
	at org.junit.runners.model.FrameworkMethod.invokeExplosively(FrameworkMethod.java:56) [junit-4.13.1.jar:4.13.1]
	at org.junit.internal.runners.statements.InvokeMethod.evaluate(InvokeMethod.java:17) [junit-4.13.1.jar:4.13.1]
	at org.junit.runners.ParentRunner$3.evaluate(ParentRunner.java:306) [junit-4.13.1.jar:4.13.1]
	at org.junit.runners.BlockJUnit4ClassRunner$1.evaluate(BlockJUnit4ClassRunner.java:100) [junit-4.13.1.jar:4.13.1]
	at org.junit.runners.ParentRunner.runLeaf(ParentRunner.java:366) [junit-4.13.1.jar:4.13.1]
	at org.junit.runners.BlockJUnit4ClassRunner.runChild(BlockJUnit4ClassRunner.java:103) [junit-4.13.1.jar:4.13.1]
	at org.junit.runners.BlockJUnit4ClassRunner.runChild(BlockJUnit4ClassRunner.java:63) [junit-4.13.1.jar:4.13.1]
	at org.junit.runners.ParentRunner$4.run(ParentRunner.java:331) [junit-4.13.1.jar:4.13.1]
	at org.junit.runners.ParentRunner$1.schedule(ParentRunner.java:79) [junit-4.13.1.jar:4.13.1]
	at org.junit.runners.ParentRunner.runChildren(ParentRunner.java:329) [junit-4.13.1.jar:4.13.1]
	at org.junit.runners.ParentRunner.access$100(ParentRunner.java:66) [junit-4.13.1.jar:4.13.1]
	at org.junit.runners.ParentRunner$2.evaluate(ParentRunner.java:293) [junit-4.13.1.jar:4.13.1]
	at org.junit.runners.ParentRunner$3.evaluate(ParentRunner.java:306) [junit-4.13.1.jar:4.13.1]
	at org.junit.runners.ParentRunner.run(ParentRunner.java:413) [junit-4.13.1.jar:4.13.1]
	at org.apache.maven.surefire.junit4.JUnit4Provider.execute(JUnit4Provider.java:252) [surefire-junit4-2.12.4.jar:2.12.4]
	at org.apache.maven.surefire.junit4.JUnit4Provider.executeTestSet(JUnit4Provider.java:141) [surefire-junit4-2.12.4.jar:2.12.4]
	at org.apache.maven.surefire.junit4.JUnit4Provider.invoke(JUnit4Provider.java:112) [surefire-junit4-2.12.4.jar:2.12.4]
	at jdk.internal.reflect.NativeMethodAccessorImpl.invoke0(Native Method) ~[?:?]
	at jdk.internal.reflect.NativeMethodAccessorImpl.invoke(NativeMethodAccessorImpl.java:77) ~[?:?]
	at jdk.internal.reflect.DelegatingMethodAccessorImpl.invoke(DelegatingMethodAccessorImpl.java:43) ~[?:?]
	at java.lang.reflect.Method.invoke(Method.java:568) ~[?:?]
	at org.apache.maven.surefire.util.ReflectionUtils.invokeMethodWithArray(ReflectionUtils.java:189) [surefire-api-2.12.4.jar:2.12.4]
	at org.apache.maven.surefire.booter.ProviderFactory$ProviderProxy.invoke(ProviderFactory.java:165) [surefire-booter-2.12.4.jar:2.12.4]
	at org.apache.maven.surefire.booter.ProviderFactory.invokeProvider(ProviderFactory.java:85) [surefire-booter-2.12.4.jar:2.12.4]
	at org.apache.maven.surefire.booter.ForkedBooter.runSuitesInProcess(ForkedBooter.java:115) [surefire-booter-2.12.4.jar:2.12.4]
	at org.apache.maven.surefire.booter.ForkedBooter.main(ForkedBooter.java:75) [surefire-booter-2.12.4.jar:2.12.4]
[1] 23:43:26,577 ERROR KinesisCallback - IrrecoverableError @ Position[BinlogPosition[binlog-1:1], lastHeartbeat=0] -- key
[1] 23:43:26,578 ERROR KinesisCallback - blah
[1] 23:43:26,578 ERROR KinesisCallback - Exception during put
com.amazonaws.services.kinesis.producer.IrrecoverableError: blah
	at com.zendesk.maxwell.producer.KinesisCallbackTest.shouldIgnoreProducerErrorByDefault(KinesisCallbackTest.java:25) [test-classes/:?]
	at jdk.internal.reflect.NativeMethodAccessorImpl.invoke0(Native Method) ~[?:?]
	at jdk.internal.reflect.NativeMethodAccessorImpl.invoke(NativeMethodAccessorImpl.java:77) ~[?:?]
	at jdk.internal.reflect.DelegatingMethodAccessorImpl.invoke(DelegatingMethodAccessorImpl.java:43) ~[?:?]
	at java.lang.reflect.Method.invoke(Method.java:568) ~[?:?]
	at org.junit.runners.model.FrameworkMethod$1.runReflectiveCall(FrameworkMethod.java:59) [junit-4.13.1.jar:4.13.1]
	at org.junit.internal.runners.model.ReflectiveCallable.run(ReflectiveCallable.java:12) [junit-4.13.1.jar:4.13.1]
	at org.junit.runners.model.FrameworkMethod.invokeExplosively(FrameworkMethod.java:56) [junit-4.13.1.jar:4.13.1]
	at org.junit.internal.runners.statements.InvokeMethod.evaluate(InvokeMethod.java:17) [junit-4.13.1.jar:4.13.1]
	at org.junit.runners.ParentRunner$3.evaluate(ParentRunner.java:306) [junit-4.13.1.jar:4.13.1]
	at org.junit.runners.BlockJUnit4ClassRunner$1.evaluate(BlockJUnit4ClassRunner.java:100) [junit-4.13.1.jar:4.13.1]
	at org.junit.runners.ParentRunner.runLeaf(ParentRunner.java:366) [junit-4.13.1.jar:4.13.1]
	at org.junit.runners.BlockJUnit4ClassRunner.runChild(BlockJUnit4ClassRunner.java:103) [junit-4.13.1.jar:4.13.1]
	at org.junit.runners.BlockJUnit4ClassRunner.runChild(BlockJUnit4ClassRunner.java:63) [junit-4.13.1.jar:4.13.1]
	at org.junit.runners.ParentRunner$4.run(ParentRunner.java:331) [junit-4.13.1.jar:4.13.1]
	at org.junit.runners.ParentRunner$1.schedule(ParentRunner.java:79) [junit-4.13.1.jar:4.13.1]
	at org.junit.runners.ParentRunner.runChildren(ParentRunner.java:329) [junit-4.13.1.jar:4.13.1]
	at org.junit.runners.ParentRunner.access$100(ParentRunner.java:66) [junit-4.13.1.jar:4.13.1]
	at org.junit.runners.ParentRunner$2.evaluate(ParentRunner.java:293) [junit-4.13.1.jar:4.13.1]
	at org.junit.runners.ParentRunner$3.evaluate(ParentRunner.java:306) [junit-4.13.1.jar:4.13.1]
	at org.junit.runners.ParentRunner.run(ParentRunner.java:413) [junit-4.13.1.jar:4.13.1]
	at org.apache.maven.surefire.junit4.JUnit4Provider.execute(JUnit4Provider.java:252) [surefire-junit4-2.12.4.jar:2.12.4]
	at org.apache.maven.surefire.junit4.JUnit4Provider.executeTestSet(JUnit4Provider.java:141) [surefire-junit4-2.12.4.jar:2.12.4]
	at org.apache.maven.surefire.junit4.JUnit4Provider.invoke(JUnit4Provider.java:112) [surefire-junit4-2.12.4.jar:2.12.4]
	at jdk.internal.reflect.NativeMethodAccessorImpl.invoke0(Native Method) ~[?:?]
	at jdk.internal.reflect.NativeMethodAccessorImpl.invoke(NativeMethodAccessorImpl.java:77) ~[?:?]
	at jdk.internal.reflect.DelegatingMethodAccessorImpl.invoke(DelegatingMethodAccessorImpl.java:43) ~[?:?]
	at java.lang.reflect.Method.invoke(Method.java:568) ~[?:?]
	at org.apache.maven.surefire.util.ReflectionUtils.invokeMethodWithArray(ReflectionUtils.java:189) [surefire-api-2.12.4.jar:2.12.4]
	at org.apache.maven.surefire.booter.ProviderFactory$ProviderProxy.invoke(ProviderFactory.java:165) [surefire-booter-2.12.4.jar:2.12.4]
	at org.apache.maven.surefire.booter.ProviderFactory.invokeProvider(ProviderFactory.java:85) [surefire-booter-2.12.4.jar:2.12.4]
	at org.apache.maven.surefire.booter.ForkedBooter.runSuitesInProcess(ForkedBooter.java:115) [surefire-booter-2.12.4.jar:2.12.4]
	at org.apache.maven.surefire.booter.ForkedBooter.main(ForkedBooter.java:75) [surefire-booter-2.12.4.jar:2.12.4]
[1] 23:43:26,664 INFO  ProducerConfig - ProducerConfig values: 
	acks = 1
	batch.size = 16384
	bootstrap.servers = [localhost:9092]
	buffer.memory = 33554432
	client.dns.lookup = use_all_dns_ips
	client.id = producer-1
	compression.type = none
	connections.max.idle.ms = 540000
	delivery.timeout.ms = 120000
	enable.idempotence = false
	interceptor.classes = []
	internal.auto.downgrade.txn.commit = false
	key.serializer = class org.apache.kafka.common.serialization.StringSerializer
	linger.ms = 0
	max.block.ms = 60000
	max.in.flight.requests.per.connection = 5
	max.request.size = 1048576
	metadata.max.age.ms = 300000
	metadata.max.idle.ms = 300000
	metric.reporters = []
	metrics.num.samples = 2
	metrics.recording.level = INFO
	metrics.sample.window.ms = 30000
	partitioner.class = class org.apache.kafka.clients.producer.internals.DefaultPartitioner
	receive.buffer.bytes = 32768
	reconnect.backoff.max.ms = 1000
	reconnect.backoff.ms = 50
	request.timeout.ms = 30000
	retries = 2147483647
	retry.backoff.ms = 100
	sasl.client.callback.handler.class = null
	sasl.jaas.config = null
	sasl.kerberos.kinit.cmd = /usr/bin/kinit
	sasl.kerberos.min.time.before.relogin = 60000
	sasl.kerberos.service.name = null
	sasl.kerberos.ticket.renew.jitter = 0.05
	sasl.kerberos.ticket.renew.window.factor = 0.8
	sasl.login.callback.handler.class = null
	sasl.login.class = null
	sasl.login.refresh.buffer.seconds = 300
	sasl.login.refresh.min.period.seconds = 60
	sasl.login.refresh.window.factor = 0.8
	sasl.login.refresh.window.jitter = 0.05
	sasl.mechanism = GSSAPI
	security.protocol = PLAINTEXT
	security.providers = null
	send.buffer.bytes = 131072
	socket.connection.setup.timeout.max.ms = 127000
	socket.connection.setup.timeout.ms = 10000
	ssl.cipher.suites = null
	ssl.enabled.protocols = [TLSv1.2, TLSv1.3]
	ssl.endpoint.identification.algorithm = https
	ssl.engine.factory.class = null
	ssl.key.password = null
	ssl.keymanager.algorithm = SunX509
	ssl.keystore.certificate.chain = null
	ssl.keystore.key = null
	ssl.keystore.location = null
	ssl.keystore.password = null
	ssl.keystore.type = JKS
	ssl.protocol = TLSv1.3
	ssl.provider = null
	ssl.secure.random.implementation = null
	ssl.trustmanager.algorithm = PKIX
	ssl.truststore.certificates = null
	ssl.truststore.location = null
	ssl.truststore.password = null
	ssl.truststore.type = JKS
	transaction.timeout.ms = 60000
	transactional.id = null
	value.serializer = class org.apache.kafka.common.serialization.StringSerializer

[18] 23:43:26,817 DEBUG Sender - [Producer clientId=producer-1] Starting Kafka producer I/O thread.
[1] 23:43:26,820 INFO  AppInfoParser - Kafka version: 2.7.0
[1] 23:43:26,820 INFO  AppInfoParser - Kafka commitId: 448719dc99a19793
[1] 23:43:26,820 INFO  AppInfoParser - Kafka startTimeMs: 1662824606817
[18] 23:43:26,820 DEBUG NetworkClient - [Producer clientId=producer-1] Initialize connection to node localhost:9092 (id: -1 rack: null) for sending metadata request
[1] 23:43:26,822 DEBUG KafkaProducer - [Producer clientId=producer-1] Kafka producer started
[18] 23:43:26,824 DEBUG NetworkClient - [Producer clientId=producer-1] Initiating connection to node localhost:9092 (id: -1 rack: null) using address localhost/127.0.0.1
[1] 23:43:26,841 INFO  KafkaProducer - [Producer clientId=producer-1] Closing the Kafka producer with timeoutMillis = 9223372036854775807 ms.
[18] 23:43:26,842 DEBUG Selector - [Producer clientId=producer-1] Connection with localhost/127.0.0.1 disconnected
java.net.ConnectException: Connection refused: no further information
	at sun.nio.ch.Net.pollConnect(Native Method) ~[?:?]
	at sun.nio.ch.Net.pollConnectNow(Net.java:672) ~[?:?]
	at sun.nio.ch.SocketChannelImpl.finishConnect(SocketChannelImpl.java:946) ~[?:?]
	at org.apache.kafka.common.network.PlaintextTransportLayer.finishConnect(PlaintextTransportLayer.java:50) ~[kafka-clients-2.7.0.jar:?]
	at org.apache.kafka.common.network.KafkaChannel.finishConnect(KafkaChannel.java:219) ~[kafka-clients-2.7.0.jar:?]
	at org.apache.kafka.common.network.Selector.pollSelectionKeys(Selector.java:526) [kafka-clients-2.7.0.jar:?]
	at org.apache.kafka.common.network.Selector.poll(Selector.java:481) [kafka-clients-2.7.0.jar:?]
	at org.apache.kafka.clients.NetworkClient.poll(NetworkClient.java:561) [kafka-clients-2.7.0.jar:?]
	at org.apache.kafka.clients.producer.internals.Sender.runOnce(Sender.java:325) [kafka-clients-2.7.0.jar:?]
	at org.apache.kafka.clients.producer.internals.Sender.run(Sender.java:240) [kafka-clients-2.7.0.jar:?]
	at java.lang.Thread.run(Thread.java:833) [?:?]
[18] 23:43:26,844 DEBUG NetworkClient - [Producer clientId=producer-1] Node -1 disconnected.
[18] 23:43:26,845 WARN  NetworkClient - [Producer clientId=producer-1] Connection to node -1 (localhost/127.0.0.1:9092) could not be established. Broker may not be available.
[18] 23:43:26,845 WARN  NetworkClient - [Producer clientId=producer-1] Bootstrap broker localhost:9092 (id: -1 rack: null) disconnected
[18] 23:43:26,846 DEBUG Sender - [Producer clientId=producer-1] Beginning shutdown of Kafka producer I/O thread, sending remaining records.
[18] 23:43:26,850 DEBUG Sender - [Producer clientId=producer-1] Shutdown of Kafka producer I/O thread has completed.
[1] 23:43:26,850 INFO  Metrics - Metrics scheduler closed
[1] 23:43:26,850 INFO  Metrics - Closing reporter org.apache.kafka.common.metrics.JmxReporter
[1] 23:43:26,850 INFO  Metrics - Metrics reporters closed
[1] 23:43:26,851 INFO  AppInfoParser - App info kafka.producer for producer-1 unregistered
[1] 23:43:26,851 DEBUG KafkaProducer - [Producer clientId=producer-1] Kafka producer has been closed
[1] 23:43:26,960 INFO  KinesisProducer - Extracting binaries to C:\Users\xcvs\AppData\Local\Temp\amazon-kinesis-producer-native-binaries
[1] 23:43:26,963 DEBUG HashedFileCopier - Extracting file with format kinesis_producer_%s.exe
[1] 23:43:26,967 WARN  HashedFileCopier - Unable to delete temp file: C:\Users\xcvs\AppData\Local\Temp\amazon-kinesis-producer-native-binaries\kpl13820528825573655766.tmp
[1] 23:43:27,122 ERROR PubsubCallback - Throwable @ Position[BinlogPosition[binlog-1:1], lastHeartbeat=0]
[1] 23:43:27,123 ERROR PubsubCallback - blah
[1] 23:43:27,126 ERROR PubsubCallback - Throwable @ Position[BinlogPosition[binlog-1:1], lastHeartbeat=0]
[1] 23:43:27,126 ERROR PubsubCallback - blah
[1] 23:43:27,131 INFO  TestHarness - ========== BEGIN: testRecoveryIntegration
[1] 23:43:27,132 INFO  MysqlIsolatedServer - booting onetimeserver: C:\Users\xcvs\IdeaProjects\maxwell/src/test/onetimeserver --mysql-version=5.6 --log-slave-updates --log-bin=master --binlog_format=row --innodb_flush_log_at_trx_commit=0 --server_id=4321 --character-set-server=utf8 --sync_binlog=0 --default-time-zone=+00:00   
[1] 23:43:27,132 INFO  TestHarness - ========== END: testRecoveryIntegration
[1] 23:43:27,134 INFO  TestHarness - ========== BEGIN: testBasicRecovery
[1] 23:43:27,134 INFO  MysqlIsolatedServer - booting onetimeserver: C:\Users\xcvs\IdeaProjects\maxwell/src/test/onetimeserver --mysql-version=5.6 --log-slave-updates --log-bin=master --binlog_format=row --innodb_flush_log_at_trx_commit=0 --server_id=4321 --character-set-server=utf8 --sync_binlog=0 --default-time-zone=+00:00   
[1] 23:43:27,135 INFO  TestHarness - ========== END: testBasicRecovery
[1] 23:43:27,136 INFO  TestHarness - ========== BEGIN: testSchemaIdRestore
[1] 23:43:27,136 INFO  MysqlIsolatedServer - booting onetimeserver: C:\Users\xcvs\IdeaProjects\maxwell/src/test/onetimeserver --mysql-version=5.6 --log-slave-updates --log-bin=master --binlog_format=row --innodb_flush_log_at_trx_commit=0 --server_id=4321 --character-set-server=utf8 --sync_binlog=0 --default-time-zone=+00:00   
[1] 23:43:27,137 INFO  TestHarness - ========== END: testSchemaIdRestore
[1] 23:43:27,143 INFO  TestHarness - ========== BEGIN: testRecoveryIntegrationWithLaggedMaxwell
[1] 23:43:27,143 INFO  MysqlIsolatedServer - booting onetimeserver: C:\Users\xcvs\IdeaProjects\maxwell/src/test/onetimeserver --mysql-version=5.6 --log-slave-updates --log-bin=master --binlog_format=row --innodb_flush_log_at_trx_commit=0 --server_id=4321 --character-set-server=utf8 --sync_binlog=0 --default-time-zone=+00:00   
[1] 23:43:27,144 INFO  TestHarness - ========== END: testRecoveryIntegrationWithLaggedMaxwell
[1] 23:43:27,145 INFO  TestHarness - ========== BEGIN: testFailOver
[1] 23:43:27,145 INFO  MysqlIsolatedServer - booting onetimeserver: C:\Users\xcvs\IdeaProjects\maxwell/src/test/onetimeserver --mysql-version=5.6 --log-slave-updates --log-bin=master --binlog_format=row --innodb_flush_log_at_trx_commit=0 --server_id=4321 --character-set-server=utf8 --sync_binlog=0 --default-time-zone=+00:00   
[1] 23:43:27,146 INFO  TestHarness - ========== END: testFailOver
[1] 23:43:27,147 INFO  TestHarness - ========== BEGIN: testOtherClientID
[1] 23:43:27,147 INFO  MysqlIsolatedServer - booting onetimeserver: C:\Users\xcvs\IdeaProjects\maxwell/src/test/onetimeserver --mysql-version=5.6 --log-slave-updates --log-bin=master --binlog_format=row --innodb_flush_log_at_trx_commit=0 --server_id=4321 --character-set-server=utf8 --sync_binlog=0 --default-time-zone=+00:00   
[1] 23:43:27,148 INFO  TestHarness - ========== END: testOtherClientID
[1] 23:43:27,150 INFO  TestHarness - ========== BEGIN: testSetNullSchemaIdInProcessQueryEvent
[1] 23:43:27,152 INFO  MysqlIsolatedServer - booting onetimeserver: C:\Users\xcvs\IdeaProjects\maxwell/src/test/onetimeserver --mysql-version=5.6 --log-slave-updates --log-bin=master --binlog_format=row --innodb_flush_log_at_trx_commit=0 --server_id=4321 --character-set-server=utf8 --sync_binlog=0 --default-time-zone=+00:00   --gtid_mode=ON --enforce-gtid-consistency=true
[1] 23:43:27,153 INFO  TestHarness - ========== END: testSetNullSchemaIdInProcessQueryEvent
[1] 23:43:27,154 INFO  TestHarness - ========== BEGIN: testClientReconnectionAfterConnectionDropped
[1] 23:43:27,154 INFO  MysqlIsolatedServer - booting onetimeserver: C:\Users\xcvs\IdeaProjects\maxwell/src/test/onetimeserver --mysql-version=5.6 --log-slave-updates --log-bin=master --binlog_format=row --innodb_flush_log_at_trx_commit=0 --server_id=4321 --character-set-server=utf8 --sync_binlog=0 --default-time-zone=+00:00   --gtid_mode=ON --enforce-gtid-consistency=true
[1] 23:43:27,155 INFO  TestHarness - ========== END: testClientReconnectionAfterConnectionDropped
[1] 23:43:27,156 INFO  TestHarness - ========== BEGIN: testGTIDReconnects
[1] 23:43:27,157 INFO  MysqlIsolatedServer - booting onetimeserver: C:\Users\xcvs\IdeaProjects\maxwell/src/test/onetimeserver --mysql-version=5.6 --log-slave-updates --log-bin=master --binlog_format=row --innodb_flush_log_at_trx_commit=0 --server_id=4321 --character-set-server=utf8 --sync_binlog=0 --default-time-zone=+00:00   --gtid_mode=ON --enforce-gtid-consistency=true
[1] 23:43:27,157 INFO  TestHarness - ========== END: testGTIDReconnects
[1] 23:43:27,158 INFO  TestHarness - ========== BEGIN: testMaximumReconnectionAttemptsReached
[1] 23:43:27,158 INFO  MysqlIsolatedServer - booting onetimeserver: C:\Users\xcvs\IdeaProjects\maxwell/src/test/onetimeserver --mysql-version=5.6 --log-slave-updates --log-bin=master --binlog_format=row --innodb_flush_log_at_trx_commit=0 --server_id=4321 --character-set-server=utf8 --sync_binlog=0 --default-time-zone=+00:00   --gtid_mode=ON --enforce-gtid-consistency=true
[1] 23:43:27,159 INFO  TestHarness - ========== END: testMaximumReconnectionAttemptsReached
[1] 23:43:27,167 INFO  TestHarness - ========== BEGIN: testVersionComparison
[1] 23:43:27,167 INFO  TestHarness - ========== END: testVersionComparison
[1] 23:43:27,169 INFO  MysqlIsolatedServer - booting onetimeserver: C:\Users\xcvs\IdeaProjects\maxwell/src/test/onetimeserver --mysql-version=5.6 --log-slave-updates --log-bin=master --binlog_format=row --innodb_flush_log_at_trx_commit=0 --server_id=4321 --character-set-server=utf8 --sync_binlog=0 --default-time-zone=+00:00   
[1] 23:43:27,201 INFO  TestHarness - ========== BEGIN: TestOverflowToDiskWithJson
[1] 23:43:27,207 INFO  ListWithDiskBuffer - Overflowed in-memory buffer, spilling over into C:\Users\xcvs\AppData\Local\Temp\maxwell12448214541759884404events
[1] 23:43:27,227 INFO  TestHarness - ========== END: TestOverflowToDiskWithJson
[1] 23:43:27,227 INFO  TestHarness - ========== BEGIN: TestXOffsetIncrement
[1] 23:43:27,227 INFO  TestHarness - ========== END: TestXOffsetIncrement
[1] 23:43:27,228 INFO  TestHarness - ========== BEGIN: TestOverflowToDisk
[1] 23:43:27,228 INFO  ListWithDiskBuffer - Overflowed in-memory buffer, spilling over into C:\Users\xcvs\AppData\Local\Temp\maxwell2347759362195431929events
[1] 23:43:27,234 INFO  TestHarness - ========== END: TestOverflowToDisk
[1] 23:43:27,316 INFO  TestHarness - ========== BEGIN: TestDateTimeWithMillisecprecision
[1] 23:43:27,354 INFO  TestHarness - ========== END: TestDateTimeWithMillisecprecision
[1] 23:43:27,355 INFO  TestHarness - ========== BEGIN: TestLatin1String
[1] 23:43:27,355 INFO  TestHarness - ========== END: TestLatin1String
[1] 23:43:27,356 INFO  TestHarness - ========== BEGIN: TestTimeWithMicrosecTimestamp
[1] 23:43:27,357 INFO  TestHarness - ========== END: TestTimeWithMicrosecTimestamp
[1] 23:43:27,357 INFO  TestHarness - ========== BEGIN: testTinyInt
[1] 23:43:27,357 INFO  TestHarness - ========== END: testTinyInt
[1] 23:43:27,358 INFO  TestHarness - ========== BEGIN: TestDateTime
[1] 23:43:27,359 INFO  TestHarness - ========== END: TestDateTime
[1] 23:43:27,359 INFO  TestHarness - ========== BEGIN: testMediumInt
[1] 23:43:27,359 INFO  TestHarness - ========== END: testMediumInt
[1] 23:43:27,360 INFO  TestHarness - ========== BEGIN: testInt
[1] 23:43:27,360 INFO  TestHarness - ========== END: testInt
[1] 23:43:27,360 INFO  TestHarness - ========== BEGIN: testUTF8String
[1] 23:43:27,362 INFO  TestHarness - ========== END: testUTF8String
[1] 23:43:27,363 INFO  TestHarness - ========== BEGIN: TestDateTimeWithTimestamp
[1] 23:43:27,363 INFO  TestHarness - ========== END: TestDateTimeWithTimestamp
[1] 23:43:27,363 INFO  TestHarness - ========== BEGIN: TestDateZeroDates
[1] 23:43:27,364 INFO  TestHarness - ========== END: TestDateZeroDates
[1] 23:43:27,364 INFO  TestHarness - ========== BEGIN: TestUTF8MB4String
[1] 23:43:27,364 INFO  TestHarness - ========== END: TestUTF8MB4String
[1] 23:43:27,365 INFO  TestHarness - ========== BEGIN: TestDate
[1] 23:43:27,366 INFO  TestHarness - ========== END: TestDate
[1] 23:43:27,366 INFO  TestHarness - ========== BEGIN: TestJSON
[1] 23:43:27,373 INFO  TestHarness - ========== END: TestJSON
[1] 23:43:27,374 INFO  TestHarness - ========== BEGIN: TestTime
[1] 23:43:27,374 INFO  TestHarness - ========== END: TestTime
[1] 23:43:27,374 INFO  TestHarness - ========== BEGIN: TestDouble
[1] 23:43:27,375 INFO  TestHarness - ========== END: TestDouble
[1] 23:43:27,376 INFO  TestHarness - ========== BEGIN: TestTimeWithMillisecTimestamp
[1] 23:43:27,377 INFO  TestHarness - ========== END: TestTimeWithMillisecTimestamp
[1] 23:43:27,378 INFO  TestHarness - ========== BEGIN: testInterfaceImmutability
[1] 23:43:27,381 INFO  TestHarness - ========== END: testInterfaceImmutability
[1] 23:43:27,381 INFO  TestHarness - ========== BEGIN: TestStringAsJSON
[1] 23:43:27,381 INFO  TestHarness - ========== END: TestStringAsJSON
[1] 23:43:27,381 INFO  TestHarness - ========== BEGIN: testWithName
[1] 23:43:27,382 INFO  TestHarness - ========== END: testWithName
[1] 23:43:27,383 INFO  TestHarness - ========== BEGIN: TestAsciiString
[1] 23:43:27,383 INFO  TestHarness - ========== END: TestAsciiString
[1] 23:43:27,383 INFO  TestHarness - ========== BEGIN: TestEmptyJSON
[1] 23:43:27,383 INFO  TestHarness - ========== END: TestEmptyJSON
[1] 23:43:27,384 INFO  TestHarness - ========== BEGIN: TestTimestampWithMicroSecPrecision
[1] 23:43:27,384 INFO  TestHarness - ========== END: TestTimestampWithMicroSecPrecision
[1] 23:43:27,385 INFO  TestHarness - ========== BEGIN: TestBit
[1] 23:43:27,385 INFO  TestHarness - ========== END: TestBit
[1] 23:43:27,385 INFO  TestHarness - ========== BEGIN: testShortInt
[1] 23:43:27,385 INFO  TestHarness - ========== END: testShortInt
[1] 23:43:27,386 INFO  TestHarness - ========== BEGIN: TestFloat
[1] 23:43:27,386 INFO  TestHarness - ========== END: TestFloat
[1] 23:43:27,386 INFO  TestHarness - ========== BEGIN: testWithPos
[1] 23:43:27,387 INFO  TestHarness - ========== END: testWithPos
[1] 23:43:27,388 INFO  TestHarness - ========== BEGIN: testBigInt
[1] 23:43:27,390 INFO  TestHarness - ========== END: testBigInt
[1] 23:43:27,390 INFO  TestHarness - ========== BEGIN: testEquality
[1] 23:43:27,390 INFO  TestHarness - ========== END: testEquality
[1] 23:43:27,390 INFO  TestHarness - ========== BEGIN: TestDateTimeZeroDates
[1] 23:43:27,390 INFO  TestHarness - ========== END: TestDateTimeZeroDates
[1] 23:43:27,391 INFO  TestHarness - ========== BEGIN: TestTimestampWithMilliSecPrecision
[1] 23:43:27,391 INFO  TestHarness - ========== END: TestTimestampWithMilliSecPrecision
[1] 23:43:27,391 INFO  TestHarness - ========== BEGIN: TestTimestamp
[1] 23:43:27,391 INFO  TestHarness - ========== END: TestTimestamp
[1] 23:43:27,392 INFO  TestHarness - ========== BEGIN: testConstructorDefinitions
[1] 23:43:27,392 INFO  TestHarness - ========== END: testConstructorDefinitions
[1] 23:43:27,392 INFO  TestHarness - ========== BEGIN: TestDateTimeWithMicroPrecision
[1] 23:43:27,393 INFO  TestHarness - ========== END: TestDateTimeWithMicroPrecision
[1] 23:43:27,404 INFO  MysqlIsolatedServer - booting onetimeserver: C:\Users\xcvs\IdeaProjects\maxwell/src/test/onetimeserver --mysql-version=5.6 --log-slave-updates --log-bin=master --binlog_format=row --innodb_flush_log_at_trx_commit=0 --server_id=4321 --character-set-server=utf8 --sync_binlog=0 --default-time-zone=+00:00   
[1] 23:43:27,536 DEBUG SchemaChange - SQL_PARSE <- "ALTER TABLE t1 ORDER BY t1.id, t1.status, t1.type_id, t1.user_id, t1.body"
[1] 23:43:28,213 DEBUG SchemaChange - SQL_PARSE ->   (parse (statement (alter_table (alter_table_preamble ALTER TABLE (table_name (name (id t1)))) (alter_specifications (alter_specification (ignored_alter_specifications ORDER BY (alter_ordering (alter_ordering_column (name (id t1)) . (name (id id)))) , (alter_ordering (alter_ordering_column (name (id t1)) . (name (id status)))) , (alter_ordering (alter_ordering_column (name (id t1)) . (name (id type_id)))) , (alter_ordering (alter_ordering_column (name (id t1)) . (name (id user_id)))) , (alter_ordering (alter_ordering_column (name (id t1)) . (name (id body))))))))) <EOF>)
[1] 23:43:28,215 DEBUG SchemaChange - SQL_PARSE <- "CREATE SCHEMA if not exists `foo`"
[1] 23:43:28,217 DEBUG SchemaChange - SQL_PARSE ->   (parse (statement (create_database CREATE SCHEMA (if_not_exists if not exists) (name (id `foo`)))) <EOF>)
[1] 23:43:28,218 DEBUG SchemaChange - SQL_PARSE <- "CREATE TABLE `foo` ( `id` char(16) BINARY character set 'utf8' )"
[1] 23:43:28,223 DEBUG SchemaChange - SQL_PARSE ->   (parse (statement (create_table (create_table_preamble CREATE TABLE (table_name (name (id `foo`)))) (create_specifications ( (create_specification (column_definition (name (id `id`)) (data_type (string_type char (length ( 16 )) (column_options BINARY) (column_options (charset_def (character_set character set (charset_name (string_literal 'utf8'))))))))) )))) <EOF>)
[1] 23:43:28,224 DEBUG SchemaChange - SQL_PARSE <- "CREATE TABLE `foo` LIKE `bar`.`baz`"
[1] 23:43:28,226 DEBUG SchemaChange - SQL_PARSE ->   (parse (statement (create_table (create_table_preamble CREATE TABLE (table_name (name (id `foo`)))) (create_like_tbl LIKE (table_name (db_name (name (id `bar`))) . (name_all_tokens (id `baz`)))))) <EOF>)
[1] 23:43:28,226 DEBUG SchemaChange - SQL_PARSE <- "alter table bar add column m int(11) unsigned not null, add p varchar(255)"
[1] 23:43:28,231 DEBUG SchemaChange - SQL_PARSE ->   (parse (statement (alter_table (alter_table_preamble alter table (table_name (name (id bar)))) (alter_specifications (alter_specification (add_column add column (column_definition (name (id m)) (data_type (signed_type int (length ( 11 )) (int_flags unsigned) (column_options (nullability not null))))))) , (alter_specification (add_column add (column_definition (name (id p)) (data_type (string_type varchar (length ( 255 )))))))))) <EOF>)
[1] 23:43:28,232 DEBUG SchemaChange - SQL_PARSE <- "CREATE TABLE db (foo char(60) binary DEFAULT '' NOT NULL, PRIMARY KEY Host (foo,Db,User))"
[1] 23:43:28,237 DEBUG SchemaChange - SQL_PARSE ->   (parse (statement (create_table (create_table_preamble CREATE TABLE (table_name (name (id db)))) (create_specifications ( (create_specification (column_definition (name (id foo)) (data_type (string_type char (length ( 60 )) (column_options binary) (column_options (default_value DEFAULT (literal_with_weirdo_multistring (string_literal '')))) (column_options (nullability NOT NULL)))))) , (create_specification (index_definition (index_type_pk PRIMARY KEY (index_name (name (id Host))) (index_column_list ( (index_columns (index_column (name (id foo))) , (index_column (name (id Db))) , (index_column (name (id User)))) ))))) )))) <EOF>)
[1] 23:43:28,237 DEBUG SchemaChange - SQL_PARSE <- "ALTER TABLE `foo`.`bar` ADD column `col1` text AFTER `afterCol`"
[1] 23:43:28,239 DEBUG SchemaChange - SQL_PARSE ->   (parse (statement (alter_table (alter_table_preamble ALTER TABLE (table_name (db_name (name (id `foo`))) . (name_all_tokens (id `bar`)))) (alter_specifications (alter_specification (add_column ADD column (column_definition (name (id `col1`)) (data_type (string_type text))) (col_position AFTER (name (id `afterCol`)))))))) <EOF>)
[1] 23:43:28,239 DEBUG SchemaChange - SQL_PARSE <- "CREATE TABLE /*! IF NOT EXISTS */ foo (id int primary key)"
[1] 23:43:28,240 DEBUG SchemaChange - SQL_PARSE ->   (parse (statement (create_table (create_table_preamble CREATE TABLE (if_not_exists IF NOT EXISTS) (table_name (name (id foo)))) (create_specifications ( (create_specification (column_definition (name (id id)) (data_type (signed_type int (column_options (primary_key primary key)))))) )))) <EOF>)
[1] 23:43:28,240 DEBUG SchemaChange - SQL_PARSE <- "ALTER TABLE `foo` ADD col1 text"
[1] 23:43:28,241 DEBUG SchemaChange - SQL_PARSE ->   (parse (statement (alter_table (alter_table_preamble ALTER TABLE (table_name (name (id `foo`)))) (alter_specifications (alter_specification (add_column ADD (column_definition (name (id col1)) (data_type (string_type text)))))))) <EOF>)
[1] 23:43:28,241 DEBUG SchemaChange - SQL_PARSE <- "ALTER TABLE foolkj `foo` lkjlkj"
[1] 23:43:28,245 ERROR MysqlParserListener - (parse (statement (alter_table (alter_table_preamble ALTER TABLE (table_name (name (id foolkj)))))) `foo` lkjlkj)
[1] 23:43:28,245 ERROR SchemaChange - Error parsing SQL: 'ALTER TABLE foolkj `foo` lkjlkj'
[1] 23:43:28,245 DEBUG SchemaChange - SQL_PARSE <- "CREATE TABLE `foo` ( id int(11) auto_increment not null, `textcol` mediumtext character set 'utf8' not null )"
[1] 23:43:28,247 DEBUG SchemaChange - SQL_PARSE ->   (parse (statement (create_table (create_table_preamble CREATE TABLE (table_name (name (id `foo`)))) (create_specifications ( (create_specification (column_definition (name (id id)) (data_type (signed_type int (length ( 11 )) (column_options auto_increment) (column_options (nullability not null)))))) , (create_specification (column_definition (name (id `textcol`)) (data_type (string_type mediumtext (column_options (charset_def (character_set character set (charset_name (string_literal 'utf8'))))) (column_options (nullability not null)))))) )))) <EOF>)
[1] 23:43:28,247 DEBUG SchemaChange - SQL_PARSE <- "alter table bar add column m TEXT character set utf8 default null auto_increment unique key primary key comment 'bar' column_format fixed storage disk"
[1] 23:43:28,252 DEBUG SchemaChange - SQL_PARSE ->   (parse (statement (alter_table (alter_table_preamble alter table (table_name (name (id bar)))) (alter_specifications (alter_specification (add_column add column (column_definition (name (id m)) (data_type (string_type TEXT (column_options (charset_def (character_set character set (charset_name utf8)))) (column_options (default_value default (literal_with_weirdo_multistring null))) (column_options auto_increment) (column_options unique key) (column_options (primary_key primary key)) (column_options comment (string_literal 'bar')) (column_options column_format fixed) (column_options storage disk))))))))) <EOF>)
[1] 23:43:28,252 DEBUG SchemaChange - SQL_PARSE <- "alter table foo add column `location` point NOT NULL SRID 4326"
[1] 23:43:28,254 DEBUG SchemaChange - SQL_PARSE ->   (parse (statement (alter_table (alter_table_preamble alter table (table_name (name (id foo)))) (alter_specifications (alter_specification (add_column add column (column_definition (name (id `location`)) (data_type (generic_type point (column_options (nullability NOT NULL)) (column_options SRID 4326))))))))) <EOF>)
[1] 23:43:28,254 DEBUG SchemaChange - SQL_PARSE <- "alter table no.no add column mocha TEXT character set 'utf8' collate 'utf8_foo'"
[1] 23:43:28,256 DEBUG SchemaChange - SQL_PARSE ->   (parse (statement (alter_table (alter_table_preamble alter table (table_name (db_name (name (tokens_available_for_names no))) . (name_all_tokens (all_tokens no)))) (alter_specifications (alter_specification (add_column add column (column_definition (name (id mocha)) (data_type (string_type TEXT (column_options (charset_def (character_set character set (charset_name (string_literal 'utf8'))))) (column_options (collation collate (string_literal 'utf8_foo'))))))))))) <EOF>)
[1] 23:43:28,257 DEBUG SchemaChange - SQL_PARSE <- "CREATE TABLE test.chk (  group_name DECIMAL(8) NOT NULL)  "
[1] 23:43:28,258 DEBUG SchemaChange - SQL_PARSE ->   (parse (statement (create_table (create_table_preamble CREATE TABLE (table_name (db_name (name (id test))) . (name_all_tokens (id chk)))) (create_specifications ( (create_specification (column_definition (name (id group_name)) (data_type (signed_type DECIMAL (decimal_length ( 8 )) (column_options (nullability NOT NULL)))))) )))) <EOF>)
[1] 23:43:28,258 DEBUG SchemaChange - SQL_PARSE <- "CREATE TABLE employees (   data JSON,   INDEX ((CAST(data->>'$.name' AS CHAR(30)))) )"
[1] 23:43:28,267 DEBUG SchemaChange - rewrote SQL to CREATE TABLE employees (   data JSON,   INDEX ((CAST/__MAXWELL__/)) )
[1] 23:43:28,267 DEBUG SchemaChange - SQL_PARSE <- "CREATE TABLE employees (   data JSON,   INDEX ((CAST/__MAXWELL__/)) )"
[1] 23:43:28,268 DEBUG SchemaChange - SQL_PARSE ->   (parse (statement (create_table (create_table_preamble CREATE TABLE (table_name (name (id employees)))) (create_specifications ( (create_specification (column_definition (name (tokens_available_for_names data)) (data_type (generic_type JSON)))) , (create_specification (index_definition (index_type_1 (index_or_key INDEX) (index_column_list ( (index_columns (index_column ( CAST (skip_parens /__MAXWELL__/) ))) ))))) )))) <EOF>)
[1] 23:43:28,268 DEBUG SchemaChange - SQL_PARSE <- "ALTER TABLE uat_sync_test.p add COLUMN uat_sync_test.p.remark VARCHAR(100) after pname"
[1] 23:43:28,269 DEBUG SchemaChange - SQL_PARSE ->   (parse (statement (alter_table (alter_table_preamble ALTER TABLE (table_name (db_name (name (id uat_sync_test))) . (name_all_tokens (id p)))) (alter_specifications (alter_specification (add_column add COLUMN (column_definition (name (id uat_sync_test)) . (name (id p)) . (name (id remark)) (data_type (string_type VARCHAR (length ( 100 ))))) (col_position after (name (id pname)))))))) <EOF>)
[1] 23:43:28,270 DEBUG SchemaChange - SQL_PARSE <- "alter table t add column c varchar(255) default 'string1' 'string2'"
[1] 23:43:28,270 DEBUG SchemaChange - SQL_PARSE ->   (parse (statement (alter_table (alter_table_preamble alter table (table_name (name (id t)))) (alter_specifications (alter_specification (add_column add column (column_definition (name (id c)) (data_type (string_type varchar (length ( 255 )) (column_options (default_value default (literal_with_weirdo_multistring (string_literal 'string1') (string_literal 'string2')))))))))))) <EOF>)
[1] 23:43:28,271 DEBUG SchemaChange - SQL_PARSE <- "alter table t add column mortgage_item BIT(4) NOT NULL DEFAULT 0b0000"
[1] 23:43:28,271 DEBUG SchemaChange - SQL_PARSE ->   (parse (statement (alter_table (alter_table_preamble alter table (table_name (name (id t)))) (alter_specifications (alter_specification (add_column add column (column_definition (name (id mortgage_item)) (data_type (generic_type BIT (length ( 4 )) (column_options (nullability NOT NULL)) (column_options (default_value DEFAULT (literal_with_weirdo_multistring (byte_literal 0b0000)))))))))))) <EOF>)
[1] 23:43:28,272 DEBUG SchemaChange - SQL_PARSE <- "alter table t add column mortgage_item BIT(4) NOT NULL DEFAULT 'b'01010"
[1] 23:43:28,272 DEBUG SchemaChange - SQL_PARSE ->   (parse (statement (alter_table (alter_table_preamble alter table (table_name (name (id t)))) (alter_specifications (alter_specification (add_column add column (column_definition (name (id mortgage_item)) (data_type (generic_type BIT (length ( 4 )) (column_options (nullability NOT NULL)) (column_options (default_value DEFAULT (literal_with_weirdo_multistring (byte_literal 'b' 01010)))))))))))) <EOF>)
[1] 23:43:28,272 DEBUG SchemaChange - SQL_PARSE <- "alter table t add column mortgage_item BIT(4) NOT NULL DEFAULT 'B'01010"
[1] 23:43:28,273 DEBUG SchemaChange - SQL_PARSE ->   (parse (statement (alter_table (alter_table_preamble alter table (table_name (name (id t)))) (alter_specifications (alter_specification (add_column add column (column_definition (name (id mortgage_item)) (data_type (generic_type BIT (length ( 4 )) (column_options (nullability NOT NULL)) (column_options (default_value DEFAULT (literal_with_weirdo_multistring (byte_literal 'B' 01010)))))))))))) <EOF>)
[1] 23:43:28,273 DEBUG SchemaChange - SQL_PARSE <- "alter database d DEFAULT CHARACTER SET = 'utf8'"
[1] 23:43:28,280 DEBUG SchemaChange - SQL_PARSE ->   (parse (statement (alter_database alter database (name (id d)) (alter_database_definition (default_character_set DEFAULT (charset_token CHARACTER SET) = (charset_name (string_literal 'utf8')))))) <EOF>)
[1] 23:43:28,280 DEBUG SchemaChange - SQL_PARSE <- "alter database d UPGRADE DATA DIRECTORY NAME"
[1] 23:43:28,281 DEBUG SchemaChange - SQL_PARSE ->   (parse (statement (alter_database alter database (name (id d)) (alter_database_definition UPGRADE DATA DIRECTORY NAME))) <EOF>)
[1] 23:43:28,281 DEBUG SchemaChange - SQL_PARSE <- "alter schema d COLLATE foo"
[1] 23:43:28,282 DEBUG SchemaChange - SQL_PARSE ->   (parse (statement (alter_database alter schema (name (id d)) (alter_database_definition (default_collation (collation COLLATE foo))))) <EOF>)
[1] 23:43:28,282 DEBUG SchemaChange - SQL_PARSE <- "alter table t add index `foo` using btree (`a`, `cd`) key_block_size=123"
[1] 23:43:28,283 DEBUG SchemaChange - SQL_PARSE ->   (parse (statement (alter_table (alter_table_preamble alter table (table_name (name (id t)))) (alter_specifications (alter_specification (ignored_alter_specifications add (index_definition (index_type_1 (index_or_key index) (index_name (name (id `foo`))) (index_type using btree) (index_column_list ( (index_columns (index_column (name (id `a`))) , (index_column (name (id `cd`)))) )) (index_options key_block_size = 123)))))))) <EOF>)
[1] 23:43:28,283 DEBUG SchemaChange - SQL_PARSE <- "alter table t add index `foo` using btree (`a`, `cd`) invisible key_block_size=123"
[1] 23:43:28,284 DEBUG SchemaChange - SQL_PARSE ->   (parse (statement (alter_table (alter_table_preamble alter table (table_name (name (id t)))) (alter_specifications (alter_specification (ignored_alter_specifications add (index_definition (index_type_1 (index_or_key index) (index_name (name (id `foo`))) (index_type using btree) (index_column_list ( (index_columns (index_column (name (id `a`))) , (index_column (name (id `cd`)))) )) (index_options invisible) (index_options key_block_size = 123)))))))) <EOF>)
[1] 23:43:28,284 DEBUG SchemaChange - SQL_PARSE <- "alter table t add index `foo` using btree (`a`, `cd`) comment 'hello' key_block_size=12"
[1] 23:43:28,284 DEBUG SchemaChange - SQL_PARSE ->   (parse (statement (alter_table (alter_table_preamble alter table (table_name (name (id t)))) (alter_specifications (alter_specification (ignored_alter_specifications add (index_definition (index_type_1 (index_or_key index) (index_name (name (id `foo`))) (index_type using btree) (index_column_list ( (index_columns (index_column (name (id `a`))) , (index_column (name (id `cd`)))) )) (index_options comment (string_literal 'hello')) (index_options key_block_size = 12)))))))) <EOF>)
[1] 23:43:28,285 DEBUG SchemaChange - SQL_PARSE <- "alter table t add key bar (d)"
[1] 23:43:28,285 DEBUG SchemaChange - SQL_PARSE ->   (parse (statement (alter_table (alter_table_preamble alter table (table_name (name (id t)))) (alter_specifications (alter_specification (ignored_alter_specifications add (index_definition (index_type_1 (index_or_key key) (index_name (name (id bar))) (index_column_list ( (index_columns (index_column (name (id d)))) ))))))))) <EOF>)
[1] 23:43:28,285 DEBUG SchemaChange - SQL_PARSE <- "alter table t add constraint `foo` primary key using btree (id)"
[1] 23:43:28,286 DEBUG SchemaChange - SQL_PARSE ->   (parse (statement (alter_table (alter_table_preamble alter table (table_name (name (id t)))) (alter_specifications (alter_specification (ignored_alter_specifications add (index_definition (index_type_pk (index_constraint constraint (constraint_name (name (id `foo`)))) primary key (index_type using btree) (index_column_list ( (index_columns (index_column (name (id id)))) ))))))))) <EOF>)
[1] 23:43:28,287 DEBUG SchemaChange - SQL_PARSE <- "alter table t add primary key (`id`)"
[1] 23:43:28,287 DEBUG SchemaChange - SQL_PARSE ->   (parse (statement (alter_table (alter_table_preamble alter table (table_name (name (id t)))) (alter_specifications (alter_specification (ignored_alter_specifications add (index_definition (index_type_pk primary key (index_column_list ( (index_columns (index_column (name (id `id`)))) ))))))))) <EOF>)
[1] 23:43:28,287 DEBUG SchemaChange - SQL_PARSE <- "alter table t add constraint unique key (`id`)"
[1] 23:43:28,288 DEBUG SchemaChange - SQL_PARSE ->   (parse (statement (alter_table (alter_table_preamble alter table (table_name (name (id t)))) (alter_specifications (alter_specification (ignored_alter_specifications add (index_definition (index_type_3 (index_constraint constraint) unique (index_or_key key) (index_column_list ( (index_columns (index_column (name (id `id`)))) ))))))))) <EOF>)
[1] 23:43:28,288 DEBUG SchemaChange - SQL_PARSE <- "alter table t add fulltext key (`id`)"
[1] 23:43:28,288 DEBUG SchemaChange - SQL_PARSE ->   (parse (statement (alter_table (alter_table_preamble alter table (table_name (name (id t)))) (alter_specifications (alter_specification (ignored_alter_specifications add (index_definition (index_type_4 fulltext (index_or_key key) (index_column_list ( (index_columns (index_column (name (id `id`)))) ))))))))) <EOF>)
[1] 23:43:28,289 DEBUG SchemaChange - SQL_PARSE <- "alter table t add index foo (a desc)"
[1] 23:43:28,290 DEBUG SchemaChange - SQL_PARSE ->   (parse (statement (alter_table (alter_table_preamble alter table (table_name (name (id t)))) (alter_specifications (alter_specification (ignored_alter_specifications add (index_definition (index_type_1 (index_or_key index) (index_name (name (id foo))) (index_column_list ( (index_columns (index_column (name (id a)) (index_column_asc_or_desc desc))) ))))))))) <EOF>)
[1] 23:43:28,290 DEBUG SchemaChange - SQL_PARSE <- "alter table t add index foo (a asc)"
[1] 23:43:28,290 DEBUG SchemaChange - SQL_PARSE ->   (parse (statement (alter_table (alter_table_preamble alter table (table_name (name (id t)))) (alter_specifications (alter_specification (ignored_alter_specifications add (index_definition (index_type_1 (index_or_key index) (index_name (name (id foo))) (index_column_list ( (index_columns (index_column (name (id a)) (index_column_asc_or_desc asc))) ))))))))) <EOF>)
[1] 23:43:28,291 DEBUG SchemaChange - SQL_PARSE <- "alter table t add index foo (a) COMMENT 'hello world'"
[1] 23:43:28,291 DEBUG SchemaChange - SQL_PARSE ->   (parse (statement (alter_table (alter_table_preamble alter table (table_name (name (id t)))) (alter_specifications (alter_specification (ignored_alter_specifications add (index_definition (index_type_1 (index_or_key index) (index_name (name (id foo))) (index_column_list ( (index_columns (index_column (name (id a)))) )) (index_options COMMENT (string_literal 'hello world'))))))))) <EOF>)
[1] 23:43:28,291 DEBUG SchemaChange - SQL_PARSE <- "alter table t add spatial key (`id`)"
[1] 23:43:28,291 DEBUG SchemaChange - SQL_PARSE ->   (parse (statement (alter_table (alter_table_preamble alter table (table_name (name (id t)))) (alter_specifications (alter_specification (ignored_alter_specifications add (index_definition (index_type_4 spatial (index_or_key key) (index_column_list ( (index_columns (index_column (name (id `id`)))) ))))))))) <EOF>)
[1] 23:43:28,291 DEBUG SchemaChange - SQL_PARSE <- "ALTER TABLE foo ADD feee int(11) COLLATE utf8_unicode_ci NOT NULL DEFAULT '0' COMMENT 'eee' AFTER id"
[1] 23:43:28,292 DEBUG SchemaChange - SQL_PARSE ->   (parse (statement (alter_table (alter_table_preamble ALTER TABLE (table_name (name (id foo)))) (alter_specifications (alter_specification (add_column ADD (column_definition (name (id feee)) (data_type (signed_type int (length ( 11 )) (column_options (collation COLLATE utf8_unicode_ci)) (column_options (nullability NOT NULL)) (column_options (default_value DEFAULT (literal_with_weirdo_multistring (string_literal '0')))) (column_options COMMENT (string_literal 'eee'))))) (col_position AFTER (name (id id)))))))) <EOF>)
[1] 23:43:28,292 DEBUG SchemaChange - SQL_PARSE <- "alter table t alter column `foo` SET DEFAULT 112312"
[1] 23:43:28,294 DEBUG SchemaChange - SQL_PARSE ->   (parse (statement (alter_table (alter_table_preamble alter table (table_name (name (id t)))) (alter_specifications (alter_specification (ignored_alter_specifications alter column (name (id `foo`)) SET DEFAULT (literal (integer_literal 112312))))))) <EOF>)
[1] 23:43:28,294 DEBUG SchemaChange - SQL_PARSE <- "alter table t alter column `foo` SET DEFAULT 1.2"
[1] 23:43:28,295 DEBUG SchemaChange - SQL_PARSE ->   (parse (statement (alter_table (alter_table_preamble alter table (table_name (name (id t)))) (alter_specifications (alter_specification (ignored_alter_specifications alter column (name (id `foo`)) SET DEFAULT (literal (float_literal 1 . 2))))))) <EOF>)
[1] 23:43:28,295 DEBUG SchemaChange - SQL_PARSE <- "alter table t alter column `foo` SET DEFAULT 'foo'"
[1] 23:43:28,295 DEBUG SchemaChange - SQL_PARSE ->   (parse (statement (alter_table (alter_table_preamble alter table (table_name (name (id t)))) (alter_specifications (alter_specification (ignored_alter_specifications alter column (name (id `foo`)) SET DEFAULT (literal (string_literal 'foo'))))))) <EOF>)
[1] 23:43:28,295 DEBUG SchemaChange - SQL_PARSE <- "alter table t alter column `foo` SET DEFAULT true"
[1] 23:43:28,296 DEBUG SchemaChange - SQL_PARSE ->   (parse (statement (alter_table (alter_table_preamble alter table (table_name (name (id t)))) (alter_specifications (alter_specification (ignored_alter_specifications alter column (name (id `foo`)) SET DEFAULT (literal true)))))) <EOF>)
[1] 23:43:28,296 DEBUG SchemaChange - SQL_PARSE <- "alter table t alter column `foo` SET DEFAULT false"
[1] 23:43:28,296 DEBUG SchemaChange - SQL_PARSE ->   (parse (statement (alter_table (alter_table_preamble alter table (table_name (name (id t)))) (alter_specifications (alter_specification (ignored_alter_specifications alter column (name (id `foo`)) SET DEFAULT (literal false)))))) <EOF>)
[1] 23:43:28,296 DEBUG SchemaChange - SQL_PARSE <- "alter table t alter column `foo` SET DEFAULT -1"
[1] 23:43:28,297 DEBUG SchemaChange - SQL_PARSE ->   (parse (statement (alter_table (alter_table_preamble alter table (table_name (name (id t)))) (alter_specifications (alter_specification (ignored_alter_specifications alter column (name (id `foo`)) SET DEFAULT (literal (integer_literal - 1))))))) <EOF>)
[1] 23:43:28,297 DEBUG SchemaChange - SQL_PARSE <- "alter table t alter column `foo` drop default"
[1] 23:43:28,297 DEBUG SchemaChange - SQL_PARSE ->   (parse (statement (alter_table (alter_table_preamble alter table (table_name (name (id t)))) (alter_specifications (alter_specification (ignored_alter_specifications alter column (name (id `foo`)) drop default))))) <EOF>)
[1] 23:43:28,297 DEBUG SchemaChange - SQL_PARSE <- "alter table t alter index `foo` VISIBLE"
[1] 23:43:28,297 DEBUG SchemaChange - SQL_PARSE ->   (parse (statement (alter_table (alter_table_preamble alter table (table_name (name (id t)))) (alter_specifications (alter_specification (ignored_alter_specifications alter index (name (id `foo`)) VISIBLE))))) <EOF>)
[1] 23:43:28,298 DEBUG SchemaChange - SQL_PARSE <- "alter table t alter index bar INVISIBLE"
[1] 23:43:28,298 DEBUG SchemaChange - SQL_PARSE ->   (parse (statement (alter_table (alter_table_preamble alter table (table_name (name (id t)))) (alter_specifications (alter_specification (ignored_alter_specifications alter index (name (id bar)) INVISIBLE))))) <EOF>)
[1] 23:43:28,298 DEBUG SchemaChange - SQL_PARSE <- "alter table t CHARACTER SET latin1 COLLATE = 'utf8'"
[1] 23:43:28,299 DEBUG SchemaChange - SQL_PARSE ->   (parse (statement (alter_table (alter_table_preamble alter table (table_name (name (id t)))) (alter_specifications (alter_specification (default_character_set (charset_token CHARACTER SET) (charset_name latin1) (collation COLLATE = (string_literal 'utf8'))))))) <EOF>)
[1] 23:43:28,299 DEBUG SchemaChange - SQL_PARSE <- "ALTER TABLE `test` ENGINE=`InnoDB` CHARACTER SET latin1"
[1] 23:43:28,301 DEBUG SchemaChange - SQL_PARSE ->   (parse (statement (alter_table (alter_table_preamble ALTER TABLE (table_name (name (id `test`)))) (alter_specifications (alter_specification (table_creation_option (creation_engine ENGINE = (id `InnoDB`))) (table_creation_option (creation_character_set CHARACTER SET (charset_name latin1))))))) <EOF>)
[1] 23:43:28,301 DEBUG SchemaChange - SQL_PARSE <- "alter table t DROP PRIMARY KEY"
[1] 23:43:28,301 DEBUG SchemaChange - SQL_PARSE ->   (parse (statement (alter_table (alter_table_preamble alter table (table_name (name (id t)))) (alter_specifications (alter_specification (drop_primary_key DROP PRIMARY KEY))))) <EOF>)
[1] 23:43:28,301 DEBUG SchemaChange - SQL_PARSE <- "alter table t drop index `foo`"
[1] 23:43:28,302 DEBUG SchemaChange - SQL_PARSE ->   (parse (statement (alter_table (alter_table_preamble alter table (table_name (name (id t)))) (alter_specifications (alter_specification (drop_key drop index (name (id `foo`))))))) <EOF>)
[1] 23:43:28,302 DEBUG SchemaChange - SQL_PARSE <- "alter table t disable keys"
[1] 23:43:28,303 DEBUG SchemaChange - SQL_PARSE ->   (parse (statement (alter_table (alter_table_preamble alter table (table_name (name (id t)))) (alter_specifications (alter_specification (ignored_alter_specifications disable keys))))) <EOF>)
[1] 23:43:28,303 DEBUG SchemaChange - SQL_PARSE <- "alter table t enable keys"
[1] 23:43:28,303 DEBUG SchemaChange - SQL_PARSE ->   (parse (statement (alter_table (alter_table_preamble alter table (table_name (name (id t)))) (alter_specifications (alter_specification (ignored_alter_specifications enable keys))))) <EOF>)
[1] 23:43:28,303 DEBUG SchemaChange - SQL_PARSE <- "alter table t order by `foor`, bar"
[1] 23:43:28,304 DEBUG SchemaChange - SQL_PARSE ->   (parse (statement (alter_table (alter_table_preamble alter table (table_name (name (id t)))) (alter_specifications (alter_specification (ignored_alter_specifications order by (alter_ordering (alter_ordering_column (name (id `foor`)))) , (alter_ordering (alter_ordering_column (name (id bar))))))))) <EOF>)
[1] 23:43:28,304 DEBUG SchemaChange - SQL_PARSE <- "alter table tester add index (whatever(20), `f,` (2))"
[1] 23:43:28,305 DEBUG SchemaChange - SQL_PARSE ->   (parse (statement (alter_table (alter_table_preamble alter table (table_name (name (id tester)))) (alter_specifications (alter_specification (ignored_alter_specifications add (index_definition (index_type_1 (index_or_key index) (index_column_list ( (index_columns (index_column (name (id whatever)) (index_column_partial_def ( (index_column_partial_length 20) ))) , (index_column (name (id `f,`)) (index_column_partial_def ( (index_column_partial_length 2) )))) ))))))))) <EOF>)
[1] 23:43:28,305 DEBUG SchemaChange - SQL_PARSE <- "create table t ( id int ) engine = innodb, auto_increment = 5"
[1] 23:43:28,305 DEBUG SchemaChange - SQL_PARSE ->   (parse (statement (create_table (create_table_preamble create table (table_name (name (id t)))) (create_specifications ( (create_specification (column_definition (name (id id)) (data_type (signed_type int)))) )) (table_creation_option (creation_engine engine = (id innodb))) , (table_creation_option (creation_auto_increment auto_increment = (integer 5))))) <EOF>)
[1] 23:43:28,306 DEBUG SchemaChange - SQL_PARSE <- "alter table t engine=innodb"
[1] 23:43:28,306 DEBUG SchemaChange - SQL_PARSE ->   (parse (statement (alter_table (alter_table_preamble alter table (table_name (name (id t)))) (alter_specifications (alter_specification (table_creation_option (creation_engine engine = (id innodb))))))) <EOF>)
[1] 23:43:28,306 DEBUG SchemaChange - SQL_PARSE <- "alter table t auto_increment =5"
[1] 23:43:28,306 DEBUG SchemaChange - SQL_PARSE ->   (parse (statement (alter_table (alter_table_preamble alter table (table_name (name (id t)))) (alter_specifications (alter_specification (table_creation_option (creation_auto_increment auto_increment = (integer 5))))))) <EOF>)
[1] 23:43:28,306 DEBUG SchemaChange - SQL_PARSE <- "alter table t add column `foo` int, auto_increment = 5 engine=innodb, modify column bar int"
[1] 23:43:28,307 DEBUG SchemaChange - SQL_PARSE ->   (parse (statement (alter_table (alter_table_preamble alter table (table_name (name (id t)))) (alter_specifications (alter_specification (add_column add column (column_definition (name (id `foo`)) (data_type (signed_type int))))) , (alter_specification (table_creation_option (creation_auto_increment auto_increment = (integer 5))) (table_creation_option (creation_engine engine = (id innodb)))) , (alter_specification (modify_column modify column (column_definition (name (id bar)) (data_type (signed_type int)))))))) <EOF>)
[1] 23:43:28,307 DEBUG SchemaChange - SQL_PARSE <- "alter table t add column `foo` int,  ALGORITHM=copy"
[1] 23:43:28,308 DEBUG SchemaChange - SQL_PARSE ->   (parse (statement (alter_table (alter_table_preamble alter table (table_name (name (id t)))) (alter_specifications (alter_specification (add_column add column (column_definition (name (id `foo`)) (data_type (signed_type int))))) , (alter_specification (ignored_alter_specifications ALGORITHM = (algorithm_type copy)))))) <EOF>)
[1] 23:43:28,308 DEBUG SchemaChange - SQL_PARSE <- "alter table t add column `foo` int, algorithm copy"
[1] 23:43:28,309 DEBUG SchemaChange - SQL_PARSE ->   (parse (statement (alter_table (alter_table_preamble alter table (table_name (name (id t)))) (alter_specifications (alter_specification (add_column add column (column_definition (name (id `foo`)) (data_type (signed_type int))))) , (alter_specification (ignored_alter_specifications algorithm (algorithm_type copy)))))) <EOF>)
[1] 23:43:28,309 DEBUG SchemaChange - SQL_PARSE <- "alter table t add column `foo` int, algorithm instant"
[1] 23:43:28,309 DEBUG SchemaChange - SQL_PARSE ->   (parse (statement (alter_table (alter_table_preamble alter table (table_name (name (id t)))) (alter_specifications (alter_specification (add_column add column (column_definition (name (id `foo`)) (data_type (signed_type int))))) , (alter_specification (ignored_alter_specifications algorithm (algorithm_type instant)))))) <EOF>)
[1] 23:43:28,309 DEBUG SchemaChange - SQL_PARSE <- "alter table t add column `foo` int, algorithm copy, lock shared"
[1] 23:43:28,310 DEBUG SchemaChange - SQL_PARSE ->   (parse (statement (alter_table (alter_table_preamble alter table (table_name (name (id t)))) (alter_specifications (alter_specification (add_column add column (column_definition (name (id `foo`)) (data_type (signed_type int))))) , (alter_specification (ignored_alter_specifications algorithm (algorithm_type copy))) , (alter_specification (ignored_alter_specifications lock (lock_type shared)))))) <EOF>)
[1] 23:43:28,310 DEBUG SchemaChange - SQL_PARSE <- "alter table t add column `foo` int, algorithm copy, lock=exclusive"
[1] 23:43:28,310 DEBUG SchemaChange - SQL_PARSE ->   (parse (statement (alter_table (alter_table_preamble alter table (table_name (name (id t)))) (alter_specifications (alter_specification (add_column add column (column_definition (name (id `foo`)) (data_type (signed_type int))))) , (alter_specification (ignored_alter_specifications algorithm (algorithm_type copy))) , (alter_specification (ignored_alter_specifications lock = (lock_type exclusive)))))) <EOF>)
[1] 23:43:28,310 DEBUG SchemaChange - SQL_PARSE <- "create table t (id int) engine=memory"
[1] 23:43:28,310 DEBUG SchemaChange - SQL_PARSE ->   (parse (statement (create_table (create_table_preamble create table (table_name (name (id t)))) (create_specifications ( (create_specification (column_definition (name (id id)) (data_type (signed_type int)))) )) (table_creation_option (creation_engine engine = memory)))) <EOF>)
[1] 23:43:28,311 DEBUG SchemaChange - SQL_PARSE <- "CREATE TABLE `t1` (id int, UNIQUE `int` (`int`))"
[1] 23:43:28,311 DEBUG SchemaChange - SQL_PARSE ->   (parse (statement (create_table (create_table_preamble CREATE TABLE (table_name (name (id `t1`)))) (create_specifications ( (create_specification (column_definition (name (id id)) (data_type (signed_type int)))) , (create_specification (index_definition (index_type_3 UNIQUE (index_name (name (id `int`))) (index_column_list ( (index_columns (index_column (name (id `int`)))) ))))) )))) <EOF>)
[1] 23:43:28,311 DEBUG SchemaChange - SQL_PARSE <- "create table t2 (b varchar(10) not null unique) engine=MyISAM"
[1] 23:43:28,311 DEBUG SchemaChange - SQL_PARSE ->   (parse (statement (create_table (create_table_preamble create table (table_name (name (id t2)))) (create_specifications ( (create_specification (column_definition (name (id b)) (data_type (string_type varchar (length ( 10 )) (column_options (nullability not null)) (column_options unique))))) )) (table_creation_option (creation_engine engine = (id MyISAM))))) <EOF>)
[1] 23:43:28,312 DEBUG SchemaChange - SQL_PARSE <- "create TABLE shard_1.20151214foo ( r1 REAL, b2 REAL (2,2) )"
[1] 23:43:28,312 DEBUG SchemaChange - SQL_PARSE ->   (parse (statement (create_table (create_table_preamble create TABLE (table_name (db_name (name (id shard_1))) . (name_all_tokens (id 20151214foo)))) (create_specifications ( (create_specification (column_definition (name (id r1)) (data_type (signed_type REAL)))) , (create_specification (column_definition (name (id b2)) (data_type (signed_type REAL (decimal_length ( 2 , 2 )))))) )))) <EOF>)
[1] 23:43:28,312 DEBUG SchemaChange - SQL_PARSE <- "create TABLE shard_1.20151214 ( r1 REAL, b2 REAL (2,2) )"
[1] 23:43:28,313 DEBUG SchemaChange - SQL_PARSE ->   (parse (statement (create_table (create_table_preamble create TABLE (table_name (db_name (name (id shard_1))) . (name_all_tokens 20151214))) (create_specifications ( (create_specification (column_definition (name (id r1)) (data_type (signed_type REAL)))) , (create_specification (column_definition (name (id b2)) (data_type (signed_type REAL (decimal_length ( 2 , 2 )))))) )))) <EOF>)
[1] 23:43:28,313 DEBUG SchemaChange - SQL_PARSE <- "create table `shard1.foo` ( `id.foo` int )"
[1] 23:43:28,313 DEBUG SchemaChange - SQL_PARSE ->   (parse (statement (create_table (create_table_preamble create table (table_name (name (id `shard1.foo`)))) (create_specifications ( (create_specification (column_definition (name (id `id.foo`)) (data_type (signed_type int)))) )))) <EOF>)
[1] 23:43:28,313 DEBUG SchemaChange - SQL_PARSE <- "create table `shard1.foo` ( `id.foo` int ) collate = `utf8_bin`"
[1] 23:43:28,314 DEBUG SchemaChange - SQL_PARSE ->   (parse (statement (create_table (create_table_preamble create table (table_name (name (id `shard1.foo`)))) (create_specifications ( (create_specification (column_definition (name (id `id.foo`)) (data_type (signed_type int)))) )) (table_creation_option (creation_collation (default_collation (collation collate = `utf8_bin`)))))) <EOF>)
[1] 23:43:28,314 DEBUG SchemaChange - SQL_PARSE <- "ALTER TABLE .`users` CHANGE COLUMN `password` `password` VARCHAR(60) CHARACTER SET 'utf8' COLLATE 'utf8_bin' NULL DEFAULT NULL COMMENT 'Length 60 for Bcrypt'"
[1] 23:43:28,315 DEBUG SchemaChange - SQL_PARSE ->   (parse (statement (alter_table (alter_table_preamble ALTER TABLE (table_name . (name (id `users`)))) (alter_specifications (alter_specification (change_column CHANGE COLUMN (full_column_name (name (id `password`))) (column_definition (name (id `password`)) (data_type (string_type VARCHAR (length ( 60 )) (column_options (charset_def (character_set CHARACTER SET (charset_name (string_literal 'utf8'))))) (column_options (collation COLLATE (string_literal 'utf8_bin'))) (column_options (nullability NULL)) (column_options (default_value DEFAULT (literal_with_weirdo_multistring NULL))) (column_options COMMENT (string_literal 'Length 60 for Bcrypt')))))))))) <EOF>)
[1] 23:43:28,315 DEBUG SchemaChange - SQL_PARSE <- "create table `shard1.foo` ( `id.foo` int ) collate = `utf8_bin`"
[1] 23:43:28,315 DEBUG SchemaChange - SQL_PARSE ->   (parse (statement (create_table (create_table_preamble create table (table_name (name (id `shard1.foo`)))) (create_specifications ( (create_specification (column_definition (name (id `id.foo`)) (data_type (signed_type int)))) )) (table_creation_option (creation_collation (default_collation (collation collate = `utf8_bin`)))))) <EOF>)
[1] 23:43:28,315 DEBUG SchemaChange - SQL_PARSE <- "create table if not exists audit_payer_bank_details (event_time TIMESTAMP default CURRENT_TIMESTAMP())"
[1] 23:43:28,316 DEBUG SchemaChange - SQL_PARSE ->   (parse (statement (create_table (create_table_preamble create table (if_not_exists if not exists) (table_name (name (id audit_payer_bank_details)))) (create_specifications ( (create_specification (column_definition (name (id event_time)) (data_type (generic_type TIMESTAMP (column_options (default_value default CURRENT_TIMESTAMP (current_timestamp_length ( )))))))) )))) <EOF>)
[1] 23:43:28,316 DEBUG SchemaChange - SQL_PARSE <- "create table if not exists audit_bank_payer_details (event_time TIMESTAMP default LOCALTIME())"
[1] 23:43:28,316 DEBUG SchemaChange - SQL_PARSE ->   (parse (statement (create_table (create_table_preamble create table (if_not_exists if not exists) (table_name (name (id audit_bank_payer_details)))) (create_specifications ( (create_specification (column_definition (name (id event_time)) (data_type (generic_type TIMESTAMP (column_options (default_value default (localtime_function LOCALTIME ( )))))))) )))) <EOF>)
[1] 23:43:28,317 DEBUG SchemaChange - SQL_PARSE <- "create table nobody_pays_noone (event_time TIMESTAMP default localtimestamp)"
[1] 23:43:28,317 DEBUG SchemaChange - SQL_PARSE ->   (parse (statement (create_table (create_table_preamble create table (table_name (name (id nobody_pays_noone)))) (create_specifications ( (create_specification (column_definition (name (id event_time)) (data_type (generic_type TIMESTAMP (column_options (default_value default (localtime_function localtimestamp))))))) )))) <EOF>)
[1] 23:43:28,317 DEBUG SchemaChange - SQL_PARSE <- "ALTER TABLE foo RENAME INDEX index_quote_request_follow_on_data_on_model_name TO index_quote_request_follow_on_data_on_model_class_name"
[1] 23:43:28,318 DEBUG SchemaChange - SQL_PARSE ->   (parse (statement (alter_table (alter_table_preamble ALTER TABLE (table_name (name (id foo)))) (alter_specifications (alter_specification (ignored_alter_specifications RENAME INDEX (name (id index_quote_request_follow_on_data_on_model_name)) TO (name (id index_quote_request_follow_on_data_on_model_class_name))))))) <EOF>)
[1] 23:43:28,318 DEBUG SchemaChange - SQL_PARSE <- "ALTER TABLE foo DROP COLUMN `ducati` CASCADE"
[1] 23:43:28,320 DEBUG SchemaChange - SQL_PARSE ->   (parse (statement (alter_table (alter_table_preamble ALTER TABLE (table_name (name (id foo)))) (alter_specifications (alter_specification (drop_column DROP COLUMN (full_column_name (name (id `ducati`))) CASCADE))))) <EOF>)
[1] 23:43:28,320 DEBUG SchemaChange - SQL_PARSE <- "CREATE TABLE account_groups ( visible_to_all CHAR(1) DEFAULT 'N' NOT NULL CHECK (visible_to_all IN ('Y','N')))"
[1] 23:43:28,321 DEBUG SchemaChange - rewrote SQL to CREATE TABLE account_groups ( visible_to_all CHAR(1) DEFAULT 'N' NOT NULL CHECK /__MAXWELL__/)
[1] 23:43:28,321 DEBUG SchemaChange - SQL_PARSE <- "CREATE TABLE account_groups ( visible_to_all CHAR(1) DEFAULT 'N' NOT NULL CHECK /__MAXWELL__/)"
[1] 23:43:28,321 DEBUG SchemaChange - SQL_PARSE ->   (parse (statement (create_table (create_table_preamble CREATE TABLE (table_name (name (id account_groups)))) (create_specifications ( (create_specification (column_definition (name (id visible_to_all)) (data_type (string_type CHAR (length ( 1 )) (column_options (default_value DEFAULT (literal_with_weirdo_multistring (string_literal 'N')))) (column_options (nullability NOT NULL)) (column_options CHECK (skip_parens /__MAXWELL__/)))))) )))) <EOF>)
[1] 23:43:28,321 DEBUG SchemaChange - SQL_PARSE <- "ALTER TABLE "foo" drop column a"
[1] 23:43:28,322 DEBUG SchemaChange - SQL_PARSE ->   (parse (statement (alter_table (alter_table_preamble ALTER TABLE (table_name (name "foo"))) (alter_specifications (alter_specification (drop_column drop column (full_column_name (name (id a)))))))) <EOF>)
[1] 23:43:28,322 DEBUG SchemaChange - SQL_PARSE <- "create table vc11( id serial, name varchar(10) not null default "")"
[1] 23:43:28,323 DEBUG SchemaChange - SQL_PARSE ->   (parse (statement (create_table (create_table_preamble create table (table_name (name (id vc11)))) (create_specifications ( (create_specification (column_definition (name (id id)) (data_type (signed_type serial)))) , (create_specification (column_definition (name (tokens_available_for_names name)) (data_type (string_type varchar (length ( 10 )) (column_options (nullability not null)) (column_options (default_value default (literal_with_weirdo_multistring (string_literal "")))))))) )))) <EOF>)
[1] 23:43:28,323 DEBUG SchemaChange - SQL_PARSE <- "create table foo.order ( i int )"
[1] 23:43:28,323 DEBUG SchemaChange - SQL_PARSE ->   (parse (statement (create_table (create_table_preamble create table (table_name (db_name (name (id foo))) . (name_all_tokens (all_tokens order)))) (create_specifications ( (create_specification (column_definition (name (id i)) (data_type (signed_type int)))) )))) <EOF>)
[1] 23:43:28,323 DEBUG SchemaChange - SQL_PARSE <- "alter table foo.int add column bar varchar(255)"
[1] 23:43:28,323 DEBUG SchemaChange - SQL_PARSE ->   (parse (statement (alter_table (alter_table_preamble alter table (table_name (db_name (name (id foo))) . (name_all_tokens (all_tokens int)))) (alter_specifications (alter_specification (add_column add column (column_definition (name (id bar)) (data_type (string_type varchar (length ( 255 )))))))))) <EOF>)
[1] 23:43:28,323 DEBUG SchemaChange - SQL_PARSE <- "alter table something collate = default"
[1] 23:43:28,324 DEBUG SchemaChange - SQL_PARSE ->   (parse (statement (alter_table (alter_table_preamble alter table (table_name (name (id something)))) (alter_specifications (alter_specification (table_creation_option (creation_collation (default_collation (collation collate = default)))))))) <EOF>)
[1] 23:43:28,324 DEBUG SchemaChange - SQL_PARSE <- "ALTER TABLE t DROP t.foo"
[1] 23:43:28,324 DEBUG SchemaChange - SQL_PARSE ->   (parse (statement (alter_table (alter_table_preamble ALTER TABLE (table_name (name (id t)))) (alter_specifications (alter_specification (drop_column DROP (full_column_name (name (id t)) . (name (id foo)))))))) <EOF>)
[1] 23:43:28,324 DEBUG SchemaChange - SQL_PARSE <- "alter table f add column i varchar(255) default ('environment,namespace,table_name')"
[1] 23:43:28,325 DEBUG SchemaChange - rewrote SQL to alter table f add column i varchar(255) default /__MAXWELL__/
[1] 23:43:28,325 DEBUG SchemaChange - SQL_PARSE <- "alter table f add column i varchar(255) default /__MAXWELL__/"
[1] 23:43:28,325 DEBUG SchemaChange - SQL_PARSE ->   (parse (statement (alter_table (alter_table_preamble alter table (table_name (name (id f)))) (alter_specifications (alter_specification (add_column add column (column_definition (name (id i)) (data_type (string_type varchar (length ( 255 )) (column_options (default_value default (skip_parens /__MAXWELL__/))))))))))) <EOF>)
[1] 23:43:28,325 DEBUG SchemaChange - SQL_PARSE <- "CREATE DATABASE xyz DEFAULT CHARACTER SET utf8mb4 COLLATE utf8mb4_0900_ai_ci DEFAULT ENCRYPTION='N'"
[1] 23:43:28,326 DEBUG SchemaChange - SQL_PARSE ->   (parse (statement (create_database CREATE DATABASE (name (id xyz)) (create_option (default_character_set DEFAULT (charset_token CHARACTER SET) (charset_name utf8mb4) (collation COLLATE utf8mb4_0900_ai_ci))) (create_option DEFAULT ENCRYPTION = (string_literal 'N')))) <EOF>)
[1] 23:43:28,326 DEBUG SchemaChange - SQL_PARSE <- "CREATE TABLE testTable18 ( command JSON NOT NULL DEFAULT (JSON_QUOTE("{'parent':'sched'}")) )"
[1] 23:43:28,326 DEBUG SchemaChange - rewrote SQL to CREATE TABLE testTable18 ( command JSON NOT NULL DEFAULT /__MAXWELL__/ )
[1] 23:43:28,327 DEBUG SchemaChange - SQL_PARSE <- "CREATE TABLE testTable18 ( command JSON NOT NULL DEFAULT /__MAXWELL__/ )"
[1] 23:43:28,327 DEBUG SchemaChange - SQL_PARSE ->   (parse (statement (create_table (create_table_preamble CREATE TABLE (table_name (name (id testTable18)))) (create_specifications ( (create_specification (column_definition (name (id command)) (data_type (generic_type JSON (column_options (nullability NOT NULL)) (column_options (default_value DEFAULT (skip_parens /__MAXWELL__/))))))) )))) <EOF>)
[1] 23:43:28,327 DEBUG SchemaChange - SQL_PARSE <- "CREATE TABLE testTable19 ( pid BIGINT NOT NULL DEFAULT(1) )"
[1] 23:43:28,327 DEBUG SchemaChange - rewrote SQL to CREATE TABLE testTable19 ( pid BIGINT NOT NULL DEFAULT/__MAXWELL__/ )
[1] 23:43:28,327 DEBUG SchemaChange - SQL_PARSE <- "CREATE TABLE testTable19 ( pid BIGINT NOT NULL DEFAULT/__MAXWELL__/ )"
[1] 23:43:28,328 DEBUG SchemaChange - SQL_PARSE ->   (parse (statement (create_table (create_table_preamble CREATE TABLE (table_name (name (id testTable19)))) (create_specifications ( (create_specification (column_definition (name (id pid)) (data_type (signed_type BIGINT (column_options (nullability NOT NULL)) (column_options (default_value DEFAULT (skip_parens /__MAXWELL__/))))))) )))) <EOF>)
[1] 23:43:28,328 DEBUG SchemaChange - SQL_PARSE <- "CREATE TABLE encRTYPE ( i int ) ENCRYPTION='Y'"
[1] 23:43:28,328 DEBUG SchemaChange - SQL_PARSE ->   (parse (statement (create_table (create_table_preamble CREATE TABLE (table_name (name (id encRTYPE)))) (create_specifications ( (create_specification (column_definition (name (id i)) (data_type (signed_type int)))) )) (table_creation_option (creation_encryption ENCRYPTION = (string_literal 'Y'))))) <EOF>)
[1] 23:43:28,328 DEBUG SchemaChange - SQL_PARSE <- "CREATE TABLE testfoo ( i int ) START TRANSACTION"
[1] 23:43:28,329 DEBUG SchemaChange - SQL_PARSE ->   (parse (statement (create_table (create_table_preamble CREATE TABLE (table_name (name (id testfoo)))) (create_specifications ( (create_specification (column_definition (name (id i)) (data_type (signed_type int)))) )) (table_creation_option (creation_start_transaction START TRANSACTION)))) <EOF>)
[1] 23:43:28,329 DEBUG SchemaChange - SQL_PARSE <- "ALTER TABLE c add column i int visible"
[1] 23:43:28,329 DEBUG SchemaChange - SQL_PARSE ->   (parse (statement (alter_table (alter_table_preamble ALTER TABLE (table_name (name (id c)))) (alter_specifications (alter_specification (add_column add column (column_definition (name (id i)) (data_type (signed_type int (column_options (visibility visible)))))))))) <EOF>)
[1] 23:43:28,330 DEBUG SchemaChange - SQL_PARSE <- "ALTER TABLE c add column i int invisible"
[1] 23:43:28,330 DEBUG SchemaChange - SQL_PARSE ->   (parse (statement (alter_table (alter_table_preamble ALTER TABLE (table_name (name (id c)))) (alter_specifications (alter_specification (add_column add column (column_definition (name (id i)) (data_type (signed_type int (column_options (visibility invisible)))))))))) <EOF>)
[1] 23:43:28,330 DEBUG SchemaChange - SQL_PARSE <- "ALTER TABLE c alter column i set visible"
[1] 23:43:28,330 DEBUG SchemaChange - SQL_PARSE ->   (parse (statement (alter_table (alter_table_preamble ALTER TABLE (table_name (name (id c)))) (alter_specifications (alter_specification (ignored_alter_specifications alter column (name (id i)) set visible))))) <EOF>)
[1] 23:43:28,330 DEBUG SchemaChange - SQL_PARSE <- "ALTER TABLE broker.table ADD PARTITION IF NOT EXISTS (partition p20210912 VALUES LESS THAN (738411))"
[1] 23:43:28,331 DEBUG SchemaChange - rewrote SQL to ALTER TABLE broker.table ADD PARTITION IF NOT EXISTS /__MAXWELL__/
[1] 23:43:28,331 DEBUG SchemaChange - SQL_PARSE <- "ALTER TABLE broker.table ADD PARTITION IF NOT EXISTS /__MAXWELL__/"
[1] 23:43:28,332 DEBUG SchemaChange - SQL_PARSE ->   (parse (statement (alter_table (alter_table_preamble ALTER TABLE (table_name (db_name (name (id broker))) . (name_all_tokens (all_tokens table)))) (alter_partition_specification ADD PARTITION (if_not_exists IF NOT EXISTS) (skip_parens /__MAXWELL__/)))) <EOF>)
[1] 23:43:28,332 DEBUG SchemaChange - SQL_PARSE <- "ALTER TABLE t1 DROP PARTITION IF EXISTS p3"
[1] 23:43:28,333 DEBUG SchemaChange - SQL_PARSE ->   (parse (statement (alter_table (alter_table_preamble ALTER TABLE (table_name (name (id t1)))) (alter_partition_specification DROP PARTITION (if_exists IF EXISTS) (partition_names (id p3))))) <EOF>)
[1] 23:43:28,333 DEBUG SchemaChange - SQL_PARSE <- "ALTER TABLE t1 DROP CONSTRAINT ck"
[1] 23:43:28,333 DEBUG SchemaChange - SQL_PARSE ->   (parse (statement (alter_table (alter_table_preamble ALTER TABLE (table_name (name (id t1)))) (alter_specifications (alter_specification (ignored_alter_specifications DROP CONSTRAINT (name (id ck))))))) <EOF>)
[1] 23:43:28,334 DEBUG SchemaChange - SQL_PARSE <- "ALTER TABLE t1 DROP CHECK ck"
[1] 23:43:28,334 DEBUG SchemaChange - SQL_PARSE ->   (parse (statement (alter_table (alter_table_preamble ALTER TABLE (table_name (name (id t1)))) (alter_specifications (alter_specification (ignored_alter_specifications DROP CHECK (name (id ck))))))) <EOF>)
[1] 23:43:28,334 DEBUG SchemaChange - SQL_PARSE <- "create table test ( i float default -1. )"
[1] 23:43:28,335 DEBUG SchemaChange - SQL_PARSE ->   (parse (statement (create_table (create_table_preamble create table (table_name (name (id test)))) (create_specifications ( (create_specification (column_definition (name (id i)) (data_type (signed_type float (column_options (default_value default (literal_with_weirdo_multistring (broken_float_literal - 1 .)))))))) )))) <EOF>)
[1] 23:43:28,336 DEBUG SchemaChange - SQL_PARSE <- "alter table c rename to `foo`"
[1] 23:43:28,336 DEBUG SchemaChange - SQL_PARSE ->   (parse (statement (alter_table (alter_table_preamble alter table (table_name (name (id c)))) (alter_specifications (alter_specification (alter_rename_table rename to (table_name (name (id `foo`)))))))) <EOF>)
[1] 23:43:28,336 DEBUG SchemaChange - SQL_PARSE <- "alter table c rename to `foo`.`bar`"
[1] 23:43:28,337 DEBUG SchemaChange - SQL_PARSE ->   (parse (statement (alter_table (alter_table_preamble alter table (table_name (name (id c)))) (alter_specifications (alter_specification (alter_rename_table rename to (table_name (db_name (name (id `foo`))) . (name_all_tokens (id `bar`)))))))) <EOF>)
[1] 23:43:28,337 DEBUG SchemaChange - SQL_PARSE <- "alter table bar add column (m int(11) unsigned not null, p varchar(255))"
[1] 23:43:28,337 DEBUG SchemaChange - SQL_PARSE ->   (parse (statement (alter_table (alter_table_preamble alter table (table_name (name (id bar)))) (alter_specifications (alter_specification (add_column_parens add column ( (column_definition (name (id m)) (data_type (signed_type int (length ( 11 )) (int_flags unsigned) (column_options (nullability not null))))) , (column_definition (name (id p)) (data_type (string_type varchar (length ( 255 ))))) )))))) <EOF>)
[1] 23:43:28,338 DEBUG SchemaChange - SQL_PARSE <- "CREATE TABLE test.chk (  group_name NUMERIC(8) NOT NULL)  "
[1] 23:43:28,338 DEBUG SchemaChange - SQL_PARSE ->   (parse (statement (create_table (create_table_preamble CREATE TABLE (table_name (db_name (name (id test))) . (name_all_tokens (id chk)))) (create_specifications ( (create_specification (column_definition (name (id group_name)) (data_type (signed_type NUMERIC (decimal_length ( 8 )) (column_options (nullability NOT NULL)))))) )))) <EOF>)
[1] 23:43:28,338 DEBUG SchemaChange - SQL_PARSE <- "alter table c drop column `drop`"
[1] 23:43:28,339 DEBUG SchemaChange - SQL_PARSE ->   (parse (statement (alter_table (alter_table_preamble alter table (table_name (name (id c)))) (alter_specifications (alter_specification (drop_column drop column (full_column_name (name (id `drop`)))))))) <EOF>)
[1] 23:43:28,339 DEBUG SchemaChange - SQL_PARSE <- "alter table no.no add column mocha varchar(255) character set latin1 not null"
[1] 23:43:28,340 DEBUG SchemaChange - SQL_PARSE ->   (parse (statement (alter_table (alter_table_preamble alter table (table_name (db_name (name (tokens_available_for_names no))) . (name_all_tokens (all_tokens no)))) (alter_specifications (alter_specification (add_column add column (column_definition (name (id mocha)) (data_type (string_type varchar (length ( 255 )) (column_options (charset_def (character_set character set (charset_name latin1)))) (column_options (nullability not null)))))))))) <EOF>)
[1] 23:43:28,340 DEBUG SchemaChange - SQL_PARSE <- "CREATE TABLE table_name ( id_agency bigint(18) unsigned NOT NULL DEFAULT '0', CONSTRAINT 112923b397c621505a97cfc4119f9f98abae0fb4a3bdb7a037ad3531712f5614 FOREIGN KEY (id_agency) REFERENCES agencies (id) ON DELETE CASCADE ON UPDATE CASCADE, CONSTRAINT agencies_offer_gift_types.id_type FOREIGN KEY (id_type) REFERENCES insurance_gift_types (id) ON DELETE CASCADE ON UPDATE CASCADE ) "
[1] 23:43:28,343 DEBUG SchemaChange - SQL_PARSE ->   (parse (statement (create_table (create_table_preamble CREATE TABLE (table_name (name (id table_name)))) (create_specifications ( (create_specification (column_definition (name (id id_agency)) (data_type (signed_type bigint (length ( 18 )) (int_flags unsigned) (column_options (nullability NOT NULL)) (column_options (default_value DEFAULT (literal_with_weirdo_multistring (string_literal '0')))))))) , (create_specification (index_definition (index_type_5 (index_constraint CONSTRAINT (constraint_name (name (id 112923b397c621505a97cfc4119f9f98abae0fb4a3bdb7a037ad3531712f5614)))) FOREIGN KEY (index_column_list ( (index_columns (index_column (name (id id_agency)))) )) (reference_definition REFERENCES (table_name (name (id agencies))) (index_column_list ( (index_columns (index_column (name (id id)))) )) (reference_definition_on_delete ON DELETE (reference_option CASCADE)) (reference_definition_on_update ON UPDATE (reference_option CASCADE)))))) , (create_specification (index_definition (index_type_5 (index_constraint CONSTRAINT (constraint_name (name (id agencies_offer_gift_types)) . (name (id id_type)))) FOREIGN KEY (index_column_list ( (index_columns (index_column (name (id id_type)))) )) (reference_definition REFERENCES (table_name (name (id insurance_gift_types))) (index_column_list ( (index_columns (index_column (name (id id)))) )) (reference_definition_on_delete ON DELETE (reference_option CASCADE)) (reference_definition_on_update ON UPDATE (reference_option CASCADE)))))) )))) <EOF>)
[1] 23:43:28,343 DEBUG SchemaChange - SQL_PARSE <- "CREATE SCHEMA IF NOT EXISTS `tblname` CHARACTER SET = default"
[1] 23:43:28,343 DEBUG SchemaChange - SQL_PARSE ->   (parse (statement (create_database CREATE SCHEMA (if_not_exists IF NOT EXISTS) (name (id `tblname`)) (create_option (default_character_set (charset_token CHARACTER SET) = (charset_name default))))) <EOF>)
[1] 23:43:28,344 DEBUG SchemaChange - SQL_PARSE <- "DROP TABLE IF exists `foo`.bar, `bar`.baz"
[1] 23:43:28,346 DEBUG SchemaChange - SQL_PARSE ->   (parse (statement (drop_table DROP TABLE (if_exists IF exists) (table_name (db_name (name (id `foo`))) . (name_all_tokens (id bar))) , (table_name (db_name (name (id `bar`))) . (name_all_tokens (id baz))))) <EOF>)
[1] 23:43:28,347 DEBUG SchemaChange - SQL_PARSE <- "CREATE TABLE `foo` ( `id` timestamp NOT NULL DEFAULT CURRENT_TIMESTAMP ON UPDATE CURRENT_TIMESTAMP )"
[1] 23:43:28,347 DEBUG SchemaChange - SQL_PARSE ->   (parse (statement (create_table (create_table_preamble CREATE TABLE (table_name (name (id `foo`)))) (create_specifications ( (create_specification (column_definition (name (id `id`)) (data_type (generic_type timestamp (column_options (nullability NOT NULL)) (column_options (default_value DEFAULT CURRENT_TIMESTAMP)) (column_options ON UPDATE CURRENT_TIMESTAMP))))) )))) <EOF>)
[1] 23:43:28,347 DEBUG SchemaChange - SQL_PARSE <- "CREATE TABLE `bar`.`foo` (id int(11) auto_increment PRIMARY KEY, dt datetime, KEY `index_on_datetime` (dt), KEY (`something else`), INDEX USING BTREE (yet_again))"
[1] 23:43:28,348 DEBUG SchemaChange - SQL_PARSE ->   (parse (statement (create_table (create_table_preamble CREATE TABLE (table_name (db_name (name (id `bar`))) . (name_all_tokens (id `foo`)))) (create_specifications ( (create_specification (column_definition (name (id id)) (data_type (signed_type int (length ( 11 )) (column_options auto_increment) (column_options (primary_key PRIMARY KEY)))))) , (create_specification (column_definition (name (id dt)) (data_type (generic_type datetime)))) , (create_specification (index_definition (index_type_1 (index_or_key KEY) (index_name (name (id `index_on_datetime`))) (index_column_list ( (index_columns (index_column (name (id dt)))) ))))) , (create_specification (index_definition (index_type_1 (index_or_key KEY) (index_column_list ( (index_columns (index_column (name (id `something else`)))) ))))) , (create_specification (index_definition (index_type_1 (index_or_key INDEX) (index_type USING BTREE) (index_column_list ( (index_columns (index_column (name (id yet_again)))) ))))) )))) <EOF>)
[1] 23:43:28,348 DEBUG SchemaChange - SQL_PARSE <- "CREATE DATABASE if not exists `foo` default character set='latin1' /* generate by server */"
[1] 23:43:28,349 DEBUG SchemaChange - SQL_PARSE ->   (parse (statement (create_database CREATE DATABASE (if_not_exists if not exists) (name (id `foo`)) (create_option (default_character_set default (charset_token character set) = (charset_name (string_literal 'latin1')))))) <EOF>)
[1] 23:43:28,349 DEBUG SchemaChange - ignoring sql: CREATE 
EVENT foo
[1] 23:43:28,349 DEBUG SchemaChange - ignoring sql: DROP FUNCTION IF EXISTS `DAY_NAME_FROM_NUMER` 
[1] 23:43:28,349 DEBUG SchemaChange - SQL_PARSE <- "ALTER DEFINER=foo VIEW"
[1] 23:43:28,351 DEBUG SchemaChange - Parse cancelled: org.antlr.v4.runtime.misc.ParseCancellationException: Not finishing parse of ALTER VIEW
[1] 23:43:28,351 DEBUG SchemaChange - SQL_PARSE <- "CREATE VIEW foo"
[1] 23:43:28,352 DEBUG SchemaChange - Parse cancelled: org.antlr.v4.runtime.misc.ParseCancellationException: Not finishing parse of CREATE VIEW
[1] 23:43:28,352 DEBUG SchemaChange - ignoring sql: CREATE TRIGGER foo
[1] 23:43:28,352 DEBUG SchemaChange - ignoring sql: CREATE DEFINER=`dba`@`localhost` TRIGGER `pt_osc_zd_shard485_prod_cf_values_del` ... 
[1] 23:43:28,352 DEBUG SchemaChange - ignoring sql: CREATE EVENT foo 
[1] 23:43:28,352 DEBUG SchemaChange - ignoring sql: DROP EVENT foo bar
[1] 23:43:28,352 DEBUG SchemaChange - SQL_PARSE <- "ALTER ALGORITHM = UNDEFINED DEFINER='view'@'localhost' SQL SECURITY DEFINER VIEW `fooview` as (SELECT * FROM FOO)VIEW view_name [(alskdj lk jdlfka j dlkjd lk"
[1] 23:43:28,353 DEBUG SchemaChange - Parse cancelled: org.antlr.v4.runtime.misc.ParseCancellationException: Not finishing parse of ALTER VIEW
[1] 23:43:28,353 DEBUG SchemaChange - ignoring sql: CREATE TEMPORARY TABLE 172898_16841_transmem SELECT t.* FROM map.transmem AS t
[1] 23:43:28,354 DEBUG SchemaChange - ignoring sql: DROP TEMPORARY TABLE IF EXISTS 172898_16841_transmem
[1] 23:43:28,354 DEBUG SchemaChange - ignoring sql: ALTER TEMPORARY TABLE 172898_16841_transmem ADD something VARCHAR(1)
[1] 23:43:28,354 DEBUG SchemaChange - ignoring sql:  CREATE EVENT FOO
[1] 23:43:28,354 INFO  SchemaChange - Ignoring DELETE statement: DELETE FROM `foo`.`bar`
[1] 23:43:28,355 INFO  SchemaChange - You may ignore this warning if this is a MEMORY table.
[1] 23:43:28,355 INFO  SchemaChange - Otherwise you should make sure your binlog_format setting is correct, and that your clients have all reconnected.
[1] 23:43:28,355 DEBUG SchemaChange - ignoring sql: CREATE ROLE 'administrator', 'developer'
[1] 23:43:28,355 DEBUG SchemaChange - ignoring sql: SET ROLE 'role1', 'role2'
[1] 23:43:28,355 DEBUG SchemaChange - ignoring sql: SET DEFAULT ROLE administrator, developer TO 'joe'@'10.0.0.1'
[1] 23:43:28,355 DEBUG SchemaChange - ignoring sql: DROP ROLE 'role1'
[1] 23:43:28,355 DEBUG SchemaChange - ignoring sql: 
drop procedure if exists `foo`
[1] 23:43:28,355 DEBUG SchemaChange - ignoring sql:  drop procedure if exists foo
[1] 23:43:28,355 DEBUG SchemaChange - SQL_PARSE <- "alter table c CHANGE column `foo` bar int(20) unsigned default 'foo' not null"
[1] 23:43:28,356 DEBUG SchemaChange - SQL_PARSE ->   (parse (statement (alter_table (alter_table_preamble alter table (table_name (name (id c)))) (alter_specifications (alter_specification (change_column CHANGE column (full_column_name (name (id `foo`))) (column_definition (name (id bar)) (data_type (signed_type int (length ( 20 )) (int_flags unsigned) (column_options (default_value default (literal_with_weirdo_multistring (string_literal 'foo')))) (column_options (nullability not null)))))))))) <EOF>)
[1] 23:43:28,360 DEBUG SchemaChange - SQL_PARSE <- "create table t1 (a varchar(5)) partition by list columns(a) ( partition p0 values in ("\\\\\'\n\'ac\"''"),   partition p1 values in (''),   partition p2 values in ('b'))"
[1] 23:43:28,361 DEBUG SchemaChange - rewrote SQL to create table t1 (a varchar(5)) partition by list columns/__MAXWELL__/ ( partition p0 values in ("\\\\\'\n\'ac\"''"),   partition p1 values in (''),   partition p2 values in ('b'))
[1] 23:43:28,361 DEBUG SchemaChange - SQL_PARSE <- "create table t1 (a varchar(5)) partition by list columns/__MAXWELL__/ ( partition p0 values in ("\\\\\'\n\'ac\"''"),   partition p1 values in (''),   partition p2 values in ('b'))"
[1] 23:43:28,362 DEBUG SchemaChange - rewrote SQL to create table t1 (a varchar(5)) partition by list columns/__MAXWELL__/ ( /__MAXWELL__/
[1] 23:43:28,362 DEBUG SchemaChange - SQL_PARSE <- "create table t1 (a varchar(5)) partition by list columns/__MAXWELL__/ ( /__MAXWELL__/"
[1] 23:43:28,362 DEBUG SchemaChange - SQL_PARSE ->   (parse (statement (create_table (create_table_preamble create table (table_name (name (id t1)))) (create_specifications ( (create_specification (column_definition (name (id a)) (data_type (string_type varchar (length ( 5 )))))) )) (table_creation_option (partition_by partition by (partition_by_what list columns (skip_parens /__MAXWELL__/)) (partition_definitions ( (skip_parens_inside_partition_definitions /__MAXWELL__/)))))) <EOF>)
[1] 23:43:28,362 DEBUG SchemaChange - SQL_PARSE <- "create table t1 (col1 int) engine='MYISAM'  partition by range(col1 * 12.3 / 111 >> 1 & 123 | 5 * 2 ~5 < !5) (partition p0 values less than (15), partition p1 values less than maxvalue)"
[1] 23:43:28,363 DEBUG SchemaChange - rewrote SQL to create table t1 (col1 int) engine='MYISAM'  partition by range/__MAXWELL__/ (partition p0 values less than (15), partition p1 values less than maxvalue)
[1] 23:43:28,363 DEBUG SchemaChange - SQL_PARSE <- "create table t1 (col1 int) engine='MYISAM'  partition by range/__MAXWELL__/ (partition p0 values less than (15), partition p1 values less than maxvalue)"
[1] 23:43:28,363 DEBUG SchemaChange - rewrote SQL to create table t1 (col1 int) engine='MYISAM'  partition by range/__MAXWELL__/ (/__MAXWELL__/
[1] 23:43:28,363 DEBUG SchemaChange - SQL_PARSE <- "create table t1 (col1 int) engine='MYISAM'  partition by range/__MAXWELL__/ (/__MAXWELL__/"
[1] 23:43:28,364 DEBUG SchemaChange - SQL_PARSE ->   (parse (statement (create_table (create_table_preamble create table (table_name (name (id t1)))) (create_specifications ( (create_specification (column_definition (name (id col1)) (data_type (signed_type int)))) )) (table_creation_option (creation_engine engine = (string_literal 'MYISAM'))) (table_creation_option (partition_by partition by (partition_by_what range (skip_parens /__MAXWELL__/)) (partition_definitions ( (skip_parens_inside_partition_definitions /__MAXWELL__/)))))) <EOF>)
[1] 23:43:28,364 DEBUG SchemaChange - SQL_PARSE <- "create table t1 (col1 time) engine='MYISAM'  partition by range(time_to_sec(col1)-(time_to_sec(col1)-20))  (partition p0 values less than (15), partition p1 values less than maxvalue)"
[1] 23:43:28,364 DEBUG SchemaChange - rewrote SQL to create table t1 (col1 time) engine='MYISAM'  partition by range/__MAXWELL__/  (partition p0 values less than (15), partition p1 values less than maxvalue)
[1] 23:43:28,364 DEBUG SchemaChange - SQL_PARSE <- "create table t1 (col1 time) engine='MYISAM'  partition by range/__MAXWELL__/  (partition p0 values less than (15), partition p1 values less than maxvalue)"
[1] 23:43:28,364 DEBUG SchemaChange - rewrote SQL to create table t1 (col1 time) engine='MYISAM'  partition by range/__MAXWELL__/  (/__MAXWELL__/
[1] 23:43:28,365 DEBUG SchemaChange - SQL_PARSE <- "create table t1 (col1 time) engine='MYISAM'  partition by range/__MAXWELL__/  (/__MAXWELL__/"
[1] 23:43:28,365 DEBUG SchemaChange - SQL_PARSE ->   (parse (statement (create_table (create_table_preamble create table (table_name (name (id t1)))) (create_specifications ( (create_specification (column_definition (name (id col1)) (data_type (generic_type time)))) )) (table_creation_option (creation_engine engine = (string_literal 'MYISAM'))) (table_creation_option (partition_by partition by (partition_by_what range (skip_parens /__MAXWELL__/)) (partition_definitions ( (skip_parens_inside_partition_definitions /__MAXWELL__/)))))) <EOF>)
[1] 23:43:28,365 DEBUG SchemaChange - SQL_PARSE <- "create table t1 (a varchar(5)) partition by list columns(a) ( partition p0 values in ('\n\x\\'),   partition p1 values in (''),   partition p2 values in ('b'))"
[1] 23:43:28,365 DEBUG SchemaChange - rewrote SQL to create table t1 (a varchar(5)) partition by list columns/__MAXWELL__/ ( partition p0 values in ('\n\x\\'),   partition p1 values in (''),   partition p2 values in ('b'))
[1] 23:43:28,365 DEBUG SchemaChange - SQL_PARSE <- "create table t1 (a varchar(5)) partition by list columns/__MAXWELL__/ ( partition p0 values in ('\n\x\\'),   partition p1 values in (''),   partition p2 values in ('b'))"
[1] 23:43:28,366 DEBUG SchemaChange - rewrote SQL to create table t1 (a varchar(5)) partition by list columns/__MAXWELL__/ ( /__MAXWELL__/
[1] 23:43:28,366 DEBUG SchemaChange - SQL_PARSE <- "create table t1 (a varchar(5)) partition by list columns/__MAXWELL__/ ( /__MAXWELL__/"
[1] 23:43:28,366 DEBUG SchemaChange - SQL_PARSE ->   (parse (statement (create_table (create_table_preamble create table (table_name (name (id t1)))) (create_specifications ( (create_specification (column_definition (name (id a)) (data_type (string_type varchar (length ( 5 )))))) )) (table_creation_option (partition_by partition by (partition_by_what list columns (skip_parens /__MAXWELL__/)) (partition_definitions ( (skip_parens_inside_partition_definitions /__MAXWELL__/)))))) <EOF>)
[1] 23:43:28,366 DEBUG SchemaChange - SQL_PARSE <- "create table t1 (a varchar(5)) partition by list columns(a) ( partition p0 values in ('\''),   partition p1 values in (''),   partition p2 values in ('b'))"
[1] 23:43:28,366 DEBUG SchemaChange - rewrote SQL to create table t1 (a varchar(5)) partition by list columns/__MAXWELL__/ ( partition p0 values in ('\''),   partition p1 values in (''),   partition p2 values in ('b'))
[1] 23:43:28,366 DEBUG SchemaChange - SQL_PARSE <- "create table t1 (a varchar(5)) partition by list columns/__MAXWELL__/ ( partition p0 values in ('\''),   partition p1 values in (''),   partition p2 values in ('b'))"
[1] 23:43:28,367 DEBUG SchemaChange - rewrote SQL to create table t1 (a varchar(5)) partition by list columns/__MAXWELL__/ ( /__MAXWELL__/
[1] 23:43:28,367 DEBUG SchemaChange - SQL_PARSE <- "create table t1 (a varchar(5)) partition by list columns/__MAXWELL__/ ( /__MAXWELL__/"
[1] 23:43:28,367 DEBUG SchemaChange - SQL_PARSE ->   (parse (statement (create_table (create_table_preamble create table (table_name (name (id t1)))) (create_specifications ( (create_specification (column_definition (name (id a)) (data_type (string_type varchar (length ( 5 )))))) )) (table_creation_option (partition_by partition by (partition_by_what list columns (skip_parens /__MAXWELL__/)) (partition_definitions ( (skip_parens_inside_partition_definitions /__MAXWELL__/)))))) <EOF>)
[1] 23:43:28,367 DEBUG SchemaChange - SQL_PARSE <- "CREATE TABLE t2 ( a int NOT NULL, b int NOT NULL, INDEX(b)) PARTITION BY HASH(a);"
[1] 23:43:28,367 DEBUG SchemaChange - rewrote SQL to CREATE TABLE t2 ( a int NOT NULL, b int NOT NULL, INDEX(b)) PARTITION BY HASH/__MAXWELL__/
[1] 23:43:28,367 DEBUG SchemaChange - SQL_PARSE <- "CREATE TABLE t2 ( a int NOT NULL, b int NOT NULL, INDEX(b)) PARTITION BY HASH/__MAXWELL__/"
[1] 23:43:28,368 DEBUG SchemaChange - SQL_PARSE ->   (parse (statement (create_table (create_table_preamble CREATE TABLE (table_name (name (id t2)))) (create_specifications ( (create_specification (column_definition (name (id a)) (data_type (signed_type int (column_options (nullability NOT NULL)))))) , (create_specification (column_definition (name (id b)) (data_type (signed_type int (column_options (nullability NOT NULL)))))) , (create_specification (index_definition (index_type_1 (index_or_key INDEX) (index_column_list ( (index_columns (index_column (name (id b)))) ))))) )) (table_creation_option (partition_by PARTITION BY (partition_by_what HASH (skip_parens /__MAXWELL__/)))))) <EOF>)
[1] 23:43:28,368 DEBUG SchemaChange - SQL_PARSE <- "CREATE TABLE t2 ( a int NOT NULL, b int NOT NULL, INDEX(b)) PARTITION BY LINEAR HASH(a);"
[1] 23:43:28,368 DEBUG SchemaChange - rewrote SQL to CREATE TABLE t2 ( a int NOT NULL, b int NOT NULL, INDEX(b)) PARTITION BY LINEAR HASH/__MAXWELL__/
[1] 23:43:28,368 DEBUG SchemaChange - SQL_PARSE <- "CREATE TABLE t2 ( a int NOT NULL, b int NOT NULL, INDEX(b)) PARTITION BY LINEAR HASH/__MAXWELL__/"
[1] 23:43:28,369 DEBUG SchemaChange - SQL_PARSE ->   (parse (statement (create_table (create_table_preamble CREATE TABLE (table_name (name (id t2)))) (create_specifications ( (create_specification (column_definition (name (id a)) (data_type (signed_type int (column_options (nullability NOT NULL)))))) , (create_specification (column_definition (name (id b)) (data_type (signed_type int (column_options (nullability NOT NULL)))))) , (create_specification (index_definition (index_type_1 (index_or_key INDEX) (index_column_list ( (index_columns (index_column (name (id b)))) ))))) )) (table_creation_option (partition_by PARTITION BY (partition_by_what LINEAR HASH (skip_parens /__MAXWELL__/)))))) <EOF>)
[1] 23:43:28,369 DEBUG SchemaChange - SQL_PARSE <- "CREATE TABLE t2 ( a int NOT NULL, b int NOT NULL, INDEX(b)) PARTITION BY KEY ALGORITHM=2 (a, b, c);"
[1] 23:43:28,369 DEBUG SchemaChange - rewrote SQL to CREATE TABLE t2 ( a int NOT NULL, b int NOT NULL, INDEX(b)) PARTITION BY KEY ALGORITHM=2 /__MAXWELL__/
[1] 23:43:28,369 DEBUG SchemaChange - SQL_PARSE <- "CREATE TABLE t2 ( a int NOT NULL, b int NOT NULL, INDEX(b)) PARTITION BY KEY ALGORITHM=2 /__MAXWELL__/"
[1] 23:43:28,369 DEBUG SchemaChange - SQL_PARSE ->   (parse (statement (create_table (create_table_preamble CREATE TABLE (table_name (name (id t2)))) (create_specifications ( (create_specification (column_definition (name (id a)) (data_type (signed_type int (column_options (nullability NOT NULL)))))) , (create_specification (column_definition (name (id b)) (data_type (signed_type int (column_options (nullability NOT NULL)))))) , (create_specification (index_definition (index_type_1 (index_or_key INDEX) (index_column_list ( (index_columns (index_column (name (id b)))) ))))) )) (table_creation_option (partition_by PARTITION BY (partition_by_what KEY ALGORITHM = 2 (skip_parens /__MAXWELL__/)))))) <EOF>)
[1] 23:43:28,369 DEBUG SchemaChange - SQL_PARSE <- "CREATE TABLE t1 (a int, b int, primary key(a,b)) PARTITION BY KEY(b,a) PARTITIONS 4;"
[1] 23:43:28,370 DEBUG SchemaChange - rewrote SQL to CREATE TABLE t1 (a int, b int, primary key(a,b)) PARTITION BY KEY/__MAXWELL__/ PARTITIONS 4
[1] 23:43:28,370 DEBUG SchemaChange - SQL_PARSE <- "CREATE TABLE t1 (a int, b int, primary key(a,b)) PARTITION BY KEY/__MAXWELL__/ PARTITIONS 4"
[1] 23:43:28,370 DEBUG SchemaChange - SQL_PARSE ->   (parse (statement (create_table (create_table_preamble CREATE TABLE (table_name (name (id t1)))) (create_specifications ( (create_specification (column_definition (name (id a)) (data_type (signed_type int)))) , (create_specification (column_definition (name (id b)) (data_type (signed_type int)))) , (create_specification (index_definition (index_type_pk primary key (index_column_list ( (index_columns (index_column (name (id a))) , (index_column (name (id b)))) ))))) )) (table_creation_option (partition_by PARTITION BY (partition_by_what KEY (skip_parens /__MAXWELL__/)) (partition_count PARTITIONS 4))))) <EOF>)
[1] 23:43:28,370 DEBUG SchemaChange - SQL_PARSE <- "CREATE TABLE t1 (id MEDIUMINT NOT NULL, b1 BIT(8), vc VARCHAR(255), bc CHAR(255), d DECIMAL(10,4) DEFAULT 0, f FLOAT DEFAULT 0, total BIGINT UNSIGNED, y YEAR, t DATE) PARTITION BY RANGE (YEAR(t)) (PARTITION p0 VALUES LESS THAN (1901), PARTITION p1 VALUES LESS THAN (1946),  PARTITION p2 VALUES LESS THAN (1966), PARTITION p3 VALUES LESS THAN (1986), PARTITION p4 VALUES LESS THAN (2005), PARTITION p5 VALUES LESS THAN MAXVALUE);"
[1] 23:43:28,372 DEBUG SchemaChange - rewrote SQL to CREATE TABLE t1 (id MEDIUMINT NOT NULL, b1 BIT(8), vc VARCHAR(255), bc CHAR(255), d DECIMAL(10,4) DEFAULT 0, f FLOAT DEFAULT 0, total BIGINT UNSIGNED, y YEAR, t DATE) PARTITION BY RANGE /__MAXWELL__/ (PARTITION p0 VALUES LESS THAN (1901), PARTITION p1 VALUES LESS THAN (1946),  PARTITION p2 VALUES LESS THAN (1966), PARTITION p3 VALUES LESS THAN (1986), PARTITION p4 VALUES LESS THAN (2005), PARTITION p5 VALUES LESS THAN MAXVALUE)
[1] 23:43:28,372 DEBUG SchemaChange - SQL_PARSE <- "CREATE TABLE t1 (id MEDIUMINT NOT NULL, b1 BIT(8), vc VARCHAR(255), bc CHAR(255), d DECIMAL(10,4) DEFAULT 0, f FLOAT DEFAULT 0, total BIGINT UNSIGNED, y YEAR, t DATE) PARTITION BY RANGE /__MAXWELL__/ (PARTITION p0 VALUES LESS THAN (1901), PARTITION p1 VALUES LESS THAN (1946),  PARTITION p2 VALUES LESS THAN (1966), PARTITION p3 VALUES LESS THAN (1986), PARTITION p4 VALUES LESS THAN (2005), PARTITION p5 VALUES LESS THAN MAXVALUE)"
[1] 23:43:28,373 DEBUG SchemaChange - rewrote SQL to CREATE TABLE t1 (id MEDIUMINT NOT NULL, b1 BIT(8), vc VARCHAR(255), bc CHAR(255), d DECIMAL(10,4) DEFAULT 0, f FLOAT DEFAULT 0, total BIGINT UNSIGNED, y YEAR, t DATE) PARTITION BY RANGE /__MAXWELL__/ (/__MAXWELL__/
[1] 23:43:28,373 DEBUG SchemaChange - SQL_PARSE <- "CREATE TABLE t1 (id MEDIUMINT NOT NULL, b1 BIT(8), vc VARCHAR(255), bc CHAR(255), d DECIMAL(10,4) DEFAULT 0, f FLOAT DEFAULT 0, total BIGINT UNSIGNED, y YEAR, t DATE) PARTITION BY RANGE /__MAXWELL__/ (/__MAXWELL__/"
[1] 23:43:28,374 DEBUG SchemaChange - SQL_PARSE ->   (parse (statement (create_table (create_table_preamble CREATE TABLE (table_name (name (id t1)))) (create_specifications ( (create_specification (column_definition (name (id id)) (data_type (signed_type MEDIUMINT (column_options (nullability NOT NULL)))))) , (create_specification (column_definition (name (id b1)) (data_type (generic_type BIT (length ( 8 )))))) , (create_specification (column_definition (name (id vc)) (data_type (string_type VARCHAR (length ( 255 )))))) , (create_specification (column_definition (name (id bc)) (data_type (string_type CHAR (length ( 255 )))))) , (create_specification (column_definition (name (id d)) (data_type (signed_type DECIMAL (decimal_length ( 10 , 4 )) (column_options (default_value DEFAULT (literal_with_weirdo_multistring (integer_literal 0)))))))) , (create_specification (column_definition (name (id f)) (data_type (signed_type FLOAT (column_options (default_value DEFAULT (literal_with_weirdo_multistring (integer_literal 0)))))))) , (create_specification (column_definition (name (id total)) (data_type (signed_type BIGINT (int_flags UNSIGNED))))) , (create_specification (column_definition (name (id y)) (data_type (generic_type YEAR)))) , (create_specification (column_definition (name (id t)) (data_type (generic_type DATE)))) )) (table_creation_option (partition_by PARTITION BY (partition_by_what RANGE (skip_parens /__MAXWELL__/)) (partition_definitions ( (skip_parens_inside_partition_definitions /__MAXWELL__/)))))) <EOF>)
[1] 23:43:28,374 DEBUG SchemaChange - SQL_PARSE <- "CREATE TABLE t1 (id MEDIUMINT NOT NULL, b1 BIT(8), vc VARCHAR(255), bc CHAR(255), d DECIMAL(10,4) DEFAULT 0, f FLOAT DEFAULT 0, total BIGINT UNSIGNED, y YEAR, t DATE) PARTITION BY LIST(id) (PARTITION p0 VALUES IN (2, 4), PARTITION p1 VALUES IN (42, 142));"
[1] 23:43:28,374 DEBUG SchemaChange - rewrote SQL to CREATE TABLE t1 (id MEDIUMINT NOT NULL, b1 BIT(8), vc VARCHAR(255), bc CHAR(255), d DECIMAL(10,4) DEFAULT 0, f FLOAT DEFAULT 0, total BIGINT UNSIGNED, y YEAR, t DATE) PARTITION BY LIST/__MAXWELL__/ (PARTITION p0 VALUES IN (2, 4), PARTITION p1 VALUES IN (42, 142))
[1] 23:43:28,375 DEBUG SchemaChange - SQL_PARSE <- "CREATE TABLE t1 (id MEDIUMINT NOT NULL, b1 BIT(8), vc VARCHAR(255), bc CHAR(255), d DECIMAL(10,4) DEFAULT 0, f FLOAT DEFAULT 0, total BIGINT UNSIGNED, y YEAR, t DATE) PARTITION BY LIST/__MAXWELL__/ (PARTITION p0 VALUES IN (2, 4), PARTITION p1 VALUES IN (42, 142))"
[1] 23:43:28,375 DEBUG SchemaChange - rewrote SQL to CREATE TABLE t1 (id MEDIUMINT NOT NULL, b1 BIT(8), vc VARCHAR(255), bc CHAR(255), d DECIMAL(10,4) DEFAULT 0, f FLOAT DEFAULT 0, total BIGINT UNSIGNED, y YEAR, t DATE) PARTITION BY LIST/__MAXWELL__/ (/__MAXWELL__/
[1] 23:43:28,375 DEBUG SchemaChange - SQL_PARSE <- "CREATE TABLE t1 (id MEDIUMINT NOT NULL, b1 BIT(8), vc VARCHAR(255), bc CHAR(255), d DECIMAL(10,4) DEFAULT 0, f FLOAT DEFAULT 0, total BIGINT UNSIGNED, y YEAR, t DATE) PARTITION BY LIST/__MAXWELL__/ (/__MAXWELL__/"
[1] 23:43:28,376 DEBUG SchemaChange - SQL_PARSE ->   (parse (statement (create_table (create_table_preamble CREATE TABLE (table_name (name (id t1)))) (create_specifications ( (create_specification (column_definition (name (id id)) (data_type (signed_type MEDIUMINT (column_options (nullability NOT NULL)))))) , (create_specification (column_definition (name (id b1)) (data_type (generic_type BIT (length ( 8 )))))) , (create_specification (column_definition (name (id vc)) (data_type (string_type VARCHAR (length ( 255 )))))) , (create_specification (column_definition (name (id bc)) (data_type (string_type CHAR (length ( 255 )))))) , (create_specification (column_definition (name (id d)) (data_type (signed_type DECIMAL (decimal_length ( 10 , 4 )) (column_options (default_value DEFAULT (literal_with_weirdo_multistring (integer_literal 0)))))))) , (create_specification (column_definition (name (id f)) (data_type (signed_type FLOAT (column_options (default_value DEFAULT (literal_with_weirdo_multistring (integer_literal 0)))))))) , (create_specification (column_definition (name (id total)) (data_type (signed_type BIGINT (int_flags UNSIGNED))))) , (create_specification (column_definition (name (id y)) (data_type (generic_type YEAR)))) , (create_specification (column_definition (name (id t)) (data_type (generic_type DATE)))) )) (table_creation_option (partition_by PARTITION BY (partition_by_what LIST (skip_parens /__MAXWELL__/)) (partition_definitions ( (skip_parens_inside_partition_definitions /__MAXWELL__/)))))) <EOF>)
[1] 23:43:28,376 DEBUG SchemaChange - SQL_PARSE <- "CREATE TABLE t1 (id MEDIUMINT NOT NULL, b1 BIT(8), vc VARCHAR(255), bc CHAR(255), d DECIMAL(10,4) DEFAULT 0, f FLOAT DEFAULT 0, total BIGINT UNSIGNED, y YEAR, t DATE) PARTITION BY HASH( YEAR(t) ) PARTITIONS 4;"
[1] 23:43:28,376 DEBUG SchemaChange - rewrote SQL to CREATE TABLE t1 (id MEDIUMINT NOT NULL, b1 BIT(8), vc VARCHAR(255), bc CHAR(255), d DECIMAL(10,4) DEFAULT 0, f FLOAT DEFAULT 0, total BIGINT UNSIGNED, y YEAR, t DATE) PARTITION BY HASH/__MAXWELL__/ PARTITIONS 4
[1] 23:43:28,376 DEBUG SchemaChange - SQL_PARSE <- "CREATE TABLE t1 (id MEDIUMINT NOT NULL, b1 BIT(8), vc VARCHAR(255), bc CHAR(255), d DECIMAL(10,4) DEFAULT 0, f FLOAT DEFAULT 0, total BIGINT UNSIGNED, y YEAR, t DATE) PARTITION BY HASH/__MAXWELL__/ PARTITIONS 4"
[1] 23:43:28,377 DEBUG SchemaChange - SQL_PARSE ->   (parse (statement (create_table (create_table_preamble CREATE TABLE (table_name (name (id t1)))) (create_specifications ( (create_specification (column_definition (name (id id)) (data_type (signed_type MEDIUMINT (column_options (nullability NOT NULL)))))) , (create_specification (column_definition (name (id b1)) (data_type (generic_type BIT (length ( 8 )))))) , (create_specification (column_definition (name (id vc)) (data_type (string_type VARCHAR (length ( 255 )))))) , (create_specification (column_definition (name (id bc)) (data_type (string_type CHAR (length ( 255 )))))) , (create_specification (column_definition (name (id d)) (data_type (signed_type DECIMAL (decimal_length ( 10 , 4 )) (column_options (default_value DEFAULT (literal_with_weirdo_multistring (integer_literal 0)))))))) , (create_specification (column_definition (name (id f)) (data_type (signed_type FLOAT (column_options (default_value DEFAULT (literal_with_weirdo_multistring (integer_literal 0)))))))) , (create_specification (column_definition (name (id total)) (data_type (signed_type BIGINT (int_flags UNSIGNED))))) , (create_specification (column_definition (name (id y)) (data_type (generic_type YEAR)))) , (create_specification (column_definition (name (id t)) (data_type (generic_type DATE)))) )) (table_creation_option (partition_by PARTITION BY (partition_by_what HASH (skip_parens /__MAXWELL__/)) (partition_count PARTITIONS 4))))) <EOF>)
[1] 23:43:28,377 DEBUG SchemaChange - SQL_PARSE <- "CREATE TABLE t1 (id MEDIUMINT NOT NULL, b1 BIT(8), vc VARCHAR(255), bc CHAR(255), d DECIMAL(10,4) DEFAULT 0, f FLOAT DEFAULT 0, total BIGINT UNSIGNED, y YEAR, t DATE,PRIMARY KEY(id)) PARTITION BY KEY() PARTITIONS 4;"
[1] 23:43:28,377 DEBUG SchemaChange - rewrote SQL to CREATE TABLE t1 (id MEDIUMINT NOT NULL, b1 BIT(8), vc VARCHAR(255), bc CHAR(255), d DECIMAL(10,4) DEFAULT 0, f FLOAT DEFAULT 0, total BIGINT UNSIGNED, y YEAR, t DATE,PRIMARY KEY(id)) PARTITION BY KEY/__MAXWELL__/ PARTITIONS 4
[1] 23:43:28,378 DEBUG SchemaChange - SQL_PARSE <- "CREATE TABLE t1 (id MEDIUMINT NOT NULL, b1 BIT(8), vc VARCHAR(255), bc CHAR(255), d DECIMAL(10,4) DEFAULT 0, f FLOAT DEFAULT 0, total BIGINT UNSIGNED, y YEAR, t DATE,PRIMARY KEY(id)) PARTITION BY KEY/__MAXWELL__/ PARTITIONS 4"
[1] 23:43:28,378 DEBUG SchemaChange - SQL_PARSE ->   (parse (statement (create_table (create_table_preamble CREATE TABLE (table_name (name (id t1)))) (create_specifications ( (create_specification (column_definition (name (id id)) (data_type (signed_type MEDIUMINT (column_options (nullability NOT NULL)))))) , (create_specification (column_definition (name (id b1)) (data_type (generic_type BIT (length ( 8 )))))) , (create_specification (column_definition (name (id vc)) (data_type (string_type VARCHAR (length ( 255 )))))) , (create_specification (column_definition (name (id bc)) (data_type (string_type CHAR (length ( 255 )))))) , (create_specification (column_definition (name (id d)) (data_type (signed_type DECIMAL (decimal_length ( 10 , 4 )) (column_options (default_value DEFAULT (literal_with_weirdo_multistring (integer_literal 0)))))))) , (create_specification (column_definition (name (id f)) (data_type (signed_type FLOAT (column_options (default_value DEFAULT (literal_with_weirdo_multistring (integer_literal 0)))))))) , (create_specification (column_definition (name (id total)) (data_type (signed_type BIGINT (int_flags UNSIGNED))))) , (create_specification (column_definition (name (id y)) (data_type (generic_type YEAR)))) , (create_specification (column_definition (name (id t)) (data_type (generic_type DATE)))) , (create_specification (index_definition (index_type_pk PRIMARY KEY (index_column_list ( (index_columns (index_column (name (id id)))) ))))) )) (table_creation_option (partition_by PARTITION BY (partition_by_what KEY (skip_parens /__MAXWELL__/)) (partition_count PARTITIONS 4))))) <EOF>)
[1] 23:43:28,378 DEBUG SchemaChange - SQL_PARSE <- "CREATE TABLE t1 (id INT NOT NULL PRIMARY KEY, name VARCHAR(16) NOT NULL, year YEAR, INDEX name (name(8))) PARTITION BY HASH(id) PARTITIONS 2;"
[1] 23:43:28,379 DEBUG SchemaChange - rewrote SQL to CREATE TABLE t1 (id INT NOT NULL PRIMARY KEY, name VARCHAR(16) NOT NULL, year YEAR, INDEX name (name(8))) PARTITION BY HASH/__MAXWELL__/ PARTITIONS 2
[1] 23:43:28,379 DEBUG SchemaChange - SQL_PARSE <- "CREATE TABLE t1 (id INT NOT NULL PRIMARY KEY, name VARCHAR(16) NOT NULL, year YEAR, INDEX name (name(8))) PARTITION BY HASH/__MAXWELL__/ PARTITIONS 2"
[1] 23:43:28,379 DEBUG SchemaChange - SQL_PARSE ->   (parse (statement (create_table (create_table_preamble CREATE TABLE (table_name (name (id t1)))) (create_specifications ( (create_specification (column_definition (name (id id)) (data_type (signed_type INT (column_options (nullability NOT NULL)) (column_options (primary_key PRIMARY KEY)))))) , (create_specification (column_definition (name (tokens_available_for_names name)) (data_type (string_type VARCHAR (length ( 16 )) (column_options (nullability NOT NULL)))))) , (create_specification (column_definition (name (tokens_available_for_names year)) (data_type (generic_type YEAR)))) , (create_specification (index_definition (index_type_1 (index_or_key INDEX) (index_name (name (tokens_available_for_names name))) (index_column_list ( (index_columns (index_column (name (tokens_available_for_names name)) (index_column_partial_def ( (index_column_partial_length 8) )))) ))))) )) (table_creation_option (partition_by PARTITION BY (partition_by_what HASH (skip_parens /__MAXWELL__/)) (partition_count PARTITIONS 2))))) <EOF>)
[1] 23:43:28,379 DEBUG SchemaChange - SQL_PARSE <- "CREATE TABLE t1 ( ID int(11) NOT NULL, `aaaa,aaaaa` tinyint(3) UNSIGNED NOT NULL DEFAULT '0', ddddddddd int(11) NOT NULL DEFAULT '0', new_field0 varchar(50), PRIMARY KEY(ID, `aaaa,aaaaa`, ddddddddd)) PARTITION BY RANGE(ID) PARTITIONS 3 SUBPARTITION BY LINEAR KEY(ID,`aaaa,aaaaa`) SUBPARTITIONS 2 ( PARTITION p01 VALUES LESS THAN(100), PARTITION p11 VALUES LESS THAN(200), PARTITION p21 VALUES LESS THAN MAXVALUE);"
[1] 23:43:28,380 DEBUG SchemaChange - rewrote SQL to CREATE TABLE t1 ( ID int(11) NOT NULL, `aaaa,aaaaa` tinyint(3) UNSIGNED NOT NULL DEFAULT '0', ddddddddd int(11) NOT NULL DEFAULT '0', new_field0 varchar(50), PRIMARY KEY(ID, `aaaa,aaaaa`, ddddddddd)) PARTITION BY RANGE/__MAXWELL__/ PARTITIONS 3 SUBPARTITION BY LINEAR KEY(ID,`aaaa,aaaaa`) SUBPARTITIONS 2 ( PARTITION p01 VALUES LESS THAN(100), PARTITION p11 VALUES LESS THAN(200), PARTITION p21 VALUES LESS THAN MAXVALUE)
[1] 23:43:28,380 DEBUG SchemaChange - SQL_PARSE <- "CREATE TABLE t1 ( ID int(11) NOT NULL, `aaaa,aaaaa` tinyint(3) UNSIGNED NOT NULL DEFAULT '0', ddddddddd int(11) NOT NULL DEFAULT '0', new_field0 varchar(50), PRIMARY KEY(ID, `aaaa,aaaaa`, ddddddddd)) PARTITION BY RANGE/__MAXWELL__/ PARTITIONS 3 SUBPARTITION BY LINEAR KEY(ID,`aaaa,aaaaa`) SUBPARTITIONS 2 ( PARTITION p01 VALUES LESS THAN(100), PARTITION p11 VALUES LESS THAN(200), PARTITION p21 VALUES LESS THAN MAXVALUE)"
[1] 23:43:28,381 DEBUG SchemaChange - rewrote SQL to CREATE TABLE t1 ( ID int(11) NOT NULL, `aaaa,aaaaa` tinyint(3) UNSIGNED NOT NULL DEFAULT '0', ddddddddd int(11) NOT NULL DEFAULT '0', new_field0 varchar(50), PRIMARY KEY(ID, `aaaa,aaaaa`, ddddddddd)) PARTITION BY RANGE/__MAXWELL__/ PARTITIONS 3 SUBPARTITION BY LINEAR KEY/__MAXWELL__/ SUBPARTITIONS 2 ( PARTITION p01 VALUES LESS THAN(100), PARTITION p11 VALUES LESS THAN(200), PARTITION p21 VALUES LESS THAN MAXVALUE)
[1] 23:43:28,381 DEBUG SchemaChange - SQL_PARSE <- "CREATE TABLE t1 ( ID int(11) NOT NULL, `aaaa,aaaaa` tinyint(3) UNSIGNED NOT NULL DEFAULT '0', ddddddddd int(11) NOT NULL DEFAULT '0', new_field0 varchar(50), PRIMARY KEY(ID, `aaaa,aaaaa`, ddddddddd)) PARTITION BY RANGE/__MAXWELL__/ PARTITIONS 3 SUBPARTITION BY LINEAR KEY/__MAXWELL__/ SUBPARTITIONS 2 ( PARTITION p01 VALUES LESS THAN(100), PARTITION p11 VALUES LESS THAN(200), PARTITION p21 VALUES LESS THAN MAXVALUE)"
[1] 23:43:28,381 DEBUG SchemaChange - rewrote SQL to CREATE TABLE t1 ( ID int(11) NOT NULL, `aaaa,aaaaa` tinyint(3) UNSIGNED NOT NULL DEFAULT '0', ddddddddd int(11) NOT NULL DEFAULT '0', new_field0 varchar(50), PRIMARY KEY(ID, `aaaa,aaaaa`, ddddddddd)) PARTITION BY RANGE/__MAXWELL__/ PARTITIONS 3 SUBPARTITION BY LINEAR KEY/__MAXWELL__/ SUBPARTITIONS 2 ( /__MAXWELL__/
[1] 23:43:28,381 DEBUG SchemaChange - SQL_PARSE <- "CREATE TABLE t1 ( ID int(11) NOT NULL, `aaaa,aaaaa` tinyint(3) UNSIGNED NOT NULL DEFAULT '0', ddddddddd int(11) NOT NULL DEFAULT '0', new_field0 varchar(50), PRIMARY KEY(ID, `aaaa,aaaaa`, ddddddddd)) PARTITION BY RANGE/__MAXWELL__/ PARTITIONS 3 SUBPARTITION BY LINEAR KEY/__MAXWELL__/ SUBPARTITIONS 2 ( /__MAXWELL__/"
[1] 23:43:28,382 DEBUG SchemaChange - SQL_PARSE ->   (parse (statement (create_table (create_table_preamble CREATE TABLE (table_name (name (id t1)))) (create_specifications ( (create_specification (column_definition (name (id ID)) (data_type (signed_type int (length ( 11 )) (column_options (nullability NOT NULL)))))) , (create_specification (column_definition (name (id `aaaa,aaaaa`)) (data_type (signed_type tinyint (length ( 3 )) (int_flags UNSIGNED) (column_options (nullability NOT NULL)) (column_options (default_value DEFAULT (literal_with_weirdo_multistring (string_literal '0')))))))) , (create_specification (column_definition (name (id ddddddddd)) (data_type (signed_type int (length ( 11 )) (column_options (nullability NOT NULL)) (column_options (default_value DEFAULT (literal_with_weirdo_multistring (string_literal '0')))))))) , (create_specification (column_definition (name (id new_field0)) (data_type (string_type varchar (length ( 50 )))))) , (create_specification (index_definition (index_type_pk PRIMARY KEY (index_column_list ( (index_columns (index_column (name (id ID))) , (index_column (name (id `aaaa,aaaaa`))) , (index_column (name (id ddddddddd)))) ))))) )) (table_creation_option (partition_by PARTITION BY (partition_by_what RANGE (skip_parens /__MAXWELL__/)) (partition_count PARTITIONS 3) (subpartition_by SUBPARTITION BY (partition_by_what LINEAR KEY (skip_parens /__MAXWELL__/)) SUBPARTITIONS 2) (partition_definitions ( (skip_parens_inside_partition_definitions /__MAXWELL__/)))))) <EOF>)
[1] 23:43:28,382 DEBUG SchemaChange - SQL_PARSE <- "CREATE TABLE t1 (  a int not null, b int not null, c int not null, primary key(a,b)) partition by list (a) (partition x1 values in (1,2,9,4) tablespace ts1)"
[1] 23:43:28,383 DEBUG SchemaChange - rewrote SQL to CREATE TABLE t1 (  a int not null, b int not null, c int not null, primary key(a,b)) partition by list /__MAXWELL__/ (partition x1 values in (1,2,9,4) tablespace ts1)
[1] 23:43:28,383 DEBUG SchemaChange - SQL_PARSE <- "CREATE TABLE t1 (  a int not null, b int not null, c int not null, primary key(a,b)) partition by list /__MAXWELL__/ (partition x1 values in (1,2,9,4) tablespace ts1)"
[1] 23:43:28,383 DEBUG SchemaChange - rewrote SQL to CREATE TABLE t1 (  a int not null, b int not null, c int not null, primary key(a,b)) partition by list /__MAXWELL__/ (/__MAXWELL__/
[1] 23:43:28,383 DEBUG SchemaChange - SQL_PARSE <- "CREATE TABLE t1 (  a int not null, b int not null, c int not null, primary key(a,b)) partition by list /__MAXWELL__/ (/__MAXWELL__/"
[1] 23:43:28,383 DEBUG SchemaChange - SQL_PARSE ->   (parse (statement (create_table (create_table_preamble CREATE TABLE (table_name (name (id t1)))) (create_specifications ( (create_specification (column_definition (name (id a)) (data_type (signed_type int (column_options (nullability not null)))))) , (create_specification (column_definition (name (id b)) (data_type (signed_type int (column_options (nullability not null)))))) , (create_specification (column_definition (name (id c)) (data_type (signed_type int (column_options (nullability not null)))))) , (create_specification (index_definition (index_type_pk primary key (index_column_list ( (index_columns (index_column (name (id a))) , (index_column (name (id b)))) ))))) )) (table_creation_option (partition_by partition by (partition_by_what list (skip_parens /__MAXWELL__/)) (partition_definitions ( (skip_parens_inside_partition_definitions /__MAXWELL__/)))))) <EOF>)
[1] 23:43:28,384 DEBUG SchemaChange - SQL_PARSE <- "CREATE TABLE t1 ( a int not null) partition by key(a)"
[1] 23:43:28,384 DEBUG SchemaChange - rewrote SQL to CREATE TABLE t1 ( a int not null) partition by key/__MAXWELL__/
[1] 23:43:28,384 DEBUG SchemaChange - SQL_PARSE <- "CREATE TABLE t1 ( a int not null) partition by key/__MAXWELL__/"
[1] 23:43:28,384 DEBUG SchemaChange - SQL_PARSE ->   (parse (statement (create_table (create_table_preamble CREATE TABLE (table_name (name (id t1)))) (create_specifications ( (create_specification (column_definition (name (id a)) (data_type (signed_type int (column_options (nullability not null)))))) )) (table_creation_option (partition_by partition by (partition_by_what key (skip_parens /__MAXWELL__/)))))) <EOF>)
[1] 23:43:28,384 DEBUG SchemaChange - SQL_PARSE <- "CREATE TABLE t1 ( a int not null, b bigint not null, primary key(a), index (b)) partition by range (a) partitions 2 (partition x1 values less than (25), partition x2 values less than (100))"
[1] 23:43:28,385 DEBUG SchemaChange - rewrote SQL to CREATE TABLE t1 ( a int not null, b bigint not null, primary key(a), index (b)) partition by range /__MAXWELL__/ partitions 2 (partition x1 values less than (25), partition x2 values less than (100))
[1] 23:43:28,385 DEBUG SchemaChange - SQL_PARSE <- "CREATE TABLE t1 ( a int not null, b bigint not null, primary key(a), index (b)) partition by range /__MAXWELL__/ partitions 2 (partition x1 values less than (25), partition x2 values less than (100))"
[1] 23:43:28,385 DEBUG SchemaChange - rewrote SQL to CREATE TABLE t1 ( a int not null, b bigint not null, primary key(a), index (b)) partition by range /__MAXWELL__/ partitions 2 (/__MAXWELL__/
[1] 23:43:28,385 DEBUG SchemaChange - SQL_PARSE <- "CREATE TABLE t1 ( a int not null, b bigint not null, primary key(a), index (b)) partition by range /__MAXWELL__/ partitions 2 (/__MAXWELL__/"
[1] 23:43:28,385 DEBUG SchemaChange - SQL_PARSE ->   (parse (statement (create_table (create_table_preamble CREATE TABLE (table_name (name (id t1)))) (create_specifications ( (create_specification (column_definition (name (id a)) (data_type (signed_type int (column_options (nullability not null)))))) , (create_specification (column_definition (name (id b)) (data_type (signed_type bigint (column_options (nullability not null)))))) , (create_specification (index_definition (index_type_pk primary key (index_column_list ( (index_columns (index_column (name (id a)))) ))))) , (create_specification (index_definition (index_type_1 (index_or_key index) (index_column_list ( (index_columns (index_column (name (id b)))) ))))) )) (table_creation_option (partition_by partition by (partition_by_what range (skip_parens /__MAXWELL__/)) (partition_count partitions 2) (partition_definitions ( (skip_parens_inside_partition_definitions /__MAXWELL__/)))))) <EOF>)
[1] 23:43:28,385 DEBUG SchemaChange - SQL_PARSE <- "CREATE TABLE t1 ( a int not null, b bigint unsigned not null, primary key(a), index (b)) partition by range (a) partitions 2 (partition x1 values less than (25), partition x2 values less than (100))"
[1] 23:43:28,386 DEBUG SchemaChange - rewrote SQL to CREATE TABLE t1 ( a int not null, b bigint unsigned not null, primary key(a), index (b)) partition by range /__MAXWELL__/ partitions 2 (partition x1 values less than (25), partition x2 values less than (100))
[1] 23:43:28,386 DEBUG SchemaChange - SQL_PARSE <- "CREATE TABLE t1 ( a int not null, b bigint unsigned not null, primary key(a), index (b)) partition by range /__MAXWELL__/ partitions 2 (partition x1 values less than (25), partition x2 values less than (100))"
[1] 23:43:28,386 DEBUG SchemaChange - rewrote SQL to CREATE TABLE t1 ( a int not null, b bigint unsigned not null, primary key(a), index (b)) partition by range /__MAXWELL__/ partitions 2 (/__MAXWELL__/
[1] 23:43:28,386 DEBUG SchemaChange - SQL_PARSE <- "CREATE TABLE t1 ( a int not null, b bigint unsigned not null, primary key(a), index (b)) partition by range /__MAXWELL__/ partitions 2 (/__MAXWELL__/"
[1] 23:43:28,387 DEBUG SchemaChange - SQL_PARSE ->   (parse (statement (create_table (create_table_preamble CREATE TABLE (table_name (name (id t1)))) (create_specifications ( (create_specification (column_definition (name (id a)) (data_type (signed_type int (column_options (nullability not null)))))) , (create_specification (column_definition (name (id b)) (data_type (signed_type bigint (int_flags unsigned) (column_options (nullability not null)))))) , (create_specification (index_definition (index_type_pk primary key (index_column_list ( (index_columns (index_column (name (id a)))) ))))) , (create_specification (index_definition (index_type_1 (index_or_key index) (index_column_list ( (index_columns (index_column (name (id b)))) ))))) )) (table_creation_option (partition_by partition by (partition_by_what range (skip_parens /__MAXWELL__/)) (partition_count partitions 2) (partition_definitions ( (skip_parens_inside_partition_definitions /__MAXWELL__/)))))) <EOF>)
[1] 23:43:28,387 DEBUG SchemaChange - SQL_PARSE <- "CREATE TABLE t1 ( a int not null, b bit(15) not null, c int, primary key(a), index (b)) partition by range (a) partitions 2 (partition x1 values less than (25), partition x2 values less than (100))"
[1] 23:43:28,387 DEBUG SchemaChange - rewrote SQL to CREATE TABLE t1 ( a int not null, b bit(15) not null, c int, primary key(a), index (b)) partition by range /__MAXWELL__/ partitions 2 (partition x1 values less than (25), partition x2 values less than (100))
[1] 23:43:28,387 DEBUG SchemaChange - SQL_PARSE <- "CREATE TABLE t1 ( a int not null, b bit(15) not null, c int, primary key(a), index (b)) partition by range /__MAXWELL__/ partitions 2 (partition x1 values less than (25), partition x2 values less than (100))"
[1] 23:43:28,388 DEBUG SchemaChange - rewrote SQL to CREATE TABLE t1 ( a int not null, b bit(15) not null, c int, primary key(a), index (b)) partition by range /__MAXWELL__/ partitions 2 (/__MAXWELL__/
[1] 23:43:28,388 DEBUG SchemaChange - SQL_PARSE <- "CREATE TABLE t1 ( a int not null, b bit(15) not null, c int, primary key(a), index (b)) partition by range /__MAXWELL__/ partitions 2 (/__MAXWELL__/"
[1] 23:43:28,388 DEBUG SchemaChange - SQL_PARSE ->   (parse (statement (create_table (create_table_preamble CREATE TABLE (table_name (name (id t1)))) (create_specifications ( (create_specification (column_definition (name (id a)) (data_type (signed_type int (column_options (nullability not null)))))) , (create_specification (column_definition (name (id b)) (data_type (generic_type bit (length ( 15 )) (column_options (nullability not null)))))) , (create_specification (column_definition (name (id c)) (data_type (signed_type int)))) , (create_specification (index_definition (index_type_pk primary key (index_column_list ( (index_columns (index_column (name (id a)))) ))))) , (create_specification (index_definition (index_type_1 (index_or_key index) (index_column_list ( (index_columns (index_column (name (id b)))) ))))) )) (table_creation_option (partition_by partition by (partition_by_what range (skip_parens /__MAXWELL__/)) (partition_count partitions 2) (partition_definitions ( (skip_parens_inside_partition_definitions /__MAXWELL__/)))))) <EOF>)
[1] 23:43:28,388 DEBUG SchemaChange - SQL_PARSE <- "CREATE TABLE t1 ( a int not null, b bit(5) not null, c int, primary key(a), index (b)) partition by range (a) partitions 2 (partition x1 values less than (25), partition x2 values less than (100))"
[1] 23:43:28,388 DEBUG SchemaChange - rewrote SQL to CREATE TABLE t1 ( a int not null, b bit(5) not null, c int, primary key(a), index (b)) partition by range /__MAXWELL__/ partitions 2 (partition x1 values less than (25), partition x2 values less than (100))
[1] 23:43:28,388 DEBUG SchemaChange - SQL_PARSE <- "CREATE TABLE t1 ( a int not null, b bit(5) not null, c int, primary key(a), index (b)) partition by range /__MAXWELL__/ partitions 2 (partition x1 values less than (25), partition x2 values less than (100))"
[1] 23:43:28,389 DEBUG SchemaChange - rewrote SQL to CREATE TABLE t1 ( a int not null, b bit(5) not null, c int, primary key(a), index (b)) partition by range /__MAXWELL__/ partitions 2 (/__MAXWELL__/
[1] 23:43:28,389 DEBUG SchemaChange - SQL_PARSE <- "CREATE TABLE t1 ( a int not null, b bit(5) not null, c int, primary key(a), index (b)) partition by range /__MAXWELL__/ partitions 2 (/__MAXWELL__/"
[1] 23:43:28,389 DEBUG SchemaChange - SQL_PARSE ->   (parse (statement (create_table (create_table_preamble CREATE TABLE (table_name (name (id t1)))) (create_specifications ( (create_specification (column_definition (name (id a)) (data_type (signed_type int (column_options (nullability not null)))))) , (create_specification (column_definition (name (id b)) (data_type (generic_type bit (length ( 5 )) (column_options (nullability not null)))))) , (create_specification (column_definition (name (id c)) (data_type (signed_type int)))) , (create_specification (index_definition (index_type_pk primary key (index_column_list ( (index_columns (index_column (name (id a)))) ))))) , (create_specification (index_definition (index_type_1 (index_or_key index) (index_column_list ( (index_columns (index_column (name (id b)))) ))))) )) (table_creation_option (partition_by partition by (partition_by_what range (skip_parens /__MAXWELL__/)) (partition_count partitions 2) (partition_definitions ( (skip_parens_inside_partition_definitions /__MAXWELL__/)))))) <EOF>)
[1] 23:43:28,389 DEBUG SchemaChange - SQL_PARSE <- "CREATE TABLE t1 ( a int not null, b char(10) not null, primary key(a), index (b)) partition by range (a) partitions 2 (partition x1 values less than (25), partition x2 values less than (100))"
[1] 23:43:28,390 DEBUG SchemaChange - rewrote SQL to CREATE TABLE t1 ( a int not null, b char(10) not null, primary key(a), index (b)) partition by range /__MAXWELL__/ partitions 2 (partition x1 values less than (25), partition x2 values less than (100))
[1] 23:43:28,390 DEBUG SchemaChange - SQL_PARSE <- "CREATE TABLE t1 ( a int not null, b char(10) not null, primary key(a), index (b)) partition by range /__MAXWELL__/ partitions 2 (partition x1 values less than (25), partition x2 values less than (100))"
[1] 23:43:28,390 DEBUG SchemaChange - rewrote SQL to CREATE TABLE t1 ( a int not null, b char(10) not null, primary key(a), index (b)) partition by range /__MAXWELL__/ partitions 2 (/__MAXWELL__/
[1] 23:43:28,390 DEBUG SchemaChange - SQL_PARSE <- "CREATE TABLE t1 ( a int not null, b char(10) not null, primary key(a), index (b)) partition by range /__MAXWELL__/ partitions 2 (/__MAXWELL__/"
[1] 23:43:28,390 DEBUG SchemaChange - SQL_PARSE ->   (parse (statement (create_table (create_table_preamble CREATE TABLE (table_name (name (id t1)))) (create_specifications ( (create_specification (column_definition (name (id a)) (data_type (signed_type int (column_options (nullability not null)))))) , (create_specification (column_definition (name (id b)) (data_type (string_type char (length ( 10 )) (column_options (nullability not null)))))) , (create_specification (index_definition (index_type_pk primary key (index_column_list ( (index_columns (index_column (name (id a)))) ))))) , (create_specification (index_definition (index_type_1 (index_or_key index) (index_column_list ( (index_columns (index_column (name (id b)))) ))))) )) (table_creation_option (partition_by partition by (partition_by_what range (skip_parens /__MAXWELL__/)) (partition_count partitions 2) (partition_definitions ( (skip_parens_inside_partition_definitions /__MAXWELL__/)))))) <EOF>)
[1] 23:43:28,391 DEBUG SchemaChange - SQL_PARSE <- "CREATE TABLE t1 ( a int not null, b date not null, primary key(a), index (b)) partition by range (a) partitions 2 (partition x1 values less than (25), partition x2 values less than (100))"
[1] 23:43:28,391 DEBUG SchemaChange - rewrote SQL to CREATE TABLE t1 ( a int not null, b date not null, primary key(a), index (b)) partition by range /__MAXWELL__/ partitions 2 (partition x1 values less than (25), partition x2 values less than (100))
[1] 23:43:28,391 DEBUG SchemaChange - SQL_PARSE <- "CREATE TABLE t1 ( a int not null, b date not null, primary key(a), index (b)) partition by range /__MAXWELL__/ partitions 2 (partition x1 values less than (25), partition x2 values less than (100))"
[1] 23:43:28,391 DEBUG SchemaChange - rewrote SQL to CREATE TABLE t1 ( a int not null, b date not null, primary key(a), index (b)) partition by range /__MAXWELL__/ partitions 2 (/__MAXWELL__/
[1] 23:43:28,391 DEBUG SchemaChange - SQL_PARSE <- "CREATE TABLE t1 ( a int not null, b date not null, primary key(a), index (b)) partition by range /__MAXWELL__/ partitions 2 (/__MAXWELL__/"
[1] 23:43:28,392 DEBUG SchemaChange - SQL_PARSE ->   (parse (statement (create_table (create_table_preamble CREATE TABLE (table_name (name (id t1)))) (create_specifications ( (create_specification (column_definition (name (id a)) (data_type (signed_type int (column_options (nullability not null)))))) , (create_specification (column_definition (name (id b)) (data_type (generic_type date (column_options (nullability not null)))))) , (create_specification (index_definition (index_type_pk primary key (index_column_list ( (index_columns (index_column (name (id a)))) ))))) , (create_specification (index_definition (index_type_1 (index_or_key index) (index_column_list ( (index_columns (index_column (name (id b)))) ))))) )) (table_creation_option (partition_by partition by (partition_by_what range (skip_parens /__MAXWELL__/)) (partition_count partitions 2) (partition_definitions ( (skip_parens_inside_partition_definitions /__MAXWELL__/)))))) <EOF>)
[1] 23:43:28,392 DEBUG SchemaChange - SQL_PARSE <- "CREATE TABLE t1 ( a int not null, b datetime not null, primary key(a), index (b)) partition by range (a) partitions 2 (partition x1 values less than (25), partition x2 values less than (100))"
[1] 23:43:28,392 DEBUG SchemaChange - rewrote SQL to CREATE TABLE t1 ( a int not null, b datetime not null, primary key(a), index (b)) partition by range /__MAXWELL__/ partitions 2 (partition x1 values less than (25), partition x2 values less than (100))
[1] 23:43:28,392 DEBUG SchemaChange - SQL_PARSE <- "CREATE TABLE t1 ( a int not null, b datetime not null, primary key(a), index (b)) partition by range /__MAXWELL__/ partitions 2 (partition x1 values less than (25), partition x2 values less than (100))"
[1] 23:43:28,393 DEBUG SchemaChange - rewrote SQL to CREATE TABLE t1 ( a int not null, b datetime not null, primary key(a), index (b)) partition by range /__MAXWELL__/ partitions 2 (/__MAXWELL__/
[1] 23:43:28,393 DEBUG SchemaChange - SQL_PARSE <- "CREATE TABLE t1 ( a int not null, b datetime not null, primary key(a), index (b)) partition by range /__MAXWELL__/ partitions 2 (/__MAXWELL__/"
[1] 23:43:28,393 DEBUG SchemaChange - SQL_PARSE ->   (parse (statement (create_table (create_table_preamble CREATE TABLE (table_name (name (id t1)))) (create_specifications ( (create_specification (column_definition (name (id a)) (data_type (signed_type int (column_options (nullability not null)))))) , (create_specification (column_definition (name (id b)) (data_type (generic_type datetime (column_options (nullability not null)))))) , (create_specification (index_definition (index_type_pk primary key (index_column_list ( (index_columns (index_column (name (id a)))) ))))) , (create_specification (index_definition (index_type_1 (index_or_key index) (index_column_list ( (index_columns (index_column (name (id b)))) ))))) )) (table_creation_option (partition_by partition by (partition_by_what range (skip_parens /__MAXWELL__/)) (partition_count partitions 2) (partition_definitions ( (skip_parens_inside_partition_definitions /__MAXWELL__/)))))) <EOF>)
[1] 23:43:28,393 DEBUG SchemaChange - SQL_PARSE <- "CREATE TABLE t1 ( a int not null, b decimal not null, primary key(a), index (b)) partition by range (a) partitions 2 (partition x1 values less than (25), partition x2 values less than (100))"
[1] 23:43:28,393 DEBUG SchemaChange - rewrote SQL to CREATE TABLE t1 ( a int not null, b decimal not null, primary key(a), index (b)) partition by range /__MAXWELL__/ partitions 2 (partition x1 values less than (25), partition x2 values less than (100))
[1] 23:43:28,393 DEBUG SchemaChange - SQL_PARSE <- "CREATE TABLE t1 ( a int not null, b decimal not null, primary key(a), index (b)) partition by range /__MAXWELL__/ partitions 2 (partition x1 values less than (25), partition x2 values less than (100))"
[1] 23:43:28,394 DEBUG SchemaChange - rewrote SQL to CREATE TABLE t1 ( a int not null, b decimal not null, primary key(a), index (b)) partition by range /__MAXWELL__/ partitions 2 (/__MAXWELL__/
[1] 23:43:28,394 DEBUG SchemaChange - SQL_PARSE <- "CREATE TABLE t1 ( a int not null, b decimal not null, primary key(a), index (b)) partition by range /__MAXWELL__/ partitions 2 (/__MAXWELL__/"
[1] 23:43:28,394 DEBUG SchemaChange - SQL_PARSE ->   (parse (statement (create_table (create_table_preamble CREATE TABLE (table_name (name (id t1)))) (create_specifications ( (create_specification (column_definition (name (id a)) (data_type (signed_type int (column_options (nullability not null)))))) , (create_specification (column_definition (name (id b)) (data_type (signed_type decimal (column_options (nullability not null)))))) , (create_specification (index_definition (index_type_pk primary key (index_column_list ( (index_columns (index_column (name (id a)))) ))))) , (create_specification (index_definition (index_type_1 (index_or_key index) (index_column_list ( (index_columns (index_column (name (id b)))) ))))) )) (table_creation_option (partition_by partition by (partition_by_what range (skip_parens /__MAXWELL__/)) (partition_count partitions 2) (partition_definitions ( (skip_parens_inside_partition_definitions /__MAXWELL__/)))))) <EOF>)
[1] 23:43:28,394 DEBUG SchemaChange - SQL_PARSE <- "CREATE TABLE t1 ( a int not null, b double not null, primary key(a), index (b)) partition by range (a) partitions 2 (partition x1 values less than (25), partition x2 values less than (100))"
[1] 23:43:28,395 DEBUG SchemaChange - rewrote SQL to CREATE TABLE t1 ( a int not null, b double not null, primary key(a), index (b)) partition by range /__MAXWELL__/ partitions 2 (partition x1 values less than (25), partition x2 values less than (100))
[1] 23:43:28,395 DEBUG SchemaChange - SQL_PARSE <- "CREATE TABLE t1 ( a int not null, b double not null, primary key(a), index (b)) partition by range /__MAXWELL__/ partitions 2 (partition x1 values less than (25), partition x2 values less than (100))"
[1] 23:43:28,395 DEBUG SchemaChange - rewrote SQL to CREATE TABLE t1 ( a int not null, b double not null, primary key(a), index (b)) partition by range /__MAXWELL__/ partitions 2 (/__MAXWELL__/
[1] 23:43:28,395 DEBUG SchemaChange - SQL_PARSE <- "CREATE TABLE t1 ( a int not null, b double not null, primary key(a), index (b)) partition by range /__MAXWELL__/ partitions 2 (/__MAXWELL__/"
[1] 23:43:28,395 DEBUG SchemaChange - SQL_PARSE ->   (parse (statement (create_table (create_table_preamble CREATE TABLE (table_name (name (id t1)))) (create_specifications ( (create_specification (column_definition (name (id a)) (data_type (signed_type int (column_options (nullability not null)))))) , (create_specification (column_definition (name (id b)) (data_type (signed_type double (column_options (nullability not null)))))) , (create_specification (index_definition (index_type_pk primary key (index_column_list ( (index_columns (index_column (name (id a)))) ))))) , (create_specification (index_definition (index_type_1 (index_or_key index) (index_column_list ( (index_columns (index_column (name (id b)))) ))))) )) (table_creation_option (partition_by partition by (partition_by_what range (skip_parens /__MAXWELL__/)) (partition_count partitions 2) (partition_definitions ( (skip_parens_inside_partition_definitions /__MAXWELL__/)))))) <EOF>)
[1] 23:43:28,395 DEBUG SchemaChange - SQL_PARSE <- "CREATE TABLE t1 ( a int not null, b double precision not null, primary key(a), index (b)) partition by range (a) partitions 2 (partition x1 values less than (25), partition x2 values less than (100))"
[1] 23:43:28,396 DEBUG SchemaChange - rewrote SQL to CREATE TABLE t1 ( a int not null, b double precision not null, primary key(a), index (b)) partition by range /__MAXWELL__/ partitions 2 (partition x1 values less than (25), partition x2 values less than (100))
[1] 23:43:28,396 DEBUG SchemaChange - SQL_PARSE <- "CREATE TABLE t1 ( a int not null, b double precision not null, primary key(a), index (b)) partition by range /__MAXWELL__/ partitions 2 (partition x1 values less than (25), partition x2 values less than (100))"
[1] 23:43:28,396 DEBUG SchemaChange - rewrote SQL to CREATE TABLE t1 ( a int not null, b double precision not null, primary key(a), index (b)) partition by range /__MAXWELL__/ partitions 2 (/__MAXWELL__/
[1] 23:43:28,396 DEBUG SchemaChange - SQL_PARSE <- "CREATE TABLE t1 ( a int not null, b double precision not null, primary key(a), index (b)) partition by range /__MAXWELL__/ partitions 2 (/__MAXWELL__/"
[1] 23:43:28,397 DEBUG SchemaChange - SQL_PARSE ->   (parse (statement (create_table (create_table_preamble CREATE TABLE (table_name (name (id t1)))) (create_specifications ( (create_specification (column_definition (name (id a)) (data_type (signed_type int (column_options (nullability not null)))))) , (create_specification (column_definition (name (id b)) (data_type (signed_type double precision (column_options (nullability not null)))))) , (create_specification (index_definition (index_type_pk primary key (index_column_list ( (index_columns (index_column (name (id a)))) ))))) , (create_specification (index_definition (index_type_1 (index_or_key index) (index_column_list ( (index_columns (index_column (name (id b)))) ))))) )) (table_creation_option (partition_by partition by (partition_by_what range (skip_parens /__MAXWELL__/)) (partition_count partitions 2) (partition_definitions ( (skip_parens_inside_partition_definitions /__MAXWELL__/)))))) <EOF>)
[1] 23:43:28,397 DEBUG SchemaChange - SQL_PARSE <- "CREATE TABLE t1 ( a int not null, b double precision unsigned not null, primary key(a), index (b)) partition by range (a) partitions 2 (partition x1 values less than (25), partition x2 values less than (100))"
[1] 23:43:28,397 DEBUG SchemaChange - rewrote SQL to CREATE TABLE t1 ( a int not null, b double precision unsigned not null, primary key(a), index (b)) partition by range /__MAXWELL__/ partitions 2 (partition x1 values less than (25), partition x2 values less than (100))
[1] 23:43:28,397 DEBUG SchemaChange - SQL_PARSE <- "CREATE TABLE t1 ( a int not null, b double precision unsigned not null, primary key(a), index (b)) partition by range /__MAXWELL__/ partitions 2 (partition x1 values less than (25), partition x2 values less than (100))"
[1] 23:43:28,397 DEBUG SchemaChange - rewrote SQL to CREATE TABLE t1 ( a int not null, b double precision unsigned not null, primary key(a), index (b)) partition by range /__MAXWELL__/ partitions 2 (/__MAXWELL__/
[1] 23:43:28,397 DEBUG SchemaChange - SQL_PARSE <- "CREATE TABLE t1 ( a int not null, b double precision unsigned not null, primary key(a), index (b)) partition by range /__MAXWELL__/ partitions 2 (/__MAXWELL__/"
[1] 23:43:28,398 DEBUG SchemaChange - SQL_PARSE ->   (parse (statement (create_table (create_table_preamble CREATE TABLE (table_name (name (id t1)))) (create_specifications ( (create_specification (column_definition (name (id a)) (data_type (signed_type int (column_options (nullability not null)))))) , (create_specification (column_definition (name (id b)) (data_type (signed_type double precision (int_flags unsigned) (column_options (nullability not null)))))) , (create_specification (index_definition (index_type_pk primary key (index_column_list ( (index_columns (index_column (name (id a)))) ))))) , (create_specification (index_definition (index_type_1 (index_or_key index) (index_column_list ( (index_columns (index_column (name (id b)))) ))))) )) (table_creation_option (partition_by partition by (partition_by_what range (skip_parens /__MAXWELL__/)) (partition_count partitions 2) (partition_definitions ( (skip_parens_inside_partition_definitions /__MAXWELL__/)))))) <EOF>)
[1] 23:43:28,398 DEBUG SchemaChange - SQL_PARSE <- "CREATE TABLE t1 ( a int not null, b double unsigned not null, primary key(a), index (b)) partition by range (a) partitions 2 (partition x1 values less than (25), partition x2 values less than (100))"
[1] 23:43:28,398 DEBUG SchemaChange - rewrote SQL to CREATE TABLE t1 ( a int not null, b double unsigned not null, primary key(a), index (b)) partition by range /__MAXWELL__/ partitions 2 (partition x1 values less than (25), partition x2 values less than (100))
[1] 23:43:28,398 DEBUG SchemaChange - SQL_PARSE <- "CREATE TABLE t1 ( a int not null, b double unsigned not null, primary key(a), index (b)) partition by range /__MAXWELL__/ partitions 2 (partition x1 values less than (25), partition x2 values less than (100))"
[1] 23:43:28,398 DEBUG SchemaChange - rewrote SQL to CREATE TABLE t1 ( a int not null, b double unsigned not null, primary key(a), index (b)) partition by range /__MAXWELL__/ partitions 2 (/__MAXWELL__/
[1] 23:43:28,398 DEBUG SchemaChange - SQL_PARSE <- "CREATE TABLE t1 ( a int not null, b double unsigned not null, primary key(a), index (b)) partition by range /__MAXWELL__/ partitions 2 (/__MAXWELL__/"
[1] 23:43:28,399 DEBUG SchemaChange - SQL_PARSE ->   (parse (statement (create_table (create_table_preamble CREATE TABLE (table_name (name (id t1)))) (create_specifications ( (create_specification (column_definition (name (id a)) (data_type (signed_type int (column_options (nullability not null)))))) , (create_specification (column_definition (name (id b)) (data_type (signed_type double (int_flags unsigned) (column_options (nullability not null)))))) , (create_specification (index_definition (index_type_pk primary key (index_column_list ( (index_columns (index_column (name (id a)))) ))))) , (create_specification (index_definition (index_type_1 (index_or_key index) (index_column_list ( (index_columns (index_column (name (id b)))) ))))) )) (table_creation_option (partition_by partition by (partition_by_what range (skip_parens /__MAXWELL__/)) (partition_count partitions 2) (partition_definitions ( (skip_parens_inside_partition_definitions /__MAXWELL__/)))))) <EOF>)
[1] 23:43:28,399 DEBUG SchemaChange - SQL_PARSE <- "CREATE TABLE t1 ( a int not null, b enum('1','2', '4', '5') not null, primary key(a), index (b)) partition by range (a) partitions 2 (partition x1 values less than (25), partition x2 values less than (100))"
[1] 23:43:28,400 DEBUG SchemaChange - rewrote SQL to CREATE TABLE t1 ( a int not null, b enum('1','2', '4', '5') not null, primary key(a), index (b)) partition by range /__MAXWELL__/ partitions 2 (partition x1 values less than (25), partition x2 values less than (100))
[1] 23:43:28,400 DEBUG SchemaChange - SQL_PARSE <- "CREATE TABLE t1 ( a int not null, b enum('1','2', '4', '5') not null, primary key(a), index (b)) partition by range /__MAXWELL__/ partitions 2 (partition x1 values less than (25), partition x2 values less than (100))"
[1] 23:43:28,400 DEBUG SchemaChange - rewrote SQL to CREATE TABLE t1 ( a int not null, b enum('1','2', '4', '5') not null, primary key(a), index (b)) partition by range /__MAXWELL__/ partitions 2 (/__MAXWELL__/
[1] 23:43:28,401 DEBUG SchemaChange - SQL_PARSE <- "CREATE TABLE t1 ( a int not null, b enum('1','2', '4', '5') not null, primary key(a), index (b)) partition by range /__MAXWELL__/ partitions 2 (/__MAXWELL__/"
[1] 23:43:28,401 DEBUG SchemaChange - SQL_PARSE ->   (parse (statement (create_table (create_table_preamble CREATE TABLE (table_name (name (id t1)))) (create_specifications ( (create_specification (column_definition (name (id a)) (data_type (signed_type int (column_options (nullability not null)))))) , (create_specification (column_definition (name (id b)) (data_type (enumerated_type enum ( (enumerated_values (enum_value (string_literal '1')) , (enum_value (string_literal '2')) , (enum_value (string_literal '4')) , (enum_value (string_literal '5'))) ) (column_options (nullability not null)))))) , (create_specification (index_definition (index_type_pk primary key (index_column_list ( (index_columns (index_column (name (id a)))) ))))) , (create_specification (index_definition (index_type_1 (index_or_key index) (index_column_list ( (index_columns (index_column (name (id b)))) ))))) )) (table_creation_option (partition_by partition by (partition_by_what range (skip_parens /__MAXWELL__/)) (partition_count partitions 2) (partition_definitions ( (skip_parens_inside_partition_definitions /__MAXWELL__/)))))) <EOF>)
[1] 23:43:28,401 DEBUG SchemaChange - SQL_PARSE <- "CREATE TABLE t1 ( a int not null, b float not null, primary key(a), index (b)) partition by range (a) partitions 2 (partition x1 values less than (25), partition x2 values less than (100))"
[1] 23:43:28,401 DEBUG SchemaChange - rewrote SQL to CREATE TABLE t1 ( a int not null, b float not null, primary key(a), index (b)) partition by range /__MAXWELL__/ partitions 2 (partition x1 values less than (25), partition x2 values less than (100))
[1] 23:43:28,401 DEBUG SchemaChange - SQL_PARSE <- "CREATE TABLE t1 ( a int not null, b float not null, primary key(a), index (b)) partition by range /__MAXWELL__/ partitions 2 (partition x1 values less than (25), partition x2 values less than (100))"
[1] 23:43:28,402 DEBUG SchemaChange - rewrote SQL to CREATE TABLE t1 ( a int not null, b float not null, primary key(a), index (b)) partition by range /__MAXWELL__/ partitions 2 (/__MAXWELL__/
[1] 23:43:28,402 DEBUG SchemaChange - SQL_PARSE <- "CREATE TABLE t1 ( a int not null, b float not null, primary key(a), index (b)) partition by range /__MAXWELL__/ partitions 2 (/__MAXWELL__/"
[1] 23:43:28,402 DEBUG SchemaChange - SQL_PARSE ->   (parse (statement (create_table (create_table_preamble CREATE TABLE (table_name (name (id t1)))) (create_specifications ( (create_specification (column_definition (name (id a)) (data_type (signed_type int (column_options (nullability not null)))))) , (create_specification (column_definition (name (id b)) (data_type (signed_type float (column_options (nullability not null)))))) , (create_specification (index_definition (index_type_pk primary key (index_column_list ( (index_columns (index_column (name (id a)))) ))))) , (create_specification (index_definition (index_type_1 (index_or_key index) (index_column_list ( (index_columns (index_column (name (id b)))) ))))) )) (table_creation_option (partition_by partition by (partition_by_what range (skip_parens /__MAXWELL__/)) (partition_count partitions 2) (partition_definitions ( (skip_parens_inside_partition_definitions /__MAXWELL__/)))))) <EOF>)
[1] 23:43:28,402 DEBUG SchemaChange - SQL_PARSE <- "CREATE TABLE t1 ( a int not null, b float unsigned not null, primary key(a), index (b)) partition by range (a) partitions 2 (partition x1 values less than (25), partition x2 values less than (100))"
[1] 23:43:28,403 DEBUG SchemaChange - rewrote SQL to CREATE TABLE t1 ( a int not null, b float unsigned not null, primary key(a), index (b)) partition by range /__MAXWELL__/ partitions 2 (partition x1 values less than (25), partition x2 values less than (100))
[1] 23:43:28,403 DEBUG SchemaChange - SQL_PARSE <- "CREATE TABLE t1 ( a int not null, b float unsigned not null, primary key(a), index (b)) partition by range /__MAXWELL__/ partitions 2 (partition x1 values less than (25), partition x2 values less than (100))"
[1] 23:43:28,403 DEBUG SchemaChange - rewrote SQL to CREATE TABLE t1 ( a int not null, b float unsigned not null, primary key(a), index (b)) partition by range /__MAXWELL__/ partitions 2 (/__MAXWELL__/
[1] 23:43:28,403 DEBUG SchemaChange - SQL_PARSE <- "CREATE TABLE t1 ( a int not null, b float unsigned not null, primary key(a), index (b)) partition by range /__MAXWELL__/ partitions 2 (/__MAXWELL__/"
[1] 23:43:28,403 DEBUG SchemaChange - SQL_PARSE ->   (parse (statement (create_table (create_table_preamble CREATE TABLE (table_name (name (id t1)))) (create_specifications ( (create_specification (column_definition (name (id a)) (data_type (signed_type int (column_options (nullability not null)))))) , (create_specification (column_definition (name (id b)) (data_type (signed_type float (int_flags unsigned) (column_options (nullability not null)))))) , (create_specification (index_definition (index_type_pk primary key (index_column_list ( (index_columns (index_column (name (id a)))) ))))) , (create_specification (index_definition (index_type_1 (index_or_key index) (index_column_list ( (index_columns (index_column (name (id b)))) ))))) )) (table_creation_option (partition_by partition by (partition_by_what range (skip_parens /__MAXWELL__/)) (partition_count partitions 2) (partition_definitions ( (skip_parens_inside_partition_definitions /__MAXWELL__/)))))) <EOF>)
[1] 23:43:28,403 DEBUG SchemaChange - SQL_PARSE <- "CREATE TABLE t1 ( a int not null, b int not null, c int not null) partition by list(a) partitions 2 (partition x123 values in (1,5,6), partition x234 values in (4,7,8))"
[1] 23:43:28,404 DEBUG SchemaChange - rewrote SQL to CREATE TABLE t1 ( a int not null, b int not null, c int not null) partition by list/__MAXWELL__/ partitions 2 (partition x123 values in (1,5,6), partition x234 values in (4,7,8))
[1] 23:43:28,404 DEBUG SchemaChange - SQL_PARSE <- "CREATE TABLE t1 ( a int not null, b int not null, c int not null) partition by list/__MAXWELL__/ partitions 2 (partition x123 values in (1,5,6), partition x234 values in (4,7,8))"
[1] 23:43:28,404 DEBUG SchemaChange - rewrote SQL to CREATE TABLE t1 ( a int not null, b int not null, c int not null) partition by list/__MAXWELL__/ partitions 2 (/__MAXWELL__/
[1] 23:43:28,404 DEBUG SchemaChange - SQL_PARSE <- "CREATE TABLE t1 ( a int not null, b int not null, c int not null) partition by list/__MAXWELL__/ partitions 2 (/__MAXWELL__/"
[1] 23:43:28,404 DEBUG SchemaChange - SQL_PARSE ->   (parse (statement (create_table (create_table_preamble CREATE TABLE (table_name (name (id t1)))) (create_specifications ( (create_specification (column_definition (name (id a)) (data_type (signed_type int (column_options (nullability not null)))))) , (create_specification (column_definition (name (id b)) (data_type (signed_type int (column_options (nullability not null)))))) , (create_specification (column_definition (name (id c)) (data_type (signed_type int (column_options (nullability not null)))))) )) (table_creation_option (partition_by partition by (partition_by_what list (skip_parens /__MAXWELL__/)) (partition_count partitions 2) (partition_definitions ( (skip_parens_inside_partition_definitions /__MAXWELL__/)))))) <EOF>)
[1] 23:43:28,404 DEBUG SchemaChange - SQL_PARSE <- "CREATE TABLE t1 ( a int not null, b int not null, c int not null) partition by range (a) partitions 3 (partition x1 values less than (5) tablespace ts1, partition x2 values less than (10) tablespace ts2, partition x3 values less than maxvalue tablespace ts3)"
[1] 23:43:28,405 DEBUG SchemaChange - rewrote SQL to CREATE TABLE t1 ( a int not null, b int not null, c int not null) partition by range /__MAXWELL__/ partitions 3 (partition x1 values less than (5) tablespace ts1, partition x2 values less than (10) tablespace ts2, partition x3 values less than maxvalue tablespace ts3)
[1] 23:43:28,405 DEBUG SchemaChange - SQL_PARSE <- "CREATE TABLE t1 ( a int not null, b int not null, c int not null) partition by range /__MAXWELL__/ partitions 3 (partition x1 values less than (5) tablespace ts1, partition x2 values less than (10) tablespace ts2, partition x3 values less than maxvalue tablespace ts3)"
[1] 23:43:28,405 DEBUG SchemaChange - rewrote SQL to CREATE TABLE t1 ( a int not null, b int not null, c int not null) partition by range /__MAXWELL__/ partitions 3 (/__MAXWELL__/
[1] 23:43:28,405 DEBUG SchemaChange - SQL_PARSE <- "CREATE TABLE t1 ( a int not null, b int not null, c int not null) partition by range /__MAXWELL__/ partitions 3 (/__MAXWELL__/"
[1] 23:43:28,405 DEBUG SchemaChange - SQL_PARSE ->   (parse (statement (create_table (create_table_preamble CREATE TABLE (table_name (name (id t1)))) (create_specifications ( (create_specification (column_definition (name (id a)) (data_type (signed_type int (column_options (nullability not null)))))) , (create_specification (column_definition (name (id b)) (data_type (signed_type int (column_options (nullability not null)))))) , (create_specification (column_definition (name (id c)) (data_type (signed_type int (column_options (nullability not null)))))) )) (table_creation_option (partition_by partition by (partition_by_what range (skip_parens /__MAXWELL__/)) (partition_count partitions 3) (partition_definitions ( (skip_parens_inside_partition_definitions /__MAXWELL__/)))))) <EOF>)
[1] 23:43:28,405 DEBUG SchemaChange - SQL_PARSE <- "CREATE TABLE t1 ( a int not null, b int not null, c int not null, primary key (a,b))  partition by range (a) subpartition by hash (a+b)  ( partition x1 values less than (1) ( subpartition x11, subpartition x12), partition x2 values less than (5) ( subpartition x21, subpartition x22) )"
[1] 23:43:28,406 DEBUG SchemaChange - rewrote SQL to CREATE TABLE t1 ( a int not null, b int not null, c int not null, primary key (a,b))  partition by range /__MAXWELL__/ subpartition by hash (a+b)  ( partition x1 values less than (1) ( subpartition x11, subpartition x12), partition x2 values less than (5) ( subpartition x21, subpartition x22) )
[1] 23:43:28,406 DEBUG SchemaChange - SQL_PARSE <- "CREATE TABLE t1 ( a int not null, b int not null, c int not null, primary key (a,b))  partition by range /__MAXWELL__/ subpartition by hash (a+b)  ( partition x1 values less than (1) ( subpartition x11, subpartition x12), partition x2 values less than (5) ( subpartition x21, subpartition x22) )"
[1] 23:43:28,406 DEBUG SchemaChange - rewrote SQL to CREATE TABLE t1 ( a int not null, b int not null, c int not null, primary key (a,b))  partition by range /__MAXWELL__/ subpartition by hash /__MAXWELL__/  ( partition x1 values less than (1) ( subpartition x11, subpartition x12), partition x2 values less than (5) ( subpartition x21, subpartition x22) )
[1] 23:43:28,406 DEBUG SchemaChange - SQL_PARSE <- "CREATE TABLE t1 ( a int not null, b int not null, c int not null, primary key (a,b))  partition by range /__MAXWELL__/ subpartition by hash /__MAXWELL__/  ( partition x1 values less than (1) ( subpartition x11, subpartition x12), partition x2 values less than (5) ( subpartition x21, subpartition x22) )"
[1] 23:43:28,407 DEBUG SchemaChange - rewrote SQL to CREATE TABLE t1 ( a int not null, b int not null, c int not null, primary key (a,b))  partition by range /__MAXWELL__/ subpartition by hash /__MAXWELL__/  ( /__MAXWELL__/
[1] 23:43:28,407 DEBUG SchemaChange - SQL_PARSE <- "CREATE TABLE t1 ( a int not null, b int not null, c int not null, primary key (a,b))  partition by range /__MAXWELL__/ subpartition by hash /__MAXWELL__/  ( /__MAXWELL__/"
[1] 23:43:28,407 DEBUG SchemaChange - SQL_PARSE ->   (parse (statement (create_table (create_table_preamble CREATE TABLE (table_name (name (id t1)))) (create_specifications ( (create_specification (column_definition (name (id a)) (data_type (signed_type int (column_options (nullability not null)))))) , (create_specification (column_definition (name (id b)) (data_type (signed_type int (column_options (nullability not null)))))) , (create_specification (column_definition (name (id c)) (data_type (signed_type int (column_options (nullability not null)))))) , (create_specification (index_definition (index_type_pk primary key (index_column_list ( (index_columns (index_column (name (id a))) , (index_column (name (id b)))) ))))) )) (table_creation_option (partition_by partition by (partition_by_what range (skip_parens /__MAXWELL__/)) (subpartition_by subpartition by (partition_by_what hash (skip_parens /__MAXWELL__/))) (partition_definitions ( (skip_parens_inside_partition_definitions /__MAXWELL__/)))))) <EOF>)
[1] 23:43:28,407 DEBUG SchemaChange - SQL_PARSE <- "CREATE TABLE t1 ( a int not null, b int not null, c int not null, primary key (a,b)) partition by list (a) subpartition by hash (a+b) ( partition x1 values in (1,2,3) ( subpartition x11 nodegroup 0, subpartition x12 nodegroup 1), partition x2 values in (4,5,6) ( subpartition x21 nodegroup 0, subpartition x22 nodegroup 1) )"
[1] 23:43:28,408 DEBUG SchemaChange - rewrote SQL to CREATE TABLE t1 ( a int not null, b int not null, c int not null, primary key (a,b)) partition by list /__MAXWELL__/ subpartition by hash (a+b) ( partition x1 values in (1,2,3) ( subpartition x11 nodegroup 0, subpartition x12 nodegroup 1), partition x2 values in (4,5,6) ( subpartition x21 nodegroup 0, subpartition x22 nodegroup 1) )
[1] 23:43:28,408 DEBUG SchemaChange - SQL_PARSE <- "CREATE TABLE t1 ( a int not null, b int not null, c int not null, primary key (a,b)) partition by list /__MAXWELL__/ subpartition by hash (a+b) ( partition x1 values in (1,2,3) ( subpartition x11 nodegroup 0, subpartition x12 nodegroup 1), partition x2 values in (4,5,6) ( subpartition x21 nodegroup 0, subpartition x22 nodegroup 1) )"
[1] 23:43:28,408 DEBUG SchemaChange - rewrote SQL to CREATE TABLE t1 ( a int not null, b int not null, c int not null, primary key (a,b)) partition by list /__MAXWELL__/ subpartition by hash /__MAXWELL__/ ( partition x1 values in (1,2,3) ( subpartition x11 nodegroup 0, subpartition x12 nodegroup 1), partition x2 values in (4,5,6) ( subpartition x21 nodegroup 0, subpartition x22 nodegroup 1) )
[1] 23:43:28,408 DEBUG SchemaChange - SQL_PARSE <- "CREATE TABLE t1 ( a int not null, b int not null, c int not null, primary key (a,b)) partition by list /__MAXWELL__/ subpartition by hash /__MAXWELL__/ ( partition x1 values in (1,2,3) ( subpartition x11 nodegroup 0, subpartition x12 nodegroup 1), partition x2 values in (4,5,6) ( subpartition x21 nodegroup 0, subpartition x22 nodegroup 1) )"
[1] 23:43:28,408 DEBUG SchemaChange - rewrote SQL to CREATE TABLE t1 ( a int not null, b int not null, c int not null, primary key (a,b)) partition by list /__MAXWELL__/ subpartition by hash /__MAXWELL__/ ( /__MAXWELL__/
[1] 23:43:28,409 DEBUG SchemaChange - SQL_PARSE <- "CREATE TABLE t1 ( a int not null, b int not null, c int not null, primary key (a,b)) partition by list /__MAXWELL__/ subpartition by hash /__MAXWELL__/ ( /__MAXWELL__/"
[1] 23:43:28,409 DEBUG SchemaChange - SQL_PARSE ->   (parse (statement (create_table (create_table_preamble CREATE TABLE (table_name (name (id t1)))) (create_specifications ( (create_specification (column_definition (name (id a)) (data_type (signed_type int (column_options (nullability not null)))))) , (create_specification (column_definition (name (id b)) (data_type (signed_type int (column_options (nullability not null)))))) , (create_specification (column_definition (name (id c)) (data_type (signed_type int (column_options (nullability not null)))))) , (create_specification (index_definition (index_type_pk primary key (index_column_list ( (index_columns (index_column (name (id a))) , (index_column (name (id b)))) ))))) )) (table_creation_option (partition_by partition by (partition_by_what list (skip_parens /__MAXWELL__/)) (subpartition_by subpartition by (partition_by_what hash (skip_parens /__MAXWELL__/))) (partition_definitions ( (skip_parens_inside_partition_definitions /__MAXWELL__/)))))) <EOF>)
[1] 23:43:28,409 DEBUG SchemaChange - SQL_PARSE <- "CREATE TABLE t1 ( a int not null, b int not null, c int not null, primary key (a,b)) partition by range (a) subpartition by hash (a+b) ( partition x1 values less than (1) ( subpartition x11 engine myisam nodegroup 0, subpartition x12 engine myisam nodegroup 1), partition x2 values less than (5) ( subpartition x21 engine myisam nodegroup 0, subpartition x22 engine myisam nodegroup 1) )"
[1] 23:43:28,409 DEBUG SchemaChange - rewrote SQL to CREATE TABLE t1 ( a int not null, b int not null, c int not null, primary key (a,b)) partition by range /__MAXWELL__/ subpartition by hash (a+b) ( partition x1 values less than (1) ( subpartition x11 engine myisam nodegroup 0, subpartition x12 engine myisam nodegroup 1), partition x2 values less than (5) ( subpartition x21 engine myisam nodegroup 0, subpartition x22 engine myisam nodegroup 1) )
[1] 23:43:28,409 DEBUG SchemaChange - SQL_PARSE <- "CREATE TABLE t1 ( a int not null, b int not null, c int not null, primary key (a,b)) partition by range /__MAXWELL__/ subpartition by hash (a+b) ( partition x1 values less than (1) ( subpartition x11 engine myisam nodegroup 0, subpartition x12 engine myisam nodegroup 1), partition x2 values less than (5) ( subpartition x21 engine myisam nodegroup 0, subpartition x22 engine myisam nodegroup 1) )"
[1] 23:43:28,410 DEBUG SchemaChange - rewrote SQL to CREATE TABLE t1 ( a int not null, b int not null, c int not null, primary key (a,b)) partition by range /__MAXWELL__/ subpartition by hash /__MAXWELL__/ ( partition x1 values less than (1) ( subpartition x11 engine myisam nodegroup 0, subpartition x12 engine myisam nodegroup 1), partition x2 values less than (5) ( subpartition x21 engine myisam nodegroup 0, subpartition x22 engine myisam nodegroup 1) )
[1] 23:43:28,410 DEBUG SchemaChange - SQL_PARSE <- "CREATE TABLE t1 ( a int not null, b int not null, c int not null, primary key (a,b)) partition by range /__MAXWELL__/ subpartition by hash /__MAXWELL__/ ( partition x1 values less than (1) ( subpartition x11 engine myisam nodegroup 0, subpartition x12 engine myisam nodegroup 1), partition x2 values less than (5) ( subpartition x21 engine myisam nodegroup 0, subpartition x22 engine myisam nodegroup 1) )"
[1] 23:43:28,410 DEBUG SchemaChange - rewrote SQL to CREATE TABLE t1 ( a int not null, b int not null, c int not null, primary key (a,b)) partition by range /__MAXWELL__/ subpartition by hash /__MAXWELL__/ ( /__MAXWELL__/
[1] 23:43:28,410 DEBUG SchemaChange - SQL_PARSE <- "CREATE TABLE t1 ( a int not null, b int not null, c int not null, primary key (a,b)) partition by range /__MAXWELL__/ subpartition by hash /__MAXWELL__/ ( /__MAXWELL__/"
[1] 23:43:28,410 DEBUG SchemaChange - SQL_PARSE ->   (parse (statement (create_table (create_table_preamble CREATE TABLE (table_name (name (id t1)))) (create_specifications ( (create_specification (column_definition (name (id a)) (data_type (signed_type int (column_options (nullability not null)))))) , (create_specification (column_definition (name (id b)) (data_type (signed_type int (column_options (nullability not null)))))) , (create_specification (column_definition (name (id c)) (data_type (signed_type int (column_options (nullability not null)))))) , (create_specification (index_definition (index_type_pk primary key (index_column_list ( (index_columns (index_column (name (id a))) , (index_column (name (id b)))) ))))) )) (table_creation_option (partition_by partition by (partition_by_what range (skip_parens /__MAXWELL__/)) (subpartition_by subpartition by (partition_by_what hash (skip_parens /__MAXWELL__/))) (partition_definitions ( (skip_parens_inside_partition_definitions /__MAXWELL__/)))))) <EOF>)
[1] 23:43:28,411 DEBUG SchemaChange - SQL_PARSE <- "CREATE TABLE t1 ( a int not null, b int not null, c int not null, primary key (a,b)) partition by range (a) subpartition by hash (a+b) ( partition x1 values less than (1) ( subpartition x11 engine myisam, subpartition x12 engine myisam), partition x2 values less than (5) ( subpartition x21 engine myisam, subpartition x22 engine myisam) )"
[1] 23:43:28,411 DEBUG SchemaChange - rewrote SQL to CREATE TABLE t1 ( a int not null, b int not null, c int not null, primary key (a,b)) partition by range /__MAXWELL__/ subpartition by hash (a+b) ( partition x1 values less than (1) ( subpartition x11 engine myisam, subpartition x12 engine myisam), partition x2 values less than (5) ( subpartition x21 engine myisam, subpartition x22 engine myisam) )
[1] 23:43:28,411 DEBUG SchemaChange - SQL_PARSE <- "CREATE TABLE t1 ( a int not null, b int not null, c int not null, primary key (a,b)) partition by range /__MAXWELL__/ subpartition by hash (a+b) ( partition x1 values less than (1) ( subpartition x11 engine myisam, subpartition x12 engine myisam), partition x2 values less than (5) ( subpartition x21 engine myisam, subpartition x22 engine myisam) )"
[1] 23:43:28,411 DEBUG SchemaChange - rewrote SQL to CREATE TABLE t1 ( a int not null, b int not null, c int not null, primary key (a,b)) partition by range /__MAXWELL__/ subpartition by hash /__MAXWELL__/ ( partition x1 values less than (1) ( subpartition x11 engine myisam, subpartition x12 engine myisam), partition x2 values less than (5) ( subpartition x21 engine myisam, subpartition x22 engine myisam) )
[1] 23:43:28,411 DEBUG SchemaChange - SQL_PARSE <- "CREATE TABLE t1 ( a int not null, b int not null, c int not null, primary key (a,b)) partition by range /__MAXWELL__/ subpartition by hash /__MAXWELL__/ ( partition x1 values less than (1) ( subpartition x11 engine myisam, subpartition x12 engine myisam), partition x2 values less than (5) ( subpartition x21 engine myisam, subpartition x22 engine myisam) )"
[1] 23:43:28,412 DEBUG SchemaChange - rewrote SQL to CREATE TABLE t1 ( a int not null, b int not null, c int not null, primary key (a,b)) partition by range /__MAXWELL__/ subpartition by hash /__MAXWELL__/ ( /__MAXWELL__/
[1] 23:43:28,412 DEBUG SchemaChange - SQL_PARSE <- "CREATE TABLE t1 ( a int not null, b int not null, c int not null, primary key (a,b)) partition by range /__MAXWELL__/ subpartition by hash /__MAXWELL__/ ( /__MAXWELL__/"
[1] 23:43:28,412 DEBUG SchemaChange - SQL_PARSE ->   (parse (statement (create_table (create_table_preamble CREATE TABLE (table_name (name (id t1)))) (create_specifications ( (create_specification (column_definition (name (id a)) (data_type (signed_type int (column_options (nullability not null)))))) , (create_specification (column_definition (name (id b)) (data_type (signed_type int (column_options (nullability not null)))))) , (create_specification (column_definition (name (id c)) (data_type (signed_type int (column_options (nullability not null)))))) , (create_specification (index_definition (index_type_pk primary key (index_column_list ( (index_columns (index_column (name (id a))) , (index_column (name (id b)))) ))))) )) (table_creation_option (partition_by partition by (partition_by_what range (skip_parens /__MAXWELL__/)) (subpartition_by subpartition by (partition_by_what hash (skip_parens /__MAXWELL__/))) (partition_definitions ( (skip_parens_inside_partition_definitions /__MAXWELL__/)))))) <EOF>)
[1] 23:43:28,412 DEBUG SchemaChange - SQL_PARSE <- "CREATE TABLE t1 ( a int not null, b int not null, c int not null, primary key (a,b)) partition by range (a) subpartition by hash (a+b) ( partition x1 values less than (1) ( subpartition x11 tablespace t1 engine myisam nodegroup 0, subpartition x12 tablespace t2 engine myisam nodegroup 1), partition x2 values less than (5) ( subpartition x21 tablespace t1 engine myisam nodegroup 0, subpartition x22 tablespace t2 engine myisam nodegroup 1) )"
[1] 23:43:28,413 DEBUG SchemaChange - rewrote SQL to CREATE TABLE t1 ( a int not null, b int not null, c int not null, primary key (a,b)) partition by range /__MAXWELL__/ subpartition by hash (a+b) ( partition x1 values less than (1) ( subpartition x11 tablespace t1 engine myisam nodegroup 0, subpartition x12 tablespace t2 engine myisam nodegroup 1), partition x2 values less than (5) ( subpartition x21 tablespace t1 engine myisam nodegroup 0, subpartition x22 tablespace t2 engine myisam nodegroup 1) )
[1] 23:43:28,413 DEBUG SchemaChange - SQL_PARSE <- "CREATE TABLE t1 ( a int not null, b int not null, c int not null, primary key (a,b)) partition by range /__MAXWELL__/ subpartition by hash (a+b) ( partition x1 values less than (1) ( subpartition x11 tablespace t1 engine myisam nodegroup 0, subpartition x12 tablespace t2 engine myisam nodegroup 1), partition x2 values less than (5) ( subpartition x21 tablespace t1 engine myisam nodegroup 0, subpartition x22 tablespace t2 engine myisam nodegroup 1) )"
[1] 23:43:28,413 DEBUG SchemaChange - rewrote SQL to CREATE TABLE t1 ( a int not null, b int not null, c int not null, primary key (a,b)) partition by range /__MAXWELL__/ subpartition by hash /__MAXWELL__/ ( partition x1 values less than (1) ( subpartition x11 tablespace t1 engine myisam nodegroup 0, subpartition x12 tablespace t2 engine myisam nodegroup 1), partition x2 values less than (5) ( subpartition x21 tablespace t1 engine myisam nodegroup 0, subpartition x22 tablespace t2 engine myisam nodegroup 1) )
[1] 23:43:28,413 DEBUG SchemaChange - SQL_PARSE <- "CREATE TABLE t1 ( a int not null, b int not null, c int not null, primary key (a,b)) partition by range /__MAXWELL__/ subpartition by hash /__MAXWELL__/ ( partition x1 values less than (1) ( subpartition x11 tablespace t1 engine myisam nodegroup 0, subpartition x12 tablespace t2 engine myisam nodegroup 1), partition x2 values less than (5) ( subpartition x21 tablespace t1 engine myisam nodegroup 0, subpartition x22 tablespace t2 engine myisam nodegroup 1) )"
[1] 23:43:28,413 DEBUG SchemaChange - rewrote SQL to CREATE TABLE t1 ( a int not null, b int not null, c int not null, primary key (a,b)) partition by range /__MAXWELL__/ subpartition by hash /__MAXWELL__/ ( /__MAXWELL__/
[1] 23:43:28,413 DEBUG SchemaChange - SQL_PARSE <- "CREATE TABLE t1 ( a int not null, b int not null, c int not null, primary key (a,b)) partition by range /__MAXWELL__/ subpartition by hash /__MAXWELL__/ ( /__MAXWELL__/"
[1] 23:43:28,414 DEBUG SchemaChange - SQL_PARSE ->   (parse (statement (create_table (create_table_preamble CREATE TABLE (table_name (name (id t1)))) (create_specifications ( (create_specification (column_definition (name (id a)) (data_type (signed_type int (column_options (nullability not null)))))) , (create_specification (column_definition (name (id b)) (data_type (signed_type int (column_options (nullability not null)))))) , (create_specification (column_definition (name (id c)) (data_type (signed_type int (column_options (nullability not null)))))) , (create_specification (index_definition (index_type_pk primary key (index_column_list ( (index_columns (index_column (name (id a))) , (index_column (name (id b)))) ))))) )) (table_creation_option (partition_by partition by (partition_by_what range (skip_parens /__MAXWELL__/)) (subpartition_by subpartition by (partition_by_what hash (skip_parens /__MAXWELL__/))) (partition_definitions ( (skip_parens_inside_partition_definitions /__MAXWELL__/)))))) <EOF>)
[1] 23:43:28,414 DEBUG SchemaChange - SQL_PARSE <- "CREATE TABLE t1 ( a int not null, b int not null, c int not null, primary key (a,b)) partition by range (a) subpartition by hash (a+b) ( partition x1 values less than (1) ( subpartition x11 tablespace t1 engine myisam, subpartition x12 tablespace t2 engine myisam), partition x2 values less than (5) ( subpartition x21 tablespace t1 engine myisam, subpartition x22 tablespace t2 engine myisam) )"
[1] 23:43:28,414 DEBUG SchemaChange - rewrote SQL to CREATE TABLE t1 ( a int not null, b int not null, c int not null, primary key (a,b)) partition by range /__MAXWELL__/ subpartition by hash (a+b) ( partition x1 values less than (1) ( subpartition x11 tablespace t1 engine myisam, subpartition x12 tablespace t2 engine myisam), partition x2 values less than (5) ( subpartition x21 tablespace t1 engine myisam, subpartition x22 tablespace t2 engine myisam) )
[1] 23:43:28,414 DEBUG SchemaChange - SQL_PARSE <- "CREATE TABLE t1 ( a int not null, b int not null, c int not null, primary key (a,b)) partition by range /__MAXWELL__/ subpartition by hash (a+b) ( partition x1 values less than (1) ( subpartition x11 tablespace t1 engine myisam, subpartition x12 tablespace t2 engine myisam), partition x2 values less than (5) ( subpartition x21 tablespace t1 engine myisam, subpartition x22 tablespace t2 engine myisam) )"
[1] 23:43:28,415 DEBUG SchemaChange - rewrote SQL to CREATE TABLE t1 ( a int not null, b int not null, c int not null, primary key (a,b)) partition by range /__MAXWELL__/ subpartition by hash /__MAXWELL__/ ( partition x1 values less than (1) ( subpartition x11 tablespace t1 engine myisam, subpartition x12 tablespace t2 engine myisam), partition x2 values less than (5) ( subpartition x21 tablespace t1 engine myisam, subpartition x22 tablespace t2 engine myisam) )
[1] 23:43:28,415 DEBUG SchemaChange - SQL_PARSE <- "CREATE TABLE t1 ( a int not null, b int not null, c int not null, primary key (a,b)) partition by range /__MAXWELL__/ subpartition by hash /__MAXWELL__/ ( partition x1 values less than (1) ( subpartition x11 tablespace t1 engine myisam, subpartition x12 tablespace t2 engine myisam), partition x2 values less than (5) ( subpartition x21 tablespace t1 engine myisam, subpartition x22 tablespace t2 engine myisam) )"
[1] 23:43:28,415 DEBUG SchemaChange - rewrote SQL to CREATE TABLE t1 ( a int not null, b int not null, c int not null, primary key (a,b)) partition by range /__MAXWELL__/ subpartition by hash /__MAXWELL__/ ( /__MAXWELL__/
[1] 23:43:28,415 DEBUG SchemaChange - SQL_PARSE <- "CREATE TABLE t1 ( a int not null, b int not null, c int not null, primary key (a,b)) partition by range /__MAXWELL__/ subpartition by hash /__MAXWELL__/ ( /__MAXWELL__/"
[1] 23:43:28,416 DEBUG SchemaChange - SQL_PARSE ->   (parse (statement (create_table (create_table_preamble CREATE TABLE (table_name (name (id t1)))) (create_specifications ( (create_specification (column_definition (name (id a)) (data_type (signed_type int (column_options (nullability not null)))))) , (create_specification (column_definition (name (id b)) (data_type (signed_type int (column_options (nullability not null)))))) , (create_specification (column_definition (name (id c)) (data_type (signed_type int (column_options (nullability not null)))))) , (create_specification (index_definition (index_type_pk primary key (index_column_list ( (index_columns (index_column (name (id a))) , (index_column (name (id b)))) ))))) )) (table_creation_option (partition_by partition by (partition_by_what range (skip_parens /__MAXWELL__/)) (subpartition_by subpartition by (partition_by_what hash (skip_parens /__MAXWELL__/))) (partition_definitions ( (skip_parens_inside_partition_definitions /__MAXWELL__/)))))) <EOF>)
[1] 23:43:28,416 DEBUG SchemaChange - SQL_PARSE <- "CREATE TABLE t1 ( a int not null, b int not null, c int not null, primary key (a,b)) partition by range (a) subpartition by hash (a+b) ( partition x1 values less than (1) ( subpartition x11 tablespace t1 nodegroup 0, subpartition x12 tablespace t2 nodegroup 1), partition x2 values less than (5) ( subpartition x21 tablespace t1 nodegroup 0, subpartition x22 tablespace t2 nodegroup 1) )"
[1] 23:43:28,417 DEBUG SchemaChange - rewrote SQL to CREATE TABLE t1 ( a int not null, b int not null, c int not null, primary key (a,b)) partition by range /__MAXWELL__/ subpartition by hash (a+b) ( partition x1 values less than (1) ( subpartition x11 tablespace t1 nodegroup 0, subpartition x12 tablespace t2 nodegroup 1), partition x2 values less than (5) ( subpartition x21 tablespace t1 nodegroup 0, subpartition x22 tablespace t2 nodegroup 1) )
[1] 23:43:28,417 DEBUG SchemaChange - SQL_PARSE <- "CREATE TABLE t1 ( a int not null, b int not null, c int not null, primary key (a,b)) partition by range /__MAXWELL__/ subpartition by hash (a+b) ( partition x1 values less than (1) ( subpartition x11 tablespace t1 nodegroup 0, subpartition x12 tablespace t2 nodegroup 1), partition x2 values less than (5) ( subpartition x21 tablespace t1 nodegroup 0, subpartition x22 tablespace t2 nodegroup 1) )"
[1] 23:43:28,418 DEBUG SchemaChange - rewrote SQL to CREATE TABLE t1 ( a int not null, b int not null, c int not null, primary key (a,b)) partition by range /__MAXWELL__/ subpartition by hash /__MAXWELL__/ ( partition x1 values less than (1) ( subpartition x11 tablespace t1 nodegroup 0, subpartition x12 tablespace t2 nodegroup 1), partition x2 values less than (5) ( subpartition x21 tablespace t1 nodegroup 0, subpartition x22 tablespace t2 nodegroup 1) )
[1] 23:43:28,418 DEBUG SchemaChange - SQL_PARSE <- "CREATE TABLE t1 ( a int not null, b int not null, c int not null, primary key (a,b)) partition by range /__MAXWELL__/ subpartition by hash /__MAXWELL__/ ( partition x1 values less than (1) ( subpartition x11 tablespace t1 nodegroup 0, subpartition x12 tablespace t2 nodegroup 1), partition x2 values less than (5) ( subpartition x21 tablespace t1 nodegroup 0, subpartition x22 tablespace t2 nodegroup 1) )"
[1] 23:43:28,419 DEBUG SchemaChange - rewrote SQL to CREATE TABLE t1 ( a int not null, b int not null, c int not null, primary key (a,b)) partition by range /__MAXWELL__/ subpartition by hash /__MAXWELL__/ ( /__MAXWELL__/
[1] 23:43:28,419 DEBUG SchemaChange - SQL_PARSE <- "CREATE TABLE t1 ( a int not null, b int not null, c int not null, primary key (a,b)) partition by range /__MAXWELL__/ subpartition by hash /__MAXWELL__/ ( /__MAXWELL__/"
[1] 23:43:28,420 DEBUG SchemaChange - SQL_PARSE ->   (parse (statement (create_table (create_table_preamble CREATE TABLE (table_name (name (id t1)))) (create_specifications ( (create_specification (column_definition (name (id a)) (data_type (signed_type int (column_options (nullability not null)))))) , (create_specification (column_definition (name (id b)) (data_type (signed_type int (column_options (nullability not null)))))) , (create_specification (column_definition (name (id c)) (data_type (signed_type int (column_options (nullability not null)))))) , (create_specification (index_definition (index_type_pk primary key (index_column_list ( (index_columns (index_column (name (id a))) , (index_column (name (id b)))) ))))) )) (table_creation_option (partition_by partition by (partition_by_what range (skip_parens /__MAXWELL__/)) (subpartition_by subpartition by (partition_by_what hash (skip_parens /__MAXWELL__/))) (partition_definitions ( (skip_parens_inside_partition_definitions /__MAXWELL__/)))))) <EOF>)
[1] 23:43:28,420 DEBUG SchemaChange - SQL_PARSE <- "CREATE TABLE t1 ( a int not null, b int not null, c int not null, primary key (a,b)) partition by range (a) subpartition by hash (a+b) ( partition x1 values less than (1) ( subpartition x11 tablespace t1, subpartition x12 tablespace t2), partition x2 values less than (5) ( subpartition x21 tablespace t1, subpartition x22 tablespace t2) )"
[1] 23:43:28,421 DEBUG SchemaChange - rewrote SQL to CREATE TABLE t1 ( a int not null, b int not null, c int not null, primary key (a,b)) partition by range /__MAXWELL__/ subpartition by hash (a+b) ( partition x1 values less than (1) ( subpartition x11 tablespace t1, subpartition x12 tablespace t2), partition x2 values less than (5) ( subpartition x21 tablespace t1, subpartition x22 tablespace t2) )
[1] 23:43:28,421 DEBUG SchemaChange - SQL_PARSE <- "CREATE TABLE t1 ( a int not null, b int not null, c int not null, primary key (a,b)) partition by range /__MAXWELL__/ subpartition by hash (a+b) ( partition x1 values less than (1) ( subpartition x11 tablespace t1, subpartition x12 tablespace t2), partition x2 values less than (5) ( subpartition x21 tablespace t1, subpartition x22 tablespace t2) )"
[1] 23:43:28,422 DEBUG SchemaChange - rewrote SQL to CREATE TABLE t1 ( a int not null, b int not null, c int not null, primary key (a,b)) partition by range /__MAXWELL__/ subpartition by hash /__MAXWELL__/ ( partition x1 values less than (1) ( subpartition x11 tablespace t1, subpartition x12 tablespace t2), partition x2 values less than (5) ( subpartition x21 tablespace t1, subpartition x22 tablespace t2) )
[1] 23:43:28,422 DEBUG SchemaChange - SQL_PARSE <- "CREATE TABLE t1 ( a int not null, b int not null, c int not null, primary key (a,b)) partition by range /__MAXWELL__/ subpartition by hash /__MAXWELL__/ ( partition x1 values less than (1) ( subpartition x11 tablespace t1, subpartition x12 tablespace t2), partition x2 values less than (5) ( subpartition x21 tablespace t1, subpartition x22 tablespace t2) )"
[1] 23:43:28,423 DEBUG SchemaChange - rewrote SQL to CREATE TABLE t1 ( a int not null, b int not null, c int not null, primary key (a,b)) partition by range /__MAXWELL__/ subpartition by hash /__MAXWELL__/ ( /__MAXWELL__/
[1] 23:43:28,424 DEBUG SchemaChange - SQL_PARSE <- "CREATE TABLE t1 ( a int not null, b int not null, c int not null, primary key (a,b)) partition by range /__MAXWELL__/ subpartition by hash /__MAXWELL__/ ( /__MAXWELL__/"
[1] 23:43:28,424 DEBUG SchemaChange - SQL_PARSE ->   (parse (statement (create_table (create_table_preamble CREATE TABLE (table_name (name (id t1)))) (create_specifications ( (create_specification (column_definition (name (id a)) (data_type (signed_type int (column_options (nullability not null)))))) , (create_specification (column_definition (name (id b)) (data_type (signed_type int (column_options (nullability not null)))))) , (create_specification (column_definition (name (id c)) (data_type (signed_type int (column_options (nullability not null)))))) , (create_specification (index_definition (index_type_pk primary key (index_column_list ( (index_columns (index_column (name (id a))) , (index_column (name (id b)))) ))))) )) (table_creation_option (partition_by partition by (partition_by_what range (skip_parens /__MAXWELL__/)) (subpartition_by subpartition by (partition_by_what hash (skip_parens /__MAXWELL__/))) (partition_definitions ( (skip_parens_inside_partition_definitions /__MAXWELL__/)))))) <EOF>)
[1] 23:43:28,424 DEBUG SchemaChange - SQL_PARSE <- "CREATE TABLE t1 ( a int not null, b int not null, c int not null, primary key(a,b)) partition by hash (a + 2) partitions 3 (partition x1 tablespace ts1, partition x2 tablespace ts2, partition x3 tablespace ts3)"
[1] 23:43:28,425 DEBUG SchemaChange - rewrote SQL to CREATE TABLE t1 ( a int not null, b int not null, c int not null, primary key(a,b)) partition by hash /__MAXWELL__/ partitions 3 (partition x1 tablespace ts1, partition x2 tablespace ts2, partition x3 tablespace ts3)
[1] 23:43:28,425 DEBUG SchemaChange - SQL_PARSE <- "CREATE TABLE t1 ( a int not null, b int not null, c int not null, primary key(a,b)) partition by hash /__MAXWELL__/ partitions 3 (partition x1 tablespace ts1, partition x2 tablespace ts2, partition x3 tablespace ts3)"
[1] 23:43:28,425 DEBUG SchemaChange - rewrote SQL to CREATE TABLE t1 ( a int not null, b int not null, c int not null, primary key(a,b)) partition by hash /__MAXWELL__/ partitions 3 (/__MAXWELL__/
[1] 23:43:28,425 DEBUG SchemaChange - SQL_PARSE <- "CREATE TABLE t1 ( a int not null, b int not null, c int not null, primary key(a,b)) partition by hash /__MAXWELL__/ partitions 3 (/__MAXWELL__/"
[1] 23:43:28,426 DEBUG SchemaChange - SQL_PARSE ->   (parse (statement (create_table (create_table_preamble CREATE TABLE (table_name (name (id t1)))) (create_specifications ( (create_specification (column_definition (name (id a)) (data_type (signed_type int (column_options (nullability not null)))))) , (create_specification (column_definition (name (id b)) (data_type (signed_type int (column_options (nullability not null)))))) , (create_specification (column_definition (name (id c)) (data_type (signed_type int (column_options (nullability not null)))))) , (create_specification (index_definition (index_type_pk primary key (index_column_list ( (index_columns (index_column (name (id a))) , (index_column (name (id b)))) ))))) )) (table_creation_option (partition_by partition by (partition_by_what hash (skip_parens /__MAXWELL__/)) (partition_count partitions 3) (partition_definitions ( (skip_parens_inside_partition_definitions /__MAXWELL__/)))))) <EOF>)
[1] 23:43:28,426 DEBUG SchemaChange - SQL_PARSE <- "CREATE TABLE t1 ( a int not null, b int not null, c int not null, primary key(a,b)) partition by hash (a) (partition x1)"
[1] 23:43:28,426 DEBUG SchemaChange - rewrote SQL to CREATE TABLE t1 ( a int not null, b int not null, c int not null, primary key(a,b)) partition by hash /__MAXWELL__/ (partition x1)
[1] 23:43:28,426 DEBUG SchemaChange - SQL_PARSE <- "CREATE TABLE t1 ( a int not null, b int not null, c int not null, primary key(a,b)) partition by hash /__MAXWELL__/ (partition x1)"
[1] 23:43:28,426 DEBUG SchemaChange - rewrote SQL to CREATE TABLE t1 ( a int not null, b int not null, c int not null, primary key(a,b)) partition by hash /__MAXWELL__/ (/__MAXWELL__/
[1] 23:43:28,427 DEBUG SchemaChange - SQL_PARSE <- "CREATE TABLE t1 ( a int not null, b int not null, c int not null, primary key(a,b)) partition by hash /__MAXWELL__/ (/__MAXWELL__/"
[1] 23:43:28,427 DEBUG SchemaChange - SQL_PARSE ->   (parse (statement (create_table (create_table_preamble CREATE TABLE (table_name (name (id t1)))) (create_specifications ( (create_specification (column_definition (name (id a)) (data_type (signed_type int (column_options (nullability not null)))))) , (create_specification (column_definition (name (id b)) (data_type (signed_type int (column_options (nullability not null)))))) , (create_specification (column_definition (name (id c)) (data_type (signed_type int (column_options (nullability not null)))))) , (create_specification (index_definition (index_type_pk primary key (index_column_list ( (index_columns (index_column (name (id a))) , (index_column (name (id b)))) ))))) )) (table_creation_option (partition_by partition by (partition_by_what hash (skip_parens /__MAXWELL__/)) (partition_definitions ( (skip_parens_inside_partition_definitions /__MAXWELL__/)))))) <EOF>)
[1] 23:43:28,427 DEBUG SchemaChange - SQL_PARSE <- "CREATE TABLE t1 ( a int not null, b int not null, c int not null, primary key(a,b)) partition by key (a)"
[1] 23:43:28,427 DEBUG SchemaChange - rewrote SQL to CREATE TABLE t1 ( a int not null, b int not null, c int not null, primary key(a,b)) partition by key /__MAXWELL__/
[1] 23:43:28,427 DEBUG SchemaChange - SQL_PARSE <- "CREATE TABLE t1 ( a int not null, b int not null, c int not null, primary key(a,b)) partition by key /__MAXWELL__/"
[1] 23:43:28,428 DEBUG SchemaChange - SQL_PARSE ->   (parse (statement (create_table (create_table_preamble CREATE TABLE (table_name (name (id t1)))) (create_specifications ( (create_specification (column_definition (name (id a)) (data_type (signed_type int (column_options (nullability not null)))))) , (create_specification (column_definition (name (id b)) (data_type (signed_type int (column_options (nullability not null)))))) , (create_specification (column_definition (name (id c)) (data_type (signed_type int (column_options (nullability not null)))))) , (create_specification (index_definition (index_type_pk primary key (index_column_list ( (index_columns (index_column (name (id a))) , (index_column (name (id b)))) ))))) )) (table_creation_option (partition_by partition by (partition_by_what key (skip_parens /__MAXWELL__/)))))) <EOF>)
[1] 23:43:28,428 DEBUG SchemaChange - SQL_PARSE <- "CREATE TABLE t1 ( a int not null, b int not null, c int not null, primary key(a,b)) partition by key (a) (partition x1)"
[1] 23:43:28,428 DEBUG SchemaChange - rewrote SQL to CREATE TABLE t1 ( a int not null, b int not null, c int not null, primary key(a,b)) partition by key /__MAXWELL__/ (partition x1)
[1] 23:43:28,428 DEBUG SchemaChange - SQL_PARSE <- "CREATE TABLE t1 ( a int not null, b int not null, c int not null, primary key(a,b)) partition by key /__MAXWELL__/ (partition x1)"
[1] 23:43:28,428 DEBUG SchemaChange - rewrote SQL to CREATE TABLE t1 ( a int not null, b int not null, c int not null, primary key(a,b)) partition by key /__MAXWELL__/ (/__MAXWELL__/
[1] 23:43:28,428 DEBUG SchemaChange - SQL_PARSE <- "CREATE TABLE t1 ( a int not null, b int not null, c int not null, primary key(a,b)) partition by key /__MAXWELL__/ (/__MAXWELL__/"
[1] 23:43:28,429 DEBUG SchemaChange - SQL_PARSE ->   (parse (statement (create_table (create_table_preamble CREATE TABLE (table_name (name (id t1)))) (create_specifications ( (create_specification (column_definition (name (id a)) (data_type (signed_type int (column_options (nullability not null)))))) , (create_specification (column_definition (name (id b)) (data_type (signed_type int (column_options (nullability not null)))))) , (create_specification (column_definition (name (id c)) (data_type (signed_type int (column_options (nullability not null)))))) , (create_specification (index_definition (index_type_pk primary key (index_column_list ( (index_columns (index_column (name (id a))) , (index_column (name (id b)))) ))))) )) (table_creation_option (partition_by partition by (partition_by_what key (skip_parens /__MAXWELL__/)) (partition_definitions ( (skip_parens_inside_partition_definitions /__MAXWELL__/)))))) <EOF>)
[1] 23:43:28,429 DEBUG SchemaChange - SQL_PARSE <- "CREATE TABLE t1 ( a int not null, b int not null, c int not null, primary key(a,b)) partition by key (a) partitions 3 (partition x1 engine myisam, partition x2 engine myisam, partition x3 engine myisam)"
[1] 23:43:28,429 DEBUG SchemaChange - rewrote SQL to CREATE TABLE t1 ( a int not null, b int not null, c int not null, primary key(a,b)) partition by key /__MAXWELL__/ partitions 3 (partition x1 engine myisam, partition x2 engine myisam, partition x3 engine myisam)
[1] 23:43:28,429 DEBUG SchemaChange - SQL_PARSE <- "CREATE TABLE t1 ( a int not null, b int not null, c int not null, primary key(a,b)) partition by key /__MAXWELL__/ partitions 3 (partition x1 engine myisam, partition x2 engine myisam, partition x3 engine myisam)"
[1] 23:43:28,429 DEBUG SchemaChange - rewrote SQL to CREATE TABLE t1 ( a int not null, b int not null, c int not null, primary key(a,b)) partition by key /__MAXWELL__/ partitions 3 (/__MAXWELL__/
[1] 23:43:28,429 DEBUG SchemaChange - SQL_PARSE <- "CREATE TABLE t1 ( a int not null, b int not null, c int not null, primary key(a,b)) partition by key /__MAXWELL__/ partitions 3 (/__MAXWELL__/"
[1] 23:43:28,430 DEBUG SchemaChange - SQL_PARSE ->   (parse (statement (create_table (create_table_preamble CREATE TABLE (table_name (name (id t1)))) (create_specifications ( (create_specification (column_definition (name (id a)) (data_type (signed_type int (column_options (nullability not null)))))) , (create_specification (column_definition (name (id b)) (data_type (signed_type int (column_options (nullability not null)))))) , (create_specification (column_definition (name (id c)) (data_type (signed_type int (column_options (nullability not null)))))) , (create_specification (index_definition (index_type_pk primary key (index_column_list ( (index_columns (index_column (name (id a))) , (index_column (name (id b)))) ))))) )) (table_creation_option (partition_by partition by (partition_by_what key (skip_parens /__MAXWELL__/)) (partition_count partitions 3) (partition_definitions ( (skip_parens_inside_partition_definitions /__MAXWELL__/)))))) <EOF>)
[1] 23:43:28,430 DEBUG SchemaChange - SQL_PARSE <- "CREATE TABLE t1 ( a int not null, b int not null, c int not null, primary key(a,b)) partition by key (a) partitions 3 (partition x1 nodegroup 0, partition x2 nodegroup 1, partition x3 nodegroup 2)"
[1] 23:43:28,430 DEBUG SchemaChange - rewrote SQL to CREATE TABLE t1 ( a int not null, b int not null, c int not null, primary key(a,b)) partition by key /__MAXWELL__/ partitions 3 (partition x1 nodegroup 0, partition x2 nodegroup 1, partition x3 nodegroup 2)
[1] 23:43:28,430 DEBUG SchemaChange - SQL_PARSE <- "CREATE TABLE t1 ( a int not null, b int not null, c int not null, primary key(a,b)) partition by key /__MAXWELL__/ partitions 3 (partition x1 nodegroup 0, partition x2 nodegroup 1, partition x3 nodegroup 2)"
[1] 23:43:28,430 DEBUG SchemaChange - rewrote SQL to CREATE TABLE t1 ( a int not null, b int not null, c int not null, primary key(a,b)) partition by key /__MAXWELL__/ partitions 3 (/__MAXWELL__/
[1] 23:43:28,430 DEBUG SchemaChange - SQL_PARSE <- "CREATE TABLE t1 ( a int not null, b int not null, c int not null, primary key(a,b)) partition by key /__MAXWELL__/ partitions 3 (/__MAXWELL__/"
[1] 23:43:28,431 DEBUG SchemaChange - SQL_PARSE ->   (parse (statement (create_table (create_table_preamble CREATE TABLE (table_name (name (id t1)))) (create_specifications ( (create_specification (column_definition (name (id a)) (data_type (signed_type int (column_options (nullability not null)))))) , (create_specification (column_definition (name (id b)) (data_type (signed_type int (column_options (nullability not null)))))) , (create_specification (column_definition (name (id c)) (data_type (signed_type int (column_options (nullability not null)))))) , (create_specification (index_definition (index_type_pk primary key (index_column_list ( (index_columns (index_column (name (id a))) , (index_column (name (id b)))) ))))) )) (table_creation_option (partition_by partition by (partition_by_what key (skip_parens /__MAXWELL__/)) (partition_count partitions 3) (partition_definitions ( (skip_parens_inside_partition_definitions /__MAXWELL__/)))))) <EOF>)
[1] 23:43:28,431 DEBUG SchemaChange - SQL_PARSE <- "CREATE TABLE t1 ( a int not null, b int not null, c int not null, primary key(a,b)) partition by key (a) partitions 3 (partition x1 tablespace ts1, partition x2 tablespace ts2, partition x3 tablespace ts3)"
[1] 23:43:28,431 DEBUG SchemaChange - rewrote SQL to CREATE TABLE t1 ( a int not null, b int not null, c int not null, primary key(a,b)) partition by key /__MAXWELL__/ partitions 3 (partition x1 tablespace ts1, partition x2 tablespace ts2, partition x3 tablespace ts3)
[1] 23:43:28,431 DEBUG SchemaChange - SQL_PARSE <- "CREATE TABLE t1 ( a int not null, b int not null, c int not null, primary key(a,b)) partition by key /__MAXWELL__/ partitions 3 (partition x1 tablespace ts1, partition x2 tablespace ts2, partition x3 tablespace ts3)"
[1] 23:43:28,432 DEBUG SchemaChange - rewrote SQL to CREATE TABLE t1 ( a int not null, b int not null, c int not null, primary key(a,b)) partition by key /__MAXWELL__/ partitions 3 (/__MAXWELL__/
[1] 23:43:28,432 DEBUG SchemaChange - SQL_PARSE <- "CREATE TABLE t1 ( a int not null, b int not null, c int not null, primary key(a,b)) partition by key /__MAXWELL__/ partitions 3 (/__MAXWELL__/"
[1] 23:43:28,432 DEBUG SchemaChange - SQL_PARSE ->   (parse (statement (create_table (create_table_preamble CREATE TABLE (table_name (name (id t1)))) (create_specifications ( (create_specification (column_definition (name (id a)) (data_type (signed_type int (column_options (nullability not null)))))) , (create_specification (column_definition (name (id b)) (data_type (signed_type int (column_options (nullability not null)))))) , (create_specification (column_definition (name (id c)) (data_type (signed_type int (column_options (nullability not null)))))) , (create_specification (index_definition (index_type_pk primary key (index_column_list ( (index_columns (index_column (name (id a))) , (index_column (name (id b)))) ))))) )) (table_creation_option (partition_by partition by (partition_by_what key (skip_parens /__MAXWELL__/)) (partition_count partitions 3) (partition_definitions ( (skip_parens_inside_partition_definitions /__MAXWELL__/)))))) <EOF>)
[1] 23:43:28,432 DEBUG SchemaChange - SQL_PARSE <- "CREATE TABLE t1 ( a int not null, b int not null, c int not null, primary key(a,b)) partition by key (a) partitions 3 (partition x1, partition x2, partition x3)"
[1] 23:43:28,432 DEBUG SchemaChange - rewrote SQL to CREATE TABLE t1 ( a int not null, b int not null, c int not null, primary key(a,b)) partition by key /__MAXWELL__/ partitions 3 (partition x1, partition x2, partition x3)
[1] 23:43:28,432 DEBUG SchemaChange - SQL_PARSE <- "CREATE TABLE t1 ( a int not null, b int not null, c int not null, primary key(a,b)) partition by key /__MAXWELL__/ partitions 3 (partition x1, partition x2, partition x3)"
[1] 23:43:28,433 DEBUG SchemaChange - rewrote SQL to CREATE TABLE t1 ( a int not null, b int not null, c int not null, primary key(a,b)) partition by key /__MAXWELL__/ partitions 3 (/__MAXWELL__/
[1] 23:43:28,433 DEBUG SchemaChange - SQL_PARSE <- "CREATE TABLE t1 ( a int not null, b int not null, c int not null, primary key(a,b)) partition by key /__MAXWELL__/ partitions 3 (/__MAXWELL__/"
[1] 23:43:28,433 DEBUG SchemaChange - SQL_PARSE ->   (parse (statement (create_table (create_table_preamble CREATE TABLE (table_name (name (id t1)))) (create_specifications ( (create_specification (column_definition (name (id a)) (data_type (signed_type int (column_options (nullability not null)))))) , (create_specification (column_definition (name (id b)) (data_type (signed_type int (column_options (nullability not null)))))) , (create_specification (column_definition (name (id c)) (data_type (signed_type int (column_options (nullability not null)))))) , (create_specification (index_definition (index_type_pk primary key (index_column_list ( (index_columns (index_column (name (id a))) , (index_column (name (id b)))) ))))) )) (table_creation_option (partition_by partition by (partition_by_what key (skip_parens /__MAXWELL__/)) (partition_count partitions 3) (partition_definitions ( (skip_parens_inside_partition_definitions /__MAXWELL__/)))))) <EOF>)
[1] 23:43:28,433 DEBUG SchemaChange - SQL_PARSE <- "CREATE TABLE t1 ( a int not null, b int not null, c int not null, primary key(a,b)) partition by key (a, b)"
[1] 23:43:28,433 DEBUG SchemaChange - rewrote SQL to CREATE TABLE t1 ( a int not null, b int not null, c int not null, primary key(a,b)) partition by key /__MAXWELL__/
[1] 23:43:28,433 DEBUG SchemaChange - SQL_PARSE <- "CREATE TABLE t1 ( a int not null, b int not null, c int not null, primary key(a,b)) partition by key /__MAXWELL__/"
[1] 23:43:28,434 DEBUG SchemaChange - SQL_PARSE ->   (parse (statement (create_table (create_table_preamble CREATE TABLE (table_name (name (id t1)))) (create_specifications ( (create_specification (column_definition (name (id a)) (data_type (signed_type int (column_options (nullability not null)))))) , (create_specification (column_definition (name (id b)) (data_type (signed_type int (column_options (nullability not null)))))) , (create_specification (column_definition (name (id c)) (data_type (signed_type int (column_options (nullability not null)))))) , (create_specification (index_definition (index_type_pk primary key (index_column_list ( (index_columns (index_column (name (id a))) , (index_column (name (id b)))) ))))) )) (table_creation_option (partition_by partition by (partition_by_what key (skip_parens /__MAXWELL__/)))))) <EOF>)
[1] 23:43:28,434 DEBUG SchemaChange - SQL_PARSE <- "CREATE TABLE t1 ( a int not null, b int not null, c int not null, primary key(a,b)) partition by list (a) partitions 3 (partition x1 values in (1,2,9,4) tablespace ts1, partition x2 values in (3, 11, 5, 7) tablespace ts2, partition x3 values in (16, 8, 5+19, 70-43) tablespace ts3)"
[1] 23:43:28,434 DEBUG SchemaChange - rewrote SQL to CREATE TABLE t1 ( a int not null, b int not null, c int not null, primary key(a,b)) partition by list /__MAXWELL__/ partitions 3 (partition x1 values in (1,2,9,4) tablespace ts1, partition x2 values in (3, 11, 5, 7) tablespace ts2, partition x3 values in (16, 8, 5+19, 70-43) tablespace ts3)
[1] 23:43:28,434 DEBUG SchemaChange - SQL_PARSE <- "CREATE TABLE t1 ( a int not null, b int not null, c int not null, primary key(a,b)) partition by list /__MAXWELL__/ partitions 3 (partition x1 values in (1,2,9,4) tablespace ts1, partition x2 values in (3, 11, 5, 7) tablespace ts2, partition x3 values in (16, 8, 5+19, 70-43) tablespace ts3)"
[1] 23:43:28,435 DEBUG SchemaChange - rewrote SQL to CREATE TABLE t1 ( a int not null, b int not null, c int not null, primary key(a,b)) partition by list /__MAXWELL__/ partitions 3 (/__MAXWELL__/
[1] 23:43:28,435 DEBUG SchemaChange - SQL_PARSE <- "CREATE TABLE t1 ( a int not null, b int not null, c int not null, primary key(a,b)) partition by list /__MAXWELL__/ partitions 3 (/__MAXWELL__/"
[1] 23:43:28,435 DEBUG SchemaChange - SQL_PARSE ->   (parse (statement (create_table (create_table_preamble CREATE TABLE (table_name (name (id t1)))) (create_specifications ( (create_specification (column_definition (name (id a)) (data_type (signed_type int (column_options (nullability not null)))))) , (create_specification (column_definition (name (id b)) (data_type (signed_type int (column_options (nullability not null)))))) , (create_specification (column_definition (name (id c)) (data_type (signed_type int (column_options (nullability not null)))))) , (create_specification (index_definition (index_type_pk primary key (index_column_list ( (index_columns (index_column (name (id a))) , (index_column (name (id b)))) ))))) )) (table_creation_option (partition_by partition by (partition_by_what list (skip_parens /__MAXWELL__/)) (partition_count partitions 3) (partition_definitions ( (skip_parens_inside_partition_definitions /__MAXWELL__/)))))) <EOF>)
[1] 23:43:28,435 DEBUG SchemaChange - SQL_PARSE <- "CREATE TABLE t1 ( a int not null, b int not null, c int not null, primary key(a,b)) partition by list (b*a) (partition x1 values in (1) tablespace ts1, partition x2 values in (3, 11, 5, 7) tablespace ts2, partition x3 values in (16, 8, 5+19, 70-43) tablespace ts3)"
[1] 23:43:28,435 DEBUG SchemaChange - rewrote SQL to CREATE TABLE t1 ( a int not null, b int not null, c int not null, primary key(a,b)) partition by list /__MAXWELL__/ (partition x1 values in (1) tablespace ts1, partition x2 values in (3, 11, 5, 7) tablespace ts2, partition x3 values in (16, 8, 5+19, 70-43) tablespace ts3)
[1] 23:43:28,435 DEBUG SchemaChange - SQL_PARSE <- "CREATE TABLE t1 ( a int not null, b int not null, c int not null, primary key(a,b)) partition by list /__MAXWELL__/ (partition x1 values in (1) tablespace ts1, partition x2 values in (3, 11, 5, 7) tablespace ts2, partition x3 values in (16, 8, 5+19, 70-43) tablespace ts3)"
[1] 23:43:28,436 DEBUG SchemaChange - rewrote SQL to CREATE TABLE t1 ( a int not null, b int not null, c int not null, primary key(a,b)) partition by list /__MAXWELL__/ (/__MAXWELL__/
[1] 23:43:28,436 DEBUG SchemaChange - SQL_PARSE <- "CREATE TABLE t1 ( a int not null, b int not null, c int not null, primary key(a,b)) partition by list /__MAXWELL__/ (/__MAXWELL__/"
[1] 23:43:28,436 DEBUG SchemaChange - SQL_PARSE ->   (parse (statement (create_table (create_table_preamble CREATE TABLE (table_name (name (id t1)))) (create_specifications ( (create_specification (column_definition (name (id a)) (data_type (signed_type int (column_options (nullability not null)))))) , (create_specification (column_definition (name (id b)) (data_type (signed_type int (column_options (nullability not null)))))) , (create_specification (column_definition (name (id c)) (data_type (signed_type int (column_options (nullability not null)))))) , (create_specification (index_definition (index_type_pk primary key (index_column_list ( (index_columns (index_column (name (id a))) , (index_column (name (id b)))) ))))) )) (table_creation_option (partition_by partition by (partition_by_what list (skip_parens /__MAXWELL__/)) (partition_definitions ( (skip_parens_inside_partition_definitions /__MAXWELL__/)))))) <EOF>)
[1] 23:43:28,436 DEBUG SchemaChange - SQL_PARSE <- "CREATE TABLE t1 ( a int not null, b int not null, c int not null, primary key(a,b)) partition by list (b*a) partitions 3 (partition x1 values in (1,2,9,4) tablespace ts1, partition x2 values in (3, 11, 5, 7) tablespace ts2, partition x3 values in (16, 8, 5+19, 70-43) tablespace ts3)"
[1] 23:43:28,437 DEBUG SchemaChange - rewrote SQL to CREATE TABLE t1 ( a int not null, b int not null, c int not null, primary key(a,b)) partition by list /__MAXWELL__/ partitions 3 (partition x1 values in (1,2,9,4) tablespace ts1, partition x2 values in (3, 11, 5, 7) tablespace ts2, partition x3 values in (16, 8, 5+19, 70-43) tablespace ts3)
[1] 23:43:28,437 DEBUG SchemaChange - SQL_PARSE <- "CREATE TABLE t1 ( a int not null, b int not null, c int not null, primary key(a,b)) partition by list /__MAXWELL__/ partitions 3 (partition x1 values in (1,2,9,4) tablespace ts1, partition x2 values in (3, 11, 5, 7) tablespace ts2, partition x3 values in (16, 8, 5+19, 70-43) tablespace ts3)"
[1] 23:43:28,437 DEBUG SchemaChange - rewrote SQL to CREATE TABLE t1 ( a int not null, b int not null, c int not null, primary key(a,b)) partition by list /__MAXWELL__/ partitions 3 (/__MAXWELL__/
[1] 23:43:28,437 DEBUG SchemaChange - SQL_PARSE <- "CREATE TABLE t1 ( a int not null, b int not null, c int not null, primary key(a,b)) partition by list /__MAXWELL__/ partitions 3 (/__MAXWELL__/"
[1] 23:43:28,437 DEBUG SchemaChange - SQL_PARSE ->   (parse (statement (create_table (create_table_preamble CREATE TABLE (table_name (name (id t1)))) (create_specifications ( (create_specification (column_definition (name (id a)) (data_type (signed_type int (column_options (nullability not null)))))) , (create_specification (column_definition (name (id b)) (data_type (signed_type int (column_options (nullability not null)))))) , (create_specification (column_definition (name (id c)) (data_type (signed_type int (column_options (nullability not null)))))) , (create_specification (index_definition (index_type_pk primary key (index_column_list ( (index_columns (index_column (name (id a))) , (index_column (name (id b)))) ))))) )) (table_creation_option (partition_by partition by (partition_by_what list (skip_parens /__MAXWELL__/)) (partition_count partitions 3) (partition_definitions ( (skip_parens_inside_partition_definitions /__MAXWELL__/)))))) <EOF>)
[1] 23:43:28,437 DEBUG SchemaChange - SQL_PARSE <- "CREATE TABLE t1 ( a int not null, b int not null, c int not null, primary key(a,b)) partition by range (a) (partition x1 values less than (1))"
[1] 23:43:28,438 DEBUG SchemaChange - rewrote SQL to CREATE TABLE t1 ( a int not null, b int not null, c int not null, primary key(a,b)) partition by range /__MAXWELL__/ (partition x1 values less than (1))
[1] 23:43:28,438 DEBUG SchemaChange - SQL_PARSE <- "CREATE TABLE t1 ( a int not null, b int not null, c int not null, primary key(a,b)) partition by range /__MAXWELL__/ (partition x1 values less than (1))"
[1] 23:43:28,438 DEBUG SchemaChange - rewrote SQL to CREATE TABLE t1 ( a int not null, b int not null, c int not null, primary key(a,b)) partition by range /__MAXWELL__/ (/__MAXWELL__/
[1] 23:43:28,438 DEBUG SchemaChange - SQL_PARSE <- "CREATE TABLE t1 ( a int not null, b int not null, c int not null, primary key(a,b)) partition by range /__MAXWELL__/ (/__MAXWELL__/"
[1] 23:43:28,438 DEBUG SchemaChange - SQL_PARSE ->   (parse (statement (create_table (create_table_preamble CREATE TABLE (table_name (name (id t1)))) (create_specifications ( (create_specification (column_definition (name (id a)) (data_type (signed_type int (column_options (nullability not null)))))) , (create_specification (column_definition (name (id b)) (data_type (signed_type int (column_options (nullability not null)))))) , (create_specification (column_definition (name (id c)) (data_type (signed_type int (column_options (nullability not null)))))) , (create_specification (index_definition (index_type_pk primary key (index_column_list ( (index_columns (index_column (name (id a))) , (index_column (name (id b)))) ))))) )) (table_creation_option (partition_by partition by (partition_by_what range (skip_parens /__MAXWELL__/)) (partition_definitions ( (skip_parens_inside_partition_definitions /__MAXWELL__/)))))) <EOF>)
[1] 23:43:28,438 DEBUG SchemaChange - SQL_PARSE <- "CREATE TABLE t1 ( a int not null, b int not null, c int not null, primary key(a,b)) partition by range (a) partitions 3 (partition x1 values less than (5) tablespace ts1, partition x2 values less than (10) tablespace ts2, partition x3 values less than (15) tablespace ts3)"
[1] 23:43:28,439 DEBUG SchemaChange - rewrote SQL to CREATE TABLE t1 ( a int not null, b int not null, c int not null, primary key(a,b)) partition by range /__MAXWELL__/ partitions 3 (partition x1 values less than (5) tablespace ts1, partition x2 values less than (10) tablespace ts2, partition x3 values less than (15) tablespace ts3)
[1] 23:43:28,439 DEBUG SchemaChange - SQL_PARSE <- "CREATE TABLE t1 ( a int not null, b int not null, c int not null, primary key(a,b)) partition by range /__MAXWELL__/ partitions 3 (partition x1 values less than (5) tablespace ts1, partition x2 values less than (10) tablespace ts2, partition x3 values less than (15) tablespace ts3)"
[1] 23:43:28,439 DEBUG SchemaChange - rewrote SQL to CREATE TABLE t1 ( a int not null, b int not null, c int not null, primary key(a,b)) partition by range /__MAXWELL__/ partitions 3 (/__MAXWELL__/
[1] 23:43:28,439 DEBUG SchemaChange - SQL_PARSE <- "CREATE TABLE t1 ( a int not null, b int not null, c int not null, primary key(a,b)) partition by range /__MAXWELL__/ partitions 3 (/__MAXWELL__/"
[1] 23:43:28,439 DEBUG SchemaChange - SQL_PARSE ->   (parse (statement (create_table (create_table_preamble CREATE TABLE (table_name (name (id t1)))) (create_specifications ( (create_specification (column_definition (name (id a)) (data_type (signed_type int (column_options (nullability not null)))))) , (create_specification (column_definition (name (id b)) (data_type (signed_type int (column_options (nullability not null)))))) , (create_specification (column_definition (name (id c)) (data_type (signed_type int (column_options (nullability not null)))))) , (create_specification (index_definition (index_type_pk primary key (index_column_list ( (index_columns (index_column (name (id a))) , (index_column (name (id b)))) ))))) )) (table_creation_option (partition_by partition by (partition_by_what range (skip_parens /__MAXWELL__/)) (partition_count partitions 3) (partition_definitions ( (skip_parens_inside_partition_definitions /__MAXWELL__/)))))) <EOF>)
[1] 23:43:28,439 DEBUG SchemaChange - SQL_PARSE <- "CREATE TABLE t1 ( a int not null, b int not null, c int not null, primary key(a,b)) partition by range (a) partitions 3 (partition x1 values less than (5) tablespace ts1, partition x2 values less than (10) tablespace ts2, partition x3 values less than maxvalue tablespace ts3)"
[1] 23:43:28,440 DEBUG SchemaChange - rewrote SQL to CREATE TABLE t1 ( a int not null, b int not null, c int not null, primary key(a,b)) partition by range /__MAXWELL__/ partitions 3 (partition x1 values less than (5) tablespace ts1, partition x2 values less than (10) tablespace ts2, partition x3 values less than maxvalue tablespace ts3)
[1] 23:43:28,440 DEBUG SchemaChange - SQL_PARSE <- "CREATE TABLE t1 ( a int not null, b int not null, c int not null, primary key(a,b)) partition by range /__MAXWELL__/ partitions 3 (partition x1 values less than (5) tablespace ts1, partition x2 values less than (10) tablespace ts2, partition x3 values less than maxvalue tablespace ts3)"
[1] 23:43:28,440 DEBUG SchemaChange - rewrote SQL to CREATE TABLE t1 ( a int not null, b int not null, c int not null, primary key(a,b)) partition by range /__MAXWELL__/ partitions 3 (/__MAXWELL__/
[1] 23:43:28,440 DEBUG SchemaChange - SQL_PARSE <- "CREATE TABLE t1 ( a int not null, b int not null, c int not null, primary key(a,b)) partition by range /__MAXWELL__/ partitions 3 (/__MAXWELL__/"
[1] 23:43:28,440 DEBUG SchemaChange - SQL_PARSE ->   (parse (statement (create_table (create_table_preamble CREATE TABLE (table_name (name (id t1)))) (create_specifications ( (create_specification (column_definition (name (id a)) (data_type (signed_type int (column_options (nullability not null)))))) , (create_specification (column_definition (name (id b)) (data_type (signed_type int (column_options (nullability not null)))))) , (create_specification (column_definition (name (id c)) (data_type (signed_type int (column_options (nullability not null)))))) , (create_specification (index_definition (index_type_pk primary key (index_column_list ( (index_columns (index_column (name (id a))) , (index_column (name (id b)))) ))))) )) (table_creation_option (partition_by partition by (partition_by_what range (skip_parens /__MAXWELL__/)) (partition_count partitions 3) (partition_definitions ( (skip_parens_inside_partition_definitions /__MAXWELL__/)))))) <EOF>)
[1] 23:43:28,440 DEBUG SchemaChange - SQL_PARSE <- "CREATE TABLE t1 ( a int not null, b int not null, primary key(a), index (b)) partition by range (a) partitions 2 (partition x1 values less than (25), partition x2 values less than (100))"
[1] 23:43:28,441 DEBUG SchemaChange - rewrote SQL to CREATE TABLE t1 ( a int not null, b int not null, primary key(a), index (b)) partition by range /__MAXWELL__/ partitions 2 (partition x1 values less than (25), partition x2 values less than (100))
[1] 23:43:28,441 DEBUG SchemaChange - SQL_PARSE <- "CREATE TABLE t1 ( a int not null, b int not null, primary key(a), index (b)) partition by range /__MAXWELL__/ partitions 2 (partition x1 values less than (25), partition x2 values less than (100))"
[1] 23:43:28,441 DEBUG SchemaChange - rewrote SQL to CREATE TABLE t1 ( a int not null, b int not null, primary key(a), index (b)) partition by range /__MAXWELL__/ partitions 2 (/__MAXWELL__/
[1] 23:43:28,441 DEBUG SchemaChange - SQL_PARSE <- "CREATE TABLE t1 ( a int not null, b int not null, primary key(a), index (b)) partition by range /__MAXWELL__/ partitions 2 (/__MAXWELL__/"
[1] 23:43:28,441 DEBUG SchemaChange - SQL_PARSE ->   (parse (statement (create_table (create_table_preamble CREATE TABLE (table_name (name (id t1)))) (create_specifications ( (create_specification (column_definition (name (id a)) (data_type (signed_type int (column_options (nullability not null)))))) , (create_specification (column_definition (name (id b)) (data_type (signed_type int (column_options (nullability not null)))))) , (create_specification (index_definition (index_type_pk primary key (index_column_list ( (index_columns (index_column (name (id a)))) ))))) , (create_specification (index_definition (index_type_1 (index_or_key index) (index_column_list ( (index_columns (index_column (name (id b)))) ))))) )) (table_creation_option (partition_by partition by (partition_by_what range (skip_parens /__MAXWELL__/)) (partition_count partitions 2) (partition_definitions ( (skip_parens_inside_partition_definitions /__MAXWELL__/)))))) <EOF>)
[1] 23:43:28,442 DEBUG SchemaChange - SQL_PARSE <- "CREATE TABLE t1 ( a int not null, b int unsigned not null, primary key(a), index (b)) partition by range (a) partitions 2 (partition x1 values less than (25), partition x2 values less than (100))"
[1] 23:43:28,442 DEBUG SchemaChange - rewrote SQL to CREATE TABLE t1 ( a int not null, b int unsigned not null, primary key(a), index (b)) partition by range /__MAXWELL__/ partitions 2 (partition x1 values less than (25), partition x2 values less than (100))
[1] 23:43:28,442 DEBUG SchemaChange - SQL_PARSE <- "CREATE TABLE t1 ( a int not null, b int unsigned not null, primary key(a), index (b)) partition by range /__MAXWELL__/ partitions 2 (partition x1 values less than (25), partition x2 values less than (100))"
[1] 23:43:28,442 DEBUG SchemaChange - rewrote SQL to CREATE TABLE t1 ( a int not null, b int unsigned not null, primary key(a), index (b)) partition by range /__MAXWELL__/ partitions 2 (/__MAXWELL__/
[1] 23:43:28,442 DEBUG SchemaChange - SQL_PARSE <- "CREATE TABLE t1 ( a int not null, b int unsigned not null, primary key(a), index (b)) partition by range /__MAXWELL__/ partitions 2 (/__MAXWELL__/"
[1] 23:43:28,442 DEBUG SchemaChange - SQL_PARSE ->   (parse (statement (create_table (create_table_preamble CREATE TABLE (table_name (name (id t1)))) (create_specifications ( (create_specification (column_definition (name (id a)) (data_type (signed_type int (column_options (nullability not null)))))) , (create_specification (column_definition (name (id b)) (data_type (signed_type int (int_flags unsigned) (column_options (nullability not null)))))) , (create_specification (index_definition (index_type_pk primary key (index_column_list ( (index_columns (index_column (name (id a)))) ))))) , (create_specification (index_definition (index_type_1 (index_or_key index) (index_column_list ( (index_columns (index_column (name (id b)))) ))))) )) (table_creation_option (partition_by partition by (partition_by_what range (skip_parens /__MAXWELL__/)) (partition_count partitions 2) (partition_definitions ( (skip_parens_inside_partition_definitions /__MAXWELL__/)))))) <EOF>)
[1] 23:43:28,443 DEBUG SchemaChange - SQL_PARSE <- "CREATE TABLE t1 ( a int not null, b int, primary key(a), index (b)) partition by range (a) partitions 2 (partition x1 values less than (25), partition x2 values less than (100))"
[1] 23:43:28,443 DEBUG SchemaChange - rewrote SQL to CREATE TABLE t1 ( a int not null, b int, primary key(a), index (b)) partition by range /__MAXWELL__/ partitions 2 (partition x1 values less than (25), partition x2 values less than (100))
[1] 23:43:28,443 DEBUG SchemaChange - SQL_PARSE <- "CREATE TABLE t1 ( a int not null, b int, primary key(a), index (b)) partition by range /__MAXWELL__/ partitions 2 (partition x1 values less than (25), partition x2 values less than (100))"
[1] 23:43:28,443 DEBUG SchemaChange - rewrote SQL to CREATE TABLE t1 ( a int not null, b int, primary key(a), index (b)) partition by range /__MAXWELL__/ partitions 2 (/__MAXWELL__/
[1] 23:43:28,443 DEBUG SchemaChange - SQL_PARSE <- "CREATE TABLE t1 ( a int not null, b int, primary key(a), index (b)) partition by range /__MAXWELL__/ partitions 2 (/__MAXWELL__/"
[1] 23:43:28,443 DEBUG SchemaChange - SQL_PARSE ->   (parse (statement (create_table (create_table_preamble CREATE TABLE (table_name (name (id t1)))) (create_specifications ( (create_specification (column_definition (name (id a)) (data_type (signed_type int (column_options (nullability not null)))))) , (create_specification (column_definition (name (id b)) (data_type (signed_type int)))) , (create_specification (index_definition (index_type_pk primary key (index_column_list ( (index_columns (index_column (name (id a)))) ))))) , (create_specification (index_definition (index_type_1 (index_or_key index) (index_column_list ( (index_columns (index_column (name (id b)))) ))))) )) (table_creation_option (partition_by partition by (partition_by_what range (skip_parens /__MAXWELL__/)) (partition_count partitions 2) (partition_definitions ( (skip_parens_inside_partition_definitions /__MAXWELL__/)))))) <EOF>)
[1] 23:43:28,444 DEBUG SchemaChange - SQL_PARSE <- "CREATE TABLE t1 ( a int not null, b longtext not null, primary key(a), index (b(10))) partition by range (a) partitions 2 (partition x1 values less than (25), partition x2 values less than (100))"
[1] 23:43:28,444 DEBUG SchemaChange - rewrote SQL to CREATE TABLE t1 ( a int not null, b longtext not null, primary key(a), index (b(10))) partition by range /__MAXWELL__/ partitions 2 (partition x1 values less than (25), partition x2 values less than (100))
[1] 23:43:28,444 DEBUG SchemaChange - SQL_PARSE <- "CREATE TABLE t1 ( a int not null, b longtext not null, primary key(a), index (b(10))) partition by range /__MAXWELL__/ partitions 2 (partition x1 values less than (25), partition x2 values less than (100))"
[1] 23:43:28,444 DEBUG SchemaChange - rewrote SQL to CREATE TABLE t1 ( a int not null, b longtext not null, primary key(a), index (b(10))) partition by range /__MAXWELL__/ partitions 2 (/__MAXWELL__/
[1] 23:43:28,444 DEBUG SchemaChange - SQL_PARSE <- "CREATE TABLE t1 ( a int not null, b longtext not null, primary key(a), index (b(10))) partition by range /__MAXWELL__/ partitions 2 (/__MAXWELL__/"
[1] 23:43:28,445 DEBUG SchemaChange - SQL_PARSE ->   (parse (statement (create_table (create_table_preamble CREATE TABLE (table_name (name (id t1)))) (create_specifications ( (create_specification (column_definition (name (id a)) (data_type (signed_type int (column_options (nullability not null)))))) , (create_specification (column_definition (name (id b)) (data_type (string_type longtext (column_options (nullability not null)))))) , (create_specification (index_definition (index_type_pk primary key (index_column_list ( (index_columns (index_column (name (id a)))) ))))) , (create_specification (index_definition (index_type_1 (index_or_key index) (index_column_list ( (index_columns (index_column (name (id b)) (index_column_partial_def ( (index_column_partial_length 10) )))) ))))) )) (table_creation_option (partition_by partition by (partition_by_what range (skip_parens /__MAXWELL__/)) (partition_count partitions 2) (partition_definitions ( (skip_parens_inside_partition_definitions /__MAXWELL__/)))))) <EOF>)
[1] 23:43:28,445 DEBUG SchemaChange - SQL_PARSE <- "CREATE TABLE t1 ( a int not null, b mediumint not null, primary key(a), index (b)) partition by range (a) partitions 2 (partition x1 values less than (25), partition x2 values less than (100))"
[1] 23:43:28,445 DEBUG SchemaChange - rewrote SQL to CREATE TABLE t1 ( a int not null, b mediumint not null, primary key(a), index (b)) partition by range /__MAXWELL__/ partitions 2 (partition x1 values less than (25), partition x2 values less than (100))
[1] 23:43:28,445 DEBUG SchemaChange - SQL_PARSE <- "CREATE TABLE t1 ( a int not null, b mediumint not null, primary key(a), index (b)) partition by range /__MAXWELL__/ partitions 2 (partition x1 values less than (25), partition x2 values less than (100))"
[1] 23:43:28,445 DEBUG SchemaChange - rewrote SQL to CREATE TABLE t1 ( a int not null, b mediumint not null, primary key(a), index (b)) partition by range /__MAXWELL__/ partitions 2 (/__MAXWELL__/
[1] 23:43:28,446 DEBUG SchemaChange - SQL_PARSE <- "CREATE TABLE t1 ( a int not null, b mediumint not null, primary key(a), index (b)) partition by range /__MAXWELL__/ partitions 2 (/__MAXWELL__/"
[1] 23:43:28,446 DEBUG SchemaChange - SQL_PARSE ->   (parse (statement (create_table (create_table_preamble CREATE TABLE (table_name (name (id t1)))) (create_specifications ( (create_specification (column_definition (name (id a)) (data_type (signed_type int (column_options (nullability not null)))))) , (create_specification (column_definition (name (id b)) (data_type (signed_type mediumint (column_options (nullability not null)))))) , (create_specification (index_definition (index_type_pk primary key (index_column_list ( (index_columns (index_column (name (id a)))) ))))) , (create_specification (index_definition (index_type_1 (index_or_key index) (index_column_list ( (index_columns (index_column (name (id b)))) ))))) )) (table_creation_option (partition_by partition by (partition_by_what range (skip_parens /__MAXWELL__/)) (partition_count partitions 2) (partition_definitions ( (skip_parens_inside_partition_definitions /__MAXWELL__/)))))) <EOF>)
[1] 23:43:28,446 DEBUG SchemaChange - SQL_PARSE <- "CREATE TABLE t1 ( a int not null, b mediumint unsigned not null, primary key(a), index (b)) partition by range (a) partitions 2 (partition x1 values less than (25), partition x2 values less than (100))"
[1] 23:43:28,446 DEBUG SchemaChange - rewrote SQL to CREATE TABLE t1 ( a int not null, b mediumint unsigned not null, primary key(a), index (b)) partition by range /__MAXWELL__/ partitions 2 (partition x1 values less than (25), partition x2 values less than (100))
[1] 23:43:28,446 DEBUG SchemaChange - SQL_PARSE <- "CREATE TABLE t1 ( a int not null, b mediumint unsigned not null, primary key(a), index (b)) partition by range /__MAXWELL__/ partitions 2 (partition x1 values less than (25), partition x2 values less than (100))"
[1] 23:43:28,447 DEBUG SchemaChange - rewrote SQL to CREATE TABLE t1 ( a int not null, b mediumint unsigned not null, primary key(a), index (b)) partition by range /__MAXWELL__/ partitions 2 (/__MAXWELL__/
[1] 23:43:28,447 DEBUG SchemaChange - SQL_PARSE <- "CREATE TABLE t1 ( a int not null, b mediumint unsigned not null, primary key(a), index (b)) partition by range /__MAXWELL__/ partitions 2 (/__MAXWELL__/"
[1] 23:43:28,447 DEBUG SchemaChange - SQL_PARSE ->   (parse (statement (create_table (create_table_preamble CREATE TABLE (table_name (name (id t1)))) (create_specifications ( (create_specification (column_definition (name (id a)) (data_type (signed_type int (column_options (nullability not null)))))) , (create_specification (column_definition (name (id b)) (data_type (signed_type mediumint (int_flags unsigned) (column_options (nullability not null)))))) , (create_specification (index_definition (index_type_pk primary key (index_column_list ( (index_columns (index_column (name (id a)))) ))))) , (create_specification (index_definition (index_type_1 (index_or_key index) (index_column_list ( (index_columns (index_column (name (id b)))) ))))) )) (table_creation_option (partition_by partition by (partition_by_what range (skip_parens /__MAXWELL__/)) (partition_count partitions 2) (partition_definitions ( (skip_parens_inside_partition_definitions /__MAXWELL__/)))))) <EOF>)
[1] 23:43:28,447 DEBUG SchemaChange - SQL_PARSE <- "CREATE TABLE t1 ( a int not null, b mediumtext not null, primary key(a), index (b(10))) partition by range (a) partitions 2 (partition x1 values less than (25), partition x2 values less than (100))"
[1] 23:43:28,447 DEBUG SchemaChange - rewrote SQL to CREATE TABLE t1 ( a int not null, b mediumtext not null, primary key(a), index (b(10))) partition by range /__MAXWELL__/ partitions 2 (partition x1 values less than (25), partition x2 values less than (100))
[1] 23:43:28,447 DEBUG SchemaChange - SQL_PARSE <- "CREATE TABLE t1 ( a int not null, b mediumtext not null, primary key(a), index (b(10))) partition by range /__MAXWELL__/ partitions 2 (partition x1 values less than (25), partition x2 values less than (100))"
[1] 23:43:28,448 DEBUG SchemaChange - rewrote SQL to CREATE TABLE t1 ( a int not null, b mediumtext not null, primary key(a), index (b(10))) partition by range /__MAXWELL__/ partitions 2 (/__MAXWELL__/
[1] 23:43:28,448 DEBUG SchemaChange - SQL_PARSE <- "CREATE TABLE t1 ( a int not null, b mediumtext not null, primary key(a), index (b(10))) partition by range /__MAXWELL__/ partitions 2 (/__MAXWELL__/"
[1] 23:43:28,448 DEBUG SchemaChange - SQL_PARSE ->   (parse (statement (create_table (create_table_preamble CREATE TABLE (table_name (name (id t1)))) (create_specifications ( (create_specification (column_definition (name (id a)) (data_type (signed_type int (column_options (nullability not null)))))) , (create_specification (column_definition (name (id b)) (data_type (string_type mediumtext (column_options (nullability not null)))))) , (create_specification (index_definition (index_type_pk primary key (index_column_list ( (index_columns (index_column (name (id a)))) ))))) , (create_specification (index_definition (index_type_1 (index_or_key index) (index_column_list ( (index_columns (index_column (name (id b)) (index_column_partial_def ( (index_column_partial_length 10) )))) ))))) )) (table_creation_option (partition_by partition by (partition_by_what range (skip_parens /__MAXWELL__/)) (partition_count partitions 2) (partition_definitions ( (skip_parens_inside_partition_definitions /__MAXWELL__/)))))) <EOF>)
[1] 23:43:28,448 DEBUG SchemaChange - SQL_PARSE <- "CREATE TABLE t1 ( a int not null, b set('1','2', '4', '5') not null, primary key(a), index (b)) partition by range (a) partitions 2 (partition x1 values less than (25), partition x2 values less than (100))"
[1] 23:43:28,449 DEBUG SchemaChange - rewrote SQL to CREATE TABLE t1 ( a int not null, b set('1','2', '4', '5') not null, primary key(a), index (b)) partition by range /__MAXWELL__/ partitions 2 (partition x1 values less than (25), partition x2 values less than (100))
[1] 23:43:28,449 DEBUG SchemaChange - SQL_PARSE <- "CREATE TABLE t1 ( a int not null, b set('1','2', '4', '5') not null, primary key(a), index (b)) partition by range /__MAXWELL__/ partitions 2 (partition x1 values less than (25), partition x2 values less than (100))"
[1] 23:43:28,449 DEBUG SchemaChange - rewrote SQL to CREATE TABLE t1 ( a int not null, b set('1','2', '4', '5') not null, primary key(a), index (b)) partition by range /__MAXWELL__/ partitions 2 (/__MAXWELL__/
[1] 23:43:28,449 DEBUG SchemaChange - SQL_PARSE <- "CREATE TABLE t1 ( a int not null, b set('1','2', '4', '5') not null, primary key(a), index (b)) partition by range /__MAXWELL__/ partitions 2 (/__MAXWELL__/"
[1] 23:43:28,449 DEBUG SchemaChange - SQL_PARSE ->   (parse (statement (create_table (create_table_preamble CREATE TABLE (table_name (name (id t1)))) (create_specifications ( (create_specification (column_definition (name (id a)) (data_type (signed_type int (column_options (nullability not null)))))) , (create_specification (column_definition (name (id b)) (data_type (enumerated_type set ( (enumerated_values (enum_value (string_literal '1')) , (enum_value (string_literal '2')) , (enum_value (string_literal '4')) , (enum_value (string_literal '5'))) ) (column_options (nullability not null)))))) , (create_specification (index_definition (index_type_pk primary key (index_column_list ( (index_columns (index_column (name (id a)))) ))))) , (create_specification (index_definition (index_type_1 (index_or_key index) (index_column_list ( (index_columns (index_column (name (id b)))) ))))) )) (table_creation_option (partition_by partition by (partition_by_what range (skip_parens /__MAXWELL__/)) (partition_count partitions 2) (partition_definitions ( (skip_parens_inside_partition_definitions /__MAXWELL__/)))))) <EOF>)
[1] 23:43:28,449 DEBUG SchemaChange - SQL_PARSE <- "CREATE TABLE t1 ( a int not null, b smallint not null, primary key(a), index (b)) partition by range (a) partitions 2 (partition x1 values less than (25), partition x2 values less than (100))"
[1] 23:43:28,450 DEBUG SchemaChange - rewrote SQL to CREATE TABLE t1 ( a int not null, b smallint not null, primary key(a), index (b)) partition by range /__MAXWELL__/ partitions 2 (partition x1 values less than (25), partition x2 values less than (100))
[1] 23:43:28,450 DEBUG SchemaChange - SQL_PARSE <- "CREATE TABLE t1 ( a int not null, b smallint not null, primary key(a), index (b)) partition by range /__MAXWELL__/ partitions 2 (partition x1 values less than (25), partition x2 values less than (100))"
[1] 23:43:28,450 DEBUG SchemaChange - rewrote SQL to CREATE TABLE t1 ( a int not null, b smallint not null, primary key(a), index (b)) partition by range /__MAXWELL__/ partitions 2 (/__MAXWELL__/
[1] 23:43:28,450 DEBUG SchemaChange - SQL_PARSE <- "CREATE TABLE t1 ( a int not null, b smallint not null, primary key(a), index (b)) partition by range /__MAXWELL__/ partitions 2 (/__MAXWELL__/"
[1] 23:43:28,451 DEBUG SchemaChange - SQL_PARSE ->   (parse (statement (create_table (create_table_preamble CREATE TABLE (table_name (name (id t1)))) (create_specifications ( (create_specification (column_definition (name (id a)) (data_type (signed_type int (column_options (nullability not null)))))) , (create_specification (column_definition (name (id b)) (data_type (signed_type smallint (column_options (nullability not null)))))) , (create_specification (index_definition (index_type_pk primary key (index_column_list ( (index_columns (index_column (name (id a)))) ))))) , (create_specification (index_definition (index_type_1 (index_or_key index) (index_column_list ( (index_columns (index_column (name (id b)))) ))))) )) (table_creation_option (partition_by partition by (partition_by_what range (skip_parens /__MAXWELL__/)) (partition_count partitions 2) (partition_definitions ( (skip_parens_inside_partition_definitions /__MAXWELL__/)))))) <EOF>)
[1] 23:43:28,451 DEBUG SchemaChange - SQL_PARSE <- "CREATE TABLE t1 ( a int not null, b smallint unsigned not null, primary key(a), index (b)) partition by range (a) partitions 2 (partition x1 values less than (25), partition x2 values less than (100))"
[1] 23:43:28,451 DEBUG SchemaChange - rewrote SQL to CREATE TABLE t1 ( a int not null, b smallint unsigned not null, primary key(a), index (b)) partition by range /__MAXWELL__/ partitions 2 (partition x1 values less than (25), partition x2 values less than (100))
[1] 23:43:28,451 DEBUG SchemaChange - SQL_PARSE <- "CREATE TABLE t1 ( a int not null, b smallint unsigned not null, primary key(a), index (b)) partition by range /__MAXWELL__/ partitions 2 (partition x1 values less than (25), partition x2 values less than (100))"
[1] 23:43:28,451 DEBUG SchemaChange - rewrote SQL to CREATE TABLE t1 ( a int not null, b smallint unsigned not null, primary key(a), index (b)) partition by range /__MAXWELL__/ partitions 2 (/__MAXWELL__/
[1] 23:43:28,451 DEBUG SchemaChange - SQL_PARSE <- "CREATE TABLE t1 ( a int not null, b smallint unsigned not null, primary key(a), index (b)) partition by range /__MAXWELL__/ partitions 2 (/__MAXWELL__/"
[1] 23:43:28,452 DEBUG SchemaChange - SQL_PARSE ->   (parse (statement (create_table (create_table_preamble CREATE TABLE (table_name (name (id t1)))) (create_specifications ( (create_specification (column_definition (name (id a)) (data_type (signed_type int (column_options (nullability not null)))))) , (create_specification (column_definition (name (id b)) (data_type (signed_type smallint (int_flags unsigned) (column_options (nullability not null)))))) , (create_specification (index_definition (index_type_pk primary key (index_column_list ( (index_columns (index_column (name (id a)))) ))))) , (create_specification (index_definition (index_type_1 (index_or_key index) (index_column_list ( (index_columns (index_column (name (id b)))) ))))) )) (table_creation_option (partition_by partition by (partition_by_what range (skip_parens /__MAXWELL__/)) (partition_count partitions 2) (partition_definitions ( (skip_parens_inside_partition_definitions /__MAXWELL__/)))))) <EOF>)
[1] 23:43:28,452 DEBUG SchemaChange - SQL_PARSE <- "CREATE TABLE t1 ( a int not null, b text not null, primary key(a), index (b(10))) partition by range (a) partitions 2 (partition x1 values less than (25), partition x2 values less than (100))"
[1] 23:43:28,452 DEBUG SchemaChange - rewrote SQL to CREATE TABLE t1 ( a int not null, b text not null, primary key(a), index (b(10))) partition by range /__MAXWELL__/ partitions 2 (partition x1 values less than (25), partition x2 values less than (100))
[1] 23:43:28,452 DEBUG SchemaChange - SQL_PARSE <- "CREATE TABLE t1 ( a int not null, b text not null, primary key(a), index (b(10))) partition by range /__MAXWELL__/ partitions 2 (partition x1 values less than (25), partition x2 values less than (100))"
[1] 23:43:28,452 DEBUG SchemaChange - rewrote SQL to CREATE TABLE t1 ( a int not null, b text not null, primary key(a), index (b(10))) partition by range /__MAXWELL__/ partitions 2 (/__MAXWELL__/
[1] 23:43:28,452 DEBUG SchemaChange - SQL_PARSE <- "CREATE TABLE t1 ( a int not null, b text not null, primary key(a), index (b(10))) partition by range /__MAXWELL__/ partitions 2 (/__MAXWELL__/"
[1] 23:43:28,453 DEBUG SchemaChange - SQL_PARSE ->   (parse (statement (create_table (create_table_preamble CREATE TABLE (table_name (name (id t1)))) (create_specifications ( (create_specification (column_definition (name (id a)) (data_type (signed_type int (column_options (nullability not null)))))) , (create_specification (column_definition (name (id b)) (data_type (string_type text (column_options (nullability not null)))))) , (create_specification (index_definition (index_type_pk primary key (index_column_list ( (index_columns (index_column (name (id a)))) ))))) , (create_specification (index_definition (index_type_1 (index_or_key index) (index_column_list ( (index_columns (index_column (name (id b)) (index_column_partial_def ( (index_column_partial_length 10) )))) ))))) )) (table_creation_option (partition_by partition by (partition_by_what range (skip_parens /__MAXWELL__/)) (partition_count partitions 2) (partition_definitions ( (skip_parens_inside_partition_definitions /__MAXWELL__/)))))) <EOF>)
[1] 23:43:28,453 DEBUG SchemaChange - SQL_PARSE <- "CREATE TABLE t1 ( a int not null, b time not null, primary key(a), index (b)) partition by range (a) partitions 2 (partition x1 values less than (25), partition x2 values less than (100))"
[1] 23:43:28,453 DEBUG SchemaChange - rewrote SQL to CREATE TABLE t1 ( a int not null, b time not null, primary key(a), index (b)) partition by range /__MAXWELL__/ partitions 2 (partition x1 values less than (25), partition x2 values less than (100))
[1] 23:43:28,453 DEBUG SchemaChange - SQL_PARSE <- "CREATE TABLE t1 ( a int not null, b time not null, primary key(a), index (b)) partition by range /__MAXWELL__/ partitions 2 (partition x1 values less than (25), partition x2 values less than (100))"
[1] 23:43:28,453 DEBUG SchemaChange - rewrote SQL to CREATE TABLE t1 ( a int not null, b time not null, primary key(a), index (b)) partition by range /__MAXWELL__/ partitions 2 (/__MAXWELL__/
[1] 23:43:28,453 DEBUG SchemaChange - SQL_PARSE <- "CREATE TABLE t1 ( a int not null, b time not null, primary key(a), index (b)) partition by range /__MAXWELL__/ partitions 2 (/__MAXWELL__/"
[1] 23:43:28,454 DEBUG SchemaChange - SQL_PARSE ->   (parse (statement (create_table (create_table_preamble CREATE TABLE (table_name (name (id t1)))) (create_specifications ( (create_specification (column_definition (name (id a)) (data_type (signed_type int (column_options (nullability not null)))))) , (create_specification (column_definition (name (id b)) (data_type (generic_type time (column_options (nullability not null)))))) , (create_specification (index_definition (index_type_pk primary key (index_column_list ( (index_columns (index_column (name (id a)))) ))))) , (create_specification (index_definition (index_type_1 (index_or_key index) (index_column_list ( (index_columns (index_column (name (id b)))) ))))) )) (table_creation_option (partition_by partition by (partition_by_what range (skip_parens /__MAXWELL__/)) (partition_count partitions 2) (partition_definitions ( (skip_parens_inside_partition_definitions /__MAXWELL__/)))))) <EOF>)
[1] 23:43:28,454 DEBUG SchemaChange - SQL_PARSE <- "CREATE TABLE t1 ( a int not null, b timestamp not null, primary key(a), index (b)) partition by range (a) partitions 2 (partition x1 values less than (25), partition x2 values less than (100))"
[1] 23:43:28,454 DEBUG SchemaChange - rewrote SQL to CREATE TABLE t1 ( a int not null, b timestamp not null, primary key(a), index (b)) partition by range /__MAXWELL__/ partitions 2 (partition x1 values less than (25), partition x2 values less than (100))
[1] 23:43:28,454 DEBUG SchemaChange - SQL_PARSE <- "CREATE TABLE t1 ( a int not null, b timestamp not null, primary key(a), index (b)) partition by range /__MAXWELL__/ partitions 2 (partition x1 values less than (25), partition x2 values less than (100))"
[1] 23:43:28,454 DEBUG SchemaChange - rewrote SQL to CREATE TABLE t1 ( a int not null, b timestamp not null, primary key(a), index (b)) partition by range /__MAXWELL__/ partitions 2 (/__MAXWELL__/
[1] 23:43:28,454 DEBUG SchemaChange - SQL_PARSE <- "CREATE TABLE t1 ( a int not null, b timestamp not null, primary key(a), index (b)) partition by range /__MAXWELL__/ partitions 2 (/__MAXWELL__/"
[1] 23:43:28,455 DEBUG SchemaChange - SQL_PARSE ->   (parse (statement (create_table (create_table_preamble CREATE TABLE (table_name (name (id t1)))) (create_specifications ( (create_specification (column_definition (name (id a)) (data_type (signed_type int (column_options (nullability not null)))))) , (create_specification (column_definition (name (id b)) (data_type (generic_type timestamp (column_options (nullability not null)))))) , (create_specification (index_definition (index_type_pk primary key (index_column_list ( (index_columns (index_column (name (id a)))) ))))) , (create_specification (index_definition (index_type_1 (index_or_key index) (index_column_list ( (index_columns (index_column (name (id b)))) ))))) )) (table_creation_option (partition_by partition by (partition_by_what range (skip_parens /__MAXWELL__/)) (partition_count partitions 2) (partition_definitions ( (skip_parens_inside_partition_definitions /__MAXWELL__/)))))) <EOF>)
[1] 23:43:28,455 DEBUG SchemaChange - SQL_PARSE <- "CREATE TABLE t1 ( a int not null, b tinyint not null, primary key(a), index (b)) partition by range (a) partitions 2 (partition x1 values less than (25), partition x2 values less than (100))"
[1] 23:43:28,455 DEBUG SchemaChange - rewrote SQL to CREATE TABLE t1 ( a int not null, b tinyint not null, primary key(a), index (b)) partition by range /__MAXWELL__/ partitions 2 (partition x1 values less than (25), partition x2 values less than (100))
[1] 23:43:28,455 DEBUG SchemaChange - SQL_PARSE <- "CREATE TABLE t1 ( a int not null, b tinyint not null, primary key(a), index (b)) partition by range /__MAXWELL__/ partitions 2 (partition x1 values less than (25), partition x2 values less than (100))"
[1] 23:43:28,455 DEBUG SchemaChange - rewrote SQL to CREATE TABLE t1 ( a int not null, b tinyint not null, primary key(a), index (b)) partition by range /__MAXWELL__/ partitions 2 (/__MAXWELL__/
[1] 23:43:28,455 DEBUG SchemaChange - SQL_PARSE <- "CREATE TABLE t1 ( a int not null, b tinyint not null, primary key(a), index (b)) partition by range /__MAXWELL__/ partitions 2 (/__MAXWELL__/"
[1] 23:43:28,456 DEBUG SchemaChange - SQL_PARSE ->   (parse (statement (create_table (create_table_preamble CREATE TABLE (table_name (name (id t1)))) (create_specifications ( (create_specification (column_definition (name (id a)) (data_type (signed_type int (column_options (nullability not null)))))) , (create_specification (column_definition (name (id b)) (data_type (signed_type tinyint (column_options (nullability not null)))))) , (create_specification (index_definition (index_type_pk primary key (index_column_list ( (index_columns (index_column (name (id a)))) ))))) , (create_specification (index_definition (index_type_1 (index_or_key index) (index_column_list ( (index_columns (index_column (name (id b)))) ))))) )) (table_creation_option (partition_by partition by (partition_by_what range (skip_parens /__MAXWELL__/)) (partition_count partitions 2) (partition_definitions ( (skip_parens_inside_partition_definitions /__MAXWELL__/)))))) <EOF>)
[1] 23:43:28,456 DEBUG SchemaChange - SQL_PARSE <- "CREATE TABLE t1 ( a int not null, b tinyint unsigned not null, primary key(a), index (b)) partition by range (a) partitions 2 (partition x1 values less than (25), partition x2 values less than (100))"
[1] 23:43:28,456 DEBUG SchemaChange - rewrote SQL to CREATE TABLE t1 ( a int not null, b tinyint unsigned not null, primary key(a), index (b)) partition by range /__MAXWELL__/ partitions 2 (partition x1 values less than (25), partition x2 values less than (100))
[1] 23:43:28,456 DEBUG SchemaChange - SQL_PARSE <- "CREATE TABLE t1 ( a int not null, b tinyint unsigned not null, primary key(a), index (b)) partition by range /__MAXWELL__/ partitions 2 (partition x1 values less than (25), partition x2 values less than (100))"
[1] 23:43:28,456 DEBUG SchemaChange - rewrote SQL to CREATE TABLE t1 ( a int not null, b tinyint unsigned not null, primary key(a), index (b)) partition by range /__MAXWELL__/ partitions 2 (/__MAXWELL__/
[1] 23:43:28,457 DEBUG SchemaChange - SQL_PARSE <- "CREATE TABLE t1 ( a int not null, b tinyint unsigned not null, primary key(a), index (b)) partition by range /__MAXWELL__/ partitions 2 (/__MAXWELL__/"
[1] 23:43:28,457 DEBUG SchemaChange - SQL_PARSE ->   (parse (statement (create_table (create_table_preamble CREATE TABLE (table_name (name (id t1)))) (create_specifications ( (create_specification (column_definition (name (id a)) (data_type (signed_type int (column_options (nullability not null)))))) , (create_specification (column_definition (name (id b)) (data_type (signed_type tinyint (int_flags unsigned) (column_options (nullability not null)))))) , (create_specification (index_definition (index_type_pk primary key (index_column_list ( (index_columns (index_column (name (id a)))) ))))) , (create_specification (index_definition (index_type_1 (index_or_key index) (index_column_list ( (index_columns (index_column (name (id b)))) ))))) )) (table_creation_option (partition_by partition by (partition_by_what range (skip_parens /__MAXWELL__/)) (partition_count partitions 2) (partition_definitions ( (skip_parens_inside_partition_definitions /__MAXWELL__/)))))) <EOF>)
[1] 23:43:28,457 DEBUG SchemaChange - SQL_PARSE <- "CREATE TABLE t1 ( a int not null, b tinytext not null, primary key(a), index (b(10))) partition by range (a) partitions 2 (partition x1 values less than (25), partition x2 values less than (100))"
[1] 23:43:28,457 DEBUG SchemaChange - rewrote SQL to CREATE TABLE t1 ( a int not null, b tinytext not null, primary key(a), index (b(10))) partition by range /__MAXWELL__/ partitions 2 (partition x1 values less than (25), partition x2 values less than (100))
[1] 23:43:28,457 DEBUG SchemaChange - SQL_PARSE <- "CREATE TABLE t1 ( a int not null, b tinytext not null, primary key(a), index (b(10))) partition by range /__MAXWELL__/ partitions 2 (partition x1 values less than (25), partition x2 values less than (100))"
[1] 23:43:28,458 DEBUG SchemaChange - rewrote SQL to CREATE TABLE t1 ( a int not null, b tinytext not null, primary key(a), index (b(10))) partition by range /__MAXWELL__/ partitions 2 (/__MAXWELL__/
[1] 23:43:28,458 DEBUG SchemaChange - SQL_PARSE <- "CREATE TABLE t1 ( a int not null, b tinytext not null, primary key(a), index (b(10))) partition by range /__MAXWELL__/ partitions 2 (/__MAXWELL__/"
[1] 23:43:28,458 DEBUG SchemaChange - SQL_PARSE ->   (parse (statement (create_table (create_table_preamble CREATE TABLE (table_name (name (id t1)))) (create_specifications ( (create_specification (column_definition (name (id a)) (data_type (signed_type int (column_options (nullability not null)))))) , (create_specification (column_definition (name (id b)) (data_type (string_type tinytext (column_options (nullability not null)))))) , (create_specification (index_definition (index_type_pk primary key (index_column_list ( (index_columns (index_column (name (id a)))) ))))) , (create_specification (index_definition (index_type_1 (index_or_key index) (index_column_list ( (index_columns (index_column (name (id b)) (index_column_partial_def ( (index_column_partial_length 10) )))) ))))) )) (table_creation_option (partition_by partition by (partition_by_what range (skip_parens /__MAXWELL__/)) (partition_count partitions 2) (partition_definitions ( (skip_parens_inside_partition_definitions /__MAXWELL__/)))))) <EOF>)
[1] 23:43:28,458 DEBUG SchemaChange - SQL_PARSE <- "CREATE TABLE t1 ( a int not null, b varchar(10) binary not null, primary key(a), index (b)) partition by range (a) partitions 2 (partition x1 values less than (25), partition x2 values less than (100))"
[1] 23:43:28,458 DEBUG SchemaChange - rewrote SQL to CREATE TABLE t1 ( a int not null, b varchar(10) binary not null, primary key(a), index (b)) partition by range /__MAXWELL__/ partitions 2 (partition x1 values less than (25), partition x2 values less than (100))
[1] 23:43:28,458 DEBUG SchemaChange - SQL_PARSE <- "CREATE TABLE t1 ( a int not null, b varchar(10) binary not null, primary key(a), index (b)) partition by range /__MAXWELL__/ partitions 2 (partition x1 values less than (25), partition x2 values less than (100))"
[1] 23:43:28,459 DEBUG SchemaChange - rewrote SQL to CREATE TABLE t1 ( a int not null, b varchar(10) binary not null, primary key(a), index (b)) partition by range /__MAXWELL__/ partitions 2 (/__MAXWELL__/
[1] 23:43:28,459 DEBUG SchemaChange - SQL_PARSE <- "CREATE TABLE t1 ( a int not null, b varchar(10) binary not null, primary key(a), index (b)) partition by range /__MAXWELL__/ partitions 2 (/__MAXWELL__/"
[1] 23:43:28,459 DEBUG SchemaChange - SQL_PARSE ->   (parse (statement (create_table (create_table_preamble CREATE TABLE (table_name (name (id t1)))) (create_specifications ( (create_specification (column_definition (name (id a)) (data_type (signed_type int (column_options (nullability not null)))))) , (create_specification (column_definition (name (id b)) (data_type (string_type varchar (length ( 10 )) (column_options binary) (column_options (nullability not null)))))) , (create_specification (index_definition (index_type_pk primary key (index_column_list ( (index_columns (index_column (name (id a)))) ))))) , (create_specification (index_definition (index_type_1 (index_or_key index) (index_column_list ( (index_columns (index_column (name (id b)))) ))))) )) (table_creation_option (partition_by partition by (partition_by_what range (skip_parens /__MAXWELL__/)) (partition_count partitions 2) (partition_definitions ( (skip_parens_inside_partition_definitions /__MAXWELL__/)))))) <EOF>)
[1] 23:43:28,459 DEBUG SchemaChange - SQL_PARSE <- "CREATE TABLE t1 ( a int not null, b varchar(10) not null, primary key(a), index (b(5))) partition by range (a) partitions 2 (partition x1 values less than (25), partition x2 values less than (100))"
[1] 23:43:28,459 DEBUG SchemaChange - rewrote SQL to CREATE TABLE t1 ( a int not null, b varchar(10) not null, primary key(a), index (b(5))) partition by range /__MAXWELL__/ partitions 2 (partition x1 values less than (25), partition x2 values less than (100))
[1] 23:43:28,459 DEBUG SchemaChange - SQL_PARSE <- "CREATE TABLE t1 ( a int not null, b varchar(10) not null, primary key(a), index (b(5))) partition by range /__MAXWELL__/ partitions 2 (partition x1 values less than (25), partition x2 values less than (100))"
[1] 23:43:28,460 DEBUG SchemaChange - rewrote SQL to CREATE TABLE t1 ( a int not null, b varchar(10) not null, primary key(a), index (b(5))) partition by range /__MAXWELL__/ partitions 2 (/__MAXWELL__/
[1] 23:43:28,460 DEBUG SchemaChange - SQL_PARSE <- "CREATE TABLE t1 ( a int not null, b varchar(10) not null, primary key(a), index (b(5))) partition by range /__MAXWELL__/ partitions 2 (/__MAXWELL__/"
[1] 23:43:28,460 DEBUG SchemaChange - SQL_PARSE ->   (parse (statement (create_table (create_table_preamble CREATE TABLE (table_name (name (id t1)))) (create_specifications ( (create_specification (column_definition (name (id a)) (data_type (signed_type int (column_options (nullability not null)))))) , (create_specification (column_definition (name (id b)) (data_type (string_type varchar (length ( 10 )) (column_options (nullability not null)))))) , (create_specification (index_definition (index_type_pk primary key (index_column_list ( (index_columns (index_column (name (id a)))) ))))) , (create_specification (index_definition (index_type_1 (index_or_key index) (index_column_list ( (index_columns (index_column (name (id b)) (index_column_partial_def ( (index_column_partial_length 5) )))) ))))) )) (table_creation_option (partition_by partition by (partition_by_what range (skip_parens /__MAXWELL__/)) (partition_count partitions 2) (partition_definitions ( (skip_parens_inside_partition_definitions /__MAXWELL__/)))))) <EOF>)
[1] 23:43:28,460 DEBUG SchemaChange - SQL_PARSE <- "CREATE TABLE t1 ( a int not null, b varchar(10) not null, primary key(a), index (b)) partition by range (a) partitions 2 (partition x1 values less than (25), partition x2 values less than (100))"
[1] 23:43:28,460 DEBUG SchemaChange - rewrote SQL to CREATE TABLE t1 ( a int not null, b varchar(10) not null, primary key(a), index (b)) partition by range /__MAXWELL__/ partitions 2 (partition x1 values less than (25), partition x2 values less than (100))
[1] 23:43:28,460 DEBUG SchemaChange - SQL_PARSE <- "CREATE TABLE t1 ( a int not null, b varchar(10) not null, primary key(a), index (b)) partition by range /__MAXWELL__/ partitions 2 (partition x1 values less than (25), partition x2 values less than (100))"
[1] 23:43:28,461 DEBUG SchemaChange - rewrote SQL to CREATE TABLE t1 ( a int not null, b varchar(10) not null, primary key(a), index (b)) partition by range /__MAXWELL__/ partitions 2 (/__MAXWELL__/
[1] 23:43:28,461 DEBUG SchemaChange - SQL_PARSE <- "CREATE TABLE t1 ( a int not null, b varchar(10) not null, primary key(a), index (b)) partition by range /__MAXWELL__/ partitions 2 (/__MAXWELL__/"
[1] 23:43:28,461 DEBUG SchemaChange - SQL_PARSE ->   (parse (statement (create_table (create_table_preamble CREATE TABLE (table_name (name (id t1)))) (create_specifications ( (create_specification (column_definition (name (id a)) (data_type (signed_type int (column_options (nullability not null)))))) , (create_specification (column_definition (name (id b)) (data_type (string_type varchar (length ( 10 )) (column_options (nullability not null)))))) , (create_specification (index_definition (index_type_pk primary key (index_column_list ( (index_columns (index_column (name (id a)))) ))))) , (create_specification (index_definition (index_type_1 (index_or_key index) (index_column_list ( (index_columns (index_column (name (id b)))) ))))) )) (table_creation_option (partition_by partition by (partition_by_what range (skip_parens /__MAXWELL__/)) (partition_count partitions 2) (partition_definitions ( (skip_parens_inside_partition_definitions /__MAXWELL__/)))))) <EOF>)
[1] 23:43:28,461 DEBUG SchemaChange - SQL_PARSE <- "CREATE TABLE t1 ( a int not null, b year not null, primary key(a), index (b)) partition by range (a) partitions 2 (partition x1 values less than (25), partition x2 values less than (100))"
[1] 23:43:28,461 DEBUG SchemaChange - rewrote SQL to CREATE TABLE t1 ( a int not null, b year not null, primary key(a), index (b)) partition by range /__MAXWELL__/ partitions 2 (partition x1 values less than (25), partition x2 values less than (100))
[1] 23:43:28,461 DEBUG SchemaChange - SQL_PARSE <- "CREATE TABLE t1 ( a int not null, b year not null, primary key(a), index (b)) partition by range /__MAXWELL__/ partitions 2 (partition x1 values less than (25), partition x2 values less than (100))"
[1] 23:43:28,462 DEBUG SchemaChange - rewrote SQL to CREATE TABLE t1 ( a int not null, b year not null, primary key(a), index (b)) partition by range /__MAXWELL__/ partitions 2 (/__MAXWELL__/
[1] 23:43:28,462 DEBUG SchemaChange - SQL_PARSE <- "CREATE TABLE t1 ( a int not null, b year not null, primary key(a), index (b)) partition by range /__MAXWELL__/ partitions 2 (/__MAXWELL__/"
[1] 23:43:28,462 DEBUG SchemaChange - SQL_PARSE ->   (parse (statement (create_table (create_table_preamble CREATE TABLE (table_name (name (id t1)))) (create_specifications ( (create_specification (column_definition (name (id a)) (data_type (signed_type int (column_options (nullability not null)))))) , (create_specification (column_definition (name (id b)) (data_type (generic_type year (column_options (nullability not null)))))) , (create_specification (index_definition (index_type_pk primary key (index_column_list ( (index_columns (index_column (name (id a)))) ))))) , (create_specification (index_definition (index_type_1 (index_or_key index) (index_column_list ( (index_columns (index_column (name (id b)))) ))))) )) (table_creation_option (partition_by partition by (partition_by_what range (skip_parens /__MAXWELL__/)) (partition_count partitions 2) (partition_definitions ( (skip_parens_inside_partition_definitions /__MAXWELL__/)))))) <EOF>)
[1] 23:43:28,462 DEBUG SchemaChange - SQL_PARSE <- "CREATE TABLE t1 (`a b` int not null) partition by hash(`a b`)"
[1] 23:43:28,462 DEBUG SchemaChange - rewrote SQL to CREATE TABLE t1 (`a b` int not null) partition by hash/__MAXWELL__/
[1] 23:43:28,462 DEBUG SchemaChange - SQL_PARSE <- "CREATE TABLE t1 (`a b` int not null) partition by hash/__MAXWELL__/"
[1] 23:43:28,463 DEBUG SchemaChange - SQL_PARSE ->   (parse (statement (create_table (create_table_preamble CREATE TABLE (table_name (name (id t1)))) (create_specifications ( (create_specification (column_definition (name (id `a b`)) (data_type (signed_type int (column_options (nullability not null)))))) )) (table_creation_option (partition_by partition by (partition_by_what hash (skip_parens /__MAXWELL__/)))))) <EOF>)
[1] 23:43:28,463 DEBUG SchemaChange - SQL_PARSE <- "CREATE TABLE t1 (`a b` int not null) partition by key(`a b`)"
[1] 23:43:28,463 DEBUG SchemaChange - rewrote SQL to CREATE TABLE t1 (`a b` int not null) partition by key/__MAXWELL__/
[1] 23:43:28,463 DEBUG SchemaChange - SQL_PARSE <- "CREATE TABLE t1 (`a b` int not null) partition by key/__MAXWELL__/"
[1] 23:43:28,463 DEBUG SchemaChange - SQL_PARSE ->   (parse (statement (create_table (create_table_preamble CREATE TABLE (table_name (name (id t1)))) (create_specifications ( (create_specification (column_definition (name (id `a b`)) (data_type (signed_type int (column_options (nullability not null)))))) )) (table_creation_option (partition_by partition by (partition_by_what key (skip_parens /__MAXWELL__/)))))) <EOF>)
[1] 23:43:28,463 DEBUG SchemaChange - SQL_PARSE <- "CREATE TABLE t1 (a INT , KEY inx_a (a) ) PARTITION BY RANGE (a) SUBPARTITION BY HASH (a) SUBPARTITIONS 2 (PARTITION pUpTo10 VALUES LESS THAN (10) COMMENT "This is a long comment (2050 ascii characters)   50 pUpTo10 partition ......80-!.................. 100 ................................................................................................ 200....................................................................................................................................................................................................................................................................................................... 500 ............................................................................................................................................................................................................................................................................................................................................................................................................................................................................................................... 1000 ..............1024-|.......................................................................................................................................................................................................................................................................................................................................................................................................................................................................................... 1500 .............................................................................................................................................................................................................................................................................................................................................................................................................................................................................................................. 2000 ......................................2048-|++"  (SUBPARTITION `p-10sp0` ,SUBPARTITION `p-10sp1` ), PARTITION pMax VALUES LESS THAN MAXVALUE COMMENT "This is a long comment (2050 ascii characters)   50 pMax partition comment .80-!.................. 100 ................................................................................................ 200....................................................................................................................................................................................................................................................................................................... 500 ............................................................................................................................................................................................................................................................................................................................................................................................................................................................................................................... 1000 ..............1024-|.......................................................................................................................................................................................................................................................................................................................................................................................................................................................................................... 1500 .............................................................................................................................................................................................................................................................................................................................................................................................................................................................................................................. 2000 ......................................2048-|++"  (SUBPARTITION `pMaxsp0` ,SUBPARTITION `pMaxsp1` ))"
[1] 23:43:28,464 DEBUG SchemaChange - rewrote SQL to CREATE TABLE t1 (a INT , KEY inx_a (a) ) PARTITION BY RANGE /__MAXWELL__/ SUBPARTITION BY HASH (a) SUBPARTITIONS 2 (PARTITION pUpTo10 VALUES LESS THAN (10) COMMENT "This is a long comment (2050 ascii characters)   50 pUpTo10 partition ......80-!.................. 100 ................................................................................................ 200....................................................................................................................................................................................................................................................................................................... 500 ............................................................................................................................................................................................................................................................................................................................................................................................................................................................................................................... 1000 ..............1024-|.......................................................................................................................................................................................................................................................................................................................................................................................................................................................................................... 1500 .............................................................................................................................................................................................................................................................................................................................................................................................................................................................................................................. 2000 ......................................2048-|++"  (SUBPARTITION `p-10sp0` ,SUBPARTITION `p-10sp1` ), PARTITION pMax VALUES LESS THAN MAXVALUE COMMENT "This is a long comment (2050 ascii characters)   50 pMax partition comment .80-!.................. 100 ................................................................................................ 200....................................................................................................................................................................................................................................................................................................... 500 ............................................................................................................................................................................................................................................................................................................................................................................................................................................................................................................... 1000 ..............1024-|.......................................................................................................................................................................................................................................................................................................................................................................................................................................................................................... 1500 .............................................................................................................................................................................................................................................................................................................................................................................................................................................................................................................. 2000 ......................................2048-|++"  (SUBPARTITION `pMaxsp0` ,SUBPARTITION `pMaxsp1` ))
[1] 23:43:28,464 DEBUG SchemaChange - SQL_PARSE <- "CREATE TABLE t1 (a INT , KEY inx_a (a) ) PARTITION BY RANGE /__MAXWELL__/ SUBPARTITION BY HASH (a) SUBPARTITIONS 2 (PARTITION pUpTo10 VALUES LESS THAN (10) COMMENT "This is a long comment (2050 ascii characters)   50 pUpTo10 partition ......80-!.................. 100 ................................................................................................ 200....................................................................................................................................................................................................................................................................................................... 500 ............................................................................................................................................................................................................................................................................................................................................................................................................................................................................................................... 1000 ..............1024-|.......................................................................................................................................................................................................................................................................................................................................................................................................................................................................................... 1500 .............................................................................................................................................................................................................................................................................................................................................................................................................................................................................................................. 2000 ......................................2048-|++"  (SUBPARTITION `p-10sp0` ,SUBPARTITION `p-10sp1` ), PARTITION pMax VALUES LESS THAN MAXVALUE COMMENT "This is a long comment (2050 ascii characters)   50 pMax partition comment .80-!.................. 100 ................................................................................................ 200....................................................................................................................................................................................................................................................................................................... 500 ............................................................................................................................................................................................................................................................................................................................................................................................................................................................................................................... 1000 ..............1024-|.......................................................................................................................................................................................................................................................................................................................................................................................................................................................................................... 1500 .............................................................................................................................................................................................................................................................................................................................................................................................................................................................................................................. 2000 ......................................2048-|++"  (SUBPARTITION `pMaxsp0` ,SUBPARTITION `pMaxsp1` ))"
[1] 23:43:28,464 DEBUG SchemaChange - rewrote SQL to CREATE TABLE t1 (a INT , KEY inx_a (a) ) PARTITION BY RANGE /__MAXWELL__/ SUBPARTITION BY HASH /__MAXWELL__/ SUBPARTITIONS 2 (PARTITION pUpTo10 VALUES LESS THAN (10) COMMENT "This is a long comment (2050 ascii characters)   50 pUpTo10 partition ......80-!.................. 100 ................................................................................................ 200....................................................................................................................................................................................................................................................................................................... 500 ............................................................................................................................................................................................................................................................................................................................................................................................................................................................................................................... 1000 ..............1024-|.......................................................................................................................................................................................................................................................................................................................................................................................................................................................................................... 1500 .............................................................................................................................................................................................................................................................................................................................................................................................................................................................................................................. 2000 ......................................2048-|++"  (SUBPARTITION `p-10sp0` ,SUBPARTITION `p-10sp1` ), PARTITION pMax VALUES LESS THAN MAXVALUE COMMENT "This is a long comment (2050 ascii characters)   50 pMax partition comment .80-!.................. 100 ................................................................................................ 200....................................................................................................................................................................................................................................................................................................... 500 ............................................................................................................................................................................................................................................................................................................................................................................................................................................................................................................... 1000 ..............1024-|.......................................................................................................................................................................................................................................................................................................................................................................................................................................................................................... 1500 .............................................................................................................................................................................................................................................................................................................................................................................................................................................................................................................. 2000 ......................................2048-|++"  (SUBPARTITION `pMaxsp0` ,SUBPARTITION `pMaxsp1` ))
[1] 23:43:28,464 DEBUG SchemaChange - SQL_PARSE <- "CREATE TABLE t1 (a INT , KEY inx_a (a) ) PARTITION BY RANGE /__MAXWELL__/ SUBPARTITION BY HASH /__MAXWELL__/ SUBPARTITIONS 2 (PARTITION pUpTo10 VALUES LESS THAN (10) COMMENT "This is a long comment (2050 ascii characters)   50 pUpTo10 partition ......80-!.................. 100 ................................................................................................ 200....................................................................................................................................................................................................................................................................................................... 500 ............................................................................................................................................................................................................................................................................................................................................................................................................................................................................................................... 1000 ..............1024-|.......................................................................................................................................................................................................................................................................................................................................................................................................................................................................................... 1500 .............................................................................................................................................................................................................................................................................................................................................................................................................................................................................................................. 2000 ......................................2048-|++"  (SUBPARTITION `p-10sp0` ,SUBPARTITION `p-10sp1` ), PARTITION pMax VALUES LESS THAN MAXVALUE COMMENT "This is a long comment (2050 ascii characters)   50 pMax partition comment .80-!.................. 100 ................................................................................................ 200....................................................................................................................................................................................................................................................................................................... 500 ............................................................................................................................................................................................................................................................................................................................................................................................................................................................................................................... 1000 ..............1024-|.......................................................................................................................................................................................................................................................................................................................................................................................................................................................................................... 1500 .............................................................................................................................................................................................................................................................................................................................................................................................................................................................................................................. 2000 ......................................2048-|++"  (SUBPARTITION `pMaxsp0` ,SUBPARTITION `pMaxsp1` ))"
[1] 23:43:28,465 DEBUG SchemaChange - rewrote SQL to CREATE TABLE t1 (a INT , KEY inx_a (a) ) PARTITION BY RANGE /__MAXWELL__/ SUBPARTITION BY HASH /__MAXWELL__/ SUBPARTITIONS 2 (/__MAXWELL__/
[1] 23:43:28,465 DEBUG SchemaChange - SQL_PARSE <- "CREATE TABLE t1 (a INT , KEY inx_a (a) ) PARTITION BY RANGE /__MAXWELL__/ SUBPARTITION BY HASH /__MAXWELL__/ SUBPARTITIONS 2 (/__MAXWELL__/"
[1] 23:43:28,465 DEBUG SchemaChange - SQL_PARSE ->   (parse (statement (create_table (create_table_preamble CREATE TABLE (table_name (name (id t1)))) (create_specifications ( (create_specification (column_definition (name (id a)) (data_type (signed_type INT)))) , (create_specification (index_definition (index_type_1 (index_or_key KEY) (index_name (name (id inx_a))) (index_column_list ( (index_columns (index_column (name (id a)))) ))))) )) (table_creation_option (partition_by PARTITION BY (partition_by_what RANGE (skip_parens /__MAXWELL__/)) (subpartition_by SUBPARTITION BY (partition_by_what HASH (skip_parens /__MAXWELL__/)) SUBPARTITIONS 2) (partition_definitions ( (skip_parens_inside_partition_definitions /__MAXWELL__/)))))) <EOF>)
[1] 23:43:28,465 DEBUG SchemaChange - SQL_PARSE <- "CREATE TABLE t1 (a int not null) partition by key(a) (partition p0 COMMENT='first partition')"
[1] 23:43:28,465 DEBUG SchemaChange - rewrote SQL to CREATE TABLE t1 (a int not null) partition by key/__MAXWELL__/ (partition p0 COMMENT='first partition')
[1] 23:43:28,465 DEBUG SchemaChange - SQL_PARSE <- "CREATE TABLE t1 (a int not null) partition by key/__MAXWELL__/ (partition p0 COMMENT='first partition')"
[1] 23:43:28,466 DEBUG SchemaChange - rewrote SQL to CREATE TABLE t1 (a int not null) partition by key/__MAXWELL__/ (/__MAXWELL__/
[1] 23:43:28,466 DEBUG SchemaChange - SQL_PARSE <- "CREATE TABLE t1 (a int not null) partition by key/__MAXWELL__/ (/__MAXWELL__/"
[1] 23:43:28,466 DEBUG SchemaChange - SQL_PARSE ->   (parse (statement (create_table (create_table_preamble CREATE TABLE (table_name (name (id t1)))) (create_specifications ( (create_specification (column_definition (name (id a)) (data_type (signed_type int (column_options (nullability not null)))))) )) (table_creation_option (partition_by partition by (partition_by_what key (skip_parens /__MAXWELL__/)) (partition_definitions ( (skip_parens_inside_partition_definitions /__MAXWELL__/)))))) <EOF>)
[1] 23:43:28,466 DEBUG SchemaChange - SQL_PARSE <- "CREATE TABLE t1 (f1 DATE NOT NULL)  ENGINE = ARCHIVE PARTITION BY RANGE (TO_DAYS(f1))  (partition p1 values less than (733751),  partition p2 values less than MAXVALUE)"
[1] 23:43:28,466 DEBUG SchemaChange - rewrote SQL to CREATE TABLE t1 (f1 DATE NOT NULL)  ENGINE = ARCHIVE PARTITION BY RANGE /__MAXWELL__/  (partition p1 values less than (733751),  partition p2 values less than MAXVALUE)
[1] 23:43:28,466 DEBUG SchemaChange - SQL_PARSE <- "CREATE TABLE t1 (f1 DATE NOT NULL)  ENGINE = ARCHIVE PARTITION BY RANGE /__MAXWELL__/  (partition p1 values less than (733751),  partition p2 values less than MAXVALUE)"
[1] 23:43:28,467 DEBUG SchemaChange - rewrote SQL to CREATE TABLE t1 (f1 DATE NOT NULL)  ENGINE = ARCHIVE PARTITION BY RANGE /__MAXWELL__/  (/__MAXWELL__/
[1] 23:43:28,467 DEBUG SchemaChange - SQL_PARSE <- "CREATE TABLE t1 (f1 DATE NOT NULL)  ENGINE = ARCHIVE PARTITION BY RANGE /__MAXWELL__/  (/__MAXWELL__/"
[1] 23:43:28,467 DEBUG SchemaChange - SQL_PARSE ->   (parse (statement (create_table (create_table_preamble CREATE TABLE (table_name (name (id t1)))) (create_specifications ( (create_specification (column_definition (name (id f1)) (data_type (generic_type DATE (column_options (nullability NOT NULL)))))) )) (table_creation_option (creation_engine ENGINE = (id ARCHIVE))) (table_creation_option (partition_by PARTITION BY (partition_by_what RANGE (skip_parens /__MAXWELL__/)) (partition_definitions ( (skip_parens_inside_partition_definitions /__MAXWELL__/)))))) <EOF>)
[1] 23:43:28,467 DEBUG SchemaChange - SQL_PARSE <- "CREATE TABLE t1(id MEDIUMINT NOT NULL AUTO_INCREMENT, f1 VARCHAR(25), PRIMARY KEY(id)) ENGINE=ARCHIVE PARTITION BY RANGE(id) SUBPARTITION BY hash(id) subpartitions 2 (PARTITION pa1 values less than (10), PARTITION pa2 values less than (20), PARTITION pa3 values less than (30), PARTITION pa4 values less than (40), PARTITION pa5 values less than (50), PARTITION pa6 values less than (60), PARTITION pa7 values less than (70), PARTITION pa8 values less than (80), PARTITION pa9 values less than (90), PARTITION pa10 values less than (100), PARTITION pa11 values less than MAXVALUE)"
[1] 23:43:28,468 DEBUG SchemaChange - rewrote SQL to CREATE TABLE t1(id MEDIUMINT NOT NULL AUTO_INCREMENT, f1 VARCHAR(25), PRIMARY KEY(id)) ENGINE=ARCHIVE PARTITION BY RANGE/__MAXWELL__/ SUBPARTITION BY hash(id) subpartitions 2 (PARTITION pa1 values less than (10), PARTITION pa2 values less than (20), PARTITION pa3 values less than (30), PARTITION pa4 values less than (40), PARTITION pa5 values less than (50), PARTITION pa6 values less than (60), PARTITION pa7 values less than (70), PARTITION pa8 values less than (80), PARTITION pa9 values less than (90), PARTITION pa10 values less than (100), PARTITION pa11 values less than MAXVALUE)
[1] 23:43:28,468 DEBUG SchemaChange - SQL_PARSE <- "CREATE TABLE t1(id MEDIUMINT NOT NULL AUTO_INCREMENT, f1 VARCHAR(25), PRIMARY KEY(id)) ENGINE=ARCHIVE PARTITION BY RANGE/__MAXWELL__/ SUBPARTITION BY hash(id) subpartitions 2 (PARTITION pa1 values less than (10), PARTITION pa2 values less than (20), PARTITION pa3 values less than (30), PARTITION pa4 values less than (40), PARTITION pa5 values less than (50), PARTITION pa6 values less than (60), PARTITION pa7 values less than (70), PARTITION pa8 values less than (80), PARTITION pa9 values less than (90), PARTITION pa10 values less than (100), PARTITION pa11 values less than MAXVALUE)"
[1] 23:43:28,468 DEBUG SchemaChange - rewrote SQL to CREATE TABLE t1(id MEDIUMINT NOT NULL AUTO_INCREMENT, f1 VARCHAR(25), PRIMARY KEY(id)) ENGINE=ARCHIVE PARTITION BY RANGE/__MAXWELL__/ SUBPARTITION BY hash/__MAXWELL__/ subpartitions 2 (PARTITION pa1 values less than (10), PARTITION pa2 values less than (20), PARTITION pa3 values less than (30), PARTITION pa4 values less than (40), PARTITION pa5 values less than (50), PARTITION pa6 values less than (60), PARTITION pa7 values less than (70), PARTITION pa8 values less than (80), PARTITION pa9 values less than (90), PARTITION pa10 values less than (100), PARTITION pa11 values less than MAXVALUE)
[1] 23:43:28,468 DEBUG SchemaChange - SQL_PARSE <- "CREATE TABLE t1(id MEDIUMINT NOT NULL AUTO_INCREMENT, f1 VARCHAR(25), PRIMARY KEY(id)) ENGINE=ARCHIVE PARTITION BY RANGE/__MAXWELL__/ SUBPARTITION BY hash/__MAXWELL__/ subpartitions 2 (PARTITION pa1 values less than (10), PARTITION pa2 values less than (20), PARTITION pa3 values less than (30), PARTITION pa4 values less than (40), PARTITION pa5 values less than (50), PARTITION pa6 values less than (60), PARTITION pa7 values less than (70), PARTITION pa8 values less than (80), PARTITION pa9 values less than (90), PARTITION pa10 values less than (100), PARTITION pa11 values less than MAXVALUE)"
[1] 23:43:28,468 DEBUG SchemaChange - rewrote SQL to CREATE TABLE t1(id MEDIUMINT NOT NULL AUTO_INCREMENT, f1 VARCHAR(25), PRIMARY KEY(id)) ENGINE=ARCHIVE PARTITION BY RANGE/__MAXWELL__/ SUBPARTITION BY hash/__MAXWELL__/ subpartitions 2 (/__MAXWELL__/
[1] 23:43:28,468 DEBUG SchemaChange - SQL_PARSE <- "CREATE TABLE t1(id MEDIUMINT NOT NULL AUTO_INCREMENT, f1 VARCHAR(25), PRIMARY KEY(id)) ENGINE=ARCHIVE PARTITION BY RANGE/__MAXWELL__/ SUBPARTITION BY hash/__MAXWELL__/ subpartitions 2 (/__MAXWELL__/"
[1] 23:43:28,469 DEBUG SchemaChange - SQL_PARSE ->   (parse (statement (create_table (create_table_preamble CREATE TABLE (table_name (name (id t1)))) (create_specifications ( (create_specification (column_definition (name (id id)) (data_type (signed_type MEDIUMINT (column_options (nullability NOT NULL)) (column_options AUTO_INCREMENT))))) , (create_specification (column_definition (name (id f1)) (data_type (string_type VARCHAR (length ( 25 )))))) , (create_specification (index_definition (index_type_pk PRIMARY KEY (index_column_list ( (index_columns (index_column (name (id id)))) ))))) )) (table_creation_option (creation_engine ENGINE = (id ARCHIVE))) (table_creation_option (partition_by PARTITION BY (partition_by_what RANGE (skip_parens /__MAXWELL__/)) (subpartition_by SUBPARTITION BY (partition_by_what hash (skip_parens /__MAXWELL__/)) subpartitions 2) (partition_definitions ( (skip_parens_inside_partition_definitions /__MAXWELL__/)))))) <EOF>)
[1] 23:43:28,469 DEBUG SchemaChange - SQL_PARSE <- "CREATE TABLE test.part_tbl(id MEDIUMINT NOT NULL AUTO_INCREMENT, dt TIMESTAMP, user CHAR(255), uuidf LONGBLOB, fkid MEDIUMINT, filler VARCHAR(255), PRIMARY KEY(id)) ENGINE='innodb' PARTITION BY RANGE(id) SUBPARTITION BY hash(id) subpartitions 2 (PARTITION pa3 values less than (42), PARTITION pa6 values less than (60), PARTITION pa7 values less than (70), PARTITION pa8 values less than (80), PARTITION pa9 values less than (90), PARTITION pa10 values less than (100), PARTITION pa11 values less than MAXVALUE)"
[1] 23:43:28,469 DEBUG SchemaChange - rewrote SQL to CREATE TABLE test.part_tbl(id MEDIUMINT NOT NULL AUTO_INCREMENT, dt TIMESTAMP, user CHAR(255), uuidf LONGBLOB, fkid MEDIUMINT, filler VARCHAR(255), PRIMARY KEY(id)) ENGINE='innodb' PARTITION BY RANGE/__MAXWELL__/ SUBPARTITION BY hash(id) subpartitions 2 (PARTITION pa3 values less than (42), PARTITION pa6 values less than (60), PARTITION pa7 values less than (70), PARTITION pa8 values less than (80), PARTITION pa9 values less than (90), PARTITION pa10 values less than (100), PARTITION pa11 values less than MAXVALUE)
[1] 23:43:28,469 DEBUG SchemaChange - SQL_PARSE <- "CREATE TABLE test.part_tbl(id MEDIUMINT NOT NULL AUTO_INCREMENT, dt TIMESTAMP, user CHAR(255), uuidf LONGBLOB, fkid MEDIUMINT, filler VARCHAR(255), PRIMARY KEY(id)) ENGINE='innodb' PARTITION BY RANGE/__MAXWELL__/ SUBPARTITION BY hash(id) subpartitions 2 (PARTITION pa3 values less than (42), PARTITION pa6 values less than (60), PARTITION pa7 values less than (70), PARTITION pa8 values less than (80), PARTITION pa9 values less than (90), PARTITION pa10 values less than (100), PARTITION pa11 values less than MAXVALUE)"
[1] 23:43:28,470 DEBUG SchemaChange - rewrote SQL to CREATE TABLE test.part_tbl(id MEDIUMINT NOT NULL AUTO_INCREMENT, dt TIMESTAMP, user CHAR(255), uuidf LONGBLOB, fkid MEDIUMINT, filler VARCHAR(255), PRIMARY KEY(id)) ENGINE='innodb' PARTITION BY RANGE/__MAXWELL__/ SUBPARTITION BY hash/__MAXWELL__/ subpartitions 2 (PARTITION pa3 values less than (42), PARTITION pa6 values less than (60), PARTITION pa7 values less than (70), PARTITION pa8 values less than (80), PARTITION pa9 values less than (90), PARTITION pa10 values less than (100), PARTITION pa11 values less than MAXVALUE)
[1] 23:43:28,470 DEBUG SchemaChange - SQL_PARSE <- "CREATE TABLE test.part_tbl(id MEDIUMINT NOT NULL AUTO_INCREMENT, dt TIMESTAMP, user CHAR(255), uuidf LONGBLOB, fkid MEDIUMINT, filler VARCHAR(255), PRIMARY KEY(id)) ENGINE='innodb' PARTITION BY RANGE/__MAXWELL__/ SUBPARTITION BY hash/__MAXWELL__/ subpartitions 2 (PARTITION pa3 values less than (42), PARTITION pa6 values less than (60), PARTITION pa7 values less than (70), PARTITION pa8 values less than (80), PARTITION pa9 values less than (90), PARTITION pa10 values less than (100), PARTITION pa11 values less than MAXVALUE)"
[1] 23:43:28,470 DEBUG SchemaChange - rewrote SQL to CREATE TABLE test.part_tbl(id MEDIUMINT NOT NULL AUTO_INCREMENT, dt TIMESTAMP, user CHAR(255), uuidf LONGBLOB, fkid MEDIUMINT, filler VARCHAR(255), PRIMARY KEY(id)) ENGINE='innodb' PARTITION BY RANGE/__MAXWELL__/ SUBPARTITION BY hash/__MAXWELL__/ subpartitions 2 (/__MAXWELL__/
[1] 23:43:28,470 DEBUG SchemaChange - SQL_PARSE <- "CREATE TABLE test.part_tbl(id MEDIUMINT NOT NULL AUTO_INCREMENT, dt TIMESTAMP, user CHAR(255), uuidf LONGBLOB, fkid MEDIUMINT, filler VARCHAR(255), PRIMARY KEY(id)) ENGINE='innodb' PARTITION BY RANGE/__MAXWELL__/ SUBPARTITION BY hash/__MAXWELL__/ subpartitions 2 (/__MAXWELL__/"
[1] 23:43:28,471 DEBUG SchemaChange - SQL_PARSE ->   (parse (statement (create_table (create_table_preamble CREATE TABLE (table_name (db_name (name (id test))) . (name_all_tokens (id part_tbl)))) (create_specifications ( (create_specification (column_definition (name (id id)) (data_type (signed_type MEDIUMINT (column_options (nullability NOT NULL)) (column_options AUTO_INCREMENT))))) , (create_specification (column_definition (name (id dt)) (data_type (generic_type TIMESTAMP)))) , (create_specification (column_definition (name (id user)) (data_type (string_type CHAR (length ( 255 )))))) , (create_specification (column_definition (name (id uuidf)) (data_type (generic_type LONGBLOB)))) , (create_specification (column_definition (name (id fkid)) (data_type (signed_type MEDIUMINT)))) , (create_specification (column_definition (name (id filler)) (data_type (string_type VARCHAR (length ( 255 )))))) , (create_specification (index_definition (index_type_pk PRIMARY KEY (index_column_list ( (index_columns (index_column (name (id id)))) ))))) )) (table_creation_option (creation_engine ENGINE = (string_literal 'innodb'))) (table_creation_option (partition_by PARTITION BY (partition_by_what RANGE (skip_parens /__MAXWELL__/)) (subpartition_by SUBPARTITION BY (partition_by_what hash (skip_parens /__MAXWELL__/)) subpartitions 2) (partition_definitions ( (skip_parens_inside_partition_definitions /__MAXWELL__/)))))) <EOF>)
[1] 23:43:28,471 DEBUG SchemaChange - SQL_PARSE <- "create table t (s1 int) engine=myisam partition by key (s1)"
[1] 23:43:28,471 DEBUG SchemaChange - rewrote SQL to create table t (s1 int) engine=myisam partition by key /__MAXWELL__/
[1] 23:43:28,471 DEBUG SchemaChange - SQL_PARSE <- "create table t (s1 int) engine=myisam partition by key /__MAXWELL__/"
[1] 23:43:28,471 DEBUG SchemaChange - SQL_PARSE ->   (parse (statement (create_table (create_table_preamble create table (table_name (name (id t)))) (create_specifications ( (create_specification (column_definition (name (id s1)) (data_type (signed_type int)))) )) (table_creation_option (creation_engine engine = (id myisam))) (table_creation_option (partition_by partition by (partition_by_what key (skip_parens /__MAXWELL__/)))))) <EOF>)
[1] 23:43:28,471 DEBUG SchemaChange - SQL_PARSE <- "create table t1 ( a int not null) partition by hash(a) partitions 2"
[1] 23:43:28,471 DEBUG SchemaChange - rewrote SQL to create table t1 ( a int not null) partition by hash/__MAXWELL__/ partitions 2
[1] 23:43:28,471 DEBUG SchemaChange - SQL_PARSE <- "create table t1 ( a int not null) partition by hash/__MAXWELL__/ partitions 2"
[1] 23:43:28,472 DEBUG SchemaChange - SQL_PARSE ->   (parse (statement (create_table (create_table_preamble create table (table_name (name (id t1)))) (create_specifications ( (create_specification (column_definition (name (id a)) (data_type (signed_type int (column_options (nullability not null)))))) )) (table_creation_option (partition_by partition by (partition_by_what hash (skip_parens /__MAXWELL__/)) (partition_count partitions 2))))) <EOF>)
[1] 23:43:28,472 DEBUG SchemaChange - SQL_PARSE <- "create table t1 ( a int not null, b int not null, c int not null, primary key (a,b)) partition by range (a) subpartition by hash (a+b) ( partition x1 values less than (1) ( subpartition x11 tablespace t1 nodegroup 0, subpartition x12 tablespace t2 nodegroup 1), partition x2 values less than (5) ( subpartition x21 tablespace t1 nodegroup 0, subpartition x22 tablespace t2 nodegroup 1) )"
[1] 23:43:28,472 DEBUG SchemaChange - rewrote SQL to create table t1 ( a int not null, b int not null, c int not null, primary key (a,b)) partition by range /__MAXWELL__/ subpartition by hash (a+b) ( partition x1 values less than (1) ( subpartition x11 tablespace t1 nodegroup 0, subpartition x12 tablespace t2 nodegroup 1), partition x2 values less than (5) ( subpartition x21 tablespace t1 nodegroup 0, subpartition x22 tablespace t2 nodegroup 1) )
[1] 23:43:28,472 DEBUG SchemaChange - SQL_PARSE <- "create table t1 ( a int not null, b int not null, c int not null, primary key (a,b)) partition by range /__MAXWELL__/ subpartition by hash (a+b) ( partition x1 values less than (1) ( subpartition x11 tablespace t1 nodegroup 0, subpartition x12 tablespace t2 nodegroup 1), partition x2 values less than (5) ( subpartition x21 tablespace t1 nodegroup 0, subpartition x22 tablespace t2 nodegroup 1) )"
[1] 23:43:28,472 DEBUG SchemaChange - rewrote SQL to create table t1 ( a int not null, b int not null, c int not null, primary key (a,b)) partition by range /__MAXWELL__/ subpartition by hash /__MAXWELL__/ ( partition x1 values less than (1) ( subpartition x11 tablespace t1 nodegroup 0, subpartition x12 tablespace t2 nodegroup 1), partition x2 values less than (5) ( subpartition x21 tablespace t1 nodegroup 0, subpartition x22 tablespace t2 nodegroup 1) )
[1] 23:43:28,472 DEBUG SchemaChange - SQL_PARSE <- "create table t1 ( a int not null, b int not null, c int not null, primary key (a,b)) partition by range /__MAXWELL__/ subpartition by hash /__MAXWELL__/ ( partition x1 values less than (1) ( subpartition x11 tablespace t1 nodegroup 0, subpartition x12 tablespace t2 nodegroup 1), partition x2 values less than (5) ( subpartition x21 tablespace t1 nodegroup 0, subpartition x22 tablespace t2 nodegroup 1) )"
[1] 23:43:28,473 DEBUG SchemaChange - rewrote SQL to create table t1 ( a int not null, b int not null, c int not null, primary key (a,b)) partition by range /__MAXWELL__/ subpartition by hash /__MAXWELL__/ ( /__MAXWELL__/
[1] 23:43:28,473 DEBUG SchemaChange - SQL_PARSE <- "create table t1 ( a int not null, b int not null, c int not null, primary key (a,b)) partition by range /__MAXWELL__/ subpartition by hash /__MAXWELL__/ ( /__MAXWELL__/"
[1] 23:43:28,473 DEBUG SchemaChange - SQL_PARSE ->   (parse (statement (create_table (create_table_preamble create table (table_name (name (id t1)))) (create_specifications ( (create_specification (column_definition (name (id a)) (data_type (signed_type int (column_options (nullability not null)))))) , (create_specification (column_definition (name (id b)) (data_type (signed_type int (column_options (nullability not null)))))) , (create_specification (column_definition (name (id c)) (data_type (signed_type int (column_options (nullability not null)))))) , (create_specification (index_definition (index_type_pk primary key (index_column_list ( (index_columns (index_column (name (id a))) , (index_column (name (id b)))) ))))) )) (table_creation_option (partition_by partition by (partition_by_what range (skip_parens /__MAXWELL__/)) (subpartition_by subpartition by (partition_by_what hash (skip_parens /__MAXWELL__/))) (partition_definitions ( (skip_parens_inside_partition_definitions /__MAXWELL__/)))))) <EOF>)
[1] 23:43:28,473 DEBUG SchemaChange - SQL_PARSE <- "create table t1 ( a int(11) not null ) partition by hash (a) partitions 2"
[1] 23:43:28,473 DEBUG SchemaChange - rewrote SQL to create table t1 ( a int(11) not null ) partition by hash /__MAXWELL__/ partitions 2
[1] 23:43:28,473 DEBUG SchemaChange - SQL_PARSE <- "create table t1 ( a int(11) not null ) partition by hash /__MAXWELL__/ partitions 2"
[1] 23:43:28,474 DEBUG SchemaChange - SQL_PARSE ->   (parse (statement (create_table (create_table_preamble create table (table_name (name (id t1)))) (create_specifications ( (create_specification (column_definition (name (id a)) (data_type (signed_type int (length ( 11 )) (column_options (nullability not null)))))) )) (table_creation_option (partition_by partition by (partition_by_what hash (skip_parens /__MAXWELL__/)) (partition_count partitions 2))))) <EOF>)
[1] 23:43:28,474 DEBUG SchemaChange - SQL_PARSE <- "create table t1 ( a int)  partition by list (MOD(a, 10)) ( partition p0  values in (0), partition p1 values in (1), partition p2 values in (2), partition p3 values in (3), partition p4 values in (4), partition p5 values in (5), partition p6 values in (6), partition pn values in (NULL) )"
[1] 23:43:28,474 DEBUG SchemaChange - rewrote SQL to create table t1 ( a int)  partition by list /__MAXWELL__/ ( partition p0  values in (0), partition p1 values in (1), partition p2 values in (2), partition p3 values in (3), partition p4 values in (4), partition p5 values in (5), partition p6 values in (6), partition pn values in (NULL) )
[1] 23:43:28,474 DEBUG SchemaChange - SQL_PARSE <- "create table t1 ( a int)  partition by list /__MAXWELL__/ ( partition p0  values in (0), partition p1 values in (1), partition p2 values in (2), partition p3 values in (3), partition p4 values in (4), partition p5 values in (5), partition p6 values in (6), partition pn values in (NULL) )"
[1] 23:43:28,474 DEBUG SchemaChange - rewrote SQL to create table t1 ( a int)  partition by list /__MAXWELL__/ ( /__MAXWELL__/
[1] 23:43:28,474 DEBUG SchemaChange - SQL_PARSE <- "create table t1 ( a int)  partition by list /__MAXWELL__/ ( /__MAXWELL__/"
[1] 23:43:28,474 DEBUG SchemaChange - SQL_PARSE ->   (parse (statement (create_table (create_table_preamble create table (table_name (name (id t1)))) (create_specifications ( (create_specification (column_definition (name (id a)) (data_type (signed_type int)))) )) (table_creation_option (partition_by partition by (partition_by_what list (skip_parens /__MAXWELL__/)) (partition_definitions ( (skip_parens_inside_partition_definitions /__MAXWELL__/)))))) <EOF>)
[1] 23:43:28,475 DEBUG SchemaChange - SQL_PARSE <- "create table t1 ( a1 int not null ) partition by range (a1) ( partition p0 values less than (3), partition p1 values less than (6), partition p2 values less than (9) )"
[1] 23:43:28,475 DEBUG SchemaChange - rewrote SQL to create table t1 ( a1 int not null ) partition by range /__MAXWELL__/ ( partition p0 values less than (3), partition p1 values less than (6), partition p2 values less than (9) )
[1] 23:43:28,475 DEBUG SchemaChange - SQL_PARSE <- "create table t1 ( a1 int not null ) partition by range /__MAXWELL__/ ( partition p0 values less than (3), partition p1 values less than (6), partition p2 values less than (9) )"
[1] 23:43:28,475 DEBUG SchemaChange - rewrote SQL to create table t1 ( a1 int not null ) partition by range /__MAXWELL__/ ( /__MAXWELL__/
[1] 23:43:28,475 DEBUG SchemaChange - SQL_PARSE <- "create table t1 ( a1 int not null ) partition by range /__MAXWELL__/ ( /__MAXWELL__/"
[1] 23:43:28,475 DEBUG SchemaChange - SQL_PARSE ->   (parse (statement (create_table (create_table_preamble create table (table_name (name (id t1)))) (create_specifications ( (create_specification (column_definition (name (id a1)) (data_type (signed_type int (column_options (nullability not null)))))) )) (table_creation_option (partition_by partition by (partition_by_what range (skip_parens /__MAXWELL__/)) (partition_definitions ( (skip_parens_inside_partition_definitions /__MAXWELL__/)))))) <EOF>)
[1] 23:43:28,475 DEBUG SchemaChange - SQL_PARSE <- "create table t1 ( c0 int, c1 bigint, c2 set('sweet'), key (c2,c1,c0),  key(c0) ) engine=myisam partition by hash (c0) partitions 5"
[1] 23:43:28,476 DEBUG SchemaChange - rewrote SQL to create table t1 ( c0 int, c1 bigint, c2 set('sweet'), key (c2,c1,c0),  key(c0) ) engine=myisam partition by hash /__MAXWELL__/ partitions 5
[1] 23:43:28,476 DEBUG SchemaChange - SQL_PARSE <- "create table t1 ( c0 int, c1 bigint, c2 set('sweet'), key (c2,c1,c0),  key(c0) ) engine=myisam partition by hash /__MAXWELL__/ partitions 5"
[1] 23:43:28,476 DEBUG SchemaChange - SQL_PARSE ->   (parse (statement (create_table (create_table_preamble create table (table_name (name (id t1)))) (create_specifications ( (create_specification (column_definition (name (id c0)) (data_type (signed_type int)))) , (create_specification (column_definition (name (id c1)) (data_type (signed_type bigint)))) , (create_specification (column_definition (name (id c2)) (data_type (enumerated_type set ( (enumerated_values (enum_value (string_literal 'sweet'))) ))))) , (create_specification (index_definition (index_type_1 (index_or_key key) (index_column_list ( (index_columns (index_column (name (id c2))) , (index_column (name (id c1))) , (index_column (name (id c0)))) ))))) , (create_specification (index_definition (index_type_1 (index_or_key key) (index_column_list ( (index_columns (index_column (name (id c0)))) ))))) )) (table_creation_option (creation_engine engine = (id myisam))) (table_creation_option (partition_by partition by (partition_by_what hash (skip_parens /__MAXWELL__/)) (partition_count partitions 5))))) <EOF>)
[1] 23:43:28,477 DEBUG SchemaChange - SQL_PARSE <- "create table t1 ( f_int1 mediumint, f_int2 integer)  partition by list(mod(f_int1,4)) ( partition p_3 values in (-3), partition p_2 values in (-2), partition p_1 values in (-1), partition p0 values in (0), partition p1 values in (1), partition p2 values in (2), partition p3 values in (3) )"
[1] 23:43:28,477 DEBUG SchemaChange - rewrote SQL to create table t1 ( f_int1 mediumint, f_int2 integer)  partition by list/__MAXWELL__/ ( partition p_3 values in (-3), partition p_2 values in (-2), partition p_1 values in (-1), partition p0 values in (0), partition p1 values in (1), partition p2 values in (2), partition p3 values in (3) )
[1] 23:43:28,477 DEBUG SchemaChange - SQL_PARSE <- "create table t1 ( f_int1 mediumint, f_int2 integer)  partition by list/__MAXWELL__/ ( partition p_3 values in (-3), partition p_2 values in (-2), partition p_1 values in (-1), partition p0 values in (0), partition p1 values in (1), partition p2 values in (2), partition p3 values in (3) )"
[1] 23:43:28,477 DEBUG SchemaChange - rewrote SQL to create table t1 ( f_int1 mediumint, f_int2 integer)  partition by list/__MAXWELL__/ ( /__MAXWELL__/
[1] 23:43:28,477 DEBUG SchemaChange - SQL_PARSE <- "create table t1 ( f_int1 mediumint, f_int2 integer)  partition by list/__MAXWELL__/ ( /__MAXWELL__/"
[1] 23:43:28,477 DEBUG SchemaChange - SQL_PARSE ->   (parse (statement (create_table (create_table_preamble create table (table_name (name (id t1)))) (create_specifications ( (create_specification (column_definition (name (id f_int1)) (data_type (signed_type mediumint)))) , (create_specification (column_definition (name (id f_int2)) (data_type (signed_type integer)))) )) (table_creation_option (partition_by partition by (partition_by_what list (skip_parens /__MAXWELL__/)) (partition_definitions ( (skip_parens_inside_partition_definitions /__MAXWELL__/)))))) <EOF>)
[1] 23:43:28,478 DEBUG SchemaChange - SQL_PARSE <- "create table t1 ( id int unsigned auto_increment, time datetime not null, first_name varchar(40), last_name varchar(50), primary key (id, time), index first_index (first_name), index last_index (last_name)	 ) engine=Innodb partition by range (to_days(time)) ( partition p1 values less than (to_days('2007-02-07')), partition p2 values less than (to_days('2007-02-08')), partition p3 values less than MAXVALUE )"
[1] 23:43:28,478 DEBUG SchemaChange - rewrote SQL to create table t1 ( id int unsigned auto_increment, time datetime not null, first_name varchar(40), last_name varchar(50), primary key (id, time), index first_index (first_name), index last_index (last_name)	 ) engine=Innodb partition by range /__MAXWELL__/ ( partition p1 values less than (to_days('2007-02-07')), partition p2 values less than (to_days('2007-02-08')), partition p3 values less than MAXVALUE )
[1] 23:43:28,478 DEBUG SchemaChange - SQL_PARSE <- "create table t1 ( id int unsigned auto_increment, time datetime not null, first_name varchar(40), last_name varchar(50), primary key (id, time), index first_index (first_name), index last_index (last_name)	 ) engine=Innodb partition by range /__MAXWELL__/ ( partition p1 values less than (to_days('2007-02-07')), partition p2 values less than (to_days('2007-02-08')), partition p3 values less than MAXVALUE )"
[1] 23:43:28,479 DEBUG SchemaChange - rewrote SQL to create table t1 ( id int unsigned auto_increment, time datetime not null, first_name varchar(40), last_name varchar(50), primary key (id, time), index first_index (first_name), index last_index (last_name)	 ) engine=Innodb partition by range /__MAXWELL__/ ( /__MAXWELL__/
[1] 23:43:28,479 DEBUG SchemaChange - SQL_PARSE <- "create table t1 ( id int unsigned auto_increment, time datetime not null, first_name varchar(40), last_name varchar(50), primary key (id, time), index first_index (first_name), index last_index (last_name)	 ) engine=Innodb partition by range /__MAXWELL__/ ( /__MAXWELL__/"
[1] 23:43:28,479 DEBUG SchemaChange - SQL_PARSE ->   (parse (statement (create_table (create_table_preamble create table (table_name (name (id t1)))) (create_specifications ( (create_specification (column_definition (name (id id)) (data_type (signed_type int (int_flags unsigned) (column_options auto_increment))))) , (create_specification (column_definition (name (tokens_available_for_names time)) (data_type (generic_type datetime (column_options (nullability not null)))))) , (create_specification (column_definition (name (id first_name)) (data_type (string_type varchar (length ( 40 )))))) , (create_specification (column_definition (name (id last_name)) (data_type (string_type varchar (length ( 50 )))))) , (create_specification (index_definition (index_type_pk primary key (index_column_list ( (index_columns (index_column (name (id id))) , (index_column (name (tokens_available_for_names time)))) ))))) , (create_specification (index_definition (index_type_1 (index_or_key index) (index_name (name (id first_index))) (index_column_list ( (index_columns (index_column (name (id first_name)))) ))))) , (create_specification (index_definition (index_type_1 (index_or_key index) (index_name (name (id last_index))) (index_column_list ( (index_columns (index_column (name (id last_name)))) ))))) )) (table_creation_option (creation_engine engine = (id Innodb))) (table_creation_option (partition_by partition by (partition_by_what range (skip_parens /__MAXWELL__/)) (partition_definitions ( (skip_parens_inside_partition_definitions /__MAXWELL__/)))))) <EOF>)
[1] 23:43:28,479 DEBUG SchemaChange - SQL_PARSE <- "create table t1 (a DATETIME) partition by range (TO_DAYS(a)) subpartition by hash(to_seconds(a)) (partition p0 values less than (1))"
[1] 23:43:28,480 DEBUG SchemaChange - rewrote SQL to create table t1 (a DATETIME) partition by range /__MAXWELL__/ subpartition by hash(to_seconds(a)) (partition p0 values less than (1))
[1] 23:43:28,480 DEBUG SchemaChange - SQL_PARSE <- "create table t1 (a DATETIME) partition by range /__MAXWELL__/ subpartition by hash(to_seconds(a)) (partition p0 values less than (1))"
[1] 23:43:28,480 DEBUG SchemaChange - rewrote SQL to create table t1 (a DATETIME) partition by range /__MAXWELL__/ subpartition by hash/__MAXWELL__/ (partition p0 values less than (1))
[1] 23:43:28,480 DEBUG SchemaChange - SQL_PARSE <- "create table t1 (a DATETIME) partition by range /__MAXWELL__/ subpartition by hash/__MAXWELL__/ (partition p0 values less than (1))"
[1] 23:43:28,480 DEBUG SchemaChange - rewrote SQL to create table t1 (a DATETIME) partition by range /__MAXWELL__/ subpartition by hash/__MAXWELL__/ (/__MAXWELL__/
[1] 23:43:28,480 DEBUG SchemaChange - SQL_PARSE <- "create table t1 (a DATETIME) partition by range /__MAXWELL__/ subpartition by hash/__MAXWELL__/ (/__MAXWELL__/"
[1] 23:43:28,481 DEBUG SchemaChange - SQL_PARSE ->   (parse (statement (create_table (create_table_preamble create table (table_name (name (id t1)))) (create_specifications ( (create_specification (column_definition (name (id a)) (data_type (generic_type DATETIME)))) )) (table_creation_option (partition_by partition by (partition_by_what range (skip_parens /__MAXWELL__/)) (subpartition_by subpartition by (partition_by_what hash (skip_parens /__MAXWELL__/))) (partition_definitions ( (skip_parens_inside_partition_definitions /__MAXWELL__/)))))) <EOF>)
[1] 23:43:28,481 DEBUG SchemaChange - SQL_PARSE <- "create table t1 (a bigint not null) partition by key (a)"
[1] 23:43:28,481 DEBUG SchemaChange - rewrote SQL to create table t1 (a bigint not null) partition by key /__MAXWELL__/
[1] 23:43:28,481 DEBUG SchemaChange - SQL_PARSE <- "create table t1 (a bigint not null) partition by key /__MAXWELL__/"
[1] 23:43:28,481 DEBUG SchemaChange - SQL_PARSE ->   (parse (statement (create_table (create_table_preamble create table (table_name (name (id t1)))) (create_specifications ( (create_specification (column_definition (name (id a)) (data_type (signed_type bigint (column_options (nullability not null)))))) )) (table_creation_option (partition_by partition by (partition_by_what key (skip_parens /__MAXWELL__/)))))) <EOF>)
[1] 23:43:28,481 DEBUG SchemaChange - SQL_PARSE <- "create table t1 (a bigint unsigned not null) partition by range(a) ( partition p0 values less than (10), partition p1 values less than (100), partition p2 values less than (1000), partition p3 values less than (18446744073709551000), partition p4 values less than (18446744073709551614) )"
[1] 23:43:28,485 DEBUG SchemaChange - rewrote SQL to create table t1 (a bigint unsigned not null) partition by range/__MAXWELL__/ ( partition p0 values less than (10), partition p1 values less than (100), partition p2 values less than (1000), partition p3 values less than (18446744073709551000), partition p4 values less than (18446744073709551614) )
[1] 23:43:28,485 DEBUG SchemaChange - SQL_PARSE <- "create table t1 (a bigint unsigned not null) partition by range/__MAXWELL__/ ( partition p0 values less than (10), partition p1 values less than (100), partition p2 values less than (1000), partition p3 values less than (18446744073709551000), partition p4 values less than (18446744073709551614) )"
[1] 23:43:28,486 DEBUG SchemaChange - rewrote SQL to create table t1 (a bigint unsigned not null) partition by range/__MAXWELL__/ ( /__MAXWELL__/
[1] 23:43:28,486 DEBUG SchemaChange - SQL_PARSE <- "create table t1 (a bigint unsigned not null) partition by range/__MAXWELL__/ ( /__MAXWELL__/"
[1] 23:43:28,486 DEBUG SchemaChange - SQL_PARSE ->   (parse (statement (create_table (create_table_preamble create table (table_name (name (id t1)))) (create_specifications ( (create_specification (column_definition (name (id a)) (data_type (signed_type bigint (int_flags unsigned) (column_options (nullability not null)))))) )) (table_creation_option (partition_by partition by (partition_by_what range (skip_parens /__MAXWELL__/)) (partition_definitions ( (skip_parens_inside_partition_definitions /__MAXWELL__/)))))) <EOF>)
[1] 23:43:28,486 DEBUG SchemaChange - SQL_PARSE <- "create table t1 (a bigint unsigned not null, primary key(a)) engine = myisam partition by key (a) partitions 10"
[1] 23:43:28,486 DEBUG SchemaChange - rewrote SQL to create table t1 (a bigint unsigned not null, primary key(a)) engine = myisam partition by key /__MAXWELL__/ partitions 10
[1] 23:43:28,486 DEBUG SchemaChange - SQL_PARSE <- "create table t1 (a bigint unsigned not null, primary key(a)) engine = myisam partition by key /__MAXWELL__/ partitions 10"
[1] 23:43:28,487 DEBUG SchemaChange - SQL_PARSE ->   (parse (statement (create_table (create_table_preamble create table (table_name (name (id t1)))) (create_specifications ( (create_specification (column_definition (name (id a)) (data_type (signed_type bigint (int_flags unsigned) (column_options (nullability not null)))))) , (create_specification (index_definition (index_type_pk primary key (index_column_list ( (index_columns (index_column (name (id a)))) ))))) )) (table_creation_option (creation_engine engine = (id myisam))) (table_creation_option (partition_by partition by (partition_by_what key (skip_parens /__MAXWELL__/)) (partition_count partitions 10))))) <EOF>)
[1] 23:43:28,487 DEBUG SchemaChange - SQL_PARSE <- "create table t1 (a bigint unsigned) partition by hash (a)"
[1] 23:43:28,487 DEBUG SchemaChange - rewrote SQL to create table t1 (a bigint unsigned) partition by hash /__MAXWELL__/
[1] 23:43:28,487 DEBUG SchemaChange - SQL_PARSE <- "create table t1 (a bigint unsigned) partition by hash /__MAXWELL__/"
[1] 23:43:28,487 DEBUG SchemaChange - SQL_PARSE ->   (parse (statement (create_table (create_table_preamble create table (table_name (name (id t1)))) (create_specifications ( (create_specification (column_definition (name (id a)) (data_type (signed_type bigint (int_flags unsigned))))) )) (table_creation_option (partition_by partition by (partition_by_what hash (skip_parens /__MAXWELL__/)))))) <EOF>)
[1] 23:43:28,487 DEBUG SchemaChange - SQL_PARSE <- "create table t1 (a bigint unsigned) partition by range (a) (partition p0 values less than (0), partition p1 values less than (10))"
[1] 23:43:28,487 DEBUG SchemaChange - rewrote SQL to create table t1 (a bigint unsigned) partition by range /__MAXWELL__/ (partition p0 values less than (0), partition p1 values less than (10))
[1] 23:43:28,487 DEBUG SchemaChange - SQL_PARSE <- "create table t1 (a bigint unsigned) partition by range /__MAXWELL__/ (partition p0 values less than (0), partition p1 values less than (10))"
[1] 23:43:28,487 DEBUG SchemaChange - rewrote SQL to create table t1 (a bigint unsigned) partition by range /__MAXWELL__/ (/__MAXWELL__/
[1] 23:43:28,488 DEBUG SchemaChange - SQL_PARSE <- "create table t1 (a bigint unsigned) partition by range /__MAXWELL__/ (/__MAXWELL__/"
[1] 23:43:28,488 DEBUG SchemaChange - SQL_PARSE ->   (parse (statement (create_table (create_table_preamble create table (table_name (name (id t1)))) (create_specifications ( (create_specification (column_definition (name (id a)) (data_type (signed_type bigint (int_flags unsigned))))) )) (table_creation_option (partition_by partition by (partition_by_what range (skip_parens /__MAXWELL__/)) (partition_definitions ( (skip_parens_inside_partition_definitions /__MAXWELL__/)))))) <EOF>)
[1] 23:43:28,488 DEBUG SchemaChange - SQL_PARSE <- "create table t1 (a bigint unsigned) partition by range (a) (partition p0 values less than (10))"
[1] 23:43:28,488 DEBUG SchemaChange - rewrote SQL to create table t1 (a bigint unsigned) partition by range /__MAXWELL__/ (partition p0 values less than (10))
[1] 23:43:28,488 DEBUG SchemaChange - SQL_PARSE <- "create table t1 (a bigint unsigned) partition by range /__MAXWELL__/ (partition p0 values less than (10))"
[1] 23:43:28,488 DEBUG SchemaChange - rewrote SQL to create table t1 (a bigint unsigned) partition by range /__MAXWELL__/ (/__MAXWELL__/
[1] 23:43:28,488 DEBUG SchemaChange - SQL_PARSE <- "create table t1 (a bigint unsigned) partition by range /__MAXWELL__/ (/__MAXWELL__/"
[1] 23:43:28,488 DEBUG SchemaChange - SQL_PARSE ->   (parse (statement (create_table (create_table_preamble create table (table_name (name (id t1)))) (create_specifications ( (create_specification (column_definition (name (id a)) (data_type (signed_type bigint (int_flags unsigned))))) )) (table_creation_option (partition_by partition by (partition_by_what range (skip_parens /__MAXWELL__/)) (partition_definitions ( (skip_parens_inside_partition_definitions /__MAXWELL__/)))))) <EOF>)
[1] 23:43:28,488 DEBUG SchemaChange - SQL_PARSE <- "create table t1 (a bigint unsigned) partition by range (a) (partition p0 values less than (100), partition p1 values less than MAXVALUE)"
[1] 23:43:28,489 DEBUG SchemaChange - rewrote SQL to create table t1 (a bigint unsigned) partition by range /__MAXWELL__/ (partition p0 values less than (100), partition p1 values less than MAXVALUE)
[1] 23:43:28,489 DEBUG SchemaChange - SQL_PARSE <- "create table t1 (a bigint unsigned) partition by range /__MAXWELL__/ (partition p0 values less than (100), partition p1 values less than MAXVALUE)"
[1] 23:43:28,489 DEBUG SchemaChange - rewrote SQL to create table t1 (a bigint unsigned) partition by range /__MAXWELL__/ (/__MAXWELL__/
[1] 23:43:28,489 DEBUG SchemaChange - SQL_PARSE <- "create table t1 (a bigint unsigned) partition by range /__MAXWELL__/ (/__MAXWELL__/"
[1] 23:43:28,489 DEBUG SchemaChange - SQL_PARSE ->   (parse (statement (create_table (create_table_preamble create table (table_name (name (id t1)))) (create_specifications ( (create_specification (column_definition (name (id a)) (data_type (signed_type bigint (int_flags unsigned))))) )) (table_creation_option (partition_by partition by (partition_by_what range (skip_parens /__MAXWELL__/)) (partition_definitions ( (skip_parens_inside_partition_definitions /__MAXWELL__/)))))) <EOF>)
[1] 23:43:28,489 DEBUG SchemaChange - SQL_PARSE <- "create table t1 (a bigint unsigned) partition by range (a) (partition p0 values less than (2), partition p1 values less than (10))"
[1] 23:43:28,489 DEBUG SchemaChange - rewrote SQL to create table t1 (a bigint unsigned) partition by range /__MAXWELL__/ (partition p0 values less than (2), partition p1 values less than (10))
[1] 23:43:28,489 DEBUG SchemaChange - SQL_PARSE <- "create table t1 (a bigint unsigned) partition by range /__MAXWELL__/ (partition p0 values less than (2), partition p1 values less than (10))"
[1] 23:43:28,489 DEBUG SchemaChange - rewrote SQL to create table t1 (a bigint unsigned) partition by range /__MAXWELL__/ (/__MAXWELL__/
[1] 23:43:28,489 DEBUG SchemaChange - SQL_PARSE <- "create table t1 (a bigint unsigned) partition by range /__MAXWELL__/ (/__MAXWELL__/"
[1] 23:43:28,490 DEBUG SchemaChange - SQL_PARSE ->   (parse (statement (create_table (create_table_preamble create table (table_name (name (id t1)))) (create_specifications ( (create_specification (column_definition (name (id a)) (data_type (signed_type bigint (int_flags unsigned))))) )) (table_creation_option (partition_by partition by (partition_by_what range (skip_parens /__MAXWELL__/)) (partition_definitions ( (skip_parens_inside_partition_definitions /__MAXWELL__/)))))) <EOF>)
[1] 23:43:28,490 DEBUG SchemaChange - SQL_PARSE <- "create table t1 (a bigint) partition by key (a)"
[1] 23:43:28,490 DEBUG SchemaChange - rewrote SQL to create table t1 (a bigint) partition by key /__MAXWELL__/
[1] 23:43:28,490 DEBUG SchemaChange - SQL_PARSE <- "create table t1 (a bigint) partition by key /__MAXWELL__/"
[1] 23:43:28,490 DEBUG SchemaChange - SQL_PARSE ->   (parse (statement (create_table (create_table_preamble create table (table_name (name (id t1)))) (create_specifications ( (create_specification (column_definition (name (id a)) (data_type (signed_type bigint)))) )) (table_creation_option (partition_by partition by (partition_by_what key (skip_parens /__MAXWELL__/)))))) <EOF>)
[1] 23:43:28,490 DEBUG SchemaChange - SQL_PARSE <- "create table t1 (a bigint) partition by range(a+0) ( partition p1 values less than (-1000), partition p2 values less than (-10), partition p3 values less than (10), partition p4 values less than (1000) )"
[1] 23:43:28,490 DEBUG SchemaChange - rewrote SQL to create table t1 (a bigint) partition by range/__MAXWELL__/ ( partition p1 values less than (-1000), partition p2 values less than (-10), partition p3 values less than (10), partition p4 values less than (1000) )
[1] 23:43:28,490 DEBUG SchemaChange - SQL_PARSE <- "create table t1 (a bigint) partition by range/__MAXWELL__/ ( partition p1 values less than (-1000), partition p2 values less than (-10), partition p3 values less than (10), partition p4 values less than (1000) )"
[1] 23:43:28,491 DEBUG SchemaChange - rewrote SQL to create table t1 (a bigint) partition by range/__MAXWELL__/ ( /__MAXWELL__/
[1] 23:43:28,491 DEBUG SchemaChange - SQL_PARSE <- "create table t1 (a bigint) partition by range/__MAXWELL__/ ( /__MAXWELL__/"
[1] 23:43:28,491 DEBUG SchemaChange - SQL_PARSE ->   (parse (statement (create_table (create_table_preamble create table (table_name (name (id t1)))) (create_specifications ( (create_specification (column_definition (name (id a)) (data_type (signed_type bigint)))) )) (table_creation_option (partition_by partition by (partition_by_what range (skip_parens /__MAXWELL__/)) (partition_definitions ( (skip_parens_inside_partition_definitions /__MAXWELL__/)))))) <EOF>)
[1] 23:43:28,491 DEBUG SchemaChange - SQL_PARSE <- "create table t1 (a binary(255) not null, primary key(a)) engine='MyISAM'  partition by key (a) ( partition pa1 max_rows=20 min_rows=2, partition pa2 max_rows=30 min_rows=3, partition pa3 max_rows=30 min_rows=4, partition pa4 max_rows=40 min_rows=2)"
[1] 23:43:28,491 DEBUG SchemaChange - rewrote SQL to create table t1 (a binary(255) not null, primary key(a)) engine='MyISAM'  partition by key /__MAXWELL__/ ( partition pa1 max_rows=20 min_rows=2, partition pa2 max_rows=30 min_rows=3, partition pa3 max_rows=30 min_rows=4, partition pa4 max_rows=40 min_rows=2)
[1] 23:43:28,491 DEBUG SchemaChange - SQL_PARSE <- "create table t1 (a binary(255) not null, primary key(a)) engine='MyISAM'  partition by key /__MAXWELL__/ ( partition pa1 max_rows=20 min_rows=2, partition pa2 max_rows=30 min_rows=3, partition pa3 max_rows=30 min_rows=4, partition pa4 max_rows=40 min_rows=2)"
[1] 23:43:28,492 DEBUG SchemaChange - rewrote SQL to create table t1 (a binary(255) not null, primary key(a)) engine='MyISAM'  partition by key /__MAXWELL__/ ( /__MAXWELL__/
[1] 23:43:28,492 DEBUG SchemaChange - SQL_PARSE <- "create table t1 (a binary(255) not null, primary key(a)) engine='MyISAM'  partition by key /__MAXWELL__/ ( /__MAXWELL__/"
[1] 23:43:28,492 DEBUG SchemaChange - SQL_PARSE ->   (parse (statement (create_table (create_table_preamble create table (table_name (name (id t1)))) (create_specifications ( (create_specification (column_definition (name (id a)) (data_type (generic_type binary (length ( 255 )) (column_options (nullability not null)))))) , (create_specification (index_definition (index_type_pk primary key (index_column_list ( (index_columns (index_column (name (id a)))) ))))) )) (table_creation_option (creation_engine engine = (string_literal 'MyISAM'))) (table_creation_option (partition_by partition by (partition_by_what key (skip_parens /__MAXWELL__/)) (partition_definitions ( (skip_parens_inside_partition_definitions /__MAXWELL__/)))))) <EOF>)
[1] 23:43:28,492 DEBUG SchemaChange - SQL_PARSE <- "create table t1 (a bit not null) partition by key (a)"
[1] 23:43:28,492 DEBUG SchemaChange - rewrote SQL to create table t1 (a bit not null) partition by key /__MAXWELL__/
[1] 23:43:28,492 DEBUG SchemaChange - SQL_PARSE <- "create table t1 (a bit not null) partition by key /__MAXWELL__/"
[1] 23:43:28,492 DEBUG SchemaChange - SQL_PARSE ->   (parse (statement (create_table (create_table_preamble create table (table_name (name (id t1)))) (create_specifications ( (create_specification (column_definition (name (id a)) (data_type (generic_type bit (column_options (nullability not null)))))) )) (table_creation_option (partition_by partition by (partition_by_what key (skip_parens /__MAXWELL__/)))))) <EOF>)
[1] 23:43:28,492 DEBUG SchemaChange - SQL_PARSE <- "create table t1 (a bit(0), primary key (a)) engine='MyISAM'  partition by key (a) ( partition pa1, partition pa2)"
[1] 23:43:28,493 DEBUG SchemaChange - rewrote SQL to create table t1 (a bit(0), primary key (a)) engine='MyISAM'  partition by key /__MAXWELL__/ ( partition pa1, partition pa2)
[1] 23:43:28,493 DEBUG SchemaChange - SQL_PARSE <- "create table t1 (a bit(0), primary key (a)) engine='MyISAM'  partition by key /__MAXWELL__/ ( partition pa1, partition pa2)"
[1] 23:43:28,493 DEBUG SchemaChange - rewrote SQL to create table t1 (a bit(0), primary key (a)) engine='MyISAM'  partition by key /__MAXWELL__/ ( /__MAXWELL__/
[1] 23:43:28,493 DEBUG SchemaChange - SQL_PARSE <- "create table t1 (a bit(0), primary key (a)) engine='MyISAM'  partition by key /__MAXWELL__/ ( /__MAXWELL__/"
[1] 23:43:28,493 DEBUG SchemaChange - SQL_PARSE ->   (parse (statement (create_table (create_table_preamble create table (table_name (name (id t1)))) (create_specifications ( (create_specification (column_definition (name (id a)) (data_type (generic_type bit (length ( 0 )))))) , (create_specification (index_definition (index_type_pk primary key (index_column_list ( (index_columns (index_column (name (id a)))) ))))) )) (table_creation_option (creation_engine engine = (string_literal 'MyISAM'))) (table_creation_option (partition_by partition by (partition_by_what key (skip_parens /__MAXWELL__/)) (partition_definitions ( (skip_parens_inside_partition_definitions /__MAXWELL__/)))))) <EOF>)
[1] 23:43:28,493 DEBUG SchemaChange - SQL_PARSE <- "create table t1 (a bit(0), primary key (a)) engine='MyISAM' partition by key (a)"
[1] 23:43:28,493 DEBUG SchemaChange - rewrote SQL to create table t1 (a bit(0), primary key (a)) engine='MyISAM' partition by key /__MAXWELL__/
[1] 23:43:28,493 DEBUG SchemaChange - SQL_PARSE <- "create table t1 (a bit(0), primary key (a)) engine='MyISAM' partition by key /__MAXWELL__/"
[1] 23:43:28,494 DEBUG SchemaChange - SQL_PARSE ->   (parse (statement (create_table (create_table_preamble create table (table_name (name (id t1)))) (create_specifications ( (create_specification (column_definition (name (id a)) (data_type (generic_type bit (length ( 0 )))))) , (create_specification (index_definition (index_type_pk primary key (index_column_list ( (index_columns (index_column (name (id a)))) ))))) )) (table_creation_option (creation_engine engine = (string_literal 'MyISAM'))) (table_creation_option (partition_by partition by (partition_by_what key (skip_parens /__MAXWELL__/)))))) <EOF>)
[1] 23:43:28,494 DEBUG SchemaChange - SQL_PARSE <- "create table t1 (a bit(27), primary key (a)) engine=myisam partition by hash (a) (partition p0, partition p1, partition p2)"
[1] 23:43:28,494 DEBUG SchemaChange - rewrote SQL to create table t1 (a bit(27), primary key (a)) engine=myisam partition by hash /__MAXWELL__/ (partition p0, partition p1, partition p2)
[1] 23:43:28,494 DEBUG SchemaChange - SQL_PARSE <- "create table t1 (a bit(27), primary key (a)) engine=myisam partition by hash /__MAXWELL__/ (partition p0, partition p1, partition p2)"
[1] 23:43:28,494 DEBUG SchemaChange - rewrote SQL to create table t1 (a bit(27), primary key (a)) engine=myisam partition by hash /__MAXWELL__/ (/__MAXWELL__/
[1] 23:43:28,494 DEBUG SchemaChange - SQL_PARSE <- "create table t1 (a bit(27), primary key (a)) engine=myisam partition by hash /__MAXWELL__/ (/__MAXWELL__/"
[1] 23:43:28,494 DEBUG SchemaChange - SQL_PARSE ->   (parse (statement (create_table (create_table_preamble create table (table_name (name (id t1)))) (create_specifications ( (create_specification (column_definition (name (id a)) (data_type (generic_type bit (length ( 27 )))))) , (create_specification (index_definition (index_type_pk primary key (index_column_list ( (index_columns (index_column (name (id a)))) ))))) )) (table_creation_option (creation_engine engine = (id myisam))) (table_creation_option (partition_by partition by (partition_by_what hash (skip_parens /__MAXWELL__/)) (partition_definitions ( (skip_parens_inside_partition_definitions /__MAXWELL__/)))))) <EOF>)
[1] 23:43:28,495 DEBUG SchemaChange - SQL_PARSE <- "create table t1 (a bit(64), primary key (a)) engine='MyISAM'  partition by key (a) ( partition pa1 max_rows=20 min_rows=2, partition pa2 max_rows=30 min_rows=3, partition pa3 max_rows=30 min_rows=4, partition pa4 max_rows=40 min_rows=2)"
[1] 23:43:28,495 DEBUG SchemaChange - rewrote SQL to create table t1 (a bit(64), primary key (a)) engine='MyISAM'  partition by key /__MAXWELL__/ ( partition pa1 max_rows=20 min_rows=2, partition pa2 max_rows=30 min_rows=3, partition pa3 max_rows=30 min_rows=4, partition pa4 max_rows=40 min_rows=2)
[1] 23:43:28,495 DEBUG SchemaChange - SQL_PARSE <- "create table t1 (a bit(64), primary key (a)) engine='MyISAM'  partition by key /__MAXWELL__/ ( partition pa1 max_rows=20 min_rows=2, partition pa2 max_rows=30 min_rows=3, partition pa3 max_rows=30 min_rows=4, partition pa4 max_rows=40 min_rows=2)"
[1] 23:43:28,495 DEBUG SchemaChange - rewrote SQL to create table t1 (a bit(64), primary key (a)) engine='MyISAM'  partition by key /__MAXWELL__/ ( /__MAXWELL__/
[1] 23:43:28,495 DEBUG SchemaChange - SQL_PARSE <- "create table t1 (a bit(64), primary key (a)) engine='MyISAM'  partition by key /__MAXWELL__/ ( /__MAXWELL__/"
[1] 23:43:28,495 DEBUG SchemaChange - SQL_PARSE ->   (parse (statement (create_table (create_table_preamble create table (table_name (name (id t1)))) (create_specifications ( (create_specification (column_definition (name (id a)) (data_type (generic_type bit (length ( 64 )))))) , (create_specification (index_definition (index_type_pk primary key (index_column_list ( (index_columns (index_column (name (id a)))) ))))) )) (table_creation_option (creation_engine engine = (string_literal 'MyISAM'))) (table_creation_option (partition_by partition by (partition_by_what key (skip_parens /__MAXWELL__/)) (partition_definitions ( (skip_parens_inside_partition_definitions /__MAXWELL__/)))))) <EOF>)
[1] 23:43:28,495 DEBUG SchemaChange - SQL_PARSE <- "create table t1 (a bit(64), primary key (a)) engine='MyISAM'  partition by key (a) partitions 2"
[1] 23:43:28,496 DEBUG SchemaChange - rewrote SQL to create table t1 (a bit(64), primary key (a)) engine='MyISAM'  partition by key /__MAXWELL__/ partitions 2
[1] 23:43:28,496 DEBUG SchemaChange - SQL_PARSE <- "create table t1 (a bit(64), primary key (a)) engine='MyISAM'  partition by key /__MAXWELL__/ partitions 2"
[1] 23:43:28,496 DEBUG SchemaChange - SQL_PARSE ->   (parse (statement (create_table (create_table_preamble create table (table_name (name (id t1)))) (create_specifications ( (create_specification (column_definition (name (id a)) (data_type (generic_type bit (length ( 64 )))))) , (create_specification (index_definition (index_type_pk primary key (index_column_list ( (index_columns (index_column (name (id a)))) ))))) )) (table_creation_option (creation_engine engine = (string_literal 'MyISAM'))) (table_creation_option (partition_by partition by (partition_by_what key (skip_parens /__MAXWELL__/)) (partition_count partitions 2))))) <EOF>)
[1] 23:43:28,496 DEBUG SchemaChange - SQL_PARSE <- "create table t1 (a bit) partition by key (a)"
[1] 23:43:28,496 DEBUG SchemaChange - rewrote SQL to create table t1 (a bit) partition by key /__MAXWELL__/
[1] 23:43:28,496 DEBUG SchemaChange - SQL_PARSE <- "create table t1 (a bit) partition by key /__MAXWELL__/"
[1] 23:43:28,497 DEBUG SchemaChange - SQL_PARSE ->   (parse (statement (create_table (create_table_preamble create table (table_name (name (id t1)))) (create_specifications ( (create_specification (column_definition (name (id a)) (data_type (generic_type bit)))) )) (table_creation_option (partition_by partition by (partition_by_what key (skip_parens /__MAXWELL__/)))))) <EOF>)
[1] 23:43:28,497 DEBUG SchemaChange - SQL_PARSE <- "create table t1 (a char(10) character set latin1 not null) partition by key (a)"
[1] 23:43:28,497 DEBUG SchemaChange - rewrote SQL to create table t1 (a char(10) character set latin1 not null) partition by key /__MAXWELL__/
[1] 23:43:28,497 DEBUG SchemaChange - SQL_PARSE <- "create table t1 (a char(10) character set latin1 not null) partition by key /__MAXWELL__/"
[1] 23:43:28,497 DEBUG SchemaChange - SQL_PARSE ->   (parse (statement (create_table (create_table_preamble create table (table_name (name (id t1)))) (create_specifications ( (create_specification (column_definition (name (id a)) (data_type (string_type char (length ( 10 )) (column_options (charset_def (character_set character set (charset_name latin1)))) (column_options (nullability not null)))))) )) (table_creation_option (partition_by partition by (partition_by_what key (skip_parens /__MAXWELL__/)))))) <EOF>)
[1] 23:43:28,497 DEBUG SchemaChange - SQL_PARSE <- "create table t1 (a char(10) character set latin1) partition by key (a)"
[1] 23:43:28,497 DEBUG SchemaChange - rewrote SQL to create table t1 (a char(10) character set latin1) partition by key /__MAXWELL__/
[1] 23:43:28,497 DEBUG SchemaChange - SQL_PARSE <- "create table t1 (a char(10) character set latin1) partition by key /__MAXWELL__/"
[1] 23:43:28,498 DEBUG SchemaChange - SQL_PARSE ->   (parse (statement (create_table (create_table_preamble create table (table_name (name (id t1)))) (create_specifications ( (create_specification (column_definition (name (id a)) (data_type (string_type char (length ( 10 )) (column_options (charset_def (character_set character set (charset_name latin1)))))))) )) (table_creation_option (partition_by partition by (partition_by_what key (skip_parens /__MAXWELL__/)))))) <EOF>)
[1] 23:43:28,498 DEBUG SchemaChange - SQL_PARSE <- "create table t1 (a char(10) character set utf8 not null) partition by key (a)"
[1] 23:43:28,498 DEBUG SchemaChange - rewrote SQL to create table t1 (a char(10) character set utf8 not null) partition by key /__MAXWELL__/
[1] 23:43:28,498 DEBUG SchemaChange - SQL_PARSE <- "create table t1 (a char(10) character set utf8 not null) partition by key /__MAXWELL__/"
[1] 23:43:28,498 DEBUG SchemaChange - SQL_PARSE ->   (parse (statement (create_table (create_table_preamble create table (table_name (name (id t1)))) (create_specifications ( (create_specification (column_definition (name (id a)) (data_type (string_type char (length ( 10 )) (column_options (charset_def (character_set character set (charset_name utf8)))) (column_options (nullability not null)))))) )) (table_creation_option (partition_by partition by (partition_by_what key (skip_parens /__MAXWELL__/)))))) <EOF>)
[1] 23:43:28,498 DEBUG SchemaChange - SQL_PARSE <- "create table t1 (a char(10) character set utf8) partition by key (a)"
[1] 23:43:28,498 DEBUG SchemaChange - rewrote SQL to create table t1 (a char(10) character set utf8) partition by key /__MAXWELL__/
[1] 23:43:28,499 DEBUG SchemaChange - SQL_PARSE <- "create table t1 (a char(10) character set utf8) partition by key /__MAXWELL__/"
[1] 23:43:28,499 DEBUG SchemaChange - SQL_PARSE ->   (parse (statement (create_table (create_table_preamble create table (table_name (name (id t1)))) (create_specifications ( (create_specification (column_definition (name (id a)) (data_type (string_type char (length ( 10 )) (column_options (charset_def (character_set character set (charset_name utf8)))))))) )) (table_creation_option (partition_by partition by (partition_by_what key (skip_parens /__MAXWELL__/)))))) <EOF>)
[1] 23:43:28,499 DEBUG SchemaChange - SQL_PARSE <- "create table t1 (a char(255) not null, primary key(a)) engine='MyISAM'  partition by key (a) ( partition pa1 max_rows=20 min_rows=2, partition pa2 max_rows=30 min_rows=3, partition pa3 max_rows=30 min_rows=4, partition pa4 max_rows=40 min_rows=2)"
[1] 23:43:28,499 DEBUG SchemaChange - rewrote SQL to create table t1 (a char(255) not null, primary key(a)) engine='MyISAM'  partition by key /__MAXWELL__/ ( partition pa1 max_rows=20 min_rows=2, partition pa2 max_rows=30 min_rows=3, partition pa3 max_rows=30 min_rows=4, partition pa4 max_rows=40 min_rows=2)
[1] 23:43:28,499 DEBUG SchemaChange - SQL_PARSE <- "create table t1 (a char(255) not null, primary key(a)) engine='MyISAM'  partition by key /__MAXWELL__/ ( partition pa1 max_rows=20 min_rows=2, partition pa2 max_rows=30 min_rows=3, partition pa3 max_rows=30 min_rows=4, partition pa4 max_rows=40 min_rows=2)"
[1] 23:43:28,499 DEBUG SchemaChange - rewrote SQL to create table t1 (a char(255) not null, primary key(a)) engine='MyISAM'  partition by key /__MAXWELL__/ ( /__MAXWELL__/
[1] 23:43:28,499 DEBUG SchemaChange - SQL_PARSE <- "create table t1 (a char(255) not null, primary key(a)) engine='MyISAM'  partition by key /__MAXWELL__/ ( /__MAXWELL__/"
[1] 23:43:28,500 DEBUG SchemaChange - SQL_PARSE ->   (parse (statement (create_table (create_table_preamble create table (table_name (name (id t1)))) (create_specifications ( (create_specification (column_definition (name (id a)) (data_type (string_type char (length ( 255 )) (column_options (nullability not null)))))) , (create_specification (index_definition (index_type_pk primary key (index_column_list ( (index_columns (index_column (name (id a)))) ))))) )) (table_creation_option (creation_engine engine = (string_literal 'MyISAM'))) (table_creation_option (partition_by partition by (partition_by_what key (skip_parens /__MAXWELL__/)) (partition_definitions ( (skip_parens_inside_partition_definitions /__MAXWELL__/)))))) <EOF>)
[1] 23:43:28,500 DEBUG SchemaChange - SQL_PARSE <- "create table t1 (a char(32) primary key) partition by key() partitions 100"
[1] 23:43:28,500 DEBUG SchemaChange - rewrote SQL to create table t1 (a char(32) primary key) partition by key/__MAXWELL__/ partitions 100
[1] 23:43:28,500 DEBUG SchemaChange - SQL_PARSE <- "create table t1 (a char(32) primary key) partition by key/__MAXWELL__/ partitions 100"
[1] 23:43:28,500 DEBUG SchemaChange - SQL_PARSE ->   (parse (statement (create_table (create_table_preamble create table (table_name (name (id t1)))) (create_specifications ( (create_specification (column_definition (name (id a)) (data_type (string_type char (length ( 32 )) (column_options (primary_key primary key)))))) )) (table_creation_option (partition_by partition by (partition_by_what key (skip_parens /__MAXWELL__/)) (partition_count partitions 100))))) <EOF>)
[1] 23:43:28,500 DEBUG SchemaChange - SQL_PARSE <- "create table t1 (a char(6)) partition by range columns(a) (partition p0 values less than ('H23456'), partition p1 values less than ('M23456'))"
[1] 23:43:28,500 DEBUG SchemaChange - rewrote SQL to create table t1 (a char(6)) partition by range columns/__MAXWELL__/ (partition p0 values less than ('H23456'), partition p1 values less than ('M23456'))
[1] 23:43:28,500 DEBUG SchemaChange - SQL_PARSE <- "create table t1 (a char(6)) partition by range columns/__MAXWELL__/ (partition p0 values less than ('H23456'), partition p1 values less than ('M23456'))"
[1] 23:43:28,501 DEBUG SchemaChange - rewrote SQL to create table t1 (a char(6)) partition by range columns/__MAXWELL__/ (/__MAXWELL__/
[1] 23:43:28,501 DEBUG SchemaChange - SQL_PARSE <- "create table t1 (a char(6)) partition by range columns/__MAXWELL__/ (/__MAXWELL__/"
[1] 23:43:28,501 DEBUG SchemaChange - SQL_PARSE ->   (parse (statement (create_table (create_table_preamble create table (table_name (name (id t1)))) (create_specifications ( (create_specification (column_definition (name (id a)) (data_type (string_type char (length ( 6 )))))) )) (table_creation_option (partition_by partition by (partition_by_what range columns (skip_parens /__MAXWELL__/)) (partition_definitions ( (skip_parens_inside_partition_definitions /__MAXWELL__/)))))) <EOF>)
[1] 23:43:28,501 DEBUG SchemaChange - SQL_PARSE <- "create table t1 (a char, b char, c char) partition by list columns(a) ( partition p0 values in ('a'))"
[1] 23:43:28,501 DEBUG SchemaChange - rewrote SQL to create table t1 (a char, b char, c char) partition by list columns/__MAXWELL__/ ( partition p0 values in ('a'))
[1] 23:43:28,501 DEBUG SchemaChange - SQL_PARSE <- "create table t1 (a char, b char, c char) partition by list columns/__MAXWELL__/ ( partition p0 values in ('a'))"
[1] 23:43:28,501 DEBUG SchemaChange - rewrote SQL to create table t1 (a char, b char, c char) partition by list columns/__MAXWELL__/ ( /__MAXWELL__/
[1] 23:43:28,501 DEBUG SchemaChange - SQL_PARSE <- "create table t1 (a char, b char, c char) partition by list columns/__MAXWELL__/ ( /__MAXWELL__/"
[1] 23:43:28,502 DEBUG SchemaChange - SQL_PARSE ->   (parse (statement (create_table (create_table_preamble create table (table_name (name (id t1)))) (create_specifications ( (create_specification (column_definition (name (id a)) (data_type (string_type char)))) , (create_specification (column_definition (name (id b)) (data_type (string_type char)))) , (create_specification (column_definition (name (id c)) (data_type (string_type char)))) )) (table_creation_option (partition_by partition by (partition_by_what list columns (skip_parens /__MAXWELL__/)) (partition_definitions ( (skip_parens_inside_partition_definitions /__MAXWELL__/)))))) <EOF>)
[1] 23:43:28,502 DEBUG SchemaChange - SQL_PARSE <- "create table t1 (a char, b char, c char) partition by range columns(a,b,c) ( partition p0 values less than ('a','b','c'))"
[1] 23:43:28,502 DEBUG SchemaChange - rewrote SQL to create table t1 (a char, b char, c char) partition by range columns/__MAXWELL__/ ( partition p0 values less than ('a','b','c'))
[1] 23:43:28,502 DEBUG SchemaChange - SQL_PARSE <- "create table t1 (a char, b char, c char) partition by range columns/__MAXWELL__/ ( partition p0 values less than ('a','b','c'))"
[1] 23:43:28,502 DEBUG SchemaChange - rewrote SQL to create table t1 (a char, b char, c char) partition by range columns/__MAXWELL__/ ( /__MAXWELL__/
[1] 23:43:28,502 DEBUG SchemaChange - SQL_PARSE <- "create table t1 (a char, b char, c char) partition by range columns/__MAXWELL__/ ( /__MAXWELL__/"
[1] 23:43:28,502 DEBUG SchemaChange - SQL_PARSE ->   (parse (statement (create_table (create_table_preamble create table (table_name (name (id t1)))) (create_specifications ( (create_specification (column_definition (name (id a)) (data_type (string_type char)))) , (create_specification (column_definition (name (id b)) (data_type (string_type char)))) , (create_specification (column_definition (name (id c)) (data_type (string_type char)))) )) (table_creation_option (partition_by partition by (partition_by_what range columns (skip_parens /__MAXWELL__/)) (partition_definitions ( (skip_parens_inside_partition_definitions /__MAXWELL__/)))))) <EOF>)
[1] 23:43:28,502 DEBUG SchemaChange - SQL_PARSE <- "create table t1 (a date not null) partition by key (a)"
[1] 23:43:28,503 DEBUG SchemaChange - rewrote SQL to create table t1 (a date not null) partition by key /__MAXWELL__/
[1] 23:43:28,503 DEBUG SchemaChange - SQL_PARSE <- "create table t1 (a date not null) partition by key /__MAXWELL__/"
[1] 23:43:28,503 DEBUG SchemaChange - SQL_PARSE ->   (parse (statement (create_table (create_table_preamble create table (table_name (name (id t1)))) (create_specifications ( (create_specification (column_definition (name (id a)) (data_type (generic_type date (column_options (nullability not null)))))) )) (table_creation_option (partition_by partition by (partition_by_what key (skip_parens /__MAXWELL__/)))))) <EOF>)
[1] 23:43:28,503 DEBUG SchemaChange - SQL_PARSE <- "create table t1 (a date not null, b varchar(50) not null, c varchar(50) not null, d enum('m', 'w') not null, e int not null, f decimal (18,2) not null, g bigint not null, h tinyint not null, a1 date not null, b1 varchar(50) not null, c1 varchar(50) not null, d1 enum('m', 'w') not null, e1 int not null, f1 decimal (18,2) not null, g1 bigint not null, h1 tinyint not null, a2 date not null, b2 varchar(50) not null, c2 varchar(50) not null, d2 enum('m', 'w') not null, e2 int not null, f2 decimal (18,2) not null, g2 bigint not null, h2 tinyint not null, a3 date not null, b3 varchar(50) not null, c3 varchar(50) not null, d3 enum('m', 'w') not null, e3 int not null, f3 decimal (18,2) not null, g3 bigint not null, h3 tinyint not null, i char(255), primary key(a,b,c,d,e,f,g,h,a1,b1,c1,d1,e1,f1,g1,h1)) engine='InnoDB'  partition by key(a,b,c,d,e,f,g,h) ( partition pa1 max_rows=20 min_rows=2, partition pa2 max_rows=30 min_rows=3, partition pa3 max_rows=30 min_rows=4, partition pa4 max_rows=40 min_rows=2)"
[1] 23:43:28,504 DEBUG SchemaChange - rewrote SQL to create table t1 (a date not null, b varchar(50) not null, c varchar(50) not null, d enum('m', 'w') not null, e int not null, f decimal (18,2) not null, g bigint not null, h tinyint not null, a1 date not null, b1 varchar(50) not null, c1 varchar(50) not null, d1 enum('m', 'w') not null, e1 int not null, f1 decimal (18,2) not null, g1 bigint not null, h1 tinyint not null, a2 date not null, b2 varchar(50) not null, c2 varchar(50) not null, d2 enum('m', 'w') not null, e2 int not null, f2 decimal (18,2) not null, g2 bigint not null, h2 tinyint not null, a3 date not null, b3 varchar(50) not null, c3 varchar(50) not null, d3 enum('m', 'w') not null, e3 int not null, f3 decimal (18,2) not null, g3 bigint not null, h3 tinyint not null, i char(255), primary key(a,b,c,d,e,f,g,h,a1,b1,c1,d1,e1,f1,g1,h1)) engine='InnoDB'  partition by key/__MAXWELL__/ ( partition pa1 max_rows=20 min_rows=2, partition pa2 max_rows=30 min_rows=3, partition pa3 max_rows=30 min_rows=4, partition pa4 max_rows=40 min_rows=2)
[1] 23:43:28,504 DEBUG SchemaChange - SQL_PARSE <- "create table t1 (a date not null, b varchar(50) not null, c varchar(50) not null, d enum('m', 'w') not null, e int not null, f decimal (18,2) not null, g bigint not null, h tinyint not null, a1 date not null, b1 varchar(50) not null, c1 varchar(50) not null, d1 enum('m', 'w') not null, e1 int not null, f1 decimal (18,2) not null, g1 bigint not null, h1 tinyint not null, a2 date not null, b2 varchar(50) not null, c2 varchar(50) not null, d2 enum('m', 'w') not null, e2 int not null, f2 decimal (18,2) not null, g2 bigint not null, h2 tinyint not null, a3 date not null, b3 varchar(50) not null, c3 varchar(50) not null, d3 enum('m', 'w') not null, e3 int not null, f3 decimal (18,2) not null, g3 bigint not null, h3 tinyint not null, i char(255), primary key(a,b,c,d,e,f,g,h,a1,b1,c1,d1,e1,f1,g1,h1)) engine='InnoDB'  partition by key/__MAXWELL__/ ( partition pa1 max_rows=20 min_rows=2, partition pa2 max_rows=30 min_rows=3, partition pa3 max_rows=30 min_rows=4, partition pa4 max_rows=40 min_rows=2)"
[1] 23:43:28,505 DEBUG SchemaChange - rewrote SQL to create table t1 (a date not null, b varchar(50) not null, c varchar(50) not null, d enum('m', 'w') not null, e int not null, f decimal (18,2) not null, g bigint not null, h tinyint not null, a1 date not null, b1 varchar(50) not null, c1 varchar(50) not null, d1 enum('m', 'w') not null, e1 int not null, f1 decimal (18,2) not null, g1 bigint not null, h1 tinyint not null, a2 date not null, b2 varchar(50) not null, c2 varchar(50) not null, d2 enum('m', 'w') not null, e2 int not null, f2 decimal (18,2) not null, g2 bigint not null, h2 tinyint not null, a3 date not null, b3 varchar(50) not null, c3 varchar(50) not null, d3 enum('m', 'w') not null, e3 int not null, f3 decimal (18,2) not null, g3 bigint not null, h3 tinyint not null, i char(255), primary key(a,b,c,d,e,f,g,h,a1,b1,c1,d1,e1,f1,g1,h1)) engine='InnoDB'  partition by key/__MAXWELL__/ ( /__MAXWELL__/
[1] 23:43:28,505 DEBUG SchemaChange - SQL_PARSE <- "create table t1 (a date not null, b varchar(50) not null, c varchar(50) not null, d enum('m', 'w') not null, e int not null, f decimal (18,2) not null, g bigint not null, h tinyint not null, a1 date not null, b1 varchar(50) not null, c1 varchar(50) not null, d1 enum('m', 'w') not null, e1 int not null, f1 decimal (18,2) not null, g1 bigint not null, h1 tinyint not null, a2 date not null, b2 varchar(50) not null, c2 varchar(50) not null, d2 enum('m', 'w') not null, e2 int not null, f2 decimal (18,2) not null, g2 bigint not null, h2 tinyint not null, a3 date not null, b3 varchar(50) not null, c3 varchar(50) not null, d3 enum('m', 'w') not null, e3 int not null, f3 decimal (18,2) not null, g3 bigint not null, h3 tinyint not null, i char(255), primary key(a,b,c,d,e,f,g,h,a1,b1,c1,d1,e1,f1,g1,h1)) engine='InnoDB'  partition by key/__MAXWELL__/ ( /__MAXWELL__/"
[1] 23:43:28,506 DEBUG SchemaChange - SQL_PARSE ->   (parse (statement (create_table (create_table_preamble create table (table_name (name (id t1)))) (create_specifications ( (create_specification (column_definition (name (id a)) (data_type (generic_type date (column_options (nullability not null)))))) , (create_specification (column_definition (name (id b)) (data_type (string_type varchar (length ( 50 )) (column_options (nullability not null)))))) , (create_specification (column_definition (name (id c)) (data_type (string_type varchar (length ( 50 )) (column_options (nullability not null)))))) , (create_specification (column_definition (name (id d)) (data_type (enumerated_type enum ( (enumerated_values (enum_value (string_literal 'm')) , (enum_value (string_literal 'w'))) ) (column_options (nullability not null)))))) , (create_specification (column_definition (name (id e)) (data_type (signed_type int (column_options (nullability not null)))))) , (create_specification (column_definition (name (id f)) (data_type (signed_type decimal (decimal_length ( 18 , 2 )) (column_options (nullability not null)))))) , (create_specification (column_definition (name (id g)) (data_type (signed_type bigint (column_options (nullability not null)))))) , (create_specification (column_definition (name (id h)) (data_type (signed_type tinyint (column_options (nullability not null)))))) , (create_specification (column_definition (name (id a1)) (data_type (generic_type date (column_options (nullability not null)))))) , (create_specification (column_definition (name (id b1)) (data_type (string_type varchar (length ( 50 )) (column_options (nullability not null)))))) , (create_specification (column_definition (name (id c1)) (data_type (string_type varchar (length ( 50 )) (column_options (nullability not null)))))) , (create_specification (column_definition (name (id d1)) (data_type (enumerated_type enum ( (enumerated_values (enum_value (string_literal 'm')) , (enum_value (string_literal 'w'))) ) (column_options (nullability not null)))))) , (create_specification (column_definition (name (id e1)) (data_type (signed_type int (column_options (nullability not null)))))) , (create_specification (column_definition (name (id f1)) (data_type (signed_type decimal (decimal_length ( 18 , 2 )) (column_options (nullability not null)))))) , (create_specification (column_definition (name (id g1)) (data_type (signed_type bigint (column_options (nullability not null)))))) , (create_specification (column_definition (name (id h1)) (data_type (signed_type tinyint (column_options (nullability not null)))))) , (create_specification (column_definition (name (id a2)) (data_type (generic_type date (column_options (nullability not null)))))) , (create_specification (column_definition (name (id b2)) (data_type (string_type varchar (length ( 50 )) (column_options (nullability not null)))))) , (create_specification (column_definition (name (id c2)) (data_type (string_type varchar (length ( 50 )) (column_options (nullability not null)))))) , (create_specification (column_definition (name (id d2)) (data_type (enumerated_type enum ( (enumerated_values (enum_value (string_literal 'm')) , (enum_value (string_literal 'w'))) ) (column_options (nullability not null)))))) , (create_specification (column_definition (name (id e2)) (data_type (signed_type int (column_options (nullability not null)))))) , (create_specification (column_definition (name (id f2)) (data_type (signed_type decimal (decimal_length ( 18 , 2 )) (column_options (nullability not null)))))) , (create_specification (column_definition (name (id g2)) (data_type (signed_type bigint (column_options (nullability not null)))))) , (create_specification (column_definition (name (id h2)) (data_type (signed_type tinyint (column_options (nullability not null)))))) , (create_specification (column_definition (name (id a3)) (data_type (generic_type date (column_options (nullability not null)))))) , (create_specification (column_definition (name (id b3)) (data_type (string_type varchar (length ( 50 )) (column_options (nullability not null)))))) , (create_specification (column_definition (name (id c3)) (data_type (string_type varchar (length ( 50 )) (column_options (nullability not null)))))) , (create_specification (column_definition (name (id d3)) (data_type (enumerated_type enum ( (enumerated_values (enum_value (string_literal 'm')) , (enum_value (string_literal 'w'))) ) (column_options (nullability not null)))))) , (create_specification (column_definition (name (id e3)) (data_type (signed_type int (column_options (nullability not null)))))) , (create_specification (column_definition (name (id f3)) (data_type (signed_type decimal (decimal_length ( 18 , 2 )) (column_options (nullability not null)))))) , (create_specification (column_definition (name (id g3)) (data_type (signed_type bigint (column_options (nullability not null)))))) , (create_specification (column_definition (name (id h3)) (data_type (signed_type tinyint (column_options (nullability not null)))))) , (create_specification (column_definition (name (id i)) (data_type (string_type char (length ( 255 )))))) , (create_specification (index_definition (index_type_pk primary key (index_column_list ( (index_columns (index_column (name (id a))) , (index_column (name (id b))) , (index_column (name (id c))) , (index_column (name (id d))) , (index_column (name (id e))) , (index_column (name (id f))) , (index_column (name (id g))) , (index_column (name (id h))) , (index_column (name (id a1))) , (index_column (name (id b1))) , (index_column (name (id c1))) , (index_column (name (id d1))) , (index_column (name (id e1))) , (index_column (name (id f1))) , (index_column (name (id g1))) , (index_column (name (id h1)))) ))))) )) (table_creation_option (creation_engine engine = (string_literal 'InnoDB'))) (table_creation_option (partition_by partition by (partition_by_what key (skip_parens /__MAXWELL__/)) (partition_definitions ( (skip_parens_inside_partition_definitions /__MAXWELL__/)))))) <EOF>)
[1] 23:43:28,507 DEBUG SchemaChange - SQL_PARSE <- "create table t1 (a date not null, b varchar(50) not null, c varchar(50) not null, d enum('m', 'w') not null, e int not null, f decimal (18,2) not null, g bigint not null, h tinyint not null, a1 date not null, b1 varchar(50) not null, c1 varchar(50) not null, d1 enum('m', 'w') not null, e1 int not null, f1 decimal (18,2) not null, g1 bigint not null, h1 tinyint not null, a2 date not null, b2 varchar(50) not null, c2 varchar(50) not null, d2 enum('m', 'w') not null, e2 int not null, f2 decimal (18,2) not null, g2 bigint not null, h2 tinyint not null, a3 date not null, b3 varchar(50) not null, c3 varchar(50) not null, d3 enum('m', 'w') not null, e3 int not null, f3 decimal (18,2) not null, g3 bigint not null, h3 tinyint not null, i char(255), primary key(a,b,c,d,e,f,g,h,a1,b1,c1,d1,e1,f1,g1,h1)) engine='MyISAM'  partition by key(a,b,c,d,e,f,g,h) ( partition pa1 max_rows=20 min_rows=2, partition pa2 max_rows=30 min_rows=3, partition pa3 max_rows=30 min_rows=4, partition pa4 max_rows=40 min_rows=2)"
[1] 23:43:28,508 DEBUG SchemaChange - rewrote SQL to create table t1 (a date not null, b varchar(50) not null, c varchar(50) not null, d enum('m', 'w') not null, e int not null, f decimal (18,2) not null, g bigint not null, h tinyint not null, a1 date not null, b1 varchar(50) not null, c1 varchar(50) not null, d1 enum('m', 'w') not null, e1 int not null, f1 decimal (18,2) not null, g1 bigint not null, h1 tinyint not null, a2 date not null, b2 varchar(50) not null, c2 varchar(50) not null, d2 enum('m', 'w') not null, e2 int not null, f2 decimal (18,2) not null, g2 bigint not null, h2 tinyint not null, a3 date not null, b3 varchar(50) not null, c3 varchar(50) not null, d3 enum('m', 'w') not null, e3 int not null, f3 decimal (18,2) not null, g3 bigint not null, h3 tinyint not null, i char(255), primary key(a,b,c,d,e,f,g,h,a1,b1,c1,d1,e1,f1,g1,h1)) engine='MyISAM'  partition by key/__MAXWELL__/ ( partition pa1 max_rows=20 min_rows=2, partition pa2 max_rows=30 min_rows=3, partition pa3 max_rows=30 min_rows=4, partition pa4 max_rows=40 min_rows=2)
[1] 23:43:28,508 DEBUG SchemaChange - SQL_PARSE <- "create table t1 (a date not null, b varchar(50) not null, c varchar(50) not null, d enum('m', 'w') not null, e int not null, f decimal (18,2) not null, g bigint not null, h tinyint not null, a1 date not null, b1 varchar(50) not null, c1 varchar(50) not null, d1 enum('m', 'w') not null, e1 int not null, f1 decimal (18,2) not null, g1 bigint not null, h1 tinyint not null, a2 date not null, b2 varchar(50) not null, c2 varchar(50) not null, d2 enum('m', 'w') not null, e2 int not null, f2 decimal (18,2) not null, g2 bigint not null, h2 tinyint not null, a3 date not null, b3 varchar(50) not null, c3 varchar(50) not null, d3 enum('m', 'w') not null, e3 int not null, f3 decimal (18,2) not null, g3 bigint not null, h3 tinyint not null, i char(255), primary key(a,b,c,d,e,f,g,h,a1,b1,c1,d1,e1,f1,g1,h1)) engine='MyISAM'  partition by key/__MAXWELL__/ ( partition pa1 max_rows=20 min_rows=2, partition pa2 max_rows=30 min_rows=3, partition pa3 max_rows=30 min_rows=4, partition pa4 max_rows=40 min_rows=2)"
[1] 23:43:28,509 DEBUG SchemaChange - rewrote SQL to create table t1 (a date not null, b varchar(50) not null, c varchar(50) not null, d enum('m', 'w') not null, e int not null, f decimal (18,2) not null, g bigint not null, h tinyint not null, a1 date not null, b1 varchar(50) not null, c1 varchar(50) not null, d1 enum('m', 'w') not null, e1 int not null, f1 decimal (18,2) not null, g1 bigint not null, h1 tinyint not null, a2 date not null, b2 varchar(50) not null, c2 varchar(50) not null, d2 enum('m', 'w') not null, e2 int not null, f2 decimal (18,2) not null, g2 bigint not null, h2 tinyint not null, a3 date not null, b3 varchar(50) not null, c3 varchar(50) not null, d3 enum('m', 'w') not null, e3 int not null, f3 decimal (18,2) not null, g3 bigint not null, h3 tinyint not null, i char(255), primary key(a,b,c,d,e,f,g,h,a1,b1,c1,d1,e1,f1,g1,h1)) engine='MyISAM'  partition by key/__MAXWELL__/ ( /__MAXWELL__/
[1] 23:43:28,509 DEBUG SchemaChange - SQL_PARSE <- "create table t1 (a date not null, b varchar(50) not null, c varchar(50) not null, d enum('m', 'w') not null, e int not null, f decimal (18,2) not null, g bigint not null, h tinyint not null, a1 date not null, b1 varchar(50) not null, c1 varchar(50) not null, d1 enum('m', 'w') not null, e1 int not null, f1 decimal (18,2) not null, g1 bigint not null, h1 tinyint not null, a2 date not null, b2 varchar(50) not null, c2 varchar(50) not null, d2 enum('m', 'w') not null, e2 int not null, f2 decimal (18,2) not null, g2 bigint not null, h2 tinyint not null, a3 date not null, b3 varchar(50) not null, c3 varchar(50) not null, d3 enum('m', 'w') not null, e3 int not null, f3 decimal (18,2) not null, g3 bigint not null, h3 tinyint not null, i char(255), primary key(a,b,c,d,e,f,g,h,a1,b1,c1,d1,e1,f1,g1,h1)) engine='MyISAM'  partition by key/__MAXWELL__/ ( /__MAXWELL__/"
[1] 23:43:28,510 DEBUG SchemaChange - SQL_PARSE ->   (parse (statement (create_table (create_table_preamble create table (table_name (name (id t1)))) (create_specifications ( (create_specification (column_definition (name (id a)) (data_type (generic_type date (column_options (nullability not null)))))) , (create_specification (column_definition (name (id b)) (data_type (string_type varchar (length ( 50 )) (column_options (nullability not null)))))) , (create_specification (column_definition (name (id c)) (data_type (string_type varchar (length ( 50 )) (column_options (nullability not null)))))) , (create_specification (column_definition (name (id d)) (data_type (enumerated_type enum ( (enumerated_values (enum_value (string_literal 'm')) , (enum_value (string_literal 'w'))) ) (column_options (nullability not null)))))) , (create_specification (column_definition (name (id e)) (data_type (signed_type int (column_options (nullability not null)))))) , (create_specification (column_definition (name (id f)) (data_type (signed_type decimal (decimal_length ( 18 , 2 )) (column_options (nullability not null)))))) , (create_specification (column_definition (name (id g)) (data_type (signed_type bigint (column_options (nullability not null)))))) , (create_specification (column_definition (name (id h)) (data_type (signed_type tinyint (column_options (nullability not null)))))) , (create_specification (column_definition (name (id a1)) (data_type (generic_type date (column_options (nullability not null)))))) , (create_specification (column_definition (name (id b1)) (data_type (string_type varchar (length ( 50 )) (column_options (nullability not null)))))) , (create_specification (column_definition (name (id c1)) (data_type (string_type varchar (length ( 50 )) (column_options (nullability not null)))))) , (create_specification (column_definition (name (id d1)) (data_type (enumerated_type enum ( (enumerated_values (enum_value (string_literal 'm')) , (enum_value (string_literal 'w'))) ) (column_options (nullability not null)))))) , (create_specification (column_definition (name (id e1)) (data_type (signed_type int (column_options (nullability not null)))))) , (create_specification (column_definition (name (id f1)) (data_type (signed_type decimal (decimal_length ( 18 , 2 )) (column_options (nullability not null)))))) , (create_specification (column_definition (name (id g1)) (data_type (signed_type bigint (column_options (nullability not null)))))) , (create_specification (column_definition (name (id h1)) (data_type (signed_type tinyint (column_options (nullability not null)))))) , (create_specification (column_definition (name (id a2)) (data_type (generic_type date (column_options (nullability not null)))))) , (create_specification (column_definition (name (id b2)) (data_type (string_type varchar (length ( 50 )) (column_options (nullability not null)))))) , (create_specification (column_definition (name (id c2)) (data_type (string_type varchar (length ( 50 )) (column_options (nullability not null)))))) , (create_specification (column_definition (name (id d2)) (data_type (enumerated_type enum ( (enumerated_values (enum_value (string_literal 'm')) , (enum_value (string_literal 'w'))) ) (column_options (nullability not null)))))) , (create_specification (column_definition (name (id e2)) (data_type (signed_type int (column_options (nullability not null)))))) , (create_specification (column_definition (name (id f2)) (data_type (signed_type decimal (decimal_length ( 18 , 2 )) (column_options (nullability not null)))))) , (create_specification (column_definition (name (id g2)) (data_type (signed_type bigint (column_options (nullability not null)))))) , (create_specification (column_definition (name (id h2)) (data_type (signed_type tinyint (column_options (nullability not null)))))) , (create_specification (column_definition (name (id a3)) (data_type (generic_type date (column_options (nullability not null)))))) , (create_specification (column_definition (name (id b3)) (data_type (string_type varchar (length ( 50 )) (column_options (nullability not null)))))) , (create_specification (column_definition (name (id c3)) (data_type (string_type varchar (length ( 50 )) (column_options (nullability not null)))))) , (create_specification (column_definition (name (id d3)) (data_type (enumerated_type enum ( (enumerated_values (enum_value (string_literal 'm')) , (enum_value (string_literal 'w'))) ) (column_options (nullability not null)))))) , (create_specification (column_definition (name (id e3)) (data_type (signed_type int (column_options (nullability not null)))))) , (create_specification (column_definition (name (id f3)) (data_type (signed_type decimal (decimal_length ( 18 , 2 )) (column_options (nullability not null)))))) , (create_specification (column_definition (name (id g3)) (data_type (signed_type bigint (column_options (nullability not null)))))) , (create_specification (column_definition (name (id h3)) (data_type (signed_type tinyint (column_options (nullability not null)))))) , (create_specification (column_definition (name (id i)) (data_type (string_type char (length ( 255 )))))) , (create_specification (index_definition (index_type_pk primary key (index_column_list ( (index_columns (index_column (name (id a))) , (index_column (name (id b))) , (index_column (name (id c))) , (index_column (name (id d))) , (index_column (name (id e))) , (index_column (name (id f))) , (index_column (name (id g))) , (index_column (name (id h))) , (index_column (name (id a1))) , (index_column (name (id b1))) , (index_column (name (id c1))) , (index_column (name (id d1))) , (index_column (name (id e1))) , (index_column (name (id f1))) , (index_column (name (id g1))) , (index_column (name (id h1)))) ))))) )) (table_creation_option (creation_engine engine = (string_literal 'MyISAM'))) (table_creation_option (partition_by partition by (partition_by_what key (skip_parens /__MAXWELL__/)) (partition_definitions ( (skip_parens_inside_partition_definitions /__MAXWELL__/)))))) <EOF>)
[1] 23:43:28,511 DEBUG SchemaChange - SQL_PARSE <- "create table t1 (a date not null, b varchar(50) not null, c varchar(50) not null, d enum('m', 'w') not null, e int not null, f decimal (18,2) not null, g bigint not null, h tinyint not null, a1 date not null, b1 varchar(50) not null, c1 varchar(50) not null, d1 enum('m', 'w') not null, e1 int not null, f1 decimal (18,2) not null, g1 bigint not null, h1 tinyint not null, i char(255), primary key(a,b,c,d,e,f,g,h,a1,b1,c1,d1,e1,f1,g1,h1)) engine='InnoDB'  partition by key(a,b,c,d,e,f,g,h,a1,b1,c1,d1,e1,f1,g1,h1) ( partition pa1 max_rows=20 min_rows=2, partition pa2 max_rows=30 min_rows=3, partition pa3 max_rows=30 min_rows=4, partition pa4 max_rows=40 min_rows=2)"
[1] 23:43:28,511 DEBUG SchemaChange - rewrote SQL to create table t1 (a date not null, b varchar(50) not null, c varchar(50) not null, d enum('m', 'w') not null, e int not null, f decimal (18,2) not null, g bigint not null, h tinyint not null, a1 date not null, b1 varchar(50) not null, c1 varchar(50) not null, d1 enum('m', 'w') not null, e1 int not null, f1 decimal (18,2) not null, g1 bigint not null, h1 tinyint not null, i char(255), primary key(a,b,c,d,e,f,g,h,a1,b1,c1,d1,e1,f1,g1,h1)) engine='InnoDB'  partition by key/__MAXWELL__/ ( partition pa1 max_rows=20 min_rows=2, partition pa2 max_rows=30 min_rows=3, partition pa3 max_rows=30 min_rows=4, partition pa4 max_rows=40 min_rows=2)
[1] 23:43:28,511 DEBUG SchemaChange - SQL_PARSE <- "create table t1 (a date not null, b varchar(50) not null, c varchar(50) not null, d enum('m', 'w') not null, e int not null, f decimal (18,2) not null, g bigint not null, h tinyint not null, a1 date not null, b1 varchar(50) not null, c1 varchar(50) not null, d1 enum('m', 'w') not null, e1 int not null, f1 decimal (18,2) not null, g1 bigint not null, h1 tinyint not null, i char(255), primary key(a,b,c,d,e,f,g,h,a1,b1,c1,d1,e1,f1,g1,h1)) engine='InnoDB'  partition by key/__MAXWELL__/ ( partition pa1 max_rows=20 min_rows=2, partition pa2 max_rows=30 min_rows=3, partition pa3 max_rows=30 min_rows=4, partition pa4 max_rows=40 min_rows=2)"
[1] 23:43:28,512 DEBUG SchemaChange - rewrote SQL to create table t1 (a date not null, b varchar(50) not null, c varchar(50) not null, d enum('m', 'w') not null, e int not null, f decimal (18,2) not null, g bigint not null, h tinyint not null, a1 date not null, b1 varchar(50) not null, c1 varchar(50) not null, d1 enum('m', 'w') not null, e1 int not null, f1 decimal (18,2) not null, g1 bigint not null, h1 tinyint not null, i char(255), primary key(a,b,c,d,e,f,g,h,a1,b1,c1,d1,e1,f1,g1,h1)) engine='InnoDB'  partition by key/__MAXWELL__/ ( /__MAXWELL__/
[1] 23:43:28,512 DEBUG SchemaChange - SQL_PARSE <- "create table t1 (a date not null, b varchar(50) not null, c varchar(50) not null, d enum('m', 'w') not null, e int not null, f decimal (18,2) not null, g bigint not null, h tinyint not null, a1 date not null, b1 varchar(50) not null, c1 varchar(50) not null, d1 enum('m', 'w') not null, e1 int not null, f1 decimal (18,2) not null, g1 bigint not null, h1 tinyint not null, i char(255), primary key(a,b,c,d,e,f,g,h,a1,b1,c1,d1,e1,f1,g1,h1)) engine='InnoDB'  partition by key/__MAXWELL__/ ( /__MAXWELL__/"
[1] 23:43:28,513 DEBUG SchemaChange - SQL_PARSE ->   (parse (statement (create_table (create_table_preamble create table (table_name (name (id t1)))) (create_specifications ( (create_specification (column_definition (name (id a)) (data_type (generic_type date (column_options (nullability not null)))))) , (create_specification (column_definition (name (id b)) (data_type (string_type varchar (length ( 50 )) (column_options (nullability not null)))))) , (create_specification (column_definition (name (id c)) (data_type (string_type varchar (length ( 50 )) (column_options (nullability not null)))))) , (create_specification (column_definition (name (id d)) (data_type (enumerated_type enum ( (enumerated_values (enum_value (string_literal 'm')) , (enum_value (string_literal 'w'))) ) (column_options (nullability not null)))))) , (create_specification (column_definition (name (id e)) (data_type (signed_type int (column_options (nullability not null)))))) , (create_specification (column_definition (name (id f)) (data_type (signed_type decimal (decimal_length ( 18 , 2 )) (column_options (nullability not null)))))) , (create_specification (column_definition (name (id g)) (data_type (signed_type bigint (column_options (nullability not null)))))) , (create_specification (column_definition (name (id h)) (data_type (signed_type tinyint (column_options (nullability not null)))))) , (create_specification (column_definition (name (id a1)) (data_type (generic_type date (column_options (nullability not null)))))) , (create_specification (column_definition (name (id b1)) (data_type (string_type varchar (length ( 50 )) (column_options (nullability not null)))))) , (create_specification (column_definition (name (id c1)) (data_type (string_type varchar (length ( 50 )) (column_options (nullability not null)))))) , (create_specification (column_definition (name (id d1)) (data_type (enumerated_type enum ( (enumerated_values (enum_value (string_literal 'm')) , (enum_value (string_literal 'w'))) ) (column_options (nullability not null)))))) , (create_specification (column_definition (name (id e1)) (data_type (signed_type int (column_options (nullability not null)))))) , (create_specification (column_definition (name (id f1)) (data_type (signed_type decimal (decimal_length ( 18 , 2 )) (column_options (nullability not null)))))) , (create_specification (column_definition (name (id g1)) (data_type (signed_type bigint (column_options (nullability not null)))))) , (create_specification (column_definition (name (id h1)) (data_type (signed_type tinyint (column_options (nullability not null)))))) , (create_specification (column_definition (name (id i)) (data_type (string_type char (length ( 255 )))))) , (create_specification (index_definition (index_type_pk primary key (index_column_list ( (index_columns (index_column (name (id a))) , (index_column (name (id b))) , (index_column (name (id c))) , (index_column (name (id d))) , (index_column (name (id e))) , (index_column (name (id f))) , (index_column (name (id g))) , (index_column (name (id h))) , (index_column (name (id a1))) , (index_column (name (id b1))) , (index_column (name (id c1))) , (index_column (name (id d1))) , (index_column (name (id e1))) , (index_column (name (id f1))) , (index_column (name (id g1))) , (index_column (name (id h1)))) ))))) )) (table_creation_option (creation_engine engine = (string_literal 'InnoDB'))) (table_creation_option (partition_by partition by (partition_by_what key (skip_parens /__MAXWELL__/)) (partition_definitions ( (skip_parens_inside_partition_definitions /__MAXWELL__/)))))) <EOF>)
[1] 23:43:28,513 DEBUG SchemaChange - SQL_PARSE <- "create table t1 (a date not null, b varchar(50) not null, c varchar(50) not null, d enum('m', 'w') not null, e int not null, f decimal (18,2) not null, g bigint not null, h tinyint not null, a1 date not null, b1 varchar(50) not null, c1 varchar(50) not null, d1 enum('m', 'w') not null, e1 int not null, f1 decimal (18,2) not null, g1 bigint not null, h1 tinyint not null, i char(255), primary key(a,b,c,d,e,f,g,h,a1,b1,c1,d1,e1,f1,g1,h1)) engine='MyISAM'  partition by key(a,b,c,d,e,f,g,h,a1,b1,c1,d1,e1,f1,g1,h1) ( partition pa1 max_rows=20 min_rows=2, partition pa2 max_rows=30 min_rows=3, partition pa3 max_rows=30 min_rows=4, partition pa4 max_rows=40 min_rows=2)"
[1] 23:43:28,514 DEBUG SchemaChange - rewrote SQL to create table t1 (a date not null, b varchar(50) not null, c varchar(50) not null, d enum('m', 'w') not null, e int not null, f decimal (18,2) not null, g bigint not null, h tinyint not null, a1 date not null, b1 varchar(50) not null, c1 varchar(50) not null, d1 enum('m', 'w') not null, e1 int not null, f1 decimal (18,2) not null, g1 bigint not null, h1 tinyint not null, i char(255), primary key(a,b,c,d,e,f,g,h,a1,b1,c1,d1,e1,f1,g1,h1)) engine='MyISAM'  partition by key/__MAXWELL__/ ( partition pa1 max_rows=20 min_rows=2, partition pa2 max_rows=30 min_rows=3, partition pa3 max_rows=30 min_rows=4, partition pa4 max_rows=40 min_rows=2)
[1] 23:43:28,514 DEBUG SchemaChange - SQL_PARSE <- "create table t1 (a date not null, b varchar(50) not null, c varchar(50) not null, d enum('m', 'w') not null, e int not null, f decimal (18,2) not null, g bigint not null, h tinyint not null, a1 date not null, b1 varchar(50) not null, c1 varchar(50) not null, d1 enum('m', 'w') not null, e1 int not null, f1 decimal (18,2) not null, g1 bigint not null, h1 tinyint not null, i char(255), primary key(a,b,c,d,e,f,g,h,a1,b1,c1,d1,e1,f1,g1,h1)) engine='MyISAM'  partition by key/__MAXWELL__/ ( partition pa1 max_rows=20 min_rows=2, partition pa2 max_rows=30 min_rows=3, partition pa3 max_rows=30 min_rows=4, partition pa4 max_rows=40 min_rows=2)"
[1] 23:43:28,515 DEBUG SchemaChange - rewrote SQL to create table t1 (a date not null, b varchar(50) not null, c varchar(50) not null, d enum('m', 'w') not null, e int not null, f decimal (18,2) not null, g bigint not null, h tinyint not null, a1 date not null, b1 varchar(50) not null, c1 varchar(50) not null, d1 enum('m', 'w') not null, e1 int not null, f1 decimal (18,2) not null, g1 bigint not null, h1 tinyint not null, i char(255), primary key(a,b,c,d,e,f,g,h,a1,b1,c1,d1,e1,f1,g1,h1)) engine='MyISAM'  partition by key/__MAXWELL__/ ( /__MAXWELL__/
[1] 23:43:28,515 DEBUG SchemaChange - SQL_PARSE <- "create table t1 (a date not null, b varchar(50) not null, c varchar(50) not null, d enum('m', 'w') not null, e int not null, f decimal (18,2) not null, g bigint not null, h tinyint not null, a1 date not null, b1 varchar(50) not null, c1 varchar(50) not null, d1 enum('m', 'w') not null, e1 int not null, f1 decimal (18,2) not null, g1 bigint not null, h1 tinyint not null, i char(255), primary key(a,b,c,d,e,f,g,h,a1,b1,c1,d1,e1,f1,g1,h1)) engine='MyISAM'  partition by key/__MAXWELL__/ ( /__MAXWELL__/"
[1] 23:43:28,516 DEBUG SchemaChange - SQL_PARSE ->   (parse (statement (create_table (create_table_preamble create table (table_name (name (id t1)))) (create_specifications ( (create_specification (column_definition (name (id a)) (data_type (generic_type date (column_options (nullability not null)))))) , (create_specification (column_definition (name (id b)) (data_type (string_type varchar (length ( 50 )) (column_options (nullability not null)))))) , (create_specification (column_definition (name (id c)) (data_type (string_type varchar (length ( 50 )) (column_options (nullability not null)))))) , (create_specification (column_definition (name (id d)) (data_type (enumerated_type enum ( (enumerated_values (enum_value (string_literal 'm')) , (enum_value (string_literal 'w'))) ) (column_options (nullability not null)))))) , (create_specification (column_definition (name (id e)) (data_type (signed_type int (column_options (nullability not null)))))) , (create_specification (column_definition (name (id f)) (data_type (signed_type decimal (decimal_length ( 18 , 2 )) (column_options (nullability not null)))))) , (create_specification (column_definition (name (id g)) (data_type (signed_type bigint (column_options (nullability not null)))))) , (create_specification (column_definition (name (id h)) (data_type (signed_type tinyint (column_options (nullability not null)))))) , (create_specification (column_definition (name (id a1)) (data_type (generic_type date (column_options (nullability not null)))))) , (create_specification (column_definition (name (id b1)) (data_type (string_type varchar (length ( 50 )) (column_options (nullability not null)))))) , (create_specification (column_definition (name (id c1)) (data_type (string_type varchar (length ( 50 )) (column_options (nullability not null)))))) , (create_specification (column_definition (name (id d1)) (data_type (enumerated_type enum ( (enumerated_values (enum_value (string_literal 'm')) , (enum_value (string_literal 'w'))) ) (column_options (nullability not null)))))) , (create_specification (column_definition (name (id e1)) (data_type (signed_type int (column_options (nullability not null)))))) , (create_specification (column_definition (name (id f1)) (data_type (signed_type decimal (decimal_length ( 18 , 2 )) (column_options (nullability not null)))))) , (create_specification (column_definition (name (id g1)) (data_type (signed_type bigint (column_options (nullability not null)))))) , (create_specification (column_definition (name (id h1)) (data_type (signed_type tinyint (column_options (nullability not null)))))) , (create_specification (column_definition (name (id i)) (data_type (string_type char (length ( 255 )))))) , (create_specification (index_definition (index_type_pk primary key (index_column_list ( (index_columns (index_column (name (id a))) , (index_column (name (id b))) , (index_column (name (id c))) , (index_column (name (id d))) , (index_column (name (id e))) , (index_column (name (id f))) , (index_column (name (id g))) , (index_column (name (id h))) , (index_column (name (id a1))) , (index_column (name (id b1))) , (index_column (name (id c1))) , (index_column (name (id d1))) , (index_column (name (id e1))) , (index_column (name (id f1))) , (index_column (name (id g1))) , (index_column (name (id h1)))) ))))) )) (table_creation_option (creation_engine engine = (string_literal 'MyISAM'))) (table_creation_option (partition_by partition by (partition_by_what key (skip_parens /__MAXWELL__/)) (partition_definitions ( (skip_parens_inside_partition_definitions /__MAXWELL__/)))))) <EOF>)
[1] 23:43:28,516 DEBUG SchemaChange - SQL_PARSE <- "create table t1 (a date not null, b varchar(50) not null, c varchar(50) not null, d enum('m', 'w') not null, e int not null, f decimal (18,2) not null, g bigint not null, h tinyint not null, i char(255), primary key(a,b,c,d,e,f,g,h)) engine='InnoDB'  partition by key(a,b,c,d,e,f,g,h) ( partition pa1 max_rows=20 min_rows=2, partition pa2 max_rows=30 min_rows=3, partition pa3 max_rows=30 min_rows=4, partition pa4 max_rows=40 min_rows=2)"
[1] 23:43:28,517 DEBUG SchemaChange - rewrote SQL to create table t1 (a date not null, b varchar(50) not null, c varchar(50) not null, d enum('m', 'w') not null, e int not null, f decimal (18,2) not null, g bigint not null, h tinyint not null, i char(255), primary key(a,b,c,d,e,f,g,h)) engine='InnoDB'  partition by key/__MAXWELL__/ ( partition pa1 max_rows=20 min_rows=2, partition pa2 max_rows=30 min_rows=3, partition pa3 max_rows=30 min_rows=4, partition pa4 max_rows=40 min_rows=2)
[1] 23:43:28,517 DEBUG SchemaChange - SQL_PARSE <- "create table t1 (a date not null, b varchar(50) not null, c varchar(50) not null, d enum('m', 'w') not null, e int not null, f decimal (18,2) not null, g bigint not null, h tinyint not null, i char(255), primary key(a,b,c,d,e,f,g,h)) engine='InnoDB'  partition by key/__MAXWELL__/ ( partition pa1 max_rows=20 min_rows=2, partition pa2 max_rows=30 min_rows=3, partition pa3 max_rows=30 min_rows=4, partition pa4 max_rows=40 min_rows=2)"
[1] 23:43:28,518 DEBUG SchemaChange - rewrote SQL to create table t1 (a date not null, b varchar(50) not null, c varchar(50) not null, d enum('m', 'w') not null, e int not null, f decimal (18,2) not null, g bigint not null, h tinyint not null, i char(255), primary key(a,b,c,d,e,f,g,h)) engine='InnoDB'  partition by key/__MAXWELL__/ ( /__MAXWELL__/
[1] 23:43:28,518 DEBUG SchemaChange - SQL_PARSE <- "create table t1 (a date not null, b varchar(50) not null, c varchar(50) not null, d enum('m', 'w') not null, e int not null, f decimal (18,2) not null, g bigint not null, h tinyint not null, i char(255), primary key(a,b,c,d,e,f,g,h)) engine='InnoDB'  partition by key/__MAXWELL__/ ( /__MAXWELL__/"
[1] 23:43:28,518 DEBUG SchemaChange - SQL_PARSE ->   (parse (statement (create_table (create_table_preamble create table (table_name (name (id t1)))) (create_specifications ( (create_specification (column_definition (name (id a)) (data_type (generic_type date (column_options (nullability not null)))))) , (create_specification (column_definition (name (id b)) (data_type (string_type varchar (length ( 50 )) (column_options (nullability not null)))))) , (create_specification (column_definition (name (id c)) (data_type (string_type varchar (length ( 50 )) (column_options (nullability not null)))))) , (create_specification (column_definition (name (id d)) (data_type (enumerated_type enum ( (enumerated_values (enum_value (string_literal 'm')) , (enum_value (string_literal 'w'))) ) (column_options (nullability not null)))))) , (create_specification (column_definition (name (id e)) (data_type (signed_type int (column_options (nullability not null)))))) , (create_specification (column_definition (name (id f)) (data_type (signed_type decimal (decimal_length ( 18 , 2 )) (column_options (nullability not null)))))) , (create_specification (column_definition (name (id g)) (data_type (signed_type bigint (column_options (nullability not null)))))) , (create_specification (column_definition (name (id h)) (data_type (signed_type tinyint (column_options (nullability not null)))))) , (create_specification (column_definition (name (id i)) (data_type (string_type char (length ( 255 )))))) , (create_specification (index_definition (index_type_pk primary key (index_column_list ( (index_columns (index_column (name (id a))) , (index_column (name (id b))) , (index_column (name (id c))) , (index_column (name (id d))) , (index_column (name (id e))) , (index_column (name (id f))) , (index_column (name (id g))) , (index_column (name (id h)))) ))))) )) (table_creation_option (creation_engine engine = (string_literal 'InnoDB'))) (table_creation_option (partition_by partition by (partition_by_what key (skip_parens /__MAXWELL__/)) (partition_definitions ( (skip_parens_inside_partition_definitions /__MAXWELL__/)))))) <EOF>)
[1] 23:43:28,518 DEBUG SchemaChange - SQL_PARSE <- "create table t1 (a date not null, b varchar(50) not null, c varchar(50) not null, d enum('m', 'w') not null, e int not null, f decimal (18,2) not null, g bigint not null, h tinyint not null, i char(255), primary key(a,b,c,d,e,f,g,h)) engine='MyISAM'  partition by key(a,b,c,d,e,f,g,h) ( partition pa1 max_rows=20 min_rows=2, partition pa2 max_rows=30 min_rows=3, partition pa3 max_rows=30 min_rows=4, partition pa4 max_rows=40 min_rows=2)"
[1] 23:43:28,519 DEBUG SchemaChange - rewrote SQL to create table t1 (a date not null, b varchar(50) not null, c varchar(50) not null, d enum('m', 'w') not null, e int not null, f decimal (18,2) not null, g bigint not null, h tinyint not null, i char(255), primary key(a,b,c,d,e,f,g,h)) engine='MyISAM'  partition by key/__MAXWELL__/ ( partition pa1 max_rows=20 min_rows=2, partition pa2 max_rows=30 min_rows=3, partition pa3 max_rows=30 min_rows=4, partition pa4 max_rows=40 min_rows=2)
[1] 23:43:28,519 DEBUG SchemaChange - SQL_PARSE <- "create table t1 (a date not null, b varchar(50) not null, c varchar(50) not null, d enum('m', 'w') not null, e int not null, f decimal (18,2) not null, g bigint not null, h tinyint not null, i char(255), primary key(a,b,c,d,e,f,g,h)) engine='MyISAM'  partition by key/__MAXWELL__/ ( partition pa1 max_rows=20 min_rows=2, partition pa2 max_rows=30 min_rows=3, partition pa3 max_rows=30 min_rows=4, partition pa4 max_rows=40 min_rows=2)"
[1] 23:43:28,519 DEBUG SchemaChange - rewrote SQL to create table t1 (a date not null, b varchar(50) not null, c varchar(50) not null, d enum('m', 'w') not null, e int not null, f decimal (18,2) not null, g bigint not null, h tinyint not null, i char(255), primary key(a,b,c,d,e,f,g,h)) engine='MyISAM'  partition by key/__MAXWELL__/ ( /__MAXWELL__/
[1] 23:43:28,519 DEBUG SchemaChange - SQL_PARSE <- "create table t1 (a date not null, b varchar(50) not null, c varchar(50) not null, d enum('m', 'w') not null, e int not null, f decimal (18,2) not null, g bigint not null, h tinyint not null, i char(255), primary key(a,b,c,d,e,f,g,h)) engine='MyISAM'  partition by key/__MAXWELL__/ ( /__MAXWELL__/"
[1] 23:43:28,520 DEBUG SchemaChange - SQL_PARSE ->   (parse (statement (create_table (create_table_preamble create table (table_name (name (id t1)))) (create_specifications ( (create_specification (column_definition (name (id a)) (data_type (generic_type date (column_options (nullability not null)))))) , (create_specification (column_definition (name (id b)) (data_type (string_type varchar (length ( 50 )) (column_options (nullability not null)))))) , (create_specification (column_definition (name (id c)) (data_type (string_type varchar (length ( 50 )) (column_options (nullability not null)))))) , (create_specification (column_definition (name (id d)) (data_type (enumerated_type enum ( (enumerated_values (enum_value (string_literal 'm')) , (enum_value (string_literal 'w'))) ) (column_options (nullability not null)))))) , (create_specification (column_definition (name (id e)) (data_type (signed_type int (column_options (nullability not null)))))) , (create_specification (column_definition (name (id f)) (data_type (signed_type decimal (decimal_length ( 18 , 2 )) (column_options (nullability not null)))))) , (create_specification (column_definition (name (id g)) (data_type (signed_type bigint (column_options (nullability not null)))))) , (create_specification (column_definition (name (id h)) (data_type (signed_type tinyint (column_options (nullability not null)))))) , (create_specification (column_definition (name (id i)) (data_type (string_type char (length ( 255 )))))) , (create_specification (index_definition (index_type_pk primary key (index_column_list ( (index_columns (index_column (name (id a))) , (index_column (name (id b))) , (index_column (name (id c))) , (index_column (name (id d))) , (index_column (name (id e))) , (index_column (name (id f))) , (index_column (name (id g))) , (index_column (name (id h)))) ))))) )) (table_creation_option (creation_engine engine = (string_literal 'MyISAM'))) (table_creation_option (partition_by partition by (partition_by_what key (skip_parens /__MAXWELL__/)) (partition_definitions ( (skip_parens_inside_partition_definitions /__MAXWELL__/)))))) <EOF>)
[1] 23:43:28,520 DEBUG SchemaChange - SQL_PARSE <- "create table t1 (a date not null, b varchar(50) not null, c varchar(50) not null, d enum('m', 'w'), primary key(a,b,c,d)) engine='InnoDB'  partition by key (a,b,c,d) ( partition pa1 max_rows=20 min_rows=2, partition pa2 max_rows=30 min_rows=3, partition pa3 max_rows=30 min_rows=4, partition pa4 max_rows=40 min_rows=2)"
[1] 23:43:28,521 DEBUG SchemaChange - rewrote SQL to create table t1 (a date not null, b varchar(50) not null, c varchar(50) not null, d enum('m', 'w'), primary key(a,b,c,d)) engine='InnoDB'  partition by key /__MAXWELL__/ ( partition pa1 max_rows=20 min_rows=2, partition pa2 max_rows=30 min_rows=3, partition pa3 max_rows=30 min_rows=4, partition pa4 max_rows=40 min_rows=2)
[1] 23:43:28,521 DEBUG SchemaChange - SQL_PARSE <- "create table t1 (a date not null, b varchar(50) not null, c varchar(50) not null, d enum('m', 'w'), primary key(a,b,c,d)) engine='InnoDB'  partition by key /__MAXWELL__/ ( partition pa1 max_rows=20 min_rows=2, partition pa2 max_rows=30 min_rows=3, partition pa3 max_rows=30 min_rows=4, partition pa4 max_rows=40 min_rows=2)"
[1] 23:43:28,521 DEBUG SchemaChange - rewrote SQL to create table t1 (a date not null, b varchar(50) not null, c varchar(50) not null, d enum('m', 'w'), primary key(a,b,c,d)) engine='InnoDB'  partition by key /__MAXWELL__/ ( /__MAXWELL__/
[1] 23:43:28,521 DEBUG SchemaChange - SQL_PARSE <- "create table t1 (a date not null, b varchar(50) not null, c varchar(50) not null, d enum('m', 'w'), primary key(a,b,c,d)) engine='InnoDB'  partition by key /__MAXWELL__/ ( /__MAXWELL__/"
[1] 23:43:28,521 DEBUG SchemaChange - SQL_PARSE ->   (parse (statement (create_table (create_table_preamble create table (table_name (name (id t1)))) (create_specifications ( (create_specification (column_definition (name (id a)) (data_type (generic_type date (column_options (nullability not null)))))) , (create_specification (column_definition (name (id b)) (data_type (string_type varchar (length ( 50 )) (column_options (nullability not null)))))) , (create_specification (column_definition (name (id c)) (data_type (string_type varchar (length ( 50 )) (column_options (nullability not null)))))) , (create_specification (column_definition (name (id d)) (data_type (enumerated_type enum ( (enumerated_values (enum_value (string_literal 'm')) , (enum_value (string_literal 'w'))) ))))) , (create_specification (index_definition (index_type_pk primary key (index_column_list ( (index_columns (index_column (name (id a))) , (index_column (name (id b))) , (index_column (name (id c))) , (index_column (name (id d)))) ))))) )) (table_creation_option (creation_engine engine = (string_literal 'InnoDB'))) (table_creation_option (partition_by partition by (partition_by_what key (skip_parens /__MAXWELL__/)) (partition_definitions ( (skip_parens_inside_partition_definitions /__MAXWELL__/)))))) <EOF>)
[1] 23:43:28,521 DEBUG SchemaChange - SQL_PARSE <- "create table t1 (a date not null, b varchar(50) not null, c varchar(50) not null, d enum('m', 'w'), primary key(a,b,c,d)) engine='MyISAM'  partition by key (a,b,c,d) ( partition pa1 max_rows=20 min_rows=2, partition pa2 max_rows=30 min_rows=3, partition pa3 max_rows=30 min_rows=4, partition pa4 max_rows=40 min_rows=2)"
[1] 23:43:28,522 DEBUG SchemaChange - rewrote SQL to create table t1 (a date not null, b varchar(50) not null, c varchar(50) not null, d enum('m', 'w'), primary key(a,b,c,d)) engine='MyISAM'  partition by key /__MAXWELL__/ ( partition pa1 max_rows=20 min_rows=2, partition pa2 max_rows=30 min_rows=3, partition pa3 max_rows=30 min_rows=4, partition pa4 max_rows=40 min_rows=2)
[1] 23:43:28,522 DEBUG SchemaChange - SQL_PARSE <- "create table t1 (a date not null, b varchar(50) not null, c varchar(50) not null, d enum('m', 'w'), primary key(a,b,c,d)) engine='MyISAM'  partition by key /__MAXWELL__/ ( partition pa1 max_rows=20 min_rows=2, partition pa2 max_rows=30 min_rows=3, partition pa3 max_rows=30 min_rows=4, partition pa4 max_rows=40 min_rows=2)"
[1] 23:43:28,522 DEBUG SchemaChange - rewrote SQL to create table t1 (a date not null, b varchar(50) not null, c varchar(50) not null, d enum('m', 'w'), primary key(a,b,c,d)) engine='MyISAM'  partition by key /__MAXWELL__/ ( /__MAXWELL__/
[1] 23:43:28,522 DEBUG SchemaChange - SQL_PARSE <- "create table t1 (a date not null, b varchar(50) not null, c varchar(50) not null, d enum('m', 'w'), primary key(a,b,c,d)) engine='MyISAM'  partition by key /__MAXWELL__/ ( /__MAXWELL__/"
[1] 23:43:28,523 DEBUG SchemaChange - SQL_PARSE ->   (parse (statement (create_table (create_table_preamble create table (table_name (name (id t1)))) (create_specifications ( (create_specification (column_definition (name (id a)) (data_type (generic_type date (column_options (nullability not null)))))) , (create_specification (column_definition (name (id b)) (data_type (string_type varchar (length ( 50 )) (column_options (nullability not null)))))) , (create_specification (column_definition (name (id c)) (data_type (string_type varchar (length ( 50 )) (column_options (nullability not null)))))) , (create_specification (column_definition (name (id d)) (data_type (enumerated_type enum ( (enumerated_values (enum_value (string_literal 'm')) , (enum_value (string_literal 'w'))) ))))) , (create_specification (index_definition (index_type_pk primary key (index_column_list ( (index_columns (index_column (name (id a))) , (index_column (name (id b))) , (index_column (name (id c))) , (index_column (name (id d)))) ))))) )) (table_creation_option (creation_engine engine = (string_literal 'MyISAM'))) (table_creation_option (partition_by partition by (partition_by_what key (skip_parens /__MAXWELL__/)) (partition_definitions ( (skip_parens_inside_partition_definitions /__MAXWELL__/)))))) <EOF>)
[1] 23:43:28,523 DEBUG SchemaChange - SQL_PARSE <- "create table t1 (a date not null, primary key(a)) engine='MyISAM'  partition by key (a) ( partition pa1 max_rows=20 min_rows=2, partition pa2 max_rows=30 min_rows=3, partition pa3 max_rows=30 min_rows=4, partition pa4 max_rows=40 min_rows=2)"
[1] 23:43:28,523 DEBUG SchemaChange - rewrote SQL to create table t1 (a date not null, primary key(a)) engine='MyISAM'  partition by key /__MAXWELL__/ ( partition pa1 max_rows=20 min_rows=2, partition pa2 max_rows=30 min_rows=3, partition pa3 max_rows=30 min_rows=4, partition pa4 max_rows=40 min_rows=2)
[1] 23:43:28,523 DEBUG SchemaChange - SQL_PARSE <- "create table t1 (a date not null, primary key(a)) engine='MyISAM'  partition by key /__MAXWELL__/ ( partition pa1 max_rows=20 min_rows=2, partition pa2 max_rows=30 min_rows=3, partition pa3 max_rows=30 min_rows=4, partition pa4 max_rows=40 min_rows=2)"
[1] 23:43:28,523 DEBUG SchemaChange - rewrote SQL to create table t1 (a date not null, primary key(a)) engine='MyISAM'  partition by key /__MAXWELL__/ ( /__MAXWELL__/
[1] 23:43:28,523 DEBUG SchemaChange - SQL_PARSE <- "create table t1 (a date not null, primary key(a)) engine='MyISAM'  partition by key /__MAXWELL__/ ( /__MAXWELL__/"
[1] 23:43:28,524 DEBUG SchemaChange - SQL_PARSE ->   (parse (statement (create_table (create_table_preamble create table (table_name (name (id t1)))) (create_specifications ( (create_specification (column_definition (name (id a)) (data_type (generic_type date (column_options (nullability not null)))))) , (create_specification (index_definition (index_type_pk primary key (index_column_list ( (index_columns (index_column (name (id a)))) ))))) )) (table_creation_option (creation_engine engine = (string_literal 'MyISAM'))) (table_creation_option (partition_by partition by (partition_by_what key (skip_parens /__MAXWELL__/)) (partition_definitions ( (skip_parens_inside_partition_definitions /__MAXWELL__/)))))) <EOF>)
[1] 23:43:28,524 DEBUG SchemaChange - SQL_PARSE <- "create table t1 (a date) engine = innodb partition by range (year(a)) (partition p0 values less than (2006), partition p1 values less than (2007))"
[1] 23:43:28,524 DEBUG SchemaChange - rewrote SQL to create table t1 (a date) engine = innodb partition by range /__MAXWELL__/ (partition p0 values less than (2006), partition p1 values less than (2007))
[1] 23:43:28,524 DEBUG SchemaChange - SQL_PARSE <- "create table t1 (a date) engine = innodb partition by range /__MAXWELL__/ (partition p0 values less than (2006), partition p1 values less than (2007))"
[1] 23:43:28,524 DEBUG SchemaChange - rewrote SQL to create table t1 (a date) engine = innodb partition by range /__MAXWELL__/ (/__MAXWELL__/
[1] 23:43:28,524 DEBUG SchemaChange - SQL_PARSE <- "create table t1 (a date) engine = innodb partition by range /__MAXWELL__/ (/__MAXWELL__/"
[1] 23:43:28,524 DEBUG SchemaChange - SQL_PARSE ->   (parse (statement (create_table (create_table_preamble create table (table_name (name (id t1)))) (create_specifications ( (create_specification (column_definition (name (id a)) (data_type (generic_type date)))) )) (table_creation_option (creation_engine engine = (id innodb))) (table_creation_option (partition_by partition by (partition_by_what range (skip_parens /__MAXWELL__/)) (partition_definitions ( (skip_parens_inside_partition_definitions /__MAXWELL__/)))))) <EOF>)
[1] 23:43:28,524 DEBUG SchemaChange - SQL_PARSE <- "create table t1 (a date) partition by key (a)"
[1] 23:43:28,525 DEBUG SchemaChange - rewrote SQL to create table t1 (a date) partition by key /__MAXWELL__/
[1] 23:43:28,525 DEBUG SchemaChange - SQL_PARSE <- "create table t1 (a date) partition by key /__MAXWELL__/"
[1] 23:43:28,525 DEBUG SchemaChange - SQL_PARSE ->   (parse (statement (create_table (create_table_preamble create table (table_name (name (id t1)))) (create_specifications ( (create_specification (column_definition (name (id a)) (data_type (generic_type date)))) )) (table_creation_option (partition_by partition by (partition_by_what key (skip_parens /__MAXWELL__/)))))) <EOF>)
[1] 23:43:28,525 DEBUG SchemaChange - SQL_PARSE <- "create table t1 (a date) partition by range(to_seconds(a)) (partition p0 values less than (to_seconds('2004-01-01')), partition p1 values less than (to_seconds('2005-01-01')))"
[1] 23:43:28,525 DEBUG SchemaChange - rewrote SQL to create table t1 (a date) partition by range/__MAXWELL__/ (partition p0 values less than (to_seconds('2004-01-01')), partition p1 values less than (to_seconds('2005-01-01')))
[1] 23:43:28,525 DEBUG SchemaChange - SQL_PARSE <- "create table t1 (a date) partition by range/__MAXWELL__/ (partition p0 values less than (to_seconds('2004-01-01')), partition p1 values less than (to_seconds('2005-01-01')))"
[1] 23:43:28,525 DEBUG SchemaChange - rewrote SQL to create table t1 (a date) partition by range/__MAXWELL__/ (/__MAXWELL__/
[1] 23:43:28,525 DEBUG SchemaChange - SQL_PARSE <- "create table t1 (a date) partition by range/__MAXWELL__/ (/__MAXWELL__/"
[1] 23:43:28,525 DEBUG SchemaChange - SQL_PARSE ->   (parse (statement (create_table (create_table_preamble create table (table_name (name (id t1)))) (create_specifications ( (create_specification (column_definition (name (id a)) (data_type (generic_type date)))) )) (table_creation_option (partition_by partition by (partition_by_what range (skip_parens /__MAXWELL__/)) (partition_definitions ( (skip_parens_inside_partition_definitions /__MAXWELL__/)))))) <EOF>)
[1] 23:43:28,525 DEBUG SchemaChange - SQL_PARSE <- "create table t1 (a datetime not null) partition by key (a)"
[1] 23:43:28,526 DEBUG SchemaChange - rewrote SQL to create table t1 (a datetime not null) partition by key /__MAXWELL__/
[1] 23:43:28,526 DEBUG SchemaChange - SQL_PARSE <- "create table t1 (a datetime not null) partition by key /__MAXWELL__/"
[1] 23:43:28,526 DEBUG SchemaChange - SQL_PARSE ->   (parse (statement (create_table (create_table_preamble create table (table_name (name (id t1)))) (create_specifications ( (create_specification (column_definition (name (id a)) (data_type (generic_type datetime (column_options (nullability not null)))))) )) (table_creation_option (partition_by partition by (partition_by_what key (skip_parens /__MAXWELL__/)))))) <EOF>)
[1] 23:43:28,526 DEBUG SchemaChange - SQL_PARSE <- "create table t1 (a datetime not null) partition by range (TO_SECONDS(a)) ( partition p0 VALUES LESS THAN (TO_SECONDS('2007-03-08 00:00:00')), partition p1 VALUES LESS THAN (TO_SECONDS('2007-04-01 00:00:00')))"
[1] 23:43:28,526 DEBUG SchemaChange - rewrote SQL to create table t1 (a datetime not null) partition by range /__MAXWELL__/ ( partition p0 VALUES LESS THAN (TO_SECONDS('2007-03-08 00:00:00')), partition p1 VALUES LESS THAN (TO_SECONDS('2007-04-01 00:00:00')))
[1] 23:43:28,526 DEBUG SchemaChange - SQL_PARSE <- "create table t1 (a datetime not null) partition by range /__MAXWELL__/ ( partition p0 VALUES LESS THAN (TO_SECONDS('2007-03-08 00:00:00')), partition p1 VALUES LESS THAN (TO_SECONDS('2007-04-01 00:00:00')))"
[1] 23:43:28,527 DEBUG SchemaChange - rewrote SQL to create table t1 (a datetime not null) partition by range /__MAXWELL__/ ( /__MAXWELL__/
[1] 23:43:28,527 DEBUG SchemaChange - SQL_PARSE <- "create table t1 (a datetime not null) partition by range /__MAXWELL__/ ( /__MAXWELL__/"
[1] 23:43:28,527 DEBUG SchemaChange - SQL_PARSE ->   (parse (statement (create_table (create_table_preamble create table (table_name (name (id t1)))) (create_specifications ( (create_specification (column_definition (name (id a)) (data_type (generic_type datetime (column_options (nullability not null)))))) )) (table_creation_option (partition_by partition by (partition_by_what range (skip_parens /__MAXWELL__/)) (partition_definitions ( (skip_parens_inside_partition_definitions /__MAXWELL__/)))))) <EOF>)
[1] 23:43:28,527 DEBUG SchemaChange - SQL_PARSE <- "create table t1 (a datetime not null, primary key(a)) engine='MyISAM'  partition by key (a) ( partition pa1 max_rows=20 min_rows=2, partition pa2 max_rows=30 min_rows=3, partition pa3 max_rows=30 min_rows=4, partition pa4 max_rows=40 min_rows=2)"
[1] 23:43:28,527 DEBUG SchemaChange - rewrote SQL to create table t1 (a datetime not null, primary key(a)) engine='MyISAM'  partition by key /__MAXWELL__/ ( partition pa1 max_rows=20 min_rows=2, partition pa2 max_rows=30 min_rows=3, partition pa3 max_rows=30 min_rows=4, partition pa4 max_rows=40 min_rows=2)
[1] 23:43:28,527 DEBUG SchemaChange - SQL_PARSE <- "create table t1 (a datetime not null, primary key(a)) engine='MyISAM'  partition by key /__MAXWELL__/ ( partition pa1 max_rows=20 min_rows=2, partition pa2 max_rows=30 min_rows=3, partition pa3 max_rows=30 min_rows=4, partition pa4 max_rows=40 min_rows=2)"
[1] 23:43:28,527 DEBUG SchemaChange - rewrote SQL to create table t1 (a datetime not null, primary key(a)) engine='MyISAM'  partition by key /__MAXWELL__/ ( /__MAXWELL__/
[1] 23:43:28,527 DEBUG SchemaChange - SQL_PARSE <- "create table t1 (a datetime not null, primary key(a)) engine='MyISAM'  partition by key /__MAXWELL__/ ( /__MAXWELL__/"
[1] 23:43:28,528 DEBUG SchemaChange - SQL_PARSE ->   (parse (statement (create_table (create_table_preamble create table (table_name (name (id t1)))) (create_specifications ( (create_specification (column_definition (name (id a)) (data_type (generic_type datetime (column_options (nullability not null)))))) , (create_specification (index_definition (index_type_pk primary key (index_column_list ( (index_columns (index_column (name (id a)))) ))))) )) (table_creation_option (creation_engine engine = (string_literal 'MyISAM'))) (table_creation_option (partition_by partition by (partition_by_what key (skip_parens /__MAXWELL__/)) (partition_definitions ( (skip_parens_inside_partition_definitions /__MAXWELL__/)))))) <EOF>)
[1] 23:43:28,528 DEBUG SchemaChange - SQL_PARSE <- "create table t1 (a datetime) partition by key (a)"
[1] 23:43:28,528 DEBUG SchemaChange - rewrote SQL to create table t1 (a datetime) partition by key /__MAXWELL__/
[1] 23:43:28,528 DEBUG SchemaChange - SQL_PARSE <- "create table t1 (a datetime) partition by key /__MAXWELL__/"
[1] 23:43:28,528 DEBUG SchemaChange - SQL_PARSE ->   (parse (statement (create_table (create_table_preamble create table (table_name (name (id t1)))) (create_specifications ( (create_specification (column_definition (name (id a)) (data_type (generic_type datetime)))) )) (table_creation_option (partition_by partition by (partition_by_what key (skip_parens /__MAXWELL__/)))))) <EOF>)
[1] 23:43:28,528 DEBUG SchemaChange - SQL_PARSE <- "create table t1 (a datetime) partition by range(to_seconds(a)) (partition p0 values less than (to_seconds('2004-01-01 12:00:00')), partition p1 values less than (to_seconds('2005-01-01 12:00:00')))"
[1] 23:43:28,528 DEBUG SchemaChange - rewrote SQL to create table t1 (a datetime) partition by range/__MAXWELL__/ (partition p0 values less than (to_seconds('2004-01-01 12:00:00')), partition p1 values less than (to_seconds('2005-01-01 12:00:00')))
[1] 23:43:28,528 DEBUG SchemaChange - SQL_PARSE <- "create table t1 (a datetime) partition by range/__MAXWELL__/ (partition p0 values less than (to_seconds('2004-01-01 12:00:00')), partition p1 values less than (to_seconds('2005-01-01 12:00:00')))"
[1] 23:43:28,529 DEBUG SchemaChange - rewrote SQL to create table t1 (a datetime) partition by range/__MAXWELL__/ (/__MAXWELL__/
[1] 23:43:28,529 DEBUG SchemaChange - SQL_PARSE <- "create table t1 (a datetime) partition by range/__MAXWELL__/ (/__MAXWELL__/"
[1] 23:43:28,529 DEBUG SchemaChange - SQL_PARSE ->   (parse (statement (create_table (create_table_preamble create table (table_name (name (id t1)))) (create_specifications ( (create_specification (column_definition (name (id a)) (data_type (generic_type datetime)))) )) (table_creation_option (partition_by partition by (partition_by_what range (skip_parens /__MAXWELL__/)) (partition_definitions ( (skip_parens_inside_partition_definitions /__MAXWELL__/)))))) <EOF>)
[1] 23:43:28,529 DEBUG SchemaChange - SQL_PARSE <- "create table t1 (a decimal(4,2) not null) partition by key (a)"
[1] 23:43:28,529 DEBUG SchemaChange - rewrote SQL to create table t1 (a decimal(4,2) not null) partition by key /__MAXWELL__/
[1] 23:43:28,529 DEBUG SchemaChange - SQL_PARSE <- "create table t1 (a decimal(4,2) not null) partition by key /__MAXWELL__/"
[1] 23:43:28,529 DEBUG SchemaChange - SQL_PARSE ->   (parse (statement (create_table (create_table_preamble create table (table_name (name (id t1)))) (create_specifications ( (create_specification (column_definition (name (id a)) (data_type (signed_type decimal (decimal_length ( 4 , 2 )) (column_options (nullability not null)))))) )) (table_creation_option (partition_by partition by (partition_by_what key (skip_parens /__MAXWELL__/)))))) <EOF>)
[1] 23:43:28,529 DEBUG SchemaChange - SQL_PARSE <- "create table t1 (a decimal(4,2)) partition by key (a)"
[1] 23:43:28,530 DEBUG SchemaChange - rewrote SQL to create table t1 (a decimal(4,2)) partition by key /__MAXWELL__/
[1] 23:43:28,530 DEBUG SchemaChange - SQL_PARSE <- "create table t1 (a decimal(4,2)) partition by key /__MAXWELL__/"
[1] 23:43:28,530 DEBUG SchemaChange - SQL_PARSE ->   (parse (statement (create_table (create_table_preamble create table (table_name (name (id t1)))) (create_specifications ( (create_specification (column_definition (name (id a)) (data_type (signed_type decimal (decimal_length ( 4 , 2 )))))) )) (table_creation_option (partition_by partition by (partition_by_what key (skip_parens /__MAXWELL__/)))))) <EOF>)
[1] 23:43:28,530 DEBUG SchemaChange - SQL_PARSE <- "create table t1 (a double not null) partition by key (a)"
[1] 23:43:28,530 DEBUG SchemaChange - rewrote SQL to create table t1 (a double not null) partition by key /__MAXWELL__/
[1] 23:43:28,530 DEBUG SchemaChange - SQL_PARSE <- "create table t1 (a double not null) partition by key /__MAXWELL__/"
[1] 23:43:28,530 DEBUG SchemaChange - SQL_PARSE ->   (parse (statement (create_table (create_table_preamble create table (table_name (name (id t1)))) (create_specifications ( (create_specification (column_definition (name (id a)) (data_type (signed_type double (column_options (nullability not null)))))) )) (table_creation_option (partition_by partition by (partition_by_what key (skip_parens /__MAXWELL__/)))))) <EOF>)
[1] 23:43:28,530 DEBUG SchemaChange - SQL_PARSE <- "create table t1 (a double not null, primary key(a)) engine='MYISAM'  partition by key (a) ( partition pa1 max_rows=20 min_rows=2, partition pa2 max_rows=30 min_rows=3, partition pa3 max_rows=30 min_rows=4, partition pa4 max_rows=40 min_rows=2)"
[1] 23:43:28,530 DEBUG SchemaChange - rewrote SQL to create table t1 (a double not null, primary key(a)) engine='MYISAM'  partition by key /__MAXWELL__/ ( partition pa1 max_rows=20 min_rows=2, partition pa2 max_rows=30 min_rows=3, partition pa3 max_rows=30 min_rows=4, partition pa4 max_rows=40 min_rows=2)
[1] 23:43:28,530 DEBUG SchemaChange - SQL_PARSE <- "create table t1 (a double not null, primary key(a)) engine='MYISAM'  partition by key /__MAXWELL__/ ( partition pa1 max_rows=20 min_rows=2, partition pa2 max_rows=30 min_rows=3, partition pa3 max_rows=30 min_rows=4, partition pa4 max_rows=40 min_rows=2)"
[1] 23:43:28,531 DEBUG SchemaChange - rewrote SQL to create table t1 (a double not null, primary key(a)) engine='MYISAM'  partition by key /__MAXWELL__/ ( /__MAXWELL__/
[1] 23:43:28,531 DEBUG SchemaChange - SQL_PARSE <- "create table t1 (a double not null, primary key(a)) engine='MYISAM'  partition by key /__MAXWELL__/ ( /__MAXWELL__/"
[1] 23:43:28,531 DEBUG SchemaChange - SQL_PARSE ->   (parse (statement (create_table (create_table_preamble create table (table_name (name (id t1)))) (create_specifications ( (create_specification (column_definition (name (id a)) (data_type (signed_type double (column_options (nullability not null)))))) , (create_specification (index_definition (index_type_pk primary key (index_column_list ( (index_columns (index_column (name (id a)))) ))))) )) (table_creation_option (creation_engine engine = (string_literal 'MYISAM'))) (table_creation_option (partition_by partition by (partition_by_what key (skip_parens /__MAXWELL__/)) (partition_definitions ( (skip_parens_inside_partition_definitions /__MAXWELL__/)))))) <EOF>)
[1] 23:43:28,531 DEBUG SchemaChange - SQL_PARSE <- "create table t1 (a double) partition by key (a)"
[1] 23:43:28,531 DEBUG SchemaChange - rewrote SQL to create table t1 (a double) partition by key /__MAXWELL__/
[1] 23:43:28,531 DEBUG SchemaChange - SQL_PARSE <- "create table t1 (a double) partition by key /__MAXWELL__/"
[1] 23:43:28,531 DEBUG SchemaChange - SQL_PARSE ->   (parse (statement (create_table (create_table_preamble create table (table_name (name (id t1)))) (create_specifications ( (create_specification (column_definition (name (id a)) (data_type (signed_type double)))) )) (table_creation_option (partition_by partition by (partition_by_what key (skip_parens /__MAXWELL__/)))))) <EOF>)
[1] 23:43:28,531 DEBUG SchemaChange - SQL_PARSE <- "create table t1 (a enum('A','B','C','D','E','F','G','H','I','J','K','L') not null, primary key(a)) engine='MyISAM'  partition by key (a) ( partition pa1 max_rows=20 min_rows=2, partition pa2 max_rows=30 min_rows=3, partition pa3 max_rows=30 min_rows=4, partition pa4 max_rows=40 min_rows=2)"
[1] 23:43:28,532 DEBUG SchemaChange - rewrote SQL to create table t1 (a enum('A','B','C','D','E','F','G','H','I','J','K','L') not null, primary key(a)) engine='MyISAM'  partition by key /__MAXWELL__/ ( partition pa1 max_rows=20 min_rows=2, partition pa2 max_rows=30 min_rows=3, partition pa3 max_rows=30 min_rows=4, partition pa4 max_rows=40 min_rows=2)
[1] 23:43:28,532 DEBUG SchemaChange - SQL_PARSE <- "create table t1 (a enum('A','B','C','D','E','F','G','H','I','J','K','L') not null, primary key(a)) engine='MyISAM'  partition by key /__MAXWELL__/ ( partition pa1 max_rows=20 min_rows=2, partition pa2 max_rows=30 min_rows=3, partition pa3 max_rows=30 min_rows=4, partition pa4 max_rows=40 min_rows=2)"
[1] 23:43:28,532 DEBUG SchemaChange - rewrote SQL to create table t1 (a enum('A','B','C','D','E','F','G','H','I','J','K','L') not null, primary key(a)) engine='MyISAM'  partition by key /__MAXWELL__/ ( /__MAXWELL__/
[1] 23:43:28,532 DEBUG SchemaChange - SQL_PARSE <- "create table t1 (a enum('A','B','C','D','E','F','G','H','I','J','K','L') not null, primary key(a)) engine='MyISAM'  partition by key /__MAXWELL__/ ( /__MAXWELL__/"
[1] 23:43:28,532 DEBUG SchemaChange - SQL_PARSE ->   (parse (statement (create_table (create_table_preamble create table (table_name (name (id t1)))) (create_specifications ( (create_specification (column_definition (name (id a)) (data_type (enumerated_type enum ( (enumerated_values (enum_value (string_literal 'A')) , (enum_value (string_literal 'B')) , (enum_value (string_literal 'C')) , (enum_value (string_literal 'D')) , (enum_value (string_literal 'E')) , (enum_value (string_literal 'F')) , (enum_value (string_literal 'G')) , (enum_value (string_literal 'H')) , (enum_value (string_literal 'I')) , (enum_value (string_literal 'J')) , (enum_value (string_literal 'K')) , (enum_value (string_literal 'L'))) ) (column_options (nullability not null)))))) , (create_specification (index_definition (index_type_pk primary key (index_column_list ( (index_columns (index_column (name (id a)))) ))))) )) (table_creation_option (creation_engine engine = (string_literal 'MyISAM'))) (table_creation_option (partition_by partition by (partition_by_what key (skip_parens /__MAXWELL__/)) (partition_definitions ( (skip_parens_inside_partition_definitions /__MAXWELL__/)))))) <EOF>)
[1] 23:43:28,532 DEBUG SchemaChange - SQL_PARSE <- "create table t1 (a enum('y','n') not null) partition by key (a)"
[1] 23:43:28,533 DEBUG SchemaChange - rewrote SQL to create table t1 (a enum('y','n') not null) partition by key /__MAXWELL__/
[1] 23:43:28,533 DEBUG SchemaChange - SQL_PARSE <- "create table t1 (a enum('y','n') not null) partition by key /__MAXWELL__/"
[1] 23:43:28,533 DEBUG SchemaChange - SQL_PARSE ->   (parse (statement (create_table (create_table_preamble create table (table_name (name (id t1)))) (create_specifications ( (create_specification (column_definition (name (id a)) (data_type (enumerated_type enum ( (enumerated_values (enum_value (string_literal 'y')) , (enum_value (string_literal 'n'))) ) (column_options (nullability not null)))))) )) (table_creation_option (partition_by partition by (partition_by_what key (skip_parens /__MAXWELL__/)))))) <EOF>)
[1] 23:43:28,533 DEBUG SchemaChange - SQL_PARSE <- "create table t1 (a enum('y','n')) partition by key (a)"
[1] 23:43:28,533 DEBUG SchemaChange - rewrote SQL to create table t1 (a enum('y','n')) partition by key /__MAXWELL__/
[1] 23:43:28,533 DEBUG SchemaChange - SQL_PARSE <- "create table t1 (a enum('y','n')) partition by key /__MAXWELL__/"
[1] 23:43:28,533 DEBUG SchemaChange - SQL_PARSE ->   (parse (statement (create_table (create_table_preamble create table (table_name (name (id t1)))) (create_specifications ( (create_specification (column_definition (name (id a)) (data_type (enumerated_type enum ( (enumerated_values (enum_value (string_literal 'y')) , (enum_value (string_literal 'n'))) ))))) )) (table_creation_option (partition_by partition by (partition_by_what key (skip_parens /__MAXWELL__/)))))) <EOF>)
[1] 23:43:28,533 DEBUG SchemaChange - SQL_PARSE <- "create table t1 (a float not null) partition by key (a)"
[1] 23:43:28,534 DEBUG SchemaChange - rewrote SQL to create table t1 (a float not null) partition by key /__MAXWELL__/
[1] 23:43:28,534 DEBUG SchemaChange - SQL_PARSE <- "create table t1 (a float not null) partition by key /__MAXWELL__/"
[1] 23:43:28,534 DEBUG SchemaChange - SQL_PARSE ->   (parse (statement (create_table (create_table_preamble create table (table_name (name (id t1)))) (create_specifications ( (create_specification (column_definition (name (id a)) (data_type (signed_type float (column_options (nullability not null)))))) )) (table_creation_option (partition_by partition by (partition_by_what key (skip_parens /__MAXWELL__/)))))) <EOF>)
[1] 23:43:28,534 DEBUG SchemaChange - SQL_PARSE <- "create table t1 (a float not null, primary key(a)) engine='MYISAM'  partition by key (a) ( partition pa1 max_rows=20 min_rows=2, partition pa2 max_rows=30 min_rows=3, partition pa3 max_rows=30 min_rows=4, partition pa4 max_rows=40 min_rows=2)"
[1] 23:43:28,534 DEBUG SchemaChange - rewrote SQL to create table t1 (a float not null, primary key(a)) engine='MYISAM'  partition by key /__MAXWELL__/ ( partition pa1 max_rows=20 min_rows=2, partition pa2 max_rows=30 min_rows=3, partition pa3 max_rows=30 min_rows=4, partition pa4 max_rows=40 min_rows=2)
[1] 23:43:28,534 DEBUG SchemaChange - SQL_PARSE <- "create table t1 (a float not null, primary key(a)) engine='MYISAM'  partition by key /__MAXWELL__/ ( partition pa1 max_rows=20 min_rows=2, partition pa2 max_rows=30 min_rows=3, partition pa3 max_rows=30 min_rows=4, partition pa4 max_rows=40 min_rows=2)"
[1] 23:43:28,534 DEBUG SchemaChange - rewrote SQL to create table t1 (a float not null, primary key(a)) engine='MYISAM'  partition by key /__MAXWELL__/ ( /__MAXWELL__/
[1] 23:43:28,534 DEBUG SchemaChange - SQL_PARSE <- "create table t1 (a float not null, primary key(a)) engine='MYISAM'  partition by key /__MAXWELL__/ ( /__MAXWELL__/"
[1] 23:43:28,534 DEBUG SchemaChange - SQL_PARSE ->   (parse (statement (create_table (create_table_preamble create table (table_name (name (id t1)))) (create_specifications ( (create_specification (column_definition (name (id a)) (data_type (signed_type float (column_options (nullability not null)))))) , (create_specification (index_definition (index_type_pk primary key (index_column_list ( (index_columns (index_column (name (id a)))) ))))) )) (table_creation_option (creation_engine engine = (string_literal 'MYISAM'))) (table_creation_option (partition_by partition by (partition_by_what key (skip_parens /__MAXWELL__/)) (partition_definitions ( (skip_parens_inside_partition_definitions /__MAXWELL__/)))))) <EOF>)
[1] 23:43:28,535 DEBUG SchemaChange - SQL_PARSE <- "create table t1 (a float) partition by key (a)"
[1] 23:43:28,535 DEBUG SchemaChange - rewrote SQL to create table t1 (a float) partition by key /__MAXWELL__/
[1] 23:43:28,535 DEBUG SchemaChange - SQL_PARSE <- "create table t1 (a float) partition by key /__MAXWELL__/"
[1] 23:43:28,535 DEBUG SchemaChange - SQL_PARSE ->   (parse (statement (create_table (create_table_preamble create table (table_name (name (id t1)))) (create_specifications ( (create_specification (column_definition (name (id a)) (data_type (signed_type float)))) )) (table_creation_option (partition_by partition by (partition_by_what key (skip_parens /__MAXWELL__/)))))) <EOF>)
[1] 23:43:28,535 DEBUG SchemaChange - SQL_PARSE <- "create table t1 (a int NOT NULL, b varchar(5) NOT NULL) default charset=utf8 partition by list (a) subpartition by key (b) (partition p0 values in (1), partition p1 values in (2))"
[1] 23:43:28,535 DEBUG SchemaChange - rewrote SQL to create table t1 (a int NOT NULL, b varchar(5) NOT NULL) default charset=utf8 partition by list /__MAXWELL__/ subpartition by key (b) (partition p0 values in (1), partition p1 values in (2))
[1] 23:43:28,535 DEBUG SchemaChange - SQL_PARSE <- "create table t1 (a int NOT NULL, b varchar(5) NOT NULL) default charset=utf8 partition by list /__MAXWELL__/ subpartition by key (b) (partition p0 values in (1), partition p1 values in (2))"
[1] 23:43:28,536 DEBUG SchemaChange - rewrote SQL to create table t1 (a int NOT NULL, b varchar(5) NOT NULL) default charset=utf8 partition by list /__MAXWELL__/ subpartition by key /__MAXWELL__/ (partition p0 values in (1), partition p1 values in (2))
[1] 23:43:28,536 DEBUG SchemaChange - SQL_PARSE <- "create table t1 (a int NOT NULL, b varchar(5) NOT NULL) default charset=utf8 partition by list /__MAXWELL__/ subpartition by key /__MAXWELL__/ (partition p0 values in (1), partition p1 values in (2))"
[1] 23:43:28,536 DEBUG SchemaChange - rewrote SQL to create table t1 (a int NOT NULL, b varchar(5) NOT NULL) default charset=utf8 partition by list /__MAXWELL__/ subpartition by key /__MAXWELL__/ (/__MAXWELL__/
[1] 23:43:28,536 DEBUG SchemaChange - SQL_PARSE <- "create table t1 (a int NOT NULL, b varchar(5) NOT NULL) default charset=utf8 partition by list /__MAXWELL__/ subpartition by key /__MAXWELL__/ (/__MAXWELL__/"
[1] 23:43:28,536 DEBUG SchemaChange - SQL_PARSE ->   (parse (statement (create_table (create_table_preamble create table (table_name (name (id t1)))) (create_specifications ( (create_specification (column_definition (name (id a)) (data_type (signed_type int (column_options (nullability NOT NULL)))))) , (create_specification (column_definition (name (id b)) (data_type (string_type varchar (length ( 5 )) (column_options (nullability NOT NULL)))))) )) (table_creation_option (creation_character_set default charset = (charset_name utf8))) (table_creation_option (partition_by partition by (partition_by_what list (skip_parens /__MAXWELL__/)) (subpartition_by subpartition by (partition_by_what key (skip_parens /__MAXWELL__/))) (partition_definitions ( (skip_parens_inside_partition_definitions /__MAXWELL__/)))))) <EOF>)
[1] 23:43:28,536 DEBUG SchemaChange - SQL_PARSE <- "create table t1 (a int auto_increment primary key) auto_increment=100 partition by list (a) (partition p0 values in (1, 100))"
[1] 23:43:28,536 DEBUG SchemaChange - rewrote SQL to create table t1 (a int auto_increment primary key) auto_increment=100 partition by list /__MAXWELL__/ (partition p0 values in (1, 100))
[1] 23:43:28,536 DEBUG SchemaChange - SQL_PARSE <- "create table t1 (a int auto_increment primary key) auto_increment=100 partition by list /__MAXWELL__/ (partition p0 values in (1, 100))"
[1] 23:43:28,537 DEBUG SchemaChange - rewrote SQL to create table t1 (a int auto_increment primary key) auto_increment=100 partition by list /__MAXWELL__/ (/__MAXWELL__/
[1] 23:43:28,537 DEBUG SchemaChange - SQL_PARSE <- "create table t1 (a int auto_increment primary key) auto_increment=100 partition by list /__MAXWELL__/ (/__MAXWELL__/"
[1] 23:43:28,537 DEBUG SchemaChange - SQL_PARSE ->   (parse (statement (create_table (create_table_preamble create table (table_name (name (id t1)))) (create_specifications ( (create_specification (column_definition (name (id a)) (data_type (signed_type int (column_options auto_increment) (column_options (primary_key primary key)))))) )) (table_creation_option (creation_auto_increment auto_increment = (integer 100))) (table_creation_option (partition_by partition by (partition_by_what list (skip_parens /__MAXWELL__/)) (partition_definitions ( (skip_parens_inside_partition_definitions /__MAXWELL__/)))))) <EOF>)
[1] 23:43:28,537 DEBUG SchemaChange - SQL_PARSE <- "create table t1 (a int auto_increment primary key) engine = innodb partition by key (a)"
[1] 23:43:28,537 DEBUG SchemaChange - rewrote SQL to create table t1 (a int auto_increment primary key) engine = innodb partition by key /__MAXWELL__/
[1] 23:43:28,537 DEBUG SchemaChange - SQL_PARSE <- "create table t1 (a int auto_increment primary key) engine = innodb partition by key /__MAXWELL__/"
[1] 23:43:28,537 DEBUG SchemaChange - SQL_PARSE ->   (parse (statement (create_table (create_table_preamble create table (table_name (name (id t1)))) (create_specifications ( (create_specification (column_definition (name (id a)) (data_type (signed_type int (column_options auto_increment) (column_options (primary_key primary key)))))) )) (table_creation_option (creation_engine engine = (id innodb))) (table_creation_option (partition_by partition by (partition_by_what key (skip_parens /__MAXWELL__/)))))) <EOF>)
[1] 23:43:28,537 DEBUG SchemaChange - SQL_PARSE <- "create table t1 (a int not null) engine=archive partition by list (a) (partition p0 values in (1), partition p1 values in (2))"
[1] 23:43:28,537 DEBUG SchemaChange - rewrote SQL to create table t1 (a int not null) engine=archive partition by list /__MAXWELL__/ (partition p0 values in (1), partition p1 values in (2))
[1] 23:43:28,537 DEBUG SchemaChange - SQL_PARSE <- "create table t1 (a int not null) engine=archive partition by list /__MAXWELL__/ (partition p0 values in (1), partition p1 values in (2))"
[1] 23:43:28,538 DEBUG SchemaChange - rewrote SQL to create table t1 (a int not null) engine=archive partition by list /__MAXWELL__/ (/__MAXWELL__/
[1] 23:43:28,538 DEBUG SchemaChange - SQL_PARSE <- "create table t1 (a int not null) engine=archive partition by list /__MAXWELL__/ (/__MAXWELL__/"
[1] 23:43:28,538 DEBUG SchemaChange - SQL_PARSE ->   (parse (statement (create_table (create_table_preamble create table (table_name (name (id t1)))) (create_specifications ( (create_specification (column_definition (name (id a)) (data_type (signed_type int (column_options (nullability not null)))))) )) (table_creation_option (creation_engine engine = (id archive))) (table_creation_option (partition_by partition by (partition_by_what list (skip_parens /__MAXWELL__/)) (partition_definitions ( (skip_parens_inside_partition_definitions /__MAXWELL__/)))))) <EOF>)
[1] 23:43:28,538 DEBUG SchemaChange - SQL_PARSE <- "create table t1 (a int not null) partition by key (a)"
[1] 23:43:28,538 DEBUG SchemaChange - rewrote SQL to create table t1 (a int not null) partition by key /__MAXWELL__/
[1] 23:43:28,538 DEBUG SchemaChange - SQL_PARSE <- "create table t1 (a int not null) partition by key /__MAXWELL__/"
[1] 23:43:28,538 DEBUG SchemaChange - SQL_PARSE ->   (parse (statement (create_table (create_table_preamble create table (table_name (name (id t1)))) (create_specifications ( (create_specification (column_definition (name (id a)) (data_type (signed_type int (column_options (nullability not null)))))) )) (table_creation_option (partition_by partition by (partition_by_what key (skip_parens /__MAXWELL__/)))))) <EOF>)
[1] 23:43:28,538 DEBUG SchemaChange - SQL_PARSE <- "create table t1 (a int not null) partition by range columns(a) ( partition p0 values less than (10), partition p1 values less than (20), partition p2 values less than (30), partition p3 values less than (40), partition p4 values less than (50), partition p5 values less than (60), partition p6 values less than (70) )"
[1] 23:43:28,538 DEBUG SchemaChange - rewrote SQL to create table t1 (a int not null) partition by range columns/__MAXWELL__/ ( partition p0 values less than (10), partition p1 values less than (20), partition p2 values less than (30), partition p3 values less than (40), partition p4 values less than (50), partition p5 values less than (60), partition p6 values less than (70) )
[1] 23:43:28,538 DEBUG SchemaChange - SQL_PARSE <- "create table t1 (a int not null) partition by range columns/__MAXWELL__/ ( partition p0 values less than (10), partition p1 values less than (20), partition p2 values less than (30), partition p3 values less than (40), partition p4 values less than (50), partition p5 values less than (60), partition p6 values less than (70) )"
[1] 23:43:28,539 DEBUG SchemaChange - rewrote SQL to create table t1 (a int not null) partition by range columns/__MAXWELL__/ ( /__MAXWELL__/
[1] 23:43:28,539 DEBUG SchemaChange - SQL_PARSE <- "create table t1 (a int not null) partition by range columns/__MAXWELL__/ ( /__MAXWELL__/"
[1] 23:43:28,539 DEBUG SchemaChange - SQL_PARSE ->   (parse (statement (create_table (create_table_preamble create table (table_name (name (id t1)))) (create_specifications ( (create_specification (column_definition (name (id a)) (data_type (signed_type int (column_options (nullability not null)))))) )) (table_creation_option (partition_by partition by (partition_by_what range columns (skip_parens /__MAXWELL__/)) (partition_definitions ( (skip_parens_inside_partition_definitions /__MAXWELL__/)))))) <EOF>)
[1] 23:43:28,539 DEBUG SchemaChange - SQL_PARSE <- "create table t1 (a int not null, b datetime not null, primary key (a,b)) engine=innodb partition by range (to_days(b)) subpartition by hash (a) subpartitions 2 ( partition p0 values less than (to_days('2009-01-01')), partition p1 values less than (to_days('2009-02-01')), partition p2 values less than (to_days('2009-03-01')), partition p3 values less than maxvalue)"
[1] 23:43:28,539 DEBUG SchemaChange - rewrote SQL to create table t1 (a int not null, b datetime not null, primary key (a,b)) engine=innodb partition by range /__MAXWELL__/ subpartition by hash (a) subpartitions 2 ( partition p0 values less than (to_days('2009-01-01')), partition p1 values less than (to_days('2009-02-01')), partition p2 values less than (to_days('2009-03-01')), partition p3 values less than maxvalue)
[1] 23:43:28,539 DEBUG SchemaChange - SQL_PARSE <- "create table t1 (a int not null, b datetime not null, primary key (a,b)) engine=innodb partition by range /__MAXWELL__/ subpartition by hash (a) subpartitions 2 ( partition p0 values less than (to_days('2009-01-01')), partition p1 values less than (to_days('2009-02-01')), partition p2 values less than (to_days('2009-03-01')), partition p3 values less than maxvalue)"
[1] 23:43:28,539 DEBUG SchemaChange - rewrote SQL to create table t1 (a int not null, b datetime not null, primary key (a,b)) engine=innodb partition by range /__MAXWELL__/ subpartition by hash /__MAXWELL__/ subpartitions 2 ( partition p0 values less than (to_days('2009-01-01')), partition p1 values less than (to_days('2009-02-01')), partition p2 values less than (to_days('2009-03-01')), partition p3 values less than maxvalue)
[1] 23:43:28,539 DEBUG SchemaChange - SQL_PARSE <- "create table t1 (a int not null, b datetime not null, primary key (a,b)) engine=innodb partition by range /__MAXWELL__/ subpartition by hash /__MAXWELL__/ subpartitions 2 ( partition p0 values less than (to_days('2009-01-01')), partition p1 values less than (to_days('2009-02-01')), partition p2 values less than (to_days('2009-03-01')), partition p3 values less than maxvalue)"
[1] 23:43:28,540 DEBUG SchemaChange - rewrote SQL to create table t1 (a int not null, b datetime not null, primary key (a,b)) engine=innodb partition by range /__MAXWELL__/ subpartition by hash /__MAXWELL__/ subpartitions 2 ( /__MAXWELL__/
[1] 23:43:28,540 DEBUG SchemaChange - SQL_PARSE <- "create table t1 (a int not null, b datetime not null, primary key (a,b)) engine=innodb partition by range /__MAXWELL__/ subpartition by hash /__MAXWELL__/ subpartitions 2 ( /__MAXWELL__/"
[1] 23:43:28,540 DEBUG SchemaChange - SQL_PARSE ->   (parse (statement (create_table (create_table_preamble create table (table_name (name (id t1)))) (create_specifications ( (create_specification (column_definition (name (id a)) (data_type (signed_type int (column_options (nullability not null)))))) , (create_specification (column_definition (name (id b)) (data_type (generic_type datetime (column_options (nullability not null)))))) , (create_specification (index_definition (index_type_pk primary key (index_column_list ( (index_columns (index_column (name (id a))) , (index_column (name (id b)))) ))))) )) (table_creation_option (creation_engine engine = (id innodb))) (table_creation_option (partition_by partition by (partition_by_what range (skip_parens /__MAXWELL__/)) (subpartition_by subpartition by (partition_by_what hash (skip_parens /__MAXWELL__/)) subpartitions 2) (partition_definitions ( (skip_parens_inside_partition_definitions /__MAXWELL__/)))))) <EOF>)
[1] 23:43:28,540 DEBUG SchemaChange - SQL_PARSE <- "create table t1 (a int not null, b int not null )  partition by range columns(a,b) ( partition p01 values less than (2,10), partition p02 values less than (2,20), partition p03 values less than (2,30), partition p11 values less than (4,10), partition p12 values less than (4,20), partition p13 values less than (4,30), partition p21 values less than (6,10), partition p22 values less than (6,20), partition p23 values less than (6,30) )"
[1] 23:43:28,540 DEBUG SchemaChange - rewrote SQL to create table t1 (a int not null, b int not null )  partition by range columns/__MAXWELL__/ ( partition p01 values less than (2,10), partition p02 values less than (2,20), partition p03 values less than (2,30), partition p11 values less than (4,10), partition p12 values less than (4,20), partition p13 values less than (4,30), partition p21 values less than (6,10), partition p22 values less than (6,20), partition p23 values less than (6,30) )
[1] 23:43:28,540 DEBUG SchemaChange - SQL_PARSE <- "create table t1 (a int not null, b int not null )  partition by range columns/__MAXWELL__/ ( partition p01 values less than (2,10), partition p02 values less than (2,20), partition p03 values less than (2,30), partition p11 values less than (4,10), partition p12 values less than (4,20), partition p13 values less than (4,30), partition p21 values less than (6,10), partition p22 values less than (6,20), partition p23 values less than (6,30) )"
[1] 23:43:28,541 DEBUG SchemaChange - rewrote SQL to create table t1 (a int not null, b int not null )  partition by range columns/__MAXWELL__/ ( /__MAXWELL__/
[1] 23:43:28,541 DEBUG SchemaChange - SQL_PARSE <- "create table t1 (a int not null, b int not null )  partition by range columns/__MAXWELL__/ ( /__MAXWELL__/"
[1] 23:43:28,541 DEBUG SchemaChange - SQL_PARSE ->   (parse (statement (create_table (create_table_preamble create table (table_name (name (id t1)))) (create_specifications ( (create_specification (column_definition (name (id a)) (data_type (signed_type int (column_options (nullability not null)))))) , (create_specification (column_definition (name (id b)) (data_type (signed_type int (column_options (nullability not null)))))) )) (table_creation_option (partition_by partition by (partition_by_what range columns (skip_parens /__MAXWELL__/)) (partition_definitions ( (skip_parens_inside_partition_definitions /__MAXWELL__/)))))) <EOF>)
[1] 23:43:28,541 DEBUG SchemaChange - SQL_PARSE <- "create table t1 (a int not null, b int not null) partition by LIST (a+b) ( partition p0 values in (12), partition p1 values in (14) )"
[1] 23:43:28,542 DEBUG SchemaChange - rewrote SQL to create table t1 (a int not null, b int not null) partition by LIST /__MAXWELL__/ ( partition p0 values in (12), partition p1 values in (14) )
[1] 23:43:28,542 DEBUG SchemaChange - SQL_PARSE <- "create table t1 (a int not null, b int not null) partition by LIST /__MAXWELL__/ ( partition p0 values in (12), partition p1 values in (14) )"
[1] 23:43:28,542 DEBUG SchemaChange - rewrote SQL to create table t1 (a int not null, b int not null) partition by LIST /__MAXWELL__/ ( /__MAXWELL__/
[1] 23:43:28,542 DEBUG SchemaChange - SQL_PARSE <- "create table t1 (a int not null, b int not null) partition by LIST /__MAXWELL__/ ( /__MAXWELL__/"
[1] 23:43:28,542 DEBUG SchemaChange - SQL_PARSE ->   (parse (statement (create_table (create_table_preamble create table (table_name (name (id t1)))) (create_specifications ( (create_specification (column_definition (name (id a)) (data_type (signed_type int (column_options (nullability not null)))))) , (create_specification (column_definition (name (id b)) (data_type (signed_type int (column_options (nullability not null)))))) )) (table_creation_option (partition_by partition by (partition_by_what LIST (skip_parens /__MAXWELL__/)) (partition_definitions ( (skip_parens_inside_partition_definitions /__MAXWELL__/)))))) <EOF>)
[1] 23:43:28,542 DEBUG SchemaChange - SQL_PARSE <- "create table t1 (a int not null, b int not null) partition by list(a)  subpartition by hash(b) subpartitions 4  ( partition p0 values in (1), partition p1 values in (2), partition p2 values in (3) )"
[1] 23:43:28,543 DEBUG SchemaChange - rewrote SQL to create table t1 (a int not null, b int not null) partition by list/__MAXWELL__/  subpartition by hash(b) subpartitions 4  ( partition p0 values in (1), partition p1 values in (2), partition p2 values in (3) )
[1] 23:43:28,543 DEBUG SchemaChange - SQL_PARSE <- "create table t1 (a int not null, b int not null) partition by list/__MAXWELL__/  subpartition by hash(b) subpartitions 4  ( partition p0 values in (1), partition p1 values in (2), partition p2 values in (3) )"
[1] 23:43:28,543 DEBUG SchemaChange - rewrote SQL to create table t1 (a int not null, b int not null) partition by list/__MAXWELL__/  subpartition by hash/__MAXWELL__/ subpartitions 4  ( partition p0 values in (1), partition p1 values in (2), partition p2 values in (3) )
[1] 23:43:28,543 DEBUG SchemaChange - SQL_PARSE <- "create table t1 (a int not null, b int not null) partition by list/__MAXWELL__/  subpartition by hash/__MAXWELL__/ subpartitions 4  ( partition p0 values in (1), partition p1 values in (2), partition p2 values in (3) )"
[1] 23:43:28,543 DEBUG SchemaChange - rewrote SQL to create table t1 (a int not null, b int not null) partition by list/__MAXWELL__/  subpartition by hash/__MAXWELL__/ subpartitions 4  ( /__MAXWELL__/
[1] 23:43:28,543 DEBUG SchemaChange - SQL_PARSE <- "create table t1 (a int not null, b int not null) partition by list/__MAXWELL__/  subpartition by hash/__MAXWELL__/ subpartitions 4  ( /__MAXWELL__/"
[1] 23:43:28,543 DEBUG SchemaChange - SQL_PARSE ->   (parse (statement (create_table (create_table_preamble create table (table_name (name (id t1)))) (create_specifications ( (create_specification (column_definition (name (id a)) (data_type (signed_type int (column_options (nullability not null)))))) , (create_specification (column_definition (name (id b)) (data_type (signed_type int (column_options (nullability not null)))))) )) (table_creation_option (partition_by partition by (partition_by_what list (skip_parens /__MAXWELL__/)) (subpartition_by subpartition by (partition_by_what hash (skip_parens /__MAXWELL__/)) subpartitions 4) (partition_definitions ( (skip_parens_inside_partition_definitions /__MAXWELL__/)))))) <EOF>)
[1] 23:43:28,544 DEBUG SchemaChange - SQL_PARSE <- "create table t1 (a int not null, b int not null, key(a), key(b)) partition by hash(a) partitions 4"
[1] 23:43:28,544 DEBUG SchemaChange - rewrote SQL to create table t1 (a int not null, b int not null, key(a), key(b)) partition by hash/__MAXWELL__/ partitions 4
[1] 23:43:28,544 DEBUG SchemaChange - SQL_PARSE <- "create table t1 (a int not null, b int not null, key(a), key(b)) partition by hash/__MAXWELL__/ partitions 4"
[1] 23:43:28,544 DEBUG SchemaChange - SQL_PARSE ->   (parse (statement (create_table (create_table_preamble create table (table_name (name (id t1)))) (create_specifications ( (create_specification (column_definition (name (id a)) (data_type (signed_type int (column_options (nullability not null)))))) , (create_specification (column_definition (name (id b)) (data_type (signed_type int (column_options (nullability not null)))))) , (create_specification (index_definition (index_type_1 (index_or_key key) (index_column_list ( (index_columns (index_column (name (id a)))) ))))) , (create_specification (index_definition (index_type_1 (index_or_key key) (index_column_list ( (index_columns (index_column (name (id b)))) ))))) )) (table_creation_option (partition_by partition by (partition_by_what hash (skip_parens /__MAXWELL__/)) (partition_count partitions 4))))) <EOF>)
[1] 23:43:28,544 DEBUG SchemaChange - SQL_PARSE <- "create table t1 (a int not null, b int, c varchar(20), key (a,b,c)) partition by range (b) (partition p0 values less than (5), partition p1 values less than (10))"
[1] 23:43:28,544 DEBUG SchemaChange - rewrote SQL to create table t1 (a int not null, b int, c varchar(20), key (a,b,c)) partition by range /__MAXWELL__/ (partition p0 values less than (5), partition p1 values less than (10))
[1] 23:43:28,544 DEBUG SchemaChange - SQL_PARSE <- "create table t1 (a int not null, b int, c varchar(20), key (a,b,c)) partition by range /__MAXWELL__/ (partition p0 values less than (5), partition p1 values less than (10))"
[1] 23:43:28,545 DEBUG SchemaChange - rewrote SQL to create table t1 (a int not null, b int, c varchar(20), key (a,b,c)) partition by range /__MAXWELL__/ (/__MAXWELL__/
[1] 23:43:28,545 DEBUG SchemaChange - SQL_PARSE <- "create table t1 (a int not null, b int, c varchar(20), key (a,b,c)) partition by range /__MAXWELL__/ (/__MAXWELL__/"
[1] 23:43:28,545 DEBUG SchemaChange - SQL_PARSE ->   (parse (statement (create_table (create_table_preamble create table (table_name (name (id t1)))) (create_specifications ( (create_specification (column_definition (name (id a)) (data_type (signed_type int (column_options (nullability not null)))))) , (create_specification (column_definition (name (id b)) (data_type (signed_type int)))) , (create_specification (column_definition (name (id c)) (data_type (string_type varchar (length ( 20 )))))) , (create_specification (index_definition (index_type_1 (index_or_key key) (index_column_list ( (index_columns (index_column (name (id a))) , (index_column (name (id b))) , (index_column (name (id c)))) ))))) )) (table_creation_option (partition_by partition by (partition_by_what range (skip_parens /__MAXWELL__/)) (partition_definitions ( (skip_parens_inside_partition_definitions /__MAXWELL__/)))))) <EOF>)
[1] 23:43:28,545 DEBUG SchemaChange - SQL_PARSE <- "create table t1 (a int not null,b int not null,c int not null, primary key(a,b)) partition by list (b*a) (partition x1 values in (1) tablespace ts1, partition x2 values in (3, 11, 5, 7) tablespace ts2, partition x3 values in (16, 8, 5+19, 70-43) tablespace ts3)"
[1] 23:43:28,545 DEBUG SchemaChange - rewrote SQL to create table t1 (a int not null,b int not null,c int not null, primary key(a,b)) partition by list /__MAXWELL__/ (partition x1 values in (1) tablespace ts1, partition x2 values in (3, 11, 5, 7) tablespace ts2, partition x3 values in (16, 8, 5+19, 70-43) tablespace ts3)
[1] 23:43:28,545 DEBUG SchemaChange - SQL_PARSE <- "create table t1 (a int not null,b int not null,c int not null, primary key(a,b)) partition by list /__MAXWELL__/ (partition x1 values in (1) tablespace ts1, partition x2 values in (3, 11, 5, 7) tablespace ts2, partition x3 values in (16, 8, 5+19, 70-43) tablespace ts3)"
[1] 23:43:28,546 DEBUG SchemaChange - rewrote SQL to create table t1 (a int not null,b int not null,c int not null, primary key(a,b)) partition by list /__MAXWELL__/ (/__MAXWELL__/
[1] 23:43:28,546 DEBUG SchemaChange - SQL_PARSE <- "create table t1 (a int not null,b int not null,c int not null, primary key(a,b)) partition by list /__MAXWELL__/ (/__MAXWELL__/"
[1] 23:43:28,546 DEBUG SchemaChange - SQL_PARSE ->   (parse (statement (create_table (create_table_preamble create table (table_name (name (id t1)))) (create_specifications ( (create_specification (column_definition (name (id a)) (data_type (signed_type int (column_options (nullability not null)))))) , (create_specification (column_definition (name (id b)) (data_type (signed_type int (column_options (nullability not null)))))) , (create_specification (column_definition (name (id c)) (data_type (signed_type int (column_options (nullability not null)))))) , (create_specification (index_definition (index_type_pk primary key (index_column_list ( (index_columns (index_column (name (id a))) , (index_column (name (id b)))) ))))) )) (table_creation_option (partition_by partition by (partition_by_what list (skip_parens /__MAXWELL__/)) (partition_definitions ( (skip_parens_inside_partition_definitions /__MAXWELL__/)))))) <EOF>)
[1] 23:43:28,546 DEBUG SchemaChange - SQL_PARSE <- "create table t1 (a int not null,b int not null,c int not null,primary key (a,b)) partition by range (a) subpartition by hash (a+b) ( partition x1 values less than (1) ( subpartition x11 tablespace t1, subpartition x12 tablespace t2), partition x2 values less than (5) ( subpartition x21 tablespace t1, subpartition x22 tablespace t2) )"
[1] 23:43:28,546 DEBUG SchemaChange - rewrote SQL to create table t1 (a int not null,b int not null,c int not null,primary key (a,b)) partition by range /__MAXWELL__/ subpartition by hash (a+b) ( partition x1 values less than (1) ( subpartition x11 tablespace t1, subpartition x12 tablespace t2), partition x2 values less than (5) ( subpartition x21 tablespace t1, subpartition x22 tablespace t2) )
[1] 23:43:28,546 DEBUG SchemaChange - SQL_PARSE <- "create table t1 (a int not null,b int not null,c int not null,primary key (a,b)) partition by range /__MAXWELL__/ subpartition by hash (a+b) ( partition x1 values less than (1) ( subpartition x11 tablespace t1, subpartition x12 tablespace t2), partition x2 values less than (5) ( subpartition x21 tablespace t1, subpartition x22 tablespace t2) )"
[1] 23:43:28,546 DEBUG SchemaChange - rewrote SQL to create table t1 (a int not null,b int not null,c int not null,primary key (a,b)) partition by range /__MAXWELL__/ subpartition by hash /__MAXWELL__/ ( partition x1 values less than (1) ( subpartition x11 tablespace t1, subpartition x12 tablespace t2), partition x2 values less than (5) ( subpartition x21 tablespace t1, subpartition x22 tablespace t2) )
[1] 23:43:28,546 DEBUG SchemaChange - SQL_PARSE <- "create table t1 (a int not null,b int not null,c int not null,primary key (a,b)) partition by range /__MAXWELL__/ subpartition by hash /__MAXWELL__/ ( partition x1 values less than (1) ( subpartition x11 tablespace t1, subpartition x12 tablespace t2), partition x2 values less than (5) ( subpartition x21 tablespace t1, subpartition x22 tablespace t2) )"
[1] 23:43:28,547 DEBUG SchemaChange - rewrote SQL to create table t1 (a int not null,b int not null,c int not null,primary key (a,b)) partition by range /__MAXWELL__/ subpartition by hash /__MAXWELL__/ ( /__MAXWELL__/
[1] 23:43:28,547 DEBUG SchemaChange - SQL_PARSE <- "create table t1 (a int not null,b int not null,c int not null,primary key (a,b)) partition by range /__MAXWELL__/ subpartition by hash /__MAXWELL__/ ( /__MAXWELL__/"
[1] 23:43:28,547 DEBUG SchemaChange - SQL_PARSE ->   (parse (statement (create_table (create_table_preamble create table (table_name (name (id t1)))) (create_specifications ( (create_specification (column_definition (name (id a)) (data_type (signed_type int (column_options (nullability not null)))))) , (create_specification (column_definition (name (id b)) (data_type (signed_type int (column_options (nullability not null)))))) , (create_specification (column_definition (name (id c)) (data_type (signed_type int (column_options (nullability not null)))))) , (create_specification (index_definition (index_type_pk primary key (index_column_list ( (index_columns (index_column (name (id a))) , (index_column (name (id b)))) ))))) )) (table_creation_option (partition_by partition by (partition_by_what range (skip_parens /__MAXWELL__/)) (subpartition_by subpartition by (partition_by_what hash (skip_parens /__MAXWELL__/))) (partition_definitions ( (skip_parens_inside_partition_definitions /__MAXWELL__/)))))) <EOF>)
[1] 23:43:28,547 DEBUG SchemaChange - SQL_PARSE <- "create table t1 (a int not null,b int not null,c int not null,primary key (a,b)) partition by range (a) subpartition by hash (a+b) (partition x1 values less than (1) (subpartition x11, subpartition x12), partition x2 values less than (5) (subpartition x21, subpartition x22))"
[1] 23:43:28,547 DEBUG SchemaChange - rewrote SQL to create table t1 (a int not null,b int not null,c int not null,primary key (a,b)) partition by range /__MAXWELL__/ subpartition by hash (a+b) (partition x1 values less than (1) (subpartition x11, subpartition x12), partition x2 values less than (5) (subpartition x21, subpartition x22))
[1] 23:43:28,547 DEBUG SchemaChange - SQL_PARSE <- "create table t1 (a int not null,b int not null,c int not null,primary key (a,b)) partition by range /__MAXWELL__/ subpartition by hash (a+b) (partition x1 values less than (1) (subpartition x11, subpartition x12), partition x2 values less than (5) (subpartition x21, subpartition x22))"
[1] 23:43:28,547 DEBUG SchemaChange - rewrote SQL to create table t1 (a int not null,b int not null,c int not null,primary key (a,b)) partition by range /__MAXWELL__/ subpartition by hash /__MAXWELL__/ (partition x1 values less than (1) (subpartition x11, subpartition x12), partition x2 values less than (5) (subpartition x21, subpartition x22))
[1] 23:43:28,547 DEBUG SchemaChange - SQL_PARSE <- "create table t1 (a int not null,b int not null,c int not null,primary key (a,b)) partition by range /__MAXWELL__/ subpartition by hash /__MAXWELL__/ (partition x1 values less than (1) (subpartition x11, subpartition x12), partition x2 values less than (5) (subpartition x21, subpartition x22))"
[1] 23:43:28,548 DEBUG SchemaChange - rewrote SQL to create table t1 (a int not null,b int not null,c int not null,primary key (a,b)) partition by range /__MAXWELL__/ subpartition by hash /__MAXWELL__/ (/__MAXWELL__/
[1] 23:43:28,548 DEBUG SchemaChange - SQL_PARSE <- "create table t1 (a int not null,b int not null,c int not null,primary key (a,b)) partition by range /__MAXWELL__/ subpartition by hash /__MAXWELL__/ (/__MAXWELL__/"
[1] 23:43:28,548 DEBUG SchemaChange - SQL_PARSE ->   (parse (statement (create_table (create_table_preamble create table (table_name (name (id t1)))) (create_specifications ( (create_specification (column_definition (name (id a)) (data_type (signed_type int (column_options (nullability not null)))))) , (create_specification (column_definition (name (id b)) (data_type (signed_type int (column_options (nullability not null)))))) , (create_specification (column_definition (name (id c)) (data_type (signed_type int (column_options (nullability not null)))))) , (create_specification (index_definition (index_type_pk primary key (index_column_list ( (index_columns (index_column (name (id a))) , (index_column (name (id b)))) ))))) )) (table_creation_option (partition_by partition by (partition_by_what range (skip_parens /__MAXWELL__/)) (subpartition_by subpartition by (partition_by_what hash (skip_parens /__MAXWELL__/))) (partition_definitions ( (skip_parens_inside_partition_definitions /__MAXWELL__/)))))) <EOF>)
[1] 23:43:28,548 DEBUG SchemaChange - SQL_PARSE <- "create table t1 (a int signed) partition by list (a) ( partition p0 values in (1, 3, 5, 7, 9, NULL), partition p1 values in (2, 4, 6, 8, 0))"
[1] 23:43:28,548 DEBUG SchemaChange - rewrote SQL to create table t1 (a int signed) partition by list /__MAXWELL__/ ( partition p0 values in (1, 3, 5, 7, 9, NULL), partition p1 values in (2, 4, 6, 8, 0))
[1] 23:43:28,548 DEBUG SchemaChange - SQL_PARSE <- "create table t1 (a int signed) partition by list /__MAXWELL__/ ( partition p0 values in (1, 3, 5, 7, 9, NULL), partition p1 values in (2, 4, 6, 8, 0))"
[1] 23:43:28,548 DEBUG SchemaChange - rewrote SQL to create table t1 (a int signed) partition by list /__MAXWELL__/ ( /__MAXWELL__/
[1] 23:43:28,548 DEBUG SchemaChange - SQL_PARSE <- "create table t1 (a int signed) partition by list /__MAXWELL__/ ( /__MAXWELL__/"
[1] 23:43:28,549 DEBUG SchemaChange - SQL_PARSE ->   (parse (statement (create_table (create_table_preamble create table (table_name (name (id t1)))) (create_specifications ( (create_specification (column_definition (name (id a)) (data_type (signed_type int (int_flags signed))))) )) (table_creation_option (partition_by partition by (partition_by_what list (skip_parens /__MAXWELL__/)) (partition_definitions ( (skip_parens_inside_partition_definitions /__MAXWELL__/)))))) <EOF>)
[1] 23:43:28,549 DEBUG SchemaChange - SQL_PARSE <- "create table t1 (a int signed) partition by list columns(a) ( partition p0 values in (1, 3, 5, 7, 9, NULL), partition p1 values in (2, 4, 6, 8, 0))"
[1] 23:43:28,549 DEBUG SchemaChange - rewrote SQL to create table t1 (a int signed) partition by list columns/__MAXWELL__/ ( partition p0 values in (1, 3, 5, 7, 9, NULL), partition p1 values in (2, 4, 6, 8, 0))
[1] 23:43:28,549 DEBUG SchemaChange - SQL_PARSE <- "create table t1 (a int signed) partition by list columns/__MAXWELL__/ ( partition p0 values in (1, 3, 5, 7, 9, NULL), partition p1 values in (2, 4, 6, 8, 0))"
[1] 23:43:28,549 DEBUG SchemaChange - rewrote SQL to create table t1 (a int signed) partition by list columns/__MAXWELL__/ ( /__MAXWELL__/
[1] 23:43:28,549 DEBUG SchemaChange - SQL_PARSE <- "create table t1 (a int signed) partition by list columns/__MAXWELL__/ ( /__MAXWELL__/"
[1] 23:43:28,549 DEBUG SchemaChange - SQL_PARSE ->   (parse (statement (create_table (create_table_preamble create table (table_name (name (id t1)))) (create_specifications ( (create_specification (column_definition (name (id a)) (data_type (signed_type int (int_flags signed))))) )) (table_creation_option (partition_by partition by (partition_by_what list columns (skip_parens /__MAXWELL__/)) (partition_definitions ( (skip_parens_inside_partition_definitions /__MAXWELL__/)))))) <EOF>)
[1] 23:43:28,549 DEBUG SchemaChange - SQL_PARSE <- "create table t1 (a int unsigned not null auto_increment primary key) partition by key(a)"
[1] 23:43:28,550 DEBUG SchemaChange - rewrote SQL to create table t1 (a int unsigned not null auto_increment primary key) partition by key/__MAXWELL__/
[1] 23:43:28,550 DEBUG SchemaChange - SQL_PARSE <- "create table t1 (a int unsigned not null auto_increment primary key) partition by key/__MAXWELL__/"
[1] 23:43:28,550 DEBUG SchemaChange - SQL_PARSE ->   (parse (statement (create_table (create_table_preamble create table (table_name (name (id t1)))) (create_specifications ( (create_specification (column_definition (name (id a)) (data_type (signed_type int (int_flags unsigned) (column_options (nullability not null)) (column_options auto_increment) (column_options (primary_key primary key)))))) )) (table_creation_option (partition_by partition by (partition_by_what key (skip_parens /__MAXWELL__/)))))) <EOF>)
[1] 23:43:28,550 DEBUG SchemaChange - SQL_PARSE <- "create table t1 (a int unsigned) partition by hash(a div 2) partitions 4"
[1] 23:43:28,550 DEBUG SchemaChange - rewrote SQL to create table t1 (a int unsigned) partition by hash/__MAXWELL__/ partitions 4
[1] 23:43:28,550 DEBUG SchemaChange - SQL_PARSE <- "create table t1 (a int unsigned) partition by hash/__MAXWELL__/ partitions 4"
[1] 23:43:28,550 DEBUG SchemaChange - SQL_PARSE ->   (parse (statement (create_table (create_table_preamble create table (table_name (name (id t1)))) (create_specifications ( (create_specification (column_definition (name (id a)) (data_type (signed_type int (int_flags unsigned))))) )) (table_creation_option (partition_by partition by (partition_by_what hash (skip_parens /__MAXWELL__/)) (partition_count partitions 4))))) <EOF>)
[1] 23:43:28,550 DEBUG SchemaChange - SQL_PARSE <- "create table t1 (a int unsigned) partition by list (a) (partition p0 values in (0), partition p1 values in (1), partition pnull values in (null), partition p2 values in (2))"
[1] 23:43:28,551 DEBUG SchemaChange - rewrote SQL to create table t1 (a int unsigned) partition by list /__MAXWELL__/ (partition p0 values in (0), partition p1 values in (1), partition pnull values in (null), partition p2 values in (2))
[1] 23:43:28,551 DEBUG SchemaChange - SQL_PARSE <- "create table t1 (a int unsigned) partition by list /__MAXWELL__/ (partition p0 values in (0), partition p1 values in (1), partition pnull values in (null), partition p2 values in (2))"
[1] 23:43:28,551 DEBUG SchemaChange - rewrote SQL to create table t1 (a int unsigned) partition by list /__MAXWELL__/ (/__MAXWELL__/
[1] 23:43:28,551 DEBUG SchemaChange - SQL_PARSE <- "create table t1 (a int unsigned) partition by list /__MAXWELL__/ (/__MAXWELL__/"
[1] 23:43:28,551 DEBUG SchemaChange - SQL_PARSE ->   (parse (statement (create_table (create_table_preamble create table (table_name (name (id t1)))) (create_specifications ( (create_specification (column_definition (name (id a)) (data_type (signed_type int (int_flags unsigned))))) )) (table_creation_option (partition_by partition by (partition_by_what list (skip_parens /__MAXWELL__/)) (partition_definitions ( (skip_parens_inside_partition_definitions /__MAXWELL__/)))))) <EOF>)
[1] 23:43:28,551 DEBUG SchemaChange - SQL_PARSE <- "create table t1 (a int unsigned) partition by range (a) (partition pnull values less than (0), partition p0 values less than (1), partition p1 values less than(2))"
[1] 23:43:28,551 DEBUG SchemaChange - rewrote SQL to create table t1 (a int unsigned) partition by range /__MAXWELL__/ (partition pnull values less than (0), partition p0 values less than (1), partition p1 values less than(2))
[1] 23:43:28,551 DEBUG SchemaChange - SQL_PARSE <- "create table t1 (a int unsigned) partition by range /__MAXWELL__/ (partition pnull values less than (0), partition p0 values less than (1), partition p1 values less than(2))"
[1] 23:43:28,552 DEBUG SchemaChange - rewrote SQL to create table t1 (a int unsigned) partition by range /__MAXWELL__/ (/__MAXWELL__/
[1] 23:43:28,552 DEBUG SchemaChange - SQL_PARSE <- "create table t1 (a int unsigned) partition by range /__MAXWELL__/ (/__MAXWELL__/"
[1] 23:43:28,552 DEBUG SchemaChange - SQL_PARSE ->   (parse (statement (create_table (create_table_preamble create table (table_name (name (id t1)))) (create_specifications ( (create_specification (column_definition (name (id a)) (data_type (signed_type int (int_flags unsigned))))) )) (table_creation_option (partition_by partition by (partition_by_what range (skip_parens /__MAXWELL__/)) (partition_definitions ( (skip_parens_inside_partition_definitions /__MAXWELL__/)))))) <EOF>)
[1] 23:43:28,552 DEBUG SchemaChange - SQL_PARSE <- "create table t1 (a int unsigned, b int unsigned) partition by range (a) subpartition by hash (b) subpartitions 2 (partition pnull values less than (0), partition p0 values less than (1), partition p1 values less than(2))"
[1] 23:43:28,552 DEBUG SchemaChange - rewrote SQL to create table t1 (a int unsigned, b int unsigned) partition by range /__MAXWELL__/ subpartition by hash (b) subpartitions 2 (partition pnull values less than (0), partition p0 values less than (1), partition p1 values less than(2))
[1] 23:43:28,552 DEBUG SchemaChange - SQL_PARSE <- "create table t1 (a int unsigned, b int unsigned) partition by range /__MAXWELL__/ subpartition by hash (b) subpartitions 2 (partition pnull values less than (0), partition p0 values less than (1), partition p1 values less than(2))"
[1] 23:43:28,552 DEBUG SchemaChange - rewrote SQL to create table t1 (a int unsigned, b int unsigned) partition by range /__MAXWELL__/ subpartition by hash /__MAXWELL__/ subpartitions 2 (partition pnull values less than (0), partition p0 values less than (1), partition p1 values less than(2))
[1] 23:43:28,552 DEBUG SchemaChange - SQL_PARSE <- "create table t1 (a int unsigned, b int unsigned) partition by range /__MAXWELL__/ subpartition by hash /__MAXWELL__/ subpartitions 2 (partition pnull values less than (0), partition p0 values less than (1), partition p1 values less than(2))"
[1] 23:43:28,553 DEBUG SchemaChange - rewrote SQL to create table t1 (a int unsigned, b int unsigned) partition by range /__MAXWELL__/ subpartition by hash /__MAXWELL__/ subpartitions 2 (/__MAXWELL__/
[1] 23:43:28,553 DEBUG SchemaChange - SQL_PARSE <- "create table t1 (a int unsigned, b int unsigned) partition by range /__MAXWELL__/ subpartition by hash /__MAXWELL__/ subpartitions 2 (/__MAXWELL__/"
[1] 23:43:28,553 DEBUG SchemaChange - SQL_PARSE ->   (parse (statement (create_table (create_table_preamble create table (table_name (name (id t1)))) (create_specifications ( (create_specification (column_definition (name (id a)) (data_type (signed_type int (int_flags unsigned))))) , (create_specification (column_definition (name (id b)) (data_type (signed_type int (int_flags unsigned))))) )) (table_creation_option (partition_by partition by (partition_by_what range (skip_parens /__MAXWELL__/)) (subpartition_by subpartition by (partition_by_what hash (skip_parens /__MAXWELL__/)) subpartitions 2) (partition_definitions ( (skip_parens_inside_partition_definitions /__MAXWELL__/)))))) <EOF>)
[1] 23:43:28,553 DEBUG SchemaChange - SQL_PARSE <- "create table t1 (a int unsigned, b int) partition by list (a) subpartition by hash (b) subpartitions 2 (partition p0 values in (0), partition p1 values in (1), partition pnull values in (null, 2), partition p3 values in (3))"
[1] 23:43:28,553 DEBUG SchemaChange - rewrote SQL to create table t1 (a int unsigned, b int) partition by list /__MAXWELL__/ subpartition by hash (b) subpartitions 2 (partition p0 values in (0), partition p1 values in (1), partition pnull values in (null, 2), partition p3 values in (3))
[1] 23:43:28,553 DEBUG SchemaChange - SQL_PARSE <- "create table t1 (a int unsigned, b int) partition by list /__MAXWELL__/ subpartition by hash (b) subpartitions 2 (partition p0 values in (0), partition p1 values in (1), partition pnull values in (null, 2), partition p3 values in (3))"
[1] 23:43:28,553 DEBUG SchemaChange - rewrote SQL to create table t1 (a int unsigned, b int) partition by list /__MAXWELL__/ subpartition by hash /__MAXWELL__/ subpartitions 2 (partition p0 values in (0), partition p1 values in (1), partition pnull values in (null, 2), partition p3 values in (3))
[1] 23:43:28,553 DEBUG SchemaChange - SQL_PARSE <- "create table t1 (a int unsigned, b int) partition by list /__MAXWELL__/ subpartition by hash /__MAXWELL__/ subpartitions 2 (partition p0 values in (0), partition p1 values in (1), partition pnull values in (null, 2), partition p3 values in (3))"
[1] 23:43:28,553 DEBUG SchemaChange - rewrote SQL to create table t1 (a int unsigned, b int) partition by list /__MAXWELL__/ subpartition by hash /__MAXWELL__/ subpartitions 2 (/__MAXWELL__/
[1] 23:43:28,553 DEBUG SchemaChange - SQL_PARSE <- "create table t1 (a int unsigned, b int) partition by list /__MAXWELL__/ subpartition by hash /__MAXWELL__/ subpartitions 2 (/__MAXWELL__/"
[1] 23:43:28,554 DEBUG SchemaChange - SQL_PARSE ->   (parse (statement (create_table (create_table_preamble create table (table_name (name (id t1)))) (create_specifications ( (create_specification (column_definition (name (id a)) (data_type (signed_type int (int_flags unsigned))))) , (create_specification (column_definition (name (id b)) (data_type (signed_type int)))) )) (table_creation_option (partition_by partition by (partition_by_what list (skip_parens /__MAXWELL__/)) (subpartition_by subpartition by (partition_by_what hash (skip_parens /__MAXWELL__/)) subpartitions 2) (partition_definitions ( (skip_parens_inside_partition_definitions /__MAXWELL__/)))))) <EOF>)
[1] 23:43:28,554 DEBUG SchemaChange - SQL_PARSE <- "create table t1 (a int) engine = innodb partition by key (a)"
[1] 23:43:28,554 DEBUG SchemaChange - rewrote SQL to create table t1 (a int) engine = innodb partition by key /__MAXWELL__/
[1] 23:43:28,554 DEBUG SchemaChange - SQL_PARSE <- "create table t1 (a int) engine = innodb partition by key /__MAXWELL__/"
[1] 23:43:28,554 DEBUG SchemaChange - SQL_PARSE ->   (parse (statement (create_table (create_table_preamble create table (table_name (name (id t1)))) (create_specifications ( (create_specification (column_definition (name (id a)) (data_type (signed_type int)))) )) (table_creation_option (creation_engine engine = (id innodb))) (table_creation_option (partition_by partition by (partition_by_what key (skip_parens /__MAXWELL__/)))))) <EOF>)
[1] 23:43:28,554 DEBUG SchemaChange - SQL_PARSE <- "create table t1 (a int) engine = innodb partition by list (a) (partition p0 values in (0))"
[1] 23:43:28,554 DEBUG SchemaChange - rewrote SQL to create table t1 (a int) engine = innodb partition by list /__MAXWELL__/ (partition p0 values in (0))
[1] 23:43:28,554 DEBUG SchemaChange - SQL_PARSE <- "create table t1 (a int) engine = innodb partition by list /__MAXWELL__/ (partition p0 values in (0))"
[1] 23:43:28,554 DEBUG SchemaChange - rewrote SQL to create table t1 (a int) engine = innodb partition by list /__MAXWELL__/ (/__MAXWELL__/
[1] 23:43:28,554 DEBUG SchemaChange - SQL_PARSE <- "create table t1 (a int) engine = innodb partition by list /__MAXWELL__/ (/__MAXWELL__/"
[1] 23:43:28,555 DEBUG SchemaChange - SQL_PARSE ->   (parse (statement (create_table (create_table_preamble create table (table_name (name (id t1)))) (create_specifications ( (create_specification (column_definition (name (id a)) (data_type (signed_type int)))) )) (table_creation_option (creation_engine engine = (id innodb))) (table_creation_option (partition_by partition by (partition_by_what list (skip_parens /__MAXWELL__/)) (partition_definitions ( (skip_parens_inside_partition_definitions /__MAXWELL__/)))))) <EOF>)
[1] 23:43:28,555 DEBUG SchemaChange - SQL_PARSE <- "create table t1 (a int) engine myisam partition by range (a) subpartition by hash (a) (partition p0 VALUES LESS THAN (1) DATA DIRECTORY = '/Users/ben/src/mysql-server/mysql-test/var/tmp' INDEX DIRECTORY = '/Users/ben/src/mysql-server/mysql-test/var/tmp' (SUBPARTITION subpart00, SUBPARTITION subpart01))"
[1] 23:43:28,555 DEBUG SchemaChange - rewrote SQL to create table t1 (a int) engine myisam partition by range /__MAXWELL__/ subpartition by hash (a) (partition p0 VALUES LESS THAN (1) DATA DIRECTORY = '/Users/ben/src/mysql-server/mysql-test/var/tmp' INDEX DIRECTORY = '/Users/ben/src/mysql-server/mysql-test/var/tmp' (SUBPARTITION subpart00, SUBPARTITION subpart01))
[1] 23:43:28,555 DEBUG SchemaChange - SQL_PARSE <- "create table t1 (a int) engine myisam partition by range /__MAXWELL__/ subpartition by hash (a) (partition p0 VALUES LESS THAN (1) DATA DIRECTORY = '/Users/ben/src/mysql-server/mysql-test/var/tmp' INDEX DIRECTORY = '/Users/ben/src/mysql-server/mysql-test/var/tmp' (SUBPARTITION subpart00, SUBPARTITION subpart01))"
[1] 23:43:28,555 DEBUG SchemaChange - rewrote SQL to create table t1 (a int) engine myisam partition by range /__MAXWELL__/ subpartition by hash /__MAXWELL__/ (partition p0 VALUES LESS THAN (1) DATA DIRECTORY = '/Users/ben/src/mysql-server/mysql-test/var/tmp' INDEX DIRECTORY = '/Users/ben/src/mysql-server/mysql-test/var/tmp' (SUBPARTITION subpart00, SUBPARTITION subpart01))
[1] 23:43:28,555 DEBUG SchemaChange - SQL_PARSE <- "create table t1 (a int) engine myisam partition by range /__MAXWELL__/ subpartition by hash /__MAXWELL__/ (partition p0 VALUES LESS THAN (1) DATA DIRECTORY = '/Users/ben/src/mysql-server/mysql-test/var/tmp' INDEX DIRECTORY = '/Users/ben/src/mysql-server/mysql-test/var/tmp' (SUBPARTITION subpart00, SUBPARTITION subpart01))"
[1] 23:43:28,555 DEBUG SchemaChange - rewrote SQL to create table t1 (a int) engine myisam partition by range /__MAXWELL__/ subpartition by hash /__MAXWELL__/ (/__MAXWELL__/
[1] 23:43:28,555 DEBUG SchemaChange - SQL_PARSE <- "create table t1 (a int) engine myisam partition by range /__MAXWELL__/ subpartition by hash /__MAXWELL__/ (/__MAXWELL__/"
[1] 23:43:28,556 DEBUG SchemaChange - SQL_PARSE ->   (parse (statement (create_table (create_table_preamble create table (table_name (name (id t1)))) (create_specifications ( (create_specification (column_definition (name (id a)) (data_type (signed_type int)))) )) (table_creation_option (creation_engine engine (id myisam))) (table_creation_option (partition_by partition by (partition_by_what range (skip_parens /__MAXWELL__/)) (subpartition_by subpartition by (partition_by_what hash (skip_parens /__MAXWELL__/))) (partition_definitions ( (skip_parens_inside_partition_definitions /__MAXWELL__/)))))) <EOF>)
[1] 23:43:28,556 DEBUG SchemaChange - SQL_PARSE <- "create table t1 (a int) engine=MEMORY partition by key (a)"
[1] 23:43:28,556 DEBUG SchemaChange - rewrote SQL to create table t1 (a int) engine=MEMORY partition by key /__MAXWELL__/
[1] 23:43:28,556 DEBUG SchemaChange - SQL_PARSE <- "create table t1 (a int) engine=MEMORY partition by key /__MAXWELL__/"
[1] 23:43:28,556 DEBUG SchemaChange - SQL_PARSE ->   (parse (statement (create_table (create_table_preamble create table (table_name (name (id t1)))) (create_specifications ( (create_specification (column_definition (name (id a)) (data_type (signed_type int)))) )) (table_creation_option (creation_engine engine = MEMORY)) (table_creation_option (partition_by partition by (partition_by_what key (skip_parens /__MAXWELL__/)))))) <EOF>)
[1] 23:43:28,556 DEBUG SchemaChange - SQL_PARSE <- "create table t1 (a int) engine=archive partition by hash(a)"
[1] 23:43:28,556 DEBUG SchemaChange - rewrote SQL to create table t1 (a int) engine=archive partition by hash/__MAXWELL__/
[1] 23:43:28,556 DEBUG SchemaChange - SQL_PARSE <- "create table t1 (a int) engine=archive partition by hash/__MAXWELL__/"
[1] 23:43:28,556 DEBUG SchemaChange - SQL_PARSE ->   (parse (statement (create_table (create_table_preamble create table (table_name (name (id t1)))) (create_specifications ( (create_specification (column_definition (name (id a)) (data_type (signed_type int)))) )) (table_creation_option (creation_engine engine = (id archive))) (table_creation_option (partition_by partition by (partition_by_what hash (skip_parens /__MAXWELL__/)))))) <EOF>)
[1] 23:43:28,556 DEBUG SchemaChange - SQL_PARSE <- "create table t1 (a int) engine=innodb partition by hash(a)"
[1] 23:43:28,556 DEBUG SchemaChange - rewrote SQL to create table t1 (a int) engine=innodb partition by hash/__MAXWELL__/
[1] 23:43:28,556 DEBUG SchemaChange - SQL_PARSE <- "create table t1 (a int) engine=innodb partition by hash/__MAXWELL__/"
[1] 23:43:28,557 DEBUG SchemaChange - SQL_PARSE ->   (parse (statement (create_table (create_table_preamble create table (table_name (name (id t1)))) (create_specifications ( (create_specification (column_definition (name (id a)) (data_type (signed_type int)))) )) (table_creation_option (creation_engine engine = (id innodb))) (table_creation_option (partition_by partition by (partition_by_what hash (skip_parens /__MAXWELL__/)))))) <EOF>)
[1] 23:43:28,557 DEBUG SchemaChange - SQL_PARSE <- "create table t1 (a int) engine=memory partition by key(a)"
[1] 23:43:28,557 DEBUG SchemaChange - rewrote SQL to create table t1 (a int) engine=memory partition by key/__MAXWELL__/
[1] 23:43:28,557 DEBUG SchemaChange - SQL_PARSE <- "create table t1 (a int) engine=memory partition by key/__MAXWELL__/"
[1] 23:43:28,557 DEBUG SchemaChange - SQL_PARSE ->   (parse (statement (create_table (create_table_preamble create table (table_name (name (id t1)))) (create_specifications ( (create_specification (column_definition (name (id a)) (data_type (signed_type int)))) )) (table_creation_option (creation_engine engine = memory)) (table_creation_option (partition_by partition by (partition_by_what key (skip_parens /__MAXWELL__/)))))) <EOF>)
[1] 23:43:28,557 DEBUG SchemaChange - SQL_PARSE <- "create table t1 (a int) engine=myisam partition by key(a) partitions 2 (partition p0 engine=myisam, partition p1 engine=myisam)"
[1] 23:43:28,557 DEBUG SchemaChange - rewrote SQL to create table t1 (a int) engine=myisam partition by key/__MAXWELL__/ partitions 2 (partition p0 engine=myisam, partition p1 engine=myisam)
[1] 23:43:28,557 DEBUG SchemaChange - SQL_PARSE <- "create table t1 (a int) engine=myisam partition by key/__MAXWELL__/ partitions 2 (partition p0 engine=myisam, partition p1 engine=myisam)"
[1] 23:43:28,557 DEBUG SchemaChange - rewrote SQL to create table t1 (a int) engine=myisam partition by key/__MAXWELL__/ partitions 2 (/__MAXWELL__/
[1] 23:43:28,558 DEBUG SchemaChange - SQL_PARSE <- "create table t1 (a int) engine=myisam partition by key/__MAXWELL__/ partitions 2 (/__MAXWELL__/"
[1] 23:43:28,558 DEBUG SchemaChange - SQL_PARSE ->   (parse (statement (create_table (create_table_preamble create table (table_name (name (id t1)))) (create_specifications ( (create_specification (column_definition (name (id a)) (data_type (signed_type int)))) )) (table_creation_option (creation_engine engine = (id myisam))) (table_creation_option (partition_by partition by (partition_by_what key (skip_parens /__MAXWELL__/)) (partition_count partitions 2) (partition_definitions ( (skip_parens_inside_partition_definitions /__MAXWELL__/)))))) <EOF>)
[1] 23:43:28,558 DEBUG SchemaChange - SQL_PARSE <- "create table t1 (a int) partition by LIST(a) ( partition pn values in (NULL), partition p0 values in (0), partition p1 values in (1), partition p2 values in (2) )"
[1] 23:43:28,558 DEBUG SchemaChange - rewrote SQL to create table t1 (a int) partition by LIST/__MAXWELL__/ ( partition pn values in (NULL), partition p0 values in (0), partition p1 values in (1), partition p2 values in (2) )
[1] 23:43:28,558 DEBUG SchemaChange - SQL_PARSE <- "create table t1 (a int) partition by LIST/__MAXWELL__/ ( partition pn values in (NULL), partition p0 values in (0), partition p1 values in (1), partition p2 values in (2) )"
[1] 23:43:28,558 DEBUG SchemaChange - rewrote SQL to create table t1 (a int) partition by LIST/__MAXWELL__/ ( /__MAXWELL__/
[1] 23:43:28,558 DEBUG SchemaChange - SQL_PARSE <- "create table t1 (a int) partition by LIST/__MAXWELL__/ ( /__MAXWELL__/"
[1] 23:43:28,558 DEBUG SchemaChange - SQL_PARSE ->   (parse (statement (create_table (create_table_preamble create table (table_name (name (id t1)))) (create_specifications ( (create_specification (column_definition (name (id a)) (data_type (signed_type int)))) )) (table_creation_option (partition_by partition by (partition_by_what LIST (skip_parens /__MAXWELL__/)) (partition_definitions ( (skip_parens_inside_partition_definitions /__MAXWELL__/)))))) <EOF>)
[1] 23:43:28,558 DEBUG SchemaChange - SQL_PARSE <- "create table t1 (a int) partition by hash (a)"
[1] 23:43:28,558 DEBUG SchemaChange - rewrote SQL to create table t1 (a int) partition by hash /__MAXWELL__/
[1] 23:43:28,558 DEBUG SchemaChange - SQL_PARSE <- "create table t1 (a int) partition by hash /__MAXWELL__/"
[1] 23:43:28,559 DEBUG SchemaChange - SQL_PARSE ->   (parse (statement (create_table (create_table_preamble create table (table_name (name (id t1)))) (create_specifications ( (create_specification (column_definition (name (id a)) (data_type (signed_type int)))) )) (table_creation_option (partition_by partition by (partition_by_what hash (skip_parens /__MAXWELL__/)))))) <EOF>)
[1] 23:43:28,559 DEBUG SchemaChange - SQL_PARSE <- "create table t1 (a int) partition by hash (a) (partition p0)"
[1] 23:43:28,559 DEBUG SchemaChange - rewrote SQL to create table t1 (a int) partition by hash /__MAXWELL__/ (partition p0)
[1] 23:43:28,559 DEBUG SchemaChange - SQL_PARSE <- "create table t1 (a int) partition by hash /__MAXWELL__/ (partition p0)"
[1] 23:43:28,559 DEBUG SchemaChange - rewrote SQL to create table t1 (a int) partition by hash /__MAXWELL__/ (/__MAXWELL__/
[1] 23:43:28,559 DEBUG SchemaChange - SQL_PARSE <- "create table t1 (a int) partition by hash /__MAXWELL__/ (/__MAXWELL__/"
[1] 23:43:28,559 DEBUG SchemaChange - SQL_PARSE ->   (parse (statement (create_table (create_table_preamble create table (table_name (name (id t1)))) (create_specifications ( (create_specification (column_definition (name (id a)) (data_type (signed_type int)))) )) (table_creation_option (partition_by partition by (partition_by_what hash (skip_parens /__MAXWELL__/)) (partition_definitions ( (skip_parens_inside_partition_definitions /__MAXWELL__/)))))) <EOF>)
[1] 23:43:28,559 DEBUG SchemaChange - SQL_PARSE <- "create table t1 (a int) partition by hash(a) partitions 2"
[1] 23:43:28,559 DEBUG SchemaChange - rewrote SQL to create table t1 (a int) partition by hash/__MAXWELL__/ partitions 2
[1] 23:43:28,559 DEBUG SchemaChange - SQL_PARSE <- "create table t1 (a int) partition by hash/__MAXWELL__/ partitions 2"
[1] 23:43:28,559 DEBUG SchemaChange - SQL_PARSE ->   (parse (statement (create_table (create_table_preamble create table (table_name (name (id t1)))) (create_specifications ( (create_specification (column_definition (name (id a)) (data_type (signed_type int)))) )) (table_creation_option (partition_by partition by (partition_by_what hash (skip_parens /__MAXWELL__/)) (partition_count partitions 2))))) <EOF>)
[1] 23:43:28,559 DEBUG SchemaChange - SQL_PARSE <- "create table t1 (a int) partition by hash(a) partitions 20"
[1] 23:43:28,560 DEBUG SchemaChange - rewrote SQL to create table t1 (a int) partition by hash/__MAXWELL__/ partitions 20
[1] 23:43:28,560 DEBUG SchemaChange - SQL_PARSE <- "create table t1 (a int) partition by hash/__MAXWELL__/ partitions 20"
[1] 23:43:28,560 DEBUG SchemaChange - SQL_PARSE ->   (parse (statement (create_table (create_table_preamble create table (table_name (name (id t1)))) (create_specifications ( (create_specification (column_definition (name (id a)) (data_type (signed_type int)))) )) (table_creation_option (partition_by partition by (partition_by_what hash (skip_parens /__MAXWELL__/)) (partition_count partitions 20))))) <EOF>)
[1] 23:43:28,560 DEBUG SchemaChange - SQL_PARSE <- "create table t1 (a int) partition by hash(a) partitions 3"
[1] 23:43:28,560 DEBUG SchemaChange - rewrote SQL to create table t1 (a int) partition by hash/__MAXWELL__/ partitions 3
[1] 23:43:28,560 DEBUG SchemaChange - SQL_PARSE <- "create table t1 (a int) partition by hash/__MAXWELL__/ partitions 3"
[1] 23:43:28,560 DEBUG SchemaChange - SQL_PARSE ->   (parse (statement (create_table (create_table_preamble create table (table_name (name (id t1)))) (create_specifications ( (create_specification (column_definition (name (id a)) (data_type (signed_type int)))) )) (table_creation_option (partition_by partition by (partition_by_what hash (skip_parens /__MAXWELL__/)) (partition_count partitions 3))))) <EOF>)
[1] 23:43:28,560 DEBUG SchemaChange - SQL_PARSE <- "create table t1 (a int) partition by key (a)"
[1] 23:43:28,560 DEBUG SchemaChange - rewrote SQL to create table t1 (a int) partition by key /__MAXWELL__/
[1] 23:43:28,560 DEBUG SchemaChange - SQL_PARSE <- "create table t1 (a int) partition by key /__MAXWELL__/"
[1] 23:43:28,560 DEBUG SchemaChange - SQL_PARSE ->   (parse (statement (create_table (create_table_preamble create table (table_name (name (id t1)))) (create_specifications ( (create_specification (column_definition (name (id a)) (data_type (signed_type int)))) )) (table_creation_option (partition_by partition by (partition_by_what key (skip_parens /__MAXWELL__/)))))) <EOF>)
[1] 23:43:28,560 DEBUG SchemaChange - SQL_PARSE <- "create table t1 (a int) partition by key (a) (partition p1 engine = innodb)"
[1] 23:43:28,561 DEBUG SchemaChange - rewrote SQL to create table t1 (a int) partition by key /__MAXWELL__/ (partition p1 engine = innodb)
[1] 23:43:28,561 DEBUG SchemaChange - SQL_PARSE <- "create table t1 (a int) partition by key /__MAXWELL__/ (partition p1 engine = innodb)"
[1] 23:43:28,561 DEBUG SchemaChange - rewrote SQL to create table t1 (a int) partition by key /__MAXWELL__/ (/__MAXWELL__/
[1] 23:43:28,561 DEBUG SchemaChange - SQL_PARSE <- "create table t1 (a int) partition by key /__MAXWELL__/ (/__MAXWELL__/"
[1] 23:43:28,561 DEBUG SchemaChange - SQL_PARSE ->   (parse (statement (create_table (create_table_preamble create table (table_name (name (id t1)))) (create_specifications ( (create_specification (column_definition (name (id a)) (data_type (signed_type int)))) )) (table_creation_option (partition_by partition by (partition_by_what key (skip_parens /__MAXWELL__/)) (partition_definitions ( (skip_parens_inside_partition_definitions /__MAXWELL__/)))))) <EOF>)
[1] 23:43:28,561 DEBUG SchemaChange - SQL_PARSE <- "create table t1 (a int) partition by key(a) (partition p0 engine = MEMORY)"
[1] 23:43:28,561 DEBUG SchemaChange - rewrote SQL to create table t1 (a int) partition by key/__MAXWELL__/ (partition p0 engine = MEMORY)
[1] 23:43:28,561 DEBUG SchemaChange - SQL_PARSE <- "create table t1 (a int) partition by key/__MAXWELL__/ (partition p0 engine = MEMORY)"
[1] 23:43:28,561 DEBUG SchemaChange - rewrote SQL to create table t1 (a int) partition by key/__MAXWELL__/ (/__MAXWELL__/
[1] 23:43:28,561 DEBUG SchemaChange - SQL_PARSE <- "create table t1 (a int) partition by key/__MAXWELL__/ (/__MAXWELL__/"
[1] 23:43:28,561 DEBUG SchemaChange - SQL_PARSE ->   (parse (statement (create_table (create_table_preamble create table (table_name (name (id t1)))) (create_specifications ( (create_specification (column_definition (name (id a)) (data_type (signed_type int)))) )) (table_creation_option (partition_by partition by (partition_by_what key (skip_parens /__MAXWELL__/)) (partition_definitions ( (skip_parens_inside_partition_definitions /__MAXWELL__/)))))) <EOF>)
[1] 23:43:28,562 DEBUG SchemaChange - SQL_PARSE <- "create table t1 (a int) partition by key(a) partitions 2 (partition p0 engine=myisam, partition p1 engine=myisam)"
[1] 23:43:28,562 DEBUG SchemaChange - rewrote SQL to create table t1 (a int) partition by key/__MAXWELL__/ partitions 2 (partition p0 engine=myisam, partition p1 engine=myisam)
[1] 23:43:28,562 DEBUG SchemaChange - SQL_PARSE <- "create table t1 (a int) partition by key/__MAXWELL__/ partitions 2 (partition p0 engine=myisam, partition p1 engine=myisam)"
[1] 23:43:28,562 DEBUG SchemaChange - rewrote SQL to create table t1 (a int) partition by key/__MAXWELL__/ partitions 2 (/__MAXWELL__/
[1] 23:43:28,562 DEBUG SchemaChange - SQL_PARSE <- "create table t1 (a int) partition by key/__MAXWELL__/ partitions 2 (/__MAXWELL__/"
[1] 23:43:28,562 DEBUG SchemaChange - SQL_PARSE ->   (parse (statement (create_table (create_table_preamble create table (table_name (name (id t1)))) (create_specifications ( (create_specification (column_definition (name (id a)) (data_type (signed_type int)))) )) (table_creation_option (partition_by partition by (partition_by_what key (skip_parens /__MAXWELL__/)) (partition_count partitions 2) (partition_definitions ( (skip_parens_inside_partition_definitions /__MAXWELL__/)))))) <EOF>)
[1] 23:43:28,562 DEBUG SchemaChange - SQL_PARSE <- "create table t1 (a int) partition by list (a) ( partition p0 values in (2, 1), partition p1 values in (4, NULL, 3))"
[1] 23:43:28,562 DEBUG SchemaChange - rewrote SQL to create table t1 (a int) partition by list /__MAXWELL__/ ( partition p0 values in (2, 1), partition p1 values in (4, NULL, 3))
[1] 23:43:28,562 DEBUG SchemaChange - SQL_PARSE <- "create table t1 (a int) partition by list /__MAXWELL__/ ( partition p0 values in (2, 1), partition p1 values in (4, NULL, 3))"
[1] 23:43:28,562 DEBUG SchemaChange - rewrote SQL to create table t1 (a int) partition by list /__MAXWELL__/ ( /__MAXWELL__/
[1] 23:43:28,562 DEBUG SchemaChange - SQL_PARSE <- "create table t1 (a int) partition by list /__MAXWELL__/ ( /__MAXWELL__/"
[1] 23:43:28,563 DEBUG SchemaChange - SQL_PARSE ->   (parse (statement (create_table (create_table_preamble create table (table_name (name (id t1)))) (create_specifications ( (create_specification (column_definition (name (id a)) (data_type (signed_type int)))) )) (table_creation_option (partition_by partition by (partition_by_what list (skip_parens /__MAXWELL__/)) (partition_definitions ( (skip_parens_inside_partition_definitions /__MAXWELL__/)))))) <EOF>)
[1] 23:43:28,563 DEBUG SchemaChange - SQL_PARSE <- "create table t1 (a int) partition by list (a) (partition `7` values in (0))"
[1] 23:43:28,563 DEBUG SchemaChange - rewrote SQL to create table t1 (a int) partition by list /__MAXWELL__/ (partition `7` values in (0))
[1] 23:43:28,563 DEBUG SchemaChange - SQL_PARSE <- "create table t1 (a int) partition by list /__MAXWELL__/ (partition `7` values in (0))"
[1] 23:43:28,563 DEBUG SchemaChange - rewrote SQL to create table t1 (a int) partition by list /__MAXWELL__/ (/__MAXWELL__/
[1] 23:43:28,563 DEBUG SchemaChange - SQL_PARSE <- "create table t1 (a int) partition by list /__MAXWELL__/ (/__MAXWELL__/"
[1] 23:43:28,563 DEBUG SchemaChange - SQL_PARSE ->   (parse (statement (create_table (create_table_preamble create table (table_name (name (id t1)))) (create_specifications ( (create_specification (column_definition (name (id a)) (data_type (signed_type int)))) )) (table_creation_option (partition_by partition by (partition_by_what list (skip_parens /__MAXWELL__/)) (partition_definitions ( (skip_parens_inside_partition_definitions /__MAXWELL__/)))))) <EOF>)
[1] 23:43:28,563 DEBUG SchemaChange - SQL_PARSE <- "create table t1 (a int) partition by list (a) (partition `s1 s2` values in (0))"
[1] 23:43:28,563 DEBUG SchemaChange - rewrote SQL to create table t1 (a int) partition by list /__MAXWELL__/ (partition `s1 s2` values in (0))
[1] 23:43:28,563 DEBUG SchemaChange - SQL_PARSE <- "create table t1 (a int) partition by list /__MAXWELL__/ (partition `s1 s2` values in (0))"
[1] 23:43:28,563 DEBUG SchemaChange - rewrote SQL to create table t1 (a int) partition by list /__MAXWELL__/ (/__MAXWELL__/
[1] 23:43:28,563 DEBUG SchemaChange - SQL_PARSE <- "create table t1 (a int) partition by list /__MAXWELL__/ (/__MAXWELL__/"
[1] 23:43:28,564 DEBUG SchemaChange - SQL_PARSE ->   (parse (statement (create_table (create_table_preamble create table (table_name (name (id t1)))) (create_specifications ( (create_specification (column_definition (name (id a)) (data_type (signed_type int)))) )) (table_creation_option (partition_by partition by (partition_by_what list (skip_parens /__MAXWELL__/)) (partition_definitions ( (skip_parens_inside_partition_definitions /__MAXWELL__/)))))) <EOF>)
[1] 23:43:28,564 DEBUG SchemaChange - SQL_PARSE <- "create table t1 (a int) partition by list (a) (partition p0 values in (0))"
[1] 23:43:28,564 DEBUG SchemaChange - rewrote SQL to create table t1 (a int) partition by list /__MAXWELL__/ (partition p0 values in (0))
[1] 23:43:28,564 DEBUG SchemaChange - SQL_PARSE <- "create table t1 (a int) partition by list /__MAXWELL__/ (partition p0 values in (0))"
[1] 23:43:28,564 DEBUG SchemaChange - rewrote SQL to create table t1 (a int) partition by list /__MAXWELL__/ (/__MAXWELL__/
[1] 23:43:28,564 DEBUG SchemaChange - SQL_PARSE <- "create table t1 (a int) partition by list /__MAXWELL__/ (/__MAXWELL__/"
[1] 23:43:28,564 DEBUG SchemaChange - SQL_PARSE ->   (parse (statement (create_table (create_table_preamble create table (table_name (name (id t1)))) (create_specifications ( (create_specification (column_definition (name (id a)) (data_type (signed_type int)))) )) (table_creation_option (partition_by partition by (partition_by_what list (skip_parens /__MAXWELL__/)) (partition_definitions ( (skip_parens_inside_partition_definitions /__MAXWELL__/)))))) <EOF>)
[1] 23:43:28,564 DEBUG SchemaChange - SQL_PARSE <- "create table t1 (a int) partition by list (a) (partition p0 values in (1))"
[1] 23:43:28,564 DEBUG SchemaChange - rewrote SQL to create table t1 (a int) partition by list /__MAXWELL__/ (partition p0 values in (1))
[1] 23:43:28,564 DEBUG SchemaChange - SQL_PARSE <- "create table t1 (a int) partition by list /__MAXWELL__/ (partition p0 values in (1))"
[1] 23:43:28,564 DEBUG SchemaChange - rewrote SQL to create table t1 (a int) partition by list /__MAXWELL__/ (/__MAXWELL__/
[1] 23:43:28,564 DEBUG SchemaChange - SQL_PARSE <- "create table t1 (a int) partition by list /__MAXWELL__/ (/__MAXWELL__/"
[1] 23:43:28,565 DEBUG SchemaChange - SQL_PARSE ->   (parse (statement (create_table (create_table_preamble create table (table_name (name (id t1)))) (create_specifications ( (create_specification (column_definition (name (id a)) (data_type (signed_type int)))) )) (table_creation_option (partition_by partition by (partition_by_what list (skip_parens /__MAXWELL__/)) (partition_definitions ( (skip_parens_inside_partition_definitions /__MAXWELL__/)))))) <EOF>)
[1] 23:43:28,565 DEBUG SchemaChange - SQL_PARSE <- "create table t1 (a int) partition by list (a) (partition p0 values in (5))"
[1] 23:43:28,565 DEBUG SchemaChange - rewrote SQL to create table t1 (a int) partition by list /__MAXWELL__/ (partition p0 values in (5))
[1] 23:43:28,565 DEBUG SchemaChange - SQL_PARSE <- "create table t1 (a int) partition by list /__MAXWELL__/ (partition p0 values in (5))"
[1] 23:43:28,565 DEBUG SchemaChange - rewrote SQL to create table t1 (a int) partition by list /__MAXWELL__/ (/__MAXWELL__/
[1] 23:43:28,565 DEBUG SchemaChange - SQL_PARSE <- "create table t1 (a int) partition by list /__MAXWELL__/ (/__MAXWELL__/"
[1] 23:43:28,565 DEBUG SchemaChange - SQL_PARSE ->   (parse (statement (create_table (create_table_preamble create table (table_name (name (id t1)))) (create_specifications ( (create_specification (column_definition (name (id a)) (data_type (signed_type int)))) )) (table_creation_option (partition_by partition by (partition_by_what list (skip_parens /__MAXWELL__/)) (partition_definitions ( (skip_parens_inside_partition_definitions /__MAXWELL__/)))))) <EOF>)
[1] 23:43:28,565 DEBUG SchemaChange - SQL_PARSE <- "create table t1 (a int) partition by list (a) (partition p1 values in (0))"
[1] 23:43:28,565 DEBUG SchemaChange - rewrote SQL to create table t1 (a int) partition by list /__MAXWELL__/ (partition p1 values in (0))
[1] 23:43:28,565 DEBUG SchemaChange - SQL_PARSE <- "create table t1 (a int) partition by list /__MAXWELL__/ (partition p1 values in (0))"
[1] 23:43:28,565 DEBUG SchemaChange - rewrote SQL to create table t1 (a int) partition by list /__MAXWELL__/ (/__MAXWELL__/
[1] 23:43:28,565 DEBUG SchemaChange - SQL_PARSE <- "create table t1 (a int) partition by list /__MAXWELL__/ (/__MAXWELL__/"
[1] 23:43:28,566 DEBUG SchemaChange - SQL_PARSE ->   (parse (statement (create_table (create_table_preamble create table (table_name (name (id t1)))) (create_specifications ( (create_specification (column_definition (name (id a)) (data_type (signed_type int)))) )) (table_creation_option (partition_by partition by (partition_by_what list (skip_parens /__MAXWELL__/)) (partition_definitions ( (skip_parens_inside_partition_definitions /__MAXWELL__/)))))) <EOF>)
[1] 23:43:28,566 DEBUG SchemaChange - SQL_PARSE <- "create table t1 (a int) partition by list (a) (partition p1 values in (1), partition p2 values in (2), partition p3 values in (3))"
[1] 23:43:28,566 DEBUG SchemaChange - rewrote SQL to create table t1 (a int) partition by list /__MAXWELL__/ (partition p1 values in (1), partition p2 values in (2), partition p3 values in (3))
[1] 23:43:28,566 DEBUG SchemaChange - SQL_PARSE <- "create table t1 (a int) partition by list /__MAXWELL__/ (partition p1 values in (1), partition p2 values in (2), partition p3 values in (3))"
[1] 23:43:28,566 DEBUG SchemaChange - rewrote SQL to create table t1 (a int) partition by list /__MAXWELL__/ (/__MAXWELL__/
[1] 23:43:28,566 DEBUG SchemaChange - SQL_PARSE <- "create table t1 (a int) partition by list /__MAXWELL__/ (/__MAXWELL__/"
[1] 23:43:28,566 DEBUG SchemaChange - SQL_PARSE ->   (parse (statement (create_table (create_table_preamble create table (table_name (name (id t1)))) (create_specifications ( (create_specification (column_definition (name (id a)) (data_type (signed_type int)))) )) (table_creation_option (partition_by partition by (partition_by_what list (skip_parens /__MAXWELL__/)) (partition_definitions ( (skip_parens_inside_partition_definitions /__MAXWELL__/)))))) <EOF>)
[1] 23:43:28,566 DEBUG SchemaChange - SQL_PARSE <- "create table t1 (a int) partition by list (a) subpartition by hash (a) (partition p11 values in (1,2), partition p12 values in (3,4))"
[1] 23:43:28,566 DEBUG SchemaChange - rewrote SQL to create table t1 (a int) partition by list /__MAXWELL__/ subpartition by hash (a) (partition p11 values in (1,2), partition p12 values in (3,4))
[1] 23:43:28,566 DEBUG SchemaChange - SQL_PARSE <- "create table t1 (a int) partition by list /__MAXWELL__/ subpartition by hash (a) (partition p11 values in (1,2), partition p12 values in (3,4))"
[1] 23:43:28,567 DEBUG SchemaChange - rewrote SQL to create table t1 (a int) partition by list /__MAXWELL__/ subpartition by hash /__MAXWELL__/ (partition p11 values in (1,2), partition p12 values in (3,4))
[1] 23:43:28,567 DEBUG SchemaChange - SQL_PARSE <- "create table t1 (a int) partition by list /__MAXWELL__/ subpartition by hash /__MAXWELL__/ (partition p11 values in (1,2), partition p12 values in (3,4))"
[1] 23:43:28,567 DEBUG SchemaChange - rewrote SQL to create table t1 (a int) partition by list /__MAXWELL__/ subpartition by hash /__MAXWELL__/ (/__MAXWELL__/
[1] 23:43:28,567 DEBUG SchemaChange - SQL_PARSE <- "create table t1 (a int) partition by list /__MAXWELL__/ subpartition by hash /__MAXWELL__/ (/__MAXWELL__/"
[1] 23:43:28,567 DEBUG SchemaChange - SQL_PARSE ->   (parse (statement (create_table (create_table_preamble create table (table_name (name (id t1)))) (create_specifications ( (create_specification (column_definition (name (id a)) (data_type (signed_type int)))) )) (table_creation_option (partition_by partition by (partition_by_what list (skip_parens /__MAXWELL__/)) (subpartition_by subpartition by (partition_by_what hash (skip_parens /__MAXWELL__/))) (partition_definitions ( (skip_parens_inside_partition_definitions /__MAXWELL__/)))))) <EOF>)
[1] 23:43:28,567 DEBUG SchemaChange - SQL_PARSE <- "create table t1 (a int) partition by list (a) subpartition by hash (a) subpartitions 1 (partition p1 values in (1) (subpartition sp1))"
[1] 23:43:28,567 DEBUG SchemaChange - rewrote SQL to create table t1 (a int) partition by list /__MAXWELL__/ subpartition by hash (a) subpartitions 1 (partition p1 values in (1) (subpartition sp1))
[1] 23:43:28,567 DEBUG SchemaChange - SQL_PARSE <- "create table t1 (a int) partition by list /__MAXWELL__/ subpartition by hash (a) subpartitions 1 (partition p1 values in (1) (subpartition sp1))"
[1] 23:43:28,567 DEBUG SchemaChange - rewrote SQL to create table t1 (a int) partition by list /__MAXWELL__/ subpartition by hash /__MAXWELL__/ subpartitions 1 (partition p1 values in (1) (subpartition sp1))
[1] 23:43:28,567 DEBUG SchemaChange - SQL_PARSE <- "create table t1 (a int) partition by list /__MAXWELL__/ subpartition by hash /__MAXWELL__/ subpartitions 1 (partition p1 values in (1) (subpartition sp1))"
[1] 23:43:28,567 DEBUG SchemaChange - rewrote SQL to create table t1 (a int) partition by list /__MAXWELL__/ subpartition by hash /__MAXWELL__/ subpartitions 1 (/__MAXWELL__/
[1] 23:43:28,567 DEBUG SchemaChange - SQL_PARSE <- "create table t1 (a int) partition by list /__MAXWELL__/ subpartition by hash /__MAXWELL__/ subpartitions 1 (/__MAXWELL__/"
[1] 23:43:28,568 DEBUG SchemaChange - SQL_PARSE ->   (parse (statement (create_table (create_table_preamble create table (table_name (name (id t1)))) (create_specifications ( (create_specification (column_definition (name (id a)) (data_type (signed_type int)))) )) (table_creation_option (partition_by partition by (partition_by_what list (skip_parens /__MAXWELL__/)) (subpartition_by subpartition by (partition_by_what hash (skip_parens /__MAXWELL__/)) subpartitions 1) (partition_definitions ( (skip_parens_inside_partition_definitions /__MAXWELL__/)))))) <EOF>)
[1] 23:43:28,568 DEBUG SchemaChange - SQL_PARSE <- "create table t1 (a int) partition by list columns(a) ( partition p0 values in (2, 1), partition p1 values in (4, NULL, 3))"
[1] 23:43:28,568 DEBUG SchemaChange - rewrote SQL to create table t1 (a int) partition by list columns/__MAXWELL__/ ( partition p0 values in (2, 1), partition p1 values in (4, NULL, 3))
[1] 23:43:28,568 DEBUG SchemaChange - SQL_PARSE <- "create table t1 (a int) partition by list columns/__MAXWELL__/ ( partition p0 values in (2, 1), partition p1 values in (4, NULL, 3))"
[1] 23:43:28,568 DEBUG SchemaChange - rewrote SQL to create table t1 (a int) partition by list columns/__MAXWELL__/ ( /__MAXWELL__/
[1] 23:43:28,568 DEBUG SchemaChange - SQL_PARSE <- "create table t1 (a int) partition by list columns/__MAXWELL__/ ( /__MAXWELL__/"
[1] 23:43:28,568 DEBUG SchemaChange - SQL_PARSE ->   (parse (statement (create_table (create_table_preamble create table (table_name (name (id t1)))) (create_specifications ( (create_specification (column_definition (name (id a)) (data_type (signed_type int)))) )) (table_creation_option (partition_by partition by (partition_by_what list columns (skip_parens /__MAXWELL__/)) (partition_definitions ( (skip_parens_inside_partition_definitions /__MAXWELL__/)))))) <EOF>)
[1] 23:43:28,568 DEBUG SchemaChange - SQL_PARSE <- "create table t1 (a int) partition by list columns(a) (partition p0 values in (0))"
[1] 23:43:28,568 DEBUG SchemaChange - rewrote SQL to create table t1 (a int) partition by list columns/__MAXWELL__/ (partition p0 values in (0))
[1] 23:43:28,568 DEBUG SchemaChange - SQL_PARSE <- "create table t1 (a int) partition by list columns/__MAXWELL__/ (partition p0 values in (0))"
[1] 23:43:28,568 DEBUG SchemaChange - rewrote SQL to create table t1 (a int) partition by list columns/__MAXWELL__/ (/__MAXWELL__/
[1] 23:43:28,568 DEBUG SchemaChange - SQL_PARSE <- "create table t1 (a int) partition by list columns/__MAXWELL__/ (/__MAXWELL__/"
[1] 23:43:28,569 DEBUG SchemaChange - SQL_PARSE ->   (parse (statement (create_table (create_table_preamble create table (table_name (name (id t1)))) (create_specifications ( (create_specification (column_definition (name (id a)) (data_type (signed_type int)))) )) (table_creation_option (partition_by partition by (partition_by_what list columns (skip_parens /__MAXWELL__/)) (partition_definitions ( (skip_parens_inside_partition_definitions /__MAXWELL__/)))))) <EOF>)
[1] 23:43:28,569 DEBUG SchemaChange - SQL_PARSE <- "create table t1 (a int) partition by list(a) ( partition p0 values in (1,2), partition p1 values in (3,4) )"
[1] 23:43:28,569 DEBUG SchemaChange - rewrote SQL to create table t1 (a int) partition by list/__MAXWELL__/ ( partition p0 values in (1,2), partition p1 values in (3,4) )
[1] 23:43:28,569 DEBUG SchemaChange - SQL_PARSE <- "create table t1 (a int) partition by list/__MAXWELL__/ ( partition p0 values in (1,2), partition p1 values in (3,4) )"
[1] 23:43:28,569 DEBUG SchemaChange - rewrote SQL to create table t1 (a int) partition by list/__MAXWELL__/ ( /__MAXWELL__/
[1] 23:43:28,569 DEBUG SchemaChange - SQL_PARSE <- "create table t1 (a int) partition by list/__MAXWELL__/ ( /__MAXWELL__/"
[1] 23:43:28,569 DEBUG SchemaChange - SQL_PARSE ->   (parse (statement (create_table (create_table_preamble create table (table_name (name (id t1)))) (create_specifications ( (create_specification (column_definition (name (id a)) (data_type (signed_type int)))) )) (table_creation_option (partition_by partition by (partition_by_what list (skip_parens /__MAXWELL__/)) (partition_definitions ( (skip_parens_inside_partition_definitions /__MAXWELL__/)))))) <EOF>)
[1] 23:43:28,569 DEBUG SchemaChange - SQL_PARSE <- "create table t1 (a int) partition by range (MOD(a,3)) subpartition by hash(a) subpartitions 2 (partition p0 values less than (1), partition p1 values less than (2), partition p2 values less than (3), partition p3 values less than (4))"
[1] 23:43:28,569 DEBUG SchemaChange - rewrote SQL to create table t1 (a int) partition by range /__MAXWELL__/ subpartition by hash(a) subpartitions 2 (partition p0 values less than (1), partition p1 values less than (2), partition p2 values less than (3), partition p3 values less than (4))
[1] 23:43:28,569 DEBUG SchemaChange - SQL_PARSE <- "create table t1 (a int) partition by range /__MAXWELL__/ subpartition by hash(a) subpartitions 2 (partition p0 values less than (1), partition p1 values less than (2), partition p2 values less than (3), partition p3 values less than (4))"
[1] 23:43:28,570 DEBUG SchemaChange - rewrote SQL to create table t1 (a int) partition by range /__MAXWELL__/ subpartition by hash/__MAXWELL__/ subpartitions 2 (partition p0 values less than (1), partition p1 values less than (2), partition p2 values less than (3), partition p3 values less than (4))
[1] 23:43:28,570 DEBUG SchemaChange - SQL_PARSE <- "create table t1 (a int) partition by range /__MAXWELL__/ subpartition by hash/__MAXWELL__/ subpartitions 2 (partition p0 values less than (1), partition p1 values less than (2), partition p2 values less than (3), partition p3 values less than (4))"
[1] 23:43:28,570 DEBUG SchemaChange - rewrote SQL to create table t1 (a int) partition by range /__MAXWELL__/ subpartition by hash/__MAXWELL__/ subpartitions 2 (/__MAXWELL__/
[1] 23:43:28,570 DEBUG SchemaChange - SQL_PARSE <- "create table t1 (a int) partition by range /__MAXWELL__/ subpartition by hash/__MAXWELL__/ subpartitions 2 (/__MAXWELL__/"
[1] 23:43:28,570 DEBUG SchemaChange - SQL_PARSE ->   (parse (statement (create_table (create_table_preamble create table (table_name (name (id t1)))) (create_specifications ( (create_specification (column_definition (name (id a)) (data_type (signed_type int)))) )) (table_creation_option (partition_by partition by (partition_by_what range (skip_parens /__MAXWELL__/)) (subpartition_by subpartition by (partition_by_what hash (skip_parens /__MAXWELL__/)) subpartitions 2) (partition_definitions ( (skip_parens_inside_partition_definitions /__MAXWELL__/)))))) <EOF>)
[1] 23:43:28,570 DEBUG SchemaChange - SQL_PARSE <- "create table t1 (a int) partition by range (a) ( partition p0 values less than (maxvalue))"
[1] 23:43:28,570 DEBUG SchemaChange - rewrote SQL to create table t1 (a int) partition by range /__MAXWELL__/ ( partition p0 values less than (maxvalue))
[1] 23:43:28,570 DEBUG SchemaChange - SQL_PARSE <- "create table t1 (a int) partition by range /__MAXWELL__/ ( partition p0 values less than (maxvalue))"
[1] 23:43:28,570 DEBUG SchemaChange - rewrote SQL to create table t1 (a int) partition by range /__MAXWELL__/ ( /__MAXWELL__/
[1] 23:43:28,570 DEBUG SchemaChange - SQL_PARSE <- "create table t1 (a int) partition by range /__MAXWELL__/ ( /__MAXWELL__/"
[1] 23:43:28,571 DEBUG SchemaChange - SQL_PARSE ->   (parse (statement (create_table (create_table_preamble create table (table_name (name (id t1)))) (create_specifications ( (create_specification (column_definition (name (id a)) (data_type (signed_type int)))) )) (table_creation_option (partition_by partition by (partition_by_what range (skip_parens /__MAXWELL__/)) (partition_definitions ( (skip_parens_inside_partition_definitions /__MAXWELL__/)))))) <EOF>)
[1] 23:43:28,571 DEBUG SchemaChange - SQL_PARSE <- "create table t1 (a int) partition by range (a) ( partition p0 values less than(10), partition p1 values less than (20), partition p2 values less than (25))"
[1] 23:43:28,571 DEBUG SchemaChange - rewrote SQL to create table t1 (a int) partition by range /__MAXWELL__/ ( partition p0 values less than(10), partition p1 values less than (20), partition p2 values less than (25))
[1] 23:43:28,571 DEBUG SchemaChange - SQL_PARSE <- "create table t1 (a int) partition by range /__MAXWELL__/ ( partition p0 values less than(10), partition p1 values less than (20), partition p2 values less than (25))"
[1] 23:43:28,571 DEBUG SchemaChange - rewrote SQL to create table t1 (a int) partition by range /__MAXWELL__/ ( /__MAXWELL__/
[1] 23:43:28,571 DEBUG SchemaChange - SQL_PARSE <- "create table t1 (a int) partition by range /__MAXWELL__/ ( /__MAXWELL__/"
[1] 23:43:28,571 DEBUG SchemaChange - SQL_PARSE ->   (parse (statement (create_table (create_table_preamble create table (table_name (name (id t1)))) (create_specifications ( (create_specification (column_definition (name (id a)) (data_type (signed_type int)))) )) (table_creation_option (partition_by partition by (partition_by_what range (skip_parens /__MAXWELL__/)) (partition_definitions ( (skip_parens_inside_partition_definitions /__MAXWELL__/)))))) <EOF>)
[1] 23:43:28,571 DEBUG SchemaChange - SQL_PARSE <- "create table t1 (a int) partition by range (a) (partition p0 values less than (1))"
[1] 23:43:28,571 DEBUG SchemaChange - rewrote SQL to create table t1 (a int) partition by range /__MAXWELL__/ (partition p0 values less than (1))
[1] 23:43:28,571 DEBUG SchemaChange - SQL_PARSE <- "create table t1 (a int) partition by range /__MAXWELL__/ (partition p0 values less than (1))"
[1] 23:43:28,571 DEBUG SchemaChange - rewrote SQL to create table t1 (a int) partition by range /__MAXWELL__/ (/__MAXWELL__/
[1] 23:43:28,571 DEBUG SchemaChange - SQL_PARSE <- "create table t1 (a int) partition by range /__MAXWELL__/ (/__MAXWELL__/"
[1] 23:43:28,572 DEBUG SchemaChange - SQL_PARSE ->   (parse (statement (create_table (create_table_preamble create table (table_name (name (id t1)))) (create_specifications ( (create_specification (column_definition (name (id a)) (data_type (signed_type int)))) )) (table_creation_option (partition_by partition by (partition_by_what range (skip_parens /__MAXWELL__/)) (partition_definitions ( (skip_parens_inside_partition_definitions /__MAXWELL__/)))))) <EOF>)
[1] 23:43:28,572 DEBUG SchemaChange - SQL_PARSE <- "create table t1 (a int) partition by range (a) subpartition by hash (a) (partition p0 values less than (100))"
[1] 23:43:28,572 DEBUG SchemaChange - rewrote SQL to create table t1 (a int) partition by range /__MAXWELL__/ subpartition by hash (a) (partition p0 values less than (100))
[1] 23:43:28,572 DEBUG SchemaChange - SQL_PARSE <- "create table t1 (a int) partition by range /__MAXWELL__/ subpartition by hash (a) (partition p0 values less than (100))"
[1] 23:43:28,572 DEBUG SchemaChange - rewrote SQL to create table t1 (a int) partition by range /__MAXWELL__/ subpartition by hash /__MAXWELL__/ (partition p0 values less than (100))
[1] 23:43:28,572 DEBUG SchemaChange - SQL_PARSE <- "create table t1 (a int) partition by range /__MAXWELL__/ subpartition by hash /__MAXWELL__/ (partition p0 values less than (100))"
[1] 23:43:28,572 DEBUG SchemaChange - rewrote SQL to create table t1 (a int) partition by range /__MAXWELL__/ subpartition by hash /__MAXWELL__/ (/__MAXWELL__/
[1] 23:43:28,572 DEBUG SchemaChange - SQL_PARSE <- "create table t1 (a int) partition by range /__MAXWELL__/ subpartition by hash /__MAXWELL__/ (/__MAXWELL__/"
[1] 23:43:28,572 DEBUG SchemaChange - SQL_PARSE ->   (parse (statement (create_table (create_table_preamble create table (table_name (name (id t1)))) (create_specifications ( (create_specification (column_definition (name (id a)) (data_type (signed_type int)))) )) (table_creation_option (partition_by partition by (partition_by_what range (skip_parens /__MAXWELL__/)) (subpartition_by subpartition by (partition_by_what hash (skip_parens /__MAXWELL__/))) (partition_definitions ( (skip_parens_inside_partition_definitions /__MAXWELL__/)))))) <EOF>)
[1] 23:43:28,572 DEBUG SchemaChange - SQL_PARSE <- "create table t1 (a int) partition by range (a) subpartition by key (a) (partition p0 values less than (1))"
[1] 23:43:28,573 DEBUG SchemaChange - rewrote SQL to create table t1 (a int) partition by range /__MAXWELL__/ subpartition by key (a) (partition p0 values less than (1))
[1] 23:43:28,573 DEBUG SchemaChange - SQL_PARSE <- "create table t1 (a int) partition by range /__MAXWELL__/ subpartition by key (a) (partition p0 values less than (1))"
[1] 23:43:28,573 DEBUG SchemaChange - rewrote SQL to create table t1 (a int) partition by range /__MAXWELL__/ subpartition by key /__MAXWELL__/ (partition p0 values less than (1))
[1] 23:43:28,573 DEBUG SchemaChange - SQL_PARSE <- "create table t1 (a int) partition by range /__MAXWELL__/ subpartition by key /__MAXWELL__/ (partition p0 values less than (1))"
[1] 23:43:28,573 DEBUG SchemaChange - rewrote SQL to create table t1 (a int) partition by range /__MAXWELL__/ subpartition by key /__MAXWELL__/ (/__MAXWELL__/
[1] 23:43:28,573 DEBUG SchemaChange - SQL_PARSE <- "create table t1 (a int) partition by range /__MAXWELL__/ subpartition by key /__MAXWELL__/ (/__MAXWELL__/"
[1] 23:43:28,573 DEBUG SchemaChange - SQL_PARSE ->   (parse (statement (create_table (create_table_preamble create table (table_name (name (id t1)))) (create_specifications ( (create_specification (column_definition (name (id a)) (data_type (signed_type int)))) )) (table_creation_option (partition_by partition by (partition_by_what range (skip_parens /__MAXWELL__/)) (subpartition_by subpartition by (partition_by_what key (skip_parens /__MAXWELL__/))) (partition_definitions ( (skip_parens_inside_partition_definitions /__MAXWELL__/)))))) <EOF>)
[1] 23:43:28,573 DEBUG SchemaChange - SQL_PARSE <- "create table t1 (a int) partition by range (a) subpartition by key (a) (partition p0 values less than (10) (subpartition sp00, subpartition sp01), partition p1 values less than (20) (subpartition sp10, subpartition sp11))"
[1] 23:43:28,573 DEBUG SchemaChange - rewrote SQL to create table t1 (a int) partition by range /__MAXWELL__/ subpartition by key (a) (partition p0 values less than (10) (subpartition sp00, subpartition sp01), partition p1 values less than (20) (subpartition sp10, subpartition sp11))
[1] 23:43:28,573 DEBUG SchemaChange - SQL_PARSE <- "create table t1 (a int) partition by range /__MAXWELL__/ subpartition by key (a) (partition p0 values less than (10) (subpartition sp00, subpartition sp01), partition p1 values less than (20) (subpartition sp10, subpartition sp11))"
[1] 23:43:28,574 DEBUG SchemaChange - rewrote SQL to create table t1 (a int) partition by range /__MAXWELL__/ subpartition by key /__MAXWELL__/ (partition p0 values less than (10) (subpartition sp00, subpartition sp01), partition p1 values less than (20) (subpartition sp10, subpartition sp11))
[1] 23:43:28,574 DEBUG SchemaChange - SQL_PARSE <- "create table t1 (a int) partition by range /__MAXWELL__/ subpartition by key /__MAXWELL__/ (partition p0 values less than (10) (subpartition sp00, subpartition sp01), partition p1 values less than (20) (subpartition sp10, subpartition sp11))"
[1] 23:43:28,574 DEBUG SchemaChange - rewrote SQL to create table t1 (a int) partition by range /__MAXWELL__/ subpartition by key /__MAXWELL__/ (/__MAXWELL__/
[1] 23:43:28,574 DEBUG SchemaChange - SQL_PARSE <- "create table t1 (a int) partition by range /__MAXWELL__/ subpartition by key /__MAXWELL__/ (/__MAXWELL__/"
[1] 23:43:28,574 DEBUG SchemaChange - SQL_PARSE ->   (parse (statement (create_table (create_table_preamble create table (table_name (name (id t1)))) (create_specifications ( (create_specification (column_definition (name (id a)) (data_type (signed_type int)))) )) (table_creation_option (partition_by partition by (partition_by_what range (skip_parens /__MAXWELL__/)) (subpartition_by subpartition by (partition_by_what key (skip_parens /__MAXWELL__/))) (partition_definitions ( (skip_parens_inside_partition_definitions /__MAXWELL__/)))))) <EOF>)
[1] 23:43:28,574 DEBUG SchemaChange - SQL_PARSE <- "create table t1 (a int) partition by range(a) ( partition p0 values less than (64), partition p1 values less than (128), partition p2 values less than (255) )"
[1] 23:43:28,574 DEBUG SchemaChange - rewrote SQL to create table t1 (a int) partition by range/__MAXWELL__/ ( partition p0 values less than (64), partition p1 values less than (128), partition p2 values less than (255) )
[1] 23:43:28,574 DEBUG SchemaChange - SQL_PARSE <- "create table t1 (a int) partition by range/__MAXWELL__/ ( partition p0 values less than (64), partition p1 values less than (128), partition p2 values less than (255) )"
[1] 23:43:28,574 DEBUG SchemaChange - rewrote SQL to create table t1 (a int) partition by range/__MAXWELL__/ ( /__MAXWELL__/
[1] 23:43:28,574 DEBUG SchemaChange - SQL_PARSE <- "create table t1 (a int) partition by range/__MAXWELL__/ ( /__MAXWELL__/"
[1] 23:43:28,575 DEBUG SchemaChange - SQL_PARSE ->   (parse (statement (create_table (create_table_preamble create table (table_name (name (id t1)))) (create_specifications ( (create_specification (column_definition (name (id a)) (data_type (signed_type int)))) )) (table_creation_option (partition_by partition by (partition_by_what range (skip_parens /__MAXWELL__/)) (partition_definitions ( (skip_parens_inside_partition_definitions /__MAXWELL__/)))))) <EOF>)
[1] 23:43:28,575 DEBUG SchemaChange - SQL_PARSE <- "create table t1 (a int) partition by range(a+0) ( partition p0 values less than (64), partition p1 values less than (128), partition p2 values less than (255) )"
[1] 23:43:28,575 DEBUG SchemaChange - rewrote SQL to create table t1 (a int) partition by range/__MAXWELL__/ ( partition p0 values less than (64), partition p1 values less than (128), partition p2 values less than (255) )
[1] 23:43:28,575 DEBUG SchemaChange - SQL_PARSE <- "create table t1 (a int) partition by range/__MAXWELL__/ ( partition p0 values less than (64), partition p1 values less than (128), partition p2 values less than (255) )"
[1] 23:43:28,575 DEBUG SchemaChange - rewrote SQL to create table t1 (a int) partition by range/__MAXWELL__/ ( /__MAXWELL__/
[1] 23:43:28,575 DEBUG SchemaChange - SQL_PARSE <- "create table t1 (a int) partition by range/__MAXWELL__/ ( /__MAXWELL__/"
[1] 23:43:28,575 DEBUG SchemaChange - SQL_PARSE ->   (parse (statement (create_table (create_table_preamble create table (table_name (name (id t1)))) (create_specifications ( (create_specification (column_definition (name (id a)) (data_type (signed_type int)))) )) (table_creation_option (partition_by partition by (partition_by_what range (skip_parens /__MAXWELL__/)) (partition_definitions ( (skip_parens_inside_partition_definitions /__MAXWELL__/)))))) <EOF>)
[1] 23:43:28,575 DEBUG SchemaChange - SQL_PARSE <- "create table t1 (a int, b char(10), c varchar(25), d datetime) partition by range columns(a,b,c,d) subpartition by hash (to_seconds(d)) subpartitions 4 ( partition p0 values less than (1, '0', MAXVALUE, '1900-01-01'), partition p1 values less than (1, 'a', MAXVALUE, '1999-01-01'), partition p2 values less than (1, 'b', MAXVALUE, MAXVALUE), partition p3 values less than (1, MAXVALUE, MAXVALUE, MAXVALUE))"
[1] 23:43:28,576 DEBUG SchemaChange - rewrote SQL to create table t1 (a int, b char(10), c varchar(25), d datetime) partition by range columns/__MAXWELL__/ subpartition by hash (to_seconds(d)) subpartitions 4 ( partition p0 values less than (1, '0', MAXVALUE, '1900-01-01'), partition p1 values less than (1, 'a', MAXVALUE, '1999-01-01'), partition p2 values less than (1, 'b', MAXVALUE, MAXVALUE), partition p3 values less than (1, MAXVALUE, MAXVALUE, MAXVALUE))
[1] 23:43:28,576 DEBUG SchemaChange - SQL_PARSE <- "create table t1 (a int, b char(10), c varchar(25), d datetime) partition by range columns/__MAXWELL__/ subpartition by hash (to_seconds(d)) subpartitions 4 ( partition p0 values less than (1, '0', MAXVALUE, '1900-01-01'), partition p1 values less than (1, 'a', MAXVALUE, '1999-01-01'), partition p2 values less than (1, 'b', MAXVALUE, MAXVALUE), partition p3 values less than (1, MAXVALUE, MAXVALUE, MAXVALUE))"
[1] 23:43:28,576 DEBUG SchemaChange - rewrote SQL to create table t1 (a int, b char(10), c varchar(25), d datetime) partition by range columns/__MAXWELL__/ subpartition by hash /__MAXWELL__/ subpartitions 4 ( partition p0 values less than (1, '0', MAXVALUE, '1900-01-01'), partition p1 values less than (1, 'a', MAXVALUE, '1999-01-01'), partition p2 values less than (1, 'b', MAXVALUE, MAXVALUE), partition p3 values less than (1, MAXVALUE, MAXVALUE, MAXVALUE))
[1] 23:43:28,576 DEBUG SchemaChange - SQL_PARSE <- "create table t1 (a int, b char(10), c varchar(25), d datetime) partition by range columns/__MAXWELL__/ subpartition by hash /__MAXWELL__/ subpartitions 4 ( partition p0 values less than (1, '0', MAXVALUE, '1900-01-01'), partition p1 values less than (1, 'a', MAXVALUE, '1999-01-01'), partition p2 values less than (1, 'b', MAXVALUE, MAXVALUE), partition p3 values less than (1, MAXVALUE, MAXVALUE, MAXVALUE))"
[1] 23:43:28,576 DEBUG SchemaChange - rewrote SQL to create table t1 (a int, b char(10), c varchar(25), d datetime) partition by range columns/__MAXWELL__/ subpartition by hash /__MAXWELL__/ subpartitions 4 ( /__MAXWELL__/
[1] 23:43:28,576 DEBUG SchemaChange - SQL_PARSE <- "create table t1 (a int, b char(10), c varchar(25), d datetime) partition by range columns/__MAXWELL__/ subpartition by hash /__MAXWELL__/ subpartitions 4 ( /__MAXWELL__/"
[1] 23:43:28,576 DEBUG SchemaChange - SQL_PARSE ->   (parse (statement (create_table (create_table_preamble create table (table_name (name (id t1)))) (create_specifications ( (create_specification (column_definition (name (id a)) (data_type (signed_type int)))) , (create_specification (column_definition (name (id b)) (data_type (string_type char (length ( 10 )))))) , (create_specification (column_definition (name (id c)) (data_type (string_type varchar (length ( 25 )))))) , (create_specification (column_definition (name (id d)) (data_type (generic_type datetime)))) )) (table_creation_option (partition_by partition by (partition_by_what range columns (skip_parens /__MAXWELL__/)) (subpartition_by subpartition by (partition_by_what hash (skip_parens /__MAXWELL__/)) subpartitions 4) (partition_definitions ( (skip_parens_inside_partition_definitions /__MAXWELL__/)))))) <EOF>)
[1] 23:43:28,577 DEBUG SchemaChange - SQL_PARSE <- "create table t1 (a int, b char(10), c varchar(5), d int) partition by range columns(a,b,c) subpartition by key (c,d) subpartitions 3 ( partition p0 values less than (1,'abc','abc'), partition p1 values less than (2,'abc','abc'), partition p2 values less than (3,'abc','abc'), partition p3 values less than (4,'abc','abc'))"
[1] 23:43:28,577 DEBUG SchemaChange - rewrote SQL to create table t1 (a int, b char(10), c varchar(5), d int) partition by range columns/__MAXWELL__/ subpartition by key (c,d) subpartitions 3 ( partition p0 values less than (1,'abc','abc'), partition p1 values less than (2,'abc','abc'), partition p2 values less than (3,'abc','abc'), partition p3 values less than (4,'abc','abc'))
[1] 23:43:28,577 DEBUG SchemaChange - SQL_PARSE <- "create table t1 (a int, b char(10), c varchar(5), d int) partition by range columns/__MAXWELL__/ subpartition by key (c,d) subpartitions 3 ( partition p0 values less than (1,'abc','abc'), partition p1 values less than (2,'abc','abc'), partition p2 values less than (3,'abc','abc'), partition p3 values less than (4,'abc','abc'))"
[1] 23:43:28,577 DEBUG SchemaChange - rewrote SQL to create table t1 (a int, b char(10), c varchar(5), d int) partition by range columns/__MAXWELL__/ subpartition by key /__MAXWELL__/ subpartitions 3 ( partition p0 values less than (1,'abc','abc'), partition p1 values less than (2,'abc','abc'), partition p2 values less than (3,'abc','abc'), partition p3 values less than (4,'abc','abc'))
[1] 23:43:28,577 DEBUG SchemaChange - SQL_PARSE <- "create table t1 (a int, b char(10), c varchar(5), d int) partition by range columns/__MAXWELL__/ subpartition by key /__MAXWELL__/ subpartitions 3 ( partition p0 values less than (1,'abc','abc'), partition p1 values less than (2,'abc','abc'), partition p2 values less than (3,'abc','abc'), partition p3 values less than (4,'abc','abc'))"
[1] 23:43:28,578 DEBUG SchemaChange - rewrote SQL to create table t1 (a int, b char(10), c varchar(5), d int) partition by range columns/__MAXWELL__/ subpartition by key /__MAXWELL__/ subpartitions 3 ( /__MAXWELL__/
[1] 23:43:28,578 DEBUG SchemaChange - SQL_PARSE <- "create table t1 (a int, b char(10), c varchar(5), d int) partition by range columns/__MAXWELL__/ subpartition by key /__MAXWELL__/ subpartitions 3 ( /__MAXWELL__/"
[1] 23:43:28,578 DEBUG SchemaChange - SQL_PARSE ->   (parse (statement (create_table (create_table_preamble create table (table_name (name (id t1)))) (create_specifications ( (create_specification (column_definition (name (id a)) (data_type (signed_type int)))) , (create_specification (column_definition (name (id b)) (data_type (string_type char (length ( 10 )))))) , (create_specification (column_definition (name (id c)) (data_type (string_type varchar (length ( 5 )))))) , (create_specification (column_definition (name (id d)) (data_type (signed_type int)))) )) (table_creation_option (partition_by partition by (partition_by_what range columns (skip_parens /__MAXWELL__/)) (subpartition_by subpartition by (partition_by_what key (skip_parens /__MAXWELL__/)) subpartitions 3) (partition_definitions ( (skip_parens_inside_partition_definitions /__MAXWELL__/)))))) <EOF>)
[1] 23:43:28,578 DEBUG SchemaChange - SQL_PARSE <- "create table t1 (a int, b char(20)) partition by range columns(b) (partition p0 values less than ("b"))"
[1] 23:43:28,578 DEBUG SchemaChange - rewrote SQL to create table t1 (a int, b char(20)) partition by range columns/__MAXWELL__/ (partition p0 values less than ("b"))
[1] 23:43:28,578 DEBUG SchemaChange - SQL_PARSE <- "create table t1 (a int, b char(20)) partition by range columns/__MAXWELL__/ (partition p0 values less than ("b"))"
[1] 23:43:28,578 DEBUG SchemaChange - rewrote SQL to create table t1 (a int, b char(20)) partition by range columns/__MAXWELL__/ (/__MAXWELL__/
[1] 23:43:28,578 DEBUG SchemaChange - SQL_PARSE <- "create table t1 (a int, b char(20)) partition by range columns/__MAXWELL__/ (/__MAXWELL__/"
[1] 23:43:28,579 DEBUG SchemaChange - SQL_PARSE ->   (parse (statement (create_table (create_table_preamble create table (table_name (name (id t1)))) (create_specifications ( (create_specification (column_definition (name (id a)) (data_type (signed_type int)))) , (create_specification (column_definition (name (id b)) (data_type (string_type char (length ( 20 )))))) )) (table_creation_option (partition_by partition by (partition_by_what range columns (skip_parens /__MAXWELL__/)) (partition_definitions ( (skip_parens_inside_partition_definitions /__MAXWELL__/)))))) <EOF>)
[1] 23:43:28,579 DEBUG SchemaChange - SQL_PARSE <- "create table t1 (a int, b int not null) partition by list(a)  subpartition by hash(b) subpartitions 2 ( partition p0 values in (1), partition p1 values in (2), partition p2 values in (3), partition pn values in (NULL) )"
[1] 23:43:28,579 DEBUG SchemaChange - rewrote SQL to create table t1 (a int, b int not null) partition by list/__MAXWELL__/  subpartition by hash(b) subpartitions 2 ( partition p0 values in (1), partition p1 values in (2), partition p2 values in (3), partition pn values in (NULL) )
[1] 23:43:28,579 DEBUG SchemaChange - SQL_PARSE <- "create table t1 (a int, b int not null) partition by list/__MAXWELL__/  subpartition by hash(b) subpartitions 2 ( partition p0 values in (1), partition p1 values in (2), partition p2 values in (3), partition pn values in (NULL) )"
[1] 23:43:28,579 DEBUG SchemaChange - rewrote SQL to create table t1 (a int, b int not null) partition by list/__MAXWELL__/  subpartition by hash/__MAXWELL__/ subpartitions 2 ( partition p0 values in (1), partition p1 values in (2), partition p2 values in (3), partition pn values in (NULL) )
[1] 23:43:28,579 DEBUG SchemaChange - SQL_PARSE <- "create table t1 (a int, b int not null) partition by list/__MAXWELL__/  subpartition by hash/__MAXWELL__/ subpartitions 2 ( partition p0 values in (1), partition p1 values in (2), partition p2 values in (3), partition pn values in (NULL) )"
[1] 23:43:28,579 DEBUG SchemaChange - rewrote SQL to create table t1 (a int, b int not null) partition by list/__MAXWELL__/  subpartition by hash/__MAXWELL__/ subpartitions 2 ( /__MAXWELL__/
[1] 23:43:28,579 DEBUG SchemaChange - SQL_PARSE <- "create table t1 (a int, b int not null) partition by list/__MAXWELL__/  subpartition by hash/__MAXWELL__/ subpartitions 2 ( /__MAXWELL__/"
[1] 23:43:28,579 DEBUG SchemaChange - SQL_PARSE ->   (parse (statement (create_table (create_table_preamble create table (table_name (name (id t1)))) (create_specifications ( (create_specification (column_definition (name (id a)) (data_type (signed_type int)))) , (create_specification (column_definition (name (id b)) (data_type (signed_type int (column_options (nullability not null)))))) )) (table_creation_option (partition_by partition by (partition_by_what list (skip_parens /__MAXWELL__/)) (subpartition_by subpartition by (partition_by_what hash (skip_parens /__MAXWELL__/)) subpartitions 2) (partition_definitions ( (skip_parens_inside_partition_definitions /__MAXWELL__/)))))) <EOF>)
[1] 23:43:28,579 DEBUG SchemaChange - SQL_PARSE <- "create table t1 (a int, b int)  partition by list(a) subpartition by hash(b) subpartitions 20  ( partition p0 values in (0), partition p1 values in (1), partition p2 values in (2), partition p3 values in (3) )"
[1] 23:43:28,580 DEBUG SchemaChange - rewrote SQL to create table t1 (a int, b int)  partition by list/__MAXWELL__/ subpartition by hash(b) subpartitions 20  ( partition p0 values in (0), partition p1 values in (1), partition p2 values in (2), partition p3 values in (3) )
[1] 23:43:28,580 DEBUG SchemaChange - SQL_PARSE <- "create table t1 (a int, b int)  partition by list/__MAXWELL__/ subpartition by hash(b) subpartitions 20  ( partition p0 values in (0), partition p1 values in (1), partition p2 values in (2), partition p3 values in (3) )"
[1] 23:43:28,580 DEBUG SchemaChange - rewrote SQL to create table t1 (a int, b int)  partition by list/__MAXWELL__/ subpartition by hash/__MAXWELL__/ subpartitions 20  ( partition p0 values in (0), partition p1 values in (1), partition p2 values in (2), partition p3 values in (3) )
[1] 23:43:28,580 DEBUG SchemaChange - SQL_PARSE <- "create table t1 (a int, b int)  partition by list/__MAXWELL__/ subpartition by hash/__MAXWELL__/ subpartitions 20  ( partition p0 values in (0), partition p1 values in (1), partition p2 values in (2), partition p3 values in (3) )"
[1] 23:43:28,580 DEBUG SchemaChange - rewrote SQL to create table t1 (a int, b int)  partition by list/__MAXWELL__/ subpartition by hash/__MAXWELL__/ subpartitions 20  ( /__MAXWELL__/
[1] 23:43:28,580 DEBUG SchemaChange - SQL_PARSE <- "create table t1 (a int, b int)  partition by list/__MAXWELL__/ subpartition by hash/__MAXWELL__/ subpartitions 20  ( /__MAXWELL__/"
[1] 23:43:28,580 DEBUG SchemaChange - SQL_PARSE ->   (parse (statement (create_table (create_table_preamble create table (table_name (name (id t1)))) (create_specifications ( (create_specification (column_definition (name (id a)) (data_type (signed_type int)))) , (create_specification (column_definition (name (id b)) (data_type (signed_type int)))) )) (table_creation_option (partition_by partition by (partition_by_what list (skip_parens /__MAXWELL__/)) (subpartition_by subpartition by (partition_by_what hash (skip_parens /__MAXWELL__/)) subpartitions 20) (partition_definitions ( (skip_parens_inside_partition_definitions /__MAXWELL__/)))))) <EOF>)
[1] 23:43:28,580 DEBUG SchemaChange - SQL_PARSE <- "create table t1 (a int, b int) partition by list (a) (partition p1 values in (1), partition p2 values in (2))"
[1] 23:43:28,581 DEBUG SchemaChange - rewrote SQL to create table t1 (a int, b int) partition by list /__MAXWELL__/ (partition p1 values in (1), partition p2 values in (2))
[1] 23:43:28,581 DEBUG SchemaChange - SQL_PARSE <- "create table t1 (a int, b int) partition by list /__MAXWELL__/ (partition p1 values in (1), partition p2 values in (2))"
[1] 23:43:28,581 DEBUG SchemaChange - rewrote SQL to create table t1 (a int, b int) partition by list /__MAXWELL__/ (/__MAXWELL__/
[1] 23:43:28,581 DEBUG SchemaChange - SQL_PARSE <- "create table t1 (a int, b int) partition by list /__MAXWELL__/ (/__MAXWELL__/"
[1] 23:43:28,581 DEBUG SchemaChange - SQL_PARSE ->   (parse (statement (create_table (create_table_preamble create table (table_name (name (id t1)))) (create_specifications ( (create_specification (column_definition (name (id a)) (data_type (signed_type int)))) , (create_specification (column_definition (name (id b)) (data_type (signed_type int)))) )) (table_creation_option (partition_by partition by (partition_by_what list (skip_parens /__MAXWELL__/)) (partition_definitions ( (skip_parens_inside_partition_definitions /__MAXWELL__/)))))) <EOF>)
[1] 23:43:28,581 DEBUG SchemaChange - SQL_PARSE <- "create table t1 (a int, b int) partition by list columns (a,b) ( partition p0 values in ((0,0)))"
[1] 23:43:28,581 DEBUG SchemaChange - rewrote SQL to create table t1 (a int, b int) partition by list columns /__MAXWELL__/ ( partition p0 values in ((0,0)))
[1] 23:43:28,581 DEBUG SchemaChange - SQL_PARSE <- "create table t1 (a int, b int) partition by list columns /__MAXWELL__/ ( partition p0 values in ((0,0)))"
[1] 23:43:28,581 DEBUG SchemaChange - rewrote SQL to create table t1 (a int, b int) partition by list columns /__MAXWELL__/ ( /__MAXWELL__/
[1] 23:43:28,581 DEBUG SchemaChange - SQL_PARSE <- "create table t1 (a int, b int) partition by list columns /__MAXWELL__/ ( /__MAXWELL__/"
[1] 23:43:28,581 DEBUG SchemaChange - SQL_PARSE ->   (parse (statement (create_table (create_table_preamble create table (table_name (name (id t1)))) (create_specifications ( (create_specification (column_definition (name (id a)) (data_type (signed_type int)))) , (create_specification (column_definition (name (id b)) (data_type (signed_type int)))) )) (table_creation_option (partition_by partition by (partition_by_what list columns (skip_parens /__MAXWELL__/)) (partition_definitions ( (skip_parens_inside_partition_definitions /__MAXWELL__/)))))) <EOF>)
[1] 23:43:28,581 DEBUG SchemaChange - SQL_PARSE <- "create table t1 (a int, b int) partition by list columns(a,b) ( partition p0 values in ((1, NULL), (2, NULL), (NULL, NULL)), partition p1 values in ((1,1), (2,2)), partition p2 values in ((3, NULL), (NULL, 1)))"
[1] 23:43:28,582 DEBUG SchemaChange - rewrote SQL to create table t1 (a int, b int) partition by list columns/__MAXWELL__/ ( partition p0 values in ((1, NULL), (2, NULL), (NULL, NULL)), partition p1 values in ((1,1), (2,2)), partition p2 values in ((3, NULL), (NULL, 1)))
[1] 23:43:28,582 DEBUG SchemaChange - SQL_PARSE <- "create table t1 (a int, b int) partition by list columns/__MAXWELL__/ ( partition p0 values in ((1, NULL), (2, NULL), (NULL, NULL)), partition p1 values in ((1,1), (2,2)), partition p2 values in ((3, NULL), (NULL, 1)))"
[1] 23:43:28,582 DEBUG SchemaChange - rewrote SQL to create table t1 (a int, b int) partition by list columns/__MAXWELL__/ ( /__MAXWELL__/
[1] 23:43:28,582 DEBUG SchemaChange - SQL_PARSE <- "create table t1 (a int, b int) partition by list columns/__MAXWELL__/ ( /__MAXWELL__/"
[1] 23:43:28,582 DEBUG SchemaChange - SQL_PARSE ->   (parse (statement (create_table (create_table_preamble create table (table_name (name (id t1)))) (create_specifications ( (create_specification (column_definition (name (id a)) (data_type (signed_type int)))) , (create_specification (column_definition (name (id b)) (data_type (signed_type int)))) )) (table_creation_option (partition_by partition by (partition_by_what list columns (skip_parens /__MAXWELL__/)) (partition_definitions ( (skip_parens_inside_partition_definitions /__MAXWELL__/)))))) <EOF>)
[1] 23:43:28,582 DEBUG SchemaChange - SQL_PARSE <- "create table t1 (a int, b int) partition by list columns(a,b) subpartition by hash (b) subpartitions 2 (partition p0 values in ((0,0), (1,1)), partition p1 values in ((1000,1000)))"
[1] 23:43:28,582 DEBUG SchemaChange - rewrote SQL to create table t1 (a int, b int) partition by list columns/__MAXWELL__/ subpartition by hash (b) subpartitions 2 (partition p0 values in ((0,0), (1,1)), partition p1 values in ((1000,1000)))
[1] 23:43:28,582 DEBUG SchemaChange - SQL_PARSE <- "create table t1 (a int, b int) partition by list columns/__MAXWELL__/ subpartition by hash (b) subpartitions 2 (partition p0 values in ((0,0), (1,1)), partition p1 values in ((1000,1000)))"
[1] 23:43:28,582 DEBUG SchemaChange - rewrote SQL to create table t1 (a int, b int) partition by list columns/__MAXWELL__/ subpartition by hash /__MAXWELL__/ subpartitions 2 (partition p0 values in ((0,0), (1,1)), partition p1 values in ((1000,1000)))
[1] 23:43:28,583 DEBUG SchemaChange - SQL_PARSE <- "create table t1 (a int, b int) partition by list columns/__MAXWELL__/ subpartition by hash /__MAXWELL__/ subpartitions 2 (partition p0 values in ((0,0), (1,1)), partition p1 values in ((1000,1000)))"
[1] 23:43:28,583 DEBUG SchemaChange - rewrote SQL to create table t1 (a int, b int) partition by list columns/__MAXWELL__/ subpartition by hash /__MAXWELL__/ subpartitions 2 (/__MAXWELL__/
[1] 23:43:28,583 DEBUG SchemaChange - SQL_PARSE <- "create table t1 (a int, b int) partition by list columns/__MAXWELL__/ subpartition by hash /__MAXWELL__/ subpartitions 2 (/__MAXWELL__/"
[1] 23:43:28,583 DEBUG SchemaChange - SQL_PARSE ->   (parse (statement (create_table (create_table_preamble create table (table_name (name (id t1)))) (create_specifications ( (create_specification (column_definition (name (id a)) (data_type (signed_type int)))) , (create_specification (column_definition (name (id b)) (data_type (signed_type int)))) )) (table_creation_option (partition_by partition by (partition_by_what list columns (skip_parens /__MAXWELL__/)) (subpartition_by subpartition by (partition_by_what hash (skip_parens /__MAXWELL__/)) subpartitions 2) (partition_definitions ( (skip_parens_inside_partition_definitions /__MAXWELL__/)))))) <EOF>)
[1] 23:43:28,583 DEBUG SchemaChange - SQL_PARSE <- "create table t1 (a int, b int) partition by range columns(a,b) (partition p0 values less than (1, 0), partition p1 values less than (2, maxvalue), partition p2 values less than (3, 3), partition p3 values less than (10, maxvalue))"
[1] 23:43:28,583 DEBUG SchemaChange - rewrote SQL to create table t1 (a int, b int) partition by range columns/__MAXWELL__/ (partition p0 values less than (1, 0), partition p1 values less than (2, maxvalue), partition p2 values less than (3, 3), partition p3 values less than (10, maxvalue))
[1] 23:43:28,583 DEBUG SchemaChange - SQL_PARSE <- "create table t1 (a int, b int) partition by range columns/__MAXWELL__/ (partition p0 values less than (1, 0), partition p1 values less than (2, maxvalue), partition p2 values less than (3, 3), partition p3 values less than (10, maxvalue))"
[1] 23:43:28,583 DEBUG SchemaChange - rewrote SQL to create table t1 (a int, b int) partition by range columns/__MAXWELL__/ (/__MAXWELL__/
[1] 23:43:28,583 DEBUG SchemaChange - SQL_PARSE <- "create table t1 (a int, b int) partition by range columns/__MAXWELL__/ (/__MAXWELL__/"
[1] 23:43:28,583 DEBUG SchemaChange - SQL_PARSE ->   (parse (statement (create_table (create_table_preamble create table (table_name (name (id t1)))) (create_specifications ( (create_specification (column_definition (name (id a)) (data_type (signed_type int)))) , (create_specification (column_definition (name (id b)) (data_type (signed_type int)))) )) (table_creation_option (partition_by partition by (partition_by_what range columns (skip_parens /__MAXWELL__/)) (partition_definitions ( (skip_parens_inside_partition_definitions /__MAXWELL__/)))))) <EOF>)
[1] 23:43:28,584 DEBUG SchemaChange - SQL_PARSE <- "create table t1 (a int, b int) partition by range columns(a,b) (partition p0 values less than (maxvalue, 10))"
[1] 23:43:28,584 DEBUG SchemaChange - rewrote SQL to create table t1 (a int, b int) partition by range columns/__MAXWELL__/ (partition p0 values less than (maxvalue, 10))
[1] 23:43:28,584 DEBUG SchemaChange - SQL_PARSE <- "create table t1 (a int, b int) partition by range columns/__MAXWELL__/ (partition p0 values less than (maxvalue, 10))"
[1] 23:43:28,584 DEBUG SchemaChange - rewrote SQL to create table t1 (a int, b int) partition by range columns/__MAXWELL__/ (/__MAXWELL__/
[1] 23:43:28,584 DEBUG SchemaChange - SQL_PARSE <- "create table t1 (a int, b int) partition by range columns/__MAXWELL__/ (/__MAXWELL__/"
[1] 23:43:28,584 DEBUG SchemaChange - SQL_PARSE ->   (parse (statement (create_table (create_table_preamble create table (table_name (name (id t1)))) (create_specifications ( (create_specification (column_definition (name (id a)) (data_type (signed_type int)))) , (create_specification (column_definition (name (id b)) (data_type (signed_type int)))) )) (table_creation_option (partition_by partition by (partition_by_what range columns (skip_parens /__MAXWELL__/)) (partition_definitions ( (skip_parens_inside_partition_definitions /__MAXWELL__/)))))) <EOF>)
[1] 23:43:28,584 DEBUG SchemaChange - SQL_PARSE <- "create table t1 (a int, b int) partition by range columns(a,b) (partition p0 values less than (maxvalue,maxvalue))"
[1] 23:43:28,584 DEBUG SchemaChange - rewrote SQL to create table t1 (a int, b int) partition by range columns/__MAXWELL__/ (partition p0 values less than (maxvalue,maxvalue))
[1] 23:43:28,584 DEBUG SchemaChange - SQL_PARSE <- "create table t1 (a int, b int) partition by range columns/__MAXWELL__/ (partition p0 values less than (maxvalue,maxvalue))"
[1] 23:43:28,584 DEBUG SchemaChange - rewrote SQL to create table t1 (a int, b int) partition by range columns/__MAXWELL__/ (/__MAXWELL__/
[1] 23:43:28,584 DEBUG SchemaChange - SQL_PARSE <- "create table t1 (a int, b int) partition by range columns/__MAXWELL__/ (/__MAXWELL__/"
[1] 23:43:28,585 DEBUG SchemaChange - SQL_PARSE ->   (parse (statement (create_table (create_table_preamble create table (table_name (name (id t1)))) (create_specifications ( (create_specification (column_definition (name (id a)) (data_type (signed_type int)))) , (create_specification (column_definition (name (id b)) (data_type (signed_type int)))) )) (table_creation_option (partition_by partition by (partition_by_what range columns (skip_parens /__MAXWELL__/)) (partition_definitions ( (skip_parens_inside_partition_definitions /__MAXWELL__/)))))) <EOF>)
[1] 23:43:28,585 DEBUG SchemaChange - SQL_PARSE <- "create table t1 (a int, b int) partition by range columns(a,b) (partition p2 values less than (99,99), partition p1 values less than (99,999))"
[1] 23:43:28,585 DEBUG SchemaChange - rewrote SQL to create table t1 (a int, b int) partition by range columns/__MAXWELL__/ (partition p2 values less than (99,99), partition p1 values less than (99,999))
[1] 23:43:28,585 DEBUG SchemaChange - SQL_PARSE <- "create table t1 (a int, b int) partition by range columns/__MAXWELL__/ (partition p2 values less than (99,99), partition p1 values less than (99,999))"
[1] 23:43:28,585 DEBUG SchemaChange - rewrote SQL to create table t1 (a int, b int) partition by range columns/__MAXWELL__/ (/__MAXWELL__/
[1] 23:43:28,585 DEBUG SchemaChange - SQL_PARSE <- "create table t1 (a int, b int) partition by range columns/__MAXWELL__/ (/__MAXWELL__/"
[1] 23:43:28,585 DEBUG SchemaChange - SQL_PARSE ->   (parse (statement (create_table (create_table_preamble create table (table_name (name (id t1)))) (create_specifications ( (create_specification (column_definition (name (id a)) (data_type (signed_type int)))) , (create_specification (column_definition (name (id b)) (data_type (signed_type int)))) )) (table_creation_option (partition_by partition by (partition_by_what range columns (skip_parens /__MAXWELL__/)) (partition_definitions ( (skip_parens_inside_partition_definitions /__MAXWELL__/)))))) <EOF>)
[1] 23:43:28,585 DEBUG SchemaChange - SQL_PARSE <- "create table t1 (a int, b int, key(a)) partition by list (a) ( partition p0 values in (1), partition p1 values in (2))"
[1] 23:43:28,585 DEBUG SchemaChange - rewrote SQL to create table t1 (a int, b int, key(a)) partition by list /__MAXWELL__/ ( partition p0 values in (1), partition p1 values in (2))
[1] 23:43:28,585 DEBUG SchemaChange - SQL_PARSE <- "create table t1 (a int, b int, key(a)) partition by list /__MAXWELL__/ ( partition p0 values in (1), partition p1 values in (2))"
[1] 23:43:28,586 DEBUG SchemaChange - rewrote SQL to create table t1 (a int, b int, key(a)) partition by list /__MAXWELL__/ ( /__MAXWELL__/
[1] 23:43:28,586 DEBUG SchemaChange - SQL_PARSE <- "create table t1 (a int, b int, key(a)) partition by list /__MAXWELL__/ ( /__MAXWELL__/"
[1] 23:43:28,586 DEBUG SchemaChange - SQL_PARSE ->   (parse (statement (create_table (create_table_preamble create table (table_name (name (id t1)))) (create_specifications ( (create_specification (column_definition (name (id a)) (data_type (signed_type int)))) , (create_specification (column_definition (name (id b)) (data_type (signed_type int)))) , (create_specification (index_definition (index_type_1 (index_or_key key) (index_column_list ( (index_columns (index_column (name (id a)))) ))))) )) (table_creation_option (partition_by partition by (partition_by_what list (skip_parens /__MAXWELL__/)) (partition_definitions ( (skip_parens_inside_partition_definitions /__MAXWELL__/)))))) <EOF>)
[1] 23:43:28,586 DEBUG SchemaChange - SQL_PARSE <- "create table t1 (a int, b varchar(2), c int) partition by range columns (a, b, c) (partition p0 values less than (1, 'A', 1), partition p1 values less than (1, 'B', 1))"
[1] 23:43:28,586 DEBUG SchemaChange - rewrote SQL to create table t1 (a int, b varchar(2), c int) partition by range columns /__MAXWELL__/ (partition p0 values less than (1, 'A', 1), partition p1 values less than (1, 'B', 1))
[1] 23:43:28,586 DEBUG SchemaChange - SQL_PARSE <- "create table t1 (a int, b varchar(2), c int) partition by range columns /__MAXWELL__/ (partition p0 values less than (1, 'A', 1), partition p1 values less than (1, 'B', 1))"
[1] 23:43:28,586 DEBUG SchemaChange - rewrote SQL to create table t1 (a int, b varchar(2), c int) partition by range columns /__MAXWELL__/ (/__MAXWELL__/
[1] 23:43:28,586 DEBUG SchemaChange - SQL_PARSE <- "create table t1 (a int, b varchar(2), c int) partition by range columns /__MAXWELL__/ (/__MAXWELL__/"
[1] 23:43:28,586 DEBUG SchemaChange - SQL_PARSE ->   (parse (statement (create_table (create_table_preamble create table (table_name (name (id t1)))) (create_specifications ( (create_specification (column_definition (name (id a)) (data_type (signed_type int)))) , (create_specification (column_definition (name (id b)) (data_type (string_type varchar (length ( 2 )))))) , (create_specification (column_definition (name (id c)) (data_type (signed_type int)))) )) (table_creation_option (partition_by partition by (partition_by_what range columns (skip_parens /__MAXWELL__/)) (partition_definitions ( (skip_parens_inside_partition_definitions /__MAXWELL__/)))))) <EOF>)
[1] 23:43:28,586 DEBUG SchemaChange - SQL_PARSE <- "create table t1 (a int, index(a)) partition by hash(a)"
[1] 23:43:28,587 DEBUG SchemaChange - rewrote SQL to create table t1 (a int, index(a)) partition by hash/__MAXWELL__/
[1] 23:43:28,587 DEBUG SchemaChange - SQL_PARSE <- "create table t1 (a int, index(a)) partition by hash/__MAXWELL__/"
[1] 23:43:28,587 DEBUG SchemaChange - SQL_PARSE ->   (parse (statement (create_table (create_table_preamble create table (table_name (name (id t1)))) (create_specifications ( (create_specification (column_definition (name (id a)) (data_type (signed_type int)))) , (create_specification (index_definition (index_type_1 (index_or_key index) (index_column_list ( (index_columns (index_column (name (id a)))) ))))) )) (table_creation_option (partition_by partition by (partition_by_what hash (skip_parens /__MAXWELL__/)))))) <EOF>)
[1] 23:43:28,587 DEBUG SchemaChange - SQL_PARSE <- "create table t1 (a int,b int, c int) partition by list(a) partitions 2 (partition x123 values in (11, 12), partition x234 values in (5, 1))"
[1] 23:43:28,587 DEBUG SchemaChange - rewrote SQL to create table t1 (a int,b int, c int) partition by list/__MAXWELL__/ partitions 2 (partition x123 values in (11, 12), partition x234 values in (5, 1))
[1] 23:43:28,587 DEBUG SchemaChange - SQL_PARSE <- "create table t1 (a int,b int, c int) partition by list/__MAXWELL__/ partitions 2 (partition x123 values in (11, 12), partition x234 values in (5, 1))"
[1] 23:43:28,587 DEBUG SchemaChange - rewrote SQL to create table t1 (a int,b int, c int) partition by list/__MAXWELL__/ partitions 2 (/__MAXWELL__/
[1] 23:43:28,587 DEBUG SchemaChange - SQL_PARSE <- "create table t1 (a int,b int, c int) partition by list/__MAXWELL__/ partitions 2 (/__MAXWELL__/"
[1] 23:43:28,587 DEBUG SchemaChange - SQL_PARSE ->   (parse (statement (create_table (create_table_preamble create table (table_name (name (id t1)))) (create_specifications ( (create_specification (column_definition (name (id a)) (data_type (signed_type int)))) , (create_specification (column_definition (name (id b)) (data_type (signed_type int)))) , (create_specification (column_definition (name (id c)) (data_type (signed_type int)))) )) (table_creation_option (partition_by partition by (partition_by_what list (skip_parens /__MAXWELL__/)) (partition_count partitions 2) (partition_definitions ( (skip_parens_inside_partition_definitions /__MAXWELL__/)))))) <EOF>)
[1] 23:43:28,587 DEBUG SchemaChange - SQL_PARSE <- "create table t1 (a int,b int, c int) partition by list(a) partitions 2 (partition x123 values in (11, 12), partition x234 values in (NULL, 1))"
[1] 23:43:28,588 DEBUG SchemaChange - rewrote SQL to create table t1 (a int,b int, c int) partition by list/__MAXWELL__/ partitions 2 (partition x123 values in (11, 12), partition x234 values in (NULL, 1))
[1] 23:43:28,588 DEBUG SchemaChange - SQL_PARSE <- "create table t1 (a int,b int, c int) partition by list/__MAXWELL__/ partitions 2 (partition x123 values in (11, 12), partition x234 values in (NULL, 1))"
[1] 23:43:28,588 DEBUG SchemaChange - rewrote SQL to create table t1 (a int,b int, c int) partition by list/__MAXWELL__/ partitions 2 (/__MAXWELL__/
[1] 23:43:28,588 DEBUG SchemaChange - SQL_PARSE <- "create table t1 (a int,b int, c int) partition by list/__MAXWELL__/ partitions 2 (/__MAXWELL__/"
[1] 23:43:28,588 DEBUG SchemaChange - SQL_PARSE ->   (parse (statement (create_table (create_table_preamble create table (table_name (name (id t1)))) (create_specifications ( (create_specification (column_definition (name (id a)) (data_type (signed_type int)))) , (create_specification (column_definition (name (id b)) (data_type (signed_type int)))) , (create_specification (column_definition (name (id c)) (data_type (signed_type int)))) )) (table_creation_option (partition_by partition by (partition_by_what list (skip_parens /__MAXWELL__/)) (partition_count partitions 2) (partition_definitions ( (skip_parens_inside_partition_definitions /__MAXWELL__/)))))) <EOF>)
[1] 23:43:28,588 DEBUG SchemaChange - SQL_PARSE <- "create table t1 (a int,b int,c int,key(a,b)) partition by range (a) partitions 3 (partition x1 values less than (0) tablespace ts1, partition x2 values less than (10) tablespace ts2, partition x3 values less than maxvalue tablespace ts3)"
[1] 23:43:28,588 DEBUG SchemaChange - rewrote SQL to create table t1 (a int,b int,c int,key(a,b)) partition by range /__MAXWELL__/ partitions 3 (partition x1 values less than (0) tablespace ts1, partition x2 values less than (10) tablespace ts2, partition x3 values less than maxvalue tablespace ts3)
[1] 23:43:28,588 DEBUG SchemaChange - SQL_PARSE <- "create table t1 (a int,b int,c int,key(a,b)) partition by range /__MAXWELL__/ partitions 3 (partition x1 values less than (0) tablespace ts1, partition x2 values less than (10) tablespace ts2, partition x3 values less than maxvalue tablespace ts3)"
[1] 23:43:28,588 DEBUG SchemaChange - rewrote SQL to create table t1 (a int,b int,c int,key(a,b)) partition by range /__MAXWELL__/ partitions 3 (/__MAXWELL__/
[1] 23:43:28,588 DEBUG SchemaChange - SQL_PARSE <- "create table t1 (a int,b int,c int,key(a,b)) partition by range /__MAXWELL__/ partitions 3 (/__MAXWELL__/"
[1] 23:43:28,589 DEBUG SchemaChange - SQL_PARSE ->   (parse (statement (create_table (create_table_preamble create table (table_name (name (id t1)))) (create_specifications ( (create_specification (column_definition (name (id a)) (data_type (signed_type int)))) , (create_specification (column_definition (name (id b)) (data_type (signed_type int)))) , (create_specification (column_definition (name (id c)) (data_type (signed_type int)))) , (create_specification (index_definition (index_type_1 (index_or_key key) (index_column_list ( (index_columns (index_column (name (id a))) , (index_column (name (id b)))) ))))) )) (table_creation_option (partition_by partition by (partition_by_what range (skip_parens /__MAXWELL__/)) (partition_count partitions 3) (partition_definitions ( (skip_parens_inside_partition_definitions /__MAXWELL__/)))))) <EOF>)
[1] 23:43:28,589 DEBUG SchemaChange - SQL_PARSE <- "create table t1 (a integer) partition by range (a) ( partition p0 values less than (4), partition p1 values less than (100))"
[1] 23:43:28,589 DEBUG SchemaChange - rewrote SQL to create table t1 (a integer) partition by range /__MAXWELL__/ ( partition p0 values less than (4), partition p1 values less than (100))
[1] 23:43:28,589 DEBUG SchemaChange - SQL_PARSE <- "create table t1 (a integer) partition by range /__MAXWELL__/ ( partition p0 values less than (4), partition p1 values less than (100))"
[1] 23:43:28,589 DEBUG SchemaChange - rewrote SQL to create table t1 (a integer) partition by range /__MAXWELL__/ ( /__MAXWELL__/
[1] 23:43:28,589 DEBUG SchemaChange - SQL_PARSE <- "create table t1 (a integer) partition by range /__MAXWELL__/ ( /__MAXWELL__/"
[1] 23:43:28,589 DEBUG SchemaChange - SQL_PARSE ->   (parse (statement (create_table (create_table_preamble create table (table_name (name (id t1)))) (create_specifications ( (create_specification (column_definition (name (id a)) (data_type (signed_type integer)))) )) (table_creation_option (partition_by partition by (partition_by_what range (skip_parens /__MAXWELL__/)) (partition_definitions ( (skip_parens_inside_partition_definitions /__MAXWELL__/)))))) <EOF>)
[1] 23:43:28,589 DEBUG SchemaChange - SQL_PARSE <- "create table t1 (a mediumint not null) partition by key (a)"
[1] 23:43:28,589 DEBUG SchemaChange - rewrote SQL to create table t1 (a mediumint not null) partition by key /__MAXWELL__/
[1] 23:43:28,589 DEBUG SchemaChange - SQL_PARSE <- "create table t1 (a mediumint not null) partition by key /__MAXWELL__/"
[1] 23:43:28,589 DEBUG SchemaChange - SQL_PARSE ->   (parse (statement (create_table (create_table_preamble create table (table_name (name (id t1)))) (create_specifications ( (create_specification (column_definition (name (id a)) (data_type (signed_type mediumint (column_options (nullability not null)))))) )) (table_creation_option (partition_by partition by (partition_by_what key (skip_parens /__MAXWELL__/)))))) <EOF>)
[1] 23:43:28,589 DEBUG SchemaChange - SQL_PARSE <- "create table t1 (a mediumint) partition by key (a)"
[1] 23:43:28,590 DEBUG SchemaChange - rewrote SQL to create table t1 (a mediumint) partition by key /__MAXWELL__/
[1] 23:43:28,590 DEBUG SchemaChange - SQL_PARSE <- "create table t1 (a mediumint) partition by key /__MAXWELL__/"
[1] 23:43:28,590 DEBUG SchemaChange - SQL_PARSE ->   (parse (statement (create_table (create_table_preamble create table (table_name (name (id t1)))) (create_specifications ( (create_specification (column_definition (name (id a)) (data_type (signed_type mediumint)))) )) (table_creation_option (partition_by partition by (partition_by_what key (skip_parens /__MAXWELL__/)))))) <EOF>)
[1] 23:43:28,590 DEBUG SchemaChange - SQL_PARSE <- "create table t1 (a set('A','B','C','D','E','F','G','H','I','J','K','L') not null, primary key(a)) engine='MyISAM'  partition by key (a) ( partition pa1 max_rows=20 min_rows=2, partition pa2 max_rows=30 min_rows=3, partition pa3 max_rows=30 min_rows=4, partition pa4 max_rows=40 min_rows=2)"
[1] 23:43:28,590 DEBUG SchemaChange - rewrote SQL to create table t1 (a set('A','B','C','D','E','F','G','H','I','J','K','L') not null, primary key(a)) engine='MyISAM'  partition by key /__MAXWELL__/ ( partition pa1 max_rows=20 min_rows=2, partition pa2 max_rows=30 min_rows=3, partition pa3 max_rows=30 min_rows=4, partition pa4 max_rows=40 min_rows=2)
[1] 23:43:28,590 DEBUG SchemaChange - SQL_PARSE <- "create table t1 (a set('A','B','C','D','E','F','G','H','I','J','K','L') not null, primary key(a)) engine='MyISAM'  partition by key /__MAXWELL__/ ( partition pa1 max_rows=20 min_rows=2, partition pa2 max_rows=30 min_rows=3, partition pa3 max_rows=30 min_rows=4, partition pa4 max_rows=40 min_rows=2)"
[1] 23:43:28,590 DEBUG SchemaChange - rewrote SQL to create table t1 (a set('A','B','C','D','E','F','G','H','I','J','K','L') not null, primary key(a)) engine='MyISAM'  partition by key /__MAXWELL__/ ( /__MAXWELL__/
[1] 23:43:28,590 DEBUG SchemaChange - SQL_PARSE <- "create table t1 (a set('A','B','C','D','E','F','G','H','I','J','K','L') not null, primary key(a)) engine='MyISAM'  partition by key /__MAXWELL__/ ( /__MAXWELL__/"
[1] 23:43:28,591 DEBUG SchemaChange - SQL_PARSE ->   (parse (statement (create_table (create_table_preamble create table (table_name (name (id t1)))) (create_specifications ( (create_specification (column_definition (name (id a)) (data_type (enumerated_type set ( (enumerated_values (enum_value (string_literal 'A')) , (enum_value (string_literal 'B')) , (enum_value (string_literal 'C')) , (enum_value (string_literal 'D')) , (enum_value (string_literal 'E')) , (enum_value (string_literal 'F')) , (enum_value (string_literal 'G')) , (enum_value (string_literal 'H')) , (enum_value (string_literal 'I')) , (enum_value (string_literal 'J')) , (enum_value (string_literal 'K')) , (enum_value (string_literal 'L'))) ) (column_options (nullability not null)))))) , (create_specification (index_definition (index_type_pk primary key (index_column_list ( (index_columns (index_column (name (id a)))) ))))) )) (table_creation_option (creation_engine engine = (string_literal 'MyISAM'))) (table_creation_option (partition_by partition by (partition_by_what key (skip_parens /__MAXWELL__/)) (partition_definitions ( (skip_parens_inside_partition_definitions /__MAXWELL__/)))))) <EOF>)
[1] 23:43:28,591 DEBUG SchemaChange - SQL_PARSE <- "create table t1 (a set('y','n') not null) partition by key (a)"
[1] 23:43:28,591 DEBUG SchemaChange - rewrote SQL to create table t1 (a set('y','n') not null) partition by key /__MAXWELL__/
[1] 23:43:28,591 DEBUG SchemaChange - SQL_PARSE <- "create table t1 (a set('y','n') not null) partition by key /__MAXWELL__/"
[1] 23:43:28,591 DEBUG SchemaChange - SQL_PARSE ->   (parse (statement (create_table (create_table_preamble create table (table_name (name (id t1)))) (create_specifications ( (create_specification (column_definition (name (id a)) (data_type (enumerated_type set ( (enumerated_values (enum_value (string_literal 'y')) , (enum_value (string_literal 'n'))) ) (column_options (nullability not null)))))) )) (table_creation_option (partition_by partition by (partition_by_what key (skip_parens /__MAXWELL__/)))))) <EOF>)
[1] 23:43:28,591 DEBUG SchemaChange - SQL_PARSE <- "create table t1 (a set('y','n')) partition by key (a)"
[1] 23:43:28,591 DEBUG SchemaChange - rewrote SQL to create table t1 (a set('y','n')) partition by key /__MAXWELL__/
[1] 23:43:28,591 DEBUG SchemaChange - SQL_PARSE <- "create table t1 (a set('y','n')) partition by key /__MAXWELL__/"
[1] 23:43:28,592 DEBUG SchemaChange - SQL_PARSE ->   (parse (statement (create_table (create_table_preamble create table (table_name (name (id t1)))) (create_specifications ( (create_specification (column_definition (name (id a)) (data_type (enumerated_type set ( (enumerated_values (enum_value (string_literal 'y')) , (enum_value (string_literal 'n'))) ))))) )) (table_creation_option (partition_by partition by (partition_by_what key (skip_parens /__MAXWELL__/)))))) <EOF>)
[1] 23:43:28,592 DEBUG SchemaChange - SQL_PARSE <- "create table t1 (a smallint not null) partition by key (a)"
[1] 23:43:28,592 DEBUG SchemaChange - rewrote SQL to create table t1 (a smallint not null) partition by key /__MAXWELL__/
[1] 23:43:28,592 DEBUG SchemaChange - SQL_PARSE <- "create table t1 (a smallint not null) partition by key /__MAXWELL__/"
[1] 23:43:28,592 DEBUG SchemaChange - SQL_PARSE ->   (parse (statement (create_table (create_table_preamble create table (table_name (name (id t1)))) (create_specifications ( (create_specification (column_definition (name (id a)) (data_type (signed_type smallint (column_options (nullability not null)))))) )) (table_creation_option (partition_by partition by (partition_by_what key (skip_parens /__MAXWELL__/)))))) <EOF>)
[1] 23:43:28,592 DEBUG SchemaChange - SQL_PARSE <- "create table t1 (a smallint) partition by key (a)"
[1] 23:43:28,592 DEBUG SchemaChange - rewrote SQL to create table t1 (a smallint) partition by key /__MAXWELL__/
[1] 23:43:28,592 DEBUG SchemaChange - SQL_PARSE <- "create table t1 (a smallint) partition by key /__MAXWELL__/"
[1] 23:43:28,592 DEBUG SchemaChange - SQL_PARSE ->   (parse (statement (create_table (create_table_preamble create table (table_name (name (id t1)))) (create_specifications ( (create_specification (column_definition (name (id a)) (data_type (signed_type smallint)))) )) (table_creation_option (partition_by partition by (partition_by_what key (skip_parens /__MAXWELL__/)))))) <EOF>)
[1] 23:43:28,592 DEBUG SchemaChange - SQL_PARSE <- "create table t1 (a time not null) partition by key (a)"
[1] 23:43:28,592 DEBUG SchemaChange - rewrote SQL to create table t1 (a time not null) partition by key /__MAXWELL__/
[1] 23:43:28,592 DEBUG SchemaChange - SQL_PARSE <- "create table t1 (a time not null) partition by key /__MAXWELL__/"
[1] 23:43:28,593 DEBUG SchemaChange - SQL_PARSE ->   (parse (statement (create_table (create_table_preamble create table (table_name (name (id t1)))) (create_specifications ( (create_specification (column_definition (name (id a)) (data_type (generic_type time (column_options (nullability not null)))))) )) (table_creation_option (partition_by partition by (partition_by_what key (skip_parens /__MAXWELL__/)))))) <EOF>)
[1] 23:43:28,593 DEBUG SchemaChange - SQL_PARSE <- "create table t1 (a time not null, primary key(a)) engine='MyISAM'  partition by key (a) ( partition pa1 max_rows=20 min_rows=2, partition pa2 max_rows=30 min_rows=3, partition pa3 max_rows=30 min_rows=4, partition pa4 max_rows=40 min_rows=2)"
[1] 23:43:28,593 DEBUG SchemaChange - rewrote SQL to create table t1 (a time not null, primary key(a)) engine='MyISAM'  partition by key /__MAXWELL__/ ( partition pa1 max_rows=20 min_rows=2, partition pa2 max_rows=30 min_rows=3, partition pa3 max_rows=30 min_rows=4, partition pa4 max_rows=40 min_rows=2)
[1] 23:43:28,593 DEBUG SchemaChange - SQL_PARSE <- "create table t1 (a time not null, primary key(a)) engine='MyISAM'  partition by key /__MAXWELL__/ ( partition pa1 max_rows=20 min_rows=2, partition pa2 max_rows=30 min_rows=3, partition pa3 max_rows=30 min_rows=4, partition pa4 max_rows=40 min_rows=2)"
[1] 23:43:28,593 DEBUG SchemaChange - rewrote SQL to create table t1 (a time not null, primary key(a)) engine='MyISAM'  partition by key /__MAXWELL__/ ( /__MAXWELL__/
[1] 23:43:28,593 DEBUG SchemaChange - SQL_PARSE <- "create table t1 (a time not null, primary key(a)) engine='MyISAM'  partition by key /__MAXWELL__/ ( /__MAXWELL__/"
[1] 23:43:28,593 DEBUG SchemaChange - SQL_PARSE ->   (parse (statement (create_table (create_table_preamble create table (table_name (name (id t1)))) (create_specifications ( (create_specification (column_definition (name (id a)) (data_type (generic_type time (column_options (nullability not null)))))) , (create_specification (index_definition (index_type_pk primary key (index_column_list ( (index_columns (index_column (name (id a)))) ))))) )) (table_creation_option (creation_engine engine = (string_literal 'MyISAM'))) (table_creation_option (partition_by partition by (partition_by_what key (skip_parens /__MAXWELL__/)) (partition_definitions ( (skip_parens_inside_partition_definitions /__MAXWELL__/)))))) <EOF>)
[1] 23:43:28,593 DEBUG SchemaChange - SQL_PARSE <- "create table t1 (a time) partition by key (a)"
[1] 23:43:28,593 DEBUG SchemaChange - rewrote SQL to create table t1 (a time) partition by key /__MAXWELL__/
[1] 23:43:28,593 DEBUG SchemaChange - SQL_PARSE <- "create table t1 (a time) partition by key /__MAXWELL__/"
[1] 23:43:28,594 DEBUG SchemaChange - SQL_PARSE ->   (parse (statement (create_table (create_table_preamble create table (table_name (name (id t1)))) (create_specifications ( (create_specification (column_definition (name (id a)) (data_type (generic_type time)))) )) (table_creation_option (partition_by partition by (partition_by_what key (skip_parens /__MAXWELL__/)))))) <EOF>)
[1] 23:43:28,594 DEBUG SchemaChange - SQL_PARSE <- "create table t1 (a timestamp not null) partition by key (a)"
[1] 23:43:28,594 DEBUG SchemaChange - rewrote SQL to create table t1 (a timestamp not null) partition by key /__MAXWELL__/
[1] 23:43:28,594 DEBUG SchemaChange - SQL_PARSE <- "create table t1 (a timestamp not null) partition by key /__MAXWELL__/"
[1] 23:43:28,594 DEBUG SchemaChange - SQL_PARSE ->   (parse (statement (create_table (create_table_preamble create table (table_name (name (id t1)))) (create_specifications ( (create_specification (column_definition (name (id a)) (data_type (generic_type timestamp (column_options (nullability not null)))))) )) (table_creation_option (partition_by partition by (partition_by_what key (skip_parens /__MAXWELL__/)))))) <EOF>)
[1] 23:43:28,594 DEBUG SchemaChange - SQL_PARSE <- "create table t1 (a timestamp not null, primary key(a)) engine='MyISAM'  partition by key (a) ( partition pa1 max_rows=20 min_rows=2, partition pa2 max_rows=30 min_rows=3, partition pa3 max_rows=30 min_rows=4, partition pa4 max_rows=40 min_rows=2)"
[1] 23:43:28,594 DEBUG SchemaChange - rewrote SQL to create table t1 (a timestamp not null, primary key(a)) engine='MyISAM'  partition by key /__MAXWELL__/ ( partition pa1 max_rows=20 min_rows=2, partition pa2 max_rows=30 min_rows=3, partition pa3 max_rows=30 min_rows=4, partition pa4 max_rows=40 min_rows=2)
[1] 23:43:28,594 DEBUG SchemaChange - SQL_PARSE <- "create table t1 (a timestamp not null, primary key(a)) engine='MyISAM'  partition by key /__MAXWELL__/ ( partition pa1 max_rows=20 min_rows=2, partition pa2 max_rows=30 min_rows=3, partition pa3 max_rows=30 min_rows=4, partition pa4 max_rows=40 min_rows=2)"
[1] 23:43:28,594 DEBUG SchemaChange - rewrote SQL to create table t1 (a timestamp not null, primary key(a)) engine='MyISAM'  partition by key /__MAXWELL__/ ( /__MAXWELL__/
[1] 23:43:28,594 DEBUG SchemaChange - SQL_PARSE <- "create table t1 (a timestamp not null, primary key(a)) engine='MyISAM'  partition by key /__MAXWELL__/ ( /__MAXWELL__/"
[1] 23:43:28,595 DEBUG SchemaChange - SQL_PARSE ->   (parse (statement (create_table (create_table_preamble create table (table_name (name (id t1)))) (create_specifications ( (create_specification (column_definition (name (id a)) (data_type (generic_type timestamp (column_options (nullability not null)))))) , (create_specification (index_definition (index_type_pk primary key (index_column_list ( (index_columns (index_column (name (id a)))) ))))) )) (table_creation_option (creation_engine engine = (string_literal 'MyISAM'))) (table_creation_option (partition_by partition by (partition_by_what key (skip_parens /__MAXWELL__/)) (partition_definitions ( (skip_parens_inside_partition_definitions /__MAXWELL__/)))))) <EOF>)
[1] 23:43:28,595 DEBUG SchemaChange - SQL_PARSE <- "create table t1 (a timestamp null) partition by key (a)"
[1] 23:43:28,595 DEBUG SchemaChange - rewrote SQL to create table t1 (a timestamp null) partition by key /__MAXWELL__/
[1] 23:43:28,595 DEBUG SchemaChange - SQL_PARSE <- "create table t1 (a timestamp null) partition by key /__MAXWELL__/"
[1] 23:43:28,595 DEBUG SchemaChange - SQL_PARSE ->   (parse (statement (create_table (create_table_preamble create table (table_name (name (id t1)))) (create_specifications ( (create_specification (column_definition (name (id a)) (data_type (generic_type timestamp (column_options (nullability null)))))) )) (table_creation_option (partition_by partition by (partition_by_what key (skip_parens /__MAXWELL__/)))))) <EOF>)
[1] 23:43:28,595 DEBUG SchemaChange - SQL_PARSE <- "create table t1 (a tinyint not null) partition by key (a)"
[1] 23:43:28,595 DEBUG SchemaChange - rewrote SQL to create table t1 (a tinyint not null) partition by key /__MAXWELL__/
[1] 23:43:28,595 DEBUG SchemaChange - SQL_PARSE <- "create table t1 (a tinyint not null) partition by key /__MAXWELL__/"
[1] 23:43:28,595 DEBUG SchemaChange - SQL_PARSE ->   (parse (statement (create_table (create_table_preamble create table (table_name (name (id t1)))) (create_specifications ( (create_specification (column_definition (name (id a)) (data_type (signed_type tinyint (column_options (nullability not null)))))) )) (table_creation_option (partition_by partition by (partition_by_what key (skip_parens /__MAXWELL__/)))))) <EOF>)
[1] 23:43:28,595 DEBUG SchemaChange - SQL_PARSE <- "create table t1 (a tinyint) partition by key (a)"
[1] 23:43:28,596 DEBUG SchemaChange - rewrote SQL to create table t1 (a tinyint) partition by key /__MAXWELL__/
[1] 23:43:28,596 DEBUG SchemaChange - SQL_PARSE <- "create table t1 (a tinyint) partition by key /__MAXWELL__/"
[1] 23:43:28,596 DEBUG SchemaChange - SQL_PARSE ->   (parse (statement (create_table (create_table_preamble create table (table_name (name (id t1)))) (create_specifications ( (create_specification (column_definition (name (id a)) (data_type (signed_type tinyint)))) )) (table_creation_option (partition_by partition by (partition_by_what key (skip_parens /__MAXWELL__/)))))) <EOF>)
[1] 23:43:28,596 DEBUG SchemaChange - SQL_PARSE <- "create table t1 (a varbinary(767) not null, primary key(a)) engine='MyISAM'  partition by key (a) ( partition pa1 max_rows=20 min_rows=2, partition pa2 max_rows=30 min_rows=3, partition pa3 max_rows=30 min_rows=4, partition pa4 max_rows=40 min_rows=2)"
[1] 23:43:28,597 DEBUG SchemaChange - rewrote SQL to create table t1 (a varbinary(767) not null, primary key(a)) engine='MyISAM'  partition by key /__MAXWELL__/ ( partition pa1 max_rows=20 min_rows=2, partition pa2 max_rows=30 min_rows=3, partition pa3 max_rows=30 min_rows=4, partition pa4 max_rows=40 min_rows=2)
[1] 23:43:28,597 DEBUG SchemaChange - SQL_PARSE <- "create table t1 (a varbinary(767) not null, primary key(a)) engine='MyISAM'  partition by key /__MAXWELL__/ ( partition pa1 max_rows=20 min_rows=2, partition pa2 max_rows=30 min_rows=3, partition pa3 max_rows=30 min_rows=4, partition pa4 max_rows=40 min_rows=2)"
[1] 23:43:28,597 DEBUG SchemaChange - rewrote SQL to create table t1 (a varbinary(767) not null, primary key(a)) engine='MyISAM'  partition by key /__MAXWELL__/ ( /__MAXWELL__/
[1] 23:43:28,597 DEBUG SchemaChange - SQL_PARSE <- "create table t1 (a varbinary(767) not null, primary key(a)) engine='MyISAM'  partition by key /__MAXWELL__/ ( /__MAXWELL__/"
[1] 23:43:28,597 DEBUG SchemaChange - SQL_PARSE ->   (parse (statement (create_table (create_table_preamble create table (table_name (name (id t1)))) (create_specifications ( (create_specification (column_definition (name (id a)) (data_type (generic_type varbinary (length ( 767 )) (column_options (nullability not null)))))) , (create_specification (index_definition (index_type_pk primary key (index_column_list ( (index_columns (index_column (name (id a)))) ))))) )) (table_creation_option (creation_engine engine = (string_literal 'MyISAM'))) (table_creation_option (partition_by partition by (partition_by_what key (skip_parens /__MAXWELL__/)) (partition_definitions ( (skip_parens_inside_partition_definitions /__MAXWELL__/)))))) <EOF>)
[1] 23:43:28,597 DEBUG SchemaChange - SQL_PARSE <- "create table t1 (a varchar(1) character set latin1 collate latin1_general_ci) partition by range columns(a) ( partition p0 values less than ('a'), partition p1 values less than ('b'), partition p2 values less than ('c'), partition p3 values less than ('d'))"
[1] 23:43:28,598 DEBUG SchemaChange - rewrote SQL to create table t1 (a varchar(1) character set latin1 collate latin1_general_ci) partition by range columns/__MAXWELL__/ ( partition p0 values less than ('a'), partition p1 values less than ('b'), partition p2 values less than ('c'), partition p3 values less than ('d'))
[1] 23:43:28,598 DEBUG SchemaChange - SQL_PARSE <- "create table t1 (a varchar(1) character set latin1 collate latin1_general_ci) partition by range columns/__MAXWELL__/ ( partition p0 values less than ('a'), partition p1 values less than ('b'), partition p2 values less than ('c'), partition p3 values less than ('d'))"
[1] 23:43:28,598 DEBUG SchemaChange - rewrote SQL to create table t1 (a varchar(1) character set latin1 collate latin1_general_ci) partition by range columns/__MAXWELL__/ ( /__MAXWELL__/
[1] 23:43:28,598 DEBUG SchemaChange - SQL_PARSE <- "create table t1 (a varchar(1) character set latin1 collate latin1_general_ci) partition by range columns/__MAXWELL__/ ( /__MAXWELL__/"
[1] 23:43:28,598 DEBUG SchemaChange - SQL_PARSE ->   (parse (statement (create_table (create_table_preamble create table (table_name (name (id t1)))) (create_specifications ( (create_specification (column_definition (name (id a)) (data_type (string_type varchar (length ( 1 )) (column_options (charset_def (character_set character set (charset_name latin1)))) (column_options (collation collate latin1_general_ci)))))) )) (table_creation_option (partition_by partition by (partition_by_what range columns (skip_parens /__MAXWELL__/)) (partition_definitions ( (skip_parens_inside_partition_definitions /__MAXWELL__/)))))) <EOF>)
[1] 23:43:28,598 DEBUG SchemaChange - SQL_PARSE <- "create table t1 (a varchar(10) character set latin1 not null) partition by key (a)"
[1] 23:43:28,598 DEBUG SchemaChange - rewrote SQL to create table t1 (a varchar(10) character set latin1 not null) partition by key /__MAXWELL__/
[1] 23:43:28,598 DEBUG SchemaChange - SQL_PARSE <- "create table t1 (a varchar(10) character set latin1 not null) partition by key /__MAXWELL__/"
[1] 23:43:28,598 DEBUG SchemaChange - SQL_PARSE ->   (parse (statement (create_table (create_table_preamble create table (table_name (name (id t1)))) (create_specifications ( (create_specification (column_definition (name (id a)) (data_type (string_type varchar (length ( 10 )) (column_options (charset_def (character_set character set (charset_name latin1)))) (column_options (nullability not null)))))) )) (table_creation_option (partition_by partition by (partition_by_what key (skip_parens /__MAXWELL__/)))))) <EOF>)
[1] 23:43:28,598 DEBUG SchemaChange - SQL_PARSE <- "create table t1 (a varchar(10) character set latin1) partition by key (a)"
[1] 23:43:28,599 DEBUG SchemaChange - rewrote SQL to create table t1 (a varchar(10) character set latin1) partition by key /__MAXWELL__/
[1] 23:43:28,599 DEBUG SchemaChange - SQL_PARSE <- "create table t1 (a varchar(10) character set latin1) partition by key /__MAXWELL__/"
[1] 23:43:28,599 DEBUG SchemaChange - SQL_PARSE ->   (parse (statement (create_table (create_table_preamble create table (table_name (name (id t1)))) (create_specifications ( (create_specification (column_definition (name (id a)) (data_type (string_type varchar (length ( 10 )) (column_options (charset_def (character_set character set (charset_name latin1)))))))) )) (table_creation_option (partition_by partition by (partition_by_what key (skip_parens /__MAXWELL__/)))))) <EOF>)
[1] 23:43:28,599 DEBUG SchemaChange - SQL_PARSE <- "create table t1 (a varchar(10) character set utf8 not null) partition by key (a)"
[1] 23:43:28,599 DEBUG SchemaChange - rewrote SQL to create table t1 (a varchar(10) character set utf8 not null) partition by key /__MAXWELL__/
[1] 23:43:28,599 DEBUG SchemaChange - SQL_PARSE <- "create table t1 (a varchar(10) character set utf8 not null) partition by key /__MAXWELL__/"
[1] 23:43:28,599 DEBUG SchemaChange - SQL_PARSE ->   (parse (statement (create_table (create_table_preamble create table (table_name (name (id t1)))) (create_specifications ( (create_specification (column_definition (name (id a)) (data_type (string_type varchar (length ( 10 )) (column_options (charset_def (character_set character set (charset_name utf8)))) (column_options (nullability not null)))))) )) (table_creation_option (partition_by partition by (partition_by_what key (skip_parens /__MAXWELL__/)))))) <EOF>)
[1] 23:43:28,599 DEBUG SchemaChange - SQL_PARSE <- "create table t1 (a varchar(10) character set utf8) partition by key (a)"
[1] 23:43:28,599 DEBUG SchemaChange - rewrote SQL to create table t1 (a varchar(10) character set utf8) partition by key /__MAXWELL__/
[1] 23:43:28,599 DEBUG SchemaChange - SQL_PARSE <- "create table t1 (a varchar(10) character set utf8) partition by key /__MAXWELL__/"
[1] 23:43:28,600 DEBUG SchemaChange - SQL_PARSE ->   (parse (statement (create_table (create_table_preamble create table (table_name (name (id t1)))) (create_specifications ( (create_specification (column_definition (name (id a)) (data_type (string_type varchar (length ( 10 )) (column_options (charset_def (character_set character set (charset_name utf8)))))))) )) (table_creation_option (partition_by partition by (partition_by_what key (skip_parens /__MAXWELL__/)))))) <EOF>)
[1] 23:43:28,600 DEBUG SchemaChange - SQL_PARSE <- "create table t1 (a varchar(1023) character set utf8 collate utf8_spanish2_ci) partition by range columns(a) ( partition p0 values less than ('CZ'), partition p1 values less than ('CH'), partition p2 values less than ('D'))"
[1] 23:43:28,600 DEBUG SchemaChange - rewrote SQL to create table t1 (a varchar(1023) character set utf8 collate utf8_spanish2_ci) partition by range columns/__MAXWELL__/ ( partition p0 values less than ('CZ'), partition p1 values less than ('CH'), partition p2 values less than ('D'))
[1] 23:43:28,600 DEBUG SchemaChange - SQL_PARSE <- "create table t1 (a varchar(1023) character set utf8 collate utf8_spanish2_ci) partition by range columns/__MAXWELL__/ ( partition p0 values less than ('CZ'), partition p1 values less than ('CH'), partition p2 values less than ('D'))"
[1] 23:43:28,600 DEBUG SchemaChange - rewrote SQL to create table t1 (a varchar(1023) character set utf8 collate utf8_spanish2_ci) partition by range columns/__MAXWELL__/ ( /__MAXWELL__/
[1] 23:43:28,600 DEBUG SchemaChange - SQL_PARSE <- "create table t1 (a varchar(1023) character set utf8 collate utf8_spanish2_ci) partition by range columns/__MAXWELL__/ ( /__MAXWELL__/"
[1] 23:43:28,600 DEBUG SchemaChange - SQL_PARSE ->   (parse (statement (create_table (create_table_preamble create table (table_name (name (id t1)))) (create_specifications ( (create_specification (column_definition (name (id a)) (data_type (string_type varchar (length ( 1023 )) (column_options (charset_def (character_set character set (charset_name utf8)))) (column_options (collation collate utf8_spanish2_ci)))))) )) (table_creation_option (partition_by partition by (partition_by_what range columns (skip_parens /__MAXWELL__/)) (partition_definitions ( (skip_parens_inside_partition_definitions /__MAXWELL__/)))))) <EOF>)
[1] 23:43:28,600 DEBUG SchemaChange - SQL_PARSE <- "create table t1 (a varchar(2) character set cp1250) partition by list columns (a) ( partition p0 values in (0x80))"
[1] 23:43:28,600 DEBUG SchemaChange - rewrote SQL to create table t1 (a varchar(2) character set cp1250) partition by list columns /__MAXWELL__/ ( partition p0 values in (0x80))
[1] 23:43:28,600 DEBUG SchemaChange - SQL_PARSE <- "create table t1 (a varchar(2) character set cp1250) partition by list columns /__MAXWELL__/ ( partition p0 values in (0x80))"
[1] 23:43:28,601 DEBUG SchemaChange - rewrote SQL to create table t1 (a varchar(2) character set cp1250) partition by list columns /__MAXWELL__/ ( /__MAXWELL__/
[1] 23:43:28,601 DEBUG SchemaChange - SQL_PARSE <- "create table t1 (a varchar(2) character set cp1250) partition by list columns /__MAXWELL__/ ( /__MAXWELL__/"
[1] 23:43:28,601 DEBUG SchemaChange - SQL_PARSE ->   (parse (statement (create_table (create_table_preamble create table (table_name (name (id t1)))) (create_specifications ( (create_specification (column_definition (name (id a)) (data_type (string_type varchar (length ( 2 )) (column_options (charset_def (character_set character set (charset_name cp1250)))))))) )) (table_creation_option (partition_by partition by (partition_by_what list columns (skip_parens /__MAXWELL__/)) (partition_definitions ( (skip_parens_inside_partition_definitions /__MAXWELL__/)))))) <EOF>)
[1] 23:43:28,601 DEBUG SchemaChange - SQL_PARSE <- "create table t1 (a varchar(2) character set cp1250) partition by list columns (a) ( partition p0 values in (0x81))"
[1] 23:43:28,601 DEBUG SchemaChange - rewrote SQL to create table t1 (a varchar(2) character set cp1250) partition by list columns /__MAXWELL__/ ( partition p0 values in (0x81))
[1] 23:43:28,601 DEBUG SchemaChange - SQL_PARSE <- "create table t1 (a varchar(2) character set cp1250) partition by list columns /__MAXWELL__/ ( partition p0 values in (0x81))"
[1] 23:43:28,601 DEBUG SchemaChange - rewrote SQL to create table t1 (a varchar(2) character set cp1250) partition by list columns /__MAXWELL__/ ( /__MAXWELL__/
[1] 23:43:28,601 DEBUG SchemaChange - SQL_PARSE <- "create table t1 (a varchar(2) character set cp1250) partition by list columns /__MAXWELL__/ ( /__MAXWELL__/"
[1] 23:43:28,602 DEBUG SchemaChange - SQL_PARSE ->   (parse (statement (create_table (create_table_preamble create table (table_name (name (id t1)))) (create_specifications ( (create_specification (column_definition (name (id a)) (data_type (string_type varchar (length ( 2 )) (column_options (charset_def (character_set character set (charset_name cp1250)))))))) )) (table_creation_option (partition_by partition by (partition_by_what list columns (skip_parens /__MAXWELL__/)) (partition_definitions ( (skip_parens_inside_partition_definitions /__MAXWELL__/)))))) <EOF>)
[1] 23:43:28,602 DEBUG SchemaChange - SQL_PARSE <- "create table t1 (a varchar(2) character set latin1, b varchar(2) character set latin1) partition by list columns(a,b) (partition p0 values in (('a','a')))"
[1] 23:43:28,602 DEBUG SchemaChange - rewrote SQL to create table t1 (a varchar(2) character set latin1, b varchar(2) character set latin1) partition by list columns/__MAXWELL__/ (partition p0 values in (('a','a')))
[1] 23:43:28,602 DEBUG SchemaChange - SQL_PARSE <- "create table t1 (a varchar(2) character set latin1, b varchar(2) character set latin1) partition by list columns/__MAXWELL__/ (partition p0 values in (('a','a')))"
[1] 23:43:28,602 DEBUG SchemaChange - rewrote SQL to create table t1 (a varchar(2) character set latin1, b varchar(2) character set latin1) partition by list columns/__MAXWELL__/ (/__MAXWELL__/
[1] 23:43:28,602 DEBUG SchemaChange - SQL_PARSE <- "create table t1 (a varchar(2) character set latin1, b varchar(2) character set latin1) partition by list columns/__MAXWELL__/ (/__MAXWELL__/"
[1] 23:43:28,602 DEBUG SchemaChange - SQL_PARSE ->   (parse (statement (create_table (create_table_preamble create table (table_name (name (id t1)))) (create_specifications ( (create_specification (column_definition (name (id a)) (data_type (string_type varchar (length ( 2 )) (column_options (charset_def (character_set character set (charset_name latin1)))))))) , (create_specification (column_definition (name (id b)) (data_type (string_type varchar (length ( 2 )) (column_options (charset_def (character_set character set (charset_name latin1)))))))) )) (table_creation_option (partition_by partition by (partition_by_what list columns (skip_parens /__MAXWELL__/)) (partition_definitions ( (skip_parens_inside_partition_definitions /__MAXWELL__/)))))) <EOF>)
[1] 23:43:28,602 DEBUG SchemaChange - SQL_PARSE <- "create table t1 (a varchar(2) character set ucs2) partition by list columns (a) (partition p0 values in (0x2020), partition p1 values in (''))"
[1] 23:43:28,603 DEBUG SchemaChange - rewrote SQL to create table t1 (a varchar(2) character set ucs2) partition by list columns /__MAXWELL__/ (partition p0 values in (0x2020), partition p1 values in (''))
[1] 23:43:28,603 DEBUG SchemaChange - SQL_PARSE <- "create table t1 (a varchar(2) character set ucs2) partition by list columns /__MAXWELL__/ (partition p0 values in (0x2020), partition p1 values in (''))"
[1] 23:43:28,603 DEBUG SchemaChange - rewrote SQL to create table t1 (a varchar(2) character set ucs2) partition by list columns /__MAXWELL__/ (/__MAXWELL__/
[1] 23:43:28,603 DEBUG SchemaChange - SQL_PARSE <- "create table t1 (a varchar(2) character set ucs2) partition by list columns /__MAXWELL__/ (/__MAXWELL__/"
[1] 23:43:28,603 DEBUG SchemaChange - SQL_PARSE ->   (parse (statement (create_table (create_table_preamble create table (table_name (name (id t1)))) (create_specifications ( (create_specification (column_definition (name (id a)) (data_type (string_type varchar (length ( 2 )) (column_options (charset_def (character_set character set (charset_name ucs2)))))))) )) (table_creation_option (partition_by partition by (partition_by_what list columns (skip_parens /__MAXWELL__/)) (partition_definitions ( (skip_parens_inside_partition_definitions /__MAXWELL__/)))))) <EOF>)
[1] 23:43:28,603 DEBUG SchemaChange - SQL_PARSE <- "create table t1 (a varchar(300) character set latin1 not null) partition by key (a)"
[1] 23:43:28,603 DEBUG SchemaChange - rewrote SQL to create table t1 (a varchar(300) character set latin1 not null) partition by key /__MAXWELL__/
[1] 23:43:28,603 DEBUG SchemaChange - SQL_PARSE <- "create table t1 (a varchar(300) character set latin1 not null) partition by key /__MAXWELL__/"
[1] 23:43:28,603 DEBUG SchemaChange - SQL_PARSE ->   (parse (statement (create_table (create_table_preamble create table (table_name (name (id t1)))) (create_specifications ( (create_specification (column_definition (name (id a)) (data_type (string_type varchar (length ( 300 )) (column_options (charset_def (character_set character set (charset_name latin1)))) (column_options (nullability not null)))))) )) (table_creation_option (partition_by partition by (partition_by_what key (skip_parens /__MAXWELL__/)))))) <EOF>)
[1] 23:43:28,603 DEBUG SchemaChange - SQL_PARSE <- "create table t1 (a varchar(300) character set latin1) partition by key (a)"
[1] 23:43:28,604 DEBUG SchemaChange - rewrote SQL to create table t1 (a varchar(300) character set latin1) partition by key /__MAXWELL__/
[1] 23:43:28,604 DEBUG SchemaChange - SQL_PARSE <- "create table t1 (a varchar(300) character set latin1) partition by key /__MAXWELL__/"
[1] 23:43:28,604 DEBUG SchemaChange - SQL_PARSE ->   (parse (statement (create_table (create_table_preamble create table (table_name (name (id t1)))) (create_specifications ( (create_specification (column_definition (name (id a)) (data_type (string_type varchar (length ( 300 )) (column_options (charset_def (character_set character set (charset_name latin1)))))))) )) (table_creation_option (partition_by partition by (partition_by_what key (skip_parens /__MAXWELL__/)))))) <EOF>)
[1] 23:43:28,604 DEBUG SchemaChange - SQL_PARSE <- "create table t1 (a varchar(300) character set utf8 not null) partition by key (a)"
[1] 23:43:28,604 DEBUG SchemaChange - rewrote SQL to create table t1 (a varchar(300) character set utf8 not null) partition by key /__MAXWELL__/
[1] 23:43:28,604 DEBUG SchemaChange - SQL_PARSE <- "create table t1 (a varchar(300) character set utf8 not null) partition by key /__MAXWELL__/"
[1] 23:43:28,604 DEBUG SchemaChange - SQL_PARSE ->   (parse (statement (create_table (create_table_preamble create table (table_name (name (id t1)))) (create_specifications ( (create_specification (column_definition (name (id a)) (data_type (string_type varchar (length ( 300 )) (column_options (charset_def (character_set character set (charset_name utf8)))) (column_options (nullability not null)))))) )) (table_creation_option (partition_by partition by (partition_by_what key (skip_parens /__MAXWELL__/)))))) <EOF>)
[1] 23:43:28,604 DEBUG SchemaChange - SQL_PARSE <- "create table t1 (a varchar(300) character set utf8) partition by key (a)"
[1] 23:43:28,604 DEBUG SchemaChange - rewrote SQL to create table t1 (a varchar(300) character set utf8) partition by key /__MAXWELL__/
[1] 23:43:28,604 DEBUG SchemaChange - SQL_PARSE <- "create table t1 (a varchar(300) character set utf8) partition by key /__MAXWELL__/"
[1] 23:43:28,605 DEBUG SchemaChange - SQL_PARSE ->   (parse (statement (create_table (create_table_preamble create table (table_name (name (id t1)))) (create_specifications ( (create_specification (column_definition (name (id a)) (data_type (string_type varchar (length ( 300 )) (column_options (charset_def (character_set character set (charset_name utf8)))))))) )) (table_creation_option (partition_by partition by (partition_by_what key (skip_parens /__MAXWELL__/)))))) <EOF>)
[1] 23:43:28,605 DEBUG SchemaChange - SQL_PARSE <- "create table t1 (a varchar(3068)) partition by key (a)"
[1] 23:43:28,605 DEBUG SchemaChange - rewrote SQL to create table t1 (a varchar(3068)) partition by key /__MAXWELL__/
[1] 23:43:28,605 DEBUG SchemaChange - SQL_PARSE <- "create table t1 (a varchar(3068)) partition by key /__MAXWELL__/"
[1] 23:43:28,605 DEBUG SchemaChange - SQL_PARSE ->   (parse (statement (create_table (create_table_preamble create table (table_name (name (id t1)))) (create_specifications ( (create_specification (column_definition (name (id a)) (data_type (string_type varchar (length ( 3068 )))))) )) (table_creation_option (partition_by partition by (partition_by_what key (skip_parens /__MAXWELL__/)))))) <EOF>)
[1] 23:43:28,605 DEBUG SchemaChange - SQL_PARSE <- "create table t1 (a varchar(3069)) partition by key (a)"
[1] 23:43:28,605 DEBUG SchemaChange - rewrote SQL to create table t1 (a varchar(3069)) partition by key /__MAXWELL__/
[1] 23:43:28,605 DEBUG SchemaChange - SQL_PARSE <- "create table t1 (a varchar(3069)) partition by key /__MAXWELL__/"
[1] 23:43:28,605 DEBUG SchemaChange - SQL_PARSE ->   (parse (statement (create_table (create_table_preamble create table (table_name (name (id t1)))) (create_specifications ( (create_specification (column_definition (name (id a)) (data_type (string_type varchar (length ( 3069 )))))) )) (table_creation_option (partition_by partition by (partition_by_what key (skip_parens /__MAXWELL__/)))))) <EOF>)
[1] 23:43:28,605 DEBUG SchemaChange - SQL_PARSE <- "create table t1 (a varchar(3070) not null) partition by key (a)"
[1] 23:43:28,605 DEBUG SchemaChange - rewrote SQL to create table t1 (a varchar(3070) not null) partition by key /__MAXWELL__/
[1] 23:43:28,605 DEBUG SchemaChange - SQL_PARSE <- "create table t1 (a varchar(3070) not null) partition by key /__MAXWELL__/"
[1] 23:43:28,606 DEBUG SchemaChange - SQL_PARSE ->   (parse (statement (create_table (create_table_preamble create table (table_name (name (id t1)))) (create_specifications ( (create_specification (column_definition (name (id a)) (data_type (string_type varchar (length ( 3070 )) (column_options (nullability not null)))))) )) (table_creation_option (partition_by partition by (partition_by_what key (skip_parens /__MAXWELL__/)))))) <EOF>)
[1] 23:43:28,606 DEBUG SchemaChange - SQL_PARSE <- "create table t1 (a varchar(5) character set ucs2 collate ucs2_bin) partition by range columns (a) (partition p0 values less than (0x0041))"
[1] 23:43:28,606 DEBUG SchemaChange - rewrote SQL to create table t1 (a varchar(5) character set ucs2 collate ucs2_bin) partition by range columns /__MAXWELL__/ (partition p0 values less than (0x0041))
[1] 23:43:28,606 DEBUG SchemaChange - SQL_PARSE <- "create table t1 (a varchar(5) character set ucs2 collate ucs2_bin) partition by range columns /__MAXWELL__/ (partition p0 values less than (0x0041))"
[1] 23:43:28,606 DEBUG SchemaChange - rewrote SQL to create table t1 (a varchar(5) character set ucs2 collate ucs2_bin) partition by range columns /__MAXWELL__/ (/__MAXWELL__/
[1] 23:43:28,606 DEBUG SchemaChange - SQL_PARSE <- "create table t1 (a varchar(5) character set ucs2 collate ucs2_bin) partition by range columns /__MAXWELL__/ (/__MAXWELL__/"
[1] 23:43:28,606 DEBUG SchemaChange - SQL_PARSE ->   (parse (statement (create_table (create_table_preamble create table (table_name (name (id t1)))) (create_specifications ( (create_specification (column_definition (name (id a)) (data_type (string_type varchar (length ( 5 )) (column_options (charset_def (character_set character set (charset_name ucs2)))) (column_options (collation collate ucs2_bin)))))) )) (table_creation_option (partition_by partition by (partition_by_what range columns (skip_parens /__MAXWELL__/)) (partition_definitions ( (skip_parens_inside_partition_definitions /__MAXWELL__/)))))) <EOF>)
[1] 23:43:28,606 DEBUG SchemaChange - SQL_PARSE <- "create table t1 (a varchar(5)) engine=innodb partition by range columns(a) ( partition p0 values less than ('m'), partition p1 values less than ('za'))"
[1] 23:43:28,606 DEBUG SchemaChange - rewrote SQL to create table t1 (a varchar(5)) engine=innodb partition by range columns/__MAXWELL__/ ( partition p0 values less than ('m'), partition p1 values less than ('za'))
[1] 23:43:28,606 DEBUG SchemaChange - SQL_PARSE <- "create table t1 (a varchar(5)) engine=innodb partition by range columns/__MAXWELL__/ ( partition p0 values less than ('m'), partition p1 values less than ('za'))"
[1] 23:43:28,607 DEBUG SchemaChange - rewrote SQL to create table t1 (a varchar(5)) engine=innodb partition by range columns/__MAXWELL__/ ( /__MAXWELL__/
[1] 23:43:28,607 DEBUG SchemaChange - SQL_PARSE <- "create table t1 (a varchar(5)) engine=innodb partition by range columns/__MAXWELL__/ ( /__MAXWELL__/"
[1] 23:43:28,607 DEBUG SchemaChange - SQL_PARSE ->   (parse (statement (create_table (create_table_preamble create table (table_name (name (id t1)))) (create_specifications ( (create_specification (column_definition (name (id a)) (data_type (string_type varchar (length ( 5 )))))) )) (table_creation_option (creation_engine engine = (id innodb))) (table_creation_option (partition_by partition by (partition_by_what range columns (skip_parens /__MAXWELL__/)) (partition_definitions ( (skip_parens_inside_partition_definitions /__MAXWELL__/)))))) <EOF>)
[1] 23:43:28,607 DEBUG SchemaChange - SQL_PARSE <- "create table t1 (a varchar(5)) engine=memory partition by range columns(a) ( partition p0 values less than ('m'), partition p1 values less than ('za'))"
[1] 23:43:28,607 DEBUG SchemaChange - rewrote SQL to create table t1 (a varchar(5)) engine=memory partition by range columns/__MAXWELL__/ ( partition p0 values less than ('m'), partition p1 values less than ('za'))
[1] 23:43:28,607 DEBUG SchemaChange - SQL_PARSE <- "create table t1 (a varchar(5)) engine=memory partition by range columns/__MAXWELL__/ ( partition p0 values less than ('m'), partition p1 values less than ('za'))"
[1] 23:43:28,607 DEBUG SchemaChange - rewrote SQL to create table t1 (a varchar(5)) engine=memory partition by range columns/__MAXWELL__/ ( /__MAXWELL__/
[1] 23:43:28,607 DEBUG SchemaChange - SQL_PARSE <- "create table t1 (a varchar(5)) engine=memory partition by range columns/__MAXWELL__/ ( /__MAXWELL__/"
[1] 23:43:28,607 DEBUG SchemaChange - SQL_PARSE ->   (parse (statement (create_table (create_table_preamble create table (table_name (name (id t1)))) (create_specifications ( (create_specification (column_definition (name (id a)) (data_type (string_type varchar (length ( 5 )))))) )) (table_creation_option (creation_engine engine = memory)) (table_creation_option (partition_by partition by (partition_by_what range columns (skip_parens /__MAXWELL__/)) (partition_definitions ( (skip_parens_inside_partition_definitions /__MAXWELL__/)))))) <EOF>)
[1] 23:43:28,607 DEBUG SchemaChange - SQL_PARSE <- "create table t1 (a varchar(5)) engine=myisam partition by range columns(a) ( partition p0 values less than ('m'), partition p1 values less than ('za'))"
[1] 23:43:28,608 DEBUG SchemaChange - rewrote SQL to create table t1 (a varchar(5)) engine=myisam partition by range columns/__MAXWELL__/ ( partition p0 values less than ('m'), partition p1 values less than ('za'))
[1] 23:43:28,608 DEBUG SchemaChange - SQL_PARSE <- "create table t1 (a varchar(5)) engine=myisam partition by range columns/__MAXWELL__/ ( partition p0 values less than ('m'), partition p1 values less than ('za'))"
[1] 23:43:28,608 DEBUG SchemaChange - rewrote SQL to create table t1 (a varchar(5)) engine=myisam partition by range columns/__MAXWELL__/ ( /__MAXWELL__/
[1] 23:43:28,608 DEBUG SchemaChange - SQL_PARSE <- "create table t1 (a varchar(5)) engine=myisam partition by range columns/__MAXWELL__/ ( /__MAXWELL__/"
[1] 23:43:28,608 DEBUG SchemaChange - SQL_PARSE ->   (parse (statement (create_table (create_table_preamble create table (table_name (name (id t1)))) (create_specifications ( (create_specification (column_definition (name (id a)) (data_type (string_type varchar (length ( 5 )))))) )) (table_creation_option (creation_engine engine = (id myisam))) (table_creation_option (partition_by partition by (partition_by_what range columns (skip_parens /__MAXWELL__/)) (partition_definitions ( (skip_parens_inside_partition_definitions /__MAXWELL__/)))))) <EOF>)
[1] 23:43:28,608 DEBUG SchemaChange - SQL_PARSE <- "create table t1 (a varchar(5), b int signed, c varchar(10), d datetime) partition by range columns(b,c) subpartition by hash(to_seconds(d)) ( partition p0 values less than (2, 'b'), partition p1 values less than (4, 'd'), partition p2 values less than (10, 'za'))"
[1] 23:43:28,608 DEBUG SchemaChange - rewrote SQL to create table t1 (a varchar(5), b int signed, c varchar(10), d datetime) partition by range columns/__MAXWELL__/ subpartition by hash(to_seconds(d)) ( partition p0 values less than (2, 'b'), partition p1 values less than (4, 'd'), partition p2 values less than (10, 'za'))
[1] 23:43:28,608 DEBUG SchemaChange - SQL_PARSE <- "create table t1 (a varchar(5), b int signed, c varchar(10), d datetime) partition by range columns/__MAXWELL__/ subpartition by hash(to_seconds(d)) ( partition p0 values less than (2, 'b'), partition p1 values less than (4, 'd'), partition p2 values less than (10, 'za'))"
[1] 23:43:28,608 DEBUG SchemaChange - rewrote SQL to create table t1 (a varchar(5), b int signed, c varchar(10), d datetime) partition by range columns/__MAXWELL__/ subpartition by hash/__MAXWELL__/ ( partition p0 values less than (2, 'b'), partition p1 values less than (4, 'd'), partition p2 values less than (10, 'za'))
[1] 23:43:28,608 DEBUG SchemaChange - SQL_PARSE <- "create table t1 (a varchar(5), b int signed, c varchar(10), d datetime) partition by range columns/__MAXWELL__/ subpartition by hash/__MAXWELL__/ ( partition p0 values less than (2, 'b'), partition p1 values less than (4, 'd'), partition p2 values less than (10, 'za'))"
[1] 23:43:28,609 DEBUG SchemaChange - rewrote SQL to create table t1 (a varchar(5), b int signed, c varchar(10), d datetime) partition by range columns/__MAXWELL__/ subpartition by hash/__MAXWELL__/ ( /__MAXWELL__/
[1] 23:43:28,609 DEBUG SchemaChange - SQL_PARSE <- "create table t1 (a varchar(5), b int signed, c varchar(10), d datetime) partition by range columns/__MAXWELL__/ subpartition by hash/__MAXWELL__/ ( /__MAXWELL__/"
[1] 23:43:28,609 DEBUG SchemaChange - SQL_PARSE ->   (parse (statement (create_table (create_table_preamble create table (table_name (name (id t1)))) (create_specifications ( (create_specification (column_definition (name (id a)) (data_type (string_type varchar (length ( 5 )))))) , (create_specification (column_definition (name (id b)) (data_type (signed_type int (int_flags signed))))) , (create_specification (column_definition (name (id c)) (data_type (string_type varchar (length ( 10 )))))) , (create_specification (column_definition (name (id d)) (data_type (generic_type datetime)))) )) (table_creation_option (partition_by partition by (partition_by_what range columns (skip_parens /__MAXWELL__/)) (subpartition_by subpartition by (partition_by_what hash (skip_parens /__MAXWELL__/))) (partition_definitions ( (skip_parens_inside_partition_definitions /__MAXWELL__/)))))) <EOF>)
[1] 23:43:28,609 DEBUG SchemaChange - SQL_PARSE <- "create table t1 (a varchar(767) not null, primary key(a)) engine='MyISAM'  partition by key (a) ( partition pa1 max_rows=20 min_rows=2, partition pa2 max_rows=30 min_rows=3, partition pa3 max_rows=30 min_rows=4, partition pa4 max_rows=40 min_rows=2)"
[1] 23:43:28,609 DEBUG SchemaChange - rewrote SQL to create table t1 (a varchar(767) not null, primary key(a)) engine='MyISAM'  partition by key /__MAXWELL__/ ( partition pa1 max_rows=20 min_rows=2, partition pa2 max_rows=30 min_rows=3, partition pa3 max_rows=30 min_rows=4, partition pa4 max_rows=40 min_rows=2)
[1] 23:43:28,609 DEBUG SchemaChange - SQL_PARSE <- "create table t1 (a varchar(767) not null, primary key(a)) engine='MyISAM'  partition by key /__MAXWELL__/ ( partition pa1 max_rows=20 min_rows=2, partition pa2 max_rows=30 min_rows=3, partition pa3 max_rows=30 min_rows=4, partition pa4 max_rows=40 min_rows=2)"
[1] 23:43:28,609 DEBUG SchemaChange - rewrote SQL to create table t1 (a varchar(767) not null, primary key(a)) engine='MyISAM'  partition by key /__MAXWELL__/ ( /__MAXWELL__/
[1] 23:43:28,610 DEBUG SchemaChange - SQL_PARSE <- "create table t1 (a varchar(767) not null, primary key(a)) engine='MyISAM'  partition by key /__MAXWELL__/ ( /__MAXWELL__/"
[1] 23:43:28,610 DEBUG SchemaChange - SQL_PARSE ->   (parse (statement (create_table (create_table_preamble create table (table_name (name (id t1)))) (create_specifications ( (create_specification (column_definition (name (id a)) (data_type (string_type varchar (length ( 767 )) (column_options (nullability not null)))))) , (create_specification (index_definition (index_type_pk primary key (index_column_list ( (index_columns (index_column (name (id a)))) ))))) )) (table_creation_option (creation_engine engine = (string_literal 'MyISAM'))) (table_creation_option (partition_by partition by (partition_by_what key (skip_parens /__MAXWELL__/)) (partition_definitions ( (skip_parens_inside_partition_definitions /__MAXWELL__/)))))) <EOF>)
[1] 23:43:28,610 DEBUG SchemaChange - SQL_PARSE <- "create table t1 (a year not null) partition by key (a)"
[1] 23:43:28,610 DEBUG SchemaChange - rewrote SQL to create table t1 (a year not null) partition by key /__MAXWELL__/
[1] 23:43:28,610 DEBUG SchemaChange - SQL_PARSE <- "create table t1 (a year not null) partition by key /__MAXWELL__/"
[1] 23:43:28,610 DEBUG SchemaChange - SQL_PARSE ->   (parse (statement (create_table (create_table_preamble create table (table_name (name (id t1)))) (create_specifications ( (create_specification (column_definition (name (id a)) (data_type (generic_type year (column_options (nullability not null)))))) )) (table_creation_option (partition_by partition by (partition_by_what key (skip_parens /__MAXWELL__/)))))) <EOF>)
[1] 23:43:28,610 DEBUG SchemaChange - SQL_PARSE <- "create table t1 (a year not null, primary key(a)) engine='MyISAM'  partition by key (a) ( partition pa1 max_rows=20 min_rows=2, partition pa2 max_rows=30 min_rows=3, partition pa3 max_rows=30 min_rows=4, partition pa4 max_rows=40 min_rows=2)"
[1] 23:43:28,610 DEBUG SchemaChange - rewrote SQL to create table t1 (a year not null, primary key(a)) engine='MyISAM'  partition by key /__MAXWELL__/ ( partition pa1 max_rows=20 min_rows=2, partition pa2 max_rows=30 min_rows=3, partition pa3 max_rows=30 min_rows=4, partition pa4 max_rows=40 min_rows=2)
[1] 23:43:28,610 DEBUG SchemaChange - SQL_PARSE <- "create table t1 (a year not null, primary key(a)) engine='MyISAM'  partition by key /__MAXWELL__/ ( partition pa1 max_rows=20 min_rows=2, partition pa2 max_rows=30 min_rows=3, partition pa3 max_rows=30 min_rows=4, partition pa4 max_rows=40 min_rows=2)"
[1] 23:43:28,610 DEBUG SchemaChange - rewrote SQL to create table t1 (a year not null, primary key(a)) engine='MyISAM'  partition by key /__MAXWELL__/ ( /__MAXWELL__/
[1] 23:43:28,610 DEBUG SchemaChange - SQL_PARSE <- "create table t1 (a year not null, primary key(a)) engine='MyISAM'  partition by key /__MAXWELL__/ ( /__MAXWELL__/"
[1] 23:43:28,611 DEBUG SchemaChange - SQL_PARSE ->   (parse (statement (create_table (create_table_preamble create table (table_name (name (id t1)))) (create_specifications ( (create_specification (column_definition (name (id a)) (data_type (generic_type year (column_options (nullability not null)))))) , (create_specification (index_definition (index_type_pk primary key (index_column_list ( (index_columns (index_column (name (id a)))) ))))) )) (table_creation_option (creation_engine engine = (string_literal 'MyISAM'))) (table_creation_option (partition_by partition by (partition_by_what key (skip_parens /__MAXWELL__/)) (partition_definitions ( (skip_parens_inside_partition_definitions /__MAXWELL__/)))))) <EOF>)
[1] 23:43:28,611 DEBUG SchemaChange - SQL_PARSE <- "create table t1 (a year) partition by key (a)"
[1] 23:43:28,611 DEBUG SchemaChange - rewrote SQL to create table t1 (a year) partition by key /__MAXWELL__/
[1] 23:43:28,611 DEBUG SchemaChange - SQL_PARSE <- "create table t1 (a year) partition by key /__MAXWELL__/"
[1] 23:43:28,611 DEBUG SchemaChange - SQL_PARSE ->   (parse (statement (create_table (create_table_preamble create table (table_name (name (id t1)))) (create_specifications ( (create_specification (column_definition (name (id a)) (data_type (generic_type year)))) )) (table_creation_option (partition_by partition by (partition_by_what key (skip_parens /__MAXWELL__/)))))) <EOF>)
[1] 23:43:28,611 DEBUG SchemaChange - SQL_PARSE <- "create table t1 (c1 int DEFAULT NULL, c2 varchar (30) DEFAULT NULL, c3 date DEFAULT NULL) engine = myisam partition by hash (to_days(c3)) partitions 12"
[1] 23:43:28,611 DEBUG SchemaChange - rewrote SQL to create table t1 (c1 int DEFAULT NULL, c2 varchar (30) DEFAULT NULL, c3 date DEFAULT NULL) engine = myisam partition by hash /__MAXWELL__/ partitions 12
[1] 23:43:28,611 DEBUG SchemaChange - SQL_PARSE <- "create table t1 (c1 int DEFAULT NULL, c2 varchar (30) DEFAULT NULL, c3 date DEFAULT NULL) engine = myisam partition by hash /__MAXWELL__/ partitions 12"
[1] 23:43:28,611 DEBUG SchemaChange - SQL_PARSE ->   (parse (statement (create_table (create_table_preamble create table (table_name (name (id t1)))) (create_specifications ( (create_specification (column_definition (name (id c1)) (data_type (signed_type int (column_options (default_value DEFAULT (literal_with_weirdo_multistring NULL))))))) , (create_specification (column_definition (name (id c2)) (data_type (string_type varchar (length ( 30 )) (column_options (default_value DEFAULT (literal_with_weirdo_multistring NULL))))))) , (create_specification (column_definition (name (id c3)) (data_type (generic_type date (column_options (default_value DEFAULT (literal_with_weirdo_multistring NULL))))))) )) (table_creation_option (creation_engine engine = (id myisam))) (table_creation_option (partition_by partition by (partition_by_what hash (skip_parens /__MAXWELL__/)) (partition_count partitions 12))))) <EOF>)
[1] 23:43:28,611 DEBUG SchemaChange - SQL_PARSE <- "create table t1 (c1 varchar(255),c2 tinyint,primary key(c1)) partition by key (c1) partitions 10"
[1] 23:43:28,612 DEBUG SchemaChange - rewrote SQL to create table t1 (c1 varchar(255),c2 tinyint,primary key(c1)) partition by key /__MAXWELL__/ partitions 10
[1] 23:43:28,612 DEBUG SchemaChange - SQL_PARSE <- "create table t1 (c1 varchar(255),c2 tinyint,primary key(c1)) partition by key /__MAXWELL__/ partitions 10"
[1] 23:43:28,612 DEBUG SchemaChange - SQL_PARSE ->   (parse (statement (create_table (create_table_preamble create table (table_name (name (id t1)))) (create_specifications ( (create_specification (column_definition (name (id c1)) (data_type (string_type varchar (length ( 255 )))))) , (create_specification (column_definition (name (id c2)) (data_type (signed_type tinyint)))) , (create_specification (index_definition (index_type_pk primary key (index_column_list ( (index_columns (index_column (name (id c1)))) ))))) )) (table_creation_option (partition_by partition by (partition_by_what key (skip_parens /__MAXWELL__/)) (partition_count partitions 10))))) <EOF>)
[1] 23:43:28,612 DEBUG SchemaChange - SQL_PARSE <- "create table t1 (col1 date) engine='MYISAM'  partition by range(day(col1))  (partition p0 values less than (15), partition p1 values less than maxvalue)"
[1] 23:43:28,612 DEBUG SchemaChange - rewrote SQL to create table t1 (col1 date) engine='MYISAM'  partition by range/__MAXWELL__/  (partition p0 values less than (15), partition p1 values less than maxvalue)
[1] 23:43:28,612 DEBUG SchemaChange - SQL_PARSE <- "create table t1 (col1 date) engine='MYISAM'  partition by range/__MAXWELL__/  (partition p0 values less than (15), partition p1 values less than maxvalue)"
[1] 23:43:28,612 DEBUG SchemaChange - rewrote SQL to create table t1 (col1 date) engine='MYISAM'  partition by range/__MAXWELL__/  (/__MAXWELL__/
[1] 23:43:28,612 DEBUG SchemaChange - SQL_PARSE <- "create table t1 (col1 date) engine='MYISAM'  partition by range/__MAXWELL__/  (/__MAXWELL__/"
[1] 23:43:28,612 DEBUG SchemaChange - SQL_PARSE ->   (parse (statement (create_table (create_table_preamble create table (table_name (name (id t1)))) (create_specifications ( (create_specification (column_definition (name (id col1)) (data_type (generic_type date)))) )) (table_creation_option (creation_engine engine = (string_literal 'MYISAM'))) (table_creation_option (partition_by partition by (partition_by_what range (skip_parens /__MAXWELL__/)) (partition_definitions ( (skip_parens_inside_partition_definitions /__MAXWELL__/)))))) <EOF>)
[1] 23:43:28,612 DEBUG SchemaChange - SQL_PARSE <- "create table t1 (col1 date) engine='MYISAM'  partition by range(dayofmonth(col1))  (partition p0 values less than (15), partition p1 values less than maxvalue)"
[1] 23:43:28,613 DEBUG SchemaChange - rewrote SQL to create table t1 (col1 date) engine='MYISAM'  partition by range/__MAXWELL__/  (partition p0 values less than (15), partition p1 values less than maxvalue)
[1] 23:43:28,613 DEBUG SchemaChange - SQL_PARSE <- "create table t1 (col1 date) engine='MYISAM'  partition by range/__MAXWELL__/  (partition p0 values less than (15), partition p1 values less than maxvalue)"
[1] 23:43:28,613 DEBUG SchemaChange - rewrote SQL to create table t1 (col1 date) engine='MYISAM'  partition by range/__MAXWELL__/  (/__MAXWELL__/
[1] 23:43:28,613 DEBUG SchemaChange - SQL_PARSE <- "create table t1 (col1 date) engine='MYISAM'  partition by range/__MAXWELL__/  (/__MAXWELL__/"
[1] 23:43:28,613 DEBUG SchemaChange - SQL_PARSE ->   (parse (statement (create_table (create_table_preamble create table (table_name (name (id t1)))) (create_specifications ( (create_specification (column_definition (name (id col1)) (data_type (generic_type date)))) )) (table_creation_option (creation_engine engine = (string_literal 'MYISAM'))) (table_creation_option (partition_by partition by (partition_by_what range (skip_parens /__MAXWELL__/)) (partition_definitions ( (skip_parens_inside_partition_definitions /__MAXWELL__/)))))) <EOF>)
[1] 23:43:28,613 DEBUG SchemaChange - SQL_PARSE <- "create table t1 (col1 date) engine='MYISAM'  partition by range(dayofweek(col1))  (partition p0 values less than (15), partition p1 values less than maxvalue)"
[1] 23:43:28,613 DEBUG SchemaChange - rewrote SQL to create table t1 (col1 date) engine='MYISAM'  partition by range/__MAXWELL__/  (partition p0 values less than (15), partition p1 values less than maxvalue)
[1] 23:43:28,613 DEBUG SchemaChange - SQL_PARSE <- "create table t1 (col1 date) engine='MYISAM'  partition by range/__MAXWELL__/  (partition p0 values less than (15), partition p1 values less than maxvalue)"
[1] 23:43:28,613 DEBUG SchemaChange - rewrote SQL to create table t1 (col1 date) engine='MYISAM'  partition by range/__MAXWELL__/  (/__MAXWELL__/
[1] 23:43:28,613 DEBUG SchemaChange - SQL_PARSE <- "create table t1 (col1 date) engine='MYISAM'  partition by range/__MAXWELL__/  (/__MAXWELL__/"
[1] 23:43:28,613 DEBUG SchemaChange - SQL_PARSE ->   (parse (statement (create_table (create_table_preamble create table (table_name (name (id t1)))) (create_specifications ( (create_specification (column_definition (name (id col1)) (data_type (generic_type date)))) )) (table_creation_option (creation_engine engine = (string_literal 'MYISAM'))) (table_creation_option (partition_by partition by (partition_by_what range (skip_parens /__MAXWELL__/)) (partition_definitions ( (skip_parens_inside_partition_definitions /__MAXWELL__/)))))) <EOF>)
[1] 23:43:28,614 DEBUG SchemaChange - SQL_PARSE <- "create table t1 (col1 date) engine='MYISAM'  partition by range(dayofyear(col1))  (partition p0 values less than (15), partition p1 values less than maxvalue)"
[1] 23:43:28,614 DEBUG SchemaChange - rewrote SQL to create table t1 (col1 date) engine='MYISAM'  partition by range/__MAXWELL__/  (partition p0 values less than (15), partition p1 values less than maxvalue)
[1] 23:43:28,614 DEBUG SchemaChange - SQL_PARSE <- "create table t1 (col1 date) engine='MYISAM'  partition by range/__MAXWELL__/  (partition p0 values less than (15), partition p1 values less than maxvalue)"
[1] 23:43:28,614 DEBUG SchemaChange - rewrote SQL to create table t1 (col1 date) engine='MYISAM'  partition by range/__MAXWELL__/  (/__MAXWELL__/
[1] 23:43:28,614 DEBUG SchemaChange - SQL_PARSE <- "create table t1 (col1 date) engine='MYISAM'  partition by range/__MAXWELL__/  (/__MAXWELL__/"
[1] 23:43:28,614 DEBUG SchemaChange - SQL_PARSE ->   (parse (statement (create_table (create_table_preamble create table (table_name (name (id t1)))) (create_specifications ( (create_specification (column_definition (name (id col1)) (data_type (generic_type date)))) )) (table_creation_option (creation_engine engine = (string_literal 'MYISAM'))) (table_creation_option (partition_by partition by (partition_by_what range (skip_parens /__MAXWELL__/)) (partition_definitions ( (skip_parens_inside_partition_definitions /__MAXWELL__/)))))) <EOF>)
[1] 23:43:28,614 DEBUG SchemaChange - SQL_PARSE <- "create table t1 (col1 date) engine='MYISAM'  partition by range(extract(month from col1))  (partition p0 values less than (15), partition p1 values less than maxvalue)"
[1] 23:43:28,614 DEBUG SchemaChange - rewrote SQL to create table t1 (col1 date) engine='MYISAM'  partition by range/__MAXWELL__/  (partition p0 values less than (15), partition p1 values less than maxvalue)
[1] 23:43:28,614 DEBUG SchemaChange - SQL_PARSE <- "create table t1 (col1 date) engine='MYISAM'  partition by range/__MAXWELL__/  (partition p0 values less than (15), partition p1 values less than maxvalue)"
[1] 23:43:28,614 DEBUG SchemaChange - rewrote SQL to create table t1 (col1 date) engine='MYISAM'  partition by range/__MAXWELL__/  (/__MAXWELL__/
[1] 23:43:28,614 DEBUG SchemaChange - SQL_PARSE <- "create table t1 (col1 date) engine='MYISAM'  partition by range/__MAXWELL__/  (/__MAXWELL__/"
[1] 23:43:28,615 DEBUG SchemaChange - SQL_PARSE ->   (parse (statement (create_table (create_table_preamble create table (table_name (name (id t1)))) (create_specifications ( (create_specification (column_definition (name (id col1)) (data_type (generic_type date)))) )) (table_creation_option (creation_engine engine = (string_literal 'MYISAM'))) (table_creation_option (partition_by partition by (partition_by_what range (skip_parens /__MAXWELL__/)) (partition_definitions ( (skip_parens_inside_partition_definitions /__MAXWELL__/)))))) <EOF>)
[1] 23:43:28,615 DEBUG SchemaChange - SQL_PARSE <- "create table t1 (col1 date) engine='MYISAM'  partition by range(month(col1))  (partition p0 values less than (15), partition p1 values less than maxvalue)"
[1] 23:43:28,615 DEBUG SchemaChange - rewrote SQL to create table t1 (col1 date) engine='MYISAM'  partition by range/__MAXWELL__/  (partition p0 values less than (15), partition p1 values less than maxvalue)
[1] 23:43:28,615 DEBUG SchemaChange - SQL_PARSE <- "create table t1 (col1 date) engine='MYISAM'  partition by range/__MAXWELL__/  (partition p0 values less than (15), partition p1 values less than maxvalue)"
[1] 23:43:28,615 DEBUG SchemaChange - rewrote SQL to create table t1 (col1 date) engine='MYISAM'  partition by range/__MAXWELL__/  (/__MAXWELL__/
[1] 23:43:28,615 DEBUG SchemaChange - SQL_PARSE <- "create table t1 (col1 date) engine='MYISAM'  partition by range/__MAXWELL__/  (/__MAXWELL__/"
[1] 23:43:28,615 DEBUG SchemaChange - SQL_PARSE ->   (parse (statement (create_table (create_table_preamble create table (table_name (name (id t1)))) (create_specifications ( (create_specification (column_definition (name (id col1)) (data_type (generic_type date)))) )) (table_creation_option (creation_engine engine = (string_literal 'MYISAM'))) (table_creation_option (partition_by partition by (partition_by_what range (skip_parens /__MAXWELL__/)) (partition_definitions ( (skip_parens_inside_partition_definitions /__MAXWELL__/)))))) <EOF>)
[1] 23:43:28,615 DEBUG SchemaChange - SQL_PARSE <- "create table t1 (col1 date) engine='MYISAM'  partition by range(quarter(col1))  (partition p0 values less than (15), partition p1 values less than maxvalue)"
[1] 23:43:28,615 DEBUG SchemaChange - rewrote SQL to create table t1 (col1 date) engine='MYISAM'  partition by range/__MAXWELL__/  (partition p0 values less than (15), partition p1 values less than maxvalue)
[1] 23:43:28,615 DEBUG SchemaChange - SQL_PARSE <- "create table t1 (col1 date) engine='MYISAM'  partition by range/__MAXWELL__/  (partition p0 values less than (15), partition p1 values less than maxvalue)"
[1] 23:43:28,616 DEBUG SchemaChange - rewrote SQL to create table t1 (col1 date) engine='MYISAM'  partition by range/__MAXWELL__/  (/__MAXWELL__/
[1] 23:43:28,616 DEBUG SchemaChange - SQL_PARSE <- "create table t1 (col1 date) engine='MYISAM'  partition by range/__MAXWELL__/  (/__MAXWELL__/"
[1] 23:43:28,616 DEBUG SchemaChange - SQL_PARSE ->   (parse (statement (create_table (create_table_preamble create table (table_name (name (id t1)))) (create_specifications ( (create_specification (column_definition (name (id col1)) (data_type (generic_type date)))) )) (table_creation_option (creation_engine engine = (string_literal 'MYISAM'))) (table_creation_option (partition_by partition by (partition_by_what range (skip_parens /__MAXWELL__/)) (partition_definitions ( (skip_parens_inside_partition_definitions /__MAXWELL__/)))))) <EOF>)
[1] 23:43:28,616 DEBUG SchemaChange - SQL_PARSE <- "create table t1 (col1 date) engine='MYISAM'  partition by range(weekday(col1))  (partition p0 values less than (15), partition p1 values less than maxvalue)"
[1] 23:43:28,616 DEBUG SchemaChange - rewrote SQL to create table t1 (col1 date) engine='MYISAM'  partition by range/__MAXWELL__/  (partition p0 values less than (15), partition p1 values less than maxvalue)
[1] 23:43:28,616 DEBUG SchemaChange - SQL_PARSE <- "create table t1 (col1 date) engine='MYISAM'  partition by range/__MAXWELL__/  (partition p0 values less than (15), partition p1 values less than maxvalue)"
[1] 23:43:28,616 DEBUG SchemaChange - rewrote SQL to create table t1 (col1 date) engine='MYISAM'  partition by range/__MAXWELL__/  (/__MAXWELL__/
[1] 23:43:28,616 DEBUG SchemaChange - SQL_PARSE <- "create table t1 (col1 date) engine='MYISAM'  partition by range/__MAXWELL__/  (/__MAXWELL__/"
[1] 23:43:28,616 DEBUG SchemaChange - SQL_PARSE ->   (parse (statement (create_table (create_table_preamble create table (table_name (name (id t1)))) (create_specifications ( (create_specification (column_definition (name (id col1)) (data_type (generic_type date)))) )) (table_creation_option (creation_engine engine = (string_literal 'MYISAM'))) (table_creation_option (partition_by partition by (partition_by_what range (skip_parens /__MAXWELL__/)) (partition_definitions ( (skip_parens_inside_partition_definitions /__MAXWELL__/)))))) <EOF>)
[1] 23:43:28,616 DEBUG SchemaChange - SQL_PARSE <- "create table t1 (col1 date) engine='MYISAM'  partition by range(year(col1)-1990)  (partition p0 values less than (15), partition p1 values less than maxvalue)"
[1] 23:43:28,616 DEBUG SchemaChange - rewrote SQL to create table t1 (col1 date) engine='MYISAM'  partition by range/__MAXWELL__/  (partition p0 values less than (15), partition p1 values less than maxvalue)
[1] 23:43:28,616 DEBUG SchemaChange - SQL_PARSE <- "create table t1 (col1 date) engine='MYISAM'  partition by range/__MAXWELL__/  (partition p0 values less than (15), partition p1 values less than maxvalue)"
[1] 23:43:28,617 DEBUG SchemaChange - rewrote SQL to create table t1 (col1 date) engine='MYISAM'  partition by range/__MAXWELL__/  (/__MAXWELL__/
[1] 23:43:28,617 DEBUG SchemaChange - SQL_PARSE <- "create table t1 (col1 date) engine='MYISAM'  partition by range/__MAXWELL__/  (/__MAXWELL__/"
[1] 23:43:28,617 DEBUG SchemaChange - SQL_PARSE ->   (parse (statement (create_table (create_table_preamble create table (table_name (name (id t1)))) (create_specifications ( (create_specification (column_definition (name (id col1)) (data_type (generic_type date)))) )) (table_creation_option (creation_engine engine = (string_literal 'MYISAM'))) (table_creation_option (partition_by partition by (partition_by_what range (skip_parens /__MAXWELL__/)) (partition_definitions ( (skip_parens_inside_partition_definitions /__MAXWELL__/)))))) <EOF>)
[1] 23:43:28,617 DEBUG SchemaChange - SQL_PARSE <- "create table t1 (col1 date) engine='MYISAM'  partition by range(yearweek(col1)-200600)  (partition p0 values less than (15), partition p1 values less than maxvalue)"
[1] 23:43:28,617 DEBUG SchemaChange - rewrote SQL to create table t1 (col1 date) engine='MYISAM'  partition by range/__MAXWELL__/  (partition p0 values less than (15), partition p1 values less than maxvalue)
[1] 23:43:28,617 DEBUG SchemaChange - SQL_PARSE <- "create table t1 (col1 date) engine='MYISAM'  partition by range/__MAXWELL__/  (partition p0 values less than (15), partition p1 values less than maxvalue)"
[1] 23:43:28,617 DEBUG SchemaChange - rewrote SQL to create table t1 (col1 date) engine='MYISAM'  partition by range/__MAXWELL__/  (/__MAXWELL__/
[1] 23:43:28,617 DEBUG SchemaChange - SQL_PARSE <- "create table t1 (col1 date) engine='MYISAM'  partition by range/__MAXWELL__/  (/__MAXWELL__/"
[1] 23:43:28,617 DEBUG SchemaChange - SQL_PARSE ->   (parse (statement (create_table (create_table_preamble create table (table_name (name (id t1)))) (create_specifications ( (create_specification (column_definition (name (id col1)) (data_type (generic_type date)))) )) (table_creation_option (creation_engine engine = (string_literal 'MYISAM'))) (table_creation_option (partition_by partition by (partition_by_what range (skip_parens /__MAXWELL__/)) (partition_definitions ( (skip_parens_inside_partition_definitions /__MAXWELL__/)))))) <EOF>)
[1] 23:43:28,617 DEBUG SchemaChange - SQL_PARSE <- "create table t1 (col1 datetime) partition by range(datediff(col1,col1)) (partition p0 values less than (10), partition p1 values less than (30))"
[1] 23:43:28,617 DEBUG SchemaChange - rewrote SQL to create table t1 (col1 datetime) partition by range/__MAXWELL__/ (partition p0 values less than (10), partition p1 values less than (30))
[1] 23:43:28,617 DEBUG SchemaChange - SQL_PARSE <- "create table t1 (col1 datetime) partition by range/__MAXWELL__/ (partition p0 values less than (10), partition p1 values less than (30))"
[1] 23:43:28,618 DEBUG SchemaChange - rewrote SQL to create table t1 (col1 datetime) partition by range/__MAXWELL__/ (/__MAXWELL__/
[1] 23:43:28,618 DEBUG SchemaChange - SQL_PARSE <- "create table t1 (col1 datetime) partition by range/__MAXWELL__/ (/__MAXWELL__/"
[1] 23:43:28,618 DEBUG SchemaChange - SQL_PARSE ->   (parse (statement (create_table (create_table_preamble create table (table_name (name (id t1)))) (create_specifications ( (create_specification (column_definition (name (id col1)) (data_type (generic_type datetime)))) )) (table_creation_option (partition_by partition by (partition_by_what range (skip_parens /__MAXWELL__/)) (partition_definitions ( (skip_parens_inside_partition_definitions /__MAXWELL__/)))))) <EOF>)
[1] 23:43:28,618 DEBUG SchemaChange - SQL_PARSE <- "create table t1 (col1 int) engine='MYISAM'  partition by range(abs(col1))  (partition p0 values less than (15), partition p1 values less than maxvalue)"
[1] 23:43:28,618 DEBUG SchemaChange - rewrote SQL to create table t1 (col1 int) engine='MYISAM'  partition by range/__MAXWELL__/  (partition p0 values less than (15), partition p1 values less than maxvalue)
[1] 23:43:28,618 DEBUG SchemaChange - SQL_PARSE <- "create table t1 (col1 int) engine='MYISAM'  partition by range/__MAXWELL__/  (partition p0 values less than (15), partition p1 values less than maxvalue)"
[1] 23:43:28,618 DEBUG SchemaChange - rewrote SQL to create table t1 (col1 int) engine='MYISAM'  partition by range/__MAXWELL__/  (/__MAXWELL__/
[1] 23:43:28,618 DEBUG SchemaChange - SQL_PARSE <- "create table t1 (col1 int) engine='MYISAM'  partition by range/__MAXWELL__/  (/__MAXWELL__/"
[1] 23:43:28,618 DEBUG SchemaChange - SQL_PARSE ->   (parse (statement (create_table (create_table_preamble create table (table_name (name (id t1)))) (create_specifications ( (create_specification (column_definition (name (id col1)) (data_type (signed_type int)))) )) (table_creation_option (creation_engine engine = (string_literal 'MYISAM'))) (table_creation_option (partition_by partition by (partition_by_what range (skip_parens /__MAXWELL__/)) (partition_definitions ( (skip_parens_inside_partition_definitions /__MAXWELL__/)))))) <EOF>)
[1] 23:43:28,618 DEBUG SchemaChange - SQL_PARSE <- "create table t1 (col1 int) engine='MYISAM'  partition by range(mod(col1,10))  (partition p0 values less than (15), partition p1 values less than maxvalue)"
[1] 23:43:28,618 DEBUG SchemaChange - rewrote SQL to create table t1 (col1 int) engine='MYISAM'  partition by range/__MAXWELL__/  (partition p0 values less than (15), partition p1 values less than maxvalue)
[1] 23:43:28,618 DEBUG SchemaChange - SQL_PARSE <- "create table t1 (col1 int) engine='MYISAM'  partition by range/__MAXWELL__/  (partition p0 values less than (15), partition p1 values less than maxvalue)"
[1] 23:43:28,619 DEBUG SchemaChange - rewrote SQL to create table t1 (col1 int) engine='MYISAM'  partition by range/__MAXWELL__/  (/__MAXWELL__/
[1] 23:43:28,619 DEBUG SchemaChange - SQL_PARSE <- "create table t1 (col1 int) engine='MYISAM'  partition by range/__MAXWELL__/  (/__MAXWELL__/"
[1] 23:43:28,619 DEBUG SchemaChange - SQL_PARSE ->   (parse (statement (create_table (create_table_preamble create table (table_name (name (id t1)))) (create_specifications ( (create_specification (column_definition (name (id col1)) (data_type (signed_type int)))) )) (table_creation_option (creation_engine engine = (string_literal 'MYISAM'))) (table_creation_option (partition_by partition by (partition_by_what range (skip_parens /__MAXWELL__/)) (partition_definitions ( (skip_parens_inside_partition_definitions /__MAXWELL__/)))))) <EOF>)
[1] 23:43:28,619 DEBUG SchemaChange - SQL_PARSE <- "create table t1 (col1 time) engine='MYISAM'  partition by range(hour(col1))  (partition p0 values less than (15), partition p1 values less than maxvalue)"
[1] 23:43:28,619 DEBUG SchemaChange - rewrote SQL to create table t1 (col1 time) engine='MYISAM'  partition by range/__MAXWELL__/  (partition p0 values less than (15), partition p1 values less than maxvalue)
[1] 23:43:28,619 DEBUG SchemaChange - SQL_PARSE <- "create table t1 (col1 time) engine='MYISAM'  partition by range/__MAXWELL__/  (partition p0 values less than (15), partition p1 values less than maxvalue)"
[1] 23:43:28,619 DEBUG SchemaChange - rewrote SQL to create table t1 (col1 time) engine='MYISAM'  partition by range/__MAXWELL__/  (/__MAXWELL__/
[1] 23:43:28,619 DEBUG SchemaChange - SQL_PARSE <- "create table t1 (col1 time) engine='MYISAM'  partition by range/__MAXWELL__/  (/__MAXWELL__/"
[1] 23:43:28,619 DEBUG SchemaChange - SQL_PARSE ->   (parse (statement (create_table (create_table_preamble create table (table_name (name (id t1)))) (create_specifications ( (create_specification (column_definition (name (id col1)) (data_type (generic_type time)))) )) (table_creation_option (creation_engine engine = (string_literal 'MYISAM'))) (table_creation_option (partition_by partition by (partition_by_what range (skip_parens /__MAXWELL__/)) (partition_definitions ( (skip_parens_inside_partition_definitions /__MAXWELL__/)))))) <EOF>)
[1] 23:43:28,619 DEBUG SchemaChange - SQL_PARSE <- "create table t1 (col1 time) engine='MYISAM'  partition by range(microsecond(col1))  (partition p0 values less than (15), partition p1 values less than maxvalue)"
[1] 23:43:28,620 DEBUG SchemaChange - rewrote SQL to create table t1 (col1 time) engine='MYISAM'  partition by range/__MAXWELL__/  (partition p0 values less than (15), partition p1 values less than maxvalue)
[1] 23:43:28,620 DEBUG SchemaChange - SQL_PARSE <- "create table t1 (col1 time) engine='MYISAM'  partition by range/__MAXWELL__/  (partition p0 values less than (15), partition p1 values less than maxvalue)"
[1] 23:43:28,620 DEBUG SchemaChange - rewrote SQL to create table t1 (col1 time) engine='MYISAM'  partition by range/__MAXWELL__/  (/__MAXWELL__/
[1] 23:43:28,620 DEBUG SchemaChange - SQL_PARSE <- "create table t1 (col1 time) engine='MYISAM'  partition by range/__MAXWELL__/  (/__MAXWELL__/"
[1] 23:43:28,620 DEBUG SchemaChange - SQL_PARSE ->   (parse (statement (create_table (create_table_preamble create table (table_name (name (id t1)))) (create_specifications ( (create_specification (column_definition (name (id col1)) (data_type (generic_type time)))) )) (table_creation_option (creation_engine engine = (string_literal 'MYISAM'))) (table_creation_option (partition_by partition by (partition_by_what range (skip_parens /__MAXWELL__/)) (partition_definitions ( (skip_parens_inside_partition_definitions /__MAXWELL__/)))))) <EOF>)
[1] 23:43:28,620 DEBUG SchemaChange - SQL_PARSE <- "create table t1 (col1 time) engine='MYISAM'  partition by range(minute(col1))  (partition p0 values less than (15), partition p1 values less than maxvalue)"
[1] 23:43:28,620 DEBUG SchemaChange - rewrote SQL to create table t1 (col1 time) engine='MYISAM'  partition by range/__MAXWELL__/  (partition p0 values less than (15), partition p1 values less than maxvalue)
[1] 23:43:28,620 DEBUG SchemaChange - SQL_PARSE <- "create table t1 (col1 time) engine='MYISAM'  partition by range/__MAXWELL__/  (partition p0 values less than (15), partition p1 values less than maxvalue)"
[1] 23:43:28,620 DEBUG SchemaChange - rewrote SQL to create table t1 (col1 time) engine='MYISAM'  partition by range/__MAXWELL__/  (/__MAXWELL__/
[1] 23:43:28,620 DEBUG SchemaChange - SQL_PARSE <- "create table t1 (col1 time) engine='MYISAM'  partition by range/__MAXWELL__/  (/__MAXWELL__/"
[1] 23:43:28,620 DEBUG SchemaChange - SQL_PARSE ->   (parse (statement (create_table (create_table_preamble create table (table_name (name (id t1)))) (create_specifications ( (create_specification (column_definition (name (id col1)) (data_type (generic_type time)))) )) (table_creation_option (creation_engine engine = (string_literal 'MYISAM'))) (table_creation_option (partition_by partition by (partition_by_what range (skip_parens /__MAXWELL__/)) (partition_definitions ( (skip_parens_inside_partition_definitions /__MAXWELL__/)))))) <EOF>)
[1] 23:43:28,620 DEBUG SchemaChange - SQL_PARSE <- "create table t1 (col1 time) engine='MYISAM'  partition by range(second(col1))  (partition p0 values less than (15), partition p1 values less than maxvalue)"
[1] 23:43:28,621 DEBUG SchemaChange - rewrote SQL to create table t1 (col1 time) engine='MYISAM'  partition by range/__MAXWELL__/  (partition p0 values less than (15), partition p1 values less than maxvalue)
[1] 23:43:28,621 DEBUG SchemaChange - SQL_PARSE <- "create table t1 (col1 time) engine='MYISAM'  partition by range/__MAXWELL__/  (partition p0 values less than (15), partition p1 values less than maxvalue)"
[1] 23:43:28,621 DEBUG SchemaChange - rewrote SQL to create table t1 (col1 time) engine='MYISAM'  partition by range/__MAXWELL__/  (/__MAXWELL__/
[1] 23:43:28,621 DEBUG SchemaChange - SQL_PARSE <- "create table t1 (col1 time) engine='MYISAM'  partition by range/__MAXWELL__/  (/__MAXWELL__/"
[1] 23:43:28,621 DEBUG SchemaChange - SQL_PARSE ->   (parse (statement (create_table (create_table_preamble create table (table_name (name (id t1)))) (create_specifications ( (create_specification (column_definition (name (id col1)) (data_type (generic_type time)))) )) (table_creation_option (creation_engine engine = (string_literal 'MYISAM'))) (table_creation_option (partition_by partition by (partition_by_what range (skip_parens /__MAXWELL__/)) (partition_definitions ( (skip_parens_inside_partition_definitions /__MAXWELL__/)))))) <EOF>)
[1] 23:43:28,621 DEBUG SchemaChange - SQL_PARSE <- "create table t1 (d date) partition by range columns(d) ( partition p0 values less than ('1999-01-01'), partition p1 values less than ('2000-01-01'))"
[1] 23:43:28,621 DEBUG SchemaChange - rewrote SQL to create table t1 (d date) partition by range columns/__MAXWELL__/ ( partition p0 values less than ('1999-01-01'), partition p1 values less than ('2000-01-01'))
[1] 23:43:28,621 DEBUG SchemaChange - SQL_PARSE <- "create table t1 (d date) partition by range columns/__MAXWELL__/ ( partition p0 values less than ('1999-01-01'), partition p1 values less than ('2000-01-01'))"
[1] 23:43:28,621 DEBUG SchemaChange - rewrote SQL to create table t1 (d date) partition by range columns/__MAXWELL__/ ( /__MAXWELL__/
[1] 23:43:28,621 DEBUG SchemaChange - SQL_PARSE <- "create table t1 (d date) partition by range columns/__MAXWELL__/ ( /__MAXWELL__/"
[1] 23:43:28,621 DEBUG SchemaChange - SQL_PARSE ->   (parse (statement (create_table (create_table_preamble create table (table_name (name (id t1)))) (create_specifications ( (create_specification (column_definition (name (id d)) (data_type (generic_type date)))) )) (table_creation_option (partition_by partition by (partition_by_what range columns (skip_parens /__MAXWELL__/)) (partition_definitions ( (skip_parens_inside_partition_definitions /__MAXWELL__/)))))) <EOF>)
[1] 23:43:28,621 DEBUG SchemaChange - SQL_PARSE <- "create table t1 (d date) partition by range columns(d) ( partition p0 values less than ('2000-01-01'), partition p1 values less than ('2009-01-01'))"
[1] 23:43:28,622 DEBUG SchemaChange - rewrote SQL to create table t1 (d date) partition by range columns/__MAXWELL__/ ( partition p0 values less than ('2000-01-01'), partition p1 values less than ('2009-01-01'))
[1] 23:43:28,622 DEBUG SchemaChange - SQL_PARSE <- "create table t1 (d date) partition by range columns/__MAXWELL__/ ( partition p0 values less than ('2000-01-01'), partition p1 values less than ('2009-01-01'))"
[1] 23:43:28,622 DEBUG SchemaChange - rewrote SQL to create table t1 (d date) partition by range columns/__MAXWELL__/ ( /__MAXWELL__/
[1] 23:43:28,622 DEBUG SchemaChange - SQL_PARSE <- "create table t1 (d date) partition by range columns/__MAXWELL__/ ( /__MAXWELL__/"
[1] 23:43:28,622 DEBUG SchemaChange - SQL_PARSE ->   (parse (statement (create_table (create_table_preamble create table (table_name (name (id t1)))) (create_specifications ( (create_specification (column_definition (name (id d)) (data_type (generic_type date)))) )) (table_creation_option (partition_by partition by (partition_by_what range columns (skip_parens /__MAXWELL__/)) (partition_definitions ( (skip_parens_inside_partition_definitions /__MAXWELL__/)))))) <EOF>)
[1] 23:43:28,622 DEBUG SchemaChange - SQL_PARSE <- "create table t1 (d date) partition by range columns(d) ( partition p0 values less than ('2000-01-01'), partition p1 values less than ('3000-01-01'))"
[1] 23:43:28,622 DEBUG SchemaChange - rewrote SQL to create table t1 (d date) partition by range columns/__MAXWELL__/ ( partition p0 values less than ('2000-01-01'), partition p1 values less than ('3000-01-01'))
[1] 23:43:28,622 DEBUG SchemaChange - SQL_PARSE <- "create table t1 (d date) partition by range columns/__MAXWELL__/ ( partition p0 values less than ('2000-01-01'), partition p1 values less than ('3000-01-01'))"
[1] 23:43:28,622 DEBUG SchemaChange - rewrote SQL to create table t1 (d date) partition by range columns/__MAXWELL__/ ( /__MAXWELL__/
[1] 23:43:28,622 DEBUG SchemaChange - SQL_PARSE <- "create table t1 (d date) partition by range columns/__MAXWELL__/ ( /__MAXWELL__/"
[1] 23:43:28,622 DEBUG SchemaChange - SQL_PARSE ->   (parse (statement (create_table (create_table_preamble create table (table_name (name (id t1)))) (create_specifications ( (create_specification (column_definition (name (id d)) (data_type (generic_type date)))) )) (table_creation_option (partition_by partition by (partition_by_what range columns (skip_parens /__MAXWELL__/)) (partition_definitions ( (skip_parens_inside_partition_definitions /__MAXWELL__/)))))) <EOF>)
[1] 23:43:28,622 DEBUG SchemaChange - SQL_PARSE <- "create table t1 (f1 date) partition by linear hash(month(f1)) partitions 3"
[1] 23:43:28,622 DEBUG SchemaChange - rewrote SQL to create table t1 (f1 date) partition by linear hash/__MAXWELL__/ partitions 3
[1] 23:43:28,623 DEBUG SchemaChange - SQL_PARSE <- "create table t1 (f1 date) partition by linear hash/__MAXWELL__/ partitions 3"
[1] 23:43:28,623 DEBUG SchemaChange - SQL_PARSE ->   (parse (statement (create_table (create_table_preamble create table (table_name (name (id t1)))) (create_specifications ( (create_specification (column_definition (name (id f1)) (data_type (generic_type date)))) )) (table_creation_option (partition_by partition by (partition_by_what linear hash (skip_parens /__MAXWELL__/)) (partition_count partitions 3))))) <EOF>)
[1] 23:43:28,623 DEBUG SchemaChange - SQL_PARSE <- "create table t1 (f1 int key) partition by key(f1) partitions 2"
[1] 23:43:28,623 DEBUG SchemaChange - rewrote SQL to create table t1 (f1 int key) partition by key/__MAXWELL__/ partitions 2
[1] 23:43:28,623 DEBUG SchemaChange - SQL_PARSE <- "create table t1 (f1 int key) partition by key/__MAXWELL__/ partitions 2"
[1] 23:43:28,623 DEBUG SchemaChange - SQL_PARSE ->   (parse (statement (create_table (create_table_preamble create table (table_name (name (id t1)))) (create_specifications ( (create_specification (column_definition (name (id f1)) (data_type (signed_type int (column_options key))))) )) (table_creation_option (partition_by partition by (partition_by_what key (skip_parens /__MAXWELL__/)) (partition_count partitions 2))))) <EOF>)
[1] 23:43:28,623 DEBUG SchemaChange - SQL_PARSE <- "create table t1 (f1 int) partition by list(f1 div 2) ( partition p1 values in (1), partition p2 values in (NULL), partition p3 values in (2), partition p4 values in (3), partition p5 values in (4) )"
[1] 23:43:28,623 DEBUG SchemaChange - rewrote SQL to create table t1 (f1 int) partition by list/__MAXWELL__/ ( partition p1 values in (1), partition p2 values in (NULL), partition p3 values in (2), partition p4 values in (3), partition p5 values in (4) )
[1] 23:43:28,623 DEBUG SchemaChange - SQL_PARSE <- "create table t1 (f1 int) partition by list/__MAXWELL__/ ( partition p1 values in (1), partition p2 values in (NULL), partition p3 values in (2), partition p4 values in (3), partition p5 values in (4) )"
[1] 23:43:28,623 DEBUG SchemaChange - rewrote SQL to create table t1 (f1 int) partition by list/__MAXWELL__/ ( /__MAXWELL__/
[1] 23:43:28,623 DEBUG SchemaChange - SQL_PARSE <- "create table t1 (f1 int) partition by list/__MAXWELL__/ ( /__MAXWELL__/"
[1] 23:43:28,623 DEBUG SchemaChange - SQL_PARSE ->   (parse (statement (create_table (create_table_preamble create table (table_name (name (id t1)))) (create_specifications ( (create_specification (column_definition (name (id f1)) (data_type (signed_type int)))) )) (table_creation_option (partition_by partition by (partition_by_what list (skip_parens /__MAXWELL__/)) (partition_definitions ( (skip_parens_inside_partition_definitions /__MAXWELL__/)))))) <EOF>)
[1] 23:43:28,623 DEBUG SchemaChange - SQL_PARSE <- "create table t1 (f1 integer) engine= ARCHIVE partition by list(f1) ( partition p1 values in (1), partition p2 values in (NULL), partition p3 values in (2), partition p4 values in (3), partition p5 values in (4) )"
[1] 23:43:28,624 DEBUG SchemaChange - rewrote SQL to create table t1 (f1 integer) engine= ARCHIVE partition by list/__MAXWELL__/ ( partition p1 values in (1), partition p2 values in (NULL), partition p3 values in (2), partition p4 values in (3), partition p5 values in (4) )
[1] 23:43:28,624 DEBUG SchemaChange - SQL_PARSE <- "create table t1 (f1 integer) engine= ARCHIVE partition by list/__MAXWELL__/ ( partition p1 values in (1), partition p2 values in (NULL), partition p3 values in (2), partition p4 values in (3), partition p5 values in (4) )"
[1] 23:43:28,624 DEBUG SchemaChange - rewrote SQL to create table t1 (f1 integer) engine= ARCHIVE partition by list/__MAXWELL__/ ( /__MAXWELL__/
[1] 23:43:28,624 DEBUG SchemaChange - SQL_PARSE <- "create table t1 (f1 integer) engine= ARCHIVE partition by list/__MAXWELL__/ ( /__MAXWELL__/"
[1] 23:43:28,624 DEBUG SchemaChange - SQL_PARSE ->   (parse (statement (create_table (create_table_preamble create table (table_name (name (id t1)))) (create_specifications ( (create_specification (column_definition (name (id f1)) (data_type (signed_type integer)))) )) (table_creation_option (creation_engine engine = (id ARCHIVE))) (table_creation_option (partition_by partition by (partition_by_what list (skip_parens /__MAXWELL__/)) (partition_definitions ( (skip_parens_inside_partition_definitions /__MAXWELL__/)))))) <EOF>)
[1] 23:43:28,624 DEBUG SchemaChange - SQL_PARSE <- "create table t1 (f1 integer) partition by list(f1) ( partition p1 values in (1), partition p2 values in (NULL), partition p3 values in (2), partition p4 values in (3), partition p5 values in (4) )"
[1] 23:43:28,624 DEBUG SchemaChange - rewrote SQL to create table t1 (f1 integer) partition by list/__MAXWELL__/ ( partition p1 values in (1), partition p2 values in (NULL), partition p3 values in (2), partition p4 values in (3), partition p5 values in (4) )
[1] 23:43:28,624 DEBUG SchemaChange - SQL_PARSE <- "create table t1 (f1 integer) partition by list/__MAXWELL__/ ( partition p1 values in (1), partition p2 values in (NULL), partition p3 values in (2), partition p4 values in (3), partition p5 values in (4) )"
[1] 23:43:28,624 DEBUG SchemaChange - rewrote SQL to create table t1 (f1 integer) partition by list/__MAXWELL__/ ( /__MAXWELL__/
[1] 23:43:28,624 DEBUG SchemaChange - SQL_PARSE <- "create table t1 (f1 integer) partition by list/__MAXWELL__/ ( /__MAXWELL__/"
[1] 23:43:28,624 DEBUG SchemaChange - SQL_PARSE ->   (parse (statement (create_table (create_table_preamble create table (table_name (name (id t1)))) (create_specifications ( (create_specification (column_definition (name (id f1)) (data_type (signed_type integer)))) )) (table_creation_option (partition_by partition by (partition_by_what list (skip_parens /__MAXWELL__/)) (partition_definitions ( (skip_parens_inside_partition_definitions /__MAXWELL__/)))))) <EOF>)
[1] 23:43:28,624 DEBUG SchemaChange - SQL_PARSE <- "create table t1 (f1 integer) partition by list(f1) (partition p1 values in (1), partition p2 values in (null))"
[1] 23:43:28,625 DEBUG SchemaChange - rewrote SQL to create table t1 (f1 integer) partition by list/__MAXWELL__/ (partition p1 values in (1), partition p2 values in (null))
[1] 23:43:28,625 DEBUG SchemaChange - SQL_PARSE <- "create table t1 (f1 integer) partition by list/__MAXWELL__/ (partition p1 values in (1), partition p2 values in (null))"
[1] 23:43:28,625 DEBUG SchemaChange - rewrote SQL to create table t1 (f1 integer) partition by list/__MAXWELL__/ (/__MAXWELL__/
[1] 23:43:28,625 DEBUG SchemaChange - SQL_PARSE <- "create table t1 (f1 integer) partition by list/__MAXWELL__/ (/__MAXWELL__/"
[1] 23:43:28,625 DEBUG SchemaChange - SQL_PARSE ->   (parse (statement (create_table (create_table_preamble create table (table_name (name (id t1)))) (create_specifications ( (create_specification (column_definition (name (id f1)) (data_type (signed_type integer)))) )) (table_creation_option (partition_by partition by (partition_by_what list (skip_parens /__MAXWELL__/)) (partition_definitions ( (skip_parens_inside_partition_definitions /__MAXWELL__/)))))) <EOF>)
[1] 23:43:28,625 DEBUG SchemaChange - SQL_PARSE <- "create table t1 (f1 integer) partition by range(f1) (partition p1 values less than (0), partition p2 values less than (10))"
[1] 23:43:28,625 DEBUG SchemaChange - rewrote SQL to create table t1 (f1 integer) partition by range/__MAXWELL__/ (partition p1 values less than (0), partition p2 values less than (10))
[1] 23:43:28,625 DEBUG SchemaChange - SQL_PARSE <- "create table t1 (f1 integer) partition by range/__MAXWELL__/ (partition p1 values less than (0), partition p2 values less than (10))"
[1] 23:43:28,625 DEBUG SchemaChange - rewrote SQL to create table t1 (f1 integer) partition by range/__MAXWELL__/ (/__MAXWELL__/
[1] 23:43:28,625 DEBUG SchemaChange - SQL_PARSE <- "create table t1 (f1 integer) partition by range/__MAXWELL__/ (/__MAXWELL__/"
[1] 23:43:28,625 DEBUG SchemaChange - SQL_PARSE ->   (parse (statement (create_table (create_table_preamble create table (table_name (name (id t1)))) (create_specifications ( (create_specification (column_definition (name (id f1)) (data_type (signed_type integer)))) )) (table_creation_option (partition_by partition by (partition_by_what range (skip_parens /__MAXWELL__/)) (partition_definitions ( (skip_parens_inside_partition_definitions /__MAXWELL__/)))))) <EOF>)
[1] 23:43:28,625 DEBUG SchemaChange - SQL_PARSE <- "create table t1 (f1 integer,f2 integer, f3 varchar(10), primary key(f1,f2)) partition by range(f1) subpartition by hash(f2) subpartitions 2 (partition p1 values less than (0), partition p2 values less than (2), partition p3 values less than (2147483647))"
[1] 23:43:28,626 DEBUG SchemaChange - rewrote SQL to create table t1 (f1 integer,f2 integer, f3 varchar(10), primary key(f1,f2)) partition by range/__MAXWELL__/ subpartition by hash(f2) subpartitions 2 (partition p1 values less than (0), partition p2 values less than (2), partition p3 values less than (2147483647))
[1] 23:43:28,626 DEBUG SchemaChange - SQL_PARSE <- "create table t1 (f1 integer,f2 integer, f3 varchar(10), primary key(f1,f2)) partition by range/__MAXWELL__/ subpartition by hash(f2) subpartitions 2 (partition p1 values less than (0), partition p2 values less than (2), partition p3 values less than (2147483647))"
[1] 23:43:28,626 DEBUG SchemaChange - rewrote SQL to create table t1 (f1 integer,f2 integer, f3 varchar(10), primary key(f1,f2)) partition by range/__MAXWELL__/ subpartition by hash/__MAXWELL__/ subpartitions 2 (partition p1 values less than (0), partition p2 values less than (2), partition p3 values less than (2147483647))
[1] 23:43:28,626 DEBUG SchemaChange - SQL_PARSE <- "create table t1 (f1 integer,f2 integer, f3 varchar(10), primary key(f1,f2)) partition by range/__MAXWELL__/ subpartition by hash/__MAXWELL__/ subpartitions 2 (partition p1 values less than (0), partition p2 values less than (2), partition p3 values less than (2147483647))"
[1] 23:43:28,626 DEBUG SchemaChange - rewrote SQL to create table t1 (f1 integer,f2 integer, f3 varchar(10), primary key(f1,f2)) partition by range/__MAXWELL__/ subpartition by hash/__MAXWELL__/ subpartitions 2 (/__MAXWELL__/
[1] 23:43:28,626 DEBUG SchemaChange - SQL_PARSE <- "create table t1 (f1 integer,f2 integer, f3 varchar(10), primary key(f1,f2)) partition by range/__MAXWELL__/ subpartition by hash/__MAXWELL__/ subpartitions 2 (/__MAXWELL__/"
[1] 23:43:28,626 DEBUG SchemaChange - SQL_PARSE ->   (parse (statement (create_table (create_table_preamble create table (table_name (name (id t1)))) (create_specifications ( (create_specification (column_definition (name (id f1)) (data_type (signed_type integer)))) , (create_specification (column_definition (name (id f2)) (data_type (signed_type integer)))) , (create_specification (column_definition (name (id f3)) (data_type (string_type varchar (length ( 10 )))))) , (create_specification (index_definition (index_type_pk primary key (index_column_list ( (index_columns (index_column (name (id f1))) , (index_column (name (id f2)))) ))))) )) (table_creation_option (partition_by partition by (partition_by_what range (skip_parens /__MAXWELL__/)) (subpartition_by subpartition by (partition_by_what hash (skip_parens /__MAXWELL__/)) subpartitions 2) (partition_definitions ( (skip_parens_inside_partition_definitions /__MAXWELL__/)))))) <EOF>)
[1] 23:43:28,626 DEBUG SchemaChange - SQL_PARSE <- "create table t1 (f1 integer,f2 integer, unique index(f1)) partition by range(f1 div 2) subpartition by hash(f1) subpartitions 2 (partition partb values less than (2), partition parte values less than (4), partition partf values less than (10000))"
[1] 23:43:28,627 DEBUG SchemaChange - rewrote SQL to create table t1 (f1 integer,f2 integer, unique index(f1)) partition by range/__MAXWELL__/ subpartition by hash(f1) subpartitions 2 (partition partb values less than (2), partition parte values less than (4), partition partf values less than (10000))
[1] 23:43:28,627 DEBUG SchemaChange - SQL_PARSE <- "create table t1 (f1 integer,f2 integer, unique index(f1)) partition by range/__MAXWELL__/ subpartition by hash(f1) subpartitions 2 (partition partb values less than (2), partition parte values less than (4), partition partf values less than (10000))"
[1] 23:43:28,627 DEBUG SchemaChange - rewrote SQL to create table t1 (f1 integer,f2 integer, unique index(f1)) partition by range/__MAXWELL__/ subpartition by hash/__MAXWELL__/ subpartitions 2 (partition partb values less than (2), partition parte values less than (4), partition partf values less than (10000))
[1] 23:43:28,627 DEBUG SchemaChange - SQL_PARSE <- "create table t1 (f1 integer,f2 integer, unique index(f1)) partition by range/__MAXWELL__/ subpartition by hash/__MAXWELL__/ subpartitions 2 (partition partb values less than (2), partition parte values less than (4), partition partf values less than (10000))"
[1] 23:43:28,627 DEBUG SchemaChange - rewrote SQL to create table t1 (f1 integer,f2 integer, unique index(f1)) partition by range/__MAXWELL__/ subpartition by hash/__MAXWELL__/ subpartitions 2 (/__MAXWELL__/
[1] 23:43:28,627 DEBUG SchemaChange - SQL_PARSE <- "create table t1 (f1 integer,f2 integer, unique index(f1)) partition by range/__MAXWELL__/ subpartition by hash/__MAXWELL__/ subpartitions 2 (/__MAXWELL__/"
[1] 23:43:28,627 DEBUG SchemaChange - SQL_PARSE ->   (parse (statement (create_table (create_table_preamble create table (table_name (name (id t1)))) (create_specifications ( (create_specification (column_definition (name (id f1)) (data_type (signed_type integer)))) , (create_specification (column_definition (name (id f2)) (data_type (signed_type integer)))) , (create_specification (index_definition (index_type_3 unique (index_or_key index) (index_column_list ( (index_columns (index_column (name (id f1)))) ))))) )) (table_creation_option (partition_by partition by (partition_by_what range (skip_parens /__MAXWELL__/)) (subpartition_by subpartition by (partition_by_what hash (skip_parens /__MAXWELL__/)) subpartitions 2) (partition_definitions ( (skip_parens_inside_partition_definitions /__MAXWELL__/)))))) <EOF>)
[1] 23:43:28,627 DEBUG SchemaChange - SQL_PARSE <- "create table t1 (f1 smallint) partition by list (f1) (partition p0 values in (null))"
[1] 23:43:28,627 DEBUG SchemaChange - rewrote SQL to create table t1 (f1 smallint) partition by list /__MAXWELL__/ (partition p0 values in (null))
[1] 23:43:28,627 DEBUG SchemaChange - SQL_PARSE <- "create table t1 (f1 smallint) partition by list /__MAXWELL__/ (partition p0 values in (null))"
[1] 23:43:28,627 DEBUG SchemaChange - rewrote SQL to create table t1 (f1 smallint) partition by list /__MAXWELL__/ (/__MAXWELL__/
[1] 23:43:28,627 DEBUG SchemaChange - SQL_PARSE <- "create table t1 (f1 smallint) partition by list /__MAXWELL__/ (/__MAXWELL__/"
[1] 23:43:28,627 DEBUG SchemaChange - SQL_PARSE ->   (parse (statement (create_table (create_table_preamble create table (table_name (name (id t1)))) (create_specifications ( (create_specification (column_definition (name (id f1)) (data_type (signed_type smallint)))) )) (table_creation_option (partition_by partition by (partition_by_what list (skip_parens /__MAXWELL__/)) (partition_definitions ( (skip_parens_inside_partition_definitions /__MAXWELL__/)))))) <EOF>)
[1] 23:43:28,628 DEBUG SchemaChange - SQL_PARSE <- "create table t1 (f1 smallint) partition by range (f1) (partition p0 values less than (0))"
[1] 23:43:28,628 DEBUG SchemaChange - rewrote SQL to create table t1 (f1 smallint) partition by range /__MAXWELL__/ (partition p0 values less than (0))
[1] 23:43:28,628 DEBUG SchemaChange - SQL_PARSE <- "create table t1 (f1 smallint) partition by range /__MAXWELL__/ (partition p0 values less than (0))"
[1] 23:43:28,628 DEBUG SchemaChange - rewrote SQL to create table t1 (f1 smallint) partition by range /__MAXWELL__/ (/__MAXWELL__/
[1] 23:43:28,628 DEBUG SchemaChange - SQL_PARSE <- "create table t1 (f1 smallint) partition by range /__MAXWELL__/ (/__MAXWELL__/"
[1] 23:43:28,628 DEBUG SchemaChange - SQL_PARSE ->   (parse (statement (create_table (create_table_preamble create table (table_name (name (id t1)))) (create_specifications ( (create_specification (column_definition (name (id f1)) (data_type (signed_type smallint)))) )) (table_creation_option (partition_by partition by (partition_by_what range (skip_parens /__MAXWELL__/)) (partition_definitions ( (skip_parens_inside_partition_definitions /__MAXWELL__/)))))) <EOF>)
[1] 23:43:28,628 DEBUG SchemaChange - SQL_PARSE <- "create table t1 (f_int1 int(11) default null) engine = memory partition by range (f_int1) subpartition by hash (f_int1) (partition part1 values less than (1000) (subpartition subpart11 engine = memory))"
[1] 23:43:28,628 DEBUG SchemaChange - rewrote SQL to create table t1 (f_int1 int(11) default null) engine = memory partition by range /__MAXWELL__/ subpartition by hash (f_int1) (partition part1 values less than (1000) (subpartition subpart11 engine = memory))
[1] 23:43:28,628 DEBUG SchemaChange - SQL_PARSE <- "create table t1 (f_int1 int(11) default null) engine = memory partition by range /__MAXWELL__/ subpartition by hash (f_int1) (partition part1 values less than (1000) (subpartition subpart11 engine = memory))"
[1] 23:43:28,628 DEBUG SchemaChange - rewrote SQL to create table t1 (f_int1 int(11) default null) engine = memory partition by range /__MAXWELL__/ subpartition by hash /__MAXWELL__/ (partition part1 values less than (1000) (subpartition subpart11 engine = memory))
[1] 23:43:28,628 DEBUG SchemaChange - SQL_PARSE <- "create table t1 (f_int1 int(11) default null) engine = memory partition by range /__MAXWELL__/ subpartition by hash /__MAXWELL__/ (partition part1 values less than (1000) (subpartition subpart11 engine = memory))"
[1] 23:43:28,628 DEBUG SchemaChange - rewrote SQL to create table t1 (f_int1 int(11) default null) engine = memory partition by range /__MAXWELL__/ subpartition by hash /__MAXWELL__/ (/__MAXWELL__/
[1] 23:43:28,629 DEBUG SchemaChange - SQL_PARSE <- "create table t1 (f_int1 int(11) default null) engine = memory partition by range /__MAXWELL__/ subpartition by hash /__MAXWELL__/ (/__MAXWELL__/"
[1] 23:43:28,629 DEBUG SchemaChange - SQL_PARSE ->   (parse (statement (create_table (create_table_preamble create table (table_name (name (id t1)))) (create_specifications ( (create_specification (column_definition (name (id f_int1)) (data_type (signed_type int (length ( 11 )) (column_options (default_value default (literal_with_weirdo_multistring null))))))) )) (table_creation_option (creation_engine engine = memory)) (table_creation_option (partition_by partition by (partition_by_what range (skip_parens /__MAXWELL__/)) (subpartition_by subpartition by (partition_by_what hash (skip_parens /__MAXWELL__/))) (partition_definitions ( (skip_parens_inside_partition_definitions /__MAXWELL__/)))))) <EOF>)
[1] 23:43:28,629 DEBUG SchemaChange - SQL_PARSE <- "create table t1 (f_int1 integer) partition by list(abs(mod(f_int1,2))) subpartition by hash(f_int1) subpartitions 2 ( partition part1 values in (0), partition part2 values in (1), partition part4 values in (null) )"
[1] 23:43:28,629 DEBUG SchemaChange - rewrote SQL to create table t1 (f_int1 integer) partition by list/__MAXWELL__/ subpartition by hash(f_int1) subpartitions 2 ( partition part1 values in (0), partition part2 values in (1), partition part4 values in (null) )
[1] 23:43:28,629 DEBUG SchemaChange - SQL_PARSE <- "create table t1 (f_int1 integer) partition by list/__MAXWELL__/ subpartition by hash(f_int1) subpartitions 2 ( partition part1 values in (0), partition part2 values in (1), partition part4 values in (null) )"
[1] 23:43:28,629 DEBUG SchemaChange - rewrote SQL to create table t1 (f_int1 integer) partition by list/__MAXWELL__/ subpartition by hash/__MAXWELL__/ subpartitions 2 ( partition part1 values in (0), partition part2 values in (1), partition part4 values in (null) )
[1] 23:43:28,629 DEBUG SchemaChange - SQL_PARSE <- "create table t1 (f_int1 integer) partition by list/__MAXWELL__/ subpartition by hash/__MAXWELL__/ subpartitions 2 ( partition part1 values in (0), partition part2 values in (1), partition part4 values in (null) )"
[1] 23:43:28,629 DEBUG SchemaChange - rewrote SQL to create table t1 (f_int1 integer) partition by list/__MAXWELL__/ subpartition by hash/__MAXWELL__/ subpartitions 2 ( /__MAXWELL__/
[1] 23:43:28,629 DEBUG SchemaChange - SQL_PARSE <- "create table t1 (f_int1 integer) partition by list/__MAXWELL__/ subpartition by hash/__MAXWELL__/ subpartitions 2 ( /__MAXWELL__/"
[1] 23:43:28,629 DEBUG SchemaChange - SQL_PARSE ->   (parse (statement (create_table (create_table_preamble create table (table_name (name (id t1)))) (create_specifications ( (create_specification (column_definition (name (id f_int1)) (data_type (signed_type integer)))) )) (table_creation_option (partition_by partition by (partition_by_what list (skip_parens /__MAXWELL__/)) (subpartition_by subpartition by (partition_by_what hash (skip_parens /__MAXWELL__/)) subpartitions 2) (partition_definitions ( (skip_parens_inside_partition_definitions /__MAXWELL__/)))))) <EOF>)
[1] 23:43:28,629 DEBUG SchemaChange - SQL_PARSE <- "create table t1 (f_int1 integer, f_int2 integer, primary key (f_int1)) partition by hash(f_int1) partitions 2"
[1] 23:43:28,630 DEBUG SchemaChange - rewrote SQL to create table t1 (f_int1 integer, f_int2 integer, primary key (f_int1)) partition by hash/__MAXWELL__/ partitions 2
[1] 23:43:28,630 DEBUG SchemaChange - SQL_PARSE <- "create table t1 (f_int1 integer, f_int2 integer, primary key (f_int1)) partition by hash/__MAXWELL__/ partitions 2"
[1] 23:43:28,630 DEBUG SchemaChange - SQL_PARSE ->   (parse (statement (create_table (create_table_preamble create table (table_name (name (id t1)))) (create_specifications ( (create_specification (column_definition (name (id f_int1)) (data_type (signed_type integer)))) , (create_specification (column_definition (name (id f_int2)) (data_type (signed_type integer)))) , (create_specification (index_definition (index_type_pk primary key (index_column_list ( (index_columns (index_column (name (id f_int1)))) ))))) )) (table_creation_option (partition_by partition by (partition_by_what hash (skip_parens /__MAXWELL__/)) (partition_count partitions 2))))) <EOF>)
[1] 23:43:28,630 DEBUG SchemaChange - SQL_PARSE <- "create table t1 (i int ) ENGINE = MyISAM partition by range (i) ( partition p01 values less than (1000) data directory='/not/existing'     index directory='/not/existing' )"
[1] 23:43:28,630 DEBUG SchemaChange - rewrote SQL to create table t1 (i int ) ENGINE = MyISAM partition by range /__MAXWELL__/ ( partition p01 values less than (1000) data directory='/not/existing'     index directory='/not/existing' )
[1] 23:43:28,630 DEBUG SchemaChange - SQL_PARSE <- "create table t1 (i int ) ENGINE = MyISAM partition by range /__MAXWELL__/ ( partition p01 values less than (1000) data directory='/not/existing'     index directory='/not/existing' )"
[1] 23:43:28,630 DEBUG SchemaChange - rewrote SQL to create table t1 (i int ) ENGINE = MyISAM partition by range /__MAXWELL__/ ( /__MAXWELL__/
[1] 23:43:28,630 DEBUG SchemaChange - SQL_PARSE <- "create table t1 (i int ) ENGINE = MyISAM partition by range /__MAXWELL__/ ( /__MAXWELL__/"
[1] 23:43:28,630 DEBUG SchemaChange - SQL_PARSE ->   (parse (statement (create_table (create_table_preamble create table (table_name (name (id t1)))) (create_specifications ( (create_specification (column_definition (name (id i)) (data_type (signed_type int)))) )) (table_creation_option (creation_engine ENGINE = (id MyISAM))) (table_creation_option (partition_by partition by (partition_by_what range (skip_parens /__MAXWELL__/)) (partition_definitions ( (skip_parens_inside_partition_definitions /__MAXWELL__/)))))) <EOF>)
[1] 23:43:28,630 DEBUG SchemaChange - SQL_PARSE <- "create table t1 (i int ) partition by range (i) ( partition p01 values less than (1000) data directory='/not/existing'   index directory='/not/existing' )"
[1] 23:43:28,630 DEBUG SchemaChange - rewrote SQL to create table t1 (i int ) partition by range /__MAXWELL__/ ( partition p01 values less than (1000) data directory='/not/existing'   index directory='/not/existing' )
[1] 23:43:28,630 DEBUG SchemaChange - SQL_PARSE <- "create table t1 (i int ) partition by range /__MAXWELL__/ ( partition p01 values less than (1000) data directory='/not/existing'   index directory='/not/existing' )"
[1] 23:43:28,631 DEBUG SchemaChange - rewrote SQL to create table t1 (i int ) partition by range /__MAXWELL__/ ( /__MAXWELL__/
[1] 23:43:28,631 DEBUG SchemaChange - SQL_PARSE <- "create table t1 (i int ) partition by range /__MAXWELL__/ ( /__MAXWELL__/"
[1] 23:43:28,631 DEBUG SchemaChange - SQL_PARSE ->   (parse (statement (create_table (create_table_preamble create table (table_name (name (id t1)))) (create_specifications ( (create_specification (column_definition (name (id i)) (data_type (signed_type int)))) )) (table_creation_option (partition_by partition by (partition_by_what range (skip_parens /__MAXWELL__/)) (partition_definitions ( (skip_parens_inside_partition_definitions /__MAXWELL__/)))))) <EOF>)
[1] 23:43:28,631 DEBUG SchemaChange - SQL_PARSE <- "create table t1 (i int) partition by list (i) (partition p0 values in (1), partition p1 values in (2,3), partition p2 values in (4,5))"
[1] 23:43:28,631 DEBUG SchemaChange - rewrote SQL to create table t1 (i int) partition by list /__MAXWELL__/ (partition p0 values in (1), partition p1 values in (2,3), partition p2 values in (4,5))
[1] 23:43:28,631 DEBUG SchemaChange - SQL_PARSE <- "create table t1 (i int) partition by list /__MAXWELL__/ (partition p0 values in (1), partition p1 values in (2,3), partition p2 values in (4,5))"
[1] 23:43:28,631 DEBUG SchemaChange - rewrote SQL to create table t1 (i int) partition by list /__MAXWELL__/ (/__MAXWELL__/
[1] 23:43:28,631 DEBUG SchemaChange - SQL_PARSE <- "create table t1 (i int) partition by list /__MAXWELL__/ (/__MAXWELL__/"
[1] 23:43:28,631 DEBUG SchemaChange - SQL_PARSE ->   (parse (statement (create_table (create_table_preamble create table (table_name (name (id t1)))) (create_specifications ( (create_specification (column_definition (name (id i)) (data_type (signed_type int)))) )) (table_creation_option (partition_by partition by (partition_by_what list (skip_parens /__MAXWELL__/)) (partition_definitions ( (skip_parens_inside_partition_definitions /__MAXWELL__/)))))) <EOF>)
[1] 23:43:28,631 DEBUG SchemaChange - SQL_PARSE <- "create table t1 (int_column int, char_column char(5)) PARTITION BY RANGE (int_column) subpartition by key (char_column) subpartitions 2 (PARTITION p1 VALUES LESS THAN (5) ENGINE = InnoDB)"
[1] 23:43:28,631 DEBUG SchemaChange - rewrote SQL to create table t1 (int_column int, char_column char(5)) PARTITION BY RANGE /__MAXWELL__/ subpartition by key (char_column) subpartitions 2 (PARTITION p1 VALUES LESS THAN (5) ENGINE = InnoDB)
[1] 23:43:28,631 DEBUG SchemaChange - SQL_PARSE <- "create table t1 (int_column int, char_column char(5)) PARTITION BY RANGE /__MAXWELL__/ subpartition by key (char_column) subpartitions 2 (PARTITION p1 VALUES LESS THAN (5) ENGINE = InnoDB)"
[1] 23:43:28,631 DEBUG SchemaChange - rewrote SQL to create table t1 (int_column int, char_column char(5)) PARTITION BY RANGE /__MAXWELL__/ subpartition by key /__MAXWELL__/ subpartitions 2 (PARTITION p1 VALUES LESS THAN (5) ENGINE = InnoDB)
[1] 23:43:28,632 DEBUG SchemaChange - SQL_PARSE <- "create table t1 (int_column int, char_column char(5)) PARTITION BY RANGE /__MAXWELL__/ subpartition by key /__MAXWELL__/ subpartitions 2 (PARTITION p1 VALUES LESS THAN (5) ENGINE = InnoDB)"
[1] 23:43:28,632 DEBUG SchemaChange - rewrote SQL to create table t1 (int_column int, char_column char(5)) PARTITION BY RANGE /__MAXWELL__/ subpartition by key /__MAXWELL__/ subpartitions 2 (/__MAXWELL__/
[1] 23:43:28,632 DEBUG SchemaChange - SQL_PARSE <- "create table t1 (int_column int, char_column char(5)) PARTITION BY RANGE /__MAXWELL__/ subpartition by key /__MAXWELL__/ subpartitions 2 (/__MAXWELL__/"
[1] 23:43:28,632 DEBUG SchemaChange - SQL_PARSE ->   (parse (statement (create_table (create_table_preamble create table (table_name (name (id t1)))) (create_specifications ( (create_specification (column_definition (name (id int_column)) (data_type (signed_type int)))) , (create_specification (column_definition (name (id char_column)) (data_type (string_type char (length ( 5 )))))) )) (table_creation_option (partition_by PARTITION BY (partition_by_what RANGE (skip_parens /__MAXWELL__/)) (subpartition_by subpartition by (partition_by_what key (skip_parens /__MAXWELL__/)) subpartitions 2) (partition_definitions ( (skip_parens_inside_partition_definitions /__MAXWELL__/)))))) <EOF>)
[1] 23:43:28,632 DEBUG SchemaChange - SQL_PARSE <- "create table t1 (s1 bigint) partition by list (s1) (partition p1 values in (-9223372036854775808))"
[1] 23:43:28,632 DEBUG SchemaChange - rewrote SQL to create table t1 (s1 bigint) partition by list /__MAXWELL__/ (partition p1 values in (-9223372036854775808))
[1] 23:43:28,632 DEBUG SchemaChange - SQL_PARSE <- "create table t1 (s1 bigint) partition by list /__MAXWELL__/ (partition p1 values in (-9223372036854775808))"
[1] 23:43:28,632 DEBUG SchemaChange - rewrote SQL to create table t1 (s1 bigint) partition by list /__MAXWELL__/ (/__MAXWELL__/
[1] 23:43:28,632 DEBUG SchemaChange - SQL_PARSE <- "create table t1 (s1 bigint) partition by list /__MAXWELL__/ (/__MAXWELL__/"
[1] 23:43:28,632 DEBUG SchemaChange - SQL_PARSE ->   (parse (statement (create_table (create_table_preamble create table (table_name (name (id t1)))) (create_specifications ( (create_specification (column_definition (name (id s1)) (data_type (signed_type bigint)))) )) (table_creation_option (partition_by partition by (partition_by_what list (skip_parens /__MAXWELL__/)) (partition_definitions ( (skip_parens_inside_partition_definitions /__MAXWELL__/)))))) <EOF>)
[1] 23:43:28,632 DEBUG SchemaChange - SQL_PARSE <- "create table t1 (s1 int auto_increment primary key) partition by list (s1) (partition p1 values in (1), partition p2 values in (2), partition p3 values in (3))"
[1] 23:43:28,632 DEBUG SchemaChange - rewrote SQL to create table t1 (s1 int auto_increment primary key) partition by list /__MAXWELL__/ (partition p1 values in (1), partition p2 values in (2), partition p3 values in (3))
[1] 23:43:28,632 DEBUG SchemaChange - SQL_PARSE <- "create table t1 (s1 int auto_increment primary key) partition by list /__MAXWELL__/ (partition p1 values in (1), partition p2 values in (2), partition p3 values in (3))"
[1] 23:43:28,633 DEBUG SchemaChange - rewrote SQL to create table t1 (s1 int auto_increment primary key) partition by list /__MAXWELL__/ (/__MAXWELL__/
[1] 23:43:28,633 DEBUG SchemaChange - SQL_PARSE <- "create table t1 (s1 int auto_increment primary key) partition by list /__MAXWELL__/ (/__MAXWELL__/"
[1] 23:43:28,633 DEBUG SchemaChange - SQL_PARSE ->   (parse (statement (create_table (create_table_preamble create table (table_name (name (id t1)))) (create_specifications ( (create_specification (column_definition (name (id s1)) (data_type (signed_type int (column_options auto_increment) (column_options (primary_key primary key)))))) )) (table_creation_option (partition_by partition by (partition_by_what list (skip_parens /__MAXWELL__/)) (partition_definitions ( (skip_parens_inside_partition_definitions /__MAXWELL__/)))))) <EOF>)
[1] 23:43:28,633 DEBUG SchemaChange - SQL_PARSE <- "create table t1 (s1 int) partition by hash (s1)"
[1] 23:43:28,633 DEBUG SchemaChange - rewrote SQL to create table t1 (s1 int) partition by hash /__MAXWELL__/
[1] 23:43:28,633 DEBUG SchemaChange - SQL_PARSE <- "create table t1 (s1 int) partition by hash /__MAXWELL__/"
[1] 23:43:28,633 DEBUG SchemaChange - SQL_PARSE ->   (parse (statement (create_table (create_table_preamble create table (table_name (name (id t1)))) (create_specifications ( (create_specification (column_definition (name (id s1)) (data_type (signed_type int)))) )) (table_creation_option (partition_by partition by (partition_by_what hash (skip_parens /__MAXWELL__/)))))) <EOF>)
[1] 23:43:28,633 DEBUG SchemaChange - SQL_PARSE <- "create table t1 (s1 int) partition by hash(s1) partitions 2"
[1] 23:43:28,633 DEBUG SchemaChange - rewrote SQL to create table t1 (s1 int) partition by hash/__MAXWELL__/ partitions 2
[1] 23:43:28,633 DEBUG SchemaChange - SQL_PARSE <- "create table t1 (s1 int) partition by hash/__MAXWELL__/ partitions 2"
[1] 23:43:28,633 DEBUG SchemaChange - SQL_PARSE ->   (parse (statement (create_table (create_table_preamble create table (table_name (name (id t1)))) (create_specifications ( (create_specification (column_definition (name (id s1)) (data_type (signed_type int)))) )) (table_creation_option (partition_by partition by (partition_by_what hash (skip_parens /__MAXWELL__/)) (partition_count partitions 2))))) <EOF>)
[1] 23:43:28,633 DEBUG SchemaChange - SQL_PARSE <- "create table t1 (s1 int) partition by list (s1)  (partition p1 values in (0),  partition p2 values in (1),  partition p3 values in (null))"
[1] 23:43:28,633 DEBUG SchemaChange - rewrote SQL to create table t1 (s1 int) partition by list /__MAXWELL__/  (partition p1 values in (0),  partition p2 values in (1),  partition p3 values in (null))
[1] 23:43:28,633 DEBUG SchemaChange - SQL_PARSE <- "create table t1 (s1 int) partition by list /__MAXWELL__/  (partition p1 values in (0),  partition p2 values in (1),  partition p3 values in (null))"
[1] 23:43:28,634 DEBUG SchemaChange - rewrote SQL to create table t1 (s1 int) partition by list /__MAXWELL__/  (/__MAXWELL__/
[1] 23:43:28,634 DEBUG SchemaChange - SQL_PARSE <- "create table t1 (s1 int) partition by list /__MAXWELL__/  (/__MAXWELL__/"
[1] 23:43:28,634 DEBUG SchemaChange - SQL_PARSE ->   (parse (statement (create_table (create_table_preamble create table (table_name (name (id t1)))) (create_specifications ( (create_specification (column_definition (name (id s1)) (data_type (signed_type int)))) )) (table_creation_option (partition_by partition by (partition_by_what list (skip_parens /__MAXWELL__/)) (partition_definitions ( (skip_parens_inside_partition_definitions /__MAXWELL__/)))))) <EOF>)
[1] 23:43:28,634 DEBUG SchemaChange - SQL_PARSE <- "create table t1 (s1 int) partition by list (s1) (partition c values in (1), partition Ç values in (3))"
[1] 23:43:28,634 DEBUG SchemaChange - rewrote SQL to create table t1 (s1 int) partition by list /__MAXWELL__/ (partition c values in (1), partition Ç values in (3))
[1] 23:43:28,634 DEBUG SchemaChange - SQL_PARSE <- "create table t1 (s1 int) partition by list /__MAXWELL__/ (partition c values in (1), partition Ç values in (3))"
[1] 23:43:28,635 DEBUG SchemaChange - rewrote SQL to create table t1 (s1 int) partition by list /__MAXWELL__/ (/__MAXWELL__/
[1] 23:43:28,635 DEBUG SchemaChange - SQL_PARSE <- "create table t1 (s1 int) partition by list /__MAXWELL__/ (/__MAXWELL__/"
[1] 23:43:28,635 DEBUG SchemaChange - SQL_PARSE ->   (parse (statement (create_table (create_table_preamble create table (table_name (name (id t1)))) (create_specifications ( (create_specification (column_definition (name (id s1)) (data_type (signed_type int)))) )) (table_creation_option (partition_by partition by (partition_by_what list (skip_parens /__MAXWELL__/)) (partition_definitions ( (skip_parens_inside_partition_definitions /__MAXWELL__/)))))) <EOF>)
[1] 23:43:28,635 DEBUG SchemaChange - SQL_PARSE <- "create table t1 (s1 int) partition by range(s1)  (partition pa1 values less than (10), partition pa2 values less than MAXVALUE)"
[1] 23:43:28,635 DEBUG SchemaChange - rewrote SQL to create table t1 (s1 int) partition by range/__MAXWELL__/  (partition pa1 values less than (10), partition pa2 values less than MAXVALUE)
[1] 23:43:28,635 DEBUG SchemaChange - SQL_PARSE <- "create table t1 (s1 int) partition by range/__MAXWELL__/  (partition pa1 values less than (10), partition pa2 values less than MAXVALUE)"
[1] 23:43:28,635 DEBUG SchemaChange - rewrote SQL to create table t1 (s1 int) partition by range/__MAXWELL__/  (/__MAXWELL__/
[1] 23:43:28,636 DEBUG SchemaChange - SQL_PARSE <- "create table t1 (s1 int) partition by range/__MAXWELL__/  (/__MAXWELL__/"
[1] 23:43:28,636 DEBUG SchemaChange - SQL_PARSE ->   (parse (statement (create_table (create_table_preamble create table (table_name (name (id t1)))) (create_specifications ( (create_specification (column_definition (name (id s1)) (data_type (signed_type int)))) )) (table_creation_option (partition_by partition by (partition_by_what range (skip_parens /__MAXWELL__/)) (partition_definitions ( (skip_parens_inside_partition_definitions /__MAXWELL__/)))))) <EOF>)
[1] 23:43:28,636 DEBUG SchemaChange - SQL_PARSE <- "create table t1 (s1 int, unique (s1)) partition by list (s1) (partition x1 VALUES in (10), partition x2 values in (20))"
[1] 23:43:28,636 DEBUG SchemaChange - rewrote SQL to create table t1 (s1 int, unique (s1)) partition by list /__MAXWELL__/ (partition x1 VALUES in (10), partition x2 values in (20))
[1] 23:43:28,636 DEBUG SchemaChange - SQL_PARSE <- "create table t1 (s1 int, unique (s1)) partition by list /__MAXWELL__/ (partition x1 VALUES in (10), partition x2 values in (20))"
[1] 23:43:28,636 DEBUG SchemaChange - rewrote SQL to create table t1 (s1 int, unique (s1)) partition by list /__MAXWELL__/ (/__MAXWELL__/
[1] 23:43:28,636 DEBUG SchemaChange - SQL_PARSE <- "create table t1 (s1 int, unique (s1)) partition by list /__MAXWELL__/ (/__MAXWELL__/"
[1] 23:43:28,636 DEBUG SchemaChange - SQL_PARSE ->   (parse (statement (create_table (create_table_preamble create table (table_name (name (id t1)))) (create_specifications ( (create_specification (column_definition (name (id s1)) (data_type (signed_type int)))) , (create_specification (index_definition (index_type_3 unique (index_column_list ( (index_columns (index_column (name (id s1)))) ))))) )) (table_creation_option (partition_by partition by (partition_by_what list (skip_parens /__MAXWELL__/)) (partition_definitions ( (skip_parens_inside_partition_definitions /__MAXWELL__/)))))) <EOF>)
[1] 23:43:28,636 DEBUG SchemaChange - SQL_PARSE <- "create table t1 (s1 mediumint,s2 mediumint) partition by list (s2) (partition p1 values in (0), partition p2 values in (1))"
[1] 23:43:28,636 DEBUG SchemaChange - rewrote SQL to create table t1 (s1 mediumint,s2 mediumint) partition by list /__MAXWELL__/ (partition p1 values in (0), partition p2 values in (1))
[1] 23:43:28,636 DEBUG SchemaChange - SQL_PARSE <- "create table t1 (s1 mediumint,s2 mediumint) partition by list /__MAXWELL__/ (partition p1 values in (0), partition p2 values in (1))"
[1] 23:43:28,637 DEBUG SchemaChange - rewrote SQL to create table t1 (s1 mediumint,s2 mediumint) partition by list /__MAXWELL__/ (/__MAXWELL__/
[1] 23:43:28,637 DEBUG SchemaChange - SQL_PARSE <- "create table t1 (s1 mediumint,s2 mediumint) partition by list /__MAXWELL__/ (/__MAXWELL__/"
[1] 23:43:28,637 DEBUG SchemaChange - SQL_PARSE ->   (parse (statement (create_table (create_table_preamble create table (table_name (name (id t1)))) (create_specifications ( (create_specification (column_definition (name (id s1)) (data_type (signed_type mediumint)))) , (create_specification (column_definition (name (id s2)) (data_type (signed_type mediumint)))) )) (table_creation_option (partition_by partition by (partition_by_what list (skip_parens /__MAXWELL__/)) (partition_definitions ( (skip_parens_inside_partition_definitions /__MAXWELL__/)))))) <EOF>)
[1] 23:43:28,637 DEBUG SchemaChange - SQL_PARSE <- "create table t1 (s1 timestamp on update current_timestamp, s2 int) partition by key(s1) partitions 3"
[1] 23:43:28,637 DEBUG SchemaChange - rewrote SQL to create table t1 (s1 timestamp on update current_timestamp, s2 int) partition by key/__MAXWELL__/ partitions 3
[1] 23:43:28,637 DEBUG SchemaChange - SQL_PARSE <- "create table t1 (s1 timestamp on update current_timestamp, s2 int) partition by key/__MAXWELL__/ partitions 3"
[1] 23:43:28,637 DEBUG SchemaChange - SQL_PARSE ->   (parse (statement (create_table (create_table_preamble create table (table_name (name (id t1)))) (create_specifications ( (create_specification (column_definition (name (id s1)) (data_type (generic_type timestamp (column_options on update current_timestamp))))) , (create_specification (column_definition (name (id s2)) (data_type (signed_type int)))) )) (table_creation_option (partition_by partition by (partition_by_what key (skip_parens /__MAXWELL__/)) (partition_count partitions 3))))) <EOF>)
[1] 23:43:28,637 DEBUG SchemaChange - SQL_PARSE <- "create table t1 (s1 varchar(15)) partition by key (s1)"
[1] 23:43:28,637 DEBUG SchemaChange - rewrote SQL to create table t1 (s1 varchar(15)) partition by key /__MAXWELL__/
[1] 23:43:28,638 DEBUG SchemaChange - SQL_PARSE <- "create table t1 (s1 varchar(15)) partition by key /__MAXWELL__/"
[1] 23:43:28,638 DEBUG SchemaChange - SQL_PARSE ->   (parse (statement (create_table (create_table_preamble create table (table_name (name (id t1)))) (create_specifications ( (create_specification (column_definition (name (id s1)) (data_type (string_type varchar (length ( 15 )))))) )) (table_creation_option (partition_by partition by (partition_by_what key (skip_parens /__MAXWELL__/)))))) <EOF>)
[1] 23:43:28,638 DEBUG SchemaChange - SQL_PARSE <- "create table t1(a bigint unsigned not null) partition by range(a+0) ( partition p1 values less than (10), partition p2 values less than (20), partition p3 values less than (2305561538531885056), partition p4 values less than (2305561538531950591) )"
[1] 23:43:28,638 DEBUG SchemaChange - rewrote SQL to create table t1(a bigint unsigned not null) partition by range/__MAXWELL__/ ( partition p1 values less than (10), partition p2 values less than (20), partition p3 values less than (2305561538531885056), partition p4 values less than (2305561538531950591) )
[1] 23:43:28,638 DEBUG SchemaChange - SQL_PARSE <- "create table t1(a bigint unsigned not null) partition by range/__MAXWELL__/ ( partition p1 values less than (10), partition p2 values less than (20), partition p3 values less than (2305561538531885056), partition p4 values less than (2305561538531950591) )"
[1] 23:43:28,638 DEBUG SchemaChange - rewrote SQL to create table t1(a bigint unsigned not null) partition by range/__MAXWELL__/ ( /__MAXWELL__/
[1] 23:43:28,638 DEBUG SchemaChange - SQL_PARSE <- "create table t1(a bigint unsigned not null) partition by range/__MAXWELL__/ ( /__MAXWELL__/"
[1] 23:43:28,638 DEBUG SchemaChange - SQL_PARSE ->   (parse (statement (create_table (create_table_preamble create table (table_name (name (id t1)))) (create_specifications ( (create_specification (column_definition (name (id a)) (data_type (signed_type bigint (int_flags unsigned) (column_options (nullability not null)))))) )) (table_creation_option (partition_by partition by (partition_by_what range (skip_parens /__MAXWELL__/)) (partition_definitions ( (skip_parens_inside_partition_definitions /__MAXWELL__/)))))) <EOF>)
[1] 23:43:28,638 DEBUG SchemaChange - SQL_PARSE <- "create table t1(a int auto_increment primary key) partition by key(a) partitions 2"
[1] 23:43:28,638 DEBUG SchemaChange - rewrote SQL to create table t1(a int auto_increment primary key) partition by key/__MAXWELL__/ partitions 2
[1] 23:43:28,638 DEBUG SchemaChange - SQL_PARSE <- "create table t1(a int auto_increment primary key) partition by key/__MAXWELL__/ partitions 2"
[1] 23:43:28,639 DEBUG SchemaChange - SQL_PARSE ->   (parse (statement (create_table (create_table_preamble create table (table_name (name (id t1)))) (create_specifications ( (create_specification (column_definition (name (id a)) (data_type (signed_type int (column_options auto_increment) (column_options (primary_key primary key)))))) )) (table_creation_option (partition_by partition by (partition_by_what key (skip_parens /__MAXWELL__/)) (partition_count partitions 2))))) <EOF>)
[1] 23:43:28,639 DEBUG SchemaChange - SQL_PARSE <- "create table t1(a int auto_increment, b int, primary key (b, a))  partition by hash(b) partitions 2"
[1] 23:43:28,639 DEBUG SchemaChange - rewrote SQL to create table t1(a int auto_increment, b int, primary key (b, a))  partition by hash/__MAXWELL__/ partitions 2
[1] 23:43:28,639 DEBUG SchemaChange - SQL_PARSE <- "create table t1(a int auto_increment, b int, primary key (b, a))  partition by hash/__MAXWELL__/ partitions 2"
[1] 23:43:28,639 DEBUG SchemaChange - SQL_PARSE ->   (parse (statement (create_table (create_table_preamble create table (table_name (name (id t1)))) (create_specifications ( (create_specification (column_definition (name (id a)) (data_type (signed_type int (column_options auto_increment))))) , (create_specification (column_definition (name (id b)) (data_type (signed_type int)))) , (create_specification (index_definition (index_type_pk primary key (index_column_list ( (index_columns (index_column (name (id b))) , (index_column (name (id a)))) ))))) )) (table_creation_option (partition_by partition by (partition_by_what hash (skip_parens /__MAXWELL__/)) (partition_count partitions 2))))) <EOF>)
[1] 23:43:28,639 DEBUG SchemaChange - SQL_PARSE <- "create table t2 ( a int not null, b int not null ) partition by key(a,b) partitions 2"
[1] 23:43:28,639 DEBUG SchemaChange - rewrote SQL to create table t2 ( a int not null, b int not null ) partition by key/__MAXWELL__/ partitions 2
[1] 23:43:28,639 DEBUG SchemaChange - SQL_PARSE <- "create table t2 ( a int not null, b int not null ) partition by key/__MAXWELL__/ partitions 2"
[1] 23:43:28,639 DEBUG SchemaChange - SQL_PARSE ->   (parse (statement (create_table (create_table_preamble create table (table_name (name (id t2)))) (create_specifications ( (create_specification (column_definition (name (id a)) (data_type (signed_type int (column_options (nullability not null)))))) , (create_specification (column_definition (name (id b)) (data_type (signed_type int (column_options (nullability not null)))))) )) (table_creation_option (partition_by partition by (partition_by_what key (skip_parens /__MAXWELL__/)) (partition_count partitions 2))))) <EOF>)
[1] 23:43:28,639 DEBUG SchemaChange - SQL_PARSE <- "create table t2 (a binary(255) not null, primary key(a)) engine='MyISAM'  partition by key (a) partitions 27"
[1] 23:43:28,640 DEBUG SchemaChange - rewrote SQL to create table t2 (a binary(255) not null, primary key(a)) engine='MyISAM'  partition by key /__MAXWELL__/ partitions 27
[1] 23:43:28,640 DEBUG SchemaChange - SQL_PARSE <- "create table t2 (a binary(255) not null, primary key(a)) engine='MyISAM'  partition by key /__MAXWELL__/ partitions 27"
[1] 23:43:28,640 DEBUG SchemaChange - SQL_PARSE ->   (parse (statement (create_table (create_table_preamble create table (table_name (name (id t2)))) (create_specifications ( (create_specification (column_definition (name (id a)) (data_type (generic_type binary (length ( 255 )) (column_options (nullability not null)))))) , (create_specification (index_definition (index_type_pk primary key (index_column_list ( (index_columns (index_column (name (id a)))) ))))) )) (table_creation_option (creation_engine engine = (string_literal 'MyISAM'))) (table_creation_option (partition_by partition by (partition_by_what key (skip_parens /__MAXWELL__/)) (partition_count partitions 27))))) <EOF>)
[1] 23:43:28,640 DEBUG SchemaChange - SQL_PARSE <- "create table t2 (a bit, primary key (a)) engine='MyISAM'  partition by key (a) partitions 4"
[1] 23:43:28,640 DEBUG SchemaChange - rewrote SQL to create table t2 (a bit, primary key (a)) engine='MyISAM'  partition by key /__MAXWELL__/ partitions 4
[1] 23:43:28,640 DEBUG SchemaChange - SQL_PARSE <- "create table t2 (a bit, primary key (a)) engine='MyISAM'  partition by key /__MAXWELL__/ partitions 4"
[1] 23:43:28,640 DEBUG SchemaChange - SQL_PARSE ->   (parse (statement (create_table (create_table_preamble create table (table_name (name (id t2)))) (create_specifications ( (create_specification (column_definition (name (id a)) (data_type (generic_type bit)))) , (create_specification (index_definition (index_type_pk primary key (index_column_list ( (index_columns (index_column (name (id a)))) ))))) )) (table_creation_option (creation_engine engine = (string_literal 'MyISAM'))) (table_creation_option (partition_by partition by (partition_by_what key (skip_parens /__MAXWELL__/)) (partition_count partitions 4))))) <EOF>)
[1] 23:43:28,640 DEBUG SchemaChange - SQL_PARSE <- "create table t2 (a char(255) not null, primary key(a)) engine='MyISAM'  partition by key (a) partitions 27"
[1] 23:43:28,640 DEBUG SchemaChange - rewrote SQL to create table t2 (a char(255) not null, primary key(a)) engine='MyISAM'  partition by key /__MAXWELL__/ partitions 27
[1] 23:43:28,640 DEBUG SchemaChange - SQL_PARSE <- "create table t2 (a char(255) not null, primary key(a)) engine='MyISAM'  partition by key /__MAXWELL__/ partitions 27"
[1] 23:43:28,641 DEBUG SchemaChange - SQL_PARSE ->   (parse (statement (create_table (create_table_preamble create table (table_name (name (id t2)))) (create_specifications ( (create_specification (column_definition (name (id a)) (data_type (string_type char (length ( 255 )) (column_options (nullability not null)))))) , (create_specification (index_definition (index_type_pk primary key (index_column_list ( (index_columns (index_column (name (id a)))) ))))) )) (table_creation_option (creation_engine engine = (string_literal 'MyISAM'))) (table_creation_option (partition_by partition by (partition_by_what key (skip_parens /__MAXWELL__/)) (partition_count partitions 27))))) <EOF>)
[1] 23:43:28,641 DEBUG SchemaChange - SQL_PARSE <- "create table t2 (a date not null, primary key(a)) engine='MyISAM'  partition by key (a) partitions 12"
[1] 23:43:28,641 DEBUG SchemaChange - rewrote SQL to create table t2 (a date not null, primary key(a)) engine='MyISAM'  partition by key /__MAXWELL__/ partitions 12
[1] 23:43:28,641 DEBUG SchemaChange - SQL_PARSE <- "create table t2 (a date not null, primary key(a)) engine='MyISAM'  partition by key /__MAXWELL__/ partitions 12"
[1] 23:43:28,641 DEBUG SchemaChange - SQL_PARSE ->   (parse (statement (create_table (create_table_preamble create table (table_name (name (id t2)))) (create_specifications ( (create_specification (column_definition (name (id a)) (data_type (generic_type date (column_options (nullability not null)))))) , (create_specification (index_definition (index_type_pk primary key (index_column_list ( (index_columns (index_column (name (id a)))) ))))) )) (table_creation_option (creation_engine engine = (string_literal 'MyISAM'))) (table_creation_option (partition_by partition by (partition_by_what key (skip_parens /__MAXWELL__/)) (partition_count partitions 12))))) <EOF>)
[1] 23:43:28,641 DEBUG SchemaChange - SQL_PARSE <- "create table t2 (a datetime not null, primary key(a)) engine='MyISAM'  partition by key (a) partitions 12"
[1] 23:43:28,641 DEBUG SchemaChange - rewrote SQL to create table t2 (a datetime not null, primary key(a)) engine='MyISAM'  partition by key /__MAXWELL__/ partitions 12
[1] 23:43:28,641 DEBUG SchemaChange - SQL_PARSE <- "create table t2 (a datetime not null, primary key(a)) engine='MyISAM'  partition by key /__MAXWELL__/ partitions 12"
[1] 23:43:28,641 DEBUG SchemaChange - SQL_PARSE ->   (parse (statement (create_table (create_table_preamble create table (table_name (name (id t2)))) (create_specifications ( (create_specification (column_definition (name (id a)) (data_type (generic_type datetime (column_options (nullability not null)))))) , (create_specification (index_definition (index_type_pk primary key (index_column_list ( (index_columns (index_column (name (id a)))) ))))) )) (table_creation_option (creation_engine engine = (string_literal 'MyISAM'))) (table_creation_option (partition_by partition by (partition_by_what key (skip_parens /__MAXWELL__/)) (partition_count partitions 12))))) <EOF>)
[1] 23:43:28,641 DEBUG SchemaChange - SQL_PARSE <- "create table t2 (a double not null, primary key(a)) engine='MYISAM'  partition by key (a) partitions 10"
[1] 23:43:28,642 DEBUG SchemaChange - rewrote SQL to create table t2 (a double not null, primary key(a)) engine='MYISAM'  partition by key /__MAXWELL__/ partitions 10
[1] 23:43:28,642 DEBUG SchemaChange - SQL_PARSE <- "create table t2 (a double not null, primary key(a)) engine='MYISAM'  partition by key /__MAXWELL__/ partitions 10"
[1] 23:43:28,642 DEBUG SchemaChange - SQL_PARSE ->   (parse (statement (create_table (create_table_preamble create table (table_name (name (id t2)))) (create_specifications ( (create_specification (column_definition (name (id a)) (data_type (signed_type double (column_options (nullability not null)))))) , (create_specification (index_definition (index_type_pk primary key (index_column_list ( (index_columns (index_column (name (id a)))) ))))) )) (table_creation_option (creation_engine engine = (string_literal 'MYISAM'))) (table_creation_option (partition_by partition by (partition_by_what key (skip_parens /__MAXWELL__/)) (partition_count partitions 10))))) <EOF>)
[1] 23:43:28,642 DEBUG SchemaChange - SQL_PARSE <- "create table t2 (a enum ( '1','2','3','4','5','6','7','8','9','0', 'A','B','C','D','E','F','G','H','I','J','K','L', 'M','N','O','P','Q','R','S','T','U','V','W','X', 'Y','Z' ) not null, primary key(a)) engine='MyISAM'  partition by key (a) partitions 27"
[1] 23:43:28,642 DEBUG SchemaChange - rewrote SQL to create table t2 (a enum ( '1','2','3','4','5','6','7','8','9','0', 'A','B','C','D','E','F','G','H','I','J','K','L', 'M','N','O','P','Q','R','S','T','U','V','W','X', 'Y','Z' ) not null, primary key(a)) engine='MyISAM'  partition by key /__MAXWELL__/ partitions 27
[1] 23:43:28,642 DEBUG SchemaChange - SQL_PARSE <- "create table t2 (a enum ( '1','2','3','4','5','6','7','8','9','0', 'A','B','C','D','E','F','G','H','I','J','K','L', 'M','N','O','P','Q','R','S','T','U','V','W','X', 'Y','Z' ) not null, primary key(a)) engine='MyISAM'  partition by key /__MAXWELL__/ partitions 27"
[1] 23:43:28,643 DEBUG SchemaChange - SQL_PARSE ->   (parse (statement (create_table (create_table_preamble create table (table_name (name (id t2)))) (create_specifications ( (create_specification (column_definition (name (id a)) (data_type (enumerated_type enum ( (enumerated_values (enum_value (string_literal '1')) , (enum_value (string_literal '2')) , (enum_value (string_literal '3')) , (enum_value (string_literal '4')) , (enum_value (string_literal '5')) , (enum_value (string_literal '6')) , (enum_value (string_literal '7')) , (enum_value (string_literal '8')) , (enum_value (string_literal '9')) , (enum_value (string_literal '0')) , (enum_value (string_literal 'A')) , (enum_value (string_literal 'B')) , (enum_value (string_literal 'C')) , (enum_value (string_literal 'D')) , (enum_value (string_literal 'E')) , (enum_value (string_literal 'F')) , (enum_value (string_literal 'G')) , (enum_value (string_literal 'H')) , (enum_value (string_literal 'I')) , (enum_value (string_literal 'J')) , (enum_value (string_literal 'K')) , (enum_value (string_literal 'L')) , (enum_value (string_literal 'M')) , (enum_value (string_literal 'N')) , (enum_value (string_literal 'O')) , (enum_value (string_literal 'P')) , (enum_value (string_literal 'Q')) , (enum_value (string_literal 'R')) , (enum_value (string_literal 'S')) , (enum_value (string_literal 'T')) , (enum_value (string_literal 'U')) , (enum_value (string_literal 'V')) , (enum_value (string_literal 'W')) , (enum_value (string_literal 'X')) , (enum_value (string_literal 'Y')) , (enum_value (string_literal 'Z'))) ) (column_options (nullability not null)))))) , (create_specification (index_definition (index_type_pk primary key (index_column_list ( (index_columns (index_column (name (id a)))) ))))) )) (table_creation_option (creation_engine engine = (string_literal 'MyISAM'))) (table_creation_option (partition_by partition by (partition_by_what key (skip_parens /__MAXWELL__/)) (partition_count partitions 27))))) <EOF>)
[1] 23:43:28,643 DEBUG SchemaChange - SQL_PARSE <- "create table t2 (a float not null, primary key(a)) engine='MYISAM'  partition by key (a) partitions 10"
[1] 23:43:28,643 DEBUG SchemaChange - rewrote SQL to create table t2 (a float not null, primary key(a)) engine='MYISAM'  partition by key /__MAXWELL__/ partitions 10
[1] 23:43:28,643 DEBUG SchemaChange - SQL_PARSE <- "create table t2 (a float not null, primary key(a)) engine='MYISAM'  partition by key /__MAXWELL__/ partitions 10"
[1] 23:43:28,643 DEBUG SchemaChange - SQL_PARSE ->   (parse (statement (create_table (create_table_preamble create table (table_name (name (id t2)))) (create_specifications ( (create_specification (column_definition (name (id a)) (data_type (signed_type float (column_options (nullability not null)))))) , (create_specification (index_definition (index_type_pk primary key (index_column_list ( (index_columns (index_column (name (id a)))) ))))) )) (table_creation_option (creation_engine engine = (string_literal 'MYISAM'))) (table_creation_option (partition_by partition by (partition_by_what key (skip_parens /__MAXWELL__/)) (partition_count partitions 10))))) <EOF>)
[1] 23:43:28,643 DEBUG SchemaChange - SQL_PARSE <- "create table t2 (a int not null) partition by range(a) ( partition p0 values less than (10), partition p1 values less than (20), partition p2 values less than (30), partition p3 values less than (40), partition p4 values less than (50), partition p5 values less than (60), partition p6 values less than (70) )"
[1] 23:43:28,644 DEBUG SchemaChange - rewrote SQL to create table t2 (a int not null) partition by range/__MAXWELL__/ ( partition p0 values less than (10), partition p1 values less than (20), partition p2 values less than (30), partition p3 values less than (40), partition p4 values less than (50), partition p5 values less than (60), partition p6 values less than (70) )
[1] 23:43:28,644 DEBUG SchemaChange - SQL_PARSE <- "create table t2 (a int not null) partition by range/__MAXWELL__/ ( partition p0 values less than (10), partition p1 values less than (20), partition p2 values less than (30), partition p3 values less than (40), partition p4 values less than (50), partition p5 values less than (60), partition p6 values less than (70) )"
[1] 23:43:28,644 DEBUG SchemaChange - rewrote SQL to create table t2 (a int not null) partition by range/__MAXWELL__/ ( /__MAXWELL__/
[1] 23:43:28,644 DEBUG SchemaChange - SQL_PARSE <- "create table t2 (a int not null) partition by range/__MAXWELL__/ ( /__MAXWELL__/"
[1] 23:43:28,644 DEBUG SchemaChange - SQL_PARSE ->   (parse (statement (create_table (create_table_preamble create table (table_name (name (id t2)))) (create_specifications ( (create_specification (column_definition (name (id a)) (data_type (signed_type int (column_options (nullability not null)))))) )) (table_creation_option (partition_by partition by (partition_by_what range (skip_parens /__MAXWELL__/)) (partition_definitions ( (skip_parens_inside_partition_definitions /__MAXWELL__/)))))) <EOF>)
[1] 23:43:28,644 DEBUG SchemaChange - SQL_PARSE <- "create table t2 (a int not null,b int not null,c int not null, primary key(a,b)) partition by range (a) partitions 3 (partition x1 values less than (5) tablespace ts1, partition x2 values less than (10) tablespace ts2, partition x3 values less than maxvalue tablespace ts3)"
[1] 23:43:28,644 DEBUG SchemaChange - rewrote SQL to create table t2 (a int not null,b int not null,c int not null, primary key(a,b)) partition by range /__MAXWELL__/ partitions 3 (partition x1 values less than (5) tablespace ts1, partition x2 values less than (10) tablespace ts2, partition x3 values less than maxvalue tablespace ts3)
[1] 23:43:28,644 DEBUG SchemaChange - SQL_PARSE <- "create table t2 (a int not null,b int not null,c int not null, primary key(a,b)) partition by range /__MAXWELL__/ partitions 3 (partition x1 values less than (5) tablespace ts1, partition x2 values less than (10) tablespace ts2, partition x3 values less than maxvalue tablespace ts3)"
[1] 23:43:28,644 DEBUG SchemaChange - rewrote SQL to create table t2 (a int not null,b int not null,c int not null, primary key(a,b)) partition by range /__MAXWELL__/ partitions 3 (/__MAXWELL__/
[1] 23:43:28,644 DEBUG SchemaChange - SQL_PARSE <- "create table t2 (a int not null,b int not null,c int not null, primary key(a,b)) partition by range /__MAXWELL__/ partitions 3 (/__MAXWELL__/"
[1] 23:43:28,645 DEBUG SchemaChange - SQL_PARSE ->   (parse (statement (create_table (create_table_preamble create table (table_name (name (id t2)))) (create_specifications ( (create_specification (column_definition (name (id a)) (data_type (signed_type int (column_options (nullability not null)))))) , (create_specification (column_definition (name (id b)) (data_type (signed_type int (column_options (nullability not null)))))) , (create_specification (column_definition (name (id c)) (data_type (signed_type int (column_options (nullability not null)))))) , (create_specification (index_definition (index_type_pk primary key (index_column_list ( (index_columns (index_column (name (id a))) , (index_column (name (id b)))) ))))) )) (table_creation_option (partition_by partition by (partition_by_what range (skip_parens /__MAXWELL__/)) (partition_count partitions 3) (partition_definitions ( (skip_parens_inside_partition_definitions /__MAXWELL__/)))))) <EOF>)
[1] 23:43:28,645 DEBUG SchemaChange - SQL_PARSE <- "create table t2 (a int not null,b int not null,c int not null,primary key (a,b)) partition by range (a) subpartition by key (a) ( partition x1 values less than (1) ( subpartition x11 tablespace t1, subpartition x12 tablespace t2), partition x2 values less than (5) ( subpartition x21 tablespace t1, subpartition x22 tablespace t2) )"
[1] 23:43:28,645 DEBUG SchemaChange - rewrote SQL to create table t2 (a int not null,b int not null,c int not null,primary key (a,b)) partition by range /__MAXWELL__/ subpartition by key (a) ( partition x1 values less than (1) ( subpartition x11 tablespace t1, subpartition x12 tablespace t2), partition x2 values less than (5) ( subpartition x21 tablespace t1, subpartition x22 tablespace t2) )
[1] 23:43:28,645 DEBUG SchemaChange - SQL_PARSE <- "create table t2 (a int not null,b int not null,c int not null,primary key (a,b)) partition by range /__MAXWELL__/ subpartition by key (a) ( partition x1 values less than (1) ( subpartition x11 tablespace t1, subpartition x12 tablespace t2), partition x2 values less than (5) ( subpartition x21 tablespace t1, subpartition x22 tablespace t2) )"
[1] 23:43:28,645 DEBUG SchemaChange - rewrote SQL to create table t2 (a int not null,b int not null,c int not null,primary key (a,b)) partition by range /__MAXWELL__/ subpartition by key /__MAXWELL__/ ( partition x1 values less than (1) ( subpartition x11 tablespace t1, subpartition x12 tablespace t2), partition x2 values less than (5) ( subpartition x21 tablespace t1, subpartition x22 tablespace t2) )
[1] 23:43:28,645 DEBUG SchemaChange - SQL_PARSE <- "create table t2 (a int not null,b int not null,c int not null,primary key (a,b)) partition by range /__MAXWELL__/ subpartition by key /__MAXWELL__/ ( partition x1 values less than (1) ( subpartition x11 tablespace t1, subpartition x12 tablespace t2), partition x2 values less than (5) ( subpartition x21 tablespace t1, subpartition x22 tablespace t2) )"
[1] 23:43:28,645 DEBUG SchemaChange - rewrote SQL to create table t2 (a int not null,b int not null,c int not null,primary key (a,b)) partition by range /__MAXWELL__/ subpartition by key /__MAXWELL__/ ( /__MAXWELL__/
[1] 23:43:28,645 DEBUG SchemaChange - SQL_PARSE <- "create table t2 (a int not null,b int not null,c int not null,primary key (a,b)) partition by range /__MAXWELL__/ subpartition by key /__MAXWELL__/ ( /__MAXWELL__/"
[1] 23:43:28,646 DEBUG SchemaChange - SQL_PARSE ->   (parse (statement (create_table (create_table_preamble create table (table_name (name (id t2)))) (create_specifications ( (create_specification (column_definition (name (id a)) (data_type (signed_type int (column_options (nullability not null)))))) , (create_specification (column_definition (name (id b)) (data_type (signed_type int (column_options (nullability not null)))))) , (create_specification (column_definition (name (id c)) (data_type (signed_type int (column_options (nullability not null)))))) , (create_specification (index_definition (index_type_pk primary key (index_column_list ( (index_columns (index_column (name (id a))) , (index_column (name (id b)))) ))))) )) (table_creation_option (partition_by partition by (partition_by_what range (skip_parens /__MAXWELL__/)) (subpartition_by subpartition by (partition_by_what key (skip_parens /__MAXWELL__/))) (partition_definitions ( (skip_parens_inside_partition_definitions /__MAXWELL__/)))))) <EOF>)
[1] 23:43:28,646 DEBUG SchemaChange - SQL_PARSE <- "create table t2 (a int) partition by range(a+0) ( partition p0 values less than (64), partition p1 values less than (128), partition p2 values less than (255) )"
[1] 23:43:28,646 DEBUG SchemaChange - rewrote SQL to create table t2 (a int) partition by range/__MAXWELL__/ ( partition p0 values less than (64), partition p1 values less than (128), partition p2 values less than (255) )
[1] 23:43:28,646 DEBUG SchemaChange - SQL_PARSE <- "create table t2 (a int) partition by range/__MAXWELL__/ ( partition p0 values less than (64), partition p1 values less than (128), partition p2 values less than (255) )"
[1] 23:43:28,646 DEBUG SchemaChange - rewrote SQL to create table t2 (a int) partition by range/__MAXWELL__/ ( /__MAXWELL__/
[1] 23:43:28,646 DEBUG SchemaChange - SQL_PARSE <- "create table t2 (a int) partition by range/__MAXWELL__/ ( /__MAXWELL__/"
[1] 23:43:28,646 DEBUG SchemaChange - SQL_PARSE ->   (parse (statement (create_table (create_table_preamble create table (table_name (name (id t2)))) (create_specifications ( (create_specification (column_definition (name (id a)) (data_type (signed_type int)))) )) (table_creation_option (partition_by partition by (partition_by_what range (skip_parens /__MAXWELL__/)) (partition_definitions ( (skip_parens_inside_partition_definitions /__MAXWELL__/)))))) <EOF>)
[1] 23:43:28,646 DEBUG SchemaChange - SQL_PARSE <- "create table t2 (a int, b int) partition by LIST(a) subpartition by HASH(b) subpartitions 40 ( partition p_0_long_partition_name values in(1), partition p_1_long_partition_name values in(2))"
[1] 23:43:28,646 DEBUG SchemaChange - rewrote SQL to create table t2 (a int, b int) partition by LIST/__MAXWELL__/ subpartition by HASH(b) subpartitions 40 ( partition p_0_long_partition_name values in(1), partition p_1_long_partition_name values in(2))
[1] 23:43:28,646 DEBUG SchemaChange - SQL_PARSE <- "create table t2 (a int, b int) partition by LIST/__MAXWELL__/ subpartition by HASH(b) subpartitions 40 ( partition p_0_long_partition_name values in(1), partition p_1_long_partition_name values in(2))"
[1] 23:43:28,646 DEBUG SchemaChange - rewrote SQL to create table t2 (a int, b int) partition by LIST/__MAXWELL__/ subpartition by HASH/__MAXWELL__/ subpartitions 40 ( partition p_0_long_partition_name values in(1), partition p_1_long_partition_name values in(2))
[1] 23:43:28,646 DEBUG SchemaChange - SQL_PARSE <- "create table t2 (a int, b int) partition by LIST/__MAXWELL__/ subpartition by HASH/__MAXWELL__/ subpartitions 40 ( partition p_0_long_partition_name values in(1), partition p_1_long_partition_name values in(2))"
[1] 23:43:28,647 DEBUG SchemaChange - rewrote SQL to create table t2 (a int, b int) partition by LIST/__MAXWELL__/ subpartition by HASH/__MAXWELL__/ subpartitions 40 ( /__MAXWELL__/
[1] 23:43:28,647 DEBUG SchemaChange - SQL_PARSE <- "create table t2 (a int, b int) partition by LIST/__MAXWELL__/ subpartition by HASH/__MAXWELL__/ subpartitions 40 ( /__MAXWELL__/"
[1] 23:43:28,647 DEBUG SchemaChange - SQL_PARSE ->   (parse (statement (create_table (create_table_preamble create table (table_name (name (id t2)))) (create_specifications ( (create_specification (column_definition (name (id a)) (data_type (signed_type int)))) , (create_specification (column_definition (name (id b)) (data_type (signed_type int)))) )) (table_creation_option (partition_by partition by (partition_by_what LIST (skip_parens /__MAXWELL__/)) (subpartition_by subpartition by (partition_by_what HASH (skip_parens /__MAXWELL__/)) subpartitions 40) (partition_definitions ( (skip_parens_inside_partition_definitions /__MAXWELL__/)))))) <EOF>)
[1] 23:43:28,647 DEBUG SchemaChange - SQL_PARSE <- "create table t2 (a set ( '1','2','3','4','5','6','7','8','9','0', 'A','B','C','D','E','F','G','H','I','J','K','L', 'M','N','O','P','Q','R','S','T','U','V','W','X', 'Y','Z' ) not null, primary key(a)) engine='MyISAM'  partition by key (a) partitions 27"
[1] 23:43:28,647 DEBUG SchemaChange - rewrote SQL to create table t2 (a set ( '1','2','3','4','5','6','7','8','9','0', 'A','B','C','D','E','F','G','H','I','J','K','L', 'M','N','O','P','Q','R','S','T','U','V','W','X', 'Y','Z' ) not null, primary key(a)) engine='MyISAM'  partition by key /__MAXWELL__/ partitions 27
[1] 23:43:28,647 DEBUG SchemaChange - SQL_PARSE <- "create table t2 (a set ( '1','2','3','4','5','6','7','8','9','0', 'A','B','C','D','E','F','G','H','I','J','K','L', 'M','N','O','P','Q','R','S','T','U','V','W','X', 'Y','Z' ) not null, primary key(a)) engine='MyISAM'  partition by key /__MAXWELL__/ partitions 27"
[1] 23:43:28,648 DEBUG SchemaChange - SQL_PARSE ->   (parse (statement (create_table (create_table_preamble create table (table_name (name (id t2)))) (create_specifications ( (create_specification (column_definition (name (id a)) (data_type (enumerated_type set ( (enumerated_values (enum_value (string_literal '1')) , (enum_value (string_literal '2')) , (enum_value (string_literal '3')) , (enum_value (string_literal '4')) , (enum_value (string_literal '5')) , (enum_value (string_literal '6')) , (enum_value (string_literal '7')) , (enum_value (string_literal '8')) , (enum_value (string_literal '9')) , (enum_value (string_literal '0')) , (enum_value (string_literal 'A')) , (enum_value (string_literal 'B')) , (enum_value (string_literal 'C')) , (enum_value (string_literal 'D')) , (enum_value (string_literal 'E')) , (enum_value (string_literal 'F')) , (enum_value (string_literal 'G')) , (enum_value (string_literal 'H')) , (enum_value (string_literal 'I')) , (enum_value (string_literal 'J')) , (enum_value (string_literal 'K')) , (enum_value (string_literal 'L')) , (enum_value (string_literal 'M')) , (enum_value (string_literal 'N')) , (enum_value (string_literal 'O')) , (enum_value (string_literal 'P')) , (enum_value (string_literal 'Q')) , (enum_value (string_literal 'R')) , (enum_value (string_literal 'S')) , (enum_value (string_literal 'T')) , (enum_value (string_literal 'U')) , (enum_value (string_literal 'V')) , (enum_value (string_literal 'W')) , (enum_value (string_literal 'X')) , (enum_value (string_literal 'Y')) , (enum_value (string_literal 'Z'))) ) (column_options (nullability not null)))))) , (create_specification (index_definition (index_type_pk primary key (index_column_list ( (index_columns (index_column (name (id a)))) ))))) )) (table_creation_option (creation_engine engine = (string_literal 'MyISAM'))) (table_creation_option (partition_by partition by (partition_by_what key (skip_parens /__MAXWELL__/)) (partition_count partitions 27))))) <EOF>)
[1] 23:43:28,648 DEBUG SchemaChange - SQL_PARSE <- "create table t2 (a time not null, primary key(a)) engine='MyISAM'  partition by key (a) partitions 12"
[1] 23:43:28,648 DEBUG SchemaChange - rewrote SQL to create table t2 (a time not null, primary key(a)) engine='MyISAM'  partition by key /__MAXWELL__/ partitions 12
[1] 23:43:28,648 DEBUG SchemaChange - SQL_PARSE <- "create table t2 (a time not null, primary key(a)) engine='MyISAM'  partition by key /__MAXWELL__/ partitions 12"
[1] 23:43:28,648 DEBUG SchemaChange - SQL_PARSE ->   (parse (statement (create_table (create_table_preamble create table (table_name (name (id t2)))) (create_specifications ( (create_specification (column_definition (name (id a)) (data_type (generic_type time (column_options (nullability not null)))))) , (create_specification (index_definition (index_type_pk primary key (index_column_list ( (index_columns (index_column (name (id a)))) ))))) )) (table_creation_option (creation_engine engine = (string_literal 'MyISAM'))) (table_creation_option (partition_by partition by (partition_by_what key (skip_parens /__MAXWELL__/)) (partition_count partitions 12))))) <EOF>)
[1] 23:43:28,648 DEBUG SchemaChange - SQL_PARSE <- "create table t2 (a timestamp not null, primary key(a)) engine='MyISAM'  partition by key (a) partitions 12"
[1] 23:43:28,648 DEBUG SchemaChange - rewrote SQL to create table t2 (a timestamp not null, primary key(a)) engine='MyISAM'  partition by key /__MAXWELL__/ partitions 12
[1] 23:43:28,648 DEBUG SchemaChange - SQL_PARSE <- "create table t2 (a timestamp not null, primary key(a)) engine='MyISAM'  partition by key /__MAXWELL__/ partitions 12"
[1] 23:43:28,649 DEBUG SchemaChange - SQL_PARSE ->   (parse (statement (create_table (create_table_preamble create table (table_name (name (id t2)))) (create_specifications ( (create_specification (column_definition (name (id a)) (data_type (generic_type timestamp (column_options (nullability not null)))))) , (create_specification (index_definition (index_type_pk primary key (index_column_list ( (index_columns (index_column (name (id a)))) ))))) )) (table_creation_option (creation_engine engine = (string_literal 'MyISAM'))) (table_creation_option (partition_by partition by (partition_by_what key (skip_parens /__MAXWELL__/)) (partition_count partitions 12))))) <EOF>)
[1] 23:43:28,649 DEBUG SchemaChange - SQL_PARSE <- "create table t2 (a varbinary(767) not null, primary key(a)) engine='MyISAM'  partition by key (a) partitions 30"
[1] 23:43:28,649 DEBUG SchemaChange - rewrote SQL to create table t2 (a varbinary(767) not null, primary key(a)) engine='MyISAM'  partition by key /__MAXWELL__/ partitions 30
[1] 23:43:28,649 DEBUG SchemaChange - SQL_PARSE <- "create table t2 (a varbinary(767) not null, primary key(a)) engine='MyISAM'  partition by key /__MAXWELL__/ partitions 30"
[1] 23:43:28,649 DEBUG SchemaChange - SQL_PARSE ->   (parse (statement (create_table (create_table_preamble create table (table_name (name (id t2)))) (create_specifications ( (create_specification (column_definition (name (id a)) (data_type (generic_type varbinary (length ( 767 )) (column_options (nullability not null)))))) , (create_specification (index_definition (index_type_pk primary key (index_column_list ( (index_columns (index_column (name (id a)))) ))))) )) (table_creation_option (creation_engine engine = (string_literal 'MyISAM'))) (table_creation_option (partition_by partition by (partition_by_what key (skip_parens /__MAXWELL__/)) (partition_count partitions 30))))) <EOF>)
[1] 23:43:28,649 DEBUG SchemaChange - SQL_PARSE <- "create table t2 (a varchar(767) not null, primary key(a)) engine='MyISAM'  partition by key (a) partitions 27"
[1] 23:43:28,649 DEBUG SchemaChange - rewrote SQL to create table t2 (a varchar(767) not null, primary key(a)) engine='MyISAM'  partition by key /__MAXWELL__/ partitions 27
[1] 23:43:28,649 DEBUG SchemaChange - SQL_PARSE <- "create table t2 (a varchar(767) not null, primary key(a)) engine='MyISAM'  partition by key /__MAXWELL__/ partitions 27"
[1] 23:43:28,650 DEBUG SchemaChange - SQL_PARSE ->   (parse (statement (create_table (create_table_preamble create table (table_name (name (id t2)))) (create_specifications ( (create_specification (column_definition (name (id a)) (data_type (string_type varchar (length ( 767 )) (column_options (nullability not null)))))) , (create_specification (index_definition (index_type_pk primary key (index_column_list ( (index_columns (index_column (name (id a)))) ))))) )) (table_creation_option (creation_engine engine = (string_literal 'MyISAM'))) (table_creation_option (partition_by partition by (partition_by_what key (skip_parens /__MAXWELL__/)) (partition_count partitions 27))))) <EOF>)
[1] 23:43:28,650 DEBUG SchemaChange - SQL_PARSE <- "create table t2 (a year not null, primary key(a)) engine='MyISAM'  partition by key (a) partitions 12"
[1] 23:43:28,650 DEBUG SchemaChange - rewrote SQL to create table t2 (a year not null, primary key(a)) engine='MyISAM'  partition by key /__MAXWELL__/ partitions 12
[1] 23:43:28,650 DEBUG SchemaChange - SQL_PARSE <- "create table t2 (a year not null, primary key(a)) engine='MyISAM'  partition by key /__MAXWELL__/ partitions 12"
[1] 23:43:28,650 DEBUG SchemaChange - SQL_PARSE ->   (parse (statement (create_table (create_table_preamble create table (table_name (name (id t2)))) (create_specifications ( (create_specification (column_definition (name (id a)) (data_type (generic_type year (column_options (nullability not null)))))) , (create_specification (index_definition (index_type_pk primary key (index_column_list ( (index_columns (index_column (name (id a)))) ))))) )) (table_creation_option (creation_engine engine = (string_literal 'MyISAM'))) (table_creation_option (partition_by partition by (partition_by_what key (skip_parens /__MAXWELL__/)) (partition_count partitions 12))))) <EOF>)
[1] 23:43:28,650 DEBUG SchemaChange - SQL_PARSE <- "create table t2 (col1 date) engine='MYISAM'  partition by list(day(col1))  (partition p0 values in (0,1,2,3,4,5,6,7,8,9,10), partition p1 values in (11,12,13,14,15,16,17,18,19,20), partition p2 values in (21,22,23,24,25,26,27,28,29,30), partition p3 values in (31,32,33,34,35,36,37,38,39,40), partition p4 values in (41,42,43,44,45,46,47,48,49,50), partition p5 values in (51,52,53,54,55,56,57,58,59,60) )"
[1] 23:43:28,650 DEBUG SchemaChange - rewrote SQL to create table t2 (col1 date) engine='MYISAM'  partition by list/__MAXWELL__/  (partition p0 values in (0,1,2,3,4,5,6,7,8,9,10), partition p1 values in (11,12,13,14,15,16,17,18,19,20), partition p2 values in (21,22,23,24,25,26,27,28,29,30), partition p3 values in (31,32,33,34,35,36,37,38,39,40), partition p4 values in (41,42,43,44,45,46,47,48,49,50), partition p5 values in (51,52,53,54,55,56,57,58,59,60) )
[1] 23:43:28,650 DEBUG SchemaChange - SQL_PARSE <- "create table t2 (col1 date) engine='MYISAM'  partition by list/__MAXWELL__/  (partition p0 values in (0,1,2,3,4,5,6,7,8,9,10), partition p1 values in (11,12,13,14,15,16,17,18,19,20), partition p2 values in (21,22,23,24,25,26,27,28,29,30), partition p3 values in (31,32,33,34,35,36,37,38,39,40), partition p4 values in (41,42,43,44,45,46,47,48,49,50), partition p5 values in (51,52,53,54,55,56,57,58,59,60) )"
[1] 23:43:28,650 DEBUG SchemaChange - rewrote SQL to create table t2 (col1 date) engine='MYISAM'  partition by list/__MAXWELL__/  (/__MAXWELL__/
[1] 23:43:28,650 DEBUG SchemaChange - SQL_PARSE <- "create table t2 (col1 date) engine='MYISAM'  partition by list/__MAXWELL__/  (/__MAXWELL__/"
[1] 23:43:28,651 DEBUG SchemaChange - SQL_PARSE ->   (parse (statement (create_table (create_table_preamble create table (table_name (name (id t2)))) (create_specifications ( (create_specification (column_definition (name (id col1)) (data_type (generic_type date)))) )) (table_creation_option (creation_engine engine = (string_literal 'MYISAM'))) (table_creation_option (partition_by partition by (partition_by_what list (skip_parens /__MAXWELL__/)) (partition_definitions ( (skip_parens_inside_partition_definitions /__MAXWELL__/)))))) <EOF>)
[1] 23:43:28,651 DEBUG SchemaChange - SQL_PARSE <- "create table t2 (col1 date) engine='MYISAM'  partition by list(dayofmonth(col1))  (partition p0 values in (0,1,2,3,4,5,6,7,8,9,10), partition p1 values in (11,12,13,14,15,16,17,18,19,20), partition p2 values in (21,22,23,24,25,26,27,28,29,30), partition p3 values in (31,32,33,34,35,36,37,38,39,40), partition p4 values in (41,42,43,44,45,46,47,48,49,50), partition p5 values in (51,52,53,54,55,56,57,58,59,60) )"
[1] 23:43:28,651 DEBUG SchemaChange - rewrote SQL to create table t2 (col1 date) engine='MYISAM'  partition by list/__MAXWELL__/  (partition p0 values in (0,1,2,3,4,5,6,7,8,9,10), partition p1 values in (11,12,13,14,15,16,17,18,19,20), partition p2 values in (21,22,23,24,25,26,27,28,29,30), partition p3 values in (31,32,33,34,35,36,37,38,39,40), partition p4 values in (41,42,43,44,45,46,47,48,49,50), partition p5 values in (51,52,53,54,55,56,57,58,59,60) )
[1] 23:43:28,651 DEBUG SchemaChange - SQL_PARSE <- "create table t2 (col1 date) engine='MYISAM'  partition by list/__MAXWELL__/  (partition p0 values in (0,1,2,3,4,5,6,7,8,9,10), partition p1 values in (11,12,13,14,15,16,17,18,19,20), partition p2 values in (21,22,23,24,25,26,27,28,29,30), partition p3 values in (31,32,33,34,35,36,37,38,39,40), partition p4 values in (41,42,43,44,45,46,47,48,49,50), partition p5 values in (51,52,53,54,55,56,57,58,59,60) )"
[1] 23:43:28,651 DEBUG SchemaChange - rewrote SQL to create table t2 (col1 date) engine='MYISAM'  partition by list/__MAXWELL__/  (/__MAXWELL__/
[1] 23:43:28,651 DEBUG SchemaChange - SQL_PARSE <- "create table t2 (col1 date) engine='MYISAM'  partition by list/__MAXWELL__/  (/__MAXWELL__/"
[1] 23:43:28,651 DEBUG SchemaChange - SQL_PARSE ->   (parse (statement (create_table (create_table_preamble create table (table_name (name (id t2)))) (create_specifications ( (create_specification (column_definition (name (id col1)) (data_type (generic_type date)))) )) (table_creation_option (creation_engine engine = (string_literal 'MYISAM'))) (table_creation_option (partition_by partition by (partition_by_what list (skip_parens /__MAXWELL__/)) (partition_definitions ( (skip_parens_inside_partition_definitions /__MAXWELL__/)))))) <EOF>)
[1] 23:43:28,651 DEBUG SchemaChange - SQL_PARSE <- "create table t2 (col1 date) engine='MYISAM'  partition by list(dayofweek(col1))  (partition p0 values in (0,1,2,3,4,5,6,7,8,9,10), partition p1 values in (11,12,13,14,15,16,17,18,19,20), partition p2 values in (21,22,23,24,25,26,27,28,29,30), partition p3 values in (31,32,33,34,35,36,37,38,39,40), partition p4 values in (41,42,43,44,45,46,47,48,49,50), partition p5 values in (51,52,53,54,55,56,57,58,59,60) )"
[1] 23:43:28,652 DEBUG SchemaChange - rewrote SQL to create table t2 (col1 date) engine='MYISAM'  partition by list/__MAXWELL__/  (partition p0 values in (0,1,2,3,4,5,6,7,8,9,10), partition p1 values in (11,12,13,14,15,16,17,18,19,20), partition p2 values in (21,22,23,24,25,26,27,28,29,30), partition p3 values in (31,32,33,34,35,36,37,38,39,40), partition p4 values in (41,42,43,44,45,46,47,48,49,50), partition p5 values in (51,52,53,54,55,56,57,58,59,60) )
[1] 23:43:28,652 DEBUG SchemaChange - SQL_PARSE <- "create table t2 (col1 date) engine='MYISAM'  partition by list/__MAXWELL__/  (partition p0 values in (0,1,2,3,4,5,6,7,8,9,10), partition p1 values in (11,12,13,14,15,16,17,18,19,20), partition p2 values in (21,22,23,24,25,26,27,28,29,30), partition p3 values in (31,32,33,34,35,36,37,38,39,40), partition p4 values in (41,42,43,44,45,46,47,48,49,50), partition p5 values in (51,52,53,54,55,56,57,58,59,60) )"
[1] 23:43:28,652 DEBUG SchemaChange - rewrote SQL to create table t2 (col1 date) engine='MYISAM'  partition by list/__MAXWELL__/  (/__MAXWELL__/
[1] 23:43:28,652 DEBUG SchemaChange - SQL_PARSE <- "create table t2 (col1 date) engine='MYISAM'  partition by list/__MAXWELL__/  (/__MAXWELL__/"
[1] 23:43:28,652 DEBUG SchemaChange - SQL_PARSE ->   (parse (statement (create_table (create_table_preamble create table (table_name (name (id t2)))) (create_specifications ( (create_specification (column_definition (name (id col1)) (data_type (generic_type date)))) )) (table_creation_option (creation_engine engine = (string_literal 'MYISAM'))) (table_creation_option (partition_by partition by (partition_by_what list (skip_parens /__MAXWELL__/)) (partition_definitions ( (skip_parens_inside_partition_definitions /__MAXWELL__/)))))) <EOF>)
[1] 23:43:28,652 DEBUG SchemaChange - SQL_PARSE <- "create table t2 (col1 date) engine='MYISAM'  partition by list(dayofyear(col1))  (partition p0 values in (0,1,2,3,4,5,6,7,8,9,10), partition p1 values in (11,12,13,14,15,16,17,18,19,20), partition p2 values in (21,22,23,24,25,26,27,28,29,30), partition p3 values in (31,32,33,34,35,36,37,38,39,40), partition p4 values in (41,42,43,44,45,46,47,48,49,50), partition p5 values in (51,52,53,54,55,56,57,58,59,60) )"
[1] 23:43:28,652 DEBUG SchemaChange - rewrote SQL to create table t2 (col1 date) engine='MYISAM'  partition by list/__MAXWELL__/  (partition p0 values in (0,1,2,3,4,5,6,7,8,9,10), partition p1 values in (11,12,13,14,15,16,17,18,19,20), partition p2 values in (21,22,23,24,25,26,27,28,29,30), partition p3 values in (31,32,33,34,35,36,37,38,39,40), partition p4 values in (41,42,43,44,45,46,47,48,49,50), partition p5 values in (51,52,53,54,55,56,57,58,59,60) )
[1] 23:43:28,652 DEBUG SchemaChange - SQL_PARSE <- "create table t2 (col1 date) engine='MYISAM'  partition by list/__MAXWELL__/  (partition p0 values in (0,1,2,3,4,5,6,7,8,9,10), partition p1 values in (11,12,13,14,15,16,17,18,19,20), partition p2 values in (21,22,23,24,25,26,27,28,29,30), partition p3 values in (31,32,33,34,35,36,37,38,39,40), partition p4 values in (41,42,43,44,45,46,47,48,49,50), partition p5 values in (51,52,53,54,55,56,57,58,59,60) )"
[1] 23:43:28,653 DEBUG SchemaChange - rewrote SQL to create table t2 (col1 date) engine='MYISAM'  partition by list/__MAXWELL__/  (/__MAXWELL__/
[1] 23:43:28,653 DEBUG SchemaChange - SQL_PARSE <- "create table t2 (col1 date) engine='MYISAM'  partition by list/__MAXWELL__/  (/__MAXWELL__/"
[1] 23:43:28,653 DEBUG SchemaChange - SQL_PARSE ->   (parse (statement (create_table (create_table_preamble create table (table_name (name (id t2)))) (create_specifications ( (create_specification (column_definition (name (id col1)) (data_type (generic_type date)))) )) (table_creation_option (creation_engine engine = (string_literal 'MYISAM'))) (table_creation_option (partition_by partition by (partition_by_what list (skip_parens /__MAXWELL__/)) (partition_definitions ( (skip_parens_inside_partition_definitions /__MAXWELL__/)))))) <EOF>)
[1] 23:43:28,653 DEBUG SchemaChange - SQL_PARSE <- "create table t2 (col1 date) engine='MYISAM'  partition by list(extract(month from col1))  (partition p0 values in (0,1,2,3,4,5,6,7,8,9,10), partition p1 values in (11,12,13,14,15,16,17,18,19,20), partition p2 values in (21,22,23,24,25,26,27,28,29,30), partition p3 values in (31,32,33,34,35,36,37,38,39,40), partition p4 values in (41,42,43,44,45,46,47,48,49,50), partition p5 values in (51,52,53,54,55,56,57,58,59,60) )"
[1] 23:43:28,653 DEBUG SchemaChange - rewrote SQL to create table t2 (col1 date) engine='MYISAM'  partition by list/__MAXWELL__/  (partition p0 values in (0,1,2,3,4,5,6,7,8,9,10), partition p1 values in (11,12,13,14,15,16,17,18,19,20), partition p2 values in (21,22,23,24,25,26,27,28,29,30), partition p3 values in (31,32,33,34,35,36,37,38,39,40), partition p4 values in (41,42,43,44,45,46,47,48,49,50), partition p5 values in (51,52,53,54,55,56,57,58,59,60) )
[1] 23:43:28,653 DEBUG SchemaChange - SQL_PARSE <- "create table t2 (col1 date) engine='MYISAM'  partition by list/__MAXWELL__/  (partition p0 values in (0,1,2,3,4,5,6,7,8,9,10), partition p1 values in (11,12,13,14,15,16,17,18,19,20), partition p2 values in (21,22,23,24,25,26,27,28,29,30), partition p3 values in (31,32,33,34,35,36,37,38,39,40), partition p4 values in (41,42,43,44,45,46,47,48,49,50), partition p5 values in (51,52,53,54,55,56,57,58,59,60) )"
[1] 23:43:28,653 DEBUG SchemaChange - rewrote SQL to create table t2 (col1 date) engine='MYISAM'  partition by list/__MAXWELL__/  (/__MAXWELL__/
[1] 23:43:28,653 DEBUG SchemaChange - SQL_PARSE <- "create table t2 (col1 date) engine='MYISAM'  partition by list/__MAXWELL__/  (/__MAXWELL__/"
[1] 23:43:28,653 DEBUG SchemaChange - SQL_PARSE ->   (parse (statement (create_table (create_table_preamble create table (table_name (name (id t2)))) (create_specifications ( (create_specification (column_definition (name (id col1)) (data_type (generic_type date)))) )) (table_creation_option (creation_engine engine = (string_literal 'MYISAM'))) (table_creation_option (partition_by partition by (partition_by_what list (skip_parens /__MAXWELL__/)) (partition_definitions ( (skip_parens_inside_partition_definitions /__MAXWELL__/)))))) <EOF>)
[1] 23:43:28,654 DEBUG SchemaChange - SQL_PARSE <- "create table t2 (col1 date) engine='MYISAM'  partition by list(month(col1))  (partition p0 values in (0,1,2,3,4,5,6,7,8,9,10), partition p1 values in (11,12,13,14,15,16,17,18,19,20), partition p2 values in (21,22,23,24,25,26,27,28,29,30), partition p3 values in (31,32,33,34,35,36,37,38,39,40), partition p4 values in (41,42,43,44,45,46,47,48,49,50), partition p5 values in (51,52,53,54,55,56,57,58,59,60) )"
[1] 23:43:28,654 DEBUG SchemaChange - rewrote SQL to create table t2 (col1 date) engine='MYISAM'  partition by list/__MAXWELL__/  (partition p0 values in (0,1,2,3,4,5,6,7,8,9,10), partition p1 values in (11,12,13,14,15,16,17,18,19,20), partition p2 values in (21,22,23,24,25,26,27,28,29,30), partition p3 values in (31,32,33,34,35,36,37,38,39,40), partition p4 values in (41,42,43,44,45,46,47,48,49,50), partition p5 values in (51,52,53,54,55,56,57,58,59,60) )
[1] 23:43:28,654 DEBUG SchemaChange - SQL_PARSE <- "create table t2 (col1 date) engine='MYISAM'  partition by list/__MAXWELL__/  (partition p0 values in (0,1,2,3,4,5,6,7,8,9,10), partition p1 values in (11,12,13,14,15,16,17,18,19,20), partition p2 values in (21,22,23,24,25,26,27,28,29,30), partition p3 values in (31,32,33,34,35,36,37,38,39,40), partition p4 values in (41,42,43,44,45,46,47,48,49,50), partition p5 values in (51,52,53,54,55,56,57,58,59,60) )"
[1] 23:43:28,654 DEBUG SchemaChange - rewrote SQL to create table t2 (col1 date) engine='MYISAM'  partition by list/__MAXWELL__/  (/__MAXWELL__/
[1] 23:43:28,654 DEBUG SchemaChange - SQL_PARSE <- "create table t2 (col1 date) engine='MYISAM'  partition by list/__MAXWELL__/  (/__MAXWELL__/"
[1] 23:43:28,654 DEBUG SchemaChange - SQL_PARSE ->   (parse (statement (create_table (create_table_preamble create table (table_name (name (id t2)))) (create_specifications ( (create_specification (column_definition (name (id col1)) (data_type (generic_type date)))) )) (table_creation_option (creation_engine engine = (string_literal 'MYISAM'))) (table_creation_option (partition_by partition by (partition_by_what list (skip_parens /__MAXWELL__/)) (partition_definitions ( (skip_parens_inside_partition_definitions /__MAXWELL__/)))))) <EOF>)
[1] 23:43:28,654 DEBUG SchemaChange - SQL_PARSE <- "create table t2 (col1 date) engine='MYISAM'  partition by list(quarter(col1))  (partition p0 values in (0,1,2,3,4,5,6,7,8,9,10), partition p1 values in (11,12,13,14,15,16,17,18,19,20), partition p2 values in (21,22,23,24,25,26,27,28,29,30), partition p3 values in (31,32,33,34,35,36,37,38,39,40), partition p4 values in (41,42,43,44,45,46,47,48,49,50), partition p5 values in (51,52,53,54,55,56,57,58,59,60) )"
[1] 23:43:28,655 DEBUG SchemaChange - rewrote SQL to create table t2 (col1 date) engine='MYISAM'  partition by list/__MAXWELL__/  (partition p0 values in (0,1,2,3,4,5,6,7,8,9,10), partition p1 values in (11,12,13,14,15,16,17,18,19,20), partition p2 values in (21,22,23,24,25,26,27,28,29,30), partition p3 values in (31,32,33,34,35,36,37,38,39,40), partition p4 values in (41,42,43,44,45,46,47,48,49,50), partition p5 values in (51,52,53,54,55,56,57,58,59,60) )
[1] 23:43:28,655 DEBUG SchemaChange - SQL_PARSE <- "create table t2 (col1 date) engine='MYISAM'  partition by list/__MAXWELL__/  (partition p0 values in (0,1,2,3,4,5,6,7,8,9,10), partition p1 values in (11,12,13,14,15,16,17,18,19,20), partition p2 values in (21,22,23,24,25,26,27,28,29,30), partition p3 values in (31,32,33,34,35,36,37,38,39,40), partition p4 values in (41,42,43,44,45,46,47,48,49,50), partition p5 values in (51,52,53,54,55,56,57,58,59,60) )"
[1] 23:43:28,655 DEBUG SchemaChange - rewrote SQL to create table t2 (col1 date) engine='MYISAM'  partition by list/__MAXWELL__/  (/__MAXWELL__/
[1] 23:43:28,655 DEBUG SchemaChange - SQL_PARSE <- "create table t2 (col1 date) engine='MYISAM'  partition by list/__MAXWELL__/  (/__MAXWELL__/"
[1] 23:43:28,655 DEBUG SchemaChange - SQL_PARSE ->   (parse (statement (create_table (create_table_preamble create table (table_name (name (id t2)))) (create_specifications ( (create_specification (column_definition (name (id col1)) (data_type (generic_type date)))) )) (table_creation_option (creation_engine engine = (string_literal 'MYISAM'))) (table_creation_option (partition_by partition by (partition_by_what list (skip_parens /__MAXWELL__/)) (partition_definitions ( (skip_parens_inside_partition_definitions /__MAXWELL__/)))))) <EOF>)
[1] 23:43:28,655 DEBUG SchemaChange - SQL_PARSE <- "create table t2 (col1 date) engine='MYISAM'  partition by list(weekday(col1))  (partition p0 values in (0,1,2,3,4,5,6,7,8,9,10), partition p1 values in (11,12,13,14,15,16,17,18,19,20), partition p2 values in (21,22,23,24,25,26,27,28,29,30), partition p3 values in (31,32,33,34,35,36,37,38,39,40), partition p4 values in (41,42,43,44,45,46,47,48,49,50), partition p5 values in (51,52,53,54,55,56,57,58,59,60) )"
[1] 23:43:28,656 DEBUG SchemaChange - rewrote SQL to create table t2 (col1 date) engine='MYISAM'  partition by list/__MAXWELL__/  (partition p0 values in (0,1,2,3,4,5,6,7,8,9,10), partition p1 values in (11,12,13,14,15,16,17,18,19,20), partition p2 values in (21,22,23,24,25,26,27,28,29,30), partition p3 values in (31,32,33,34,35,36,37,38,39,40), partition p4 values in (41,42,43,44,45,46,47,48,49,50), partition p5 values in (51,52,53,54,55,56,57,58,59,60) )
[1] 23:43:28,656 DEBUG SchemaChange - SQL_PARSE <- "create table t2 (col1 date) engine='MYISAM'  partition by list/__MAXWELL__/  (partition p0 values in (0,1,2,3,4,5,6,7,8,9,10), partition p1 values in (11,12,13,14,15,16,17,18,19,20), partition p2 values in (21,22,23,24,25,26,27,28,29,30), partition p3 values in (31,32,33,34,35,36,37,38,39,40), partition p4 values in (41,42,43,44,45,46,47,48,49,50), partition p5 values in (51,52,53,54,55,56,57,58,59,60) )"
[1] 23:43:28,656 DEBUG SchemaChange - rewrote SQL to create table t2 (col1 date) engine='MYISAM'  partition by list/__MAXWELL__/  (/__MAXWELL__/
[1] 23:43:28,656 DEBUG SchemaChange - SQL_PARSE <- "create table t2 (col1 date) engine='MYISAM'  partition by list/__MAXWELL__/  (/__MAXWELL__/"
[1] 23:43:28,656 DEBUG SchemaChange - SQL_PARSE ->   (parse (statement (create_table (create_table_preamble create table (table_name (name (id t2)))) (create_specifications ( (create_specification (column_definition (name (id col1)) (data_type (generic_type date)))) )) (table_creation_option (creation_engine engine = (string_literal 'MYISAM'))) (table_creation_option (partition_by partition by (partition_by_what list (skip_parens /__MAXWELL__/)) (partition_definitions ( (skip_parens_inside_partition_definitions /__MAXWELL__/)))))) <EOF>)
[1] 23:43:28,656 DEBUG SchemaChange - SQL_PARSE <- "create table t2 (col1 date) engine='MYISAM'  partition by list(year(col1)-1990)  (partition p0 values in (0,1,2,3,4,5,6,7,8,9,10), partition p1 values in (11,12,13,14,15,16,17,18,19,20), partition p2 values in (21,22,23,24,25,26,27,28,29,30), partition p3 values in (31,32,33,34,35,36,37,38,39,40), partition p4 values in (41,42,43,44,45,46,47,48,49,50), partition p5 values in (51,52,53,54,55,56,57,58,59,60) )"
[1] 23:43:28,656 DEBUG SchemaChange - rewrote SQL to create table t2 (col1 date) engine='MYISAM'  partition by list/__MAXWELL__/  (partition p0 values in (0,1,2,3,4,5,6,7,8,9,10), partition p1 values in (11,12,13,14,15,16,17,18,19,20), partition p2 values in (21,22,23,24,25,26,27,28,29,30), partition p3 values in (31,32,33,34,35,36,37,38,39,40), partition p4 values in (41,42,43,44,45,46,47,48,49,50), partition p5 values in (51,52,53,54,55,56,57,58,59,60) )
[1] 23:43:28,656 DEBUG SchemaChange - SQL_PARSE <- "create table t2 (col1 date) engine='MYISAM'  partition by list/__MAXWELL__/  (partition p0 values in (0,1,2,3,4,5,6,7,8,9,10), partition p1 values in (11,12,13,14,15,16,17,18,19,20), partition p2 values in (21,22,23,24,25,26,27,28,29,30), partition p3 values in (31,32,33,34,35,36,37,38,39,40), partition p4 values in (41,42,43,44,45,46,47,48,49,50), partition p5 values in (51,52,53,54,55,56,57,58,59,60) )"
[1] 23:43:28,657 DEBUG SchemaChange - rewrote SQL to create table t2 (col1 date) engine='MYISAM'  partition by list/__MAXWELL__/  (/__MAXWELL__/
[1] 23:43:28,657 DEBUG SchemaChange - SQL_PARSE <- "create table t2 (col1 date) engine='MYISAM'  partition by list/__MAXWELL__/  (/__MAXWELL__/"
[1] 23:43:28,657 DEBUG SchemaChange - SQL_PARSE ->   (parse (statement (create_table (create_table_preamble create table (table_name (name (id t2)))) (create_specifications ( (create_specification (column_definition (name (id col1)) (data_type (generic_type date)))) )) (table_creation_option (creation_engine engine = (string_literal 'MYISAM'))) (table_creation_option (partition_by partition by (partition_by_what list (skip_parens /__MAXWELL__/)) (partition_definitions ( (skip_parens_inside_partition_definitions /__MAXWELL__/)))))) <EOF>)
[1] 23:43:28,657 DEBUG SchemaChange - SQL_PARSE <- "create table t2 (col1 date) engine='MYISAM'  partition by list(yearweek(col1)-200600)  (partition p0 values in (0,1,2,3,4,5,6,7,8,9,10), partition p1 values in (11,12,13,14,15,16,17,18,19,20), partition p2 values in (21,22,23,24,25,26,27,28,29,30), partition p3 values in (31,32,33,34,35,36,37,38,39,40), partition p4 values in (41,42,43,44,45,46,47,48,49,50), partition p5 values in (51,52,53,54,55,56,57,58,59,60) )"
[1] 23:43:28,657 DEBUG SchemaChange - rewrote SQL to create table t2 (col1 date) engine='MYISAM'  partition by list/__MAXWELL__/  (partition p0 values in (0,1,2,3,4,5,6,7,8,9,10), partition p1 values in (11,12,13,14,15,16,17,18,19,20), partition p2 values in (21,22,23,24,25,26,27,28,29,30), partition p3 values in (31,32,33,34,35,36,37,38,39,40), partition p4 values in (41,42,43,44,45,46,47,48,49,50), partition p5 values in (51,52,53,54,55,56,57,58,59,60) )
[1] 23:43:28,657 DEBUG SchemaChange - SQL_PARSE <- "create table t2 (col1 date) engine='MYISAM'  partition by list/__MAXWELL__/  (partition p0 values in (0,1,2,3,4,5,6,7,8,9,10), partition p1 values in (11,12,13,14,15,16,17,18,19,20), partition p2 values in (21,22,23,24,25,26,27,28,29,30), partition p3 values in (31,32,33,34,35,36,37,38,39,40), partition p4 values in (41,42,43,44,45,46,47,48,49,50), partition p5 values in (51,52,53,54,55,56,57,58,59,60) )"
[1] 23:43:28,657 DEBUG SchemaChange - rewrote SQL to create table t2 (col1 date) engine='MYISAM'  partition by list/__MAXWELL__/  (/__MAXWELL__/
[1] 23:43:28,657 DEBUG SchemaChange - SQL_PARSE <- "create table t2 (col1 date) engine='MYISAM'  partition by list/__MAXWELL__/  (/__MAXWELL__/"
[1] 23:43:28,657 DEBUG SchemaChange - SQL_PARSE ->   (parse (statement (create_table (create_table_preamble create table (table_name (name (id t2)))) (create_specifications ( (create_specification (column_definition (name (id col1)) (data_type (generic_type date)))) )) (table_creation_option (creation_engine engine = (string_literal 'MYISAM'))) (table_creation_option (partition_by partition by (partition_by_what list (skip_parens /__MAXWELL__/)) (partition_definitions ( (skip_parens_inside_partition_definitions /__MAXWELL__/)))))) <EOF>)
[1] 23:43:28,657 DEBUG SchemaChange - SQL_PARSE <- "create table t2 (col1 int) engine='MYISAM'  partition by list(abs(col1))  (partition p0 values in (0,1,2,3,4,5,6,7,8,9,10), partition p1 values in (11,12,13,14,15,16,17,18,19,20), partition p2 values in (21,22,23,24,25,26,27,28,29,30), partition p3 values in (31,32,33,34,35,36,37,38,39,40), partition p4 values in (41,42,43,44,45,46,47,48,49,50), partition p5 values in (51,52,53,54,55,56,57,58,59,60) )"
[1] 23:43:28,658 DEBUG SchemaChange - rewrote SQL to create table t2 (col1 int) engine='MYISAM'  partition by list/__MAXWELL__/  (partition p0 values in (0,1,2,3,4,5,6,7,8,9,10), partition p1 values in (11,12,13,14,15,16,17,18,19,20), partition p2 values in (21,22,23,24,25,26,27,28,29,30), partition p3 values in (31,32,33,34,35,36,37,38,39,40), partition p4 values in (41,42,43,44,45,46,47,48,49,50), partition p5 values in (51,52,53,54,55,56,57,58,59,60) )
[1] 23:43:28,658 DEBUG SchemaChange - SQL_PARSE <- "create table t2 (col1 int) engine='MYISAM'  partition by list/__MAXWELL__/  (partition p0 values in (0,1,2,3,4,5,6,7,8,9,10), partition p1 values in (11,12,13,14,15,16,17,18,19,20), partition p2 values in (21,22,23,24,25,26,27,28,29,30), partition p3 values in (31,32,33,34,35,36,37,38,39,40), partition p4 values in (41,42,43,44,45,46,47,48,49,50), partition p5 values in (51,52,53,54,55,56,57,58,59,60) )"
[1] 23:43:28,658 DEBUG SchemaChange - rewrote SQL to create table t2 (col1 int) engine='MYISAM'  partition by list/__MAXWELL__/  (/__MAXWELL__/
[1] 23:43:28,658 DEBUG SchemaChange - SQL_PARSE <- "create table t2 (col1 int) engine='MYISAM'  partition by list/__MAXWELL__/  (/__MAXWELL__/"
[1] 23:43:28,658 DEBUG SchemaChange - SQL_PARSE ->   (parse (statement (create_table (create_table_preamble create table (table_name (name (id t2)))) (create_specifications ( (create_specification (column_definition (name (id col1)) (data_type (signed_type int)))) )) (table_creation_option (creation_engine engine = (string_literal 'MYISAM'))) (table_creation_option (partition_by partition by (partition_by_what list (skip_parens /__MAXWELL__/)) (partition_definitions ( (skip_parens_inside_partition_definitions /__MAXWELL__/)))))) <EOF>)
[1] 23:43:28,658 DEBUG SchemaChange - SQL_PARSE <- "create table t2 (col1 int) engine='MYISAM'  partition by list(mod(col1,10))  (partition p0 values in (0,1,2,3,4,5,6,7,8,9,10), partition p1 values in (11,12,13,14,15,16,17,18,19,20), partition p2 values in (21,22,23,24,25,26,27,28,29,30), partition p3 values in (31,32,33,34,35,36,37,38,39,40), partition p4 values in (41,42,43,44,45,46,47,48,49,50), partition p5 values in (51,52,53,54,55,56,57,58,59,60) )"
[1] 23:43:28,658 DEBUG SchemaChange - rewrote SQL to create table t2 (col1 int) engine='MYISAM'  partition by list/__MAXWELL__/  (partition p0 values in (0,1,2,3,4,5,6,7,8,9,10), partition p1 values in (11,12,13,14,15,16,17,18,19,20), partition p2 values in (21,22,23,24,25,26,27,28,29,30), partition p3 values in (31,32,33,34,35,36,37,38,39,40), partition p4 values in (41,42,43,44,45,46,47,48,49,50), partition p5 values in (51,52,53,54,55,56,57,58,59,60) )
[1] 23:43:28,658 DEBUG SchemaChange - SQL_PARSE <- "create table t2 (col1 int) engine='MYISAM'  partition by list/__MAXWELL__/  (partition p0 values in (0,1,2,3,4,5,6,7,8,9,10), partition p1 values in (11,12,13,14,15,16,17,18,19,20), partition p2 values in (21,22,23,24,25,26,27,28,29,30), partition p3 values in (31,32,33,34,35,36,37,38,39,40), partition p4 values in (41,42,43,44,45,46,47,48,49,50), partition p5 values in (51,52,53,54,55,56,57,58,59,60) )"
[1] 23:43:28,659 DEBUG SchemaChange - rewrote SQL to create table t2 (col1 int) engine='MYISAM'  partition by list/__MAXWELL__/  (/__MAXWELL__/
[1] 23:43:28,659 DEBUG SchemaChange - SQL_PARSE <- "create table t2 (col1 int) engine='MYISAM'  partition by list/__MAXWELL__/  (/__MAXWELL__/"
[1] 23:43:28,659 DEBUG SchemaChange - SQL_PARSE ->   (parse (statement (create_table (create_table_preamble create table (table_name (name (id t2)))) (create_specifications ( (create_specification (column_definition (name (id col1)) (data_type (signed_type int)))) )) (table_creation_option (creation_engine engine = (string_literal 'MYISAM'))) (table_creation_option (partition_by partition by (partition_by_what list (skip_parens /__MAXWELL__/)) (partition_definitions ( (skip_parens_inside_partition_definitions /__MAXWELL__/)))))) <EOF>)
[1] 23:43:28,659 DEBUG SchemaChange - SQL_PARSE <- "create table t2 (col1 time) engine='MYISAM'  partition by list(hour(col1))  (partition p0 values in (0,1,2,3,4,5,6,7,8,9,10), partition p1 values in (11,12,13,14,15,16,17,18,19,20), partition p2 values in (21,22,23,24,25,26,27,28,29,30), partition p3 values in (31,32,33,34,35,36,37,38,39,40), partition p4 values in (41,42,43,44,45,46,47,48,49,50), partition p5 values in (51,52,53,54,55,56,57,58,59,60) )"
[1] 23:43:28,659 DEBUG SchemaChange - rewrote SQL to create table t2 (col1 time) engine='MYISAM'  partition by list/__MAXWELL__/  (partition p0 values in (0,1,2,3,4,5,6,7,8,9,10), partition p1 values in (11,12,13,14,15,16,17,18,19,20), partition p2 values in (21,22,23,24,25,26,27,28,29,30), partition p3 values in (31,32,33,34,35,36,37,38,39,40), partition p4 values in (41,42,43,44,45,46,47,48,49,50), partition p5 values in (51,52,53,54,55,56,57,58,59,60) )
[1] 23:43:28,659 DEBUG SchemaChange - SQL_PARSE <- "create table t2 (col1 time) engine='MYISAM'  partition by list/__MAXWELL__/  (partition p0 values in (0,1,2,3,4,5,6,7,8,9,10), partition p1 values in (11,12,13,14,15,16,17,18,19,20), partition p2 values in (21,22,23,24,25,26,27,28,29,30), partition p3 values in (31,32,33,34,35,36,37,38,39,40), partition p4 values in (41,42,43,44,45,46,47,48,49,50), partition p5 values in (51,52,53,54,55,56,57,58,59,60) )"
[1] 23:43:28,660 DEBUG SchemaChange - rewrote SQL to create table t2 (col1 time) engine='MYISAM'  partition by list/__MAXWELL__/  (/__MAXWELL__/
[1] 23:43:28,660 DEBUG SchemaChange - SQL_PARSE <- "create table t2 (col1 time) engine='MYISAM'  partition by list/__MAXWELL__/  (/__MAXWELL__/"
[1] 23:43:28,660 DEBUG SchemaChange - SQL_PARSE ->   (parse (statement (create_table (create_table_preamble create table (table_name (name (id t2)))) (create_specifications ( (create_specification (column_definition (name (id col1)) (data_type (generic_type time)))) )) (table_creation_option (creation_engine engine = (string_literal 'MYISAM'))) (table_creation_option (partition_by partition by (partition_by_what list (skip_parens /__MAXWELL__/)) (partition_definitions ( (skip_parens_inside_partition_definitions /__MAXWELL__/)))))) <EOF>)
[1] 23:43:28,660 DEBUG SchemaChange - SQL_PARSE <- "create table t2 (col1 time) engine='MYISAM'  partition by list(microsecond(col1))  (partition p0 values in (0,1,2,3,4,5,6,7,8,9,10), partition p1 values in (11,12,13,14,15,16,17,18,19,20), partition p2 values in (21,22,23,24,25,26,27,28,29,30), partition p3 values in (31,32,33,34,35,36,37,38,39,40), partition p4 values in (41,42,43,44,45,46,47,48,49,50), partition p5 values in (51,52,53,54,55,56,57,58,59,60) )"
[1] 23:43:28,660 DEBUG SchemaChange - rewrote SQL to create table t2 (col1 time) engine='MYISAM'  partition by list/__MAXWELL__/  (partition p0 values in (0,1,2,3,4,5,6,7,8,9,10), partition p1 values in (11,12,13,14,15,16,17,18,19,20), partition p2 values in (21,22,23,24,25,26,27,28,29,30), partition p3 values in (31,32,33,34,35,36,37,38,39,40), partition p4 values in (41,42,43,44,45,46,47,48,49,50), partition p5 values in (51,52,53,54,55,56,57,58,59,60) )
[1] 23:43:28,660 DEBUG SchemaChange - SQL_PARSE <- "create table t2 (col1 time) engine='MYISAM'  partition by list/__MAXWELL__/  (partition p0 values in (0,1,2,3,4,5,6,7,8,9,10), partition p1 values in (11,12,13,14,15,16,17,18,19,20), partition p2 values in (21,22,23,24,25,26,27,28,29,30), partition p3 values in (31,32,33,34,35,36,37,38,39,40), partition p4 values in (41,42,43,44,45,46,47,48,49,50), partition p5 values in (51,52,53,54,55,56,57,58,59,60) )"
[1] 23:43:28,660 DEBUG SchemaChange - rewrote SQL to create table t2 (col1 time) engine='MYISAM'  partition by list/__MAXWELL__/  (/__MAXWELL__/
[1] 23:43:28,660 DEBUG SchemaChange - SQL_PARSE <- "create table t2 (col1 time) engine='MYISAM'  partition by list/__MAXWELL__/  (/__MAXWELL__/"
[1] 23:43:28,660 DEBUG SchemaChange - SQL_PARSE ->   (parse (statement (create_table (create_table_preamble create table (table_name (name (id t2)))) (create_specifications ( (create_specification (column_definition (name (id col1)) (data_type (generic_type time)))) )) (table_creation_option (creation_engine engine = (string_literal 'MYISAM'))) (table_creation_option (partition_by partition by (partition_by_what list (skip_parens /__MAXWELL__/)) (partition_definitions ( (skip_parens_inside_partition_definitions /__MAXWELL__/)))))) <EOF>)
[1] 23:43:28,661 DEBUG SchemaChange - SQL_PARSE <- "create table t2 (col1 time) engine='MYISAM'  partition by list(minute(col1))  (partition p0 values in (0,1,2,3,4,5,6,7,8,9,10), partition p1 values in (11,12,13,14,15,16,17,18,19,20), partition p2 values in (21,22,23,24,25,26,27,28,29,30), partition p3 values in (31,32,33,34,35,36,37,38,39,40), partition p4 values in (41,42,43,44,45,46,47,48,49,50), partition p5 values in (51,52,53,54,55,56,57,58,59,60) )"
[1] 23:43:28,661 DEBUG SchemaChange - rewrote SQL to create table t2 (col1 time) engine='MYISAM'  partition by list/__MAXWELL__/  (partition p0 values in (0,1,2,3,4,5,6,7,8,9,10), partition p1 values in (11,12,13,14,15,16,17,18,19,20), partition p2 values in (21,22,23,24,25,26,27,28,29,30), partition p3 values in (31,32,33,34,35,36,37,38,39,40), partition p4 values in (41,42,43,44,45,46,47,48,49,50), partition p5 values in (51,52,53,54,55,56,57,58,59,60) )
[1] 23:43:28,661 DEBUG SchemaChange - SQL_PARSE <- "create table t2 (col1 time) engine='MYISAM'  partition by list/__MAXWELL__/  (partition p0 values in (0,1,2,3,4,5,6,7,8,9,10), partition p1 values in (11,12,13,14,15,16,17,18,19,20), partition p2 values in (21,22,23,24,25,26,27,28,29,30), partition p3 values in (31,32,33,34,35,36,37,38,39,40), partition p4 values in (41,42,43,44,45,46,47,48,49,50), partition p5 values in (51,52,53,54,55,56,57,58,59,60) )"
[1] 23:43:28,661 DEBUG SchemaChange - rewrote SQL to create table t2 (col1 time) engine='MYISAM'  partition by list/__MAXWELL__/  (/__MAXWELL__/
[1] 23:43:28,661 DEBUG SchemaChange - SQL_PARSE <- "create table t2 (col1 time) engine='MYISAM'  partition by list/__MAXWELL__/  (/__MAXWELL__/"
[1] 23:43:28,661 DEBUG SchemaChange - SQL_PARSE ->   (parse (statement (create_table (create_table_preamble create table (table_name (name (id t2)))) (create_specifications ( (create_specification (column_definition (name (id col1)) (data_type (generic_type time)))) )) (table_creation_option (creation_engine engine = (string_literal 'MYISAM'))) (table_creation_option (partition_by partition by (partition_by_what list (skip_parens /__MAXWELL__/)) (partition_definitions ( (skip_parens_inside_partition_definitions /__MAXWELL__/)))))) <EOF>)
[1] 23:43:28,661 DEBUG SchemaChange - SQL_PARSE <- "create table t2 (col1 time) engine='MYISAM'  partition by list(second(col1))  (partition p0 values in (0,1,2,3,4,5,6,7,8,9,10), partition p1 values in (11,12,13,14,15,16,17,18,19,20), partition p2 values in (21,22,23,24,25,26,27,28,29,30), partition p3 values in (31,32,33,34,35,36,37,38,39,40), partition p4 values in (41,42,43,44,45,46,47,48,49,50), partition p5 values in (51,52,53,54,55,56,57,58,59,60) )"
[1] 23:43:28,661 DEBUG SchemaChange - rewrote SQL to create table t2 (col1 time) engine='MYISAM'  partition by list/__MAXWELL__/  (partition p0 values in (0,1,2,3,4,5,6,7,8,9,10), partition p1 values in (11,12,13,14,15,16,17,18,19,20), partition p2 values in (21,22,23,24,25,26,27,28,29,30), partition p3 values in (31,32,33,34,35,36,37,38,39,40), partition p4 values in (41,42,43,44,45,46,47,48,49,50), partition p5 values in (51,52,53,54,55,56,57,58,59,60) )
[1] 23:43:28,661 DEBUG SchemaChange - SQL_PARSE <- "create table t2 (col1 time) engine='MYISAM'  partition by list/__MAXWELL__/  (partition p0 values in (0,1,2,3,4,5,6,7,8,9,10), partition p1 values in (11,12,13,14,15,16,17,18,19,20), partition p2 values in (21,22,23,24,25,26,27,28,29,30), partition p3 values in (31,32,33,34,35,36,37,38,39,40), partition p4 values in (41,42,43,44,45,46,47,48,49,50), partition p5 values in (51,52,53,54,55,56,57,58,59,60) )"
[1] 23:43:28,662 DEBUG SchemaChange - rewrote SQL to create table t2 (col1 time) engine='MYISAM'  partition by list/__MAXWELL__/  (/__MAXWELL__/
[1] 23:43:28,662 DEBUG SchemaChange - SQL_PARSE <- "create table t2 (col1 time) engine='MYISAM'  partition by list/__MAXWELL__/  (/__MAXWELL__/"
[1] 23:43:28,662 DEBUG SchemaChange - SQL_PARSE ->   (parse (statement (create_table (create_table_preamble create table (table_name (name (id t2)))) (create_specifications ( (create_specification (column_definition (name (id col1)) (data_type (generic_type time)))) )) (table_creation_option (creation_engine engine = (string_literal 'MYISAM'))) (table_creation_option (partition_by partition by (partition_by_what list (skip_parens /__MAXWELL__/)) (partition_definitions ( (skip_parens_inside_partition_definitions /__MAXWELL__/)))))) <EOF>)
[1] 23:43:28,662 DEBUG SchemaChange - SQL_PARSE <- "create table t2 (col1 time) engine='MYISAM'  partition by list(time_to_sec(col1)-(time_to_sec(col1)-20))  (partition p0 values in (0,1,2,3,4,5,6,7,8,9,10), partition p1 values in (11,12,13,14,15,16,17,18,19,20), partition p2 values in (21,22,23,24,25,26,27,28,29,30), partition p3 values in (31,32,33,34,35,36,37,38,39,40), partition p4 values in (41,42,43,44,45,46,47,48,49,50), partition p5 values in (51,52,53,54,55,56,57,58,59,60) )"
[1] 23:43:28,662 DEBUG SchemaChange - rewrote SQL to create table t2 (col1 time) engine='MYISAM'  partition by list/__MAXWELL__/  (partition p0 values in (0,1,2,3,4,5,6,7,8,9,10), partition p1 values in (11,12,13,14,15,16,17,18,19,20), partition p2 values in (21,22,23,24,25,26,27,28,29,30), partition p3 values in (31,32,33,34,35,36,37,38,39,40), partition p4 values in (41,42,43,44,45,46,47,48,49,50), partition p5 values in (51,52,53,54,55,56,57,58,59,60) )
[1] 23:43:28,662 DEBUG SchemaChange - SQL_PARSE <- "create table t2 (col1 time) engine='MYISAM'  partition by list/__MAXWELL__/  (partition p0 values in (0,1,2,3,4,5,6,7,8,9,10), partition p1 values in (11,12,13,14,15,16,17,18,19,20), partition p2 values in (21,22,23,24,25,26,27,28,29,30), partition p3 values in (31,32,33,34,35,36,37,38,39,40), partition p4 values in (41,42,43,44,45,46,47,48,49,50), partition p5 values in (51,52,53,54,55,56,57,58,59,60) )"
[1] 23:43:28,662 DEBUG SchemaChange - rewrote SQL to create table t2 (col1 time) engine='MYISAM'  partition by list/__MAXWELL__/  (/__MAXWELL__/
[1] 23:43:28,662 DEBUG SchemaChange - SQL_PARSE <- "create table t2 (col1 time) engine='MYISAM'  partition by list/__MAXWELL__/  (/__MAXWELL__/"
[1] 23:43:28,663 DEBUG SchemaChange - SQL_PARSE ->   (parse (statement (create_table (create_table_preamble create table (table_name (name (id t2)))) (create_specifications ( (create_specification (column_definition (name (id col1)) (data_type (generic_type time)))) )) (table_creation_option (creation_engine engine = (string_literal 'MYISAM'))) (table_creation_option (partition_by partition by (partition_by_what list (skip_parens /__MAXWELL__/)) (partition_definitions ( (skip_parens_inside_partition_definitions /__MAXWELL__/)))))) <EOF>)
[1] 23:43:28,663 DEBUG SchemaChange - SQL_PARSE <- "create table t2 (i int ) ENGINE = MyISAM partition by range (i) ( partition p01 values less than (1000) data directory="/Users/ben/src/mysql-server/mysql-test/var/tmp"     index directory="/Users/ben/src/mysql-server/mysql-test/var/tmp" )"
[1] 23:43:28,663 DEBUG SchemaChange - rewrote SQL to create table t2 (i int ) ENGINE = MyISAM partition by range /__MAXWELL__/ ( partition p01 values less than (1000) data directory="/Users/ben/src/mysql-server/mysql-test/var/tmp"     index directory="/Users/ben/src/mysql-server/mysql-test/var/tmp" )
[1] 23:43:28,663 DEBUG SchemaChange - SQL_PARSE <- "create table t2 (i int ) ENGINE = MyISAM partition by range /__MAXWELL__/ ( partition p01 values less than (1000) data directory="/Users/ben/src/mysql-server/mysql-test/var/tmp"     index directory="/Users/ben/src/mysql-server/mysql-test/var/tmp" )"
[1] 23:43:28,663 DEBUG SchemaChange - rewrote SQL to create table t2 (i int ) ENGINE = MyISAM partition by range /__MAXWELL__/ ( /__MAXWELL__/
[1] 23:43:28,663 DEBUG SchemaChange - SQL_PARSE <- "create table t2 (i int ) ENGINE = MyISAM partition by range /__MAXWELL__/ ( /__MAXWELL__/"
[1] 23:43:28,663 DEBUG SchemaChange - SQL_PARSE ->   (parse (statement (create_table (create_table_preamble create table (table_name (name (id t2)))) (create_specifications ( (create_specification (column_definition (name (id i)) (data_type (signed_type int)))) )) (table_creation_option (creation_engine ENGINE = (id MyISAM))) (table_creation_option (partition_by partition by (partition_by_what range (skip_parens /__MAXWELL__/)) (partition_definitions ( (skip_parens_inside_partition_definitions /__MAXWELL__/)))))) <EOF>)
[1] 23:43:28,663 DEBUG SchemaChange - SQL_PARSE <- "create table t2 (i int ) partition by range (i) ( partition p01 values less than (1000) data directory="/Users/ben/src/mysql-server/mysql-test/var/tmp/"  index directory="/Users/ben/src/mysql-server/mysql-test/var/tmp/" )"
[1] 23:43:28,663 DEBUG SchemaChange - rewrote SQL to create table t2 (i int ) partition by range /__MAXWELL__/ ( partition p01 values less than (1000) data directory="/Users/ben/src/mysql-server/mysql-test/var/tmp/"  index directory="/Users/ben/src/mysql-server/mysql-test/var/tmp/" )
[1] 23:43:28,663 DEBUG SchemaChange - SQL_PARSE <- "create table t2 (i int ) partition by range /__MAXWELL__/ ( partition p01 values less than (1000) data directory="/Users/ben/src/mysql-server/mysql-test/var/tmp/"  index directory="/Users/ben/src/mysql-server/mysql-test/var/tmp/" )"
[1] 23:43:28,663 DEBUG SchemaChange - rewrote SQL to create table t2 (i int ) partition by range /__MAXWELL__/ ( /__MAXWELL__/
[1] 23:43:28,663 DEBUG SchemaChange - SQL_PARSE <- "create table t2 (i int ) partition by range /__MAXWELL__/ ( /__MAXWELL__/"
[1] 23:43:28,664 DEBUG SchemaChange - SQL_PARSE ->   (parse (statement (create_table (create_table_preamble create table (table_name (name (id t2)))) (create_specifications ( (create_specification (column_definition (name (id i)) (data_type (signed_type int)))) )) (table_creation_option (partition_by partition by (partition_by_what range (skip_parens /__MAXWELL__/)) (partition_definitions ( (skip_parens_inside_partition_definitions /__MAXWELL__/)))))) <EOF>)
[1] 23:43:28,664 DEBUG SchemaChange - SQL_PARSE <- "create table t2 (s1 int not null auto_increment, primary key (s1)) partition by list (s1) (partition p1 values in (1),partition p2 values in (2),partition p3 values in (3),partition p4 values in (4))"
[1] 23:43:28,664 DEBUG SchemaChange - rewrote SQL to create table t2 (s1 int not null auto_increment, primary key (s1)) partition by list /__MAXWELL__/ (partition p1 values in (1),partition p2 values in (2),partition p3 values in (3),partition p4 values in (4))
[1] 23:43:28,664 DEBUG SchemaChange - SQL_PARSE <- "create table t2 (s1 int not null auto_increment, primary key (s1)) partition by list /__MAXWELL__/ (partition p1 values in (1),partition p2 values in (2),partition p3 values in (3),partition p4 values in (4))"
[1] 23:43:28,664 DEBUG SchemaChange - rewrote SQL to create table t2 (s1 int not null auto_increment, primary key (s1)) partition by list /__MAXWELL__/ (/__MAXWELL__/
[1] 23:43:28,664 DEBUG SchemaChange - SQL_PARSE <- "create table t2 (s1 int not null auto_increment, primary key (s1)) partition by list /__MAXWELL__/ (/__MAXWELL__/"
[1] 23:43:28,664 DEBUG SchemaChange - SQL_PARSE ->   (parse (statement (create_table (create_table_preamble create table (table_name (name (id t2)))) (create_specifications ( (create_specification (column_definition (name (id s1)) (data_type (signed_type int (column_options (nullability not null)) (column_options auto_increment))))) , (create_specification (index_definition (index_type_pk primary key (index_column_list ( (index_columns (index_column (name (id s1)))) ))))) )) (table_creation_option (partition_by partition by (partition_by_what list (skip_parens /__MAXWELL__/)) (partition_definitions ( (skip_parens_inside_partition_definitions /__MAXWELL__/)))))) <EOF>)
[1] 23:43:28,664 DEBUG SchemaChange - SQL_PARSE <- "create table t3 ( a int ) partition by range (a*1) (  partition p0 values less than (10), partition p1 values less than (20) )"
[1] 23:43:28,664 DEBUG SchemaChange - rewrote SQL to create table t3 ( a int ) partition by range /__MAXWELL__/ (  partition p0 values less than (10), partition p1 values less than (20) )
[1] 23:43:28,664 DEBUG SchemaChange - SQL_PARSE <- "create table t3 ( a int ) partition by range /__MAXWELL__/ (  partition p0 values less than (10), partition p1 values less than (20) )"
[1] 23:43:28,665 DEBUG SchemaChange - rewrote SQL to create table t3 ( a int ) partition by range /__MAXWELL__/ (  /__MAXWELL__/
[1] 23:43:28,665 DEBUG SchemaChange - SQL_PARSE <- "create table t3 ( a int ) partition by range /__MAXWELL__/ (  /__MAXWELL__/"
[1] 23:43:28,665 DEBUG SchemaChange - SQL_PARSE ->   (parse (statement (create_table (create_table_preamble create table (table_name (name (id t3)))) (create_specifications ( (create_specification (column_definition (name (id a)) (data_type (signed_type int)))) )) (table_creation_option (partition_by partition by (partition_by_what range (skip_parens /__MAXWELL__/)) (partition_definitions ( (skip_parens_inside_partition_definitions /__MAXWELL__/)))))) <EOF>)
[1] 23:43:28,665 DEBUG SchemaChange - SQL_PARSE <- "create table t3 (a bit(8), primary key (a)) engine='MyISAM'  partition by range (a) subpartition by key (a) subpartitions 2 ( partition pa1 values less than (3), partition pa2 values less than (16), partition pa3 values less than (64), partition pa4 values less than (256))"
[1] 23:43:28,665 DEBUG SchemaChange - rewrote SQL to create table t3 (a bit(8), primary key (a)) engine='MyISAM'  partition by range /__MAXWELL__/ subpartition by key (a) subpartitions 2 ( partition pa1 values less than (3), partition pa2 values less than (16), partition pa3 values less than (64), partition pa4 values less than (256))
[1] 23:43:28,665 DEBUG SchemaChange - SQL_PARSE <- "create table t3 (a bit(8), primary key (a)) engine='MyISAM'  partition by range /__MAXWELL__/ subpartition by key (a) subpartitions 2 ( partition pa1 values less than (3), partition pa2 values less than (16), partition pa3 values less than (64), partition pa4 values less than (256))"
[1] 23:43:28,665 DEBUG SchemaChange - rewrote SQL to create table t3 (a bit(8), primary key (a)) engine='MyISAM'  partition by range /__MAXWELL__/ subpartition by key /__MAXWELL__/ subpartitions 2 ( partition pa1 values less than (3), partition pa2 values less than (16), partition pa3 values less than (64), partition pa4 values less than (256))
[1] 23:43:28,665 DEBUG SchemaChange - SQL_PARSE <- "create table t3 (a bit(8), primary key (a)) engine='MyISAM'  partition by range /__MAXWELL__/ subpartition by key /__MAXWELL__/ subpartitions 2 ( partition pa1 values less than (3), partition pa2 values less than (16), partition pa3 values less than (64), partition pa4 values less than (256))"
[1] 23:43:28,666 DEBUG SchemaChange - rewrote SQL to create table t3 (a bit(8), primary key (a)) engine='MyISAM'  partition by range /__MAXWELL__/ subpartition by key /__MAXWELL__/ subpartitions 2 ( /__MAXWELL__/
[1] 23:43:28,666 DEBUG SchemaChange - SQL_PARSE <- "create table t3 (a bit(8), primary key (a)) engine='MyISAM'  partition by range /__MAXWELL__/ subpartition by key /__MAXWELL__/ subpartitions 2 ( /__MAXWELL__/"
[1] 23:43:28,666 DEBUG SchemaChange - SQL_PARSE ->   (parse (statement (create_table (create_table_preamble create table (table_name (name (id t3)))) (create_specifications ( (create_specification (column_definition (name (id a)) (data_type (generic_type bit (length ( 8 )))))) , (create_specification (index_definition (index_type_pk primary key (index_column_list ( (index_columns (index_column (name (id a)))) ))))) )) (table_creation_option (creation_engine engine = (string_literal 'MyISAM'))) (table_creation_option (partition_by partition by (partition_by_what range (skip_parens /__MAXWELL__/)) (subpartition_by subpartition by (partition_by_what key (skip_parens /__MAXWELL__/)) subpartitions 2) (partition_definitions ( (skip_parens_inside_partition_definitions /__MAXWELL__/)))))) <EOF>)
[1] 23:43:28,666 DEBUG SchemaChange - SQL_PARSE <- "create table t3 (a date not null, primary key(a)) engine='MyISAM'  partition by range (month(a)) subpartition by key (a) subpartitions 3 ( partition quarter1 values less than (4), partition quarter2 values less than (7), partition quarter3 values less than (10),  partition quarter4 values less than (13) )"
[1] 23:43:28,666 DEBUG SchemaChange - rewrote SQL to create table t3 (a date not null, primary key(a)) engine='MyISAM'  partition by range /__MAXWELL__/ subpartition by key (a) subpartitions 3 ( partition quarter1 values less than (4), partition quarter2 values less than (7), partition quarter3 values less than (10),  partition quarter4 values less than (13) )
[1] 23:43:28,666 DEBUG SchemaChange - SQL_PARSE <- "create table t3 (a date not null, primary key(a)) engine='MyISAM'  partition by range /__MAXWELL__/ subpartition by key (a) subpartitions 3 ( partition quarter1 values less than (4), partition quarter2 values less than (7), partition quarter3 values less than (10),  partition quarter4 values less than (13) )"
[1] 23:43:28,666 DEBUG SchemaChange - rewrote SQL to create table t3 (a date not null, primary key(a)) engine='MyISAM'  partition by range /__MAXWELL__/ subpartition by key /__MAXWELL__/ subpartitions 3 ( partition quarter1 values less than (4), partition quarter2 values less than (7), partition quarter3 values less than (10),  partition quarter4 values less than (13) )
[1] 23:43:28,666 DEBUG SchemaChange - SQL_PARSE <- "create table t3 (a date not null, primary key(a)) engine='MyISAM'  partition by range /__MAXWELL__/ subpartition by key /__MAXWELL__/ subpartitions 3 ( partition quarter1 values less than (4), partition quarter2 values less than (7), partition quarter3 values less than (10),  partition quarter4 values less than (13) )"
[1] 23:43:28,666 DEBUG SchemaChange - rewrote SQL to create table t3 (a date not null, primary key(a)) engine='MyISAM'  partition by range /__MAXWELL__/ subpartition by key /__MAXWELL__/ subpartitions 3 ( /__MAXWELL__/
[1] 23:43:28,666 DEBUG SchemaChange - SQL_PARSE <- "create table t3 (a date not null, primary key(a)) engine='MyISAM'  partition by range /__MAXWELL__/ subpartition by key /__MAXWELL__/ subpartitions 3 ( /__MAXWELL__/"
[1] 23:43:28,667 DEBUG SchemaChange - SQL_PARSE ->   (parse (statement (create_table (create_table_preamble create table (table_name (name (id t3)))) (create_specifications ( (create_specification (column_definition (name (id a)) (data_type (generic_type date (column_options (nullability not null)))))) , (create_specification (index_definition (index_type_pk primary key (index_column_list ( (index_columns (index_column (name (id a)))) ))))) )) (table_creation_option (creation_engine engine = (string_literal 'MyISAM'))) (table_creation_option (partition_by partition by (partition_by_what range (skip_parens /__MAXWELL__/)) (subpartition_by subpartition by (partition_by_what key (skip_parens /__MAXWELL__/)) subpartitions 3) (partition_definitions ( (skip_parens_inside_partition_definitions /__MAXWELL__/)))))) <EOF>)
[1] 23:43:28,667 DEBUG SchemaChange - SQL_PARSE <- "create table t3 (a datetime not null, primary key(a)) engine='MyISAM'  partition by range (month(a)) subpartition by key (a) subpartitions 3 ( partition quarter1 values less than (4), partition quarter2 values less than (7), partition quarter3 values less than (10),  partition quarter4 values less than (13) )"
[1] 23:43:28,667 DEBUG SchemaChange - rewrote SQL to create table t3 (a datetime not null, primary key(a)) engine='MyISAM'  partition by range /__MAXWELL__/ subpartition by key (a) subpartitions 3 ( partition quarter1 values less than (4), partition quarter2 values less than (7), partition quarter3 values less than (10),  partition quarter4 values less than (13) )
[1] 23:43:28,667 DEBUG SchemaChange - SQL_PARSE <- "create table t3 (a datetime not null, primary key(a)) engine='MyISAM'  partition by range /__MAXWELL__/ subpartition by key (a) subpartitions 3 ( partition quarter1 values less than (4), partition quarter2 values less than (7), partition quarter3 values less than (10),  partition quarter4 values less than (13) )"
[1] 23:43:28,667 DEBUG SchemaChange - rewrote SQL to create table t3 (a datetime not null, primary key(a)) engine='MyISAM'  partition by range /__MAXWELL__/ subpartition by key /__MAXWELL__/ subpartitions 3 ( partition quarter1 values less than (4), partition quarter2 values less than (7), partition quarter3 values less than (10),  partition quarter4 values less than (13) )
[1] 23:43:28,667 DEBUG SchemaChange - SQL_PARSE <- "create table t3 (a datetime not null, primary key(a)) engine='MyISAM'  partition by range /__MAXWELL__/ subpartition by key /__MAXWELL__/ subpartitions 3 ( partition quarter1 values less than (4), partition quarter2 values less than (7), partition quarter3 values less than (10),  partition quarter4 values less than (13) )"
[1] 23:43:28,667 DEBUG SchemaChange - rewrote SQL to create table t3 (a datetime not null, primary key(a)) engine='MyISAM'  partition by range /__MAXWELL__/ subpartition by key /__MAXWELL__/ subpartitions 3 ( /__MAXWELL__/
[1] 23:43:28,667 DEBUG SchemaChange - SQL_PARSE <- "create table t3 (a datetime not null, primary key(a)) engine='MyISAM'  partition by range /__MAXWELL__/ subpartition by key /__MAXWELL__/ subpartitions 3 ( /__MAXWELL__/"
[1] 23:43:28,668 DEBUG SchemaChange - SQL_PARSE ->   (parse (statement (create_table (create_table_preamble create table (table_name (name (id t3)))) (create_specifications ( (create_specification (column_definition (name (id a)) (data_type (generic_type datetime (column_options (nullability not null)))))) , (create_specification (index_definition (index_type_pk primary key (index_column_list ( (index_columns (index_column (name (id a)))) ))))) )) (table_creation_option (creation_engine engine = (string_literal 'MyISAM'))) (table_creation_option (partition_by partition by (partition_by_what range (skip_parens /__MAXWELL__/)) (subpartition_by subpartition by (partition_by_what key (skip_parens /__MAXWELL__/)) subpartitions 3) (partition_definitions ( (skip_parens_inside_partition_definitions /__MAXWELL__/)))))) <EOF>)
[1] 23:43:28,668 DEBUG SchemaChange - SQL_PARSE <- "create table t3 (a int, b int)  partition by list(a) subpartition by hash(b) subpartitions 4 ( partition p0 values in (1), partition p1 values in (2), partition p2 values in (3), partition p3 values in (4) )"
[1] 23:43:28,668 DEBUG SchemaChange - rewrote SQL to create table t3 (a int, b int)  partition by list/__MAXWELL__/ subpartition by hash(b) subpartitions 4 ( partition p0 values in (1), partition p1 values in (2), partition p2 values in (3), partition p3 values in (4) )
[1] 23:43:28,668 DEBUG SchemaChange - SQL_PARSE <- "create table t3 (a int, b int)  partition by list/__MAXWELL__/ subpartition by hash(b) subpartitions 4 ( partition p0 values in (1), partition p1 values in (2), partition p2 values in (3), partition p3 values in (4) )"
[1] 23:43:28,668 DEBUG SchemaChange - rewrote SQL to create table t3 (a int, b int)  partition by list/__MAXWELL__/ subpartition by hash/__MAXWELL__/ subpartitions 4 ( partition p0 values in (1), partition p1 values in (2), partition p2 values in (3), partition p3 values in (4) )
[1] 23:43:28,668 DEBUG SchemaChange - SQL_PARSE <- "create table t3 (a int, b int)  partition by list/__MAXWELL__/ subpartition by hash/__MAXWELL__/ subpartitions 4 ( partition p0 values in (1), partition p1 values in (2), partition p2 values in (3), partition p3 values in (4) )"
[1] 23:43:28,668 DEBUG SchemaChange - rewrote SQL to create table t3 (a int, b int)  partition by list/__MAXWELL__/ subpartition by hash/__MAXWELL__/ subpartitions 4 ( /__MAXWELL__/
[1] 23:43:28,668 DEBUG SchemaChange - SQL_PARSE <- "create table t3 (a int, b int)  partition by list/__MAXWELL__/ subpartition by hash/__MAXWELL__/ subpartitions 4 ( /__MAXWELL__/"
[1] 23:43:28,668 DEBUG SchemaChange - SQL_PARSE ->   (parse (statement (create_table (create_table_preamble create table (table_name (name (id t3)))) (create_specifications ( (create_specification (column_definition (name (id a)) (data_type (signed_type int)))) , (create_specification (column_definition (name (id b)) (data_type (signed_type int)))) )) (table_creation_option (partition_by partition by (partition_by_what list (skip_parens /__MAXWELL__/)) (subpartition_by subpartition by (partition_by_what hash (skip_parens /__MAXWELL__/)) subpartitions 4) (partition_definitions ( (skip_parens_inside_partition_definitions /__MAXWELL__/)))))) <EOF>)
[1] 23:43:28,668 DEBUG SchemaChange - SQL_PARSE <- "create table t3 (a time not null, primary key(a)) engine='MyISAM'  partition by range (second(a)) subpartition by key (a) subpartitions 3 ( partition quarter1 values less than (16), partition quarter2 values less than (31), partition quarter3 values less than (46),  partition quarter4 values less than (61) )"
[1] 23:43:28,668 DEBUG SchemaChange - rewrote SQL to create table t3 (a time not null, primary key(a)) engine='MyISAM'  partition by range /__MAXWELL__/ subpartition by key (a) subpartitions 3 ( partition quarter1 values less than (16), partition quarter2 values less than (31), partition quarter3 values less than (46),  partition quarter4 values less than (61) )
[1] 23:43:28,669 DEBUG SchemaChange - SQL_PARSE <- "create table t3 (a time not null, primary key(a)) engine='MyISAM'  partition by range /__MAXWELL__/ subpartition by key (a) subpartitions 3 ( partition quarter1 values less than (16), partition quarter2 values less than (31), partition quarter3 values less than (46),  partition quarter4 values less than (61) )"
[1] 23:43:28,669 DEBUG SchemaChange - rewrote SQL to create table t3 (a time not null, primary key(a)) engine='MyISAM'  partition by range /__MAXWELL__/ subpartition by key /__MAXWELL__/ subpartitions 3 ( partition quarter1 values less than (16), partition quarter2 values less than (31), partition quarter3 values less than (46),  partition quarter4 values less than (61) )
[1] 23:43:28,669 DEBUG SchemaChange - SQL_PARSE <- "create table t3 (a time not null, primary key(a)) engine='MyISAM'  partition by range /__MAXWELL__/ subpartition by key /__MAXWELL__/ subpartitions 3 ( partition quarter1 values less than (16), partition quarter2 values less than (31), partition quarter3 values less than (46),  partition quarter4 values less than (61) )"
[1] 23:43:28,669 DEBUG SchemaChange - rewrote SQL to create table t3 (a time not null, primary key(a)) engine='MyISAM'  partition by range /__MAXWELL__/ subpartition by key /__MAXWELL__/ subpartitions 3 ( /__MAXWELL__/
[1] 23:43:28,669 DEBUG SchemaChange - SQL_PARSE <- "create table t3 (a time not null, primary key(a)) engine='MyISAM'  partition by range /__MAXWELL__/ subpartition by key /__MAXWELL__/ subpartitions 3 ( /__MAXWELL__/"
[1] 23:43:28,669 DEBUG SchemaChange - SQL_PARSE ->   (parse (statement (create_table (create_table_preamble create table (table_name (name (id t3)))) (create_specifications ( (create_specification (column_definition (name (id a)) (data_type (generic_type time (column_options (nullability not null)))))) , (create_specification (index_definition (index_type_pk primary key (index_column_list ( (index_columns (index_column (name (id a)))) ))))) )) (table_creation_option (creation_engine engine = (string_literal 'MyISAM'))) (table_creation_option (partition_by partition by (partition_by_what range (skip_parens /__MAXWELL__/)) (subpartition_by subpartition by (partition_by_what key (skip_parens /__MAXWELL__/)) subpartitions 3) (partition_definitions ( (skip_parens_inside_partition_definitions /__MAXWELL__/)))))) <EOF>)
[1] 23:43:28,669 DEBUG SchemaChange - SQL_PARSE <- "create table t3 (col1 date) engine='MYISAM'  partition by hash(day(col1))"
[1] 23:43:28,669 DEBUG SchemaChange - rewrote SQL to create table t3 (col1 date) engine='MYISAM'  partition by hash/__MAXWELL__/
[1] 23:43:28,669 DEBUG SchemaChange - SQL_PARSE <- "create table t3 (col1 date) engine='MYISAM'  partition by hash/__MAXWELL__/"
[1] 23:43:28,669 DEBUG SchemaChange - SQL_PARSE ->   (parse (statement (create_table (create_table_preamble create table (table_name (name (id t3)))) (create_specifications ( (create_specification (column_definition (name (id col1)) (data_type (generic_type date)))) )) (table_creation_option (creation_engine engine = (string_literal 'MYISAM'))) (table_creation_option (partition_by partition by (partition_by_what hash (skip_parens /__MAXWELL__/)))))) <EOF>)
[1] 23:43:28,671 DEBUG SchemaChange - SQL_PARSE <- "create table t3 (col1 date) engine='MYISAM'  partition by hash(dayofmonth(col1))"
[1] 23:43:28,671 DEBUG SchemaChange - rewrote SQL to create table t3 (col1 date) engine='MYISAM'  partition by hash/__MAXWELL__/
[1] 23:43:28,671 DEBUG SchemaChange - SQL_PARSE <- "create table t3 (col1 date) engine='MYISAM'  partition by hash/__MAXWELL__/"
[1] 23:43:28,671 DEBUG SchemaChange - SQL_PARSE ->   (parse (statement (create_table (create_table_preamble create table (table_name (name (id t3)))) (create_specifications ( (create_specification (column_definition (name (id col1)) (data_type (generic_type date)))) )) (table_creation_option (creation_engine engine = (string_literal 'MYISAM'))) (table_creation_option (partition_by partition by (partition_by_what hash (skip_parens /__MAXWELL__/)))))) <EOF>)
[1] 23:43:28,671 DEBUG SchemaChange - SQL_PARSE <- "create table t3 (col1 date) engine='MYISAM'  partition by hash(dayofweek(col1))"
[1] 23:43:28,671 DEBUG SchemaChange - rewrote SQL to create table t3 (col1 date) engine='MYISAM'  partition by hash/__MAXWELL__/
[1] 23:43:28,671 DEBUG SchemaChange - SQL_PARSE <- "create table t3 (col1 date) engine='MYISAM'  partition by hash/__MAXWELL__/"
[1] 23:43:28,671 DEBUG SchemaChange - SQL_PARSE ->   (parse (statement (create_table (create_table_preamble create table (table_name (name (id t3)))) (create_specifications ( (create_specification (column_definition (name (id col1)) (data_type (generic_type date)))) )) (table_creation_option (creation_engine engine = (string_literal 'MYISAM'))) (table_creation_option (partition_by partition by (partition_by_what hash (skip_parens /__MAXWELL__/)))))) <EOF>)
[1] 23:43:28,671 DEBUG SchemaChange - SQL_PARSE <- "create table t3 (col1 date) engine='MYISAM'  partition by hash(dayofyear(col1))"
[1] 23:43:28,671 DEBUG SchemaChange - rewrote SQL to create table t3 (col1 date) engine='MYISAM'  partition by hash/__MAXWELL__/
[1] 23:43:28,671 DEBUG SchemaChange - SQL_PARSE <- "create table t3 (col1 date) engine='MYISAM'  partition by hash/__MAXWELL__/"
[1] 23:43:28,671 DEBUG SchemaChange - SQL_PARSE ->   (parse (statement (create_table (create_table_preamble create table (table_name (name (id t3)))) (create_specifications ( (create_specification (column_definition (name (id col1)) (data_type (generic_type date)))) )) (table_creation_option (creation_engine engine = (string_literal 'MYISAM'))) (table_creation_option (partition_by partition by (partition_by_what hash (skip_parens /__MAXWELL__/)))))) <EOF>)
[1] 23:43:28,671 DEBUG SchemaChange - SQL_PARSE <- "create table t3 (col1 date) engine='MYISAM'  partition by hash(extract(month from col1))"
[1] 23:43:28,672 DEBUG SchemaChange - rewrote SQL to create table t3 (col1 date) engine='MYISAM'  partition by hash/__MAXWELL__/
[1] 23:43:28,672 DEBUG SchemaChange - SQL_PARSE <- "create table t3 (col1 date) engine='MYISAM'  partition by hash/__MAXWELL__/"
[1] 23:43:28,672 DEBUG SchemaChange - SQL_PARSE ->   (parse (statement (create_table (create_table_preamble create table (table_name (name (id t3)))) (create_specifications ( (create_specification (column_definition (name (id col1)) (data_type (generic_type date)))) )) (table_creation_option (creation_engine engine = (string_literal 'MYISAM'))) (table_creation_option (partition_by partition by (partition_by_what hash (skip_parens /__MAXWELL__/)))))) <EOF>)
[1] 23:43:28,672 DEBUG SchemaChange - SQL_PARSE <- "create table t3 (col1 date) engine='MYISAM'  partition by hash(month(col1))"
[1] 23:43:28,672 DEBUG SchemaChange - rewrote SQL to create table t3 (col1 date) engine='MYISAM'  partition by hash/__MAXWELL__/
[1] 23:43:28,672 DEBUG SchemaChange - SQL_PARSE <- "create table t3 (col1 date) engine='MYISAM'  partition by hash/__MAXWELL__/"
[1] 23:43:28,672 DEBUG SchemaChange - SQL_PARSE ->   (parse (statement (create_table (create_table_preamble create table (table_name (name (id t3)))) (create_specifications ( (create_specification (column_definition (name (id col1)) (data_type (generic_type date)))) )) (table_creation_option (creation_engine engine = (string_literal 'MYISAM'))) (table_creation_option (partition_by partition by (partition_by_what hash (skip_parens /__MAXWELL__/)))))) <EOF>)
[1] 23:43:28,672 DEBUG SchemaChange - SQL_PARSE <- "create table t3 (col1 date) engine='MYISAM'  partition by hash(quarter(col1))"
[1] 23:43:28,677 DEBUG SchemaChange - rewrote SQL to create table t3 (col1 date) engine='MYISAM'  partition by hash/__MAXWELL__/
[1] 23:43:28,677 DEBUG SchemaChange - SQL_PARSE <- "create table t3 (col1 date) engine='MYISAM'  partition by hash/__MAXWELL__/"
[1] 23:43:28,678 DEBUG SchemaChange - SQL_PARSE ->   (parse (statement (create_table (create_table_preamble create table (table_name (name (id t3)))) (create_specifications ( (create_specification (column_definition (name (id col1)) (data_type (generic_type date)))) )) (table_creation_option (creation_engine engine = (string_literal 'MYISAM'))) (table_creation_option (partition_by partition by (partition_by_what hash (skip_parens /__MAXWELL__/)))))) <EOF>)
[1] 23:43:28,678 DEBUG SchemaChange - SQL_PARSE <- "create table t3 (col1 date) engine='MYISAM'  partition by hash(weekday(col1))"
[1] 23:43:28,678 DEBUG SchemaChange - rewrote SQL to create table t3 (col1 date) engine='MYISAM'  partition by hash/__MAXWELL__/
[1] 23:43:28,678 DEBUG SchemaChange - SQL_PARSE <- "create table t3 (col1 date) engine='MYISAM'  partition by hash/__MAXWELL__/"
[1] 23:43:28,678 DEBUG SchemaChange - SQL_PARSE ->   (parse (statement (create_table (create_table_preamble create table (table_name (name (id t3)))) (create_specifications ( (create_specification (column_definition (name (id col1)) (data_type (generic_type date)))) )) (table_creation_option (creation_engine engine = (string_literal 'MYISAM'))) (table_creation_option (partition_by partition by (partition_by_what hash (skip_parens /__MAXWELL__/)))))) <EOF>)
[1] 23:43:28,678 DEBUG SchemaChange - SQL_PARSE <- "create table t3 (col1 date) engine='MYISAM'  partition by hash(year(col1)-1990)"
[1] 23:43:28,678 DEBUG SchemaChange - rewrote SQL to create table t3 (col1 date) engine='MYISAM'  partition by hash/__MAXWELL__/
[1] 23:43:28,678 DEBUG SchemaChange - SQL_PARSE <- "create table t3 (col1 date) engine='MYISAM'  partition by hash/__MAXWELL__/"
[1] 23:43:28,678 DEBUG SchemaChange - SQL_PARSE ->   (parse (statement (create_table (create_table_preamble create table (table_name (name (id t3)))) (create_specifications ( (create_specification (column_definition (name (id col1)) (data_type (generic_type date)))) )) (table_creation_option (creation_engine engine = (string_literal 'MYISAM'))) (table_creation_option (partition_by partition by (partition_by_what hash (skip_parens /__MAXWELL__/)))))) <EOF>)
[1] 23:43:28,678 DEBUG SchemaChange - SQL_PARSE <- "create table t3 (col1 date) engine='MYISAM'  partition by hash(yearweek(col1)-200600)"
[1] 23:43:28,678 DEBUG SchemaChange - rewrote SQL to create table t3 (col1 date) engine='MYISAM'  partition by hash/__MAXWELL__/
[1] 23:43:28,678 DEBUG SchemaChange - SQL_PARSE <- "create table t3 (col1 date) engine='MYISAM'  partition by hash/__MAXWELL__/"
[1] 23:43:28,678 DEBUG SchemaChange - SQL_PARSE ->   (parse (statement (create_table (create_table_preamble create table (table_name (name (id t3)))) (create_specifications ( (create_specification (column_definition (name (id col1)) (data_type (generic_type date)))) )) (table_creation_option (creation_engine engine = (string_literal 'MYISAM'))) (table_creation_option (partition_by partition by (partition_by_what hash (skip_parens /__MAXWELL__/)))))) <EOF>)
[1] 23:43:28,678 DEBUG SchemaChange - SQL_PARSE <- "create table t3 (col1 int) engine='MYISAM'  partition by hash(abs(col1))"
[1] 23:43:28,679 DEBUG SchemaChange - rewrote SQL to create table t3 (col1 int) engine='MYISAM'  partition by hash/__MAXWELL__/
[1] 23:43:28,679 DEBUG SchemaChange - SQL_PARSE <- "create table t3 (col1 int) engine='MYISAM'  partition by hash/__MAXWELL__/"
[1] 23:43:28,679 DEBUG SchemaChange - SQL_PARSE ->   (parse (statement (create_table (create_table_preamble create table (table_name (name (id t3)))) (create_specifications ( (create_specification (column_definition (name (id col1)) (data_type (signed_type int)))) )) (table_creation_option (creation_engine engine = (string_literal 'MYISAM'))) (table_creation_option (partition_by partition by (partition_by_what hash (skip_parens /__MAXWELL__/)))))) <EOF>)
[1] 23:43:28,679 DEBUG SchemaChange - SQL_PARSE <- "create table t3 (col1 int) engine='MYISAM'  partition by hash(mod(col1,10))"
[1] 23:43:28,679 DEBUG SchemaChange - rewrote SQL to create table t3 (col1 int) engine='MYISAM'  partition by hash/__MAXWELL__/
[1] 23:43:28,679 DEBUG SchemaChange - SQL_PARSE <- "create table t3 (col1 int) engine='MYISAM'  partition by hash/__MAXWELL__/"
[1] 23:43:28,679 DEBUG SchemaChange - SQL_PARSE ->   (parse (statement (create_table (create_table_preamble create table (table_name (name (id t3)))) (create_specifications ( (create_specification (column_definition (name (id col1)) (data_type (signed_type int)))) )) (table_creation_option (creation_engine engine = (string_literal 'MYISAM'))) (table_creation_option (partition_by partition by (partition_by_what hash (skip_parens /__MAXWELL__/)))))) <EOF>)
[1] 23:43:28,679 DEBUG SchemaChange - SQL_PARSE <- "create table t3 (col1 time) engine='MYISAM'  partition by hash(hour(col1))"
[1] 23:43:28,679 DEBUG SchemaChange - rewrote SQL to create table t3 (col1 time) engine='MYISAM'  partition by hash/__MAXWELL__/
[1] 23:43:28,679 DEBUG SchemaChange - SQL_PARSE <- "create table t3 (col1 time) engine='MYISAM'  partition by hash/__MAXWELL__/"
[1] 23:43:28,679 DEBUG SchemaChange - SQL_PARSE ->   (parse (statement (create_table (create_table_preamble create table (table_name (name (id t3)))) (create_specifications ( (create_specification (column_definition (name (id col1)) (data_type (generic_type time)))) )) (table_creation_option (creation_engine engine = (string_literal 'MYISAM'))) (table_creation_option (partition_by partition by (partition_by_what hash (skip_parens /__MAXWELL__/)))))) <EOF>)
[1] 23:43:28,679 DEBUG SchemaChange - SQL_PARSE <- "create table t3 (col1 time) engine='MYISAM'  partition by hash(microsecond(col1))"
[1] 23:43:28,679 DEBUG SchemaChange - rewrote SQL to create table t3 (col1 time) engine='MYISAM'  partition by hash/__MAXWELL__/
[1] 23:43:28,680 DEBUG SchemaChange - SQL_PARSE <- "create table t3 (col1 time) engine='MYISAM'  partition by hash/__MAXWELL__/"
[1] 23:43:28,680 DEBUG SchemaChange - SQL_PARSE ->   (parse (statement (create_table (create_table_preamble create table (table_name (name (id t3)))) (create_specifications ( (create_specification (column_definition (name (id col1)) (data_type (generic_type time)))) )) (table_creation_option (creation_engine engine = (string_literal 'MYISAM'))) (table_creation_option (partition_by partition by (partition_by_what hash (skip_parens /__MAXWELL__/)))))) <EOF>)
[1] 23:43:28,680 DEBUG SchemaChange - SQL_PARSE <- "create table t3 (col1 time) engine='MYISAM'  partition by hash(minute(col1))"
[1] 23:43:28,680 DEBUG SchemaChange - rewrote SQL to create table t3 (col1 time) engine='MYISAM'  partition by hash/__MAXWELL__/
[1] 23:43:28,680 DEBUG SchemaChange - SQL_PARSE <- "create table t3 (col1 time) engine='MYISAM'  partition by hash/__MAXWELL__/"
[1] 23:43:28,680 DEBUG SchemaChange - SQL_PARSE ->   (parse (statement (create_table (create_table_preamble create table (table_name (name (id t3)))) (create_specifications ( (create_specification (column_definition (name (id col1)) (data_type (generic_type time)))) )) (table_creation_option (creation_engine engine = (string_literal 'MYISAM'))) (table_creation_option (partition_by partition by (partition_by_what hash (skip_parens /__MAXWELL__/)))))) <EOF>)
[1] 23:43:28,680 DEBUG SchemaChange - SQL_PARSE <- "create table t3 (col1 time) engine='MYISAM'  partition by hash(second(col1))"
[1] 23:43:28,680 DEBUG SchemaChange - rewrote SQL to create table t3 (col1 time) engine='MYISAM'  partition by hash/__MAXWELL__/
[1] 23:43:28,680 DEBUG SchemaChange - SQL_PARSE <- "create table t3 (col1 time) engine='MYISAM'  partition by hash/__MAXWELL__/"
[1] 23:43:28,680 DEBUG SchemaChange - SQL_PARSE ->   (parse (statement (create_table (create_table_preamble create table (table_name (name (id t3)))) (create_specifications ( (create_specification (column_definition (name (id col1)) (data_type (generic_type time)))) )) (table_creation_option (creation_engine engine = (string_literal 'MYISAM'))) (table_creation_option (partition_by partition by (partition_by_what hash (skip_parens /__MAXWELL__/)))))) <EOF>)
[1] 23:43:28,680 DEBUG SchemaChange - SQL_PARSE <- "create table t3 (col1 time) engine='MYISAM'  partition by hash(time_to_sec(col1)-(time_to_sec(col1)-20))"
[1] 23:43:28,680 DEBUG SchemaChange - rewrote SQL to create table t3 (col1 time) engine='MYISAM'  partition by hash/__MAXWELL__/
[1] 23:43:28,680 DEBUG SchemaChange - SQL_PARSE <- "create table t3 (col1 time) engine='MYISAM'  partition by hash/__MAXWELL__/"
[1] 23:43:28,680 DEBUG SchemaChange - SQL_PARSE ->   (parse (statement (create_table (create_table_preamble create table (table_name (name (id t3)))) (create_specifications ( (create_specification (column_definition (name (id col1)) (data_type (generic_type time)))) )) (table_creation_option (creation_engine engine = (string_literal 'MYISAM'))) (table_creation_option (partition_by partition by (partition_by_what hash (skip_parens /__MAXWELL__/)))))) <EOF>)
[1] 23:43:28,680 DEBUG SchemaChange - SQL_PARSE <- "create table t3 (f1 date) partition by hash(month(f1)) partitions 3"
[1] 23:43:28,681 DEBUG SchemaChange - rewrote SQL to create table t3 (f1 date) partition by hash/__MAXWELL__/ partitions 3
[1] 23:43:28,681 DEBUG SchemaChange - SQL_PARSE <- "create table t3 (f1 date) partition by hash/__MAXWELL__/ partitions 3"
[1] 23:43:28,681 DEBUG SchemaChange - SQL_PARSE ->   (parse (statement (create_table (create_table_preamble create table (table_name (name (id t3)))) (create_specifications ( (create_specification (column_definition (name (id f1)) (data_type (generic_type date)))) )) (table_creation_option (partition_by partition by (partition_by_what hash (skip_parens /__MAXWELL__/)) (partition_count partitions 3))))) <EOF>)
[1] 23:43:28,681 DEBUG SchemaChange - SQL_PARSE <- "create table t4 (a bit(8), primary key (a)) engine='MyISAM'  partition by list (a) subpartition by key (a) subpartitions 2 ( partition pa1 values in (0,1,2,3), partition pa2 values in (4,5,6,7,8,9,10,11,12,13,14,15,16), partition pa3 values in (17,18,19,20,21,22,23,24,25,26,27,28,29,30,31,32))"
[1] 23:43:28,681 DEBUG SchemaChange - rewrote SQL to create table t4 (a bit(8), primary key (a)) engine='MyISAM'  partition by list /__MAXWELL__/ subpartition by key (a) subpartitions 2 ( partition pa1 values in (0,1,2,3), partition pa2 values in (4,5,6,7,8,9,10,11,12,13,14,15,16), partition pa3 values in (17,18,19,20,21,22,23,24,25,26,27,28,29,30,31,32))
[1] 23:43:28,681 DEBUG SchemaChange - SQL_PARSE <- "create table t4 (a bit(8), primary key (a)) engine='MyISAM'  partition by list /__MAXWELL__/ subpartition by key (a) subpartitions 2 ( partition pa1 values in (0,1,2,3), partition pa2 values in (4,5,6,7,8,9,10,11,12,13,14,15,16), partition pa3 values in (17,18,19,20,21,22,23,24,25,26,27,28,29,30,31,32))"
[1] 23:43:28,681 DEBUG SchemaChange - rewrote SQL to create table t4 (a bit(8), primary key (a)) engine='MyISAM'  partition by list /__MAXWELL__/ subpartition by key /__MAXWELL__/ subpartitions 2 ( partition pa1 values in (0,1,2,3), partition pa2 values in (4,5,6,7,8,9,10,11,12,13,14,15,16), partition pa3 values in (17,18,19,20,21,22,23,24,25,26,27,28,29,30,31,32))
[1] 23:43:28,681 DEBUG SchemaChange - SQL_PARSE <- "create table t4 (a bit(8), primary key (a)) engine='MyISAM'  partition by list /__MAXWELL__/ subpartition by key /__MAXWELL__/ subpartitions 2 ( partition pa1 values in (0,1,2,3), partition pa2 values in (4,5,6,7,8,9,10,11,12,13,14,15,16), partition pa3 values in (17,18,19,20,21,22,23,24,25,26,27,28,29,30,31,32))"
[1] 23:43:28,681 DEBUG SchemaChange - rewrote SQL to create table t4 (a bit(8), primary key (a)) engine='MyISAM'  partition by list /__MAXWELL__/ subpartition by key /__MAXWELL__/ subpartitions 2 ( /__MAXWELL__/
[1] 23:43:28,682 DEBUG SchemaChange - SQL_PARSE <- "create table t4 (a bit(8), primary key (a)) engine='MyISAM'  partition by list /__MAXWELL__/ subpartition by key /__MAXWELL__/ subpartitions 2 ( /__MAXWELL__/"
[1] 23:43:28,682 DEBUG SchemaChange - SQL_PARSE ->   (parse (statement (create_table (create_table_preamble create table (table_name (name (id t4)))) (create_specifications ( (create_specification (column_definition (name (id a)) (data_type (generic_type bit (length ( 8 )))))) , (create_specification (index_definition (index_type_pk primary key (index_column_list ( (index_columns (index_column (name (id a)))) ))))) )) (table_creation_option (creation_engine engine = (string_literal 'MyISAM'))) (table_creation_option (partition_by partition by (partition_by_what list (skip_parens /__MAXWELL__/)) (subpartition_by subpartition by (partition_by_what key (skip_parens /__MAXWELL__/)) subpartitions 2) (partition_definitions ( (skip_parens_inside_partition_definitions /__MAXWELL__/)))))) <EOF>)
[1] 23:43:28,682 DEBUG SchemaChange - SQL_PARSE <- "create table t4 (a date not null, primary key(a)) engine='MyISAM'  partition by list (month(a)) subpartition by key (a) subpartitions 3 ( partition quarter1 values in (1,2,3), partition quarter2 values in (4,5,6), partition quarter3 values in (7,8,9),  partition quarter4 values in (10,11,12) )"
[1] 23:43:28,682 DEBUG SchemaChange - rewrote SQL to create table t4 (a date not null, primary key(a)) engine='MyISAM'  partition by list /__MAXWELL__/ subpartition by key (a) subpartitions 3 ( partition quarter1 values in (1,2,3), partition quarter2 values in (4,5,6), partition quarter3 values in (7,8,9),  partition quarter4 values in (10,11,12) )
[1] 23:43:28,682 DEBUG SchemaChange - SQL_PARSE <- "create table t4 (a date not null, primary key(a)) engine='MyISAM'  partition by list /__MAXWELL__/ subpartition by key (a) subpartitions 3 ( partition quarter1 values in (1,2,3), partition quarter2 values in (4,5,6), partition quarter3 values in (7,8,9),  partition quarter4 values in (10,11,12) )"
[1] 23:43:28,682 DEBUG SchemaChange - rewrote SQL to create table t4 (a date not null, primary key(a)) engine='MyISAM'  partition by list /__MAXWELL__/ subpartition by key /__MAXWELL__/ subpartitions 3 ( partition quarter1 values in (1,2,3), partition quarter2 values in (4,5,6), partition quarter3 values in (7,8,9),  partition quarter4 values in (10,11,12) )
[1] 23:43:28,682 DEBUG SchemaChange - SQL_PARSE <- "create table t4 (a date not null, primary key(a)) engine='MyISAM'  partition by list /__MAXWELL__/ subpartition by key /__MAXWELL__/ subpartitions 3 ( partition quarter1 values in (1,2,3), partition quarter2 values in (4,5,6), partition quarter3 values in (7,8,9),  partition quarter4 values in (10,11,12) )"
[1] 23:43:28,682 DEBUG SchemaChange - rewrote SQL to create table t4 (a date not null, primary key(a)) engine='MyISAM'  partition by list /__MAXWELL__/ subpartition by key /__MAXWELL__/ subpartitions 3 ( /__MAXWELL__/
[1] 23:43:28,682 DEBUG SchemaChange - SQL_PARSE <- "create table t4 (a date not null, primary key(a)) engine='MyISAM'  partition by list /__MAXWELL__/ subpartition by key /__MAXWELL__/ subpartitions 3 ( /__MAXWELL__/"
[1] 23:43:28,683 DEBUG SchemaChange - SQL_PARSE ->   (parse (statement (create_table (create_table_preamble create table (table_name (name (id t4)))) (create_specifications ( (create_specification (column_definition (name (id a)) (data_type (generic_type date (column_options (nullability not null)))))) , (create_specification (index_definition (index_type_pk primary key (index_column_list ( (index_columns (index_column (name (id a)))) ))))) )) (table_creation_option (creation_engine engine = (string_literal 'MyISAM'))) (table_creation_option (partition_by partition by (partition_by_what list (skip_parens /__MAXWELL__/)) (subpartition_by subpartition by (partition_by_what key (skip_parens /__MAXWELL__/)) subpartitions 3) (partition_definitions ( (skip_parens_inside_partition_definitions /__MAXWELL__/)))))) <EOF>)
[1] 23:43:28,683 DEBUG SchemaChange - SQL_PARSE <- "create table t4 (a datetime not null, primary key(a)) engine='MyISAM'  partition by list (month(a)) subpartition by key (a) subpartitions 3 ( partition quarter1 values in (1,2,3), partition quarter2 values in (4,5,6), partition quarter3 values in (7,8,9),  partition quarter4 values in (10,11,12) )"
[1] 23:43:28,683 DEBUG SchemaChange - rewrote SQL to create table t4 (a datetime not null, primary key(a)) engine='MyISAM'  partition by list /__MAXWELL__/ subpartition by key (a) subpartitions 3 ( partition quarter1 values in (1,2,3), partition quarter2 values in (4,5,6), partition quarter3 values in (7,8,9),  partition quarter4 values in (10,11,12) )
[1] 23:43:28,683 DEBUG SchemaChange - SQL_PARSE <- "create table t4 (a datetime not null, primary key(a)) engine='MyISAM'  partition by list /__MAXWELL__/ subpartition by key (a) subpartitions 3 ( partition quarter1 values in (1,2,3), partition quarter2 values in (4,5,6), partition quarter3 values in (7,8,9),  partition quarter4 values in (10,11,12) )"
[1] 23:43:28,683 DEBUG SchemaChange - rewrote SQL to create table t4 (a datetime not null, primary key(a)) engine='MyISAM'  partition by list /__MAXWELL__/ subpartition by key /__MAXWELL__/ subpartitions 3 ( partition quarter1 values in (1,2,3), partition quarter2 values in (4,5,6), partition quarter3 values in (7,8,9),  partition quarter4 values in (10,11,12) )
[1] 23:43:28,683 DEBUG SchemaChange - SQL_PARSE <- "create table t4 (a datetime not null, primary key(a)) engine='MyISAM'  partition by list /__MAXWELL__/ subpartition by key /__MAXWELL__/ subpartitions 3 ( partition quarter1 values in (1,2,3), partition quarter2 values in (4,5,6), partition quarter3 values in (7,8,9),  partition quarter4 values in (10,11,12) )"
[1] 23:43:28,683 DEBUG SchemaChange - rewrote SQL to create table t4 (a datetime not null, primary key(a)) engine='MyISAM'  partition by list /__MAXWELL__/ subpartition by key /__MAXWELL__/ subpartitions 3 ( /__MAXWELL__/
[1] 23:43:28,683 DEBUG SchemaChange - SQL_PARSE <- "create table t4 (a datetime not null, primary key(a)) engine='MyISAM'  partition by list /__MAXWELL__/ subpartition by key /__MAXWELL__/ subpartitions 3 ( /__MAXWELL__/"
[1] 23:43:28,683 DEBUG SchemaChange - SQL_PARSE ->   (parse (statement (create_table (create_table_preamble create table (table_name (name (id t4)))) (create_specifications ( (create_specification (column_definition (name (id a)) (data_type (generic_type datetime (column_options (nullability not null)))))) , (create_specification (index_definition (index_type_pk primary key (index_column_list ( (index_columns (index_column (name (id a)))) ))))) )) (table_creation_option (creation_engine engine = (string_literal 'MyISAM'))) (table_creation_option (partition_by partition by (partition_by_what list (skip_parens /__MAXWELL__/)) (subpartition_by subpartition by (partition_by_what key (skip_parens /__MAXWELL__/)) subpartitions 3) (partition_definitions ( (skip_parens_inside_partition_definitions /__MAXWELL__/)))))) <EOF>)
[1] 23:43:28,683 DEBUG SchemaChange - SQL_PARSE <- "create table t4 (a int not null, b int not null) partition by LIST (a+b) ( partition p0 values in (12), partition p1 values in (14) )"
[1] 23:43:28,684 DEBUG SchemaChange - rewrote SQL to create table t4 (a int not null, b int not null) partition by LIST /__MAXWELL__/ ( partition p0 values in (12), partition p1 values in (14) )
[1] 23:43:28,684 DEBUG SchemaChange - SQL_PARSE <- "create table t4 (a int not null, b int not null) partition by LIST /__MAXWELL__/ ( partition p0 values in (12), partition p1 values in (14) )"
[1] 23:43:28,684 DEBUG SchemaChange - rewrote SQL to create table t4 (a int not null, b int not null) partition by LIST /__MAXWELL__/ ( /__MAXWELL__/
[1] 23:43:28,684 DEBUG SchemaChange - SQL_PARSE <- "create table t4 (a int not null, b int not null) partition by LIST /__MAXWELL__/ ( /__MAXWELL__/"
[1] 23:43:28,684 DEBUG SchemaChange - SQL_PARSE ->   (parse (statement (create_table (create_table_preamble create table (table_name (name (id t4)))) (create_specifications ( (create_specification (column_definition (name (id a)) (data_type (signed_type int (column_options (nullability not null)))))) , (create_specification (column_definition (name (id b)) (data_type (signed_type int (column_options (nullability not null)))))) )) (table_creation_option (partition_by partition by (partition_by_what LIST (skip_parens /__MAXWELL__/)) (partition_definitions ( (skip_parens_inside_partition_definitions /__MAXWELL__/)))))) <EOF>)
[1] 23:43:28,684 DEBUG SchemaChange - SQL_PARSE <- "create table t4 (a time not null, primary key(a)) engine='MyISAM'  partition by list (second(a)) subpartition by key (a) subpartitions 3 ( partition quarter1 values in (1,2,3,4,5,6,7,8,9,10,11,12,13,14,15), partition quarter2 values in (16,17,18,19,20,21,22,23,24,25,26,27,28,29,30), partition quarter3 values in (31,32,33,34,35,36,37,38,39,40,41,42,43,44,45),  partition quarter4 values in (46,47,48,49,50,51,52,53,54,55,56,57,58,59,60) )"
[1] 23:43:28,684 DEBUG SchemaChange - rewrote SQL to create table t4 (a time not null, primary key(a)) engine='MyISAM'  partition by list /__MAXWELL__/ subpartition by key (a) subpartitions 3 ( partition quarter1 values in (1,2,3,4,5,6,7,8,9,10,11,12,13,14,15), partition quarter2 values in (16,17,18,19,20,21,22,23,24,25,26,27,28,29,30), partition quarter3 values in (31,32,33,34,35,36,37,38,39,40,41,42,43,44,45),  partition quarter4 values in (46,47,48,49,50,51,52,53,54,55,56,57,58,59,60) )
[1] 23:43:28,684 DEBUG SchemaChange - SQL_PARSE <- "create table t4 (a time not null, primary key(a)) engine='MyISAM'  partition by list /__MAXWELL__/ subpartition by key (a) subpartitions 3 ( partition quarter1 values in (1,2,3,4,5,6,7,8,9,10,11,12,13,14,15), partition quarter2 values in (16,17,18,19,20,21,22,23,24,25,26,27,28,29,30), partition quarter3 values in (31,32,33,34,35,36,37,38,39,40,41,42,43,44,45),  partition quarter4 values in (46,47,48,49,50,51,52,53,54,55,56,57,58,59,60) )"
[1] 23:43:28,685 DEBUG SchemaChange - rewrote SQL to create table t4 (a time not null, primary key(a)) engine='MyISAM'  partition by list /__MAXWELL__/ subpartition by key /__MAXWELL__/ subpartitions 3 ( partition quarter1 values in (1,2,3,4,5,6,7,8,9,10,11,12,13,14,15), partition quarter2 values in (16,17,18,19,20,21,22,23,24,25,26,27,28,29,30), partition quarter3 values in (31,32,33,34,35,36,37,38,39,40,41,42,43,44,45),  partition quarter4 values in (46,47,48,49,50,51,52,53,54,55,56,57,58,59,60) )
[1] 23:43:28,685 DEBUG SchemaChange - SQL_PARSE <- "create table t4 (a time not null, primary key(a)) engine='MyISAM'  partition by list /__MAXWELL__/ subpartition by key /__MAXWELL__/ subpartitions 3 ( partition quarter1 values in (1,2,3,4,5,6,7,8,9,10,11,12,13,14,15), partition quarter2 values in (16,17,18,19,20,21,22,23,24,25,26,27,28,29,30), partition quarter3 values in (31,32,33,34,35,36,37,38,39,40,41,42,43,44,45),  partition quarter4 values in (46,47,48,49,50,51,52,53,54,55,56,57,58,59,60) )"
[1] 23:43:28,685 DEBUG SchemaChange - rewrote SQL to create table t4 (a time not null, primary key(a)) engine='MyISAM'  partition by list /__MAXWELL__/ subpartition by key /__MAXWELL__/ subpartitions 3 ( /__MAXWELL__/
[1] 23:43:28,685 DEBUG SchemaChange - SQL_PARSE <- "create table t4 (a time not null, primary key(a)) engine='MyISAM'  partition by list /__MAXWELL__/ subpartition by key /__MAXWELL__/ subpartitions 3 ( /__MAXWELL__/"
[1] 23:43:28,685 DEBUG SchemaChange - SQL_PARSE ->   (parse (statement (create_table (create_table_preamble create table (table_name (name (id t4)))) (create_specifications ( (create_specification (column_definition (name (id a)) (data_type (generic_type time (column_options (nullability not null)))))) , (create_specification (index_definition (index_type_pk primary key (index_column_list ( (index_columns (index_column (name (id a)))) ))))) )) (table_creation_option (creation_engine engine = (string_literal 'MyISAM'))) (table_creation_option (partition_by partition by (partition_by_what list (skip_parens /__MAXWELL__/)) (subpartition_by subpartition by (partition_by_what key (skip_parens /__MAXWELL__/)) subpartitions 3) (partition_definitions ( (skip_parens_inside_partition_definitions /__MAXWELL__/)))))) <EOF>)
[1] 23:43:28,685 DEBUG SchemaChange - SQL_PARSE <- "create table t4 (colint int, col1 date) engine='MYISAM'  partition by range(colint)  subpartition by hash(day(col1)) subpartitions 2  (partition p0 values less than (15), partition p1 values less than maxvalue)"
[1] 23:43:28,685 DEBUG SchemaChange - rewrote SQL to create table t4 (colint int, col1 date) engine='MYISAM'  partition by range/__MAXWELL__/  subpartition by hash(day(col1)) subpartitions 2  (partition p0 values less than (15), partition p1 values less than maxvalue)
[1] 23:43:28,685 DEBUG SchemaChange - SQL_PARSE <- "create table t4 (colint int, col1 date) engine='MYISAM'  partition by range/__MAXWELL__/  subpartition by hash(day(col1)) subpartitions 2  (partition p0 values less than (15), partition p1 values less than maxvalue)"
[1] 23:43:28,686 DEBUG SchemaChange - rewrote SQL to create table t4 (colint int, col1 date) engine='MYISAM'  partition by range/__MAXWELL__/  subpartition by hash/__MAXWELL__/ subpartitions 2  (partition p0 values less than (15), partition p1 values less than maxvalue)
[1] 23:43:28,686 DEBUG SchemaChange - SQL_PARSE <- "create table t4 (colint int, col1 date) engine='MYISAM'  partition by range/__MAXWELL__/  subpartition by hash/__MAXWELL__/ subpartitions 2  (partition p0 values less than (15), partition p1 values less than maxvalue)"
[1] 23:43:28,686 DEBUG SchemaChange - rewrote SQL to create table t4 (colint int, col1 date) engine='MYISAM'  partition by range/__MAXWELL__/  subpartition by hash/__MAXWELL__/ subpartitions 2  (/__MAXWELL__/
[1] 23:43:28,686 DEBUG SchemaChange - SQL_PARSE <- "create table t4 (colint int, col1 date) engine='MYISAM'  partition by range/__MAXWELL__/  subpartition by hash/__MAXWELL__/ subpartitions 2  (/__MAXWELL__/"
[1] 23:43:28,686 DEBUG SchemaChange - SQL_PARSE ->   (parse (statement (create_table (create_table_preamble create table (table_name (name (id t4)))) (create_specifications ( (create_specification (column_definition (name (id colint)) (data_type (signed_type int)))) , (create_specification (column_definition (name (id col1)) (data_type (generic_type date)))) )) (table_creation_option (creation_engine engine = (string_literal 'MYISAM'))) (table_creation_option (partition_by partition by (partition_by_what range (skip_parens /__MAXWELL__/)) (subpartition_by subpartition by (partition_by_what hash (skip_parens /__MAXWELL__/)) subpartitions 2) (partition_definitions ( (skip_parens_inside_partition_definitions /__MAXWELL__/)))))) <EOF>)
[1] 23:43:28,686 DEBUG SchemaChange - SQL_PARSE <- "create table t4 (colint int, col1 date) engine='MYISAM'  partition by range(colint)  subpartition by hash(dayofmonth(col1)) subpartitions 2  (partition p0 values less than (15), partition p1 values less than maxvalue)"
[1] 23:43:28,686 DEBUG SchemaChange - rewrote SQL to create table t4 (colint int, col1 date) engine='MYISAM'  partition by range/__MAXWELL__/  subpartition by hash(dayofmonth(col1)) subpartitions 2  (partition p0 values less than (15), partition p1 values less than maxvalue)
[1] 23:43:28,686 DEBUG SchemaChange - SQL_PARSE <- "create table t4 (colint int, col1 date) engine='MYISAM'  partition by range/__MAXWELL__/  subpartition by hash(dayofmonth(col1)) subpartitions 2  (partition p0 values less than (15), partition p1 values less than maxvalue)"
[1] 23:43:28,686 DEBUG SchemaChange - rewrote SQL to create table t4 (colint int, col1 date) engine='MYISAM'  partition by range/__MAXWELL__/  subpartition by hash/__MAXWELL__/ subpartitions 2  (partition p0 values less than (15), partition p1 values less than maxvalue)
[1] 23:43:28,686 DEBUG SchemaChange - SQL_PARSE <- "create table t4 (colint int, col1 date) engine='MYISAM'  partition by range/__MAXWELL__/  subpartition by hash/__MAXWELL__/ subpartitions 2  (partition p0 values less than (15), partition p1 values less than maxvalue)"
[1] 23:43:28,686 DEBUG SchemaChange - rewrote SQL to create table t4 (colint int, col1 date) engine='MYISAM'  partition by range/__MAXWELL__/  subpartition by hash/__MAXWELL__/ subpartitions 2  (/__MAXWELL__/
[1] 23:43:28,686 DEBUG SchemaChange - SQL_PARSE <- "create table t4 (colint int, col1 date) engine='MYISAM'  partition by range/__MAXWELL__/  subpartition by hash/__MAXWELL__/ subpartitions 2  (/__MAXWELL__/"
[1] 23:43:28,687 DEBUG SchemaChange - SQL_PARSE ->   (parse (statement (create_table (create_table_preamble create table (table_name (name (id t4)))) (create_specifications ( (create_specification (column_definition (name (id colint)) (data_type (signed_type int)))) , (create_specification (column_definition (name (id col1)) (data_type (generic_type date)))) )) (table_creation_option (creation_engine engine = (string_literal 'MYISAM'))) (table_creation_option (partition_by partition by (partition_by_what range (skip_parens /__MAXWELL__/)) (subpartition_by subpartition by (partition_by_what hash (skip_parens /__MAXWELL__/)) subpartitions 2) (partition_definitions ( (skip_parens_inside_partition_definitions /__MAXWELL__/)))))) <EOF>)
[1] 23:43:28,687 DEBUG SchemaChange - SQL_PARSE <- "create table t4 (colint int, col1 date) engine='MYISAM'  partition by range(colint)  subpartition by hash(dayofweek(col1)) subpartitions 2  (partition p0 values less than (15), partition p1 values less than maxvalue)"
[1] 23:43:28,687 DEBUG SchemaChange - rewrote SQL to create table t4 (colint int, col1 date) engine='MYISAM'  partition by range/__MAXWELL__/  subpartition by hash(dayofweek(col1)) subpartitions 2  (partition p0 values less than (15), partition p1 values less than maxvalue)
[1] 23:43:28,687 DEBUG SchemaChange - SQL_PARSE <- "create table t4 (colint int, col1 date) engine='MYISAM'  partition by range/__MAXWELL__/  subpartition by hash(dayofweek(col1)) subpartitions 2  (partition p0 values less than (15), partition p1 values less than maxvalue)"
[1] 23:43:28,687 DEBUG SchemaChange - rewrote SQL to create table t4 (colint int, col1 date) engine='MYISAM'  partition by range/__MAXWELL__/  subpartition by hash/__MAXWELL__/ subpartitions 2  (partition p0 values less than (15), partition p1 values less than maxvalue)
[1] 23:43:28,687 DEBUG SchemaChange - SQL_PARSE <- "create table t4 (colint int, col1 date) engine='MYISAM'  partition by range/__MAXWELL__/  subpartition by hash/__MAXWELL__/ subpartitions 2  (partition p0 values less than (15), partition p1 values less than maxvalue)"
[1] 23:43:28,687 DEBUG SchemaChange - rewrote SQL to create table t4 (colint int, col1 date) engine='MYISAM'  partition by range/__MAXWELL__/  subpartition by hash/__MAXWELL__/ subpartitions 2  (/__MAXWELL__/
[1] 23:43:28,687 DEBUG SchemaChange - SQL_PARSE <- "create table t4 (colint int, col1 date) engine='MYISAM'  partition by range/__MAXWELL__/  subpartition by hash/__MAXWELL__/ subpartitions 2  (/__MAXWELL__/"
[1] 23:43:28,687 DEBUG SchemaChange - SQL_PARSE ->   (parse (statement (create_table (create_table_preamble create table (table_name (name (id t4)))) (create_specifications ( (create_specification (column_definition (name (id colint)) (data_type (signed_type int)))) , (create_specification (column_definition (name (id col1)) (data_type (generic_type date)))) )) (table_creation_option (creation_engine engine = (string_literal 'MYISAM'))) (table_creation_option (partition_by partition by (partition_by_what range (skip_parens /__MAXWELL__/)) (subpartition_by subpartition by (partition_by_what hash (skip_parens /__MAXWELL__/)) subpartitions 2) (partition_definitions ( (skip_parens_inside_partition_definitions /__MAXWELL__/)))))) <EOF>)
[1] 23:43:28,687 DEBUG SchemaChange - SQL_PARSE <- "create table t4 (colint int, col1 date) engine='MYISAM'  partition by range(colint)  subpartition by hash(dayofyear(col1)) subpartitions 2  (partition p0 values less than (15), partition p1 values less than maxvalue)"
[1] 23:43:28,688 DEBUG SchemaChange - rewrote SQL to create table t4 (colint int, col1 date) engine='MYISAM'  partition by range/__MAXWELL__/  subpartition by hash(dayofyear(col1)) subpartitions 2  (partition p0 values less than (15), partition p1 values less than maxvalue)
[1] 23:43:28,688 DEBUG SchemaChange - SQL_PARSE <- "create table t4 (colint int, col1 date) engine='MYISAM'  partition by range/__MAXWELL__/  subpartition by hash(dayofyear(col1)) subpartitions 2  (partition p0 values less than (15), partition p1 values less than maxvalue)"
[1] 23:43:28,688 DEBUG SchemaChange - rewrote SQL to create table t4 (colint int, col1 date) engine='MYISAM'  partition by range/__MAXWELL__/  subpartition by hash/__MAXWELL__/ subpartitions 2  (partition p0 values less than (15), partition p1 values less than maxvalue)
[1] 23:43:28,688 DEBUG SchemaChange - SQL_PARSE <- "create table t4 (colint int, col1 date) engine='MYISAM'  partition by range/__MAXWELL__/  subpartition by hash/__MAXWELL__/ subpartitions 2  (partition p0 values less than (15), partition p1 values less than maxvalue)"
[1] 23:43:28,688 DEBUG SchemaChange - rewrote SQL to create table t4 (colint int, col1 date) engine='MYISAM'  partition by range/__MAXWELL__/  subpartition by hash/__MAXWELL__/ subpartitions 2  (/__MAXWELL__/
[1] 23:43:28,688 DEBUG SchemaChange - SQL_PARSE <- "create table t4 (colint int, col1 date) engine='MYISAM'  partition by range/__MAXWELL__/  subpartition by hash/__MAXWELL__/ subpartitions 2  (/__MAXWELL__/"
[1] 23:43:28,688 DEBUG SchemaChange - SQL_PARSE ->   (parse (statement (create_table (create_table_preamble create table (table_name (name (id t4)))) (create_specifications ( (create_specification (column_definition (name (id colint)) (data_type (signed_type int)))) , (create_specification (column_definition (name (id col1)) (data_type (generic_type date)))) )) (table_creation_option (creation_engine engine = (string_literal 'MYISAM'))) (table_creation_option (partition_by partition by (partition_by_what range (skip_parens /__MAXWELL__/)) (subpartition_by subpartition by (partition_by_what hash (skip_parens /__MAXWELL__/)) subpartitions 2) (partition_definitions ( (skip_parens_inside_partition_definitions /__MAXWELL__/)))))) <EOF>)
[1] 23:43:28,688 DEBUG SchemaChange - SQL_PARSE <- "create table t4 (colint int, col1 date) engine='MYISAM'  partition by range(colint)  subpartition by hash(extract(month from col1)) subpartitions 2  (partition p0 values less than (15), partition p1 values less than maxvalue)"
[1] 23:43:28,688 DEBUG SchemaChange - rewrote SQL to create table t4 (colint int, col1 date) engine='MYISAM'  partition by range/__MAXWELL__/  subpartition by hash(extract(month from col1)) subpartitions 2  (partition p0 values less than (15), partition p1 values less than maxvalue)
[1] 23:43:28,688 DEBUG SchemaChange - SQL_PARSE <- "create table t4 (colint int, col1 date) engine='MYISAM'  partition by range/__MAXWELL__/  subpartition by hash(extract(month from col1)) subpartitions 2  (partition p0 values less than (15), partition p1 values less than maxvalue)"
[1] 23:43:28,688 DEBUG SchemaChange - rewrote SQL to create table t4 (colint int, col1 date) engine='MYISAM'  partition by range/__MAXWELL__/  subpartition by hash/__MAXWELL__/ subpartitions 2  (partition p0 values less than (15), partition p1 values less than maxvalue)
[1] 23:43:28,688 DEBUG SchemaChange - SQL_PARSE <- "create table t4 (colint int, col1 date) engine='MYISAM'  partition by range/__MAXWELL__/  subpartition by hash/__MAXWELL__/ subpartitions 2  (partition p0 values less than (15), partition p1 values less than maxvalue)"
[1] 23:43:28,689 DEBUG SchemaChange - rewrote SQL to create table t4 (colint int, col1 date) engine='MYISAM'  partition by range/__MAXWELL__/  subpartition by hash/__MAXWELL__/ subpartitions 2  (/__MAXWELL__/
[1] 23:43:28,689 DEBUG SchemaChange - SQL_PARSE <- "create table t4 (colint int, col1 date) engine='MYISAM'  partition by range/__MAXWELL__/  subpartition by hash/__MAXWELL__/ subpartitions 2  (/__MAXWELL__/"
[1] 23:43:28,689 DEBUG SchemaChange - SQL_PARSE ->   (parse (statement (create_table (create_table_preamble create table (table_name (name (id t4)))) (create_specifications ( (create_specification (column_definition (name (id colint)) (data_type (signed_type int)))) , (create_specification (column_definition (name (id col1)) (data_type (generic_type date)))) )) (table_creation_option (creation_engine engine = (string_literal 'MYISAM'))) (table_creation_option (partition_by partition by (partition_by_what range (skip_parens /__MAXWELL__/)) (subpartition_by subpartition by (partition_by_what hash (skip_parens /__MAXWELL__/)) subpartitions 2) (partition_definitions ( (skip_parens_inside_partition_definitions /__MAXWELL__/)))))) <EOF>)
[1] 23:43:28,689 DEBUG SchemaChange - SQL_PARSE <- "create table t4 (colint int, col1 date) engine='MYISAM'  partition by range(colint)  subpartition by hash(month(col1)) subpartitions 2  (partition p0 values less than (15), partition p1 values less than maxvalue)"
[1] 23:43:28,689 DEBUG SchemaChange - rewrote SQL to create table t4 (colint int, col1 date) engine='MYISAM'  partition by range/__MAXWELL__/  subpartition by hash(month(col1)) subpartitions 2  (partition p0 values less than (15), partition p1 values less than maxvalue)
[1] 23:43:28,689 DEBUG SchemaChange - SQL_PARSE <- "create table t4 (colint int, col1 date) engine='MYISAM'  partition by range/__MAXWELL__/  subpartition by hash(month(col1)) subpartitions 2  (partition p0 values less than (15), partition p1 values less than maxvalue)"
[1] 23:43:28,689 DEBUG SchemaChange - rewrote SQL to create table t4 (colint int, col1 date) engine='MYISAM'  partition by range/__MAXWELL__/  subpartition by hash/__MAXWELL__/ subpartitions 2  (partition p0 values less than (15), partition p1 values less than maxvalue)
[1] 23:43:28,689 DEBUG SchemaChange - SQL_PARSE <- "create table t4 (colint int, col1 date) engine='MYISAM'  partition by range/__MAXWELL__/  subpartition by hash/__MAXWELL__/ subpartitions 2  (partition p0 values less than (15), partition p1 values less than maxvalue)"
[1] 23:43:28,689 DEBUG SchemaChange - rewrote SQL to create table t4 (colint int, col1 date) engine='MYISAM'  partition by range/__MAXWELL__/  subpartition by hash/__MAXWELL__/ subpartitions 2  (/__MAXWELL__/
[1] 23:43:28,689 DEBUG SchemaChange - SQL_PARSE <- "create table t4 (colint int, col1 date) engine='MYISAM'  partition by range/__MAXWELL__/  subpartition by hash/__MAXWELL__/ subpartitions 2  (/__MAXWELL__/"
[1] 23:43:28,690 DEBUG SchemaChange - SQL_PARSE ->   (parse (statement (create_table (create_table_preamble create table (table_name (name (id t4)))) (create_specifications ( (create_specification (column_definition (name (id colint)) (data_type (signed_type int)))) , (create_specification (column_definition (name (id col1)) (data_type (generic_type date)))) )) (table_creation_option (creation_engine engine = (string_literal 'MYISAM'))) (table_creation_option (partition_by partition by (partition_by_what range (skip_parens /__MAXWELL__/)) (subpartition_by subpartition by (partition_by_what hash (skip_parens /__MAXWELL__/)) subpartitions 2) (partition_definitions ( (skip_parens_inside_partition_definitions /__MAXWELL__/)))))) <EOF>)
[1] 23:43:28,690 DEBUG SchemaChange - SQL_PARSE <- "create table t4 (colint int, col1 date) engine='MYISAM'  partition by range(colint)  subpartition by hash(quarter(col1)) subpartitions 2  (partition p0 values less than (15), partition p1 values less than maxvalue)"
[1] 23:43:28,690 DEBUG SchemaChange - rewrote SQL to create table t4 (colint int, col1 date) engine='MYISAM'  partition by range/__MAXWELL__/  subpartition by hash(quarter(col1)) subpartitions 2  (partition p0 values less than (15), partition p1 values less than maxvalue)
[1] 23:43:28,690 DEBUG SchemaChange - SQL_PARSE <- "create table t4 (colint int, col1 date) engine='MYISAM'  partition by range/__MAXWELL__/  subpartition by hash(quarter(col1)) subpartitions 2  (partition p0 values less than (15), partition p1 values less than maxvalue)"
[1] 23:43:28,690 DEBUG SchemaChange - rewrote SQL to create table t4 (colint int, col1 date) engine='MYISAM'  partition by range/__MAXWELL__/  subpartition by hash/__MAXWELL__/ subpartitions 2  (partition p0 values less than (15), partition p1 values less than maxvalue)
[1] 23:43:28,690 DEBUG SchemaChange - SQL_PARSE <- "create table t4 (colint int, col1 date) engine='MYISAM'  partition by range/__MAXWELL__/  subpartition by hash/__MAXWELL__/ subpartitions 2  (partition p0 values less than (15), partition p1 values less than maxvalue)"
[1] 23:43:28,690 DEBUG SchemaChange - rewrote SQL to create table t4 (colint int, col1 date) engine='MYISAM'  partition by range/__MAXWELL__/  subpartition by hash/__MAXWELL__/ subpartitions 2  (/__MAXWELL__/
[1] 23:43:28,690 DEBUG SchemaChange - SQL_PARSE <- "create table t4 (colint int, col1 date) engine='MYISAM'  partition by range/__MAXWELL__/  subpartition by hash/__MAXWELL__/ subpartitions 2  (/__MAXWELL__/"
[1] 23:43:28,690 DEBUG SchemaChange - SQL_PARSE ->   (parse (statement (create_table (create_table_preamble create table (table_name (name (id t4)))) (create_specifications ( (create_specification (column_definition (name (id colint)) (data_type (signed_type int)))) , (create_specification (column_definition (name (id col1)) (data_type (generic_type date)))) )) (table_creation_option (creation_engine engine = (string_literal 'MYISAM'))) (table_creation_option (partition_by partition by (partition_by_what range (skip_parens /__MAXWELL__/)) (subpartition_by subpartition by (partition_by_what hash (skip_parens /__MAXWELL__/)) subpartitions 2) (partition_definitions ( (skip_parens_inside_partition_definitions /__MAXWELL__/)))))) <EOF>)
[1] 23:43:28,690 DEBUG SchemaChange - SQL_PARSE <- "create table t4 (colint int, col1 date) engine='MYISAM'  partition by range(colint)  subpartition by hash(weekday(col1)) subpartitions 2  (partition p0 values less than (15), partition p1 values less than maxvalue)"
[1] 23:43:28,690 DEBUG SchemaChange - rewrote SQL to create table t4 (colint int, col1 date) engine='MYISAM'  partition by range/__MAXWELL__/  subpartition by hash(weekday(col1)) subpartitions 2  (partition p0 values less than (15), partition p1 values less than maxvalue)
[1] 23:43:28,690 DEBUG SchemaChange - SQL_PARSE <- "create table t4 (colint int, col1 date) engine='MYISAM'  partition by range/__MAXWELL__/  subpartition by hash(weekday(col1)) subpartitions 2  (partition p0 values less than (15), partition p1 values less than maxvalue)"
[1] 23:43:28,691 DEBUG SchemaChange - rewrote SQL to create table t4 (colint int, col1 date) engine='MYISAM'  partition by range/__MAXWELL__/  subpartition by hash/__MAXWELL__/ subpartitions 2  (partition p0 values less than (15), partition p1 values less than maxvalue)
[1] 23:43:28,691 DEBUG SchemaChange - SQL_PARSE <- "create table t4 (colint int, col1 date) engine='MYISAM'  partition by range/__MAXWELL__/  subpartition by hash/__MAXWELL__/ subpartitions 2  (partition p0 values less than (15), partition p1 values less than maxvalue)"
[1] 23:43:28,691 DEBUG SchemaChange - rewrote SQL to create table t4 (colint int, col1 date) engine='MYISAM'  partition by range/__MAXWELL__/  subpartition by hash/__MAXWELL__/ subpartitions 2  (/__MAXWELL__/
[1] 23:43:28,691 DEBUG SchemaChange - SQL_PARSE <- "create table t4 (colint int, col1 date) engine='MYISAM'  partition by range/__MAXWELL__/  subpartition by hash/__MAXWELL__/ subpartitions 2  (/__MAXWELL__/"
[1] 23:43:28,691 DEBUG SchemaChange - SQL_PARSE ->   (parse (statement (create_table (create_table_preamble create table (table_name (name (id t4)))) (create_specifications ( (create_specification (column_definition (name (id colint)) (data_type (signed_type int)))) , (create_specification (column_definition (name (id col1)) (data_type (generic_type date)))) )) (table_creation_option (creation_engine engine = (string_literal 'MYISAM'))) (table_creation_option (partition_by partition by (partition_by_what range (skip_parens /__MAXWELL__/)) (subpartition_by subpartition by (partition_by_what hash (skip_parens /__MAXWELL__/)) subpartitions 2) (partition_definitions ( (skip_parens_inside_partition_definitions /__MAXWELL__/)))))) <EOF>)
[1] 23:43:28,691 DEBUG SchemaChange - SQL_PARSE <- "create table t4 (colint int, col1 date) engine='MYISAM'  partition by range(colint)  subpartition by hash(year(col1)-1990) subpartitions 2  (partition p0 values less than (15), partition p1 values less than maxvalue)"
[1] 23:43:28,691 DEBUG SchemaChange - rewrote SQL to create table t4 (colint int, col1 date) engine='MYISAM'  partition by range/__MAXWELL__/  subpartition by hash(year(col1)-1990) subpartitions 2  (partition p0 values less than (15), partition p1 values less than maxvalue)
[1] 23:43:28,691 DEBUG SchemaChange - SQL_PARSE <- "create table t4 (colint int, col1 date) engine='MYISAM'  partition by range/__MAXWELL__/  subpartition by hash(year(col1)-1990) subpartitions 2  (partition p0 values less than (15), partition p1 values less than maxvalue)"
[1] 23:43:28,691 DEBUG SchemaChange - rewrote SQL to create table t4 (colint int, col1 date) engine='MYISAM'  partition by range/__MAXWELL__/  subpartition by hash/__MAXWELL__/ subpartitions 2  (partition p0 values less than (15), partition p1 values less than maxvalue)
[1] 23:43:28,691 DEBUG SchemaChange - SQL_PARSE <- "create table t4 (colint int, col1 date) engine='MYISAM'  partition by range/__MAXWELL__/  subpartition by hash/__MAXWELL__/ subpartitions 2  (partition p0 values less than (15), partition p1 values less than maxvalue)"
[1] 23:43:28,692 DEBUG SchemaChange - rewrote SQL to create table t4 (colint int, col1 date) engine='MYISAM'  partition by range/__MAXWELL__/  subpartition by hash/__MAXWELL__/ subpartitions 2  (/__MAXWELL__/
[1] 23:43:28,692 DEBUG SchemaChange - SQL_PARSE <- "create table t4 (colint int, col1 date) engine='MYISAM'  partition by range/__MAXWELL__/  subpartition by hash/__MAXWELL__/ subpartitions 2  (/__MAXWELL__/"
[1] 23:43:28,692 DEBUG SchemaChange - SQL_PARSE ->   (parse (statement (create_table (create_table_preamble create table (table_name (name (id t4)))) (create_specifications ( (create_specification (column_definition (name (id colint)) (data_type (signed_type int)))) , (create_specification (column_definition (name (id col1)) (data_type (generic_type date)))) )) (table_creation_option (creation_engine engine = (string_literal 'MYISAM'))) (table_creation_option (partition_by partition by (partition_by_what range (skip_parens /__MAXWELL__/)) (subpartition_by subpartition by (partition_by_what hash (skip_parens /__MAXWELL__/)) subpartitions 2) (partition_definitions ( (skip_parens_inside_partition_definitions /__MAXWELL__/)))))) <EOF>)
[1] 23:43:28,692 DEBUG SchemaChange - SQL_PARSE <- "create table t4 (colint int, col1 date) engine='MYISAM'  partition by range(colint)  subpartition by hash(yearweek(col1)-200600) subpartitions 2  (partition p0 values less than (15), partition p1 values less than maxvalue)"
[1] 23:43:28,692 DEBUG SchemaChange - rewrote SQL to create table t4 (colint int, col1 date) engine='MYISAM'  partition by range/__MAXWELL__/  subpartition by hash(yearweek(col1)-200600) subpartitions 2  (partition p0 values less than (15), partition p1 values less than maxvalue)
[1] 23:43:28,692 DEBUG SchemaChange - SQL_PARSE <- "create table t4 (colint int, col1 date) engine='MYISAM'  partition by range/__MAXWELL__/  subpartition by hash(yearweek(col1)-200600) subpartitions 2  (partition p0 values less than (15), partition p1 values less than maxvalue)"
[1] 23:43:28,692 DEBUG SchemaChange - rewrote SQL to create table t4 (colint int, col1 date) engine='MYISAM'  partition by range/__MAXWELL__/  subpartition by hash/__MAXWELL__/ subpartitions 2  (partition p0 values less than (15), partition p1 values less than maxvalue)
[1] 23:43:28,692 DEBUG SchemaChange - SQL_PARSE <- "create table t4 (colint int, col1 date) engine='MYISAM'  partition by range/__MAXWELL__/  subpartition by hash/__MAXWELL__/ subpartitions 2  (partition p0 values less than (15), partition p1 values less than maxvalue)"
[1] 23:43:28,692 DEBUG SchemaChange - rewrote SQL to create table t4 (colint int, col1 date) engine='MYISAM'  partition by range/__MAXWELL__/  subpartition by hash/__MAXWELL__/ subpartitions 2  (/__MAXWELL__/
[1] 23:43:28,692 DEBUG SchemaChange - SQL_PARSE <- "create table t4 (colint int, col1 date) engine='MYISAM'  partition by range/__MAXWELL__/  subpartition by hash/__MAXWELL__/ subpartitions 2  (/__MAXWELL__/"
[1] 23:43:28,692 DEBUG SchemaChange - SQL_PARSE ->   (parse (statement (create_table (create_table_preamble create table (table_name (name (id t4)))) (create_specifications ( (create_specification (column_definition (name (id colint)) (data_type (signed_type int)))) , (create_specification (column_definition (name (id col1)) (data_type (generic_type date)))) )) (table_creation_option (creation_engine engine = (string_literal 'MYISAM'))) (table_creation_option (partition_by partition by (partition_by_what range (skip_parens /__MAXWELL__/)) (subpartition_by subpartition by (partition_by_what hash (skip_parens /__MAXWELL__/)) subpartitions 2) (partition_definitions ( (skip_parens_inside_partition_definitions /__MAXWELL__/)))))) <EOF>)
[1] 23:43:28,693 DEBUG SchemaChange - SQL_PARSE <- "create table t4 (colint int, col1 int) engine='MYISAM'  partition by range(colint)  subpartition by hash(abs(col1)) subpartitions 2  (partition p0 values less than (15), partition p1 values less than maxvalue)"
[1] 23:43:28,693 DEBUG SchemaChange - rewrote SQL to create table t4 (colint int, col1 int) engine='MYISAM'  partition by range/__MAXWELL__/  subpartition by hash(abs(col1)) subpartitions 2  (partition p0 values less than (15), partition p1 values less than maxvalue)
[1] 23:43:28,693 DEBUG SchemaChange - SQL_PARSE <- "create table t4 (colint int, col1 int) engine='MYISAM'  partition by range/__MAXWELL__/  subpartition by hash(abs(col1)) subpartitions 2  (partition p0 values less than (15), partition p1 values less than maxvalue)"
[1] 23:43:28,693 DEBUG SchemaChange - rewrote SQL to create table t4 (colint int, col1 int) engine='MYISAM'  partition by range/__MAXWELL__/  subpartition by hash/__MAXWELL__/ subpartitions 2  (partition p0 values less than (15), partition p1 values less than maxvalue)
[1] 23:43:28,693 DEBUG SchemaChange - SQL_PARSE <- "create table t4 (colint int, col1 int) engine='MYISAM'  partition by range/__MAXWELL__/  subpartition by hash/__MAXWELL__/ subpartitions 2  (partition p0 values less than (15), partition p1 values less than maxvalue)"
[1] 23:43:28,693 DEBUG SchemaChange - rewrote SQL to create table t4 (colint int, col1 int) engine='MYISAM'  partition by range/__MAXWELL__/  subpartition by hash/__MAXWELL__/ subpartitions 2  (/__MAXWELL__/
[1] 23:43:28,693 DEBUG SchemaChange - SQL_PARSE <- "create table t4 (colint int, col1 int) engine='MYISAM'  partition by range/__MAXWELL__/  subpartition by hash/__MAXWELL__/ subpartitions 2  (/__MAXWELL__/"
[1] 23:43:28,693 DEBUG SchemaChange - SQL_PARSE ->   (parse (statement (create_table (create_table_preamble create table (table_name (name (id t4)))) (create_specifications ( (create_specification (column_definition (name (id colint)) (data_type (signed_type int)))) , (create_specification (column_definition (name (id col1)) (data_type (signed_type int)))) )) (table_creation_option (creation_engine engine = (string_literal 'MYISAM'))) (table_creation_option (partition_by partition by (partition_by_what range (skip_parens /__MAXWELL__/)) (subpartition_by subpartition by (partition_by_what hash (skip_parens /__MAXWELL__/)) subpartitions 2) (partition_definitions ( (skip_parens_inside_partition_definitions /__MAXWELL__/)))))) <EOF>)
[1] 23:43:28,693 DEBUG SchemaChange - SQL_PARSE <- "create table t4 (colint int, col1 int) engine='MYISAM'  partition by range(colint)  subpartition by hash(mod(col1,10)) subpartitions 2  (partition p0 values less than (15), partition p1 values less than maxvalue)"
[1] 23:43:28,693 DEBUG SchemaChange - rewrote SQL to create table t4 (colint int, col1 int) engine='MYISAM'  partition by range/__MAXWELL__/  subpartition by hash(mod(col1,10)) subpartitions 2  (partition p0 values less than (15), partition p1 values less than maxvalue)
[1] 23:43:28,693 DEBUG SchemaChange - SQL_PARSE <- "create table t4 (colint int, col1 int) engine='MYISAM'  partition by range/__MAXWELL__/  subpartition by hash(mod(col1,10)) subpartitions 2  (partition p0 values less than (15), partition p1 values less than maxvalue)"
[1] 23:43:28,694 DEBUG SchemaChange - rewrote SQL to create table t4 (colint int, col1 int) engine='MYISAM'  partition by range/__MAXWELL__/  subpartition by hash/__MAXWELL__/ subpartitions 2  (partition p0 values less than (15), partition p1 values less than maxvalue)
[1] 23:43:28,694 DEBUG SchemaChange - SQL_PARSE <- "create table t4 (colint int, col1 int) engine='MYISAM'  partition by range/__MAXWELL__/  subpartition by hash/__MAXWELL__/ subpartitions 2  (partition p0 values less than (15), partition p1 values less than maxvalue)"
[1] 23:43:28,694 DEBUG SchemaChange - rewrote SQL to create table t4 (colint int, col1 int) engine='MYISAM'  partition by range/__MAXWELL__/  subpartition by hash/__MAXWELL__/ subpartitions 2  (/__MAXWELL__/
[1] 23:43:28,694 DEBUG SchemaChange - SQL_PARSE <- "create table t4 (colint int, col1 int) engine='MYISAM'  partition by range/__MAXWELL__/  subpartition by hash/__MAXWELL__/ subpartitions 2  (/__MAXWELL__/"
[1] 23:43:28,694 DEBUG SchemaChange - SQL_PARSE ->   (parse (statement (create_table (create_table_preamble create table (table_name (name (id t4)))) (create_specifications ( (create_specification (column_definition (name (id colint)) (data_type (signed_type int)))) , (create_specification (column_definition (name (id col1)) (data_type (signed_type int)))) )) (table_creation_option (creation_engine engine = (string_literal 'MYISAM'))) (table_creation_option (partition_by partition by (partition_by_what range (skip_parens /__MAXWELL__/)) (subpartition_by subpartition by (partition_by_what hash (skip_parens /__MAXWELL__/)) subpartitions 2) (partition_definitions ( (skip_parens_inside_partition_definitions /__MAXWELL__/)))))) <EOF>)
[1] 23:43:28,694 DEBUG SchemaChange - SQL_PARSE <- "create table t4 (colint int, col1 time) engine='MYISAM'  partition by range(colint)  subpartition by hash(hour(col1)) subpartitions 2  (partition p0 values less than (15), partition p1 values less than maxvalue)"
[1] 23:43:28,694 DEBUG SchemaChange - rewrote SQL to create table t4 (colint int, col1 time) engine='MYISAM'  partition by range/__MAXWELL__/  subpartition by hash(hour(col1)) subpartitions 2  (partition p0 values less than (15), partition p1 values less than maxvalue)
[1] 23:43:28,694 DEBUG SchemaChange - SQL_PARSE <- "create table t4 (colint int, col1 time) engine='MYISAM'  partition by range/__MAXWELL__/  subpartition by hash(hour(col1)) subpartitions 2  (partition p0 values less than (15), partition p1 values less than maxvalue)"
[1] 23:43:28,694 DEBUG SchemaChange - rewrote SQL to create table t4 (colint int, col1 time) engine='MYISAM'  partition by range/__MAXWELL__/  subpartition by hash/__MAXWELL__/ subpartitions 2  (partition p0 values less than (15), partition p1 values less than maxvalue)
[1] 23:43:28,694 DEBUG SchemaChange - SQL_PARSE <- "create table t4 (colint int, col1 time) engine='MYISAM'  partition by range/__MAXWELL__/  subpartition by hash/__MAXWELL__/ subpartitions 2  (partition p0 values less than (15), partition p1 values less than maxvalue)"
[1] 23:43:28,694 DEBUG SchemaChange - rewrote SQL to create table t4 (colint int, col1 time) engine='MYISAM'  partition by range/__MAXWELL__/  subpartition by hash/__MAXWELL__/ subpartitions 2  (/__MAXWELL__/
[1] 23:43:28,694 DEBUG SchemaChange - SQL_PARSE <- "create table t4 (colint int, col1 time) engine='MYISAM'  partition by range/__MAXWELL__/  subpartition by hash/__MAXWELL__/ subpartitions 2  (/__MAXWELL__/"
[1] 23:43:28,695 DEBUG SchemaChange - SQL_PARSE ->   (parse (statement (create_table (create_table_preamble create table (table_name (name (id t4)))) (create_specifications ( (create_specification (column_definition (name (id colint)) (data_type (signed_type int)))) , (create_specification (column_definition (name (id col1)) (data_type (generic_type time)))) )) (table_creation_option (creation_engine engine = (string_literal 'MYISAM'))) (table_creation_option (partition_by partition by (partition_by_what range (skip_parens /__MAXWELL__/)) (subpartition_by subpartition by (partition_by_what hash (skip_parens /__MAXWELL__/)) subpartitions 2) (partition_definitions ( (skip_parens_inside_partition_definitions /__MAXWELL__/)))))) <EOF>)
[1] 23:43:28,695 DEBUG SchemaChange - SQL_PARSE <- "create table t4 (colint int, col1 time) engine='MYISAM'  partition by range(colint)  subpartition by hash(microsecond(col1)) subpartitions 2  (partition p0 values less than (15), partition p1 values less than maxvalue)"
[1] 23:43:28,695 DEBUG SchemaChange - rewrote SQL to create table t4 (colint int, col1 time) engine='MYISAM'  partition by range/__MAXWELL__/  subpartition by hash(microsecond(col1)) subpartitions 2  (partition p0 values less than (15), partition p1 values less than maxvalue)
[1] 23:43:28,695 DEBUG SchemaChange - SQL_PARSE <- "create table t4 (colint int, col1 time) engine='MYISAM'  partition by range/__MAXWELL__/  subpartition by hash(microsecond(col1)) subpartitions 2  (partition p0 values less than (15), partition p1 values less than maxvalue)"
[1] 23:43:28,695 DEBUG SchemaChange - rewrote SQL to create table t4 (colint int, col1 time) engine='MYISAM'  partition by range/__MAXWELL__/  subpartition by hash/__MAXWELL__/ subpartitions 2  (partition p0 values less than (15), partition p1 values less than maxvalue)
[1] 23:43:28,695 DEBUG SchemaChange - SQL_PARSE <- "create table t4 (colint int, col1 time) engine='MYISAM'  partition by range/__MAXWELL__/  subpartition by hash/__MAXWELL__/ subpartitions 2  (partition p0 values less than (15), partition p1 values less than maxvalue)"
[1] 23:43:28,695 DEBUG SchemaChange - rewrote SQL to create table t4 (colint int, col1 time) engine='MYISAM'  partition by range/__MAXWELL__/  subpartition by hash/__MAXWELL__/ subpartitions 2  (/__MAXWELL__/
[1] 23:43:28,695 DEBUG SchemaChange - SQL_PARSE <- "create table t4 (colint int, col1 time) engine='MYISAM'  partition by range/__MAXWELL__/  subpartition by hash/__MAXWELL__/ subpartitions 2  (/__MAXWELL__/"
[1] 23:43:28,695 DEBUG SchemaChange - SQL_PARSE ->   (parse (statement (create_table (create_table_preamble create table (table_name (name (id t4)))) (create_specifications ( (create_specification (column_definition (name (id colint)) (data_type (signed_type int)))) , (create_specification (column_definition (name (id col1)) (data_type (generic_type time)))) )) (table_creation_option (creation_engine engine = (string_literal 'MYISAM'))) (table_creation_option (partition_by partition by (partition_by_what range (skip_parens /__MAXWELL__/)) (subpartition_by subpartition by (partition_by_what hash (skip_parens /__MAXWELL__/)) subpartitions 2) (partition_definitions ( (skip_parens_inside_partition_definitions /__MAXWELL__/)))))) <EOF>)
[1] 23:43:28,695 DEBUG SchemaChange - SQL_PARSE <- "create table t4 (colint int, col1 time) engine='MYISAM'  partition by range(colint)  subpartition by hash(minute(col1)) subpartitions 2  (partition p0 values less than (15), partition p1 values less than maxvalue)"
[1] 23:43:28,695 DEBUG SchemaChange - rewrote SQL to create table t4 (colint int, col1 time) engine='MYISAM'  partition by range/__MAXWELL__/  subpartition by hash(minute(col1)) subpartitions 2  (partition p0 values less than (15), partition p1 values less than maxvalue)
[1] 23:43:28,695 DEBUG SchemaChange - SQL_PARSE <- "create table t4 (colint int, col1 time) engine='MYISAM'  partition by range/__MAXWELL__/  subpartition by hash(minute(col1)) subpartitions 2  (partition p0 values less than (15), partition p1 values less than maxvalue)"
[1] 23:43:28,696 DEBUG SchemaChange - rewrote SQL to create table t4 (colint int, col1 time) engine='MYISAM'  partition by range/__MAXWELL__/  subpartition by hash/__MAXWELL__/ subpartitions 2  (partition p0 values less than (15), partition p1 values less than maxvalue)
[1] 23:43:28,696 DEBUG SchemaChange - SQL_PARSE <- "create table t4 (colint int, col1 time) engine='MYISAM'  partition by range/__MAXWELL__/  subpartition by hash/__MAXWELL__/ subpartitions 2  (partition p0 values less than (15), partition p1 values less than maxvalue)"
[1] 23:43:28,696 DEBUG SchemaChange - rewrote SQL to create table t4 (colint int, col1 time) engine='MYISAM'  partition by range/__MAXWELL__/  subpartition by hash/__MAXWELL__/ subpartitions 2  (/__MAXWELL__/
[1] 23:43:28,696 DEBUG SchemaChange - SQL_PARSE <- "create table t4 (colint int, col1 time) engine='MYISAM'  partition by range/__MAXWELL__/  subpartition by hash/__MAXWELL__/ subpartitions 2  (/__MAXWELL__/"
[1] 23:43:28,696 DEBUG SchemaChange - SQL_PARSE ->   (parse (statement (create_table (create_table_preamble create table (table_name (name (id t4)))) (create_specifications ( (create_specification (column_definition (name (id colint)) (data_type (signed_type int)))) , (create_specification (column_definition (name (id col1)) (data_type (generic_type time)))) )) (table_creation_option (creation_engine engine = (string_literal 'MYISAM'))) (table_creation_option (partition_by partition by (partition_by_what range (skip_parens /__MAXWELL__/)) (subpartition_by subpartition by (partition_by_what hash (skip_parens /__MAXWELL__/)) subpartitions 2) (partition_definitions ( (skip_parens_inside_partition_definitions /__MAXWELL__/)))))) <EOF>)
[1] 23:43:28,696 DEBUG SchemaChange - SQL_PARSE <- "create table t4 (colint int, col1 time) engine='MYISAM'  partition by range(colint)  subpartition by hash(second(col1)) subpartitions 2  (partition p0 values less than (15), partition p1 values less than maxvalue)"
[1] 23:43:28,696 DEBUG SchemaChange - rewrote SQL to create table t4 (colint int, col1 time) engine='MYISAM'  partition by range/__MAXWELL__/  subpartition by hash(second(col1)) subpartitions 2  (partition p0 values less than (15), partition p1 values less than maxvalue)
[1] 23:43:28,696 DEBUG SchemaChange - SQL_PARSE <- "create table t4 (colint int, col1 time) engine='MYISAM'  partition by range/__MAXWELL__/  subpartition by hash(second(col1)) subpartitions 2  (partition p0 values less than (15), partition p1 values less than maxvalue)"
[1] 23:43:28,696 DEBUG SchemaChange - rewrote SQL to create table t4 (colint int, col1 time) engine='MYISAM'  partition by range/__MAXWELL__/  subpartition by hash/__MAXWELL__/ subpartitions 2  (partition p0 values less than (15), partition p1 values less than maxvalue)
[1] 23:43:28,696 DEBUG SchemaChange - SQL_PARSE <- "create table t4 (colint int, col1 time) engine='MYISAM'  partition by range/__MAXWELL__/  subpartition by hash/__MAXWELL__/ subpartitions 2  (partition p0 values less than (15), partition p1 values less than maxvalue)"
[1] 23:43:28,697 DEBUG SchemaChange - rewrote SQL to create table t4 (colint int, col1 time) engine='MYISAM'  partition by range/__MAXWELL__/  subpartition by hash/__MAXWELL__/ subpartitions 2  (/__MAXWELL__/
[1] 23:43:28,697 DEBUG SchemaChange - SQL_PARSE <- "create table t4 (colint int, col1 time) engine='MYISAM'  partition by range/__MAXWELL__/  subpartition by hash/__MAXWELL__/ subpartitions 2  (/__MAXWELL__/"
[1] 23:43:28,697 DEBUG SchemaChange - SQL_PARSE ->   (parse (statement (create_table (create_table_preamble create table (table_name (name (id t4)))) (create_specifications ( (create_specification (column_definition (name (id colint)) (data_type (signed_type int)))) , (create_specification (column_definition (name (id col1)) (data_type (generic_type time)))) )) (table_creation_option (creation_engine engine = (string_literal 'MYISAM'))) (table_creation_option (partition_by partition by (partition_by_what range (skip_parens /__MAXWELL__/)) (subpartition_by subpartition by (partition_by_what hash (skip_parens /__MAXWELL__/)) subpartitions 2) (partition_definitions ( (skip_parens_inside_partition_definitions /__MAXWELL__/)))))) <EOF>)
[1] 23:43:28,697 DEBUG SchemaChange - SQL_PARSE <- "create table t4 (colint int, col1 time) engine='MYISAM'  partition by range(colint)  subpartition by hash(time_to_sec(col1)-(time_to_sec(col1)-20)) subpartitions 2  (partition p0 values less than (15), partition p1 values less than maxvalue)"
[1] 23:43:28,697 DEBUG SchemaChange - rewrote SQL to create table t4 (colint int, col1 time) engine='MYISAM'  partition by range/__MAXWELL__/  subpartition by hash(time_to_sec(col1)-(time_to_sec(col1)-20)) subpartitions 2  (partition p0 values less than (15), partition p1 values less than maxvalue)
[1] 23:43:28,697 DEBUG SchemaChange - SQL_PARSE <- "create table t4 (colint int, col1 time) engine='MYISAM'  partition by range/__MAXWELL__/  subpartition by hash(time_to_sec(col1)-(time_to_sec(col1)-20)) subpartitions 2  (partition p0 values less than (15), partition p1 values less than maxvalue)"
[1] 23:43:28,697 DEBUG SchemaChange - rewrote SQL to create table t4 (colint int, col1 time) engine='MYISAM'  partition by range/__MAXWELL__/  subpartition by hash/__MAXWELL__/ subpartitions 2  (partition p0 values less than (15), partition p1 values less than maxvalue)
[1] 23:43:28,697 DEBUG SchemaChange - SQL_PARSE <- "create table t4 (colint int, col1 time) engine='MYISAM'  partition by range/__MAXWELL__/  subpartition by hash/__MAXWELL__/ subpartitions 2  (partition p0 values less than (15), partition p1 values less than maxvalue)"
[1] 23:43:28,697 DEBUG SchemaChange - rewrote SQL to create table t4 (colint int, col1 time) engine='MYISAM'  partition by range/__MAXWELL__/  subpartition by hash/__MAXWELL__/ subpartitions 2  (/__MAXWELL__/
[1] 23:43:28,697 DEBUG SchemaChange - SQL_PARSE <- "create table t4 (colint int, col1 time) engine='MYISAM'  partition by range/__MAXWELL__/  subpartition by hash/__MAXWELL__/ subpartitions 2  (/__MAXWELL__/"
[1] 23:43:28,697 DEBUG SchemaChange - SQL_PARSE ->   (parse (statement (create_table (create_table_preamble create table (table_name (name (id t4)))) (create_specifications ( (create_specification (column_definition (name (id colint)) (data_type (signed_type int)))) , (create_specification (column_definition (name (id col1)) (data_type (generic_type time)))) )) (table_creation_option (creation_engine engine = (string_literal 'MYISAM'))) (table_creation_option (partition_by partition by (partition_by_what range (skip_parens /__MAXWELL__/)) (subpartition_by subpartition by (partition_by_what hash (skip_parens /__MAXWELL__/)) subpartitions 2) (partition_definitions ( (skip_parens_inside_partition_definitions /__MAXWELL__/)))))) <EOF>)
[1] 23:43:28,697 DEBUG SchemaChange - SQL_PARSE <- "create table t4 (f1 date, f2 int) partition by key(f1,f2) partitions 3"
[1] 23:43:28,698 DEBUG SchemaChange - rewrote SQL to create table t4 (f1 date, f2 int) partition by key/__MAXWELL__/ partitions 3
[1] 23:43:28,698 DEBUG SchemaChange - SQL_PARSE <- "create table t4 (f1 date, f2 int) partition by key/__MAXWELL__/ partitions 3"
[1] 23:43:28,698 DEBUG SchemaChange - SQL_PARSE ->   (parse (statement (create_table (create_table_preamble create table (table_name (name (id t4)))) (create_specifications ( (create_specification (column_definition (name (id f1)) (data_type (generic_type date)))) , (create_specification (column_definition (name (id f2)) (data_type (signed_type int)))) )) (table_creation_option (partition_by partition by (partition_by_what key (skip_parens /__MAXWELL__/)) (partition_count partitions 3))))) <EOF>)
[1] 23:43:28,698 DEBUG SchemaChange - SQL_PARSE <- "create table t5 (a int not null, b int not null,  c int not null, d int not null)  partition by LIST(a+b) subpartition by HASH (c+d) subpartitions 2 ( partition p0 values in (12), partition p1 values in (14) )"
[1] 23:43:28,698 DEBUG SchemaChange - rewrote SQL to create table t5 (a int not null, b int not null,  c int not null, d int not null)  partition by LIST/__MAXWELL__/ subpartition by HASH (c+d) subpartitions 2 ( partition p0 values in (12), partition p1 values in (14) )
[1] 23:43:28,698 DEBUG SchemaChange - SQL_PARSE <- "create table t5 (a int not null, b int not null,  c int not null, d int not null)  partition by LIST/__MAXWELL__/ subpartition by HASH (c+d) subpartitions 2 ( partition p0 values in (12), partition p1 values in (14) )"
[1] 23:43:28,698 DEBUG SchemaChange - rewrote SQL to create table t5 (a int not null, b int not null,  c int not null, d int not null)  partition by LIST/__MAXWELL__/ subpartition by HASH /__MAXWELL__/ subpartitions 2 ( partition p0 values in (12), partition p1 values in (14) )
[1] 23:43:28,698 DEBUG SchemaChange - SQL_PARSE <- "create table t5 (a int not null, b int not null,  c int not null, d int not null)  partition by LIST/__MAXWELL__/ subpartition by HASH /__MAXWELL__/ subpartitions 2 ( partition p0 values in (12), partition p1 values in (14) )"
[1] 23:43:28,699 DEBUG SchemaChange - rewrote SQL to create table t5 (a int not null, b int not null,  c int not null, d int not null)  partition by LIST/__MAXWELL__/ subpartition by HASH /__MAXWELL__/ subpartitions 2 ( /__MAXWELL__/
[1] 23:43:28,699 DEBUG SchemaChange - SQL_PARSE <- "create table t5 (a int not null, b int not null,  c int not null, d int not null)  partition by LIST/__MAXWELL__/ subpartition by HASH /__MAXWELL__/ subpartitions 2 ( /__MAXWELL__/"
[1] 23:43:28,699 DEBUG SchemaChange - SQL_PARSE ->   (parse (statement (create_table (create_table_preamble create table (table_name (name (id t5)))) (create_specifications ( (create_specification (column_definition (name (id a)) (data_type (signed_type int (column_options (nullability not null)))))) , (create_specification (column_definition (name (id b)) (data_type (signed_type int (column_options (nullability not null)))))) , (create_specification (column_definition (name (id c)) (data_type (signed_type int (column_options (nullability not null)))))) , (create_specification (column_definition (name (id d)) (data_type (signed_type int (column_options (nullability not null)))))) )) (table_creation_option (partition_by partition by (partition_by_what LIST (skip_parens /__MAXWELL__/)) (subpartition_by subpartition by (partition_by_what HASH (skip_parens /__MAXWELL__/)) subpartitions 2) (partition_definitions ( (skip_parens_inside_partition_definitions /__MAXWELL__/)))))) <EOF>)
[1] 23:43:28,699 DEBUG SchemaChange - SQL_PARSE <- "create table t5 (colint int, col1 date) engine='MYISAM'  partition by list(colint) subpartition by hash(day(col1)) subpartitions 2  (partition p0 values in (1,2,3,4,5,6,7,8,9,10), partition p1 values in (11,12,13,14,15,16,17,18,19,20), partition p2 values in (21,22,23,24,25,26,27,28,29,30), partition p3 values in (31,32,33,34,35,36,37,38,39,40), partition p4 values in (41,42,43,44,45,46,47,48,49,50), partition p5 values in (51,52,53,54,55,56,57,58,59,60) )"
[1] 23:43:28,699 DEBUG SchemaChange - rewrote SQL to create table t5 (colint int, col1 date) engine='MYISAM'  partition by list/__MAXWELL__/ subpartition by hash(day(col1)) subpartitions 2  (partition p0 values in (1,2,3,4,5,6,7,8,9,10), partition p1 values in (11,12,13,14,15,16,17,18,19,20), partition p2 values in (21,22,23,24,25,26,27,28,29,30), partition p3 values in (31,32,33,34,35,36,37,38,39,40), partition p4 values in (41,42,43,44,45,46,47,48,49,50), partition p5 values in (51,52,53,54,55,56,57,58,59,60) )
[1] 23:43:28,699 DEBUG SchemaChange - SQL_PARSE <- "create table t5 (colint int, col1 date) engine='MYISAM'  partition by list/__MAXWELL__/ subpartition by hash(day(col1)) subpartitions 2  (partition p0 values in (1,2,3,4,5,6,7,8,9,10), partition p1 values in (11,12,13,14,15,16,17,18,19,20), partition p2 values in (21,22,23,24,25,26,27,28,29,30), partition p3 values in (31,32,33,34,35,36,37,38,39,40), partition p4 values in (41,42,43,44,45,46,47,48,49,50), partition p5 values in (51,52,53,54,55,56,57,58,59,60) )"
[1] 23:43:28,700 DEBUG SchemaChange - rewrote SQL to create table t5 (colint int, col1 date) engine='MYISAM'  partition by list/__MAXWELL__/ subpartition by hash/__MAXWELL__/ subpartitions 2  (partition p0 values in (1,2,3,4,5,6,7,8,9,10), partition p1 values in (11,12,13,14,15,16,17,18,19,20), partition p2 values in (21,22,23,24,25,26,27,28,29,30), partition p3 values in (31,32,33,34,35,36,37,38,39,40), partition p4 values in (41,42,43,44,45,46,47,48,49,50), partition p5 values in (51,52,53,54,55,56,57,58,59,60) )
[1] 23:43:28,700 DEBUG SchemaChange - SQL_PARSE <- "create table t5 (colint int, col1 date) engine='MYISAM'  partition by list/__MAXWELL__/ subpartition by hash/__MAXWELL__/ subpartitions 2  (partition p0 values in (1,2,3,4,5,6,7,8,9,10), partition p1 values in (11,12,13,14,15,16,17,18,19,20), partition p2 values in (21,22,23,24,25,26,27,28,29,30), partition p3 values in (31,32,33,34,35,36,37,38,39,40), partition p4 values in (41,42,43,44,45,46,47,48,49,50), partition p5 values in (51,52,53,54,55,56,57,58,59,60) )"
[1] 23:43:28,700 DEBUG SchemaChange - rewrote SQL to create table t5 (colint int, col1 date) engine='MYISAM'  partition by list/__MAXWELL__/ subpartition by hash/__MAXWELL__/ subpartitions 2  (/__MAXWELL__/
[1] 23:43:28,700 DEBUG SchemaChange - SQL_PARSE <- "create table t5 (colint int, col1 date) engine='MYISAM'  partition by list/__MAXWELL__/ subpartition by hash/__MAXWELL__/ subpartitions 2  (/__MAXWELL__/"
[1] 23:43:28,700 DEBUG SchemaChange - SQL_PARSE ->   (parse (statement (create_table (create_table_preamble create table (table_name (name (id t5)))) (create_specifications ( (create_specification (column_definition (name (id colint)) (data_type (signed_type int)))) , (create_specification (column_definition (name (id col1)) (data_type (generic_type date)))) )) (table_creation_option (creation_engine engine = (string_literal 'MYISAM'))) (table_creation_option (partition_by partition by (partition_by_what list (skip_parens /__MAXWELL__/)) (subpartition_by subpartition by (partition_by_what hash (skip_parens /__MAXWELL__/)) subpartitions 2) (partition_definitions ( (skip_parens_inside_partition_definitions /__MAXWELL__/)))))) <EOF>)
[1] 23:43:28,700 DEBUG SchemaChange - SQL_PARSE <- "create table t5 (colint int, col1 date) engine='MYISAM'  partition by list(colint) subpartition by hash(dayofmonth(col1)) subpartitions 2  (partition p0 values in (1,2,3,4,5,6,7,8,9,10), partition p1 values in (11,12,13,14,15,16,17,18,19,20), partition p2 values in (21,22,23,24,25,26,27,28,29,30), partition p3 values in (31,32,33,34,35,36,37,38,39,40), partition p4 values in (41,42,43,44,45,46,47,48,49,50), partition p5 values in (51,52,53,54,55,56,57,58,59,60) )"
[1] 23:43:28,700 DEBUG SchemaChange - rewrote SQL to create table t5 (colint int, col1 date) engine='MYISAM'  partition by list/__MAXWELL__/ subpartition by hash(dayofmonth(col1)) subpartitions 2  (partition p0 values in (1,2,3,4,5,6,7,8,9,10), partition p1 values in (11,12,13,14,15,16,17,18,19,20), partition p2 values in (21,22,23,24,25,26,27,28,29,30), partition p3 values in (31,32,33,34,35,36,37,38,39,40), partition p4 values in (41,42,43,44,45,46,47,48,49,50), partition p5 values in (51,52,53,54,55,56,57,58,59,60) )
[1] 23:43:28,700 DEBUG SchemaChange - SQL_PARSE <- "create table t5 (colint int, col1 date) engine='MYISAM'  partition by list/__MAXWELL__/ subpartition by hash(dayofmonth(col1)) subpartitions 2  (partition p0 values in (1,2,3,4,5,6,7,8,9,10), partition p1 values in (11,12,13,14,15,16,17,18,19,20), partition p2 values in (21,22,23,24,25,26,27,28,29,30), partition p3 values in (31,32,33,34,35,36,37,38,39,40), partition p4 values in (41,42,43,44,45,46,47,48,49,50), partition p5 values in (51,52,53,54,55,56,57,58,59,60) )"
[1] 23:43:28,700 DEBUG SchemaChange - rewrote SQL to create table t5 (colint int, col1 date) engine='MYISAM'  partition by list/__MAXWELL__/ subpartition by hash/__MAXWELL__/ subpartitions 2  (partition p0 values in (1,2,3,4,5,6,7,8,9,10), partition p1 values in (11,12,13,14,15,16,17,18,19,20), partition p2 values in (21,22,23,24,25,26,27,28,29,30), partition p3 values in (31,32,33,34,35,36,37,38,39,40), partition p4 values in (41,42,43,44,45,46,47,48,49,50), partition p5 values in (51,52,53,54,55,56,57,58,59,60) )
[1] 23:43:28,701 DEBUG SchemaChange - SQL_PARSE <- "create table t5 (colint int, col1 date) engine='MYISAM'  partition by list/__MAXWELL__/ subpartition by hash/__MAXWELL__/ subpartitions 2  (partition p0 values in (1,2,3,4,5,6,7,8,9,10), partition p1 values in (11,12,13,14,15,16,17,18,19,20), partition p2 values in (21,22,23,24,25,26,27,28,29,30), partition p3 values in (31,32,33,34,35,36,37,38,39,40), partition p4 values in (41,42,43,44,45,46,47,48,49,50), partition p5 values in (51,52,53,54,55,56,57,58,59,60) )"
[1] 23:43:28,701 DEBUG SchemaChange - rewrote SQL to create table t5 (colint int, col1 date) engine='MYISAM'  partition by list/__MAXWELL__/ subpartition by hash/__MAXWELL__/ subpartitions 2  (/__MAXWELL__/
[1] 23:43:28,701 DEBUG SchemaChange - SQL_PARSE <- "create table t5 (colint int, col1 date) engine='MYISAM'  partition by list/__MAXWELL__/ subpartition by hash/__MAXWELL__/ subpartitions 2  (/__MAXWELL__/"
[1] 23:43:28,701 DEBUG SchemaChange - SQL_PARSE ->   (parse (statement (create_table (create_table_preamble create table (table_name (name (id t5)))) (create_specifications ( (create_specification (column_definition (name (id colint)) (data_type (signed_type int)))) , (create_specification (column_definition (name (id col1)) (data_type (generic_type date)))) )) (table_creation_option (creation_engine engine = (string_literal 'MYISAM'))) (table_creation_option (partition_by partition by (partition_by_what list (skip_parens /__MAXWELL__/)) (subpartition_by subpartition by (partition_by_what hash (skip_parens /__MAXWELL__/)) subpartitions 2) (partition_definitions ( (skip_parens_inside_partition_definitions /__MAXWELL__/)))))) <EOF>)
[1] 23:43:28,701 DEBUG SchemaChange - SQL_PARSE <- "create table t5 (colint int, col1 date) engine='MYISAM'  partition by list(colint) subpartition by hash(dayofweek(col1)) subpartitions 2  (partition p0 values in (1,2,3,4,5,6,7,8,9,10), partition p1 values in (11,12,13,14,15,16,17,18,19,20), partition p2 values in (21,22,23,24,25,26,27,28,29,30), partition p3 values in (31,32,33,34,35,36,37,38,39,40), partition p4 values in (41,42,43,44,45,46,47,48,49,50), partition p5 values in (51,52,53,54,55,56,57,58,59,60) )"
[1] 23:43:28,701 DEBUG SchemaChange - rewrote SQL to create table t5 (colint int, col1 date) engine='MYISAM'  partition by list/__MAXWELL__/ subpartition by hash(dayofweek(col1)) subpartitions 2  (partition p0 values in (1,2,3,4,5,6,7,8,9,10), partition p1 values in (11,12,13,14,15,16,17,18,19,20), partition p2 values in (21,22,23,24,25,26,27,28,29,30), partition p3 values in (31,32,33,34,35,36,37,38,39,40), partition p4 values in (41,42,43,44,45,46,47,48,49,50), partition p5 values in (51,52,53,54,55,56,57,58,59,60) )
[1] 23:43:28,701 DEBUG SchemaChange - SQL_PARSE <- "create table t5 (colint int, col1 date) engine='MYISAM'  partition by list/__MAXWELL__/ subpartition by hash(dayofweek(col1)) subpartitions 2  (partition p0 values in (1,2,3,4,5,6,7,8,9,10), partition p1 values in (11,12,13,14,15,16,17,18,19,20), partition p2 values in (21,22,23,24,25,26,27,28,29,30), partition p3 values in (31,32,33,34,35,36,37,38,39,40), partition p4 values in (41,42,43,44,45,46,47,48,49,50), partition p5 values in (51,52,53,54,55,56,57,58,59,60) )"
[1] 23:43:28,702 DEBUG SchemaChange - rewrote SQL to create table t5 (colint int, col1 date) engine='MYISAM'  partition by list/__MAXWELL__/ subpartition by hash/__MAXWELL__/ subpartitions 2  (partition p0 values in (1,2,3,4,5,6,7,8,9,10), partition p1 values in (11,12,13,14,15,16,17,18,19,20), partition p2 values in (21,22,23,24,25,26,27,28,29,30), partition p3 values in (31,32,33,34,35,36,37,38,39,40), partition p4 values in (41,42,43,44,45,46,47,48,49,50), partition p5 values in (51,52,53,54,55,56,57,58,59,60) )
[1] 23:43:28,702 DEBUG SchemaChange - SQL_PARSE <- "create table t5 (colint int, col1 date) engine='MYISAM'  partition by list/__MAXWELL__/ subpartition by hash/__MAXWELL__/ subpartitions 2  (partition p0 values in (1,2,3,4,5,6,7,8,9,10), partition p1 values in (11,12,13,14,15,16,17,18,19,20), partition p2 values in (21,22,23,24,25,26,27,28,29,30), partition p3 values in (31,32,33,34,35,36,37,38,39,40), partition p4 values in (41,42,43,44,45,46,47,48,49,50), partition p5 values in (51,52,53,54,55,56,57,58,59,60) )"
[1] 23:43:28,702 DEBUG SchemaChange - rewrote SQL to create table t5 (colint int, col1 date) engine='MYISAM'  partition by list/__MAXWELL__/ subpartition by hash/__MAXWELL__/ subpartitions 2  (/__MAXWELL__/
[1] 23:43:28,702 DEBUG SchemaChange - SQL_PARSE <- "create table t5 (colint int, col1 date) engine='MYISAM'  partition by list/__MAXWELL__/ subpartition by hash/__MAXWELL__/ subpartitions 2  (/__MAXWELL__/"
[1] 23:43:28,702 DEBUG SchemaChange - SQL_PARSE ->   (parse (statement (create_table (create_table_preamble create table (table_name (name (id t5)))) (create_specifications ( (create_specification (column_definition (name (id colint)) (data_type (signed_type int)))) , (create_specification (column_definition (name (id col1)) (data_type (generic_type date)))) )) (table_creation_option (creation_engine engine = (string_literal 'MYISAM'))) (table_creation_option (partition_by partition by (partition_by_what list (skip_parens /__MAXWELL__/)) (subpartition_by subpartition by (partition_by_what hash (skip_parens /__MAXWELL__/)) subpartitions 2) (partition_definitions ( (skip_parens_inside_partition_definitions /__MAXWELL__/)))))) <EOF>)
[1] 23:43:28,702 DEBUG SchemaChange - SQL_PARSE <- "create table t5 (colint int, col1 date) engine='MYISAM'  partition by list(colint) subpartition by hash(dayofyear(col1)) subpartitions 2  (partition p0 values in (1,2,3,4,5,6,7,8,9,10), partition p1 values in (11,12,13,14,15,16,17,18,19,20), partition p2 values in (21,22,23,24,25,26,27,28,29,30), partition p3 values in (31,32,33,34,35,36,37,38,39,40), partition p4 values in (41,42,43,44,45,46,47,48,49,50), partition p5 values in (51,52,53,54,55,56,57,58,59,60) )"
[1] 23:43:28,702 DEBUG SchemaChange - rewrote SQL to create table t5 (colint int, col1 date) engine='MYISAM'  partition by list/__MAXWELL__/ subpartition by hash(dayofyear(col1)) subpartitions 2  (partition p0 values in (1,2,3,4,5,6,7,8,9,10), partition p1 values in (11,12,13,14,15,16,17,18,19,20), partition p2 values in (21,22,23,24,25,26,27,28,29,30), partition p3 values in (31,32,33,34,35,36,37,38,39,40), partition p4 values in (41,42,43,44,45,46,47,48,49,50), partition p5 values in (51,52,53,54,55,56,57,58,59,60) )
[1] 23:43:28,702 DEBUG SchemaChange - SQL_PARSE <- "create table t5 (colint int, col1 date) engine='MYISAM'  partition by list/__MAXWELL__/ subpartition by hash(dayofyear(col1)) subpartitions 2  (partition p0 values in (1,2,3,4,5,6,7,8,9,10), partition p1 values in (11,12,13,14,15,16,17,18,19,20), partition p2 values in (21,22,23,24,25,26,27,28,29,30), partition p3 values in (31,32,33,34,35,36,37,38,39,40), partition p4 values in (41,42,43,44,45,46,47,48,49,50), partition p5 values in (51,52,53,54,55,56,57,58,59,60) )"
[1] 23:43:28,703 DEBUG SchemaChange - rewrote SQL to create table t5 (colint int, col1 date) engine='MYISAM'  partition by list/__MAXWELL__/ subpartition by hash/__MAXWELL__/ subpartitions 2  (partition p0 values in (1,2,3,4,5,6,7,8,9,10), partition p1 values in (11,12,13,14,15,16,17,18,19,20), partition p2 values in (21,22,23,24,25,26,27,28,29,30), partition p3 values in (31,32,33,34,35,36,37,38,39,40), partition p4 values in (41,42,43,44,45,46,47,48,49,50), partition p5 values in (51,52,53,54,55,56,57,58,59,60) )
[1] 23:43:28,703 DEBUG SchemaChange - SQL_PARSE <- "create table t5 (colint int, col1 date) engine='MYISAM'  partition by list/__MAXWELL__/ subpartition by hash/__MAXWELL__/ subpartitions 2  (partition p0 values in (1,2,3,4,5,6,7,8,9,10), partition p1 values in (11,12,13,14,15,16,17,18,19,20), partition p2 values in (21,22,23,24,25,26,27,28,29,30), partition p3 values in (31,32,33,34,35,36,37,38,39,40), partition p4 values in (41,42,43,44,45,46,47,48,49,50), partition p5 values in (51,52,53,54,55,56,57,58,59,60) )"
[1] 23:43:28,703 DEBUG SchemaChange - rewrote SQL to create table t5 (colint int, col1 date) engine='MYISAM'  partition by list/__MAXWELL__/ subpartition by hash/__MAXWELL__/ subpartitions 2  (/__MAXWELL__/
[1] 23:43:28,703 DEBUG SchemaChange - SQL_PARSE <- "create table t5 (colint int, col1 date) engine='MYISAM'  partition by list/__MAXWELL__/ subpartition by hash/__MAXWELL__/ subpartitions 2  (/__MAXWELL__/"
[1] 23:43:28,703 DEBUG SchemaChange - SQL_PARSE ->   (parse (statement (create_table (create_table_preamble create table (table_name (name (id t5)))) (create_specifications ( (create_specification (column_definition (name (id colint)) (data_type (signed_type int)))) , (create_specification (column_definition (name (id col1)) (data_type (generic_type date)))) )) (table_creation_option (creation_engine engine = (string_literal 'MYISAM'))) (table_creation_option (partition_by partition by (partition_by_what list (skip_parens /__MAXWELL__/)) (subpartition_by subpartition by (partition_by_what hash (skip_parens /__MAXWELL__/)) subpartitions 2) (partition_definitions ( (skip_parens_inside_partition_definitions /__MAXWELL__/)))))) <EOF>)
[1] 23:43:28,703 DEBUG SchemaChange - SQL_PARSE <- "create table t5 (colint int, col1 date) engine='MYISAM'  partition by list(colint) subpartition by hash(extract(month from col1)) subpartitions 2  (partition p0 values in (1,2,3,4,5,6,7,8,9,10), partition p1 values in (11,12,13,14,15,16,17,18,19,20), partition p2 values in (21,22,23,24,25,26,27,28,29,30), partition p3 values in (31,32,33,34,35,36,37,38,39,40), partition p4 values in (41,42,43,44,45,46,47,48,49,50), partition p5 values in (51,52,53,54,55,56,57,58,59,60) )"
[1] 23:43:28,703 DEBUG SchemaChange - rewrote SQL to create table t5 (colint int, col1 date) engine='MYISAM'  partition by list/__MAXWELL__/ subpartition by hash(extract(month from col1)) subpartitions 2  (partition p0 values in (1,2,3,4,5,6,7,8,9,10), partition p1 values in (11,12,13,14,15,16,17,18,19,20), partition p2 values in (21,22,23,24,25,26,27,28,29,30), partition p3 values in (31,32,33,34,35,36,37,38,39,40), partition p4 values in (41,42,43,44,45,46,47,48,49,50), partition p5 values in (51,52,53,54,55,56,57,58,59,60) )
[1] 23:43:28,703 DEBUG SchemaChange - SQL_PARSE <- "create table t5 (colint int, col1 date) engine='MYISAM'  partition by list/__MAXWELL__/ subpartition by hash(extract(month from col1)) subpartitions 2  (partition p0 values in (1,2,3,4,5,6,7,8,9,10), partition p1 values in (11,12,13,14,15,16,17,18,19,20), partition p2 values in (21,22,23,24,25,26,27,28,29,30), partition p3 values in (31,32,33,34,35,36,37,38,39,40), partition p4 values in (41,42,43,44,45,46,47,48,49,50), partition p5 values in (51,52,53,54,55,56,57,58,59,60) )"
[1] 23:43:28,704 DEBUG SchemaChange - rewrote SQL to create table t5 (colint int, col1 date) engine='MYISAM'  partition by list/__MAXWELL__/ subpartition by hash/__MAXWELL__/ subpartitions 2  (partition p0 values in (1,2,3,4,5,6,7,8,9,10), partition p1 values in (11,12,13,14,15,16,17,18,19,20), partition p2 values in (21,22,23,24,25,26,27,28,29,30), partition p3 values in (31,32,33,34,35,36,37,38,39,40), partition p4 values in (41,42,43,44,45,46,47,48,49,50), partition p5 values in (51,52,53,54,55,56,57,58,59,60) )
[1] 23:43:28,704 DEBUG SchemaChange - SQL_PARSE <- "create table t5 (colint int, col1 date) engine='MYISAM'  partition by list/__MAXWELL__/ subpartition by hash/__MAXWELL__/ subpartitions 2  (partition p0 values in (1,2,3,4,5,6,7,8,9,10), partition p1 values in (11,12,13,14,15,16,17,18,19,20), partition p2 values in (21,22,23,24,25,26,27,28,29,30), partition p3 values in (31,32,33,34,35,36,37,38,39,40), partition p4 values in (41,42,43,44,45,46,47,48,49,50), partition p5 values in (51,52,53,54,55,56,57,58,59,60) )"
[1] 23:43:28,704 DEBUG SchemaChange - rewrote SQL to create table t5 (colint int, col1 date) engine='MYISAM'  partition by list/__MAXWELL__/ subpartition by hash/__MAXWELL__/ subpartitions 2  (/__MAXWELL__/
[1] 23:43:28,704 DEBUG SchemaChange - SQL_PARSE <- "create table t5 (colint int, col1 date) engine='MYISAM'  partition by list/__MAXWELL__/ subpartition by hash/__MAXWELL__/ subpartitions 2  (/__MAXWELL__/"
[1] 23:43:28,704 DEBUG SchemaChange - SQL_PARSE ->   (parse (statement (create_table (create_table_preamble create table (table_name (name (id t5)))) (create_specifications ( (create_specification (column_definition (name (id colint)) (data_type (signed_type int)))) , (create_specification (column_definition (name (id col1)) (data_type (generic_type date)))) )) (table_creation_option (creation_engine engine = (string_literal 'MYISAM'))) (table_creation_option (partition_by partition by (partition_by_what list (skip_parens /__MAXWELL__/)) (subpartition_by subpartition by (partition_by_what hash (skip_parens /__MAXWELL__/)) subpartitions 2) (partition_definitions ( (skip_parens_inside_partition_definitions /__MAXWELL__/)))))) <EOF>)
[1] 23:43:28,704 DEBUG SchemaChange - SQL_PARSE <- "create table t5 (colint int, col1 date) engine='MYISAM'  partition by list(colint) subpartition by hash(month(col1)) subpartitions 2  (partition p0 values in (1,2,3,4,5,6,7,8,9,10), partition p1 values in (11,12,13,14,15,16,17,18,19,20), partition p2 values in (21,22,23,24,25,26,27,28,29,30), partition p3 values in (31,32,33,34,35,36,37,38,39,40), partition p4 values in (41,42,43,44,45,46,47,48,49,50), partition p5 values in (51,52,53,54,55,56,57,58,59,60) )"
[1] 23:43:28,705 DEBUG SchemaChange - rewrote SQL to create table t5 (colint int, col1 date) engine='MYISAM'  partition by list/__MAXWELL__/ subpartition by hash(month(col1)) subpartitions 2  (partition p0 values in (1,2,3,4,5,6,7,8,9,10), partition p1 values in (11,12,13,14,15,16,17,18,19,20), partition p2 values in (21,22,23,24,25,26,27,28,29,30), partition p3 values in (31,32,33,34,35,36,37,38,39,40), partition p4 values in (41,42,43,44,45,46,47,48,49,50), partition p5 values in (51,52,53,54,55,56,57,58,59,60) )
[1] 23:43:28,705 DEBUG SchemaChange - SQL_PARSE <- "create table t5 (colint int, col1 date) engine='MYISAM'  partition by list/__MAXWELL__/ subpartition by hash(month(col1)) subpartitions 2  (partition p0 values in (1,2,3,4,5,6,7,8,9,10), partition p1 values in (11,12,13,14,15,16,17,18,19,20), partition p2 values in (21,22,23,24,25,26,27,28,29,30), partition p3 values in (31,32,33,34,35,36,37,38,39,40), partition p4 values in (41,42,43,44,45,46,47,48,49,50), partition p5 values in (51,52,53,54,55,56,57,58,59,60) )"
[1] 23:43:28,705 DEBUG SchemaChange - rewrote SQL to create table t5 (colint int, col1 date) engine='MYISAM'  partition by list/__MAXWELL__/ subpartition by hash/__MAXWELL__/ subpartitions 2  (partition p0 values in (1,2,3,4,5,6,7,8,9,10), partition p1 values in (11,12,13,14,15,16,17,18,19,20), partition p2 values in (21,22,23,24,25,26,27,28,29,30), partition p3 values in (31,32,33,34,35,36,37,38,39,40), partition p4 values in (41,42,43,44,45,46,47,48,49,50), partition p5 values in (51,52,53,54,55,56,57,58,59,60) )
[1] 23:43:28,705 DEBUG SchemaChange - SQL_PARSE <- "create table t5 (colint int, col1 date) engine='MYISAM'  partition by list/__MAXWELL__/ subpartition by hash/__MAXWELL__/ subpartitions 2  (partition p0 values in (1,2,3,4,5,6,7,8,9,10), partition p1 values in (11,12,13,14,15,16,17,18,19,20), partition p2 values in (21,22,23,24,25,26,27,28,29,30), partition p3 values in (31,32,33,34,35,36,37,38,39,40), partition p4 values in (41,42,43,44,45,46,47,48,49,50), partition p5 values in (51,52,53,54,55,56,57,58,59,60) )"
[1] 23:43:28,705 DEBUG SchemaChange - rewrote SQL to create table t5 (colint int, col1 date) engine='MYISAM'  partition by list/__MAXWELL__/ subpartition by hash/__MAXWELL__/ subpartitions 2  (/__MAXWELL__/
[1] 23:43:28,705 DEBUG SchemaChange - SQL_PARSE <- "create table t5 (colint int, col1 date) engine='MYISAM'  partition by list/__MAXWELL__/ subpartition by hash/__MAXWELL__/ subpartitions 2  (/__MAXWELL__/"
[1] 23:43:28,705 DEBUG SchemaChange - SQL_PARSE ->   (parse (statement (create_table (create_table_preamble create table (table_name (name (id t5)))) (create_specifications ( (create_specification (column_definition (name (id colint)) (data_type (signed_type int)))) , (create_specification (column_definition (name (id col1)) (data_type (generic_type date)))) )) (table_creation_option (creation_engine engine = (string_literal 'MYISAM'))) (table_creation_option (partition_by partition by (partition_by_what list (skip_parens /__MAXWELL__/)) (subpartition_by subpartition by (partition_by_what hash (skip_parens /__MAXWELL__/)) subpartitions 2) (partition_definitions ( (skip_parens_inside_partition_definitions /__MAXWELL__/)))))) <EOF>)
[1] 23:43:28,705 DEBUG SchemaChange - SQL_PARSE <- "create table t5 (colint int, col1 date) engine='MYISAM'  partition by list(colint) subpartition by hash(quarter(col1)) subpartitions 2  (partition p0 values in (1,2,3,4,5,6,7,8,9,10), partition p1 values in (11,12,13,14,15,16,17,18,19,20), partition p2 values in (21,22,23,24,25,26,27,28,29,30), partition p3 values in (31,32,33,34,35,36,37,38,39,40), partition p4 values in (41,42,43,44,45,46,47,48,49,50), partition p5 values in (51,52,53,54,55,56,57,58,59,60) )"
[1] 23:43:28,706 DEBUG SchemaChange - rewrote SQL to create table t5 (colint int, col1 date) engine='MYISAM'  partition by list/__MAXWELL__/ subpartition by hash(quarter(col1)) subpartitions 2  (partition p0 values in (1,2,3,4,5,6,7,8,9,10), partition p1 values in (11,12,13,14,15,16,17,18,19,20), partition p2 values in (21,22,23,24,25,26,27,28,29,30), partition p3 values in (31,32,33,34,35,36,37,38,39,40), partition p4 values in (41,42,43,44,45,46,47,48,49,50), partition p5 values in (51,52,53,54,55,56,57,58,59,60) )
[1] 23:43:28,706 DEBUG SchemaChange - SQL_PARSE <- "create table t5 (colint int, col1 date) engine='MYISAM'  partition by list/__MAXWELL__/ subpartition by hash(quarter(col1)) subpartitions 2  (partition p0 values in (1,2,3,4,5,6,7,8,9,10), partition p1 values in (11,12,13,14,15,16,17,18,19,20), partition p2 values in (21,22,23,24,25,26,27,28,29,30), partition p3 values in (31,32,33,34,35,36,37,38,39,40), partition p4 values in (41,42,43,44,45,46,47,48,49,50), partition p5 values in (51,52,53,54,55,56,57,58,59,60) )"
[1] 23:43:28,706 DEBUG SchemaChange - rewrote SQL to create table t5 (colint int, col1 date) engine='MYISAM'  partition by list/__MAXWELL__/ subpartition by hash/__MAXWELL__/ subpartitions 2  (partition p0 values in (1,2,3,4,5,6,7,8,9,10), partition p1 values in (11,12,13,14,15,16,17,18,19,20), partition p2 values in (21,22,23,24,25,26,27,28,29,30), partition p3 values in (31,32,33,34,35,36,37,38,39,40), partition p4 values in (41,42,43,44,45,46,47,48,49,50), partition p5 values in (51,52,53,54,55,56,57,58,59,60) )
[1] 23:43:28,706 DEBUG SchemaChange - SQL_PARSE <- "create table t5 (colint int, col1 date) engine='MYISAM'  partition by list/__MAXWELL__/ subpartition by hash/__MAXWELL__/ subpartitions 2  (partition p0 values in (1,2,3,4,5,6,7,8,9,10), partition p1 values in (11,12,13,14,15,16,17,18,19,20), partition p2 values in (21,22,23,24,25,26,27,28,29,30), partition p3 values in (31,32,33,34,35,36,37,38,39,40), partition p4 values in (41,42,43,44,45,46,47,48,49,50), partition p5 values in (51,52,53,54,55,56,57,58,59,60) )"
[1] 23:43:28,706 DEBUG SchemaChange - rewrote SQL to create table t5 (colint int, col1 date) engine='MYISAM'  partition by list/__MAXWELL__/ subpartition by hash/__MAXWELL__/ subpartitions 2  (/__MAXWELL__/
[1] 23:43:28,706 DEBUG SchemaChange - SQL_PARSE <- "create table t5 (colint int, col1 date) engine='MYISAM'  partition by list/__MAXWELL__/ subpartition by hash/__MAXWELL__/ subpartitions 2  (/__MAXWELL__/"
[1] 23:43:28,706 DEBUG SchemaChange - SQL_PARSE ->   (parse (statement (create_table (create_table_preamble create table (table_name (name (id t5)))) (create_specifications ( (create_specification (column_definition (name (id colint)) (data_type (signed_type int)))) , (create_specification (column_definition (name (id col1)) (data_type (generic_type date)))) )) (table_creation_option (creation_engine engine = (string_literal 'MYISAM'))) (table_creation_option (partition_by partition by (partition_by_what list (skip_parens /__MAXWELL__/)) (subpartition_by subpartition by (partition_by_what hash (skip_parens /__MAXWELL__/)) subpartitions 2) (partition_definitions ( (skip_parens_inside_partition_definitions /__MAXWELL__/)))))) <EOF>)
[1] 23:43:28,706 DEBUG SchemaChange - SQL_PARSE <- "create table t5 (colint int, col1 date) engine='MYISAM'  partition by list(colint) subpartition by hash(weekday(col1)) subpartitions 2  (partition p0 values in (1,2,3,4,5,6,7,8,9,10), partition p1 values in (11,12,13,14,15,16,17,18,19,20), partition p2 values in (21,22,23,24,25,26,27,28,29,30), partition p3 values in (31,32,33,34,35,36,37,38,39,40), partition p4 values in (41,42,43,44,45,46,47,48,49,50), partition p5 values in (51,52,53,54,55,56,57,58,59,60) )"
[1] 23:43:28,707 DEBUG SchemaChange - rewrote SQL to create table t5 (colint int, col1 date) engine='MYISAM'  partition by list/__MAXWELL__/ subpartition by hash(weekday(col1)) subpartitions 2  (partition p0 values in (1,2,3,4,5,6,7,8,9,10), partition p1 values in (11,12,13,14,15,16,17,18,19,20), partition p2 values in (21,22,23,24,25,26,27,28,29,30), partition p3 values in (31,32,33,34,35,36,37,38,39,40), partition p4 values in (41,42,43,44,45,46,47,48,49,50), partition p5 values in (51,52,53,54,55,56,57,58,59,60) )
[1] 23:43:28,707 DEBUG SchemaChange - SQL_PARSE <- "create table t5 (colint int, col1 date) engine='MYISAM'  partition by list/__MAXWELL__/ subpartition by hash(weekday(col1)) subpartitions 2  (partition p0 values in (1,2,3,4,5,6,7,8,9,10), partition p1 values in (11,12,13,14,15,16,17,18,19,20), partition p2 values in (21,22,23,24,25,26,27,28,29,30), partition p3 values in (31,32,33,34,35,36,37,38,39,40), partition p4 values in (41,42,43,44,45,46,47,48,49,50), partition p5 values in (51,52,53,54,55,56,57,58,59,60) )"
[1] 23:43:28,707 DEBUG SchemaChange - rewrote SQL to create table t5 (colint int, col1 date) engine='MYISAM'  partition by list/__MAXWELL__/ subpartition by hash/__MAXWELL__/ subpartitions 2  (partition p0 values in (1,2,3,4,5,6,7,8,9,10), partition p1 values in (11,12,13,14,15,16,17,18,19,20), partition p2 values in (21,22,23,24,25,26,27,28,29,30), partition p3 values in (31,32,33,34,35,36,37,38,39,40), partition p4 values in (41,42,43,44,45,46,47,48,49,50), partition p5 values in (51,52,53,54,55,56,57,58,59,60) )
[1] 23:43:28,707 DEBUG SchemaChange - SQL_PARSE <- "create table t5 (colint int, col1 date) engine='MYISAM'  partition by list/__MAXWELL__/ subpartition by hash/__MAXWELL__/ subpartitions 2  (partition p0 values in (1,2,3,4,5,6,7,8,9,10), partition p1 values in (11,12,13,14,15,16,17,18,19,20), partition p2 values in (21,22,23,24,25,26,27,28,29,30), partition p3 values in (31,32,33,34,35,36,37,38,39,40), partition p4 values in (41,42,43,44,45,46,47,48,49,50), partition p5 values in (51,52,53,54,55,56,57,58,59,60) )"
[1] 23:43:28,707 DEBUG SchemaChange - rewrote SQL to create table t5 (colint int, col1 date) engine='MYISAM'  partition by list/__MAXWELL__/ subpartition by hash/__MAXWELL__/ subpartitions 2  (/__MAXWELL__/
[1] 23:43:28,707 DEBUG SchemaChange - SQL_PARSE <- "create table t5 (colint int, col1 date) engine='MYISAM'  partition by list/__MAXWELL__/ subpartition by hash/__MAXWELL__/ subpartitions 2  (/__MAXWELL__/"
[1] 23:43:28,707 DEBUG SchemaChange - SQL_PARSE ->   (parse (statement (create_table (create_table_preamble create table (table_name (name (id t5)))) (create_specifications ( (create_specification (column_definition (name (id colint)) (data_type (signed_type int)))) , (create_specification (column_definition (name (id col1)) (data_type (generic_type date)))) )) (table_creation_option (creation_engine engine = (string_literal 'MYISAM'))) (table_creation_option (partition_by partition by (partition_by_what list (skip_parens /__MAXWELL__/)) (subpartition_by subpartition by (partition_by_what hash (skip_parens /__MAXWELL__/)) subpartitions 2) (partition_definitions ( (skip_parens_inside_partition_definitions /__MAXWELL__/)))))) <EOF>)
[1] 23:43:28,707 DEBUG SchemaChange - SQL_PARSE <- "create table t5 (colint int, col1 date) engine='MYISAM'  partition by list(colint) subpartition by hash(year(col1)-1990) subpartitions 2  (partition p0 values in (1,2,3,4,5,6,7,8,9,10), partition p1 values in (11,12,13,14,15,16,17,18,19,20), partition p2 values in (21,22,23,24,25,26,27,28,29,30), partition p3 values in (31,32,33,34,35,36,37,38,39,40), partition p4 values in (41,42,43,44,45,46,47,48,49,50), partition p5 values in (51,52,53,54,55,56,57,58,59,60) )"
[1] 23:43:28,708 DEBUG SchemaChange - rewrote SQL to create table t5 (colint int, col1 date) engine='MYISAM'  partition by list/__MAXWELL__/ subpartition by hash(year(col1)-1990) subpartitions 2  (partition p0 values in (1,2,3,4,5,6,7,8,9,10), partition p1 values in (11,12,13,14,15,16,17,18,19,20), partition p2 values in (21,22,23,24,25,26,27,28,29,30), partition p3 values in (31,32,33,34,35,36,37,38,39,40), partition p4 values in (41,42,43,44,45,46,47,48,49,50), partition p5 values in (51,52,53,54,55,56,57,58,59,60) )
[1] 23:43:28,708 DEBUG SchemaChange - SQL_PARSE <- "create table t5 (colint int, col1 date) engine='MYISAM'  partition by list/__MAXWELL__/ subpartition by hash(year(col1)-1990) subpartitions 2  (partition p0 values in (1,2,3,4,5,6,7,8,9,10), partition p1 values in (11,12,13,14,15,16,17,18,19,20), partition p2 values in (21,22,23,24,25,26,27,28,29,30), partition p3 values in (31,32,33,34,35,36,37,38,39,40), partition p4 values in (41,42,43,44,45,46,47,48,49,50), partition p5 values in (51,52,53,54,55,56,57,58,59,60) )"
[1] 23:43:28,708 DEBUG SchemaChange - rewrote SQL to create table t5 (colint int, col1 date) engine='MYISAM'  partition by list/__MAXWELL__/ subpartition by hash/__MAXWELL__/ subpartitions 2  (partition p0 values in (1,2,3,4,5,6,7,8,9,10), partition p1 values in (11,12,13,14,15,16,17,18,19,20), partition p2 values in (21,22,23,24,25,26,27,28,29,30), partition p3 values in (31,32,33,34,35,36,37,38,39,40), partition p4 values in (41,42,43,44,45,46,47,48,49,50), partition p5 values in (51,52,53,54,55,56,57,58,59,60) )
[1] 23:43:28,708 DEBUG SchemaChange - SQL_PARSE <- "create table t5 (colint int, col1 date) engine='MYISAM'  partition by list/__MAXWELL__/ subpartition by hash/__MAXWELL__/ subpartitions 2  (partition p0 values in (1,2,3,4,5,6,7,8,9,10), partition p1 values in (11,12,13,14,15,16,17,18,19,20), partition p2 values in (21,22,23,24,25,26,27,28,29,30), partition p3 values in (31,32,33,34,35,36,37,38,39,40), partition p4 values in (41,42,43,44,45,46,47,48,49,50), partition p5 values in (51,52,53,54,55,56,57,58,59,60) )"
[1] 23:43:28,708 DEBUG SchemaChange - rewrote SQL to create table t5 (colint int, col1 date) engine='MYISAM'  partition by list/__MAXWELL__/ subpartition by hash/__MAXWELL__/ subpartitions 2  (/__MAXWELL__/
[1] 23:43:28,708 DEBUG SchemaChange - SQL_PARSE <- "create table t5 (colint int, col1 date) engine='MYISAM'  partition by list/__MAXWELL__/ subpartition by hash/__MAXWELL__/ subpartitions 2  (/__MAXWELL__/"
[1] 23:43:28,708 DEBUG SchemaChange - SQL_PARSE ->   (parse (statement (create_table (create_table_preamble create table (table_name (name (id t5)))) (create_specifications ( (create_specification (column_definition (name (id colint)) (data_type (signed_type int)))) , (create_specification (column_definition (name (id col1)) (data_type (generic_type date)))) )) (table_creation_option (creation_engine engine = (string_literal 'MYISAM'))) (table_creation_option (partition_by partition by (partition_by_what list (skip_parens /__MAXWELL__/)) (subpartition_by subpartition by (partition_by_what hash (skip_parens /__MAXWELL__/)) subpartitions 2) (partition_definitions ( (skip_parens_inside_partition_definitions /__MAXWELL__/)))))) <EOF>)
[1] 23:43:28,708 DEBUG SchemaChange - SQL_PARSE <- "create table t5 (colint int, col1 date) engine='MYISAM'  partition by list(colint) subpartition by hash(yearweek(col1)-200600) subpartitions 2  (partition p0 values in (1,2,3,4,5,6,7,8,9,10), partition p1 values in (11,12,13,14,15,16,17,18,19,20), partition p2 values in (21,22,23,24,25,26,27,28,29,30), partition p3 values in (31,32,33,34,35,36,37,38,39,40), partition p4 values in (41,42,43,44,45,46,47,48,49,50), partition p5 values in (51,52,53,54,55,56,57,58,59,60) )"
[1] 23:43:28,709 DEBUG SchemaChange - rewrote SQL to create table t5 (colint int, col1 date) engine='MYISAM'  partition by list/__MAXWELL__/ subpartition by hash(yearweek(col1)-200600) subpartitions 2  (partition p0 values in (1,2,3,4,5,6,7,8,9,10), partition p1 values in (11,12,13,14,15,16,17,18,19,20), partition p2 values in (21,22,23,24,25,26,27,28,29,30), partition p3 values in (31,32,33,34,35,36,37,38,39,40), partition p4 values in (41,42,43,44,45,46,47,48,49,50), partition p5 values in (51,52,53,54,55,56,57,58,59,60) )
[1] 23:43:28,709 DEBUG SchemaChange - SQL_PARSE <- "create table t5 (colint int, col1 date) engine='MYISAM'  partition by list/__MAXWELL__/ subpartition by hash(yearweek(col1)-200600) subpartitions 2  (partition p0 values in (1,2,3,4,5,6,7,8,9,10), partition p1 values in (11,12,13,14,15,16,17,18,19,20), partition p2 values in (21,22,23,24,25,26,27,28,29,30), partition p3 values in (31,32,33,34,35,36,37,38,39,40), partition p4 values in (41,42,43,44,45,46,47,48,49,50), partition p5 values in (51,52,53,54,55,56,57,58,59,60) )"
[1] 23:43:28,709 DEBUG SchemaChange - rewrote SQL to create table t5 (colint int, col1 date) engine='MYISAM'  partition by list/__MAXWELL__/ subpartition by hash/__MAXWELL__/ subpartitions 2  (partition p0 values in (1,2,3,4,5,6,7,8,9,10), partition p1 values in (11,12,13,14,15,16,17,18,19,20), partition p2 values in (21,22,23,24,25,26,27,28,29,30), partition p3 values in (31,32,33,34,35,36,37,38,39,40), partition p4 values in (41,42,43,44,45,46,47,48,49,50), partition p5 values in (51,52,53,54,55,56,57,58,59,60) )
[1] 23:43:28,709 DEBUG SchemaChange - SQL_PARSE <- "create table t5 (colint int, col1 date) engine='MYISAM'  partition by list/__MAXWELL__/ subpartition by hash/__MAXWELL__/ subpartitions 2  (partition p0 values in (1,2,3,4,5,6,7,8,9,10), partition p1 values in (11,12,13,14,15,16,17,18,19,20), partition p2 values in (21,22,23,24,25,26,27,28,29,30), partition p3 values in (31,32,33,34,35,36,37,38,39,40), partition p4 values in (41,42,43,44,45,46,47,48,49,50), partition p5 values in (51,52,53,54,55,56,57,58,59,60) )"
[1] 23:43:28,709 DEBUG SchemaChange - rewrote SQL to create table t5 (colint int, col1 date) engine='MYISAM'  partition by list/__MAXWELL__/ subpartition by hash/__MAXWELL__/ subpartitions 2  (/__MAXWELL__/
[1] 23:43:28,709 DEBUG SchemaChange - SQL_PARSE <- "create table t5 (colint int, col1 date) engine='MYISAM'  partition by list/__MAXWELL__/ subpartition by hash/__MAXWELL__/ subpartitions 2  (/__MAXWELL__/"
[1] 23:43:28,709 DEBUG SchemaChange - SQL_PARSE ->   (parse (statement (create_table (create_table_preamble create table (table_name (name (id t5)))) (create_specifications ( (create_specification (column_definition (name (id colint)) (data_type (signed_type int)))) , (create_specification (column_definition (name (id col1)) (data_type (generic_type date)))) )) (table_creation_option (creation_engine engine = (string_literal 'MYISAM'))) (table_creation_option (partition_by partition by (partition_by_what list (skip_parens /__MAXWELL__/)) (subpartition_by subpartition by (partition_by_what hash (skip_parens /__MAXWELL__/)) subpartitions 2) (partition_definitions ( (skip_parens_inside_partition_definitions /__MAXWELL__/)))))) <EOF>)
[1] 23:43:28,709 DEBUG SchemaChange - SQL_PARSE <- "create table t5 (colint int, col1 int) engine='MYISAM'  partition by list(colint) subpartition by hash(abs(col1)) subpartitions 2  (partition p0 values in (1,2,3,4,5,6,7,8,9,10), partition p1 values in (11,12,13,14,15,16,17,18,19,20), partition p2 values in (21,22,23,24,25,26,27,28,29,30), partition p3 values in (31,32,33,34,35,36,37,38,39,40), partition p4 values in (41,42,43,44,45,46,47,48,49,50), partition p5 values in (51,52,53,54,55,56,57,58,59,60) )"
[1] 23:43:28,710 DEBUG SchemaChange - rewrote SQL to create table t5 (colint int, col1 int) engine='MYISAM'  partition by list/__MAXWELL__/ subpartition by hash(abs(col1)) subpartitions 2  (partition p0 values in (1,2,3,4,5,6,7,8,9,10), partition p1 values in (11,12,13,14,15,16,17,18,19,20), partition p2 values in (21,22,23,24,25,26,27,28,29,30), partition p3 values in (31,32,33,34,35,36,37,38,39,40), partition p4 values in (41,42,43,44,45,46,47,48,49,50), partition p5 values in (51,52,53,54,55,56,57,58,59,60) )
[1] 23:43:28,710 DEBUG SchemaChange - SQL_PARSE <- "create table t5 (colint int, col1 int) engine='MYISAM'  partition by list/__MAXWELL__/ subpartition by hash(abs(col1)) subpartitions 2  (partition p0 values in (1,2,3,4,5,6,7,8,9,10), partition p1 values in (11,12,13,14,15,16,17,18,19,20), partition p2 values in (21,22,23,24,25,26,27,28,29,30), partition p3 values in (31,32,33,34,35,36,37,38,39,40), partition p4 values in (41,42,43,44,45,46,47,48,49,50), partition p5 values in (51,52,53,54,55,56,57,58,59,60) )"
[1] 23:43:28,710 DEBUG SchemaChange - rewrote SQL to create table t5 (colint int, col1 int) engine='MYISAM'  partition by list/__MAXWELL__/ subpartition by hash/__MAXWELL__/ subpartitions 2  (partition p0 values in (1,2,3,4,5,6,7,8,9,10), partition p1 values in (11,12,13,14,15,16,17,18,19,20), partition p2 values in (21,22,23,24,25,26,27,28,29,30), partition p3 values in (31,32,33,34,35,36,37,38,39,40), partition p4 values in (41,42,43,44,45,46,47,48,49,50), partition p5 values in (51,52,53,54,55,56,57,58,59,60) )
[1] 23:43:28,710 DEBUG SchemaChange - SQL_PARSE <- "create table t5 (colint int, col1 int) engine='MYISAM'  partition by list/__MAXWELL__/ subpartition by hash/__MAXWELL__/ subpartitions 2  (partition p0 values in (1,2,3,4,5,6,7,8,9,10), partition p1 values in (11,12,13,14,15,16,17,18,19,20), partition p2 values in (21,22,23,24,25,26,27,28,29,30), partition p3 values in (31,32,33,34,35,36,37,38,39,40), partition p4 values in (41,42,43,44,45,46,47,48,49,50), partition p5 values in (51,52,53,54,55,56,57,58,59,60) )"
[1] 23:43:28,710 DEBUG SchemaChange - rewrote SQL to create table t5 (colint int, col1 int) engine='MYISAM'  partition by list/__MAXWELL__/ subpartition by hash/__MAXWELL__/ subpartitions 2  (/__MAXWELL__/
[1] 23:43:28,710 DEBUG SchemaChange - SQL_PARSE <- "create table t5 (colint int, col1 int) engine='MYISAM'  partition by list/__MAXWELL__/ subpartition by hash/__MAXWELL__/ subpartitions 2  (/__MAXWELL__/"
[1] 23:43:28,710 DEBUG SchemaChange - SQL_PARSE ->   (parse (statement (create_table (create_table_preamble create table (table_name (name (id t5)))) (create_specifications ( (create_specification (column_definition (name (id colint)) (data_type (signed_type int)))) , (create_specification (column_definition (name (id col1)) (data_type (signed_type int)))) )) (table_creation_option (creation_engine engine = (string_literal 'MYISAM'))) (table_creation_option (partition_by partition by (partition_by_what list (skip_parens /__MAXWELL__/)) (subpartition_by subpartition by (partition_by_what hash (skip_parens /__MAXWELL__/)) subpartitions 2) (partition_definitions ( (skip_parens_inside_partition_definitions /__MAXWELL__/)))))) <EOF>)
[1] 23:43:28,710 DEBUG SchemaChange - SQL_PARSE <- "create table t5 (colint int, col1 int) engine='MYISAM'  partition by list(colint) subpartition by hash(mod(col1,10)) subpartitions 2  (partition p0 values in (1,2,3,4,5,6,7,8,9,10), partition p1 values in (11,12,13,14,15,16,17,18,19,20), partition p2 values in (21,22,23,24,25,26,27,28,29,30), partition p3 values in (31,32,33,34,35,36,37,38,39,40), partition p4 values in (41,42,43,44,45,46,47,48,49,50), partition p5 values in (51,52,53,54,55,56,57,58,59,60) )"
[1] 23:43:28,711 DEBUG SchemaChange - rewrote SQL to create table t5 (colint int, col1 int) engine='MYISAM'  partition by list/__MAXWELL__/ subpartition by hash(mod(col1,10)) subpartitions 2  (partition p0 values in (1,2,3,4,5,6,7,8,9,10), partition p1 values in (11,12,13,14,15,16,17,18,19,20), partition p2 values in (21,22,23,24,25,26,27,28,29,30), partition p3 values in (31,32,33,34,35,36,37,38,39,40), partition p4 values in (41,42,43,44,45,46,47,48,49,50), partition p5 values in (51,52,53,54,55,56,57,58,59,60) )
[1] 23:43:28,711 DEBUG SchemaChange - SQL_PARSE <- "create table t5 (colint int, col1 int) engine='MYISAM'  partition by list/__MAXWELL__/ subpartition by hash(mod(col1,10)) subpartitions 2  (partition p0 values in (1,2,3,4,5,6,7,8,9,10), partition p1 values in (11,12,13,14,15,16,17,18,19,20), partition p2 values in (21,22,23,24,25,26,27,28,29,30), partition p3 values in (31,32,33,34,35,36,37,38,39,40), partition p4 values in (41,42,43,44,45,46,47,48,49,50), partition p5 values in (51,52,53,54,55,56,57,58,59,60) )"
[1] 23:43:28,711 DEBUG SchemaChange - rewrote SQL to create table t5 (colint int, col1 int) engine='MYISAM'  partition by list/__MAXWELL__/ subpartition by hash/__MAXWELL__/ subpartitions 2  (partition p0 values in (1,2,3,4,5,6,7,8,9,10), partition p1 values in (11,12,13,14,15,16,17,18,19,20), partition p2 values in (21,22,23,24,25,26,27,28,29,30), partition p3 values in (31,32,33,34,35,36,37,38,39,40), partition p4 values in (41,42,43,44,45,46,47,48,49,50), partition p5 values in (51,52,53,54,55,56,57,58,59,60) )
[1] 23:43:28,711 DEBUG SchemaChange - SQL_PARSE <- "create table t5 (colint int, col1 int) engine='MYISAM'  partition by list/__MAXWELL__/ subpartition by hash/__MAXWELL__/ subpartitions 2  (partition p0 values in (1,2,3,4,5,6,7,8,9,10), partition p1 values in (11,12,13,14,15,16,17,18,19,20), partition p2 values in (21,22,23,24,25,26,27,28,29,30), partition p3 values in (31,32,33,34,35,36,37,38,39,40), partition p4 values in (41,42,43,44,45,46,47,48,49,50), partition p5 values in (51,52,53,54,55,56,57,58,59,60) )"
[1] 23:43:28,711 DEBUG SchemaChange - rewrote SQL to create table t5 (colint int, col1 int) engine='MYISAM'  partition by list/__MAXWELL__/ subpartition by hash/__MAXWELL__/ subpartitions 2  (/__MAXWELL__/
[1] 23:43:28,711 DEBUG SchemaChange - SQL_PARSE <- "create table t5 (colint int, col1 int) engine='MYISAM'  partition by list/__MAXWELL__/ subpartition by hash/__MAXWELL__/ subpartitions 2  (/__MAXWELL__/"
[1] 23:43:28,711 DEBUG SchemaChange - SQL_PARSE ->   (parse (statement (create_table (create_table_preamble create table (table_name (name (id t5)))) (create_specifications ( (create_specification (column_definition (name (id colint)) (data_type (signed_type int)))) , (create_specification (column_definition (name (id col1)) (data_type (signed_type int)))) )) (table_creation_option (creation_engine engine = (string_literal 'MYISAM'))) (table_creation_option (partition_by partition by (partition_by_what list (skip_parens /__MAXWELL__/)) (subpartition_by subpartition by (partition_by_what hash (skip_parens /__MAXWELL__/)) subpartitions 2) (partition_definitions ( (skip_parens_inside_partition_definitions /__MAXWELL__/)))))) <EOF>)
[1] 23:43:28,711 DEBUG SchemaChange - SQL_PARSE <- "create table t5 (colint int, col1 time) engine='MYISAM'  partition by list(colint) subpartition by hash(hour(col1)) subpartitions 2  (partition p0 values in (1,2,3,4,5,6,7,8,9,10), partition p1 values in (11,12,13,14,15,16,17,18,19,20), partition p2 values in (21,22,23,24,25,26,27,28,29,30), partition p3 values in (31,32,33,34,35,36,37,38,39,40), partition p4 values in (41,42,43,44,45,46,47,48,49,50), partition p5 values in (51,52,53,54,55,56,57,58,59,60) )"
[1] 23:43:28,712 DEBUG SchemaChange - rewrote SQL to create table t5 (colint int, col1 time) engine='MYISAM'  partition by list/__MAXWELL__/ subpartition by hash(hour(col1)) subpartitions 2  (partition p0 values in (1,2,3,4,5,6,7,8,9,10), partition p1 values in (11,12,13,14,15,16,17,18,19,20), partition p2 values in (21,22,23,24,25,26,27,28,29,30), partition p3 values in (31,32,33,34,35,36,37,38,39,40), partition p4 values in (41,42,43,44,45,46,47,48,49,50), partition p5 values in (51,52,53,54,55,56,57,58,59,60) )
[1] 23:43:28,712 DEBUG SchemaChange - SQL_PARSE <- "create table t5 (colint int, col1 time) engine='MYISAM'  partition by list/__MAXWELL__/ subpartition by hash(hour(col1)) subpartitions 2  (partition p0 values in (1,2,3,4,5,6,7,8,9,10), partition p1 values in (11,12,13,14,15,16,17,18,19,20), partition p2 values in (21,22,23,24,25,26,27,28,29,30), partition p3 values in (31,32,33,34,35,36,37,38,39,40), partition p4 values in (41,42,43,44,45,46,47,48,49,50), partition p5 values in (51,52,53,54,55,56,57,58,59,60) )"
[1] 23:43:28,712 DEBUG SchemaChange - rewrote SQL to create table t5 (colint int, col1 time) engine='MYISAM'  partition by list/__MAXWELL__/ subpartition by hash/__MAXWELL__/ subpartitions 2  (partition p0 values in (1,2,3,4,5,6,7,8,9,10), partition p1 values in (11,12,13,14,15,16,17,18,19,20), partition p2 values in (21,22,23,24,25,26,27,28,29,30), partition p3 values in (31,32,33,34,35,36,37,38,39,40), partition p4 values in (41,42,43,44,45,46,47,48,49,50), partition p5 values in (51,52,53,54,55,56,57,58,59,60) )
[1] 23:43:28,712 DEBUG SchemaChange - SQL_PARSE <- "create table t5 (colint int, col1 time) engine='MYISAM'  partition by list/__MAXWELL__/ subpartition by hash/__MAXWELL__/ subpartitions 2  (partition p0 values in (1,2,3,4,5,6,7,8,9,10), partition p1 values in (11,12,13,14,15,16,17,18,19,20), partition p2 values in (21,22,23,24,25,26,27,28,29,30), partition p3 values in (31,32,33,34,35,36,37,38,39,40), partition p4 values in (41,42,43,44,45,46,47,48,49,50), partition p5 values in (51,52,53,54,55,56,57,58,59,60) )"
[1] 23:43:28,712 DEBUG SchemaChange - rewrote SQL to create table t5 (colint int, col1 time) engine='MYISAM'  partition by list/__MAXWELL__/ subpartition by hash/__MAXWELL__/ subpartitions 2  (/__MAXWELL__/
[1] 23:43:28,712 DEBUG SchemaChange - SQL_PARSE <- "create table t5 (colint int, col1 time) engine='MYISAM'  partition by list/__MAXWELL__/ subpartition by hash/__MAXWELL__/ subpartitions 2  (/__MAXWELL__/"
[1] 23:43:28,712 DEBUG SchemaChange - SQL_PARSE ->   (parse (statement (create_table (create_table_preamble create table (table_name (name (id t5)))) (create_specifications ( (create_specification (column_definition (name (id colint)) (data_type (signed_type int)))) , (create_specification (column_definition (name (id col1)) (data_type (generic_type time)))) )) (table_creation_option (creation_engine engine = (string_literal 'MYISAM'))) (table_creation_option (partition_by partition by (partition_by_what list (skip_parens /__MAXWELL__/)) (subpartition_by subpartition by (partition_by_what hash (skip_parens /__MAXWELL__/)) subpartitions 2) (partition_definitions ( (skip_parens_inside_partition_definitions /__MAXWELL__/)))))) <EOF>)
[1] 23:43:28,712 DEBUG SchemaChange - SQL_PARSE <- "create table t5 (colint int, col1 time) engine='MYISAM'  partition by list(colint) subpartition by hash(microsecond(col1)) subpartitions 2  (partition p0 values in (1,2,3,4,5,6,7,8,9,10), partition p1 values in (11,12,13,14,15,16,17,18,19,20), partition p2 values in (21,22,23,24,25,26,27,28,29,30), partition p3 values in (31,32,33,34,35,36,37,38,39,40), partition p4 values in (41,42,43,44,45,46,47,48,49,50), partition p5 values in (51,52,53,54,55,56,57,58,59,60) )"
[1] 23:43:28,713 DEBUG SchemaChange - rewrote SQL to create table t5 (colint int, col1 time) engine='MYISAM'  partition by list/__MAXWELL__/ subpartition by hash(microsecond(col1)) subpartitions 2  (partition p0 values in (1,2,3,4,5,6,7,8,9,10), partition p1 values in (11,12,13,14,15,16,17,18,19,20), partition p2 values in (21,22,23,24,25,26,27,28,29,30), partition p3 values in (31,32,33,34,35,36,37,38,39,40), partition p4 values in (41,42,43,44,45,46,47,48,49,50), partition p5 values in (51,52,53,54,55,56,57,58,59,60) )
[1] 23:43:28,713 DEBUG SchemaChange - SQL_PARSE <- "create table t5 (colint int, col1 time) engine='MYISAM'  partition by list/__MAXWELL__/ subpartition by hash(microsecond(col1)) subpartitions 2  (partition p0 values in (1,2,3,4,5,6,7,8,9,10), partition p1 values in (11,12,13,14,15,16,17,18,19,20), partition p2 values in (21,22,23,24,25,26,27,28,29,30), partition p3 values in (31,32,33,34,35,36,37,38,39,40), partition p4 values in (41,42,43,44,45,46,47,48,49,50), partition p5 values in (51,52,53,54,55,56,57,58,59,60) )"
[1] 23:43:28,713 DEBUG SchemaChange - rewrote SQL to create table t5 (colint int, col1 time) engine='MYISAM'  partition by list/__MAXWELL__/ subpartition by hash/__MAXWELL__/ subpartitions 2  (partition p0 values in (1,2,3,4,5,6,7,8,9,10), partition p1 values in (11,12,13,14,15,16,17,18,19,20), partition p2 values in (21,22,23,24,25,26,27,28,29,30), partition p3 values in (31,32,33,34,35,36,37,38,39,40), partition p4 values in (41,42,43,44,45,46,47,48,49,50), partition p5 values in (51,52,53,54,55,56,57,58,59,60) )
[1] 23:43:28,713 DEBUG SchemaChange - SQL_PARSE <- "create table t5 (colint int, col1 time) engine='MYISAM'  partition by list/__MAXWELL__/ subpartition by hash/__MAXWELL__/ subpartitions 2  (partition p0 values in (1,2,3,4,5,6,7,8,9,10), partition p1 values in (11,12,13,14,15,16,17,18,19,20), partition p2 values in (21,22,23,24,25,26,27,28,29,30), partition p3 values in (31,32,33,34,35,36,37,38,39,40), partition p4 values in (41,42,43,44,45,46,47,48,49,50), partition p5 values in (51,52,53,54,55,56,57,58,59,60) )"
[1] 23:43:28,713 DEBUG SchemaChange - rewrote SQL to create table t5 (colint int, col1 time) engine='MYISAM'  partition by list/__MAXWELL__/ subpartition by hash/__MAXWELL__/ subpartitions 2  (/__MAXWELL__/
[1] 23:43:28,713 DEBUG SchemaChange - SQL_PARSE <- "create table t5 (colint int, col1 time) engine='MYISAM'  partition by list/__MAXWELL__/ subpartition by hash/__MAXWELL__/ subpartitions 2  (/__MAXWELL__/"
[1] 23:43:28,713 DEBUG SchemaChange - SQL_PARSE ->   (parse (statement (create_table (create_table_preamble create table (table_name (name (id t5)))) (create_specifications ( (create_specification (column_definition (name (id colint)) (data_type (signed_type int)))) , (create_specification (column_definition (name (id col1)) (data_type (generic_type time)))) )) (table_creation_option (creation_engine engine = (string_literal 'MYISAM'))) (table_creation_option (partition_by partition by (partition_by_what list (skip_parens /__MAXWELL__/)) (subpartition_by subpartition by (partition_by_what hash (skip_parens /__MAXWELL__/)) subpartitions 2) (partition_definitions ( (skip_parens_inside_partition_definitions /__MAXWELL__/)))))) <EOF>)
[1] 23:43:28,713 DEBUG SchemaChange - SQL_PARSE <- "create table t5 (colint int, col1 time) engine='MYISAM'  partition by list(colint) subpartition by hash(minute(col1)) subpartitions 2  (partition p0 values in (1,2,3,4,5,6,7,8,9,10), partition p1 values in (11,12,13,14,15,16,17,18,19,20), partition p2 values in (21,22,23,24,25,26,27,28,29,30), partition p3 values in (31,32,33,34,35,36,37,38,39,40), partition p4 values in (41,42,43,44,45,46,47,48,49,50), partition p5 values in (51,52,53,54,55,56,57,58,59,60) )"
[1] 23:43:28,714 DEBUG SchemaChange - rewrote SQL to create table t5 (colint int, col1 time) engine='MYISAM'  partition by list/__MAXWELL__/ subpartition by hash(minute(col1)) subpartitions 2  (partition p0 values in (1,2,3,4,5,6,7,8,9,10), partition p1 values in (11,12,13,14,15,16,17,18,19,20), partition p2 values in (21,22,23,24,25,26,27,28,29,30), partition p3 values in (31,32,33,34,35,36,37,38,39,40), partition p4 values in (41,42,43,44,45,46,47,48,49,50), partition p5 values in (51,52,53,54,55,56,57,58,59,60) )
[1] 23:43:28,714 DEBUG SchemaChange - SQL_PARSE <- "create table t5 (colint int, col1 time) engine='MYISAM'  partition by list/__MAXWELL__/ subpartition by hash(minute(col1)) subpartitions 2  (partition p0 values in (1,2,3,4,5,6,7,8,9,10), partition p1 values in (11,12,13,14,15,16,17,18,19,20), partition p2 values in (21,22,23,24,25,26,27,28,29,30), partition p3 values in (31,32,33,34,35,36,37,38,39,40), partition p4 values in (41,42,43,44,45,46,47,48,49,50), partition p5 values in (51,52,53,54,55,56,57,58,59,60) )"
[1] 23:43:28,714 DEBUG SchemaChange - rewrote SQL to create table t5 (colint int, col1 time) engine='MYISAM'  partition by list/__MAXWELL__/ subpartition by hash/__MAXWELL__/ subpartitions 2  (partition p0 values in (1,2,3,4,5,6,7,8,9,10), partition p1 values in (11,12,13,14,15,16,17,18,19,20), partition p2 values in (21,22,23,24,25,26,27,28,29,30), partition p3 values in (31,32,33,34,35,36,37,38,39,40), partition p4 values in (41,42,43,44,45,46,47,48,49,50), partition p5 values in (51,52,53,54,55,56,57,58,59,60) )
[1] 23:43:28,714 DEBUG SchemaChange - SQL_PARSE <- "create table t5 (colint int, col1 time) engine='MYISAM'  partition by list/__MAXWELL__/ subpartition by hash/__MAXWELL__/ subpartitions 2  (partition p0 values in (1,2,3,4,5,6,7,8,9,10), partition p1 values in (11,12,13,14,15,16,17,18,19,20), partition p2 values in (21,22,23,24,25,26,27,28,29,30), partition p3 values in (31,32,33,34,35,36,37,38,39,40), partition p4 values in (41,42,43,44,45,46,47,48,49,50), partition p5 values in (51,52,53,54,55,56,57,58,59,60) )"
[1] 23:43:28,714 DEBUG SchemaChange - rewrote SQL to create table t5 (colint int, col1 time) engine='MYISAM'  partition by list/__MAXWELL__/ subpartition by hash/__MAXWELL__/ subpartitions 2  (/__MAXWELL__/
[1] 23:43:28,714 DEBUG SchemaChange - SQL_PARSE <- "create table t5 (colint int, col1 time) engine='MYISAM'  partition by list/__MAXWELL__/ subpartition by hash/__MAXWELL__/ subpartitions 2  (/__MAXWELL__/"
[1] 23:43:28,714 DEBUG SchemaChange - SQL_PARSE ->   (parse (statement (create_table (create_table_preamble create table (table_name (name (id t5)))) (create_specifications ( (create_specification (column_definition (name (id colint)) (data_type (signed_type int)))) , (create_specification (column_definition (name (id col1)) (data_type (generic_type time)))) )) (table_creation_option (creation_engine engine = (string_literal 'MYISAM'))) (table_creation_option (partition_by partition by (partition_by_what list (skip_parens /__MAXWELL__/)) (subpartition_by subpartition by (partition_by_what hash (skip_parens /__MAXWELL__/)) subpartitions 2) (partition_definitions ( (skip_parens_inside_partition_definitions /__MAXWELL__/)))))) <EOF>)
[1] 23:43:28,714 DEBUG SchemaChange - SQL_PARSE <- "create table t5 (colint int, col1 time) engine='MYISAM'  partition by list(colint) subpartition by hash(second(col1)) subpartitions 2  (partition p0 values in (1,2,3,4,5,6,7,8,9,10), partition p1 values in (11,12,13,14,15,16,17,18,19,20), partition p2 values in (21,22,23,24,25,26,27,28,29,30), partition p3 values in (31,32,33,34,35,36,37,38,39,40), partition p4 values in (41,42,43,44,45,46,47,48,49,50), partition p5 values in (51,52,53,54,55,56,57,58,59,60) )"
[1] 23:43:28,715 DEBUG SchemaChange - rewrote SQL to create table t5 (colint int, col1 time) engine='MYISAM'  partition by list/__MAXWELL__/ subpartition by hash(second(col1)) subpartitions 2  (partition p0 values in (1,2,3,4,5,6,7,8,9,10), partition p1 values in (11,12,13,14,15,16,17,18,19,20), partition p2 values in (21,22,23,24,25,26,27,28,29,30), partition p3 values in (31,32,33,34,35,36,37,38,39,40), partition p4 values in (41,42,43,44,45,46,47,48,49,50), partition p5 values in (51,52,53,54,55,56,57,58,59,60) )
[1] 23:43:28,715 DEBUG SchemaChange - SQL_PARSE <- "create table t5 (colint int, col1 time) engine='MYISAM'  partition by list/__MAXWELL__/ subpartition by hash(second(col1)) subpartitions 2  (partition p0 values in (1,2,3,4,5,6,7,8,9,10), partition p1 values in (11,12,13,14,15,16,17,18,19,20), partition p2 values in (21,22,23,24,25,26,27,28,29,30), partition p3 values in (31,32,33,34,35,36,37,38,39,40), partition p4 values in (41,42,43,44,45,46,47,48,49,50), partition p5 values in (51,52,53,54,55,56,57,58,59,60) )"
[1] 23:43:28,715 DEBUG SchemaChange - rewrote SQL to create table t5 (colint int, col1 time) engine='MYISAM'  partition by list/__MAXWELL__/ subpartition by hash/__MAXWELL__/ subpartitions 2  (partition p0 values in (1,2,3,4,5,6,7,8,9,10), partition p1 values in (11,12,13,14,15,16,17,18,19,20), partition p2 values in (21,22,23,24,25,26,27,28,29,30), partition p3 values in (31,32,33,34,35,36,37,38,39,40), partition p4 values in (41,42,43,44,45,46,47,48,49,50), partition p5 values in (51,52,53,54,55,56,57,58,59,60) )
[1] 23:43:28,715 DEBUG SchemaChange - SQL_PARSE <- "create table t5 (colint int, col1 time) engine='MYISAM'  partition by list/__MAXWELL__/ subpartition by hash/__MAXWELL__/ subpartitions 2  (partition p0 values in (1,2,3,4,5,6,7,8,9,10), partition p1 values in (11,12,13,14,15,16,17,18,19,20), partition p2 values in (21,22,23,24,25,26,27,28,29,30), partition p3 values in (31,32,33,34,35,36,37,38,39,40), partition p4 values in (41,42,43,44,45,46,47,48,49,50), partition p5 values in (51,52,53,54,55,56,57,58,59,60) )"
[1] 23:43:28,715 DEBUG SchemaChange - rewrote SQL to create table t5 (colint int, col1 time) engine='MYISAM'  partition by list/__MAXWELL__/ subpartition by hash/__MAXWELL__/ subpartitions 2  (/__MAXWELL__/
[1] 23:43:28,715 DEBUG SchemaChange - SQL_PARSE <- "create table t5 (colint int, col1 time) engine='MYISAM'  partition by list/__MAXWELL__/ subpartition by hash/__MAXWELL__/ subpartitions 2  (/__MAXWELL__/"
[1] 23:43:28,715 DEBUG SchemaChange - SQL_PARSE ->   (parse (statement (create_table (create_table_preamble create table (table_name (name (id t5)))) (create_specifications ( (create_specification (column_definition (name (id colint)) (data_type (signed_type int)))) , (create_specification (column_definition (name (id col1)) (data_type (generic_type time)))) )) (table_creation_option (creation_engine engine = (string_literal 'MYISAM'))) (table_creation_option (partition_by partition by (partition_by_what list (skip_parens /__MAXWELL__/)) (subpartition_by subpartition by (partition_by_what hash (skip_parens /__MAXWELL__/)) subpartitions 2) (partition_definitions ( (skip_parens_inside_partition_definitions /__MAXWELL__/)))))) <EOF>)
[1] 23:43:28,715 DEBUG SchemaChange - SQL_PARSE <- "create table t5 (colint int, col1 time) engine='MYISAM'  partition by list(colint) subpartition by hash(time_to_sec(col1)-(time_to_sec(col1)-20)) subpartitions 2  (partition p0 values in (1,2,3,4,5,6,7,8,9,10), partition p1 values in (11,12,13,14,15,16,17,18,19,20), partition p2 values in (21,22,23,24,25,26,27,28,29,30), partition p3 values in (31,32,33,34,35,36,37,38,39,40), partition p4 values in (41,42,43,44,45,46,47,48,49,50), partition p5 values in (51,52,53,54,55,56,57,58,59,60) )"
[1] 23:43:28,716 DEBUG SchemaChange - rewrote SQL to create table t5 (colint int, col1 time) engine='MYISAM'  partition by list/__MAXWELL__/ subpartition by hash(time_to_sec(col1)-(time_to_sec(col1)-20)) subpartitions 2  (partition p0 values in (1,2,3,4,5,6,7,8,9,10), partition p1 values in (11,12,13,14,15,16,17,18,19,20), partition p2 values in (21,22,23,24,25,26,27,28,29,30), partition p3 values in (31,32,33,34,35,36,37,38,39,40), partition p4 values in (41,42,43,44,45,46,47,48,49,50), partition p5 values in (51,52,53,54,55,56,57,58,59,60) )
[1] 23:43:28,716 DEBUG SchemaChange - SQL_PARSE <- "create table t5 (colint int, col1 time) engine='MYISAM'  partition by list/__MAXWELL__/ subpartition by hash(time_to_sec(col1)-(time_to_sec(col1)-20)) subpartitions 2  (partition p0 values in (1,2,3,4,5,6,7,8,9,10), partition p1 values in (11,12,13,14,15,16,17,18,19,20), partition p2 values in (21,22,23,24,25,26,27,28,29,30), partition p3 values in (31,32,33,34,35,36,37,38,39,40), partition p4 values in (41,42,43,44,45,46,47,48,49,50), partition p5 values in (51,52,53,54,55,56,57,58,59,60) )"
[1] 23:43:28,716 DEBUG SchemaChange - rewrote SQL to create table t5 (colint int, col1 time) engine='MYISAM'  partition by list/__MAXWELL__/ subpartition by hash/__MAXWELL__/ subpartitions 2  (partition p0 values in (1,2,3,4,5,6,7,8,9,10), partition p1 values in (11,12,13,14,15,16,17,18,19,20), partition p2 values in (21,22,23,24,25,26,27,28,29,30), partition p3 values in (31,32,33,34,35,36,37,38,39,40), partition p4 values in (41,42,43,44,45,46,47,48,49,50), partition p5 values in (51,52,53,54,55,56,57,58,59,60) )
[1] 23:43:28,716 DEBUG SchemaChange - SQL_PARSE <- "create table t5 (colint int, col1 time) engine='MYISAM'  partition by list/__MAXWELL__/ subpartition by hash/__MAXWELL__/ subpartitions 2  (partition p0 values in (1,2,3,4,5,6,7,8,9,10), partition p1 values in (11,12,13,14,15,16,17,18,19,20), partition p2 values in (21,22,23,24,25,26,27,28,29,30), partition p3 values in (31,32,33,34,35,36,37,38,39,40), partition p4 values in (41,42,43,44,45,46,47,48,49,50), partition p5 values in (51,52,53,54,55,56,57,58,59,60) )"
[1] 23:43:28,716 DEBUG SchemaChange - rewrote SQL to create table t5 (colint int, col1 time) engine='MYISAM'  partition by list/__MAXWELL__/ subpartition by hash/__MAXWELL__/ subpartitions 2  (/__MAXWELL__/
[1] 23:43:28,716 DEBUG SchemaChange - SQL_PARSE <- "create table t5 (colint int, col1 time) engine='MYISAM'  partition by list/__MAXWELL__/ subpartition by hash/__MAXWELL__/ subpartitions 2  (/__MAXWELL__/"
[1] 23:43:28,716 DEBUG SchemaChange - SQL_PARSE ->   (parse (statement (create_table (create_table_preamble create table (table_name (name (id t5)))) (create_specifications ( (create_specification (column_definition (name (id colint)) (data_type (signed_type int)))) , (create_specification (column_definition (name (id col1)) (data_type (generic_type time)))) )) (table_creation_option (creation_engine engine = (string_literal 'MYISAM'))) (table_creation_option (partition_by partition by (partition_by_what list (skip_parens /__MAXWELL__/)) (subpartition_by subpartition by (partition_by_what hash (skip_parens /__MAXWELL__/)) subpartitions 2) (partition_definitions ( (skip_parens_inside_partition_definitions /__MAXWELL__/)))))) <EOF>)
[1] 23:43:28,717 DEBUG SchemaChange - SQL_PARSE <- "create table t6 (a int not null) partition by LIST(a) ( partition p1 values in (1), partition p3 values in (3), partition p5 values in (5), partition p7 values in (7), partition p9 values in (9) )"
[1] 23:43:28,717 DEBUG SchemaChange - rewrote SQL to create table t6 (a int not null) partition by LIST/__MAXWELL__/ ( partition p1 values in (1), partition p3 values in (3), partition p5 values in (5), partition p7 values in (7), partition p9 values in (9) )
[1] 23:43:28,717 DEBUG SchemaChange - SQL_PARSE <- "create table t6 (a int not null) partition by LIST/__MAXWELL__/ ( partition p1 values in (1), partition p3 values in (3), partition p5 values in (5), partition p7 values in (7), partition p9 values in (9) )"
[1] 23:43:28,717 DEBUG SchemaChange - rewrote SQL to create table t6 (a int not null) partition by LIST/__MAXWELL__/ ( /__MAXWELL__/
[1] 23:43:28,717 DEBUG SchemaChange - SQL_PARSE <- "create table t6 (a int not null) partition by LIST/__MAXWELL__/ ( /__MAXWELL__/"
[1] 23:43:28,717 DEBUG SchemaChange - SQL_PARSE ->   (parse (statement (create_table (create_table_preamble create table (table_name (name (id t6)))) (create_specifications ( (create_specification (column_definition (name (id a)) (data_type (signed_type int (column_options (nullability not null)))))) )) (table_creation_option (partition_by partition by (partition_by_what LIST (skip_parens /__MAXWELL__/)) (partition_definitions ( (skip_parens_inside_partition_definitions /__MAXWELL__/)))))) <EOF>)
[1] 23:43:28,717 DEBUG SchemaChange - SQL_PARSE <- "create table t6 (a int unsigned not null) partition by LIST(a) ( partition p1 values in (1), partition p3 values in (3), partition p5 values in (5), partition p7 values in (7), partition p9 values in (9) )"
[1] 23:43:28,717 DEBUG SchemaChange - rewrote SQL to create table t6 (a int unsigned not null) partition by LIST/__MAXWELL__/ ( partition p1 values in (1), partition p3 values in (3), partition p5 values in (5), partition p7 values in (7), partition p9 values in (9) )
[1] 23:43:28,717 DEBUG SchemaChange - SQL_PARSE <- "create table t6 (a int unsigned not null) partition by LIST/__MAXWELL__/ ( partition p1 values in (1), partition p3 values in (3), partition p5 values in (5), partition p7 values in (7), partition p9 values in (9) )"
[1] 23:43:28,717 DEBUG SchemaChange - rewrote SQL to create table t6 (a int unsigned not null) partition by LIST/__MAXWELL__/ ( /__MAXWELL__/
[1] 23:43:28,717 DEBUG SchemaChange - SQL_PARSE <- "create table t6 (a int unsigned not null) partition by LIST/__MAXWELL__/ ( /__MAXWELL__/"
[1] 23:43:28,718 DEBUG SchemaChange - SQL_PARSE ->   (parse (statement (create_table (create_table_preamble create table (table_name (name (id t6)))) (create_specifications ( (create_specification (column_definition (name (id a)) (data_type (signed_type int (int_flags unsigned) (column_options (nullability not null)))))) )) (table_creation_option (partition_by partition by (partition_by_what LIST (skip_parens /__MAXWELL__/)) (partition_definitions ( (skip_parens_inside_partition_definitions /__MAXWELL__/)))))) <EOF>)
[1] 23:43:28,718 DEBUG SchemaChange - SQL_PARSE <- "create table t6 (colint int, col1 date) engine='MYISAM'  partition by range(colint)  (partition p0 values less than (day('2006-12-21')), partition p1 values less than maxvalue)"
[1] 23:43:28,718 DEBUG SchemaChange - rewrote SQL to create table t6 (colint int, col1 date) engine='MYISAM'  partition by range/__MAXWELL__/  (partition p0 values less than (day('2006-12-21')), partition p1 values less than maxvalue)
[1] 23:43:28,718 DEBUG SchemaChange - SQL_PARSE <- "create table t6 (colint int, col1 date) engine='MYISAM'  partition by range/__MAXWELL__/  (partition p0 values less than (day('2006-12-21')), partition p1 values less than maxvalue)"
[1] 23:43:28,718 DEBUG SchemaChange - rewrote SQL to create table t6 (colint int, col1 date) engine='MYISAM'  partition by range/__MAXWELL__/  (/__MAXWELL__/
[1] 23:43:28,718 DEBUG SchemaChange - SQL_PARSE <- "create table t6 (colint int, col1 date) engine='MYISAM'  partition by range/__MAXWELL__/  (/__MAXWELL__/"
[1] 23:43:28,718 DEBUG SchemaChange - SQL_PARSE ->   (parse (statement (create_table (create_table_preamble create table (table_name (name (id t6)))) (create_specifications ( (create_specification (column_definition (name (id colint)) (data_type (signed_type int)))) , (create_specification (column_definition (name (id col1)) (data_type (generic_type date)))) )) (table_creation_option (creation_engine engine = (string_literal 'MYISAM'))) (table_creation_option (partition_by partition by (partition_by_what range (skip_parens /__MAXWELL__/)) (partition_definitions ( (skip_parens_inside_partition_definitions /__MAXWELL__/)))))) <EOF>)
[1] 23:43:28,718 DEBUG SchemaChange - SQL_PARSE <- "create table t6 (colint int, col1 date) engine='MYISAM'  partition by range(colint)  (partition p0 values less than (dayofmonth('2006-12-24')), partition p1 values less than maxvalue)"
[1] 23:43:28,719 DEBUG SchemaChange - rewrote SQL to create table t6 (colint int, col1 date) engine='MYISAM'  partition by range/__MAXWELL__/  (partition p0 values less than (dayofmonth('2006-12-24')), partition p1 values less than maxvalue)
[1] 23:43:28,719 DEBUG SchemaChange - SQL_PARSE <- "create table t6 (colint int, col1 date) engine='MYISAM'  partition by range/__MAXWELL__/  (partition p0 values less than (dayofmonth('2006-12-24')), partition p1 values less than maxvalue)"
[1] 23:43:28,719 DEBUG SchemaChange - rewrote SQL to create table t6 (colint int, col1 date) engine='MYISAM'  partition by range/__MAXWELL__/  (/__MAXWELL__/
[1] 23:43:28,719 DEBUG SchemaChange - SQL_PARSE <- "create table t6 (colint int, col1 date) engine='MYISAM'  partition by range/__MAXWELL__/  (/__MAXWELL__/"
[1] 23:43:28,719 DEBUG SchemaChange - SQL_PARSE ->   (parse (statement (create_table (create_table_preamble create table (table_name (name (id t6)))) (create_specifications ( (create_specification (column_definition (name (id colint)) (data_type (signed_type int)))) , (create_specification (column_definition (name (id col1)) (data_type (generic_type date)))) )) (table_creation_option (creation_engine engine = (string_literal 'MYISAM'))) (table_creation_option (partition_by partition by (partition_by_what range (skip_parens /__MAXWELL__/)) (partition_definitions ( (skip_parens_inside_partition_definitions /__MAXWELL__/)))))) <EOF>)
[1] 23:43:28,719 DEBUG SchemaChange - SQL_PARSE <- "create table t6 (colint int, col1 date) engine='MYISAM'  partition by range(colint)  (partition p0 values less than (dayofweek('2006-12-24')), partition p1 values less than maxvalue)"
[1] 23:43:28,719 DEBUG SchemaChange - rewrote SQL to create table t6 (colint int, col1 date) engine='MYISAM'  partition by range/__MAXWELL__/  (partition p0 values less than (dayofweek('2006-12-24')), partition p1 values less than maxvalue)
[1] 23:43:28,719 DEBUG SchemaChange - SQL_PARSE <- "create table t6 (colint int, col1 date) engine='MYISAM'  partition by range/__MAXWELL__/  (partition p0 values less than (dayofweek('2006-12-24')), partition p1 values less than maxvalue)"
[1] 23:43:28,720 DEBUG SchemaChange - rewrote SQL to create table t6 (colint int, col1 date) engine='MYISAM'  partition by range/__MAXWELL__/  (/__MAXWELL__/
[1] 23:43:28,720 DEBUG SchemaChange - SQL_PARSE <- "create table t6 (colint int, col1 date) engine='MYISAM'  partition by range/__MAXWELL__/  (/__MAXWELL__/"
[1] 23:43:28,720 DEBUG SchemaChange - SQL_PARSE ->   (parse (statement (create_table (create_table_preamble create table (table_name (name (id t6)))) (create_specifications ( (create_specification (column_definition (name (id colint)) (data_type (signed_type int)))) , (create_specification (column_definition (name (id col1)) (data_type (generic_type date)))) )) (table_creation_option (creation_engine engine = (string_literal 'MYISAM'))) (table_creation_option (partition_by partition by (partition_by_what range (skip_parens /__MAXWELL__/)) (partition_definitions ( (skip_parens_inside_partition_definitions /__MAXWELL__/)))))) <EOF>)
[1] 23:43:28,720 DEBUG SchemaChange - SQL_PARSE <- "create table t6 (colint int, col1 date) engine='MYISAM'  partition by range(colint)  (partition p0 values less than (dayofyear('2006-12-25')), partition p1 values less than maxvalue)"
[1] 23:43:28,720 DEBUG SchemaChange - rewrote SQL to create table t6 (colint int, col1 date) engine='MYISAM'  partition by range/__MAXWELL__/  (partition p0 values less than (dayofyear('2006-12-25')), partition p1 values less than maxvalue)
[1] 23:43:28,720 DEBUG SchemaChange - SQL_PARSE <- "create table t6 (colint int, col1 date) engine='MYISAM'  partition by range/__MAXWELL__/  (partition p0 values less than (dayofyear('2006-12-25')), partition p1 values less than maxvalue)"
[1] 23:43:28,720 DEBUG SchemaChange - rewrote SQL to create table t6 (colint int, col1 date) engine='MYISAM'  partition by range/__MAXWELL__/  (/__MAXWELL__/
[1] 23:43:28,720 DEBUG SchemaChange - SQL_PARSE <- "create table t6 (colint int, col1 date) engine='MYISAM'  partition by range/__MAXWELL__/  (/__MAXWELL__/"
[1] 23:43:28,720 DEBUG SchemaChange - SQL_PARSE ->   (parse (statement (create_table (create_table_preamble create table (table_name (name (id t6)))) (create_specifications ( (create_specification (column_definition (name (id colint)) (data_type (signed_type int)))) , (create_specification (column_definition (name (id col1)) (data_type (generic_type date)))) )) (table_creation_option (creation_engine engine = (string_literal 'MYISAM'))) (table_creation_option (partition_by partition by (partition_by_what range (skip_parens /__MAXWELL__/)) (partition_definitions ( (skip_parens_inside_partition_definitions /__MAXWELL__/)))))) <EOF>)
[1] 23:43:28,721 DEBUG SchemaChange - SQL_PARSE <- "create table t6 (colint int, col1 date) engine='MYISAM'  partition by range(colint)  (partition p0 values less than (extract(year from '1998-11-23')), partition p1 values less than maxvalue)"
[1] 23:43:28,721 DEBUG SchemaChange - rewrote SQL to create table t6 (colint int, col1 date) engine='MYISAM'  partition by range/__MAXWELL__/  (partition p0 values less than (extract(year from '1998-11-23')), partition p1 values less than maxvalue)
[1] 23:43:28,721 DEBUG SchemaChange - SQL_PARSE <- "create table t6 (colint int, col1 date) engine='MYISAM'  partition by range/__MAXWELL__/  (partition p0 values less than (extract(year from '1998-11-23')), partition p1 values less than maxvalue)"
[1] 23:43:28,721 DEBUG SchemaChange - rewrote SQL to create table t6 (colint int, col1 date) engine='MYISAM'  partition by range/__MAXWELL__/  (/__MAXWELL__/
[1] 23:43:28,721 DEBUG SchemaChange - SQL_PARSE <- "create table t6 (colint int, col1 date) engine='MYISAM'  partition by range/__MAXWELL__/  (/__MAXWELL__/"
[1] 23:43:28,721 DEBUG SchemaChange - SQL_PARSE ->   (parse (statement (create_table (create_table_preamble create table (table_name (name (id t6)))) (create_specifications ( (create_specification (column_definition (name (id colint)) (data_type (signed_type int)))) , (create_specification (column_definition (name (id col1)) (data_type (generic_type date)))) )) (table_creation_option (creation_engine engine = (string_literal 'MYISAM'))) (table_creation_option (partition_by partition by (partition_by_what range (skip_parens /__MAXWELL__/)) (partition_definitions ( (skip_parens_inside_partition_definitions /__MAXWELL__/)))))) <EOF>)
[1] 23:43:28,721 DEBUG SchemaChange - SQL_PARSE <- "create table t6 (colint int, col1 date) engine='MYISAM'  partition by range(colint)  (partition p0 values less than (month('2006-10-14')), partition p1 values less than maxvalue)"
[1] 23:43:28,721 DEBUG SchemaChange - rewrote SQL to create table t6 (colint int, col1 date) engine='MYISAM'  partition by range/__MAXWELL__/  (partition p0 values less than (month('2006-10-14')), partition p1 values less than maxvalue)
[1] 23:43:28,721 DEBUG SchemaChange - SQL_PARSE <- "create table t6 (colint int, col1 date) engine='MYISAM'  partition by range/__MAXWELL__/  (partition p0 values less than (month('2006-10-14')), partition p1 values less than maxvalue)"
[1] 23:43:28,721 DEBUG SchemaChange - rewrote SQL to create table t6 (colint int, col1 date) engine='MYISAM'  partition by range/__MAXWELL__/  (/__MAXWELL__/
[1] 23:43:28,721 DEBUG SchemaChange - SQL_PARSE <- "create table t6 (colint int, col1 date) engine='MYISAM'  partition by range/__MAXWELL__/  (/__MAXWELL__/"
[1] 23:43:28,722 DEBUG SchemaChange - SQL_PARSE ->   (parse (statement (create_table (create_table_preamble create table (table_name (name (id t6)))) (create_specifications ( (create_specification (column_definition (name (id colint)) (data_type (signed_type int)))) , (create_specification (column_definition (name (id col1)) (data_type (generic_type date)))) )) (table_creation_option (creation_engine engine = (string_literal 'MYISAM'))) (table_creation_option (partition_by partition by (partition_by_what range (skip_parens /__MAXWELL__/)) (partition_definitions ( (skip_parens_inside_partition_definitions /__MAXWELL__/)))))) <EOF>)
[1] 23:43:28,722 DEBUG SchemaChange - SQL_PARSE <- "create table t6 (colint int, col1 date) engine='MYISAM'  partition by range(colint)  (partition p0 values less than (quarter('2006-10-14')), partition p1 values less than maxvalue)"
[1] 23:43:28,722 DEBUG SchemaChange - rewrote SQL to create table t6 (colint int, col1 date) engine='MYISAM'  partition by range/__MAXWELL__/  (partition p0 values less than (quarter('2006-10-14')), partition p1 values less than maxvalue)
[1] 23:43:28,722 DEBUG SchemaChange - SQL_PARSE <- "create table t6 (colint int, col1 date) engine='MYISAM'  partition by range/__MAXWELL__/  (partition p0 values less than (quarter('2006-10-14')), partition p1 values less than maxvalue)"
[1] 23:43:28,722 DEBUG SchemaChange - rewrote SQL to create table t6 (colint int, col1 date) engine='MYISAM'  partition by range/__MAXWELL__/  (/__MAXWELL__/
[1] 23:43:28,722 DEBUG SchemaChange - SQL_PARSE <- "create table t6 (colint int, col1 date) engine='MYISAM'  partition by range/__MAXWELL__/  (/__MAXWELL__/"
[1] 23:43:28,722 DEBUG SchemaChange - SQL_PARSE ->   (parse (statement (create_table (create_table_preamble create table (table_name (name (id t6)))) (create_specifications ( (create_specification (column_definition (name (id colint)) (data_type (signed_type int)))) , (create_specification (column_definition (name (id col1)) (data_type (generic_type date)))) )) (table_creation_option (creation_engine engine = (string_literal 'MYISAM'))) (table_creation_option (partition_by partition by (partition_by_what range (skip_parens /__MAXWELL__/)) (partition_definitions ( (skip_parens_inside_partition_definitions /__MAXWELL__/)))))) <EOF>)
[1] 23:43:28,722 DEBUG SchemaChange - SQL_PARSE <- "create table t6 (colint int, col1 date) engine='MYISAM'  partition by range(colint)  (partition p0 values less than (weekday('2006-10-14')), partition p1 values less than maxvalue)"
[1] 23:43:28,722 DEBUG SchemaChange - rewrote SQL to create table t6 (colint int, col1 date) engine='MYISAM'  partition by range/__MAXWELL__/  (partition p0 values less than (weekday('2006-10-14')), partition p1 values less than maxvalue)
[1] 23:43:28,722 DEBUG SchemaChange - SQL_PARSE <- "create table t6 (colint int, col1 date) engine='MYISAM'  partition by range/__MAXWELL__/  (partition p0 values less than (weekday('2006-10-14')), partition p1 values less than maxvalue)"
[1] 23:43:28,722 DEBUG SchemaChange - rewrote SQL to create table t6 (colint int, col1 date) engine='MYISAM'  partition by range/__MAXWELL__/  (/__MAXWELL__/
[1] 23:43:28,722 DEBUG SchemaChange - SQL_PARSE <- "create table t6 (colint int, col1 date) engine='MYISAM'  partition by range/__MAXWELL__/  (/__MAXWELL__/"
[1] 23:43:28,723 DEBUG SchemaChange - SQL_PARSE ->   (parse (statement (create_table (create_table_preamble create table (table_name (name (id t6)))) (create_specifications ( (create_specification (column_definition (name (id colint)) (data_type (signed_type int)))) , (create_specification (column_definition (name (id col1)) (data_type (generic_type date)))) )) (table_creation_option (creation_engine engine = (string_literal 'MYISAM'))) (table_creation_option (partition_by partition by (partition_by_what range (skip_parens /__MAXWELL__/)) (partition_definitions ( (skip_parens_inside_partition_definitions /__MAXWELL__/)))))) <EOF>)
[1] 23:43:28,723 DEBUG SchemaChange - SQL_PARSE <- "create table t6 (colint int, col1 date) engine='MYISAM'  partition by range(colint)  (partition p0 values less than (year('2005-10-14')-1990), partition p1 values less than maxvalue)"
[1] 23:43:28,723 DEBUG SchemaChange - rewrote SQL to create table t6 (colint int, col1 date) engine='MYISAM'  partition by range/__MAXWELL__/  (partition p0 values less than (year('2005-10-14')-1990), partition p1 values less than maxvalue)
[1] 23:43:28,723 DEBUG SchemaChange - SQL_PARSE <- "create table t6 (colint int, col1 date) engine='MYISAM'  partition by range/__MAXWELL__/  (partition p0 values less than (year('2005-10-14')-1990), partition p1 values less than maxvalue)"
[1] 23:43:28,723 DEBUG SchemaChange - rewrote SQL to create table t6 (colint int, col1 date) engine='MYISAM'  partition by range/__MAXWELL__/  (/__MAXWELL__/
[1] 23:43:28,723 DEBUG SchemaChange - SQL_PARSE <- "create table t6 (colint int, col1 date) engine='MYISAM'  partition by range/__MAXWELL__/  (/__MAXWELL__/"
[1] 23:43:28,723 DEBUG SchemaChange - SQL_PARSE ->   (parse (statement (create_table (create_table_preamble create table (table_name (name (id t6)))) (create_specifications ( (create_specification (column_definition (name (id colint)) (data_type (signed_type int)))) , (create_specification (column_definition (name (id col1)) (data_type (generic_type date)))) )) (table_creation_option (creation_engine engine = (string_literal 'MYISAM'))) (table_creation_option (partition_by partition by (partition_by_what range (skip_parens /__MAXWELL__/)) (partition_definitions ( (skip_parens_inside_partition_definitions /__MAXWELL__/)))))) <EOF>)
[1] 23:43:28,723 DEBUG SchemaChange - SQL_PARSE <- "create table t6 (colint int, col1 date) engine='MYISAM'  partition by range(colint)  (partition p0 values less than (yearweek('2006-10-14')-200600), partition p1 values less than maxvalue)"
[1] 23:43:28,723 DEBUG SchemaChange - rewrote SQL to create table t6 (colint int, col1 date) engine='MYISAM'  partition by range/__MAXWELL__/  (partition p0 values less than (yearweek('2006-10-14')-200600), partition p1 values less than maxvalue)
[1] 23:43:28,723 DEBUG SchemaChange - SQL_PARSE <- "create table t6 (colint int, col1 date) engine='MYISAM'  partition by range/__MAXWELL__/  (partition p0 values less than (yearweek('2006-10-14')-200600), partition p1 values less than maxvalue)"
[1] 23:43:28,723 DEBUG SchemaChange - rewrote SQL to create table t6 (colint int, col1 date) engine='MYISAM'  partition by range/__MAXWELL__/  (/__MAXWELL__/
[1] 23:43:28,723 DEBUG SchemaChange - SQL_PARSE <- "create table t6 (colint int, col1 date) engine='MYISAM'  partition by range/__MAXWELL__/  (/__MAXWELL__/"
[1] 23:43:28,724 DEBUG SchemaChange - SQL_PARSE ->   (parse (statement (create_table (create_table_preamble create table (table_name (name (id t6)))) (create_specifications ( (create_specification (column_definition (name (id colint)) (data_type (signed_type int)))) , (create_specification (column_definition (name (id col1)) (data_type (generic_type date)))) )) (table_creation_option (creation_engine engine = (string_literal 'MYISAM'))) (table_creation_option (partition_by partition by (partition_by_what range (skip_parens /__MAXWELL__/)) (partition_definitions ( (skip_parens_inside_partition_definitions /__MAXWELL__/)))))) <EOF>)
[1] 23:43:28,724 DEBUG SchemaChange - SQL_PARSE <- "create table t6 (colint int, col1 int) engine='MYISAM'  partition by range(colint)  (partition p0 values less than (abs(15)), partition p1 values less than maxvalue)"
[1] 23:43:28,724 DEBUG SchemaChange - rewrote SQL to create table t6 (colint int, col1 int) engine='MYISAM'  partition by range/__MAXWELL__/  (partition p0 values less than (abs(15)), partition p1 values less than maxvalue)
[1] 23:43:28,724 DEBUG SchemaChange - SQL_PARSE <- "create table t6 (colint int, col1 int) engine='MYISAM'  partition by range/__MAXWELL__/  (partition p0 values less than (abs(15)), partition p1 values less than maxvalue)"
[1] 23:43:28,724 DEBUG SchemaChange - rewrote SQL to create table t6 (colint int, col1 int) engine='MYISAM'  partition by range/__MAXWELL__/  (/__MAXWELL__/
[1] 23:43:28,724 DEBUG SchemaChange - SQL_PARSE <- "create table t6 (colint int, col1 int) engine='MYISAM'  partition by range/__MAXWELL__/  (/__MAXWELL__/"
[1] 23:43:28,724 DEBUG SchemaChange - SQL_PARSE ->   (parse (statement (create_table (create_table_preamble create table (table_name (name (id t6)))) (create_specifications ( (create_specification (column_definition (name (id colint)) (data_type (signed_type int)))) , (create_specification (column_definition (name (id col1)) (data_type (signed_type int)))) )) (table_creation_option (creation_engine engine = (string_literal 'MYISAM'))) (table_creation_option (partition_by partition by (partition_by_what range (skip_parens /__MAXWELL__/)) (partition_definitions ( (skip_parens_inside_partition_definitions /__MAXWELL__/)))))) <EOF>)
[1] 23:43:28,724 DEBUG SchemaChange - SQL_PARSE <- "create table t6 (colint int, col1 int) engine='MYISAM'  partition by range(colint)  (partition p0 values less than (mod(15,10)), partition p1 values less than maxvalue)"
[1] 23:43:28,724 DEBUG SchemaChange - rewrote SQL to create table t6 (colint int, col1 int) engine='MYISAM'  partition by range/__MAXWELL__/  (partition p0 values less than (mod(15,10)), partition p1 values less than maxvalue)
[1] 23:43:28,724 DEBUG SchemaChange - SQL_PARSE <- "create table t6 (colint int, col1 int) engine='MYISAM'  partition by range/__MAXWELL__/  (partition p0 values less than (mod(15,10)), partition p1 values less than maxvalue)"
[1] 23:43:28,724 DEBUG SchemaChange - rewrote SQL to create table t6 (colint int, col1 int) engine='MYISAM'  partition by range/__MAXWELL__/  (/__MAXWELL__/
[1] 23:43:28,724 DEBUG SchemaChange - SQL_PARSE <- "create table t6 (colint int, col1 int) engine='MYISAM'  partition by range/__MAXWELL__/  (/__MAXWELL__/"
[1] 23:43:28,725 DEBUG SchemaChange - SQL_PARSE ->   (parse (statement (create_table (create_table_preamble create table (table_name (name (id t6)))) (create_specifications ( (create_specification (column_definition (name (id colint)) (data_type (signed_type int)))) , (create_specification (column_definition (name (id col1)) (data_type (signed_type int)))) )) (table_creation_option (creation_engine engine = (string_literal 'MYISAM'))) (table_creation_option (partition_by partition by (partition_by_what range (skip_parens /__MAXWELL__/)) (partition_definitions ( (skip_parens_inside_partition_definitions /__MAXWELL__/)))))) <EOF>)
[1] 23:43:28,725 DEBUG SchemaChange - SQL_PARSE <- "create table t6 (colint int, col1 time) engine='MYISAM'  partition by range(colint)  (partition p0 values less than (hour('18:30')), partition p1 values less than maxvalue)"
[1] 23:43:28,725 DEBUG SchemaChange - rewrote SQL to create table t6 (colint int, col1 time) engine='MYISAM'  partition by range/__MAXWELL__/  (partition p0 values less than (hour('18:30')), partition p1 values less than maxvalue)
[1] 23:43:28,725 DEBUG SchemaChange - SQL_PARSE <- "create table t6 (colint int, col1 time) engine='MYISAM'  partition by range/__MAXWELL__/  (partition p0 values less than (hour('18:30')), partition p1 values less than maxvalue)"
[1] 23:43:28,725 DEBUG SchemaChange - rewrote SQL to create table t6 (colint int, col1 time) engine='MYISAM'  partition by range/__MAXWELL__/  (/__MAXWELL__/
[1] 23:43:28,725 DEBUG SchemaChange - SQL_PARSE <- "create table t6 (colint int, col1 time) engine='MYISAM'  partition by range/__MAXWELL__/  (/__MAXWELL__/"
[1] 23:43:28,725 DEBUG SchemaChange - SQL_PARSE ->   (parse (statement (create_table (create_table_preamble create table (table_name (name (id t6)))) (create_specifications ( (create_specification (column_definition (name (id colint)) (data_type (signed_type int)))) , (create_specification (column_definition (name (id col1)) (data_type (generic_type time)))) )) (table_creation_option (creation_engine engine = (string_literal 'MYISAM'))) (table_creation_option (partition_by partition by (partition_by_what range (skip_parens /__MAXWELL__/)) (partition_definitions ( (skip_parens_inside_partition_definitions /__MAXWELL__/)))))) <EOF>)
[1] 23:43:28,725 DEBUG SchemaChange - SQL_PARSE <- "create table t6 (colint int, col1 time) engine='MYISAM'  partition by range(colint)  (partition p0 values less than (microsecond('10:30:10.000010')), partition p1 values less than maxvalue)"
[1] 23:43:28,725 DEBUG SchemaChange - rewrote SQL to create table t6 (colint int, col1 time) engine='MYISAM'  partition by range/__MAXWELL__/  (partition p0 values less than (microsecond('10:30:10.000010')), partition p1 values less than maxvalue)
[1] 23:43:28,725 DEBUG SchemaChange - SQL_PARSE <- "create table t6 (colint int, col1 time) engine='MYISAM'  partition by range/__MAXWELL__/  (partition p0 values less than (microsecond('10:30:10.000010')), partition p1 values less than maxvalue)"
[1] 23:43:28,725 DEBUG SchemaChange - rewrote SQL to create table t6 (colint int, col1 time) engine='MYISAM'  partition by range/__MAXWELL__/  (/__MAXWELL__/
[1] 23:43:28,725 DEBUG SchemaChange - SQL_PARSE <- "create table t6 (colint int, col1 time) engine='MYISAM'  partition by range/__MAXWELL__/  (/__MAXWELL__/"
[1] 23:43:28,726 DEBUG SchemaChange - SQL_PARSE ->   (parse (statement (create_table (create_table_preamble create table (table_name (name (id t6)))) (create_specifications ( (create_specification (column_definition (name (id colint)) (data_type (signed_type int)))) , (create_specification (column_definition (name (id col1)) (data_type (generic_type time)))) )) (table_creation_option (creation_engine engine = (string_literal 'MYISAM'))) (table_creation_option (partition_by partition by (partition_by_what range (skip_parens /__MAXWELL__/)) (partition_definitions ( (skip_parens_inside_partition_definitions /__MAXWELL__/)))))) <EOF>)
[1] 23:43:28,726 DEBUG SchemaChange - SQL_PARSE <- "create table t6 (colint int, col1 time) engine='MYISAM'  partition by range(colint)  (partition p0 values less than (minute('18:30')), partition p1 values less than maxvalue)"
[1] 23:43:28,726 DEBUG SchemaChange - rewrote SQL to create table t6 (colint int, col1 time) engine='MYISAM'  partition by range/__MAXWELL__/  (partition p0 values less than (minute('18:30')), partition p1 values less than maxvalue)
[1] 23:43:28,726 DEBUG SchemaChange - SQL_PARSE <- "create table t6 (colint int, col1 time) engine='MYISAM'  partition by range/__MAXWELL__/  (partition p0 values less than (minute('18:30')), partition p1 values less than maxvalue)"
[1] 23:43:28,726 DEBUG SchemaChange - rewrote SQL to create table t6 (colint int, col1 time) engine='MYISAM'  partition by range/__MAXWELL__/  (/__MAXWELL__/
[1] 23:43:28,726 DEBUG SchemaChange - SQL_PARSE <- "create table t6 (colint int, col1 time) engine='MYISAM'  partition by range/__MAXWELL__/  (/__MAXWELL__/"
[1] 23:43:28,726 DEBUG SchemaChange - SQL_PARSE ->   (parse (statement (create_table (create_table_preamble create table (table_name (name (id t6)))) (create_specifications ( (create_specification (column_definition (name (id colint)) (data_type (signed_type int)))) , (create_specification (column_definition (name (id col1)) (data_type (generic_type time)))) )) (table_creation_option (creation_engine engine = (string_literal 'MYISAM'))) (table_creation_option (partition_by partition by (partition_by_what range (skip_parens /__MAXWELL__/)) (partition_definitions ( (skip_parens_inside_partition_definitions /__MAXWELL__/)))))) <EOF>)
[1] 23:43:28,726 DEBUG SchemaChange - SQL_PARSE <- "create table t6 (colint int, col1 time) engine='MYISAM'  partition by range(colint)  (partition p0 values less than (second('18:30:14')), partition p1 values less than maxvalue)"
[1] 23:43:28,726 DEBUG SchemaChange - rewrote SQL to create table t6 (colint int, col1 time) engine='MYISAM'  partition by range/__MAXWELL__/  (partition p0 values less than (second('18:30:14')), partition p1 values less than maxvalue)
[1] 23:43:28,726 DEBUG SchemaChange - SQL_PARSE <- "create table t6 (colint int, col1 time) engine='MYISAM'  partition by range/__MAXWELL__/  (partition p0 values less than (second('18:30:14')), partition p1 values less than maxvalue)"
[1] 23:43:28,726 DEBUG SchemaChange - rewrote SQL to create table t6 (colint int, col1 time) engine='MYISAM'  partition by range/__MAXWELL__/  (/__MAXWELL__/
[1] 23:43:28,726 DEBUG SchemaChange - SQL_PARSE <- "create table t6 (colint int, col1 time) engine='MYISAM'  partition by range/__MAXWELL__/  (/__MAXWELL__/"
[1] 23:43:28,727 DEBUG SchemaChange - SQL_PARSE ->   (parse (statement (create_table (create_table_preamble create table (table_name (name (id t6)))) (create_specifications ( (create_specification (column_definition (name (id colint)) (data_type (signed_type int)))) , (create_specification (column_definition (name (id col1)) (data_type (generic_type time)))) )) (table_creation_option (creation_engine engine = (string_literal 'MYISAM'))) (table_creation_option (partition_by partition by (partition_by_what range (skip_parens /__MAXWELL__/)) (partition_definitions ( (skip_parens_inside_partition_definitions /__MAXWELL__/)))))) <EOF>)
[1] 23:43:28,727 DEBUG SchemaChange - SQL_PARSE <- "create table t6 (colint int, col1 time) engine='MYISAM'  partition by range(colint)  (partition p0 values less than (time_to_sec('18:30:14')-(time_to_sec('17:59:59'))), partition p1 values less than maxvalue)"
[1] 23:43:28,727 DEBUG SchemaChange - rewrote SQL to create table t6 (colint int, col1 time) engine='MYISAM'  partition by range/__MAXWELL__/  (partition p0 values less than (time_to_sec('18:30:14')-(time_to_sec('17:59:59'))), partition p1 values less than maxvalue)
[1] 23:43:28,727 DEBUG SchemaChange - SQL_PARSE <- "create table t6 (colint int, col1 time) engine='MYISAM'  partition by range/__MAXWELL__/  (partition p0 values less than (time_to_sec('18:30:14')-(time_to_sec('17:59:59'))), partition p1 values less than maxvalue)"
[1] 23:43:28,727 DEBUG SchemaChange - rewrote SQL to create table t6 (colint int, col1 time) engine='MYISAM'  partition by range/__MAXWELL__/  (/__MAXWELL__/
[1] 23:43:28,727 DEBUG SchemaChange - SQL_PARSE <- "create table t6 (colint int, col1 time) engine='MYISAM'  partition by range/__MAXWELL__/  (/__MAXWELL__/"
[1] 23:43:28,727 DEBUG SchemaChange - SQL_PARSE ->   (parse (statement (create_table (create_table_preamble create table (table_name (name (id t6)))) (create_specifications ( (create_specification (column_definition (name (id colint)) (data_type (signed_type int)))) , (create_specification (column_definition (name (id col1)) (data_type (generic_type time)))) )) (table_creation_option (creation_engine engine = (string_literal 'MYISAM'))) (table_creation_option (partition_by partition by (partition_by_what range (skip_parens /__MAXWELL__/)) (partition_definitions ( (skip_parens_inside_partition_definitions /__MAXWELL__/)))))) <EOF>)
[1] 23:43:28,727 DEBUG SchemaChange - SQL_PARSE <- "create table t7 (a int not null) partition by RANGE(a) ( partition p10 values less than (10), partition p30 values less than (30), partition p50 values less than (50), partition p70 values less than (70), partition p90 values less than (90) )"
[1] 23:43:28,727 DEBUG SchemaChange - rewrote SQL to create table t7 (a int not null) partition by RANGE/__MAXWELL__/ ( partition p10 values less than (10), partition p30 values less than (30), partition p50 values less than (50), partition p70 values less than (70), partition p90 values less than (90) )
[1] 23:43:28,727 DEBUG SchemaChange - SQL_PARSE <- "create table t7 (a int not null) partition by RANGE/__MAXWELL__/ ( partition p10 values less than (10), partition p30 values less than (30), partition p50 values less than (50), partition p70 values less than (70), partition p90 values less than (90) )"
[1] 23:43:28,728 DEBUG SchemaChange - rewrote SQL to create table t7 (a int not null) partition by RANGE/__MAXWELL__/ ( /__MAXWELL__/
[1] 23:43:28,728 DEBUG SchemaChange - SQL_PARSE <- "create table t7 (a int not null) partition by RANGE/__MAXWELL__/ ( /__MAXWELL__/"
[1] 23:43:28,728 DEBUG SchemaChange - SQL_PARSE ->   (parse (statement (create_table (create_table_preamble create table (table_name (name (id t7)))) (create_specifications ( (create_specification (column_definition (name (id a)) (data_type (signed_type int (column_options (nullability not null)))))) )) (table_creation_option (partition_by partition by (partition_by_what RANGE (skip_parens /__MAXWELL__/)) (partition_definitions ( (skip_parens_inside_partition_definitions /__MAXWELL__/)))))) <EOF>)
[1] 23:43:28,728 DEBUG SchemaChange - SQL_PARSE <- "create table t7 (a int unsigned not null) partition by RANGE(a) ( partition p10 values less than (10), partition p30 values less than (30), partition p50 values less than (50), partition p70 values less than (70), partition p90 values less than (90) )"
[1] 23:43:28,728 DEBUG SchemaChange - rewrote SQL to create table t7 (a int unsigned not null) partition by RANGE/__MAXWELL__/ ( partition p10 values less than (10), partition p30 values less than (30), partition p50 values less than (50), partition p70 values less than (70), partition p90 values less than (90) )
[1] 23:43:28,728 DEBUG SchemaChange - SQL_PARSE <- "create table t7 (a int unsigned not null) partition by RANGE/__MAXWELL__/ ( partition p10 values less than (10), partition p30 values less than (30), partition p50 values less than (50), partition p70 values less than (70), partition p90 values less than (90) )"
[1] 23:43:28,728 DEBUG SchemaChange - rewrote SQL to create table t7 (a int unsigned not null) partition by RANGE/__MAXWELL__/ ( /__MAXWELL__/
[1] 23:43:28,728 DEBUG SchemaChange - SQL_PARSE <- "create table t7 (a int unsigned not null) partition by RANGE/__MAXWELL__/ ( /__MAXWELL__/"
[1] 23:43:28,728 DEBUG SchemaChange - SQL_PARSE ->   (parse (statement (create_table (create_table_preamble create table (table_name (name (id t7)))) (create_specifications ( (create_specification (column_definition (name (id a)) (data_type (signed_type int (int_flags unsigned) (column_options (nullability not null)))))) )) (table_creation_option (partition_by partition by (partition_by_what RANGE (skip_parens /__MAXWELL__/)) (partition_definitions ( (skip_parens_inside_partition_definitions /__MAXWELL__/)))))) <EOF>)
[1] 23:43:28,728 DEBUG SchemaChange - SQL_PARSE <- "create table t8 (a date not null) partition by RANGE(YEAR(a)) ( partition p0 values less than (1980), partition p1 values less than (1990), partition p2 values less than (2000) )"
[1] 23:43:28,728 DEBUG SchemaChange - rewrote SQL to create table t8 (a date not null) partition by RANGE/__MAXWELL__/ ( partition p0 values less than (1980), partition p1 values less than (1990), partition p2 values less than (2000) )
[1] 23:43:28,728 DEBUG SchemaChange - SQL_PARSE <- "create table t8 (a date not null) partition by RANGE/__MAXWELL__/ ( partition p0 values less than (1980), partition p1 values less than (1990), partition p2 values less than (2000) )"
[1] 23:43:28,729 DEBUG SchemaChange - rewrote SQL to create table t8 (a date not null) partition by RANGE/__MAXWELL__/ ( /__MAXWELL__/
[1] 23:43:28,729 DEBUG SchemaChange - SQL_PARSE <- "create table t8 (a date not null) partition by RANGE/__MAXWELL__/ ( /__MAXWELL__/"
[1] 23:43:28,729 DEBUG SchemaChange - SQL_PARSE ->   (parse (statement (create_table (create_table_preamble create table (table_name (name (id t8)))) (create_specifications ( (create_specification (column_definition (name (id a)) (data_type (generic_type date (column_options (nullability not null)))))) )) (table_creation_option (partition_by partition by (partition_by_what RANGE (skip_parens /__MAXWELL__/)) (partition_definitions ( (skip_parens_inside_partition_definitions /__MAXWELL__/)))))) <EOF>)
[1] 23:43:28,729 DEBUG SchemaChange - SQL_PARSE <- "ALTER TABLE t1 REPAIR PARTITION ALL;"
[1] 23:43:28,729 DEBUG SchemaChange - SQL_PARSE ->   (parse (statement (alter_table (alter_table_preamble ALTER TABLE (table_name (name (id t1)))) (alter_partition_specification REPAIR PARTITION (partition_names (id ALL))))) <EOF>)
[1] 23:43:28,729 DEBUG SchemaChange - SQL_PARSE <- "ALTER TABLE t1 CHECK PARTITION ALL;"
[1] 23:43:28,729 DEBUG SchemaChange - SQL_PARSE ->   (parse (statement (alter_table (alter_table_preamble ALTER TABLE (table_name (name (id t1)))) (alter_partition_specification CHECK PARTITION (partition_names (id ALL))))) <EOF>)
[1] 23:43:28,729 DEBUG SchemaChange - SQL_PARSE <- "ALTER TABLE t1 OPTIMIZE PARTITION ALL;"
[1] 23:43:28,729 DEBUG SchemaChange - SQL_PARSE ->   (parse (statement (alter_table (alter_table_preamble ALTER TABLE (table_name (name (id t1)))) (alter_partition_specification OPTIMIZE PARTITION (partition_names (id ALL))))) <EOF>)
[1] 23:43:28,729 DEBUG SchemaChange - SQL_PARSE <- "ALTER TABLE t1 ANALYZE PARTITION ALL;"
[1] 23:43:28,729 DEBUG SchemaChange - SQL_PARSE ->   (parse (statement (alter_table (alter_table_preamble ALTER TABLE (table_name (name (id t1)))) (alter_partition_specification ANALYZE PARTITION (partition_names (id ALL))))) <EOF>)
[1] 23:43:28,729 DEBUG SchemaChange - SQL_PARSE <- "ALTER TABLE t1 REBUILD PARTITION ALL;"
[1] 23:43:28,730 DEBUG SchemaChange - SQL_PARSE ->   (parse (statement (alter_table (alter_table_preamble ALTER TABLE (table_name (name (id t1)))) (alter_partition_specification REBUILD PARTITION (partition_names (id ALL))))) <EOF>)
[1] 23:43:28,730 DEBUG SchemaChange - SQL_PARSE <- "ALTER TABLE t1 TRUNCATE PARTITION ALL;"
[1] 23:43:28,730 DEBUG SchemaChange - SQL_PARSE ->   (parse (statement (alter_table (alter_table_preamble ALTER TABLE (table_name (name (id t1)))) (alter_partition_specification TRUNCATE PARTITION (partition_names (id ALL))))) <EOF>)
[1] 23:43:28,730 DEBUG SchemaChange - SQL_PARSE <- "ALTER TABLE t1 PARTITION BY KEY(joined) PARTITIONS 2;"
[1] 23:43:28,731 DEBUG SchemaChange - rewrote SQL to ALTER TABLE t1 PARTITION BY KEY/__MAXWELL__/ PARTITIONS 2
[1] 23:43:28,731 DEBUG SchemaChange - SQL_PARSE <- "ALTER TABLE t1 PARTITION BY KEY/__MAXWELL__/ PARTITIONS 2"
[1] 23:43:28,731 DEBUG SchemaChange - SQL_PARSE ->   (parse (statement (alter_table (alter_table_preamble ALTER TABLE (table_name (name (id t1)))) (alter_specifications (alter_specification (table_creation_option (partition_by PARTITION BY (partition_by_what KEY (skip_parens /__MAXWELL__/)) (partition_count PARTITIONS 2))))))) <EOF>)
[1] 23:43:28,731 DEBUG SchemaChange - SQL_PARSE <- "ALTER TABLE t1 PARTITION BY LIST (YEAR(dt)) ( PARTITION d1 VALUES IN (1991, 1994), PARTITION d2 VALUES IN (1993), PARTITION d3 VALUES IN (1992, 1995, 1996));"
[1] 23:43:28,732 DEBUG SchemaChange - rewrote SQL to ALTER TABLE t1 PARTITION BY LIST /__MAXWELL__/ ( PARTITION d1 VALUES IN (1991, 1994), PARTITION d2 VALUES IN (1993), PARTITION d3 VALUES IN (1992, 1995, 1996))
[1] 23:43:28,732 DEBUG SchemaChange - SQL_PARSE <- "ALTER TABLE t1 PARTITION BY LIST /__MAXWELL__/ ( PARTITION d1 VALUES IN (1991, 1994), PARTITION d2 VALUES IN (1993), PARTITION d3 VALUES IN (1992, 1995, 1996))"
[1] 23:43:28,733 DEBUG SchemaChange - rewrote SQL to ALTER TABLE t1 PARTITION BY LIST /__MAXWELL__/ ( /__MAXWELL__/
[1] 23:43:28,733 DEBUG SchemaChange - SQL_PARSE <- "ALTER TABLE t1 PARTITION BY LIST /__MAXWELL__/ ( /__MAXWELL__/"
[1] 23:43:28,733 DEBUG SchemaChange - SQL_PARSE ->   (parse (statement (alter_table (alter_table_preamble ALTER TABLE (table_name (name (id t1)))) (alter_specifications (alter_specification (table_creation_option (partition_by PARTITION BY (partition_by_what LIST (skip_parens /__MAXWELL__/)) (partition_definitions ( (skip_parens_inside_partition_definitions /__MAXWELL__/)))))))) <EOF>)
[1] 23:43:28,733 DEBUG SchemaChange - SQL_PARSE <- "ALTER TABLE t1 PARTITION BY HASH (a) (PARTITION p0 ENGINE=Memory, PARTITION p1 ENGINE=NonExistentEngine);"
[1] 23:43:28,733 DEBUG SchemaChange - rewrote SQL to ALTER TABLE t1 PARTITION BY HASH /__MAXWELL__/ (PARTITION p0 ENGINE=Memory, PARTITION p1 ENGINE=NonExistentEngine)
[1] 23:43:28,734 DEBUG SchemaChange - SQL_PARSE <- "ALTER TABLE t1 PARTITION BY HASH /__MAXWELL__/ (PARTITION p0 ENGINE=Memory, PARTITION p1 ENGINE=NonExistentEngine)"
[1] 23:43:28,734 DEBUG SchemaChange - rewrote SQL to ALTER TABLE t1 PARTITION BY HASH /__MAXWELL__/ (/__MAXWELL__/
[1] 23:43:28,734 DEBUG SchemaChange - SQL_PARSE <- "ALTER TABLE t1 PARTITION BY HASH /__MAXWELL__/ (/__MAXWELL__/"
[1] 23:43:28,734 DEBUG SchemaChange - SQL_PARSE ->   (parse (statement (alter_table (alter_table_preamble ALTER TABLE (table_name (name (id t1)))) (alter_specifications (alter_specification (table_creation_option (partition_by PARTITION BY (partition_by_what HASH (skip_parens /__MAXWELL__/)) (partition_definitions ( (skip_parens_inside_partition_definitions /__MAXWELL__/)))))))) <EOF>)
[1] 23:43:28,734 DEBUG SchemaChange - SQL_PARSE <- "ALTER TABLE gl_partitioned PARTITION BY HASH (thread_id) PARTITIONS 10"
[1] 23:43:28,734 DEBUG SchemaChange - rewrote SQL to ALTER TABLE gl_partitioned PARTITION BY HASH /__MAXWELL__/ PARTITIONS 10
[1] 23:43:28,735 DEBUG SchemaChange - SQL_PARSE <- "ALTER TABLE gl_partitioned PARTITION BY HASH /__MAXWELL__/ PARTITIONS 10"
[1] 23:43:28,735 DEBUG SchemaChange - SQL_PARSE ->   (parse (statement (alter_table (alter_table_preamble ALTER TABLE (table_name (name (id gl_partitioned)))) (alter_specifications (alter_specification (table_creation_option (partition_by PARTITION BY (partition_by_what HASH (skip_parens /__MAXWELL__/)) (partition_count PARTITIONS 10))))))) <EOF>)
[1] 23:43:28,735 DEBUG SchemaChange - SQL_PARSE <- "ALTER TABLE t1 REORGANIZE PARTITION p0 INTO (partition p1 VALUES LESS THAN (1) DATA DIRECTORY = '/Users/ben/src/mysql-server/mysql-test/var/tmp' INDEX DIRECTORY = '/Users/ben/src/mysql-server/mysql-test/var/tmp' (SUBPARTITION subpart10, SUBPARTITION subpart11), partition p2 VALUES LESS THAN (2) DATA DIRECTORY = '/Users/ben/src/mysql-server/mysql-test/var/tmp' INDEX DIRECTORY = '/Users/ben/src/mysql-server/mysql-test/var/tmp' (SUBPARTITION subpart20, SUBPARTITION subpart21))"
[1] 23:43:28,735 DEBUG SchemaChange - rewrote SQL to ALTER TABLE t1 REORGANIZE PARTITION p0 INTO /__MAXWELL__/
[1] 23:43:28,735 DEBUG SchemaChange - SQL_PARSE <- "ALTER TABLE t1 REORGANIZE PARTITION p0 INTO /__MAXWELL__/"
[1] 23:43:28,735 DEBUG SchemaChange - SQL_PARSE ->   (parse (statement (alter_table (alter_table_preamble ALTER TABLE (table_name (name (id t1)))) (alter_partition_specification REORGANIZE PARTITION (partition_names (id p0)) INTO (skip_parens /__MAXWELL__/)))) <EOF>)
[1] 23:43:28,735 DEBUG SchemaChange - SQL_PARSE <- "ALTER TABLE t1 partition by hash (a + 3) partitions 3 (partition x1 tablespace ts1, partition x2 tablespace ts2, partition x3 tablespace ts3)"
[1] 23:43:28,736 DEBUG SchemaChange - rewrote SQL to ALTER TABLE t1 partition by hash /__MAXWELL__/ partitions 3 (partition x1 tablespace ts1, partition x2 tablespace ts2, partition x3 tablespace ts3)
[1] 23:43:28,736 DEBUG SchemaChange - SQL_PARSE <- "ALTER TABLE t1 partition by hash /__MAXWELL__/ partitions 3 (partition x1 tablespace ts1, partition x2 tablespace ts2, partition x3 tablespace ts3)"
[1] 23:43:28,736 DEBUG SchemaChange - rewrote SQL to ALTER TABLE t1 partition by hash /__MAXWELL__/ partitions 3 (/__MAXWELL__/
[1] 23:43:28,736 DEBUG SchemaChange - SQL_PARSE <- "ALTER TABLE t1 partition by hash /__MAXWELL__/ partitions 3 (/__MAXWELL__/"
[1] 23:43:28,736 DEBUG SchemaChange - SQL_PARSE ->   (parse (statement (alter_table (alter_table_preamble ALTER TABLE (table_name (name (id t1)))) (alter_specifications (alter_specification (table_creation_option (partition_by partition by (partition_by_what hash (skip_parens /__MAXWELL__/)) (partition_count partitions 3) (partition_definitions ( (skip_parens_inside_partition_definitions /__MAXWELL__/)))))))) <EOF>)
[1] 23:43:28,736 DEBUG SchemaChange - SQL_PARSE <- "ALTER TABLE t1 partition by list(a) partitions 2 (partition x123 values in (1,5,6), partition x234 values in (4,7,8))"
[1] 23:43:28,736 DEBUG SchemaChange - rewrote SQL to ALTER TABLE t1 partition by list/__MAXWELL__/ partitions 2 (partition x123 values in (1,5,6), partition x234 values in (4,7,8))
[1] 23:43:28,736 DEBUG SchemaChange - SQL_PARSE <- "ALTER TABLE t1 partition by list/__MAXWELL__/ partitions 2 (partition x123 values in (1,5,6), partition x234 values in (4,7,8))"
[1] 23:43:28,737 DEBUG SchemaChange - rewrote SQL to ALTER TABLE t1 partition by list/__MAXWELL__/ partitions 2 (/__MAXWELL__/
[1] 23:43:28,737 DEBUG SchemaChange - SQL_PARSE <- "ALTER TABLE t1 partition by list/__MAXWELL__/ partitions 2 (/__MAXWELL__/"
[1] 23:43:28,737 DEBUG SchemaChange - SQL_PARSE ->   (parse (statement (alter_table (alter_table_preamble ALTER TABLE (table_name (name (id t1)))) (alter_specifications (alter_specification (table_creation_option (partition_by partition by (partition_by_what list (skip_parens /__MAXWELL__/)) (partition_count partitions 2) (partition_definitions ( (skip_parens_inside_partition_definitions /__MAXWELL__/)))))))) <EOF>)
[1] 23:43:28,737 DEBUG SchemaChange - SQL_PARSE <- "ALTER TABLE t1 partition by range (a) partitions 3 (partition x1 values less than (5) tablespace ts1, partition x2 values less than (10) tablespace ts2, partition x3 values less than (15) tablespace ts3)"
[1] 23:43:28,737 DEBUG SchemaChange - rewrote SQL to ALTER TABLE t1 partition by range /__MAXWELL__/ partitions 3 (partition x1 values less than (5) tablespace ts1, partition x2 values less than (10) tablespace ts2, partition x3 values less than (15) tablespace ts3)
[1] 23:43:28,737 DEBUG SchemaChange - SQL_PARSE <- "ALTER TABLE t1 partition by range /__MAXWELL__/ partitions 3 (partition x1 values less than (5) tablespace ts1, partition x2 values less than (10) tablespace ts2, partition x3 values less than (15) tablespace ts3)"
[1] 23:43:28,738 DEBUG SchemaChange - rewrote SQL to ALTER TABLE t1 partition by range /__MAXWELL__/ partitions 3 (/__MAXWELL__/
[1] 23:43:28,738 DEBUG SchemaChange - SQL_PARSE <- "ALTER TABLE t1 partition by range /__MAXWELL__/ partitions 3 (/__MAXWELL__/"
[1] 23:43:28,738 DEBUG SchemaChange - SQL_PARSE ->   (parse (statement (alter_table (alter_table_preamble ALTER TABLE (table_name (name (id t1)))) (alter_specifications (alter_specification (table_creation_option (partition_by partition by (partition_by_what range (skip_parens /__MAXWELL__/)) (partition_count partitions 3) (partition_definitions ( (skip_parens_inside_partition_definitions /__MAXWELL__/)))))))) <EOF>)
[1] 23:43:28,738 DEBUG SchemaChange - SQL_PARSE <- "ALTER TABLE t1 partition by range (a) partitions 3 (partition x1 values less than (5) tablespace ts1, partition x2 values less than (10) tablespace ts2, partition x3 values less than maxvalue tablespace ts3)"
[1] 23:43:28,738 DEBUG SchemaChange - rewrote SQL to ALTER TABLE t1 partition by range /__MAXWELL__/ partitions 3 (partition x1 values less than (5) tablespace ts1, partition x2 values less than (10) tablespace ts2, partition x3 values less than maxvalue tablespace ts3)
[1] 23:43:28,738 DEBUG SchemaChange - SQL_PARSE <- "ALTER TABLE t1 partition by range /__MAXWELL__/ partitions 3 (partition x1 values less than (5) tablespace ts1, partition x2 values less than (10) tablespace ts2, partition x3 values less than maxvalue tablespace ts3)"
[1] 23:43:28,739 DEBUG SchemaChange - rewrote SQL to ALTER TABLE t1 partition by range /__MAXWELL__/ partitions 3 (/__MAXWELL__/
[1] 23:43:28,739 DEBUG SchemaChange - SQL_PARSE <- "ALTER TABLE t1 partition by range /__MAXWELL__/ partitions 3 (/__MAXWELL__/"
[1] 23:43:28,739 DEBUG SchemaChange - SQL_PARSE ->   (parse (statement (alter_table (alter_table_preamble ALTER TABLE (table_name (name (id t1)))) (alter_specifications (alter_specification (table_creation_option (partition_by partition by (partition_by_what range (skip_parens /__MAXWELL__/)) (partition_count partitions 3) (partition_definitions ( (skip_parens_inside_partition_definitions /__MAXWELL__/)))))))) <EOF>)
[1] 23:43:28,739 DEBUG SchemaChange - SQL_PARSE <- "ALTER TABLE t1 partition by range (a) subpartition by hash (a+b) ( partition x1 values less than (1) ( subpartition x11 engine myisam nodegroup 0, subpartition x12 engine myisam nodegroup 1), partition x2 values less than (5) ( subpartition x21 engine myisam nodegroup 0, subpartition x22 engine myisam nodegroup 1) )"
[1] 23:43:28,739 DEBUG SchemaChange - rewrote SQL to ALTER TABLE t1 partition by range /__MAXWELL__/ subpartition by hash (a+b) ( partition x1 values less than (1) ( subpartition x11 engine myisam nodegroup 0, subpartition x12 engine myisam nodegroup 1), partition x2 values less than (5) ( subpartition x21 engine myisam nodegroup 0, subpartition x22 engine myisam nodegroup 1) )
[1] 23:43:28,739 DEBUG SchemaChange - SQL_PARSE <- "ALTER TABLE t1 partition by range /__MAXWELL__/ subpartition by hash (a+b) ( partition x1 values less than (1) ( subpartition x11 engine myisam nodegroup 0, subpartition x12 engine myisam nodegroup 1), partition x2 values less than (5) ( subpartition x21 engine myisam nodegroup 0, subpartition x22 engine myisam nodegroup 1) )"
[1] 23:43:28,740 DEBUG SchemaChange - rewrote SQL to ALTER TABLE t1 partition by range /__MAXWELL__/ subpartition by hash /__MAXWELL__/ ( partition x1 values less than (1) ( subpartition x11 engine myisam nodegroup 0, subpartition x12 engine myisam nodegroup 1), partition x2 values less than (5) ( subpartition x21 engine myisam nodegroup 0, subpartition x22 engine myisam nodegroup 1) )
[1] 23:43:28,740 DEBUG SchemaChange - SQL_PARSE <- "ALTER TABLE t1 partition by range /__MAXWELL__/ subpartition by hash /__MAXWELL__/ ( partition x1 values less than (1) ( subpartition x11 engine myisam nodegroup 0, subpartition x12 engine myisam nodegroup 1), partition x2 values less than (5) ( subpartition x21 engine myisam nodegroup 0, subpartition x22 engine myisam nodegroup 1) )"
[1] 23:43:28,740 DEBUG SchemaChange - rewrote SQL to ALTER TABLE t1 partition by range /__MAXWELL__/ subpartition by hash /__MAXWELL__/ ( /__MAXWELL__/
[1] 23:43:28,740 DEBUG SchemaChange - SQL_PARSE <- "ALTER TABLE t1 partition by range /__MAXWELL__/ subpartition by hash /__MAXWELL__/ ( /__MAXWELL__/"
[1] 23:43:28,741 DEBUG SchemaChange - SQL_PARSE ->   (parse (statement (alter_table (alter_table_preamble ALTER TABLE (table_name (name (id t1)))) (alter_specifications (alter_specification (table_creation_option (partition_by partition by (partition_by_what range (skip_parens /__MAXWELL__/)) (subpartition_by subpartition by (partition_by_what hash (skip_parens /__MAXWELL__/))) (partition_definitions ( (skip_parens_inside_partition_definitions /__MAXWELL__/)))))))) <EOF>)
[1] 23:43:28,741 DEBUG SchemaChange - SQL_PARSE <- "ALTER TABLE t1 partition by range (a) subpartition by hash (a+b) ( partition x1 values less than (1) ( subpartition x11 engine myisam, subpartition x12 engine myisam), partition x2 values less than (5) ( subpartition x21 engine myisam, subpartition x22 engine myisam) )"
[1] 23:43:28,741 DEBUG SchemaChange - rewrote SQL to ALTER TABLE t1 partition by range /__MAXWELL__/ subpartition by hash (a+b) ( partition x1 values less than (1) ( subpartition x11 engine myisam, subpartition x12 engine myisam), partition x2 values less than (5) ( subpartition x21 engine myisam, subpartition x22 engine myisam) )
[1] 23:43:28,741 DEBUG SchemaChange - SQL_PARSE <- "ALTER TABLE t1 partition by range /__MAXWELL__/ subpartition by hash (a+b) ( partition x1 values less than (1) ( subpartition x11 engine myisam, subpartition x12 engine myisam), partition x2 values less than (5) ( subpartition x21 engine myisam, subpartition x22 engine myisam) )"
[1] 23:43:28,741 DEBUG SchemaChange - rewrote SQL to ALTER TABLE t1 partition by range /__MAXWELL__/ subpartition by hash /__MAXWELL__/ ( partition x1 values less than (1) ( subpartition x11 engine myisam, subpartition x12 engine myisam), partition x2 values less than (5) ( subpartition x21 engine myisam, subpartition x22 engine myisam) )
[1] 23:43:28,741 DEBUG SchemaChange - SQL_PARSE <- "ALTER TABLE t1 partition by range /__MAXWELL__/ subpartition by hash /__MAXWELL__/ ( partition x1 values less than (1) ( subpartition x11 engine myisam, subpartition x12 engine myisam), partition x2 values less than (5) ( subpartition x21 engine myisam, subpartition x22 engine myisam) )"
[1] 23:43:28,741 DEBUG SchemaChange - rewrote SQL to ALTER TABLE t1 partition by range /__MAXWELL__/ subpartition by hash /__MAXWELL__/ ( /__MAXWELL__/
[1] 23:43:28,741 DEBUG SchemaChange - SQL_PARSE <- "ALTER TABLE t1 partition by range /__MAXWELL__/ subpartition by hash /__MAXWELL__/ ( /__MAXWELL__/"
[1] 23:43:28,742 DEBUG SchemaChange - SQL_PARSE ->   (parse (statement (alter_table (alter_table_preamble ALTER TABLE (table_name (name (id t1)))) (alter_specifications (alter_specification (table_creation_option (partition_by partition by (partition_by_what range (skip_parens /__MAXWELL__/)) (subpartition_by subpartition by (partition_by_what hash (skip_parens /__MAXWELL__/))) (partition_definitions ( (skip_parens_inside_partition_definitions /__MAXWELL__/)))))))) <EOF>)
[1] 23:43:28,742 DEBUG SchemaChange - SQL_PARSE <- "ALTER TABLE t1 partition by range (a) subpartition by hash (a+b) ( partition x1 values less than (1) ( subpartition x11 tablespace t1 engine myisam, subpartition x12 tablespace t2 engine myisam), partition x2 values less than (5) ( subpartition x21 tablespace t1 engine myisam, subpartition x22 tablespace t2 engine myisam) )"
[1] 23:43:28,742 DEBUG SchemaChange - rewrote SQL to ALTER TABLE t1 partition by range /__MAXWELL__/ subpartition by hash (a+b) ( partition x1 values less than (1) ( subpartition x11 tablespace t1 engine myisam, subpartition x12 tablespace t2 engine myisam), partition x2 values less than (5) ( subpartition x21 tablespace t1 engine myisam, subpartition x22 tablespace t2 engine myisam) )
[1] 23:43:28,742 DEBUG SchemaChange - SQL_PARSE <- "ALTER TABLE t1 partition by range /__MAXWELL__/ subpartition by hash (a+b) ( partition x1 values less than (1) ( subpartition x11 tablespace t1 engine myisam, subpartition x12 tablespace t2 engine myisam), partition x2 values less than (5) ( subpartition x21 tablespace t1 engine myisam, subpartition x22 tablespace t2 engine myisam) )"
[1] 23:43:28,742 DEBUG SchemaChange - rewrote SQL to ALTER TABLE t1 partition by range /__MAXWELL__/ subpartition by hash /__MAXWELL__/ ( partition x1 values less than (1) ( subpartition x11 tablespace t1 engine myisam, subpartition x12 tablespace t2 engine myisam), partition x2 values less than (5) ( subpartition x21 tablespace t1 engine myisam, subpartition x22 tablespace t2 engine myisam) )
[1] 23:43:28,742 DEBUG SchemaChange - SQL_PARSE <- "ALTER TABLE t1 partition by range /__MAXWELL__/ subpartition by hash /__MAXWELL__/ ( partition x1 values less than (1) ( subpartition x11 tablespace t1 engine myisam, subpartition x12 tablespace t2 engine myisam), partition x2 values less than (5) ( subpartition x21 tablespace t1 engine myisam, subpartition x22 tablespace t2 engine myisam) )"
[1] 23:43:28,743 DEBUG SchemaChange - rewrote SQL to ALTER TABLE t1 partition by range /__MAXWELL__/ subpartition by hash /__MAXWELL__/ ( /__MAXWELL__/
[1] 23:43:28,743 DEBUG SchemaChange - SQL_PARSE <- "ALTER TABLE t1 partition by range /__MAXWELL__/ subpartition by hash /__MAXWELL__/ ( /__MAXWELL__/"
[1] 23:43:28,743 DEBUG SchemaChange - SQL_PARSE ->   (parse (statement (alter_table (alter_table_preamble ALTER TABLE (table_name (name (id t1)))) (alter_specifications (alter_specification (table_creation_option (partition_by partition by (partition_by_what range (skip_parens /__MAXWELL__/)) (subpartition_by subpartition by (partition_by_what hash (skip_parens /__MAXWELL__/))) (partition_definitions ( (skip_parens_inside_partition_definitions /__MAXWELL__/)))))))) <EOF>)
[1] 23:43:28,743 DEBUG SchemaChange - SQL_PARSE <- "alter table t1 ENGINE = MyISAM PARTITION BY RANGE (int_column) subpartition by key (char_column) subpartitions 2 (PARTITION p1 VALUES LESS THAN (5))"
[1] 23:43:28,743 DEBUG SchemaChange - rewrote SQL to alter table t1 ENGINE = MyISAM PARTITION BY RANGE /__MAXWELL__/ subpartition by key (char_column) subpartitions 2 (PARTITION p1 VALUES LESS THAN (5))
[1] 23:43:28,743 DEBUG SchemaChange - SQL_PARSE <- "alter table t1 ENGINE = MyISAM PARTITION BY RANGE /__MAXWELL__/ subpartition by key (char_column) subpartitions 2 (PARTITION p1 VALUES LESS THAN (5))"
[1] 23:43:28,744 DEBUG SchemaChange - rewrote SQL to alter table t1 ENGINE = MyISAM PARTITION BY RANGE /__MAXWELL__/ subpartition by key /__MAXWELL__/ subpartitions 2 (PARTITION p1 VALUES LESS THAN (5))
[1] 23:43:28,744 DEBUG SchemaChange - SQL_PARSE <- "alter table t1 ENGINE = MyISAM PARTITION BY RANGE /__MAXWELL__/ subpartition by key /__MAXWELL__/ subpartitions 2 (PARTITION p1 VALUES LESS THAN (5))"
[1] 23:43:28,744 DEBUG SchemaChange - rewrote SQL to alter table t1 ENGINE = MyISAM PARTITION BY RANGE /__MAXWELL__/ subpartition by key /__MAXWELL__/ subpartitions 2 (/__MAXWELL__/
[1] 23:43:28,744 DEBUG SchemaChange - SQL_PARSE <- "alter table t1 ENGINE = MyISAM PARTITION BY RANGE /__MAXWELL__/ subpartition by key /__MAXWELL__/ subpartitions 2 (/__MAXWELL__/"
[1] 23:43:28,745 DEBUG SchemaChange - SQL_PARSE ->   (parse (statement (alter_table (alter_table_preamble alter table (table_name (name (id t1)))) (alter_specifications (alter_specification (table_creation_option (creation_engine ENGINE = (id MyISAM))) (table_creation_option (partition_by PARTITION BY (partition_by_what RANGE (skip_parens /__MAXWELL__/)) (subpartition_by subpartition by (partition_by_what key (skip_parens /__MAXWELL__/)) subpartitions 2) (partition_definitions ( (skip_parens_inside_partition_definitions /__MAXWELL__/)))))))) <EOF>)
[1] 23:43:28,745 DEBUG SchemaChange - SQL_PARSE <- "alter table t1 REORGANIZE partition p1 INTO (partition p11 values in (1,2), partition p12 values in (3,4))"
[1] 23:43:28,745 DEBUG SchemaChange - rewrote SQL to alter table t1 REORGANIZE partition p1 INTO /__MAXWELL__/
[1] 23:43:28,745 DEBUG SchemaChange - SQL_PARSE <- "alter table t1 REORGANIZE partition p1 INTO /__MAXWELL__/"
[1] 23:43:28,745 DEBUG SchemaChange - SQL_PARSE ->   (parse (statement (alter_table (alter_table_preamble alter table (table_name (name (id t1)))) (alter_partition_specification REORGANIZE partition (partition_names (id p1)) INTO (skip_parens /__MAXWELL__/)))) <EOF>)
[1] 23:43:28,745 DEBUG SchemaChange - SQL_PARSE <- "alter table t1 REORGANIZE partition p11, p12 INTO (partition p1 values in (1,2,3,4))"
[1] 23:43:28,745 DEBUG SchemaChange - rewrote SQL to alter table t1 REORGANIZE partition p11, p12 INTO /__MAXWELL__/
[1] 23:43:28,746 DEBUG SchemaChange - SQL_PARSE <- "alter table t1 REORGANIZE partition p11, p12 INTO /__MAXWELL__/"
[1] 23:43:28,746 DEBUG SchemaChange - SQL_PARSE ->   (parse (statement (alter_table (alter_table_preamble alter table (table_name (name (id t1)))) (alter_partition_specification REORGANIZE partition (partition_names (id p11) , (id p12)) INTO (skip_parens /__MAXWELL__/)))) <EOF>)
[1] 23:43:28,746 DEBUG SchemaChange - SQL_PARSE <- "alter table t1 add column b int remove partitioning"
[1] 23:43:28,746 DEBUG SchemaChange - SQL_PARSE ->   (parse (statement (alter_table (alter_table_preamble alter table (table_name (name (id t1)))) (alter_specifications (alter_specification (add_column add column (column_definition (name (id b)) (data_type (signed_type int)))))) (alter_partition_specification remove partitioning))) <EOF>)
[1] 23:43:28,746 DEBUG SchemaChange - SQL_PARSE <- "alter table t1 add partition ( partition p2 values less than (200))"
[1] 23:43:28,746 DEBUG SchemaChange - rewrote SQL to alter table t1 add partition /__MAXWELL__/
[1] 23:43:28,746 DEBUG SchemaChange - SQL_PARSE <- "alter table t1 add partition /__MAXWELL__/"
[1] 23:43:28,746 DEBUG SchemaChange - SQL_PARSE ->   (parse (statement (alter_table (alter_table_preamble alter table (table_name (name (id t1)))) (alter_partition_specification add partition (skip_parens /__MAXWELL__/)))) <EOF>)
[1] 23:43:28,746 DEBUG SchemaChange - SQL_PARSE <- "alter table t1 add partition (partition p1 values less than ('b','c','d'))"
[1] 23:43:28,746 DEBUG SchemaChange - rewrote SQL to alter table t1 add partition /__MAXWELL__/
[1] 23:43:28,746 DEBUG SchemaChange - SQL_PARSE <- "alter table t1 add partition /__MAXWELL__/"
[1] 23:43:28,746 DEBUG SchemaChange - SQL_PARSE ->   (parse (statement (alter_table (alter_table_preamble alter table (table_name (name (id t1)))) (alter_partition_specification add partition (skip_parens /__MAXWELL__/)))) <EOF>)
[1] 23:43:28,746 DEBUG SchemaChange - SQL_PARSE <- "alter table t1 add partition (partition p1 values less than (2))"
[1] 23:43:28,746 DEBUG SchemaChange - rewrote SQL to alter table t1 add partition /__MAXWELL__/
[1] 23:43:28,746 DEBUG SchemaChange - SQL_PARSE <- "alter table t1 add partition /__MAXWELL__/"
[1] 23:43:28,747 DEBUG SchemaChange - SQL_PARSE ->   (parse (statement (alter_table (alter_table_preamble alter table (table_name (name (id t1)))) (alter_partition_specification add partition (skip_parens /__MAXWELL__/)))) <EOF>)
[1] 23:43:28,747 DEBUG SchemaChange - SQL_PARSE <- "alter table t1 add partition (partition p1 values less than (200) (subpartition subpart21))"
[1] 23:43:28,747 DEBUG SchemaChange - rewrote SQL to alter table t1 add partition /__MAXWELL__/
[1] 23:43:28,747 DEBUG SchemaChange - SQL_PARSE <- "alter table t1 add partition /__MAXWELL__/"
[1] 23:43:28,747 DEBUG SchemaChange - SQL_PARSE ->   (parse (statement (alter_table (alter_table_preamble alter table (table_name (name (id t1)))) (alter_partition_specification add partition (skip_parens /__MAXWELL__/)))) <EOF>)
[1] 23:43:28,747 DEBUG SchemaChange - SQL_PARSE <- "alter table t1 add partition (partition p1)"
[1] 23:43:28,747 DEBUG SchemaChange - rewrote SQL to alter table t1 add partition /__MAXWELL__/
[1] 23:43:28,747 DEBUG SchemaChange - SQL_PARSE <- "alter table t1 add partition /__MAXWELL__/"
[1] 23:43:28,747 DEBUG SchemaChange - SQL_PARSE ->   (parse (statement (alter_table (alter_table_preamble alter table (table_name (name (id t1)))) (alter_partition_specification add partition (skip_parens /__MAXWELL__/)))) <EOF>)
[1] 23:43:28,747 DEBUG SchemaChange - SQL_PARSE <- "alter table t1 add partition (partition p2 values in (3))"
[1] 23:43:28,747 DEBUG SchemaChange - rewrote SQL to alter table t1 add partition /__MAXWELL__/
[1] 23:43:28,747 DEBUG SchemaChange - SQL_PARSE <- "alter table t1 add partition /__MAXWELL__/"
[1] 23:43:28,747 DEBUG SchemaChange - SQL_PARSE ->   (parse (statement (alter_table (alter_table_preamble alter table (table_name (name (id t1)))) (alter_partition_specification add partition (skip_parens /__MAXWELL__/)))) <EOF>)
[1] 23:43:28,747 DEBUG SchemaChange - SQL_PARSE <- "alter table t1 add partition (partition x3 values in (30))"
[1] 23:43:28,747 DEBUG SchemaChange - rewrote SQL to alter table t1 add partition /__MAXWELL__/
[1] 23:43:28,747 DEBUG SchemaChange - SQL_PARSE <- "alter table t1 add partition /__MAXWELL__/"
[1] 23:43:28,747 DEBUG SchemaChange - SQL_PARSE ->   (parse (statement (alter_table (alter_table_preamble alter table (table_name (name (id t1)))) (alter_partition_specification add partition (skip_parens /__MAXWELL__/)))) <EOF>)
[1] 23:43:28,747 DEBUG SchemaChange - SQL_PARSE <- "alter table t1 drop partition p0"
[1] 23:43:28,748 DEBUG SchemaChange - SQL_PARSE ->   (parse (statement (alter_table (alter_table_preamble alter table (table_name (name (id t1)))) (alter_partition_specification drop partition (partition_names (id p0))))) <EOF>)
[1] 23:43:28,748 DEBUG SchemaChange - SQL_PARSE <- "alter table t1 drop partition p2"
[1] 23:43:28,748 DEBUG SchemaChange - SQL_PARSE ->   (parse (statement (alter_table (alter_table_preamble alter table (table_name (name (id t1)))) (alter_partition_specification drop partition (partition_names (id p2))))) <EOF>)
[1] 23:43:28,748 DEBUG SchemaChange - SQL_PARSE <- "alter table t1 drop partition `p2`"
[1] 23:43:28,748 DEBUG SchemaChange - SQL_PARSE ->   (parse (statement (alter_table (alter_table_preamble alter table (table_name (name (id t1)))) (alter_partition_specification drop partition (partition_names (id `p2`))))) <EOF>)
[1] 23:43:28,748 DEBUG SchemaChange - SQL_PARSE <- "alter table t1 engine=heap partition by key (a) (partition p0, partition p1)"
[1] 23:43:28,748 DEBUG SchemaChange - rewrote SQL to alter table t1 engine=heap partition by key /__MAXWELL__/ (partition p0, partition p1)
[1] 23:43:28,748 DEBUG SchemaChange - SQL_PARSE <- "alter table t1 engine=heap partition by key /__MAXWELL__/ (partition p0, partition p1)"
[1] 23:43:28,748 DEBUG SchemaChange - rewrote SQL to alter table t1 engine=heap partition by key /__MAXWELL__/ (/__MAXWELL__/
[1] 23:43:28,748 DEBUG SchemaChange - SQL_PARSE <- "alter table t1 engine=heap partition by key /__MAXWELL__/ (/__MAXWELL__/"
[1] 23:43:28,749 DEBUG SchemaChange - SQL_PARSE ->   (parse (statement (alter_table (alter_table_preamble alter table (table_name (name (id t1)))) (alter_specifications (alter_specification (table_creation_option (creation_engine engine = (id heap))) (table_creation_option (partition_by partition by (partition_by_what key (skip_parens /__MAXWELL__/)) (partition_definitions ( (skip_parens_inside_partition_definitions /__MAXWELL__/)))))))) <EOF>)
[1] 23:43:28,749 DEBUG SchemaChange - SQL_PARSE <- "alter table t1 engine=heap partition by key(a) (partition p0, partition p1 engine=heap)"
[1] 23:43:28,749 DEBUG SchemaChange - rewrote SQL to alter table t1 engine=heap partition by key/__MAXWELL__/ (partition p0, partition p1 engine=heap)
[1] 23:43:28,749 DEBUG SchemaChange - SQL_PARSE <- "alter table t1 engine=heap partition by key/__MAXWELL__/ (partition p0, partition p1 engine=heap)"
[1] 23:43:28,749 DEBUG SchemaChange - rewrote SQL to alter table t1 engine=heap partition by key/__MAXWELL__/ (/__MAXWELL__/
[1] 23:43:28,749 DEBUG SchemaChange - SQL_PARSE <- "alter table t1 engine=heap partition by key/__MAXWELL__/ (/__MAXWELL__/"
[1] 23:43:28,749 DEBUG SchemaChange - SQL_PARSE ->   (parse (statement (alter_table (alter_table_preamble alter table (table_name (name (id t1)))) (alter_specifications (alter_specification (table_creation_option (creation_engine engine = (id heap))) (table_creation_option (partition_by partition by (partition_by_what key (skip_parens /__MAXWELL__/)) (partition_definitions ( (skip_parens_inside_partition_definitions /__MAXWELL__/)))))))) <EOF>)
[1] 23:43:28,750 DEBUG SchemaChange - SQL_PARSE <- "alter table t1 engine=myisam partition by key(a) (partition p0 engine=myisam, partition p1)"
[1] 23:43:28,750 DEBUG SchemaChange - rewrote SQL to alter table t1 engine=myisam partition by key/__MAXWELL__/ (partition p0 engine=myisam, partition p1)
[1] 23:43:28,750 DEBUG SchemaChange - SQL_PARSE <- "alter table t1 engine=myisam partition by key/__MAXWELL__/ (partition p0 engine=myisam, partition p1)"
[1] 23:43:28,750 DEBUG SchemaChange - rewrote SQL to alter table t1 engine=myisam partition by key/__MAXWELL__/ (/__MAXWELL__/
[1] 23:43:28,750 DEBUG SchemaChange - SQL_PARSE <- "alter table t1 engine=myisam partition by key/__MAXWELL__/ (/__MAXWELL__/"
[1] 23:43:28,750 DEBUG SchemaChange - SQL_PARSE ->   (parse (statement (alter_table (alter_table_preamble alter table (table_name (name (id t1)))) (alter_specifications (alter_specification (table_creation_option (creation_engine engine = (id myisam))) (table_creation_option (partition_by partition by (partition_by_what key (skip_parens /__MAXWELL__/)) (partition_definitions ( (skip_parens_inside_partition_definitions /__MAXWELL__/)))))))) <EOF>)
[1] 23:43:28,750 DEBUG SchemaChange - SQL_PARSE <- "alter table t1 engine=myisam, add column c int remove partitioning"
[1] 23:43:28,750 DEBUG SchemaChange - SQL_PARSE ->   (parse (statement (alter_table (alter_table_preamble alter table (table_name (name (id t1)))) (alter_specifications (alter_specification (table_creation_option (creation_engine engine = (id myisam)))) , (alter_specification (add_column add column (column_definition (name (id c)) (data_type (signed_type int)))))) (alter_partition_specification remove partitioning))) <EOF>)
[1] 23:43:28,750 DEBUG SchemaChange - SQL_PARSE <- "alter table t1 partition by key (a) (partition p0, partition p1)"
[1] 23:43:28,751 DEBUG SchemaChange - rewrote SQL to alter table t1 partition by key /__MAXWELL__/ (partition p0, partition p1)
[1] 23:43:28,751 DEBUG SchemaChange - SQL_PARSE <- "alter table t1 partition by key /__MAXWELL__/ (partition p0, partition p1)"
[1] 23:43:28,751 DEBUG SchemaChange - rewrote SQL to alter table t1 partition by key /__MAXWELL__/ (/__MAXWELL__/
[1] 23:43:28,751 DEBUG SchemaChange - SQL_PARSE <- "alter table t1 partition by key /__MAXWELL__/ (/__MAXWELL__/"
[1] 23:43:28,751 DEBUG SchemaChange - SQL_PARSE ->   (parse (statement (alter_table (alter_table_preamble alter table (table_name (name (id t1)))) (alter_specifications (alter_specification (table_creation_option (partition_by partition by (partition_by_what key (skip_parens /__MAXWELL__/)) (partition_definitions ( (skip_parens_inside_partition_definitions /__MAXWELL__/)))))))) <EOF>)
[1] 23:43:28,751 DEBUG SchemaChange - SQL_PARSE <- "alter table t1 partition by key(a) (partition p0 engine=heap, partition p1)"
[1] 23:43:28,751 DEBUG SchemaChange - rewrote SQL to alter table t1 partition by key/__MAXWELL__/ (partition p0 engine=heap, partition p1)
[1] 23:43:28,751 DEBUG SchemaChange - SQL_PARSE <- "alter table t1 partition by key/__MAXWELL__/ (partition p0 engine=heap, partition p1)"
[1] 23:43:28,752 DEBUG SchemaChange - rewrote SQL to alter table t1 partition by key/__MAXWELL__/ (/__MAXWELL__/
[1] 23:43:28,752 DEBUG SchemaChange - SQL_PARSE <- "alter table t1 partition by key/__MAXWELL__/ (/__MAXWELL__/"
[1] 23:43:28,752 DEBUG SchemaChange - SQL_PARSE ->   (parse (statement (alter_table (alter_table_preamble alter table (table_name (name (id t1)))) (alter_specifications (alter_specification (table_creation_option (partition_by partition by (partition_by_what key (skip_parens /__MAXWELL__/)) (partition_definitions ( (skip_parens_inside_partition_definitions /__MAXWELL__/)))))))) <EOF>)
[1] 23:43:28,752 DEBUG SchemaChange - SQL_PARSE <- "alter table t1 partition by key(a) (partition p0, partition p1 engine=heap)"
[1] 23:43:28,752 DEBUG SchemaChange - rewrote SQL to alter table t1 partition by key/__MAXWELL__/ (partition p0, partition p1 engine=heap)
[1] 23:43:28,752 DEBUG SchemaChange - SQL_PARSE <- "alter table t1 partition by key/__MAXWELL__/ (partition p0, partition p1 engine=heap)"
[1] 23:43:28,752 DEBUG SchemaChange - rewrote SQL to alter table t1 partition by key/__MAXWELL__/ (/__MAXWELL__/
[1] 23:43:28,752 DEBUG SchemaChange - SQL_PARSE <- "alter table t1 partition by key/__MAXWELL__/ (/__MAXWELL__/"
[1] 23:43:28,753 DEBUG SchemaChange - SQL_PARSE ->   (parse (statement (alter_table (alter_table_preamble alter table (table_name (name (id t1)))) (alter_specifications (alter_specification (table_creation_option (partition_by partition by (partition_by_what key (skip_parens /__MAXWELL__/)) (partition_definitions ( (skip_parens_inside_partition_definitions /__MAXWELL__/)))))))) <EOF>)
[1] 23:43:28,753 DEBUG SchemaChange - SQL_PARSE <- "alter table t1 partition by range (id) ( partition p0 values less than (3), partition p1 values less than maxvalue )"
[1] 23:43:28,753 DEBUG SchemaChange - rewrote SQL to alter table t1 partition by range /__MAXWELL__/ ( partition p0 values less than (3), partition p1 values less than maxvalue )
[1] 23:43:28,753 DEBUG SchemaChange - SQL_PARSE <- "alter table t1 partition by range /__MAXWELL__/ ( partition p0 values less than (3), partition p1 values less than maxvalue )"
[1] 23:43:28,753 DEBUG SchemaChange - rewrote SQL to alter table t1 partition by range /__MAXWELL__/ ( /__MAXWELL__/
[1] 23:43:28,753 DEBUG SchemaChange - SQL_PARSE <- "alter table t1 partition by range /__MAXWELL__/ ( /__MAXWELL__/"
[1] 23:43:28,753 DEBUG SchemaChange - SQL_PARSE ->   (parse (statement (alter_table (alter_table_preamble alter table (table_name (name (id t1)))) (alter_specifications (alter_specification (table_creation_option (partition_by partition by (partition_by_what range (skip_parens /__MAXWELL__/)) (partition_definitions ( (skip_parens_inside_partition_definitions /__MAXWELL__/)))))))) <EOF>)
[1] 23:43:28,753 DEBUG SchemaChange - SQL_PARSE <- "alter table t1 partition by range (year(c)) (partition p5 values less than (2000), partition p10 values less than (2010))"
[1] 23:43:28,754 DEBUG SchemaChange - rewrote SQL to alter table t1 partition by range /__MAXWELL__/ (partition p5 values less than (2000), partition p10 values less than (2010))
[1] 23:43:28,754 DEBUG SchemaChange - SQL_PARSE <- "alter table t1 partition by range /__MAXWELL__/ (partition p5 values less than (2000), partition p10 values less than (2010))"
[1] 23:43:28,754 DEBUG SchemaChange - rewrote SQL to alter table t1 partition by range /__MAXWELL__/ (/__MAXWELL__/
[1] 23:43:28,754 DEBUG SchemaChange - SQL_PARSE <- "alter table t1 partition by range /__MAXWELL__/ (/__MAXWELL__/"
[1] 23:43:28,754 DEBUG SchemaChange - SQL_PARSE ->   (parse (statement (alter_table (alter_table_preamble alter table (table_name (name (id t1)))) (alter_specifications (alter_specification (table_creation_option (partition_by partition by (partition_by_what range (skip_parens /__MAXWELL__/)) (partition_definitions ( (skip_parens_inside_partition_definitions /__MAXWELL__/)))))))) <EOF>)
[1] 23:43:28,754 DEBUG SchemaChange - SQL_PARSE <- "alter table t1 partition by range columns(b,a) (partition p0 values less than (1,2), partition p1 values less than (3,3), partition p2 values less than (9,5))"
[1] 23:43:28,754 DEBUG SchemaChange - rewrote SQL to alter table t1 partition by range columns/__MAXWELL__/ (partition p0 values less than (1,2), partition p1 values less than (3,3), partition p2 values less than (9,5))
[1] 23:43:28,754 DEBUG SchemaChange - SQL_PARSE <- "alter table t1 partition by range columns/__MAXWELL__/ (partition p0 values less than (1,2), partition p1 values less than (3,3), partition p2 values less than (9,5))"
[1] 23:43:28,755 DEBUG SchemaChange - rewrote SQL to alter table t1 partition by range columns/__MAXWELL__/ (/__MAXWELL__/
[1] 23:43:28,755 DEBUG SchemaChange - SQL_PARSE <- "alter table t1 partition by range columns/__MAXWELL__/ (/__MAXWELL__/"
[1] 23:43:28,755 DEBUG SchemaChange - SQL_PARSE ->   (parse (statement (alter_table (alter_table_preamble alter table (table_name (name (id t1)))) (alter_specifications (alter_specification (table_creation_option (partition_by partition by (partition_by_what range columns (skip_parens /__MAXWELL__/)) (partition_definitions ( (skip_parens_inside_partition_definitions /__MAXWELL__/)))))))) <EOF>)
[1] 23:43:28,755 DEBUG SchemaChange - SQL_PARSE <- "alter table t1 rebuild partition p1"
[1] 23:43:28,755 DEBUG SchemaChange - SQL_PARSE ->   (parse (statement (alter_table (alter_table_preamble alter table (table_name (name (id t1)))) (alter_partition_specification rebuild partition (partition_names (id p1))))) <EOF>)
[1] 23:43:28,755 DEBUG SchemaChange - SQL_PARSE <- "alter table t1 remove partitioning"
[1] 23:43:28,755 DEBUG SchemaChange - SQL_PARSE ->   (parse (statement (alter_table (alter_table_preamble alter table (table_name (name (id t1)))) (alter_partition_specification remove partitioning))) <EOF>)
[1] 23:43:28,755 DEBUG SchemaChange - SQL_PARSE <- "alter table t1 reorganize partition p1 into ( partition p0 values less than (4), partition p1 values less than (100))"
[1] 23:43:28,755 DEBUG SchemaChange - rewrote SQL to alter table t1 reorganize partition p1 into /__MAXWELL__/
[1] 23:43:28,755 DEBUG SchemaChange - SQL_PARSE <- "alter table t1 reorganize partition p1 into /__MAXWELL__/"
[1] 23:43:28,755 DEBUG SchemaChange - SQL_PARSE ->   (parse (statement (alter_table (alter_table_preamble alter table (table_name (name (id t1)))) (alter_partition_specification reorganize partition (partition_names (id p1)) into (skip_parens /__MAXWELL__/)))) <EOF>)
[1] 23:43:28,756 DEBUG SchemaChange - SQL_PARSE <- "alter table t1 reorganize partition p1 into (partition p1 values less than (3))"
[1] 23:43:28,756 DEBUG SchemaChange - rewrote SQL to alter table t1 reorganize partition p1 into /__MAXWELL__/
[1] 23:43:28,756 DEBUG SchemaChange - SQL_PARSE <- "alter table t1 reorganize partition p1 into /__MAXWELL__/"
[1] 23:43:28,756 DEBUG SchemaChange - SQL_PARSE ->   (parse (statement (alter_table (alter_table_preamble alter table (table_name (name (id t1)))) (alter_partition_specification reorganize partition (partition_names (id p1)) into (skip_parens /__MAXWELL__/)))) <EOF>)
[1] 23:43:28,756 DEBUG SchemaChange - SQL_PARSE <- "alter table t1 reorganize partition p1 into (partition p11 values less than (2,2), partition p12 values less than (3,3))"
[1] 23:43:28,756 DEBUG SchemaChange - rewrote SQL to alter table t1 reorganize partition p1 into /__MAXWELL__/
[1] 23:43:28,756 DEBUG SchemaChange - SQL_PARSE <- "alter table t1 reorganize partition p1 into /__MAXWELL__/"
[1] 23:43:28,756 DEBUG SchemaChange - SQL_PARSE ->   (parse (statement (alter_table (alter_table_preamble alter table (table_name (name (id t1)))) (alter_partition_specification reorganize partition (partition_names (id p1)) into (skip_parens /__MAXWELL__/)))) <EOF>)
[1] 23:43:28,756 DEBUG SchemaChange - SQL_PARSE <- "alter table t1 reorganize partition p1,p2 into ( partition p2 values less than (to_days('2009-03-01')))"
[1] 23:43:28,756 DEBUG SchemaChange - rewrote SQL to alter table t1 reorganize partition p1,p2 into /__MAXWELL__/
[1] 23:43:28,756 DEBUG SchemaChange - SQL_PARSE <- "alter table t1 reorganize partition p1,p2 into /__MAXWELL__/"
[1] 23:43:28,756 DEBUG SchemaChange - SQL_PARSE ->   (parse (statement (alter_table (alter_table_preamble alter table (table_name (name (id t1)))) (alter_partition_specification reorganize partition (partition_names (id p1) , (id p2)) into (skip_parens /__MAXWELL__/)))) <EOF>)
[1] 23:43:28,756 DEBUG SchemaChange - SQL_PARSE <- "alter table t1 reorganize partition p2 into (partition p2 values less than (30))"
[1] 23:43:28,756 DEBUG SchemaChange - rewrote SQL to alter table t1 reorganize partition p2 into /__MAXWELL__/
[1] 23:43:28,756 DEBUG SchemaChange - SQL_PARSE <- "alter table t1 reorganize partition p2 into /__MAXWELL__/"
[1] 23:43:28,756 DEBUG SchemaChange - SQL_PARSE ->   (parse (statement (alter_table (alter_table_preamble alter table (table_name (name (id t1)))) (alter_partition_specification reorganize partition (partition_names (id p2)) into (skip_parens /__MAXWELL__/)))) <EOF>)
[1] 23:43:28,756 DEBUG SchemaChange - SQL_PARSE <- "alter table t1 reorganize partition p2 into (partition p21 values less than (4,7), partition p22 values less than (9,5))"
[1] 23:43:28,757 DEBUG SchemaChange - rewrote SQL to alter table t1 reorganize partition p2 into /__MAXWELL__/
[1] 23:43:28,757 DEBUG SchemaChange - SQL_PARSE <- "alter table t1 reorganize partition p2 into /__MAXWELL__/"
[1] 23:43:28,757 DEBUG SchemaChange - SQL_PARSE ->   (parse (statement (alter_table (alter_table_preamble alter table (table_name (name (id t1)))) (alter_partition_specification reorganize partition (partition_names (id p2)) into (skip_parens /__MAXWELL__/)))) <EOF>)
[1] 23:43:28,757 DEBUG SchemaChange - SQL_PARSE <- "alter table t1 reorganize partition p5 into (partition p1 values less than (1996), partition p2 values less than (1997), partition p3 values less than (1998), partition p4 values less than (1999), partition p5 values less than (2000))"
[1] 23:43:28,757 DEBUG SchemaChange - rewrote SQL to alter table t1 reorganize partition p5 into /__MAXWELL__/
[1] 23:43:28,757 DEBUG SchemaChange - SQL_PARSE <- "alter table t1 reorganize partition p5 into /__MAXWELL__/"
[1] 23:43:28,757 DEBUG SchemaChange - SQL_PARSE ->   (parse (statement (alter_table (alter_table_preamble alter table (table_name (name (id t1)))) (alter_partition_specification reorganize partition (partition_names (id p5)) into (skip_parens /__MAXWELL__/)))) <EOF>)
[1] 23:43:28,757 DEBUG SchemaChange - SQL_PARSE <- "alter table t11 drop partition p0"
[1] 23:43:28,757 DEBUG SchemaChange - SQL_PARSE ->   (parse (statement (alter_table (alter_table_preamble alter table (table_name (name (id t11)))) (alter_partition_specification drop partition (partition_names (id p0))))) <EOF>)
[1] 23:43:28,757 DEBUG SchemaChange - SQL_PARSE <- "alter table t11 partition by range(abs(col1))  (partition p0 values less than (15), partition p1 values less than maxvalue)"
[1] 23:43:28,757 DEBUG SchemaChange - rewrote SQL to alter table t11 partition by range/__MAXWELL__/  (partition p0 values less than (15), partition p1 values less than maxvalue)
[1] 23:43:28,757 DEBUG SchemaChange - SQL_PARSE <- "alter table t11 partition by range/__MAXWELL__/  (partition p0 values less than (15), partition p1 values less than maxvalue)"
[1] 23:43:28,758 DEBUG SchemaChange - rewrote SQL to alter table t11 partition by range/__MAXWELL__/  (/__MAXWELL__/
[1] 23:43:28,758 DEBUG SchemaChange - SQL_PARSE <- "alter table t11 partition by range/__MAXWELL__/  (/__MAXWELL__/"
[1] 23:43:28,758 DEBUG SchemaChange - SQL_PARSE ->   (parse (statement (alter_table (alter_table_preamble alter table (table_name (name (id t11)))) (alter_specifications (alter_specification (table_creation_option (partition_by partition by (partition_by_what range (skip_parens /__MAXWELL__/)) (partition_definitions ( (skip_parens_inside_partition_definitions /__MAXWELL__/)))))))) <EOF>)
[1] 23:43:28,758 DEBUG SchemaChange - SQL_PARSE <- "alter table t11 partition by range(day(col1))  (partition p0 values less than (15), partition p1 values less than maxvalue)"
[1] 23:43:28,758 DEBUG SchemaChange - rewrote SQL to alter table t11 partition by range/__MAXWELL__/  (partition p0 values less than (15), partition p1 values less than maxvalue)
[1] 23:43:28,758 DEBUG SchemaChange - SQL_PARSE <- "alter table t11 partition by range/__MAXWELL__/  (partition p0 values less than (15), partition p1 values less than maxvalue)"
[1] 23:43:28,758 DEBUG SchemaChange - rewrote SQL to alter table t11 partition by range/__MAXWELL__/  (/__MAXWELL__/
[1] 23:43:28,758 DEBUG SchemaChange - SQL_PARSE <- "alter table t11 partition by range/__MAXWELL__/  (/__MAXWELL__/"
[1] 23:43:28,759 DEBUG SchemaChange - SQL_PARSE ->   (parse (statement (alter_table (alter_table_preamble alter table (table_name (name (id t11)))) (alter_specifications (alter_specification (table_creation_option (partition_by partition by (partition_by_what range (skip_parens /__MAXWELL__/)) (partition_definitions ( (skip_parens_inside_partition_definitions /__MAXWELL__/)))))))) <EOF>)
[1] 23:43:28,759 DEBUG SchemaChange - SQL_PARSE <- "alter table t11 partition by range(dayofmonth(col1))  (partition p0 values less than (15), partition p1 values less than maxvalue)"
[1] 23:43:28,759 DEBUG SchemaChange - rewrote SQL to alter table t11 partition by range/__MAXWELL__/  (partition p0 values less than (15), partition p1 values less than maxvalue)
[1] 23:43:28,759 DEBUG SchemaChange - SQL_PARSE <- "alter table t11 partition by range/__MAXWELL__/  (partition p0 values less than (15), partition p1 values less than maxvalue)"
[1] 23:43:28,759 DEBUG SchemaChange - rewrote SQL to alter table t11 partition by range/__MAXWELL__/  (/__MAXWELL__/
[1] 23:43:28,759 DEBUG SchemaChange - SQL_PARSE <- "alter table t11 partition by range/__MAXWELL__/  (/__MAXWELL__/"
[1] 23:43:28,759 DEBUG SchemaChange - SQL_PARSE ->   (parse (statement (alter_table (alter_table_preamble alter table (table_name (name (id t11)))) (alter_specifications (alter_specification (table_creation_option (partition_by partition by (partition_by_what range (skip_parens /__MAXWELL__/)) (partition_definitions ( (skip_parens_inside_partition_definitions /__MAXWELL__/)))))))) <EOF>)
[1] 23:43:28,759 DEBUG SchemaChange - SQL_PARSE <- "alter table t11 partition by range(dayofweek(col1))  (partition p0 values less than (15), partition p1 values less than maxvalue)"
[1] 23:43:28,760 DEBUG SchemaChange - rewrote SQL to alter table t11 partition by range/__MAXWELL__/  (partition p0 values less than (15), partition p1 values less than maxvalue)
[1] 23:43:28,760 DEBUG SchemaChange - SQL_PARSE <- "alter table t11 partition by range/__MAXWELL__/  (partition p0 values less than (15), partition p1 values less than maxvalue)"
[1] 23:43:28,760 DEBUG SchemaChange - rewrote SQL to alter table t11 partition by range/__MAXWELL__/  (/__MAXWELL__/
[1] 23:43:28,760 DEBUG SchemaChange - SQL_PARSE <- "alter table t11 partition by range/__MAXWELL__/  (/__MAXWELL__/"
[1] 23:43:28,760 DEBUG SchemaChange - SQL_PARSE ->   (parse (statement (alter_table (alter_table_preamble alter table (table_name (name (id t11)))) (alter_specifications (alter_specification (table_creation_option (partition_by partition by (partition_by_what range (skip_parens /__MAXWELL__/)) (partition_definitions ( (skip_parens_inside_partition_definitions /__MAXWELL__/)))))))) <EOF>)
[1] 23:43:28,760 DEBUG SchemaChange - SQL_PARSE <- "alter table t11 partition by range(dayofyear(col1))  (partition p0 values less than (15), partition p1 values less than maxvalue)"
[1] 23:43:28,760 DEBUG SchemaChange - rewrote SQL to alter table t11 partition by range/__MAXWELL__/  (partition p0 values less than (15), partition p1 values less than maxvalue)
[1] 23:43:28,760 DEBUG SchemaChange - SQL_PARSE <- "alter table t11 partition by range/__MAXWELL__/  (partition p0 values less than (15), partition p1 values less than maxvalue)"
[1] 23:43:28,761 DEBUG SchemaChange - rewrote SQL to alter table t11 partition by range/__MAXWELL__/  (/__MAXWELL__/
[1] 23:43:28,761 DEBUG SchemaChange - SQL_PARSE <- "alter table t11 partition by range/__MAXWELL__/  (/__MAXWELL__/"
[1] 23:43:28,761 DEBUG SchemaChange - SQL_PARSE ->   (parse (statement (alter_table (alter_table_preamble alter table (table_name (name (id t11)))) (alter_specifications (alter_specification (table_creation_option (partition_by partition by (partition_by_what range (skip_parens /__MAXWELL__/)) (partition_definitions ( (skip_parens_inside_partition_definitions /__MAXWELL__/)))))))) <EOF>)
[1] 23:43:28,761 DEBUG SchemaChange - SQL_PARSE <- "alter table t11 partition by range(extract(month from col1))  (partition p0 values less than (15), partition p1 values less than maxvalue)"
[1] 23:43:28,761 DEBUG SchemaChange - rewrote SQL to alter table t11 partition by range/__MAXWELL__/  (partition p0 values less than (15), partition p1 values less than maxvalue)
[1] 23:43:28,761 DEBUG SchemaChange - SQL_PARSE <- "alter table t11 partition by range/__MAXWELL__/  (partition p0 values less than (15), partition p1 values less than maxvalue)"
[1] 23:43:28,761 DEBUG SchemaChange - rewrote SQL to alter table t11 partition by range/__MAXWELL__/  (/__MAXWELL__/
[1] 23:43:28,761 DEBUG SchemaChange - SQL_PARSE <- "alter table t11 partition by range/__MAXWELL__/  (/__MAXWELL__/"
[1] 23:43:28,762 DEBUG SchemaChange - SQL_PARSE ->   (parse (statement (alter_table (alter_table_preamble alter table (table_name (name (id t11)))) (alter_specifications (alter_specification (table_creation_option (partition_by partition by (partition_by_what range (skip_parens /__MAXWELL__/)) (partition_definitions ( (skip_parens_inside_partition_definitions /__MAXWELL__/)))))))) <EOF>)
[1] 23:43:28,762 DEBUG SchemaChange - SQL_PARSE <- "alter table t11 partition by range(hour(col1))  (partition p0 values less than (15), partition p1 values less than maxvalue)"
[1] 23:43:28,762 DEBUG SchemaChange - rewrote SQL to alter table t11 partition by range/__MAXWELL__/  (partition p0 values less than (15), partition p1 values less than maxvalue)
[1] 23:43:28,762 DEBUG SchemaChange - SQL_PARSE <- "alter table t11 partition by range/__MAXWELL__/  (partition p0 values less than (15), partition p1 values less than maxvalue)"
[1] 23:43:28,762 DEBUG SchemaChange - rewrote SQL to alter table t11 partition by range/__MAXWELL__/  (/__MAXWELL__/
[1] 23:43:28,762 DEBUG SchemaChange - SQL_PARSE <- "alter table t11 partition by range/__MAXWELL__/  (/__MAXWELL__/"
[1] 23:43:28,762 DEBUG SchemaChange - SQL_PARSE ->   (parse (statement (alter_table (alter_table_preamble alter table (table_name (name (id t11)))) (alter_specifications (alter_specification (table_creation_option (partition_by partition by (partition_by_what range (skip_parens /__MAXWELL__/)) (partition_definitions ( (skip_parens_inside_partition_definitions /__MAXWELL__/)))))))) <EOF>)
[1] 23:43:28,763 DEBUG SchemaChange - SQL_PARSE <- "alter table t11 partition by range(microsecond(col1))  (partition p0 values less than (15), partition p1 values less than maxvalue)"
[1] 23:43:28,763 DEBUG SchemaChange - rewrote SQL to alter table t11 partition by range/__MAXWELL__/  (partition p0 values less than (15), partition p1 values less than maxvalue)
[1] 23:43:28,763 DEBUG SchemaChange - SQL_PARSE <- "alter table t11 partition by range/__MAXWELL__/  (partition p0 values less than (15), partition p1 values less than maxvalue)"
[1] 23:43:28,763 DEBUG SchemaChange - rewrote SQL to alter table t11 partition by range/__MAXWELL__/  (/__MAXWELL__/
[1] 23:43:28,763 DEBUG SchemaChange - SQL_PARSE <- "alter table t11 partition by range/__MAXWELL__/  (/__MAXWELL__/"
[1] 23:43:28,763 DEBUG SchemaChange - SQL_PARSE ->   (parse (statement (alter_table (alter_table_preamble alter table (table_name (name (id t11)))) (alter_specifications (alter_specification (table_creation_option (partition_by partition by (partition_by_what range (skip_parens /__MAXWELL__/)) (partition_definitions ( (skip_parens_inside_partition_definitions /__MAXWELL__/)))))))) <EOF>)
[1] 23:43:28,763 DEBUG SchemaChange - SQL_PARSE <- "alter table t11 partition by range(minute(col1))  (partition p0 values less than (15), partition p1 values less than maxvalue)"
[1] 23:43:28,763 DEBUG SchemaChange - rewrote SQL to alter table t11 partition by range/__MAXWELL__/  (partition p0 values less than (15), partition p1 values less than maxvalue)
[1] 23:43:28,763 DEBUG SchemaChange - SQL_PARSE <- "alter table t11 partition by range/__MAXWELL__/  (partition p0 values less than (15), partition p1 values less than maxvalue)"
[1] 23:43:28,764 DEBUG SchemaChange - rewrote SQL to alter table t11 partition by range/__MAXWELL__/  (/__MAXWELL__/
[1] 23:43:28,764 DEBUG SchemaChange - SQL_PARSE <- "alter table t11 partition by range/__MAXWELL__/  (/__MAXWELL__/"
[1] 23:43:28,764 DEBUG SchemaChange - SQL_PARSE ->   (parse (statement (alter_table (alter_table_preamble alter table (table_name (name (id t11)))) (alter_specifications (alter_specification (table_creation_option (partition_by partition by (partition_by_what range (skip_parens /__MAXWELL__/)) (partition_definitions ( (skip_parens_inside_partition_definitions /__MAXWELL__/)))))))) <EOF>)
[1] 23:43:28,764 DEBUG SchemaChange - SQL_PARSE <- "alter table t11 partition by range(mod(col1,10))  (partition p0 values less than (15), partition p1 values less than maxvalue)"
[1] 23:43:28,764 DEBUG SchemaChange - rewrote SQL to alter table t11 partition by range/__MAXWELL__/  (partition p0 values less than (15), partition p1 values less than maxvalue)
[1] 23:43:28,764 DEBUG SchemaChange - SQL_PARSE <- "alter table t11 partition by range/__MAXWELL__/  (partition p0 values less than (15), partition p1 values less than maxvalue)"
[1] 23:43:28,764 DEBUG SchemaChange - rewrote SQL to alter table t11 partition by range/__MAXWELL__/  (/__MAXWELL__/
[1] 23:43:28,764 DEBUG SchemaChange - SQL_PARSE <- "alter table t11 partition by range/__MAXWELL__/  (/__MAXWELL__/"
[1] 23:43:28,764 DEBUG SchemaChange - SQL_PARSE ->   (parse (statement (alter_table (alter_table_preamble alter table (table_name (name (id t11)))) (alter_specifications (alter_specification (table_creation_option (partition_by partition by (partition_by_what range (skip_parens /__MAXWELL__/)) (partition_definitions ( (skip_parens_inside_partition_definitions /__MAXWELL__/)))))))) <EOF>)
[1] 23:43:28,765 DEBUG SchemaChange - SQL_PARSE <- "alter table t11 partition by range(month(col1))  (partition p0 values less than (15), partition p1 values less than maxvalue)"
[1] 23:43:28,765 DEBUG SchemaChange - rewrote SQL to alter table t11 partition by range/__MAXWELL__/  (partition p0 values less than (15), partition p1 values less than maxvalue)
[1] 23:43:28,765 DEBUG SchemaChange - SQL_PARSE <- "alter table t11 partition by range/__MAXWELL__/  (partition p0 values less than (15), partition p1 values less than maxvalue)"
[1] 23:43:28,765 DEBUG SchemaChange - rewrote SQL to alter table t11 partition by range/__MAXWELL__/  (/__MAXWELL__/
[1] 23:43:28,765 DEBUG SchemaChange - SQL_PARSE <- "alter table t11 partition by range/__MAXWELL__/  (/__MAXWELL__/"
[1] 23:43:28,765 DEBUG SchemaChange - SQL_PARSE ->   (parse (statement (alter_table (alter_table_preamble alter table (table_name (name (id t11)))) (alter_specifications (alter_specification (table_creation_option (partition_by partition by (partition_by_what range (skip_parens /__MAXWELL__/)) (partition_definitions ( (skip_parens_inside_partition_definitions /__MAXWELL__/)))))))) <EOF>)
[1] 23:43:28,765 DEBUG SchemaChange - SQL_PARSE <- "alter table t11 partition by range(quarter(col1))  (partition p0 values less than (15), partition p1 values less than maxvalue)"
[1] 23:43:28,765 DEBUG SchemaChange - rewrote SQL to alter table t11 partition by range/__MAXWELL__/  (partition p0 values less than (15), partition p1 values less than maxvalue)
[1] 23:43:28,765 DEBUG SchemaChange - SQL_PARSE <- "alter table t11 partition by range/__MAXWELL__/  (partition p0 values less than (15), partition p1 values less than maxvalue)"
[1] 23:43:28,766 DEBUG SchemaChange - rewrote SQL to alter table t11 partition by range/__MAXWELL__/  (/__MAXWELL__/
[1] 23:43:28,766 DEBUG SchemaChange - SQL_PARSE <- "alter table t11 partition by range/__MAXWELL__/  (/__MAXWELL__/"
[1] 23:43:28,766 DEBUG SchemaChange - SQL_PARSE ->   (parse (statement (alter_table (alter_table_preamble alter table (table_name (name (id t11)))) (alter_specifications (alter_specification (table_creation_option (partition_by partition by (partition_by_what range (skip_parens /__MAXWELL__/)) (partition_definitions ( (skip_parens_inside_partition_definitions /__MAXWELL__/)))))))) <EOF>)
[1] 23:43:28,766 DEBUG SchemaChange - SQL_PARSE <- "alter table t11 partition by range(second(col1))  (partition p0 values less than (15), partition p1 values less than maxvalue)"
[1] 23:43:28,766 DEBUG SchemaChange - rewrote SQL to alter table t11 partition by range/__MAXWELL__/  (partition p0 values less than (15), partition p1 values less than maxvalue)
[1] 23:43:28,766 DEBUG SchemaChange - SQL_PARSE <- "alter table t11 partition by range/__MAXWELL__/  (partition p0 values less than (15), partition p1 values less than maxvalue)"
[1] 23:43:28,766 DEBUG SchemaChange - rewrote SQL to alter table t11 partition by range/__MAXWELL__/  (/__MAXWELL__/
[1] 23:43:28,766 DEBUG SchemaChange - SQL_PARSE <- "alter table t11 partition by range/__MAXWELL__/  (/__MAXWELL__/"
[1] 23:43:28,767 DEBUG SchemaChange - SQL_PARSE ->   (parse (statement (alter_table (alter_table_preamble alter table (table_name (name (id t11)))) (alter_specifications (alter_specification (table_creation_option (partition_by partition by (partition_by_what range (skip_parens /__MAXWELL__/)) (partition_definitions ( (skip_parens_inside_partition_definitions /__MAXWELL__/)))))))) <EOF>)
[1] 23:43:28,767 DEBUG SchemaChange - SQL_PARSE <- "alter table t11 partition by range(time_to_sec(col1)-(time_to_sec(col1)-20))  (partition p0 values less than (15), partition p1 values less than maxvalue)"
[1] 23:43:28,767 DEBUG SchemaChange - rewrote SQL to alter table t11 partition by range/__MAXWELL__/  (partition p0 values less than (15), partition p1 values less than maxvalue)
[1] 23:43:28,767 DEBUG SchemaChange - SQL_PARSE <- "alter table t11 partition by range/__MAXWELL__/  (partition p0 values less than (15), partition p1 values less than maxvalue)"
[1] 23:43:28,767 DEBUG SchemaChange - rewrote SQL to alter table t11 partition by range/__MAXWELL__/  (/__MAXWELL__/
[1] 23:43:28,767 DEBUG SchemaChange - SQL_PARSE <- "alter table t11 partition by range/__MAXWELL__/  (/__MAXWELL__/"
[1] 23:43:28,767 DEBUG SchemaChange - SQL_PARSE ->   (parse (statement (alter_table (alter_table_preamble alter table (table_name (name (id t11)))) (alter_specifications (alter_specification (table_creation_option (partition_by partition by (partition_by_what range (skip_parens /__MAXWELL__/)) (partition_definitions ( (skip_parens_inside_partition_definitions /__MAXWELL__/)))))))) <EOF>)
[1] 23:43:28,767 DEBUG SchemaChange - SQL_PARSE <- "alter table t11 partition by range(weekday(col1))  (partition p0 values less than (15), partition p1 values less than maxvalue)"
[1] 23:43:28,768 DEBUG SchemaChange - rewrote SQL to alter table t11 partition by range/__MAXWELL__/  (partition p0 values less than (15), partition p1 values less than maxvalue)
[1] 23:43:28,768 DEBUG SchemaChange - SQL_PARSE <- "alter table t11 partition by range/__MAXWELL__/  (partition p0 values less than (15), partition p1 values less than maxvalue)"
[1] 23:43:28,768 DEBUG SchemaChange - rewrote SQL to alter table t11 partition by range/__MAXWELL__/  (/__MAXWELL__/
[1] 23:43:28,768 DEBUG SchemaChange - SQL_PARSE <- "alter table t11 partition by range/__MAXWELL__/  (/__MAXWELL__/"
[1] 23:43:28,768 DEBUG SchemaChange - SQL_PARSE ->   (parse (statement (alter_table (alter_table_preamble alter table (table_name (name (id t11)))) (alter_specifications (alter_specification (table_creation_option (partition_by partition by (partition_by_what range (skip_parens /__MAXWELL__/)) (partition_definitions ( (skip_parens_inside_partition_definitions /__MAXWELL__/)))))))) <EOF>)
[1] 23:43:28,768 DEBUG SchemaChange - SQL_PARSE <- "alter table t11 partition by range(year(col1)-1990)  (partition p0 values less than (15), partition p1 values less than maxvalue)"
[1] 23:43:28,769 DEBUG SchemaChange - rewrote SQL to alter table t11 partition by range/__MAXWELL__/  (partition p0 values less than (15), partition p1 values less than maxvalue)
[1] 23:43:28,769 DEBUG SchemaChange - SQL_PARSE <- "alter table t11 partition by range/__MAXWELL__/  (partition p0 values less than (15), partition p1 values less than maxvalue)"
[1] 23:43:28,769 DEBUG SchemaChange - rewrote SQL to alter table t11 partition by range/__MAXWELL__/  (/__MAXWELL__/
[1] 23:43:28,769 DEBUG SchemaChange - SQL_PARSE <- "alter table t11 partition by range/__MAXWELL__/  (/__MAXWELL__/"
[1] 23:43:28,769 DEBUG SchemaChange - SQL_PARSE ->   (parse (statement (alter_table (alter_table_preamble alter table (table_name (name (id t11)))) (alter_specifications (alter_specification (table_creation_option (partition_by partition by (partition_by_what range (skip_parens /__MAXWELL__/)) (partition_definitions ( (skip_parens_inside_partition_definitions /__MAXWELL__/)))))))) <EOF>)
[1] 23:43:28,769 DEBUG SchemaChange - SQL_PARSE <- "alter table t11 partition by range(yearweek(col1)-200600)  (partition p0 values less than (15), partition p1 values less than maxvalue)"
[1] 23:43:28,769 DEBUG SchemaChange - rewrote SQL to alter table t11 partition by range/__MAXWELL__/  (partition p0 values less than (15), partition p1 values less than maxvalue)
[1] 23:43:28,769 DEBUG SchemaChange - SQL_PARSE <- "alter table t11 partition by range/__MAXWELL__/  (partition p0 values less than (15), partition p1 values less than maxvalue)"
[1] 23:43:28,769 DEBUG SchemaChange - rewrote SQL to alter table t11 partition by range/__MAXWELL__/  (/__MAXWELL__/
[1] 23:43:28,770 DEBUG SchemaChange - SQL_PARSE <- "alter table t11 partition by range/__MAXWELL__/  (/__MAXWELL__/"
[1] 23:43:28,770 DEBUG SchemaChange - SQL_PARSE ->   (parse (statement (alter_table (alter_table_preamble alter table (table_name (name (id t11)))) (alter_specifications (alter_specification (table_creation_option (partition_by partition by (partition_by_what range (skip_parens /__MAXWELL__/)) (partition_definitions ( (skip_parens_inside_partition_definitions /__MAXWELL__/)))))))) <EOF>)
[1] 23:43:28,770 DEBUG SchemaChange - SQL_PARSE <- "alter table t11 reorganize partition p0,p1 into (partition s1 values less than maxvalue)"
[1] 23:43:28,770 DEBUG SchemaChange - rewrote SQL to alter table t11 reorganize partition p0,p1 into /__MAXWELL__/
[1] 23:43:28,770 DEBUG SchemaChange - SQL_PARSE <- "alter table t11 reorganize partition p0,p1 into /__MAXWELL__/"
[1] 23:43:28,770 DEBUG SchemaChange - SQL_PARSE ->   (parse (statement (alter_table (alter_table_preamble alter table (table_name (name (id t11)))) (alter_partition_specification reorganize partition (partition_names (id p0) , (id p1)) into (skip_parens /__MAXWELL__/)))) <EOF>)
[1] 23:43:28,770 DEBUG SchemaChange - SQL_PARSE <- "alter table t11 reorganize partition s1 into (partition p0 values less than (15), partition p1 values less than maxvalue)"
[1] 23:43:28,770 DEBUG SchemaChange - rewrote SQL to alter table t11 reorganize partition s1 into /__MAXWELL__/
[1] 23:43:28,770 DEBUG SchemaChange - SQL_PARSE <- "alter table t11 reorganize partition s1 into /__MAXWELL__/"
[1] 23:43:28,770 DEBUG SchemaChange - SQL_PARSE ->   (parse (statement (alter_table (alter_table_preamble alter table (table_name (name (id t11)))) (alter_partition_specification reorganize partition (partition_names (id s1)) into (skip_parens /__MAXWELL__/)))) <EOF>)
[1] 23:43:28,770 DEBUG SchemaChange - SQL_PARSE <- "alter table t2 drop partition p0"
[1] 23:43:28,770 DEBUG SchemaChange - SQL_PARSE ->   (parse (statement (alter_table (alter_table_preamble alter table (table_name (name (id t2)))) (alter_partition_specification drop partition (partition_names (id p0))))) <EOF>)
[1] 23:43:28,770 DEBUG SchemaChange - SQL_PARSE <- "alter table t22 drop partition p0"
[1] 23:43:28,770 DEBUG SchemaChange - SQL_PARSE ->   (parse (statement (alter_table (alter_table_preamble alter table (table_name (name (id t22)))) (alter_partition_specification drop partition (partition_names (id p0))))) <EOF>)
[1] 23:43:28,770 DEBUG SchemaChange - SQL_PARSE <- "alter table t22 partition by list(abs(col1))  (partition p0 values in (0,1,2,3,4,5,6,7,8,9,10), partition p1 values in (11,12,13,14,15,16,17,18,19,20), partition p2 values in (21,22,23,24,25,26,27,28,29,30), partition p3 values in (31,32,33,34,35,36,37,38,39,40), partition p4 values in (41,42,43,44,45,46,47,48,49,50), partition p5 values in (51,52,53,54,55,56,57,58,59,60) )"
[1] 23:43:28,771 DEBUG SchemaChange - rewrote SQL to alter table t22 partition by list/__MAXWELL__/  (partition p0 values in (0,1,2,3,4,5,6,7,8,9,10), partition p1 values in (11,12,13,14,15,16,17,18,19,20), partition p2 values in (21,22,23,24,25,26,27,28,29,30), partition p3 values in (31,32,33,34,35,36,37,38,39,40), partition p4 values in (41,42,43,44,45,46,47,48,49,50), partition p5 values in (51,52,53,54,55,56,57,58,59,60) )
[1] 23:43:28,771 DEBUG SchemaChange - SQL_PARSE <- "alter table t22 partition by list/__MAXWELL__/  (partition p0 values in (0,1,2,3,4,5,6,7,8,9,10), partition p1 values in (11,12,13,14,15,16,17,18,19,20), partition p2 values in (21,22,23,24,25,26,27,28,29,30), partition p3 values in (31,32,33,34,35,36,37,38,39,40), partition p4 values in (41,42,43,44,45,46,47,48,49,50), partition p5 values in (51,52,53,54,55,56,57,58,59,60) )"
[1] 23:43:28,771 DEBUG SchemaChange - rewrote SQL to alter table t22 partition by list/__MAXWELL__/  (/__MAXWELL__/
[1] 23:43:28,771 DEBUG SchemaChange - SQL_PARSE <- "alter table t22 partition by list/__MAXWELL__/  (/__MAXWELL__/"
[1] 23:43:28,771 DEBUG SchemaChange - SQL_PARSE ->   (parse (statement (alter_table (alter_table_preamble alter table (table_name (name (id t22)))) (alter_specifications (alter_specification (table_creation_option (partition_by partition by (partition_by_what list (skip_parens /__MAXWELL__/)) (partition_definitions ( (skip_parens_inside_partition_definitions /__MAXWELL__/)))))))) <EOF>)
[1] 23:43:28,771 DEBUG SchemaChange - SQL_PARSE <- "alter table t22 partition by list(day(col1))  (partition p0 values in (0,1,2,3,4,5,6,7,8,9,10), partition p1 values in (11,12,13,14,15,16,17,18,19,20), partition p2 values in (21,22,23,24,25,26,27,28,29,30), partition p3 values in (31,32,33,34,35,36,37,38,39,40), partition p4 values in (41,42,43,44,45,46,47,48,49,50), partition p5 values in (51,52,53,54,55,56,57,58,59,60) )"
[1] 23:43:28,772 DEBUG SchemaChange - rewrote SQL to alter table t22 partition by list/__MAXWELL__/  (partition p0 values in (0,1,2,3,4,5,6,7,8,9,10), partition p1 values in (11,12,13,14,15,16,17,18,19,20), partition p2 values in (21,22,23,24,25,26,27,28,29,30), partition p3 values in (31,32,33,34,35,36,37,38,39,40), partition p4 values in (41,42,43,44,45,46,47,48,49,50), partition p5 values in (51,52,53,54,55,56,57,58,59,60) )
[1] 23:43:28,772 DEBUG SchemaChange - SQL_PARSE <- "alter table t22 partition by list/__MAXWELL__/  (partition p0 values in (0,1,2,3,4,5,6,7,8,9,10), partition p1 values in (11,12,13,14,15,16,17,18,19,20), partition p2 values in (21,22,23,24,25,26,27,28,29,30), partition p3 values in (31,32,33,34,35,36,37,38,39,40), partition p4 values in (41,42,43,44,45,46,47,48,49,50), partition p5 values in (51,52,53,54,55,56,57,58,59,60) )"
[1] 23:43:28,772 DEBUG SchemaChange - rewrote SQL to alter table t22 partition by list/__MAXWELL__/  (/__MAXWELL__/
[1] 23:43:28,772 DEBUG SchemaChange - SQL_PARSE <- "alter table t22 partition by list/__MAXWELL__/  (/__MAXWELL__/"
[1] 23:43:28,772 DEBUG SchemaChange - SQL_PARSE ->   (parse (statement (alter_table (alter_table_preamble alter table (table_name (name (id t22)))) (alter_specifications (alter_specification (table_creation_option (partition_by partition by (partition_by_what list (skip_parens /__MAXWELL__/)) (partition_definitions ( (skip_parens_inside_partition_definitions /__MAXWELL__/)))))))) <EOF>)
[1] 23:43:28,772 DEBUG SchemaChange - SQL_PARSE <- "alter table t22 partition by list(dayofmonth(col1))  (partition p0 values in (0,1,2,3,4,5,6,7,8,9,10), partition p1 values in (11,12,13,14,15,16,17,18,19,20), partition p2 values in (21,22,23,24,25,26,27,28,29,30), partition p3 values in (31,32,33,34,35,36,37,38,39,40), partition p4 values in (41,42,43,44,45,46,47,48,49,50), partition p5 values in (51,52,53,54,55,56,57,58,59,60) )"
[1] 23:43:28,773 DEBUG SchemaChange - rewrote SQL to alter table t22 partition by list/__MAXWELL__/  (partition p0 values in (0,1,2,3,4,5,6,7,8,9,10), partition p1 values in (11,12,13,14,15,16,17,18,19,20), partition p2 values in (21,22,23,24,25,26,27,28,29,30), partition p3 values in (31,32,33,34,35,36,37,38,39,40), partition p4 values in (41,42,43,44,45,46,47,48,49,50), partition p5 values in (51,52,53,54,55,56,57,58,59,60) )
[1] 23:43:28,773 DEBUG SchemaChange - SQL_PARSE <- "alter table t22 partition by list/__MAXWELL__/  (partition p0 values in (0,1,2,3,4,5,6,7,8,9,10), partition p1 values in (11,12,13,14,15,16,17,18,19,20), partition p2 values in (21,22,23,24,25,26,27,28,29,30), partition p3 values in (31,32,33,34,35,36,37,38,39,40), partition p4 values in (41,42,43,44,45,46,47,48,49,50), partition p5 values in (51,52,53,54,55,56,57,58,59,60) )"
[1] 23:43:28,773 DEBUG SchemaChange - rewrote SQL to alter table t22 partition by list/__MAXWELL__/  (/__MAXWELL__/
[1] 23:43:28,773 DEBUG SchemaChange - SQL_PARSE <- "alter table t22 partition by list/__MAXWELL__/  (/__MAXWELL__/"
[1] 23:43:28,773 DEBUG SchemaChange - SQL_PARSE ->   (parse (statement (alter_table (alter_table_preamble alter table (table_name (name (id t22)))) (alter_specifications (alter_specification (table_creation_option (partition_by partition by (partition_by_what list (skip_parens /__MAXWELL__/)) (partition_definitions ( (skip_parens_inside_partition_definitions /__MAXWELL__/)))))))) <EOF>)
[1] 23:43:28,773 DEBUG SchemaChange - SQL_PARSE <- "alter table t22 partition by list(dayofweek(col1))  (partition p0 values in (0,1,2,3,4,5,6,7,8,9,10), partition p1 values in (11,12,13,14,15,16,17,18,19,20), partition p2 values in (21,22,23,24,25,26,27,28,29,30), partition p3 values in (31,32,33,34,35,36,37,38,39,40), partition p4 values in (41,42,43,44,45,46,47,48,49,50), partition p5 values in (51,52,53,54,55,56,57,58,59,60) )"
[1] 23:43:28,773 DEBUG SchemaChange - rewrote SQL to alter table t22 partition by list/__MAXWELL__/  (partition p0 values in (0,1,2,3,4,5,6,7,8,9,10), partition p1 values in (11,12,13,14,15,16,17,18,19,20), partition p2 values in (21,22,23,24,25,26,27,28,29,30), partition p3 values in (31,32,33,34,35,36,37,38,39,40), partition p4 values in (41,42,43,44,45,46,47,48,49,50), partition p5 values in (51,52,53,54,55,56,57,58,59,60) )
[1] 23:43:28,773 DEBUG SchemaChange - SQL_PARSE <- "alter table t22 partition by list/__MAXWELL__/  (partition p0 values in (0,1,2,3,4,5,6,7,8,9,10), partition p1 values in (11,12,13,14,15,16,17,18,19,20), partition p2 values in (21,22,23,24,25,26,27,28,29,30), partition p3 values in (31,32,33,34,35,36,37,38,39,40), partition p4 values in (41,42,43,44,45,46,47,48,49,50), partition p5 values in (51,52,53,54,55,56,57,58,59,60) )"
[1] 23:43:28,774 DEBUG SchemaChange - rewrote SQL to alter table t22 partition by list/__MAXWELL__/  (/__MAXWELL__/
[1] 23:43:28,774 DEBUG SchemaChange - SQL_PARSE <- "alter table t22 partition by list/__MAXWELL__/  (/__MAXWELL__/"
[1] 23:43:28,774 DEBUG SchemaChange - SQL_PARSE ->   (parse (statement (alter_table (alter_table_preamble alter table (table_name (name (id t22)))) (alter_specifications (alter_specification (table_creation_option (partition_by partition by (partition_by_what list (skip_parens /__MAXWELL__/)) (partition_definitions ( (skip_parens_inside_partition_definitions /__MAXWELL__/)))))))) <EOF>)
[1] 23:43:28,774 DEBUG SchemaChange - SQL_PARSE <- "alter table t22 partition by list(dayofyear(col1))  (partition p0 values in (0,1,2,3,4,5,6,7,8,9,10), partition p1 values in (11,12,13,14,15,16,17,18,19,20), partition p2 values in (21,22,23,24,25,26,27,28,29,30), partition p3 values in (31,32,33,34,35,36,37,38,39,40), partition p4 values in (41,42,43,44,45,46,47,48,49,50), partition p5 values in (51,52,53,54,55,56,57,58,59,60) )"
[1] 23:43:28,774 DEBUG SchemaChange - rewrote SQL to alter table t22 partition by list/__MAXWELL__/  (partition p0 values in (0,1,2,3,4,5,6,7,8,9,10), partition p1 values in (11,12,13,14,15,16,17,18,19,20), partition p2 values in (21,22,23,24,25,26,27,28,29,30), partition p3 values in (31,32,33,34,35,36,37,38,39,40), partition p4 values in (41,42,43,44,45,46,47,48,49,50), partition p5 values in (51,52,53,54,55,56,57,58,59,60) )
[1] 23:43:28,774 DEBUG SchemaChange - SQL_PARSE <- "alter table t22 partition by list/__MAXWELL__/  (partition p0 values in (0,1,2,3,4,5,6,7,8,9,10), partition p1 values in (11,12,13,14,15,16,17,18,19,20), partition p2 values in (21,22,23,24,25,26,27,28,29,30), partition p3 values in (31,32,33,34,35,36,37,38,39,40), partition p4 values in (41,42,43,44,45,46,47,48,49,50), partition p5 values in (51,52,53,54,55,56,57,58,59,60) )"
[1] 23:43:28,775 DEBUG SchemaChange - rewrote SQL to alter table t22 partition by list/__MAXWELL__/  (/__MAXWELL__/
[1] 23:43:28,775 DEBUG SchemaChange - SQL_PARSE <- "alter table t22 partition by list/__MAXWELL__/  (/__MAXWELL__/"
[1] 23:43:28,775 DEBUG SchemaChange - SQL_PARSE ->   (parse (statement (alter_table (alter_table_preamble alter table (table_name (name (id t22)))) (alter_specifications (alter_specification (table_creation_option (partition_by partition by (partition_by_what list (skip_parens /__MAXWELL__/)) (partition_definitions ( (skip_parens_inside_partition_definitions /__MAXWELL__/)))))))) <EOF>)
[1] 23:43:28,775 DEBUG SchemaChange - SQL_PARSE <- "alter table t22 partition by list(extract(month from col1))  (partition p0 values in (0,1,2,3,4,5,6,7,8,9,10), partition p1 values in (11,12,13,14,15,16,17,18,19,20), partition p2 values in (21,22,23,24,25,26,27,28,29,30), partition p3 values in (31,32,33,34,35,36,37,38,39,40), partition p4 values in (41,42,43,44,45,46,47,48,49,50), partition p5 values in (51,52,53,54,55,56,57,58,59,60) )"
[1] 23:43:28,775 DEBUG SchemaChange - rewrote SQL to alter table t22 partition by list/__MAXWELL__/  (partition p0 values in (0,1,2,3,4,5,6,7,8,9,10), partition p1 values in (11,12,13,14,15,16,17,18,19,20), partition p2 values in (21,22,23,24,25,26,27,28,29,30), partition p3 values in (31,32,33,34,35,36,37,38,39,40), partition p4 values in (41,42,43,44,45,46,47,48,49,50), partition p5 values in (51,52,53,54,55,56,57,58,59,60) )
[1] 23:43:28,775 DEBUG SchemaChange - SQL_PARSE <- "alter table t22 partition by list/__MAXWELL__/  (partition p0 values in (0,1,2,3,4,5,6,7,8,9,10), partition p1 values in (11,12,13,14,15,16,17,18,19,20), partition p2 values in (21,22,23,24,25,26,27,28,29,30), partition p3 values in (31,32,33,34,35,36,37,38,39,40), partition p4 values in (41,42,43,44,45,46,47,48,49,50), partition p5 values in (51,52,53,54,55,56,57,58,59,60) )"
[1] 23:43:28,776 DEBUG SchemaChange - rewrote SQL to alter table t22 partition by list/__MAXWELL__/  (/__MAXWELL__/
[1] 23:43:28,776 DEBUG SchemaChange - SQL_PARSE <- "alter table t22 partition by list/__MAXWELL__/  (/__MAXWELL__/"
[1] 23:43:28,776 DEBUG SchemaChange - SQL_PARSE ->   (parse (statement (alter_table (alter_table_preamble alter table (table_name (name (id t22)))) (alter_specifications (alter_specification (table_creation_option (partition_by partition by (partition_by_what list (skip_parens /__MAXWELL__/)) (partition_definitions ( (skip_parens_inside_partition_definitions /__MAXWELL__/)))))))) <EOF>)
[1] 23:43:28,776 DEBUG SchemaChange - SQL_PARSE <- "alter table t22 partition by list(hour(col1))  (partition p0 values in (0,1,2,3,4,5,6,7,8,9,10), partition p1 values in (11,12,13,14,15,16,17,18,19,20), partition p2 values in (21,22,23,24,25,26,27,28,29,30), partition p3 values in (31,32,33,34,35,36,37,38,39,40), partition p4 values in (41,42,43,44,45,46,47,48,49,50), partition p5 values in (51,52,53,54,55,56,57,58,59,60) )"
[1] 23:43:28,776 DEBUG SchemaChange - rewrote SQL to alter table t22 partition by list/__MAXWELL__/  (partition p0 values in (0,1,2,3,4,5,6,7,8,9,10), partition p1 values in (11,12,13,14,15,16,17,18,19,20), partition p2 values in (21,22,23,24,25,26,27,28,29,30), partition p3 values in (31,32,33,34,35,36,37,38,39,40), partition p4 values in (41,42,43,44,45,46,47,48,49,50), partition p5 values in (51,52,53,54,55,56,57,58,59,60) )
[1] 23:43:28,776 DEBUG SchemaChange - SQL_PARSE <- "alter table t22 partition by list/__MAXWELL__/  (partition p0 values in (0,1,2,3,4,5,6,7,8,9,10), partition p1 values in (11,12,13,14,15,16,17,18,19,20), partition p2 values in (21,22,23,24,25,26,27,28,29,30), partition p3 values in (31,32,33,34,35,36,37,38,39,40), partition p4 values in (41,42,43,44,45,46,47,48,49,50), partition p5 values in (51,52,53,54,55,56,57,58,59,60) )"
[1] 23:43:28,777 DEBUG SchemaChange - rewrote SQL to alter table t22 partition by list/__MAXWELL__/  (/__MAXWELL__/
[1] 23:43:28,777 DEBUG SchemaChange - SQL_PARSE <- "alter table t22 partition by list/__MAXWELL__/  (/__MAXWELL__/"
[1] 23:43:28,777 DEBUG SchemaChange - SQL_PARSE ->   (parse (statement (alter_table (alter_table_preamble alter table (table_name (name (id t22)))) (alter_specifications (alter_specification (table_creation_option (partition_by partition by (partition_by_what list (skip_parens /__MAXWELL__/)) (partition_definitions ( (skip_parens_inside_partition_definitions /__MAXWELL__/)))))))) <EOF>)
[1] 23:43:28,777 DEBUG SchemaChange - SQL_PARSE <- "alter table t22 partition by list(microsecond(col1))  (partition p0 values in (0,1,2,3,4,5,6,7,8,9,10), partition p1 values in (11,12,13,14,15,16,17,18,19,20), partition p2 values in (21,22,23,24,25,26,27,28,29,30), partition p3 values in (31,32,33,34,35,36,37,38,39,40), partition p4 values in (41,42,43,44,45,46,47,48,49,50), partition p5 values in (51,52,53,54,55,56,57,58,59,60) )"
[1] 23:43:28,777 DEBUG SchemaChange - rewrote SQL to alter table t22 partition by list/__MAXWELL__/  (partition p0 values in (0,1,2,3,4,5,6,7,8,9,10), partition p1 values in (11,12,13,14,15,16,17,18,19,20), partition p2 values in (21,22,23,24,25,26,27,28,29,30), partition p3 values in (31,32,33,34,35,36,37,38,39,40), partition p4 values in (41,42,43,44,45,46,47,48,49,50), partition p5 values in (51,52,53,54,55,56,57,58,59,60) )
[1] 23:43:28,777 DEBUG SchemaChange - SQL_PARSE <- "alter table t22 partition by list/__MAXWELL__/  (partition p0 values in (0,1,2,3,4,5,6,7,8,9,10), partition p1 values in (11,12,13,14,15,16,17,18,19,20), partition p2 values in (21,22,23,24,25,26,27,28,29,30), partition p3 values in (31,32,33,34,35,36,37,38,39,40), partition p4 values in (41,42,43,44,45,46,47,48,49,50), partition p5 values in (51,52,53,54,55,56,57,58,59,60) )"
[1] 23:43:28,778 DEBUG SchemaChange - rewrote SQL to alter table t22 partition by list/__MAXWELL__/  (/__MAXWELL__/
[1] 23:43:28,778 DEBUG SchemaChange - SQL_PARSE <- "alter table t22 partition by list/__MAXWELL__/  (/__MAXWELL__/"
[1] 23:43:28,778 DEBUG SchemaChange - SQL_PARSE ->   (parse (statement (alter_table (alter_table_preamble alter table (table_name (name (id t22)))) (alter_specifications (alter_specification (table_creation_option (partition_by partition by (partition_by_what list (skip_parens /__MAXWELL__/)) (partition_definitions ( (skip_parens_inside_partition_definitions /__MAXWELL__/)))))))) <EOF>)
[1] 23:43:28,778 DEBUG SchemaChange - SQL_PARSE <- "alter table t22 partition by list(minute(col1))  (partition p0 values in (0,1,2,3,4,5,6,7,8,9,10), partition p1 values in (11,12,13,14,15,16,17,18,19,20), partition p2 values in (21,22,23,24,25,26,27,28,29,30), partition p3 values in (31,32,33,34,35,36,37,38,39,40), partition p4 values in (41,42,43,44,45,46,47,48,49,50), partition p5 values in (51,52,53,54,55,56,57,58,59,60) )"
[1] 23:43:28,778 DEBUG SchemaChange - rewrote SQL to alter table t22 partition by list/__MAXWELL__/  (partition p0 values in (0,1,2,3,4,5,6,7,8,9,10), partition p1 values in (11,12,13,14,15,16,17,18,19,20), partition p2 values in (21,22,23,24,25,26,27,28,29,30), partition p3 values in (31,32,33,34,35,36,37,38,39,40), partition p4 values in (41,42,43,44,45,46,47,48,49,50), partition p5 values in (51,52,53,54,55,56,57,58,59,60) )
[1] 23:43:28,778 DEBUG SchemaChange - SQL_PARSE <- "alter table t22 partition by list/__MAXWELL__/  (partition p0 values in (0,1,2,3,4,5,6,7,8,9,10), partition p1 values in (11,12,13,14,15,16,17,18,19,20), partition p2 values in (21,22,23,24,25,26,27,28,29,30), partition p3 values in (31,32,33,34,35,36,37,38,39,40), partition p4 values in (41,42,43,44,45,46,47,48,49,50), partition p5 values in (51,52,53,54,55,56,57,58,59,60) )"
[1] 23:43:28,779 DEBUG SchemaChange - rewrote SQL to alter table t22 partition by list/__MAXWELL__/  (/__MAXWELL__/
[1] 23:43:28,779 DEBUG SchemaChange - SQL_PARSE <- "alter table t22 partition by list/__MAXWELL__/  (/__MAXWELL__/"
[1] 23:43:28,779 DEBUG SchemaChange - SQL_PARSE ->   (parse (statement (alter_table (alter_table_preamble alter table (table_name (name (id t22)))) (alter_specifications (alter_specification (table_creation_option (partition_by partition by (partition_by_what list (skip_parens /__MAXWELL__/)) (partition_definitions ( (skip_parens_inside_partition_definitions /__MAXWELL__/)))))))) <EOF>)
[1] 23:43:28,779 DEBUG SchemaChange - SQL_PARSE <- "alter table t22 partition by list(mod(col1,10))  (partition p0 values in (0,1,2,3,4,5,6,7,8,9,10), partition p1 values in (11,12,13,14,15,16,17,18,19,20), partition p2 values in (21,22,23,24,25,26,27,28,29,30), partition p3 values in (31,32,33,34,35,36,37,38,39,40), partition p4 values in (41,42,43,44,45,46,47,48,49,50), partition p5 values in (51,52,53,54,55,56,57,58,59,60) )"
[1] 23:43:28,779 DEBUG SchemaChange - rewrote SQL to alter table t22 partition by list/__MAXWELL__/  (partition p0 values in (0,1,2,3,4,5,6,7,8,9,10), partition p1 values in (11,12,13,14,15,16,17,18,19,20), partition p2 values in (21,22,23,24,25,26,27,28,29,30), partition p3 values in (31,32,33,34,35,36,37,38,39,40), partition p4 values in (41,42,43,44,45,46,47,48,49,50), partition p5 values in (51,52,53,54,55,56,57,58,59,60) )
[1] 23:43:28,779 DEBUG SchemaChange - SQL_PARSE <- "alter table t22 partition by list/__MAXWELL__/  (partition p0 values in (0,1,2,3,4,5,6,7,8,9,10), partition p1 values in (11,12,13,14,15,16,17,18,19,20), partition p2 values in (21,22,23,24,25,26,27,28,29,30), partition p3 values in (31,32,33,34,35,36,37,38,39,40), partition p4 values in (41,42,43,44,45,46,47,48,49,50), partition p5 values in (51,52,53,54,55,56,57,58,59,60) )"
[1] 23:43:28,779 DEBUG SchemaChange - rewrote SQL to alter table t22 partition by list/__MAXWELL__/  (/__MAXWELL__/
[1] 23:43:28,779 DEBUG SchemaChange - SQL_PARSE <- "alter table t22 partition by list/__MAXWELL__/  (/__MAXWELL__/"
[1] 23:43:28,780 DEBUG SchemaChange - SQL_PARSE ->   (parse (statement (alter_table (alter_table_preamble alter table (table_name (name (id t22)))) (alter_specifications (alter_specification (table_creation_option (partition_by partition by (partition_by_what list (skip_parens /__MAXWELL__/)) (partition_definitions ( (skip_parens_inside_partition_definitions /__MAXWELL__/)))))))) <EOF>)
[1] 23:43:28,780 DEBUG SchemaChange - SQL_PARSE <- "alter table t22 partition by list(month(col1))  (partition p0 values in (0,1,2,3,4,5,6,7,8,9,10), partition p1 values in (11,12,13,14,15,16,17,18,19,20), partition p2 values in (21,22,23,24,25,26,27,28,29,30), partition p3 values in (31,32,33,34,35,36,37,38,39,40), partition p4 values in (41,42,43,44,45,46,47,48,49,50), partition p5 values in (51,52,53,54,55,56,57,58,59,60) )"
[1] 23:43:28,780 DEBUG SchemaChange - rewrote SQL to alter table t22 partition by list/__MAXWELL__/  (partition p0 values in (0,1,2,3,4,5,6,7,8,9,10), partition p1 values in (11,12,13,14,15,16,17,18,19,20), partition p2 values in (21,22,23,24,25,26,27,28,29,30), partition p3 values in (31,32,33,34,35,36,37,38,39,40), partition p4 values in (41,42,43,44,45,46,47,48,49,50), partition p5 values in (51,52,53,54,55,56,57,58,59,60) )
[1] 23:43:28,780 DEBUG SchemaChange - SQL_PARSE <- "alter table t22 partition by list/__MAXWELL__/  (partition p0 values in (0,1,2,3,4,5,6,7,8,9,10), partition p1 values in (11,12,13,14,15,16,17,18,19,20), partition p2 values in (21,22,23,24,25,26,27,28,29,30), partition p3 values in (31,32,33,34,35,36,37,38,39,40), partition p4 values in (41,42,43,44,45,46,47,48,49,50), partition p5 values in (51,52,53,54,55,56,57,58,59,60) )"
[1] 23:43:28,781 DEBUG SchemaChange - rewrote SQL to alter table t22 partition by list/__MAXWELL__/  (/__MAXWELL__/
[1] 23:43:28,781 DEBUG SchemaChange - SQL_PARSE <- "alter table t22 partition by list/__MAXWELL__/  (/__MAXWELL__/"
[1] 23:43:28,781 DEBUG SchemaChange - SQL_PARSE ->   (parse (statement (alter_table (alter_table_preamble alter table (table_name (name (id t22)))) (alter_specifications (alter_specification (table_creation_option (partition_by partition by (partition_by_what list (skip_parens /__MAXWELL__/)) (partition_definitions ( (skip_parens_inside_partition_definitions /__MAXWELL__/)))))))) <EOF>)
[1] 23:43:28,781 DEBUG SchemaChange - SQL_PARSE <- "alter table t22 partition by list(quarter(col1))  (partition p0 values in (0,1,2,3,4,5,6,7,8,9,10), partition p1 values in (11,12,13,14,15,16,17,18,19,20), partition p2 values in (21,22,23,24,25,26,27,28,29,30), partition p3 values in (31,32,33,34,35,36,37,38,39,40), partition p4 values in (41,42,43,44,45,46,47,48,49,50), partition p5 values in (51,52,53,54,55,56,57,58,59,60) )"
[1] 23:43:28,781 DEBUG SchemaChange - rewrote SQL to alter table t22 partition by list/__MAXWELL__/  (partition p0 values in (0,1,2,3,4,5,6,7,8,9,10), partition p1 values in (11,12,13,14,15,16,17,18,19,20), partition p2 values in (21,22,23,24,25,26,27,28,29,30), partition p3 values in (31,32,33,34,35,36,37,38,39,40), partition p4 values in (41,42,43,44,45,46,47,48,49,50), partition p5 values in (51,52,53,54,55,56,57,58,59,60) )
[1] 23:43:28,781 DEBUG SchemaChange - SQL_PARSE <- "alter table t22 partition by list/__MAXWELL__/  (partition p0 values in (0,1,2,3,4,5,6,7,8,9,10), partition p1 values in (11,12,13,14,15,16,17,18,19,20), partition p2 values in (21,22,23,24,25,26,27,28,29,30), partition p3 values in (31,32,33,34,35,36,37,38,39,40), partition p4 values in (41,42,43,44,45,46,47,48,49,50), partition p5 values in (51,52,53,54,55,56,57,58,59,60) )"
[1] 23:43:28,782 DEBUG SchemaChange - rewrote SQL to alter table t22 partition by list/__MAXWELL__/  (/__MAXWELL__/
[1] 23:43:28,782 DEBUG SchemaChange - SQL_PARSE <- "alter table t22 partition by list/__MAXWELL__/  (/__MAXWELL__/"
[1] 23:43:28,782 DEBUG SchemaChange - SQL_PARSE ->   (parse (statement (alter_table (alter_table_preamble alter table (table_name (name (id t22)))) (alter_specifications (alter_specification (table_creation_option (partition_by partition by (partition_by_what list (skip_parens /__MAXWELL__/)) (partition_definitions ( (skip_parens_inside_partition_definitions /__MAXWELL__/)))))))) <EOF>)
[1] 23:43:28,782 DEBUG SchemaChange - SQL_PARSE <- "alter table t22 partition by list(second(col1))  (partition p0 values in (0,1,2,3,4,5,6,7,8,9,10), partition p1 values in (11,12,13,14,15,16,17,18,19,20), partition p2 values in (21,22,23,24,25,26,27,28,29,30), partition p3 values in (31,32,33,34,35,36,37,38,39,40), partition p4 values in (41,42,43,44,45,46,47,48,49,50), partition p5 values in (51,52,53,54,55,56,57,58,59,60) )"
[1] 23:43:28,782 DEBUG SchemaChange - rewrote SQL to alter table t22 partition by list/__MAXWELL__/  (partition p0 values in (0,1,2,3,4,5,6,7,8,9,10), partition p1 values in (11,12,13,14,15,16,17,18,19,20), partition p2 values in (21,22,23,24,25,26,27,28,29,30), partition p3 values in (31,32,33,34,35,36,37,38,39,40), partition p4 values in (41,42,43,44,45,46,47,48,49,50), partition p5 values in (51,52,53,54,55,56,57,58,59,60) )
[1] 23:43:28,782 DEBUG SchemaChange - SQL_PARSE <- "alter table t22 partition by list/__MAXWELL__/  (partition p0 values in (0,1,2,3,4,5,6,7,8,9,10), partition p1 values in (11,12,13,14,15,16,17,18,19,20), partition p2 values in (21,22,23,24,25,26,27,28,29,30), partition p3 values in (31,32,33,34,35,36,37,38,39,40), partition p4 values in (41,42,43,44,45,46,47,48,49,50), partition p5 values in (51,52,53,54,55,56,57,58,59,60) )"
[1] 23:43:28,782 DEBUG SchemaChange - rewrote SQL to alter table t22 partition by list/__MAXWELL__/  (/__MAXWELL__/
[1] 23:43:28,782 DEBUG SchemaChange - SQL_PARSE <- "alter table t22 partition by list/__MAXWELL__/  (/__MAXWELL__/"
[1] 23:43:28,783 DEBUG SchemaChange - SQL_PARSE ->   (parse (statement (alter_table (alter_table_preamble alter table (table_name (name (id t22)))) (alter_specifications (alter_specification (table_creation_option (partition_by partition by (partition_by_what list (skip_parens /__MAXWELL__/)) (partition_definitions ( (skip_parens_inside_partition_definitions /__MAXWELL__/)))))))) <EOF>)
[1] 23:43:28,783 DEBUG SchemaChange - SQL_PARSE <- "alter table t22 partition by list(time_to_sec(col1)-(time_to_sec(col1)-20))  (partition p0 values in (0,1,2,3,4,5,6,7,8,9,10), partition p1 values in (11,12,13,14,15,16,17,18,19,20), partition p2 values in (21,22,23,24,25,26,27,28,29,30), partition p3 values in (31,32,33,34,35,36,37,38,39,40), partition p4 values in (41,42,43,44,45,46,47,48,49,50), partition p5 values in (51,52,53,54,55,56,57,58,59,60) )"
[1] 23:43:28,783 DEBUG SchemaChange - rewrote SQL to alter table t22 partition by list/__MAXWELL__/  (partition p0 values in (0,1,2,3,4,5,6,7,8,9,10), partition p1 values in (11,12,13,14,15,16,17,18,19,20), partition p2 values in (21,22,23,24,25,26,27,28,29,30), partition p3 values in (31,32,33,34,35,36,37,38,39,40), partition p4 values in (41,42,43,44,45,46,47,48,49,50), partition p5 values in (51,52,53,54,55,56,57,58,59,60) )
[1] 23:43:28,783 DEBUG SchemaChange - SQL_PARSE <- "alter table t22 partition by list/__MAXWELL__/  (partition p0 values in (0,1,2,3,4,5,6,7,8,9,10), partition p1 values in (11,12,13,14,15,16,17,18,19,20), partition p2 values in (21,22,23,24,25,26,27,28,29,30), partition p3 values in (31,32,33,34,35,36,37,38,39,40), partition p4 values in (41,42,43,44,45,46,47,48,49,50), partition p5 values in (51,52,53,54,55,56,57,58,59,60) )"
[1] 23:43:28,783 DEBUG SchemaChange - rewrote SQL to alter table t22 partition by list/__MAXWELL__/  (/__MAXWELL__/
[1] 23:43:28,783 DEBUG SchemaChange - SQL_PARSE <- "alter table t22 partition by list/__MAXWELL__/  (/__MAXWELL__/"
[1] 23:43:28,784 DEBUG SchemaChange - SQL_PARSE ->   (parse (statement (alter_table (alter_table_preamble alter table (table_name (name (id t22)))) (alter_specifications (alter_specification (table_creation_option (partition_by partition by (partition_by_what list (skip_parens /__MAXWELL__/)) (partition_definitions ( (skip_parens_inside_partition_definitions /__MAXWELL__/)))))))) <EOF>)
[1] 23:43:28,784 DEBUG SchemaChange - SQL_PARSE <- "alter table t22 partition by list(weekday(col1))  (partition p0 values in (0,1,2,3,4,5,6,7,8,9,10), partition p1 values in (11,12,13,14,15,16,17,18,19,20), partition p2 values in (21,22,23,24,25,26,27,28,29,30), partition p3 values in (31,32,33,34,35,36,37,38,39,40), partition p4 values in (41,42,43,44,45,46,47,48,49,50), partition p5 values in (51,52,53,54,55,56,57,58,59,60) )"
[1] 23:43:28,784 DEBUG SchemaChange - rewrote SQL to alter table t22 partition by list/__MAXWELL__/  (partition p0 values in (0,1,2,3,4,5,6,7,8,9,10), partition p1 values in (11,12,13,14,15,16,17,18,19,20), partition p2 values in (21,22,23,24,25,26,27,28,29,30), partition p3 values in (31,32,33,34,35,36,37,38,39,40), partition p4 values in (41,42,43,44,45,46,47,48,49,50), partition p5 values in (51,52,53,54,55,56,57,58,59,60) )
[1] 23:43:28,784 DEBUG SchemaChange - SQL_PARSE <- "alter table t22 partition by list/__MAXWELL__/  (partition p0 values in (0,1,2,3,4,5,6,7,8,9,10), partition p1 values in (11,12,13,14,15,16,17,18,19,20), partition p2 values in (21,22,23,24,25,26,27,28,29,30), partition p3 values in (31,32,33,34,35,36,37,38,39,40), partition p4 values in (41,42,43,44,45,46,47,48,49,50), partition p5 values in (51,52,53,54,55,56,57,58,59,60) )"
[1] 23:43:28,784 DEBUG SchemaChange - rewrote SQL to alter table t22 partition by list/__MAXWELL__/  (/__MAXWELL__/
[1] 23:43:28,785 DEBUG SchemaChange - SQL_PARSE <- "alter table t22 partition by list/__MAXWELL__/  (/__MAXWELL__/"
[1] 23:43:28,785 DEBUG SchemaChange - SQL_PARSE ->   (parse (statement (alter_table (alter_table_preamble alter table (table_name (name (id t22)))) (alter_specifications (alter_specification (table_creation_option (partition_by partition by (partition_by_what list (skip_parens /__MAXWELL__/)) (partition_definitions ( (skip_parens_inside_partition_definitions /__MAXWELL__/)))))))) <EOF>)
[1] 23:43:28,785 DEBUG SchemaChange - SQL_PARSE <- "alter table t22 partition by list(year(col1)-1990)  (partition p0 values in (0,1,2,3,4,5,6,7,8,9,10), partition p1 values in (11,12,13,14,15,16,17,18,19,20), partition p2 values in (21,22,23,24,25,26,27,28,29,30), partition p3 values in (31,32,33,34,35,36,37,38,39,40), partition p4 values in (41,42,43,44,45,46,47,48,49,50), partition p5 values in (51,52,53,54,55,56,57,58,59,60) )"
[1] 23:43:28,785 DEBUG SchemaChange - rewrote SQL to alter table t22 partition by list/__MAXWELL__/  (partition p0 values in (0,1,2,3,4,5,6,7,8,9,10), partition p1 values in (11,12,13,14,15,16,17,18,19,20), partition p2 values in (21,22,23,24,25,26,27,28,29,30), partition p3 values in (31,32,33,34,35,36,37,38,39,40), partition p4 values in (41,42,43,44,45,46,47,48,49,50), partition p5 values in (51,52,53,54,55,56,57,58,59,60) )
[1] 23:43:28,785 DEBUG SchemaChange - SQL_PARSE <- "alter table t22 partition by list/__MAXWELL__/  (partition p0 values in (0,1,2,3,4,5,6,7,8,9,10), partition p1 values in (11,12,13,14,15,16,17,18,19,20), partition p2 values in (21,22,23,24,25,26,27,28,29,30), partition p3 values in (31,32,33,34,35,36,37,38,39,40), partition p4 values in (41,42,43,44,45,46,47,48,49,50), partition p5 values in (51,52,53,54,55,56,57,58,59,60) )"
[1] 23:43:28,785 DEBUG SchemaChange - rewrote SQL to alter table t22 partition by list/__MAXWELL__/  (/__MAXWELL__/
[1] 23:43:28,785 DEBUG SchemaChange - SQL_PARSE <- "alter table t22 partition by list/__MAXWELL__/  (/__MAXWELL__/"
[1] 23:43:28,786 DEBUG SchemaChange - SQL_PARSE ->   (parse (statement (alter_table (alter_table_preamble alter table (table_name (name (id t22)))) (alter_specifications (alter_specification (table_creation_option (partition_by partition by (partition_by_what list (skip_parens /__MAXWELL__/)) (partition_definitions ( (skip_parens_inside_partition_definitions /__MAXWELL__/)))))))) <EOF>)
[1] 23:43:28,786 DEBUG SchemaChange - SQL_PARSE <- "alter table t22 partition by list(yearweek(col1)-200600)  (partition p0 values in (0,1,2,3,4,5,6,7,8,9,10), partition p1 values in (11,12,13,14,15,16,17,18,19,20), partition p2 values in (21,22,23,24,25,26,27,28,29,30), partition p3 values in (31,32,33,34,35,36,37,38,39,40), partition p4 values in (41,42,43,44,45,46,47,48,49,50), partition p5 values in (51,52,53,54,55,56,57,58,59,60) )"
[1] 23:43:28,786 DEBUG SchemaChange - rewrote SQL to alter table t22 partition by list/__MAXWELL__/  (partition p0 values in (0,1,2,3,4,5,6,7,8,9,10), partition p1 values in (11,12,13,14,15,16,17,18,19,20), partition p2 values in (21,22,23,24,25,26,27,28,29,30), partition p3 values in (31,32,33,34,35,36,37,38,39,40), partition p4 values in (41,42,43,44,45,46,47,48,49,50), partition p5 values in (51,52,53,54,55,56,57,58,59,60) )
[1] 23:43:28,786 DEBUG SchemaChange - SQL_PARSE <- "alter table t22 partition by list/__MAXWELL__/  (partition p0 values in (0,1,2,3,4,5,6,7,8,9,10), partition p1 values in (11,12,13,14,15,16,17,18,19,20), partition p2 values in (21,22,23,24,25,26,27,28,29,30), partition p3 values in (31,32,33,34,35,36,37,38,39,40), partition p4 values in (41,42,43,44,45,46,47,48,49,50), partition p5 values in (51,52,53,54,55,56,57,58,59,60) )"
[1] 23:43:28,786 DEBUG SchemaChange - rewrote SQL to alter table t22 partition by list/__MAXWELL__/  (/__MAXWELL__/
[1] 23:43:28,786 DEBUG SchemaChange - SQL_PARSE <- "alter table t22 partition by list/__MAXWELL__/  (/__MAXWELL__/"
[1] 23:43:28,787 DEBUG SchemaChange - SQL_PARSE ->   (parse (statement (alter_table (alter_table_preamble alter table (table_name (name (id t22)))) (alter_specifications (alter_specification (table_creation_option (partition_by partition by (partition_by_what list (skip_parens /__MAXWELL__/)) (partition_definitions ( (skip_parens_inside_partition_definitions /__MAXWELL__/)))))))) <EOF>)
[1] 23:43:28,787 DEBUG SchemaChange - SQL_PARSE <- "alter table t33 partition by hash(abs(col1))"
[1] 23:43:28,787 DEBUG SchemaChange - rewrote SQL to alter table t33 partition by hash/__MAXWELL__/
[1] 23:43:28,787 DEBUG SchemaChange - SQL_PARSE <- "alter table t33 partition by hash/__MAXWELL__/"
[1] 23:43:28,787 DEBUG SchemaChange - SQL_PARSE ->   (parse (statement (alter_table (alter_table_preamble alter table (table_name (name (id t33)))) (alter_specifications (alter_specification (table_creation_option (partition_by partition by (partition_by_what hash (skip_parens /__MAXWELL__/)))))))) <EOF>)
[1] 23:43:28,787 DEBUG SchemaChange - SQL_PARSE <- "alter table t33 partition by hash(day(col1))"
[1] 23:43:28,787 DEBUG SchemaChange - rewrote SQL to alter table t33 partition by hash/__MAXWELL__/
[1] 23:43:28,787 DEBUG SchemaChange - SQL_PARSE <- "alter table t33 partition by hash/__MAXWELL__/"
[1] 23:43:28,788 DEBUG SchemaChange - SQL_PARSE ->   (parse (statement (alter_table (alter_table_preamble alter table (table_name (name (id t33)))) (alter_specifications (alter_specification (table_creation_option (partition_by partition by (partition_by_what hash (skip_parens /__MAXWELL__/)))))))) <EOF>)
[1] 23:43:28,788 DEBUG SchemaChange - SQL_PARSE <- "alter table t33 partition by hash(dayofmonth(col1))"
[1] 23:43:28,788 DEBUG SchemaChange - rewrote SQL to alter table t33 partition by hash/__MAXWELL__/
[1] 23:43:28,788 DEBUG SchemaChange - SQL_PARSE <- "alter table t33 partition by hash/__MAXWELL__/"
[1] 23:43:28,788 DEBUG SchemaChange - SQL_PARSE ->   (parse (statement (alter_table (alter_table_preamble alter table (table_name (name (id t33)))) (alter_specifications (alter_specification (table_creation_option (partition_by partition by (partition_by_what hash (skip_parens /__MAXWELL__/)))))))) <EOF>)
[1] 23:43:28,788 DEBUG SchemaChange - SQL_PARSE <- "alter table t33 partition by hash(dayofweek(col1))"
[1] 23:43:28,788 DEBUG SchemaChange - rewrote SQL to alter table t33 partition by hash/__MAXWELL__/
[1] 23:43:28,788 DEBUG SchemaChange - SQL_PARSE <- "alter table t33 partition by hash/__MAXWELL__/"
[1] 23:43:28,788 DEBUG SchemaChange - SQL_PARSE ->   (parse (statement (alter_table (alter_table_preamble alter table (table_name (name (id t33)))) (alter_specifications (alter_specification (table_creation_option (partition_by partition by (partition_by_what hash (skip_parens /__MAXWELL__/)))))))) <EOF>)
[1] 23:43:28,788 DEBUG SchemaChange - SQL_PARSE <- "alter table t33 partition by hash(dayofyear(col1))"
[1] 23:43:28,789 DEBUG SchemaChange - rewrote SQL to alter table t33 partition by hash/__MAXWELL__/
[1] 23:43:28,789 DEBUG SchemaChange - SQL_PARSE <- "alter table t33 partition by hash/__MAXWELL__/"
[1] 23:43:28,789 DEBUG SchemaChange - SQL_PARSE ->   (parse (statement (alter_table (alter_table_preamble alter table (table_name (name (id t33)))) (alter_specifications (alter_specification (table_creation_option (partition_by partition by (partition_by_what hash (skip_parens /__MAXWELL__/)))))))) <EOF>)
[1] 23:43:28,789 DEBUG SchemaChange - SQL_PARSE <- "alter table t33 partition by hash(extract(month from col1))"
[1] 23:43:28,789 DEBUG SchemaChange - rewrote SQL to alter table t33 partition by hash/__MAXWELL__/
[1] 23:43:28,789 DEBUG SchemaChange - SQL_PARSE <- "alter table t33 partition by hash/__MAXWELL__/"
[1] 23:43:28,789 DEBUG SchemaChange - SQL_PARSE ->   (parse (statement (alter_table (alter_table_preamble alter table (table_name (name (id t33)))) (alter_specifications (alter_specification (table_creation_option (partition_by partition by (partition_by_what hash (skip_parens /__MAXWELL__/)))))))) <EOF>)
[1] 23:43:28,789 DEBUG SchemaChange - SQL_PARSE <- "alter table t33 partition by hash(hour(col1))"
[1] 23:43:28,790 DEBUG SchemaChange - rewrote SQL to alter table t33 partition by hash/__MAXWELL__/
[1] 23:43:28,790 DEBUG SchemaChange - SQL_PARSE <- "alter table t33 partition by hash/__MAXWELL__/"
[1] 23:43:28,790 DEBUG SchemaChange - SQL_PARSE ->   (parse (statement (alter_table (alter_table_preamble alter table (table_name (name (id t33)))) (alter_specifications (alter_specification (table_creation_option (partition_by partition by (partition_by_what hash (skip_parens /__MAXWELL__/)))))))) <EOF>)
[1] 23:43:28,790 DEBUG SchemaChange - SQL_PARSE <- "alter table t33 partition by hash(microsecond(col1))"
[1] 23:43:28,790 DEBUG SchemaChange - rewrote SQL to alter table t33 partition by hash/__MAXWELL__/
[1] 23:43:28,790 DEBUG SchemaChange - SQL_PARSE <- "alter table t33 partition by hash/__MAXWELL__/"
[1] 23:43:28,790 DEBUG SchemaChange - SQL_PARSE ->   (parse (statement (alter_table (alter_table_preamble alter table (table_name (name (id t33)))) (alter_specifications (alter_specification (table_creation_option (partition_by partition by (partition_by_what hash (skip_parens /__MAXWELL__/)))))))) <EOF>)
[1] 23:43:28,790 DEBUG SchemaChange - SQL_PARSE <- "alter table t33 partition by hash(minute(col1))"
[1] 23:43:28,790 DEBUG SchemaChange - rewrote SQL to alter table t33 partition by hash/__MAXWELL__/
[1] 23:43:28,790 DEBUG SchemaChange - SQL_PARSE <- "alter table t33 partition by hash/__MAXWELL__/"
[1] 23:43:28,791 DEBUG SchemaChange - SQL_PARSE ->   (parse (statement (alter_table (alter_table_preamble alter table (table_name (name (id t33)))) (alter_specifications (alter_specification (table_creation_option (partition_by partition by (partition_by_what hash (skip_parens /__MAXWELL__/)))))))) <EOF>)
[1] 23:43:28,791 DEBUG SchemaChange - SQL_PARSE <- "alter table t33 partition by hash(mod(col1,10))"
[1] 23:43:28,791 DEBUG SchemaChange - rewrote SQL to alter table t33 partition by hash/__MAXWELL__/
[1] 23:43:28,791 DEBUG SchemaChange - SQL_PARSE <- "alter table t33 partition by hash/__MAXWELL__/"
[1] 23:43:28,791 DEBUG SchemaChange - SQL_PARSE ->   (parse (statement (alter_table (alter_table_preamble alter table (table_name (name (id t33)))) (alter_specifications (alter_specification (table_creation_option (partition_by partition by (partition_by_what hash (skip_parens /__MAXWELL__/)))))))) <EOF>)
[1] 23:43:28,791 DEBUG SchemaChange - SQL_PARSE <- "alter table t33 partition by hash(month(col1))"
[1] 23:43:28,791 DEBUG SchemaChange - rewrote SQL to alter table t33 partition by hash/__MAXWELL__/
[1] 23:43:28,791 DEBUG SchemaChange - SQL_PARSE <- "alter table t33 partition by hash/__MAXWELL__/"
[1] 23:43:28,792 DEBUG SchemaChange - SQL_PARSE ->   (parse (statement (alter_table (alter_table_preamble alter table (table_name (name (id t33)))) (alter_specifications (alter_specification (table_creation_option (partition_by partition by (partition_by_what hash (skip_parens /__MAXWELL__/)))))))) <EOF>)
[1] 23:43:28,792 DEBUG SchemaChange - SQL_PARSE <- "alter table t33 partition by hash(quarter(col1))"
[1] 23:43:28,792 DEBUG SchemaChange - rewrote SQL to alter table t33 partition by hash/__MAXWELL__/
[1] 23:43:28,792 DEBUG SchemaChange - SQL_PARSE <- "alter table t33 partition by hash/__MAXWELL__/"
[1] 23:43:28,792 DEBUG SchemaChange - SQL_PARSE ->   (parse (statement (alter_table (alter_table_preamble alter table (table_name (name (id t33)))) (alter_specifications (alter_specification (table_creation_option (partition_by partition by (partition_by_what hash (skip_parens /__MAXWELL__/)))))))) <EOF>)
[1] 23:43:28,792 DEBUG SchemaChange - SQL_PARSE <- "alter table t33 partition by hash(second(col1))"
[1] 23:43:28,792 DEBUG SchemaChange - rewrote SQL to alter table t33 partition by hash/__MAXWELL__/
[1] 23:43:28,792 DEBUG SchemaChange - SQL_PARSE <- "alter table t33 partition by hash/__MAXWELL__/"
[1] 23:43:28,792 DEBUG SchemaChange - SQL_PARSE ->   (parse (statement (alter_table (alter_table_preamble alter table (table_name (name (id t33)))) (alter_specifications (alter_specification (table_creation_option (partition_by partition by (partition_by_what hash (skip_parens /__MAXWELL__/)))))))) <EOF>)
[1] 23:43:28,793 DEBUG SchemaChange - SQL_PARSE <- "alter table t33 partition by hash(time_to_sec(col1)-(time_to_sec(col1)-20))"
[1] 23:43:28,793 DEBUG SchemaChange - rewrote SQL to alter table t33 partition by hash/__MAXWELL__/
[1] 23:43:28,793 DEBUG SchemaChange - SQL_PARSE <- "alter table t33 partition by hash/__MAXWELL__/"
[1] 23:43:28,793 DEBUG SchemaChange - SQL_PARSE ->   (parse (statement (alter_table (alter_table_preamble alter table (table_name (name (id t33)))) (alter_specifications (alter_specification (table_creation_option (partition_by partition by (partition_by_what hash (skip_parens /__MAXWELL__/)))))))) <EOF>)
[1] 23:43:28,793 DEBUG SchemaChange - SQL_PARSE <- "alter table t33 partition by hash(weekday(col1))"
[1] 23:43:28,793 DEBUG SchemaChange - rewrote SQL to alter table t33 partition by hash/__MAXWELL__/
[1] 23:43:28,793 DEBUG SchemaChange - SQL_PARSE <- "alter table t33 partition by hash/__MAXWELL__/"
[1] 23:43:28,794 DEBUG SchemaChange - SQL_PARSE ->   (parse (statement (alter_table (alter_table_preamble alter table (table_name (name (id t33)))) (alter_specifications (alter_specification (table_creation_option (partition_by partition by (partition_by_what hash (skip_parens /__MAXWELL__/)))))))) <EOF>)
[1] 23:43:28,794 DEBUG SchemaChange - SQL_PARSE <- "alter table t33 partition by hash(year(col1)-1990)"
[1] 23:43:28,794 DEBUG SchemaChange - rewrote SQL to alter table t33 partition by hash/__MAXWELL__/
[1] 23:43:28,794 DEBUG SchemaChange - SQL_PARSE <- "alter table t33 partition by hash/__MAXWELL__/"
[1] 23:43:28,794 DEBUG SchemaChange - SQL_PARSE ->   (parse (statement (alter_table (alter_table_preamble alter table (table_name (name (id t33)))) (alter_specifications (alter_specification (table_creation_option (partition_by partition by (partition_by_what hash (skip_parens /__MAXWELL__/)))))))) <EOF>)
[1] 23:43:28,794 DEBUG SchemaChange - SQL_PARSE <- "alter table t33 partition by hash(yearweek(col1)-200600)"
[1] 23:43:28,794 DEBUG SchemaChange - rewrote SQL to alter table t33 partition by hash/__MAXWELL__/
[1] 23:43:28,794 DEBUG SchemaChange - SQL_PARSE <- "alter table t33 partition by hash/__MAXWELL__/"
[1] 23:43:28,794 DEBUG SchemaChange - SQL_PARSE ->   (parse (statement (alter_table (alter_table_preamble alter table (table_name (name (id t33)))) (alter_specifications (alter_specification (table_creation_option (partition_by partition by (partition_by_what hash (skip_parens /__MAXWELL__/)))))))) <EOF>)
[1] 23:43:28,795 DEBUG SchemaChange - SQL_PARSE <- "alter table t4 drop partition p0"
[1] 23:43:28,795 DEBUG SchemaChange - SQL_PARSE ->   (parse (statement (alter_table (alter_table_preamble alter table (table_name (name (id t4)))) (alter_partition_specification drop partition (partition_names (id p0))))) <EOF>)
[1] 23:43:28,795 DEBUG SchemaChange - SQL_PARSE <- "alter table t44 drop partition p0"
[1] 23:43:28,795 DEBUG SchemaChange - SQL_PARSE ->   (parse (statement (alter_table (alter_table_preamble alter table (table_name (name (id t44)))) (alter_partition_specification drop partition (partition_names (id p0))))) <EOF>)
[1] 23:43:28,795 DEBUG SchemaChange - SQL_PARSE <- "alter table t44 partition by range(colint)  subpartition by hash(abs(col1)) subpartitions 2  (partition p0 values less than (15), partition p1 values less than maxvalue)"
[1] 23:43:28,795 DEBUG SchemaChange - rewrote SQL to alter table t44 partition by range/__MAXWELL__/  subpartition by hash(abs(col1)) subpartitions 2  (partition p0 values less than (15), partition p1 values less than maxvalue)
[1] 23:43:28,795 DEBUG SchemaChange - SQL_PARSE <- "alter table t44 partition by range/__MAXWELL__/  subpartition by hash(abs(col1)) subpartitions 2  (partition p0 values less than (15), partition p1 values less than maxvalue)"
[1] 23:43:28,795 DEBUG SchemaChange - rewrote SQL to alter table t44 partition by range/__MAXWELL__/  subpartition by hash/__MAXWELL__/ subpartitions 2  (partition p0 values less than (15), partition p1 values less than maxvalue)
[1] 23:43:28,795 DEBUG SchemaChange - SQL_PARSE <- "alter table t44 partition by range/__MAXWELL__/  subpartition by hash/__MAXWELL__/ subpartitions 2  (partition p0 values less than (15), partition p1 values less than maxvalue)"
[1] 23:43:28,796 DEBUG SchemaChange - rewrote SQL to alter table t44 partition by range/__MAXWELL__/  subpartition by hash/__MAXWELL__/ subpartitions 2  (/__MAXWELL__/
[1] 23:43:28,796 DEBUG SchemaChange - SQL_PARSE <- "alter table t44 partition by range/__MAXWELL__/  subpartition by hash/__MAXWELL__/ subpartitions 2  (/__MAXWELL__/"
[1] 23:43:28,796 DEBUG SchemaChange - SQL_PARSE ->   (parse (statement (alter_table (alter_table_preamble alter table (table_name (name (id t44)))) (alter_specifications (alter_specification (table_creation_option (partition_by partition by (partition_by_what range (skip_parens /__MAXWELL__/)) (subpartition_by subpartition by (partition_by_what hash (skip_parens /__MAXWELL__/)) subpartitions 2) (partition_definitions ( (skip_parens_inside_partition_definitions /__MAXWELL__/)))))))) <EOF>)
[1] 23:43:28,796 DEBUG SchemaChange - SQL_PARSE <- "alter table t44 partition by range(colint)  subpartition by hash(day(col1)) subpartitions 2  (partition p0 values less than (15), partition p1 values less than maxvalue)"
[1] 23:43:28,796 DEBUG SchemaChange - rewrote SQL to alter table t44 partition by range/__MAXWELL__/  subpartition by hash(day(col1)) subpartitions 2  (partition p0 values less than (15), partition p1 values less than maxvalue)
[1] 23:43:28,796 DEBUG SchemaChange - SQL_PARSE <- "alter table t44 partition by range/__MAXWELL__/  subpartition by hash(day(col1)) subpartitions 2  (partition p0 values less than (15), partition p1 values less than maxvalue)"
[1] 23:43:28,797 DEBUG SchemaChange - rewrote SQL to alter table t44 partition by range/__MAXWELL__/  subpartition by hash/__MAXWELL__/ subpartitions 2  (partition p0 values less than (15), partition p1 values less than maxvalue)
[1] 23:43:28,797 DEBUG SchemaChange - SQL_PARSE <- "alter table t44 partition by range/__MAXWELL__/  subpartition by hash/__MAXWELL__/ subpartitions 2  (partition p0 values less than (15), partition p1 values less than maxvalue)"
[1] 23:43:28,797 DEBUG SchemaChange - rewrote SQL to alter table t44 partition by range/__MAXWELL__/  subpartition by hash/__MAXWELL__/ subpartitions 2  (/__MAXWELL__/
[1] 23:43:28,797 DEBUG SchemaChange - SQL_PARSE <- "alter table t44 partition by range/__MAXWELL__/  subpartition by hash/__MAXWELL__/ subpartitions 2  (/__MAXWELL__/"
[1] 23:43:28,797 DEBUG SchemaChange - SQL_PARSE ->   (parse (statement (alter_table (alter_table_preamble alter table (table_name (name (id t44)))) (alter_specifications (alter_specification (table_creation_option (partition_by partition by (partition_by_what range (skip_parens /__MAXWELL__/)) (subpartition_by subpartition by (partition_by_what hash (skip_parens /__MAXWELL__/)) subpartitions 2) (partition_definitions ( (skip_parens_inside_partition_definitions /__MAXWELL__/)))))))) <EOF>)
[1] 23:43:28,797 DEBUG SchemaChange - SQL_PARSE <- "alter table t44 partition by range(colint)  subpartition by hash(dayofmonth(col1)) subpartitions 2  (partition p0 values less than (15), partition p1 values less than maxvalue)"
[1] 23:43:28,797 DEBUG SchemaChange - rewrote SQL to alter table t44 partition by range/__MAXWELL__/  subpartition by hash(dayofmonth(col1)) subpartitions 2  (partition p0 values less than (15), partition p1 values less than maxvalue)
[1] 23:43:28,797 DEBUG SchemaChange - SQL_PARSE <- "alter table t44 partition by range/__MAXWELL__/  subpartition by hash(dayofmonth(col1)) subpartitions 2  (partition p0 values less than (15), partition p1 values less than maxvalue)"
[1] 23:43:28,798 DEBUG SchemaChange - rewrote SQL to alter table t44 partition by range/__MAXWELL__/  subpartition by hash/__MAXWELL__/ subpartitions 2  (partition p0 values less than (15), partition p1 values less than maxvalue)
[1] 23:43:28,798 DEBUG SchemaChange - SQL_PARSE <- "alter table t44 partition by range/__MAXWELL__/  subpartition by hash/__MAXWELL__/ subpartitions 2  (partition p0 values less than (15), partition p1 values less than maxvalue)"
[1] 23:43:28,798 DEBUG SchemaChange - rewrote SQL to alter table t44 partition by range/__MAXWELL__/  subpartition by hash/__MAXWELL__/ subpartitions 2  (/__MAXWELL__/
[1] 23:43:28,798 DEBUG SchemaChange - SQL_PARSE <- "alter table t44 partition by range/__MAXWELL__/  subpartition by hash/__MAXWELL__/ subpartitions 2  (/__MAXWELL__/"
[1] 23:43:28,798 DEBUG SchemaChange - SQL_PARSE ->   (parse (statement (alter_table (alter_table_preamble alter table (table_name (name (id t44)))) (alter_specifications (alter_specification (table_creation_option (partition_by partition by (partition_by_what range (skip_parens /__MAXWELL__/)) (subpartition_by subpartition by (partition_by_what hash (skip_parens /__MAXWELL__/)) subpartitions 2) (partition_definitions ( (skip_parens_inside_partition_definitions /__MAXWELL__/)))))))) <EOF>)
[1] 23:43:28,798 DEBUG SchemaChange - SQL_PARSE <- "alter table t44 partition by range(colint)  subpartition by hash(dayofweek(col1)) subpartitions 2  (partition p0 values less than (15), partition p1 values less than maxvalue)"
[1] 23:43:28,799 DEBUG SchemaChange - rewrote SQL to alter table t44 partition by range/__MAXWELL__/  subpartition by hash(dayofweek(col1)) subpartitions 2  (partition p0 values less than (15), partition p1 values less than maxvalue)
[1] 23:43:28,799 DEBUG SchemaChange - SQL_PARSE <- "alter table t44 partition by range/__MAXWELL__/  subpartition by hash(dayofweek(col1)) subpartitions 2  (partition p0 values less than (15), partition p1 values less than maxvalue)"
[1] 23:43:28,799 DEBUG SchemaChange - rewrote SQL to alter table t44 partition by range/__MAXWELL__/  subpartition by hash/__MAXWELL__/ subpartitions 2  (partition p0 values less than (15), partition p1 values less than maxvalue)
[1] 23:43:28,799 DEBUG SchemaChange - SQL_PARSE <- "alter table t44 partition by range/__MAXWELL__/  subpartition by hash/__MAXWELL__/ subpartitions 2  (partition p0 values less than (15), partition p1 values less than maxvalue)"
[1] 23:43:28,799 DEBUG SchemaChange - rewrote SQL to alter table t44 partition by range/__MAXWELL__/  subpartition by hash/__MAXWELL__/ subpartitions 2  (/__MAXWELL__/
[1] 23:43:28,799 DEBUG SchemaChange - SQL_PARSE <- "alter table t44 partition by range/__MAXWELL__/  subpartition by hash/__MAXWELL__/ subpartitions 2  (/__MAXWELL__/"
[1] 23:43:28,799 DEBUG SchemaChange - SQL_PARSE ->   (parse (statement (alter_table (alter_table_preamble alter table (table_name (name (id t44)))) (alter_specifications (alter_specification (table_creation_option (partition_by partition by (partition_by_what range (skip_parens /__MAXWELL__/)) (subpartition_by subpartition by (partition_by_what hash (skip_parens /__MAXWELL__/)) subpartitions 2) (partition_definitions ( (skip_parens_inside_partition_definitions /__MAXWELL__/)))))))) <EOF>)
[1] 23:43:28,799 DEBUG SchemaChange - SQL_PARSE <- "alter table t44 partition by range(colint)  subpartition by hash(dayofyear(col1)) subpartitions 2  (partition p0 values less than (15), partition p1 values less than maxvalue)"
[1] 23:43:28,800 DEBUG SchemaChange - rewrote SQL to alter table t44 partition by range/__MAXWELL__/  subpartition by hash(dayofyear(col1)) subpartitions 2  (partition p0 values less than (15), partition p1 values less than maxvalue)
[1] 23:43:28,800 DEBUG SchemaChange - SQL_PARSE <- "alter table t44 partition by range/__MAXWELL__/  subpartition by hash(dayofyear(col1)) subpartitions 2  (partition p0 values less than (15), partition p1 values less than maxvalue)"
[1] 23:43:28,800 DEBUG SchemaChange - rewrote SQL to alter table t44 partition by range/__MAXWELL__/  subpartition by hash/__MAXWELL__/ subpartitions 2  (partition p0 values less than (15), partition p1 values less than maxvalue)
[1] 23:43:28,800 DEBUG SchemaChange - SQL_PARSE <- "alter table t44 partition by range/__MAXWELL__/  subpartition by hash/__MAXWELL__/ subpartitions 2  (partition p0 values less than (15), partition p1 values less than maxvalue)"
[1] 23:43:28,800 DEBUG SchemaChange - rewrote SQL to alter table t44 partition by range/__MAXWELL__/  subpartition by hash/__MAXWELL__/ subpartitions 2  (/__MAXWELL__/
[1] 23:43:28,800 DEBUG SchemaChange - SQL_PARSE <- "alter table t44 partition by range/__MAXWELL__/  subpartition by hash/__MAXWELL__/ subpartitions 2  (/__MAXWELL__/"
[1] 23:43:28,800 DEBUG SchemaChange - SQL_PARSE ->   (parse (statement (alter_table (alter_table_preamble alter table (table_name (name (id t44)))) (alter_specifications (alter_specification (table_creation_option (partition_by partition by (partition_by_what range (skip_parens /__MAXWELL__/)) (subpartition_by subpartition by (partition_by_what hash (skip_parens /__MAXWELL__/)) subpartitions 2) (partition_definitions ( (skip_parens_inside_partition_definitions /__MAXWELL__/)))))))) <EOF>)
[1] 23:43:28,801 DEBUG SchemaChange - SQL_PARSE <- "alter table t44 partition by range(colint)  subpartition by hash(extract(month from col1)) subpartitions 2  (partition p0 values less than (15), partition p1 values less than maxvalue)"
[1] 23:43:28,801 DEBUG SchemaChange - rewrote SQL to alter table t44 partition by range/__MAXWELL__/  subpartition by hash(extract(month from col1)) subpartitions 2  (partition p0 values less than (15), partition p1 values less than maxvalue)
[1] 23:43:28,801 DEBUG SchemaChange - SQL_PARSE <- "alter table t44 partition by range/__MAXWELL__/  subpartition by hash(extract(month from col1)) subpartitions 2  (partition p0 values less than (15), partition p1 values less than maxvalue)"
[1] 23:43:28,801 DEBUG SchemaChange - rewrote SQL to alter table t44 partition by range/__MAXWELL__/  subpartition by hash/__MAXWELL__/ subpartitions 2  (partition p0 values less than (15), partition p1 values less than maxvalue)
[1] 23:43:28,801 DEBUG SchemaChange - SQL_PARSE <- "alter table t44 partition by range/__MAXWELL__/  subpartition by hash/__MAXWELL__/ subpartitions 2  (partition p0 values less than (15), partition p1 values less than maxvalue)"
[1] 23:43:28,801 DEBUG SchemaChange - rewrote SQL to alter table t44 partition by range/__MAXWELL__/  subpartition by hash/__MAXWELL__/ subpartitions 2  (/__MAXWELL__/
[1] 23:43:28,801 DEBUG SchemaChange - SQL_PARSE <- "alter table t44 partition by range/__MAXWELL__/  subpartition by hash/__MAXWELL__/ subpartitions 2  (/__MAXWELL__/"
[1] 23:43:28,801 DEBUG SchemaChange - SQL_PARSE ->   (parse (statement (alter_table (alter_table_preamble alter table (table_name (name (id t44)))) (alter_specifications (alter_specification (table_creation_option (partition_by partition by (partition_by_what range (skip_parens /__MAXWELL__/)) (subpartition_by subpartition by (partition_by_what hash (skip_parens /__MAXWELL__/)) subpartitions 2) (partition_definitions ( (skip_parens_inside_partition_definitions /__MAXWELL__/)))))))) <EOF>)
[1] 23:43:28,802 DEBUG SchemaChange - SQL_PARSE <- "alter table t44 partition by range(colint)  subpartition by hash(hour(col1)) subpartitions 2  (partition p0 values less than (15), partition p1 values less than maxvalue)"
[1] 23:43:28,802 DEBUG SchemaChange - rewrote SQL to alter table t44 partition by range/__MAXWELL__/  subpartition by hash(hour(col1)) subpartitions 2  (partition p0 values less than (15), partition p1 values less than maxvalue)
[1] 23:43:28,802 DEBUG SchemaChange - SQL_PARSE <- "alter table t44 partition by range/__MAXWELL__/  subpartition by hash(hour(col1)) subpartitions 2  (partition p0 values less than (15), partition p1 values less than maxvalue)"
[1] 23:43:28,802 DEBUG SchemaChange - rewrote SQL to alter table t44 partition by range/__MAXWELL__/  subpartition by hash/__MAXWELL__/ subpartitions 2  (partition p0 values less than (15), partition p1 values less than maxvalue)
[1] 23:43:28,802 DEBUG SchemaChange - SQL_PARSE <- "alter table t44 partition by range/__MAXWELL__/  subpartition by hash/__MAXWELL__/ subpartitions 2  (partition p0 values less than (15), partition p1 values less than maxvalue)"
[1] 23:43:28,802 DEBUG SchemaChange - rewrote SQL to alter table t44 partition by range/__MAXWELL__/  subpartition by hash/__MAXWELL__/ subpartitions 2  (/__MAXWELL__/
[1] 23:43:28,802 DEBUG SchemaChange - SQL_PARSE <- "alter table t44 partition by range/__MAXWELL__/  subpartition by hash/__MAXWELL__/ subpartitions 2  (/__MAXWELL__/"
[1] 23:43:28,803 DEBUG SchemaChange - SQL_PARSE ->   (parse (statement (alter_table (alter_table_preamble alter table (table_name (name (id t44)))) (alter_specifications (alter_specification (table_creation_option (partition_by partition by (partition_by_what range (skip_parens /__MAXWELL__/)) (subpartition_by subpartition by (partition_by_what hash (skip_parens /__MAXWELL__/)) subpartitions 2) (partition_definitions ( (skip_parens_inside_partition_definitions /__MAXWELL__/)))))))) <EOF>)
[1] 23:43:28,803 DEBUG SchemaChange - SQL_PARSE <- "alter table t44 partition by range(colint)  subpartition by hash(microsecond(col1)) subpartitions 2  (partition p0 values less than (15), partition p1 values less than maxvalue)"
[1] 23:43:28,803 DEBUG SchemaChange - rewrote SQL to alter table t44 partition by range/__MAXWELL__/  subpartition by hash(microsecond(col1)) subpartitions 2  (partition p0 values less than (15), partition p1 values less than maxvalue)
[1] 23:43:28,803 DEBUG SchemaChange - SQL_PARSE <- "alter table t44 partition by range/__MAXWELL__/  subpartition by hash(microsecond(col1)) subpartitions 2  (partition p0 values less than (15), partition p1 values less than maxvalue)"
[1] 23:43:28,803 DEBUG SchemaChange - rewrote SQL to alter table t44 partition by range/__MAXWELL__/  subpartition by hash/__MAXWELL__/ subpartitions 2  (partition p0 values less than (15), partition p1 values less than maxvalue)
[1] 23:43:28,803 DEBUG SchemaChange - SQL_PARSE <- "alter table t44 partition by range/__MAXWELL__/  subpartition by hash/__MAXWELL__/ subpartitions 2  (partition p0 values less than (15), partition p1 values less than maxvalue)"
[1] 23:43:28,803 DEBUG SchemaChange - rewrote SQL to alter table t44 partition by range/__MAXWELL__/  subpartition by hash/__MAXWELL__/ subpartitions 2  (/__MAXWELL__/
[1] 23:43:28,803 DEBUG SchemaChange - SQL_PARSE <- "alter table t44 partition by range/__MAXWELL__/  subpartition by hash/__MAXWELL__/ subpartitions 2  (/__MAXWELL__/"
[1] 23:43:28,804 DEBUG SchemaChange - SQL_PARSE ->   (parse (statement (alter_table (alter_table_preamble alter table (table_name (name (id t44)))) (alter_specifications (alter_specification (table_creation_option (partition_by partition by (partition_by_what range (skip_parens /__MAXWELL__/)) (subpartition_by subpartition by (partition_by_what hash (skip_parens /__MAXWELL__/)) subpartitions 2) (partition_definitions ( (skip_parens_inside_partition_definitions /__MAXWELL__/)))))))) <EOF>)
[1] 23:43:28,804 DEBUG SchemaChange - SQL_PARSE <- "alter table t44 partition by range(colint)  subpartition by hash(minute(col1)) subpartitions 2  (partition p0 values less than (15), partition p1 values less than maxvalue)"
[1] 23:43:28,804 DEBUG SchemaChange - rewrote SQL to alter table t44 partition by range/__MAXWELL__/  subpartition by hash(minute(col1)) subpartitions 2  (partition p0 values less than (15), partition p1 values less than maxvalue)
[1] 23:43:28,804 DEBUG SchemaChange - SQL_PARSE <- "alter table t44 partition by range/__MAXWELL__/  subpartition by hash(minute(col1)) subpartitions 2  (partition p0 values less than (15), partition p1 values less than maxvalue)"
[1] 23:43:28,804 DEBUG SchemaChange - rewrote SQL to alter table t44 partition by range/__MAXWELL__/  subpartition by hash/__MAXWELL__/ subpartitions 2  (partition p0 values less than (15), partition p1 values less than maxvalue)
[1] 23:43:28,804 DEBUG SchemaChange - SQL_PARSE <- "alter table t44 partition by range/__MAXWELL__/  subpartition by hash/__MAXWELL__/ subpartitions 2  (partition p0 values less than (15), partition p1 values less than maxvalue)"
[1] 23:43:28,804 DEBUG SchemaChange - rewrote SQL to alter table t44 partition by range/__MAXWELL__/  subpartition by hash/__MAXWELL__/ subpartitions 2  (/__MAXWELL__/
[1] 23:43:28,804 DEBUG SchemaChange - SQL_PARSE <- "alter table t44 partition by range/__MAXWELL__/  subpartition by hash/__MAXWELL__/ subpartitions 2  (/__MAXWELL__/"
[1] 23:43:28,805 DEBUG SchemaChange - SQL_PARSE ->   (parse (statement (alter_table (alter_table_preamble alter table (table_name (name (id t44)))) (alter_specifications (alter_specification (table_creation_option (partition_by partition by (partition_by_what range (skip_parens /__MAXWELL__/)) (subpartition_by subpartition by (partition_by_what hash (skip_parens /__MAXWELL__/)) subpartitions 2) (partition_definitions ( (skip_parens_inside_partition_definitions /__MAXWELL__/)))))))) <EOF>)
[1] 23:43:28,805 DEBUG SchemaChange - SQL_PARSE <- "alter table t44 partition by range(colint)  subpartition by hash(mod(col1,10)) subpartitions 2  (partition p0 values less than (15), partition p1 values less than maxvalue)"
[1] 23:43:28,805 DEBUG SchemaChange - rewrote SQL to alter table t44 partition by range/__MAXWELL__/  subpartition by hash(mod(col1,10)) subpartitions 2  (partition p0 values less than (15), partition p1 values less than maxvalue)
[1] 23:43:28,805 DEBUG SchemaChange - SQL_PARSE <- "alter table t44 partition by range/__MAXWELL__/  subpartition by hash(mod(col1,10)) subpartitions 2  (partition p0 values less than (15), partition p1 values less than maxvalue)"
[1] 23:43:28,805 DEBUG SchemaChange - rewrote SQL to alter table t44 partition by range/__MAXWELL__/  subpartition by hash/__MAXWELL__/ subpartitions 2  (partition p0 values less than (15), partition p1 values less than maxvalue)
[1] 23:43:28,805 DEBUG SchemaChange - SQL_PARSE <- "alter table t44 partition by range/__MAXWELL__/  subpartition by hash/__MAXWELL__/ subpartitions 2  (partition p0 values less than (15), partition p1 values less than maxvalue)"
[1] 23:43:28,805 DEBUG SchemaChange - rewrote SQL to alter table t44 partition by range/__MAXWELL__/  subpartition by hash/__MAXWELL__/ subpartitions 2  (/__MAXWELL__/
[1] 23:43:28,805 DEBUG SchemaChange - SQL_PARSE <- "alter table t44 partition by range/__MAXWELL__/  subpartition by hash/__MAXWELL__/ subpartitions 2  (/__MAXWELL__/"
[1] 23:43:28,806 DEBUG SchemaChange - SQL_PARSE ->   (parse (statement (alter_table (alter_table_preamble alter table (table_name (name (id t44)))) (alter_specifications (alter_specification (table_creation_option (partition_by partition by (partition_by_what range (skip_parens /__MAXWELL__/)) (subpartition_by subpartition by (partition_by_what hash (skip_parens /__MAXWELL__/)) subpartitions 2) (partition_definitions ( (skip_parens_inside_partition_definitions /__MAXWELL__/)))))))) <EOF>)
[1] 23:43:28,806 DEBUG SchemaChange - SQL_PARSE <- "alter table t44 partition by range(colint)  subpartition by hash(month(col1)) subpartitions 2  (partition p0 values less than (15), partition p1 values less than maxvalue)"
[1] 23:43:28,806 DEBUG SchemaChange - rewrote SQL to alter table t44 partition by range/__MAXWELL__/  subpartition by hash(month(col1)) subpartitions 2  (partition p0 values less than (15), partition p1 values less than maxvalue)
[1] 23:43:28,806 DEBUG SchemaChange - SQL_PARSE <- "alter table t44 partition by range/__MAXWELL__/  subpartition by hash(month(col1)) subpartitions 2  (partition p0 values less than (15), partition p1 values less than maxvalue)"
[1] 23:43:28,806 DEBUG SchemaChange - rewrote SQL to alter table t44 partition by range/__MAXWELL__/  subpartition by hash/__MAXWELL__/ subpartitions 2  (partition p0 values less than (15), partition p1 values less than maxvalue)
[1] 23:43:28,806 DEBUG SchemaChange - SQL_PARSE <- "alter table t44 partition by range/__MAXWELL__/  subpartition by hash/__MAXWELL__/ subpartitions 2  (partition p0 values less than (15), partition p1 values less than maxvalue)"
[1] 23:43:28,807 DEBUG SchemaChange - rewrote SQL to alter table t44 partition by range/__MAXWELL__/  subpartition by hash/__MAXWELL__/ subpartitions 2  (/__MAXWELL__/
[1] 23:43:28,807 DEBUG SchemaChange - SQL_PARSE <- "alter table t44 partition by range/__MAXWELL__/  subpartition by hash/__MAXWELL__/ subpartitions 2  (/__MAXWELL__/"
[1] 23:43:28,807 DEBUG SchemaChange - SQL_PARSE ->   (parse (statement (alter_table (alter_table_preamble alter table (table_name (name (id t44)))) (alter_specifications (alter_specification (table_creation_option (partition_by partition by (partition_by_what range (skip_parens /__MAXWELL__/)) (subpartition_by subpartition by (partition_by_what hash (skip_parens /__MAXWELL__/)) subpartitions 2) (partition_definitions ( (skip_parens_inside_partition_definitions /__MAXWELL__/)))))))) <EOF>)
[1] 23:43:28,807 DEBUG SchemaChange - SQL_PARSE <- "alter table t44 partition by range(colint)  subpartition by hash(quarter(col1)) subpartitions 2  (partition p0 values less than (15), partition p1 values less than maxvalue)"
[1] 23:43:28,807 DEBUG SchemaChange - rewrote SQL to alter table t44 partition by range/__MAXWELL__/  subpartition by hash(quarter(col1)) subpartitions 2  (partition p0 values less than (15), partition p1 values less than maxvalue)
[1] 23:43:28,807 DEBUG SchemaChange - SQL_PARSE <- "alter table t44 partition by range/__MAXWELL__/  subpartition by hash(quarter(col1)) subpartitions 2  (partition p0 values less than (15), partition p1 values less than maxvalue)"
[1] 23:43:28,807 DEBUG SchemaChange - rewrote SQL to alter table t44 partition by range/__MAXWELL__/  subpartition by hash/__MAXWELL__/ subpartitions 2  (partition p0 values less than (15), partition p1 values less than maxvalue)
[1] 23:43:28,808 DEBUG SchemaChange - SQL_PARSE <- "alter table t44 partition by range/__MAXWELL__/  subpartition by hash/__MAXWELL__/ subpartitions 2  (partition p0 values less than (15), partition p1 values less than maxvalue)"
[1] 23:43:28,808 DEBUG SchemaChange - rewrote SQL to alter table t44 partition by range/__MAXWELL__/  subpartition by hash/__MAXWELL__/ subpartitions 2  (/__MAXWELL__/
[1] 23:43:28,808 DEBUG SchemaChange - SQL_PARSE <- "alter table t44 partition by range/__MAXWELL__/  subpartition by hash/__MAXWELL__/ subpartitions 2  (/__MAXWELL__/"
[1] 23:43:28,808 DEBUG SchemaChange - SQL_PARSE ->   (parse (statement (alter_table (alter_table_preamble alter table (table_name (name (id t44)))) (alter_specifications (alter_specification (table_creation_option (partition_by partition by (partition_by_what range (skip_parens /__MAXWELL__/)) (subpartition_by subpartition by (partition_by_what hash (skip_parens /__MAXWELL__/)) subpartitions 2) (partition_definitions ( (skip_parens_inside_partition_definitions /__MAXWELL__/)))))))) <EOF>)
[1] 23:43:28,808 DEBUG SchemaChange - SQL_PARSE <- "alter table t44 partition by range(colint)  subpartition by hash(second(col1)) subpartitions 2  (partition p0 values less than (15), partition p1 values less than maxvalue)"
[1] 23:43:28,808 DEBUG SchemaChange - rewrote SQL to alter table t44 partition by range/__MAXWELL__/  subpartition by hash(second(col1)) subpartitions 2  (partition p0 values less than (15), partition p1 values less than maxvalue)
[1] 23:43:28,808 DEBUG SchemaChange - SQL_PARSE <- "alter table t44 partition by range/__MAXWELL__/  subpartition by hash(second(col1)) subpartitions 2  (partition p0 values less than (15), partition p1 values less than maxvalue)"
[1] 23:43:28,809 DEBUG SchemaChange - rewrote SQL to alter table t44 partition by range/__MAXWELL__/  subpartition by hash/__MAXWELL__/ subpartitions 2  (partition p0 values less than (15), partition p1 values less than maxvalue)
[1] 23:43:28,809 DEBUG SchemaChange - SQL_PARSE <- "alter table t44 partition by range/__MAXWELL__/  subpartition by hash/__MAXWELL__/ subpartitions 2  (partition p0 values less than (15), partition p1 values less than maxvalue)"
[1] 23:43:28,809 DEBUG SchemaChange - rewrote SQL to alter table t44 partition by range/__MAXWELL__/  subpartition by hash/__MAXWELL__/ subpartitions 2  (/__MAXWELL__/
[1] 23:43:28,809 DEBUG SchemaChange - SQL_PARSE <- "alter table t44 partition by range/__MAXWELL__/  subpartition by hash/__MAXWELL__/ subpartitions 2  (/__MAXWELL__/"
[1] 23:43:28,809 DEBUG SchemaChange - SQL_PARSE ->   (parse (statement (alter_table (alter_table_preamble alter table (table_name (name (id t44)))) (alter_specifications (alter_specification (table_creation_option (partition_by partition by (partition_by_what range (skip_parens /__MAXWELL__/)) (subpartition_by subpartition by (partition_by_what hash (skip_parens /__MAXWELL__/)) subpartitions 2) (partition_definitions ( (skip_parens_inside_partition_definitions /__MAXWELL__/)))))))) <EOF>)
[1] 23:43:28,809 DEBUG SchemaChange - SQL_PARSE <- "alter table t44 partition by range(colint)  subpartition by hash(time_to_sec(col1)-(time_to_sec(col1)-20)) subpartitions 2  (partition p0 values less than (15), partition p1 values less than maxvalue)"
[1] 23:43:28,809 DEBUG SchemaChange - rewrote SQL to alter table t44 partition by range/__MAXWELL__/  subpartition by hash(time_to_sec(col1)-(time_to_sec(col1)-20)) subpartitions 2  (partition p0 values less than (15), partition p1 values less than maxvalue)
[1] 23:43:28,810 DEBUG SchemaChange - SQL_PARSE <- "alter table t44 partition by range/__MAXWELL__/  subpartition by hash(time_to_sec(col1)-(time_to_sec(col1)-20)) subpartitions 2  (partition p0 values less than (15), partition p1 values less than maxvalue)"
[1] 23:43:28,810 DEBUG SchemaChange - rewrote SQL to alter table t44 partition by range/__MAXWELL__/  subpartition by hash/__MAXWELL__/ subpartitions 2  (partition p0 values less than (15), partition p1 values less than maxvalue)
[1] 23:43:28,810 DEBUG SchemaChange - SQL_PARSE <- "alter table t44 partition by range/__MAXWELL__/  subpartition by hash/__MAXWELL__/ subpartitions 2  (partition p0 values less than (15), partition p1 values less than maxvalue)"
[1] 23:43:28,810 DEBUG SchemaChange - rewrote SQL to alter table t44 partition by range/__MAXWELL__/  subpartition by hash/__MAXWELL__/ subpartitions 2  (/__MAXWELL__/
[1] 23:43:28,810 DEBUG SchemaChange - SQL_PARSE <- "alter table t44 partition by range/__MAXWELL__/  subpartition by hash/__MAXWELL__/ subpartitions 2  (/__MAXWELL__/"
[1] 23:43:28,810 DEBUG SchemaChange - SQL_PARSE ->   (parse (statement (alter_table (alter_table_preamble alter table (table_name (name (id t44)))) (alter_specifications (alter_specification (table_creation_option (partition_by partition by (partition_by_what range (skip_parens /__MAXWELL__/)) (subpartition_by subpartition by (partition_by_what hash (skip_parens /__MAXWELL__/)) subpartitions 2) (partition_definitions ( (skip_parens_inside_partition_definitions /__MAXWELL__/)))))))) <EOF>)
[1] 23:43:28,810 DEBUG SchemaChange - SQL_PARSE <- "alter table t44 partition by range(colint)  subpartition by hash(weekday(col1)) subpartitions 2  (partition p0 values less than (15), partition p1 values less than maxvalue)"
[1] 23:43:28,811 DEBUG SchemaChange - rewrote SQL to alter table t44 partition by range/__MAXWELL__/  subpartition by hash(weekday(col1)) subpartitions 2  (partition p0 values less than (15), partition p1 values less than maxvalue)
[1] 23:43:28,811 DEBUG SchemaChange - SQL_PARSE <- "alter table t44 partition by range/__MAXWELL__/  subpartition by hash(weekday(col1)) subpartitions 2  (partition p0 values less than (15), partition p1 values less than maxvalue)"
[1] 23:43:28,811 DEBUG SchemaChange - rewrote SQL to alter table t44 partition by range/__MAXWELL__/  subpartition by hash/__MAXWELL__/ subpartitions 2  (partition p0 values less than (15), partition p1 values less than maxvalue)
[1] 23:43:28,811 DEBUG SchemaChange - SQL_PARSE <- "alter table t44 partition by range/__MAXWELL__/  subpartition by hash/__MAXWELL__/ subpartitions 2  (partition p0 values less than (15), partition p1 values less than maxvalue)"
[1] 23:43:28,811 DEBUG SchemaChange - rewrote SQL to alter table t44 partition by range/__MAXWELL__/  subpartition by hash/__MAXWELL__/ subpartitions 2  (/__MAXWELL__/
[1] 23:43:28,811 DEBUG SchemaChange - SQL_PARSE <- "alter table t44 partition by range/__MAXWELL__/  subpartition by hash/__MAXWELL__/ subpartitions 2  (/__MAXWELL__/"
[1] 23:43:28,811 DEBUG SchemaChange - SQL_PARSE ->   (parse (statement (alter_table (alter_table_preamble alter table (table_name (name (id t44)))) (alter_specifications (alter_specification (table_creation_option (partition_by partition by (partition_by_what range (skip_parens /__MAXWELL__/)) (subpartition_by subpartition by (partition_by_what hash (skip_parens /__MAXWELL__/)) subpartitions 2) (partition_definitions ( (skip_parens_inside_partition_definitions /__MAXWELL__/)))))))) <EOF>)
[1] 23:43:28,811 DEBUG SchemaChange - SQL_PARSE <- "alter table t44 partition by range(colint)  subpartition by hash(year(col1)-1990) subpartitions 2  (partition p0 values less than (15), partition p1 values less than maxvalue)"
[1] 23:43:28,812 DEBUG SchemaChange - rewrote SQL to alter table t44 partition by range/__MAXWELL__/  subpartition by hash(year(col1)-1990) subpartitions 2  (partition p0 values less than (15), partition p1 values less than maxvalue)
[1] 23:43:28,812 DEBUG SchemaChange - SQL_PARSE <- "alter table t44 partition by range/__MAXWELL__/  subpartition by hash(year(col1)-1990) subpartitions 2  (partition p0 values less than (15), partition p1 values less than maxvalue)"
[1] 23:43:28,812 DEBUG SchemaChange - rewrote SQL to alter table t44 partition by range/__MAXWELL__/  subpartition by hash/__MAXWELL__/ subpartitions 2  (partition p0 values less than (15), partition p1 values less than maxvalue)
[1] 23:43:28,812 DEBUG SchemaChange - SQL_PARSE <- "alter table t44 partition by range/__MAXWELL__/  subpartition by hash/__MAXWELL__/ subpartitions 2  (partition p0 values less than (15), partition p1 values less than maxvalue)"
[1] 23:43:28,812 DEBUG SchemaChange - rewrote SQL to alter table t44 partition by range/__MAXWELL__/  subpartition by hash/__MAXWELL__/ subpartitions 2  (/__MAXWELL__/
[1] 23:43:28,812 DEBUG SchemaChange - SQL_PARSE <- "alter table t44 partition by range/__MAXWELL__/  subpartition by hash/__MAXWELL__/ subpartitions 2  (/__MAXWELL__/"
[1] 23:43:28,812 DEBUG SchemaChange - SQL_PARSE ->   (parse (statement (alter_table (alter_table_preamble alter table (table_name (name (id t44)))) (alter_specifications (alter_specification (table_creation_option (partition_by partition by (partition_by_what range (skip_parens /__MAXWELL__/)) (subpartition_by subpartition by (partition_by_what hash (skip_parens /__MAXWELL__/)) subpartitions 2) (partition_definitions ( (skip_parens_inside_partition_definitions /__MAXWELL__/)))))))) <EOF>)
[1] 23:43:28,813 DEBUG SchemaChange - SQL_PARSE <- "alter table t44 partition by range(colint)  subpartition by hash(yearweek(col1)-200600) subpartitions 2  (partition p0 values less than (15), partition p1 values less than maxvalue)"
[1] 23:43:28,813 DEBUG SchemaChange - rewrote SQL to alter table t44 partition by range/__MAXWELL__/  subpartition by hash(yearweek(col1)-200600) subpartitions 2  (partition p0 values less than (15), partition p1 values less than maxvalue)
[1] 23:43:28,813 DEBUG SchemaChange - SQL_PARSE <- "alter table t44 partition by range/__MAXWELL__/  subpartition by hash(yearweek(col1)-200600) subpartitions 2  (partition p0 values less than (15), partition p1 values less than maxvalue)"
[1] 23:43:28,813 DEBUG SchemaChange - rewrote SQL to alter table t44 partition by range/__MAXWELL__/  subpartition by hash/__MAXWELL__/ subpartitions 2  (partition p0 values less than (15), partition p1 values less than maxvalue)
[1] 23:43:28,813 DEBUG SchemaChange - SQL_PARSE <- "alter table t44 partition by range/__MAXWELL__/  subpartition by hash/__MAXWELL__/ subpartitions 2  (partition p0 values less than (15), partition p1 values less than maxvalue)"
[1] 23:43:28,813 DEBUG SchemaChange - rewrote SQL to alter table t44 partition by range/__MAXWELL__/  subpartition by hash/__MAXWELL__/ subpartitions 2  (/__MAXWELL__/
[1] 23:43:28,813 DEBUG SchemaChange - SQL_PARSE <- "alter table t44 partition by range/__MAXWELL__/  subpartition by hash/__MAXWELL__/ subpartitions 2  (/__MAXWELL__/"
[1] 23:43:28,814 DEBUG SchemaChange - SQL_PARSE ->   (parse (statement (alter_table (alter_table_preamble alter table (table_name (name (id t44)))) (alter_specifications (alter_specification (table_creation_option (partition_by partition by (partition_by_what range (skip_parens /__MAXWELL__/)) (subpartition_by subpartition by (partition_by_what hash (skip_parens /__MAXWELL__/)) subpartitions 2) (partition_definitions ( (skip_parens_inside_partition_definitions /__MAXWELL__/)))))))) <EOF>)
[1] 23:43:28,814 DEBUG SchemaChange - SQL_PARSE <- "alter table t5 drop partition p0"
[1] 23:43:28,814 DEBUG SchemaChange - SQL_PARSE ->   (parse (statement (alter_table (alter_table_preamble alter table (table_name (name (id t5)))) (alter_partition_specification drop partition (partition_names (id p0))))) <EOF>)
[1] 23:43:28,814 DEBUG SchemaChange - SQL_PARSE <- "alter table t55 drop partition p0"
[1] 23:43:28,814 DEBUG SchemaChange - SQL_PARSE ->   (parse (statement (alter_table (alter_table_preamble alter table (table_name (name (id t55)))) (alter_partition_specification drop partition (partition_names (id p0))))) <EOF>)
[1] 23:43:28,814 DEBUG SchemaChange - SQL_PARSE <- "alter table t55 partition by list(colint) subpartition by hash(abs(col1)) subpartitions 2  (partition p0 values in (1,2,3,4,5,6,7,8,9,10), partition p1 values in (11,12,13,14,15,16,17,18,19,20), partition p2 values in (21,22,23,24,25,26,27,28,29,30), partition p3 values in (31,32,33,34,35,36,37,38,39,40), partition p4 values in (41,42,43,44,45,46,47,48,49,50), partition p5 values in (51,52,53,54,55,56,57,58,59,60) )"
[1] 23:43:28,814 DEBUG SchemaChange - rewrote SQL to alter table t55 partition by list/__MAXWELL__/ subpartition by hash(abs(col1)) subpartitions 2  (partition p0 values in (1,2,3,4,5,6,7,8,9,10), partition p1 values in (11,12,13,14,15,16,17,18,19,20), partition p2 values in (21,22,23,24,25,26,27,28,29,30), partition p3 values in (31,32,33,34,35,36,37,38,39,40), partition p4 values in (41,42,43,44,45,46,47,48,49,50), partition p5 values in (51,52,53,54,55,56,57,58,59,60) )
[1] 23:43:28,814 DEBUG SchemaChange - SQL_PARSE <- "alter table t55 partition by list/__MAXWELL__/ subpartition by hash(abs(col1)) subpartitions 2  (partition p0 values in (1,2,3,4,5,6,7,8,9,10), partition p1 values in (11,12,13,14,15,16,17,18,19,20), partition p2 values in (21,22,23,24,25,26,27,28,29,30), partition p3 values in (31,32,33,34,35,36,37,38,39,40), partition p4 values in (41,42,43,44,45,46,47,48,49,50), partition p5 values in (51,52,53,54,55,56,57,58,59,60) )"
[1] 23:43:28,814 DEBUG SchemaChange - rewrote SQL to alter table t55 partition by list/__MAXWELL__/ subpartition by hash/__MAXWELL__/ subpartitions 2  (partition p0 values in (1,2,3,4,5,6,7,8,9,10), partition p1 values in (11,12,13,14,15,16,17,18,19,20), partition p2 values in (21,22,23,24,25,26,27,28,29,30), partition p3 values in (31,32,33,34,35,36,37,38,39,40), partition p4 values in (41,42,43,44,45,46,47,48,49,50), partition p5 values in (51,52,53,54,55,56,57,58,59,60) )
[1] 23:43:28,814 DEBUG SchemaChange - SQL_PARSE <- "alter table t55 partition by list/__MAXWELL__/ subpartition by hash/__MAXWELL__/ subpartitions 2  (partition p0 values in (1,2,3,4,5,6,7,8,9,10), partition p1 values in (11,12,13,14,15,16,17,18,19,20), partition p2 values in (21,22,23,24,25,26,27,28,29,30), partition p3 values in (31,32,33,34,35,36,37,38,39,40), partition p4 values in (41,42,43,44,45,46,47,48,49,50), partition p5 values in (51,52,53,54,55,56,57,58,59,60) )"
[1] 23:43:28,815 DEBUG SchemaChange - rewrote SQL to alter table t55 partition by list/__MAXWELL__/ subpartition by hash/__MAXWELL__/ subpartitions 2  (/__MAXWELL__/
[1] 23:43:28,815 DEBUG SchemaChange - SQL_PARSE <- "alter table t55 partition by list/__MAXWELL__/ subpartition by hash/__MAXWELL__/ subpartitions 2  (/__MAXWELL__/"
[1] 23:43:28,815 DEBUG SchemaChange - SQL_PARSE ->   (parse (statement (alter_table (alter_table_preamble alter table (table_name (name (id t55)))) (alter_specifications (alter_specification (table_creation_option (partition_by partition by (partition_by_what list (skip_parens /__MAXWELL__/)) (subpartition_by subpartition by (partition_by_what hash (skip_parens /__MAXWELL__/)) subpartitions 2) (partition_definitions ( (skip_parens_inside_partition_definitions /__MAXWELL__/)))))))) <EOF>)
[1] 23:43:28,815 DEBUG SchemaChange - SQL_PARSE <- "alter table t55 partition by list(colint) subpartition by hash(abs(col1)) subpartitions 5  (partition p0 values in (1,2,3,4,5,6,7,8,9,10), partition p1 values in (11,12,13,14,15,16,17,18,19,20), partition p2 values in (21,22,23,24,25,26,27,28,29,30), partition p3 values in (31,32,33,34,35,36,37,38,39,40), partition p4 values in (41,42,43,44,45,46,47,48,49,50), partition p5 values in (51,52,53,54,55,56,57,58,59,60) )"
[1] 23:43:28,816 DEBUG SchemaChange - rewrote SQL to alter table t55 partition by list/__MAXWELL__/ subpartition by hash(abs(col1)) subpartitions 5  (partition p0 values in (1,2,3,4,5,6,7,8,9,10), partition p1 values in (11,12,13,14,15,16,17,18,19,20), partition p2 values in (21,22,23,24,25,26,27,28,29,30), partition p3 values in (31,32,33,34,35,36,37,38,39,40), partition p4 values in (41,42,43,44,45,46,47,48,49,50), partition p5 values in (51,52,53,54,55,56,57,58,59,60) )
[1] 23:43:28,816 DEBUG SchemaChange - SQL_PARSE <- "alter table t55 partition by list/__MAXWELL__/ subpartition by hash(abs(col1)) subpartitions 5  (partition p0 values in (1,2,3,4,5,6,7,8,9,10), partition p1 values in (11,12,13,14,15,16,17,18,19,20), partition p2 values in (21,22,23,24,25,26,27,28,29,30), partition p3 values in (31,32,33,34,35,36,37,38,39,40), partition p4 values in (41,42,43,44,45,46,47,48,49,50), partition p5 values in (51,52,53,54,55,56,57,58,59,60) )"
[1] 23:43:28,816 DEBUG SchemaChange - rewrote SQL to alter table t55 partition by list/__MAXWELL__/ subpartition by hash/__MAXWELL__/ subpartitions 5  (partition p0 values in (1,2,3,4,5,6,7,8,9,10), partition p1 values in (11,12,13,14,15,16,17,18,19,20), partition p2 values in (21,22,23,24,25,26,27,28,29,30), partition p3 values in (31,32,33,34,35,36,37,38,39,40), partition p4 values in (41,42,43,44,45,46,47,48,49,50), partition p5 values in (51,52,53,54,55,56,57,58,59,60) )
[1] 23:43:28,816 DEBUG SchemaChange - SQL_PARSE <- "alter table t55 partition by list/__MAXWELL__/ subpartition by hash/__MAXWELL__/ subpartitions 5  (partition p0 values in (1,2,3,4,5,6,7,8,9,10), partition p1 values in (11,12,13,14,15,16,17,18,19,20), partition p2 values in (21,22,23,24,25,26,27,28,29,30), partition p3 values in (31,32,33,34,35,36,37,38,39,40), partition p4 values in (41,42,43,44,45,46,47,48,49,50), partition p5 values in (51,52,53,54,55,56,57,58,59,60) )"
[1] 23:43:28,816 DEBUG SchemaChange - rewrote SQL to alter table t55 partition by list/__MAXWELL__/ subpartition by hash/__MAXWELL__/ subpartitions 5  (/__MAXWELL__/
[1] 23:43:28,816 DEBUG SchemaChange - SQL_PARSE <- "alter table t55 partition by list/__MAXWELL__/ subpartition by hash/__MAXWELL__/ subpartitions 5  (/__MAXWELL__/"
[1] 23:43:28,817 DEBUG SchemaChange - SQL_PARSE ->   (parse (statement (alter_table (alter_table_preamble alter table (table_name (name (id t55)))) (alter_specifications (alter_specification (table_creation_option (partition_by partition by (partition_by_what list (skip_parens /__MAXWELL__/)) (subpartition_by subpartition by (partition_by_what hash (skip_parens /__MAXWELL__/)) subpartitions 5) (partition_definitions ( (skip_parens_inside_partition_definitions /__MAXWELL__/)))))))) <EOF>)
[1] 23:43:28,817 DEBUG SchemaChange - SQL_PARSE <- "alter table t55 partition by list(colint) subpartition by hash(day(col1)) subpartitions 2  (partition p0 values in (1,2,3,4,5,6,7,8,9,10), partition p1 values in (11,12,13,14,15,16,17,18,19,20), partition p2 values in (21,22,23,24,25,26,27,28,29,30), partition p3 values in (31,32,33,34,35,36,37,38,39,40), partition p4 values in (41,42,43,44,45,46,47,48,49,50), partition p5 values in (51,52,53,54,55,56,57,58,59,60) )"
[1] 23:43:28,817 DEBUG SchemaChange - rewrote SQL to alter table t55 partition by list/__MAXWELL__/ subpartition by hash(day(col1)) subpartitions 2  (partition p0 values in (1,2,3,4,5,6,7,8,9,10), partition p1 values in (11,12,13,14,15,16,17,18,19,20), partition p2 values in (21,22,23,24,25,26,27,28,29,30), partition p3 values in (31,32,33,34,35,36,37,38,39,40), partition p4 values in (41,42,43,44,45,46,47,48,49,50), partition p5 values in (51,52,53,54,55,56,57,58,59,60) )
[1] 23:43:28,817 DEBUG SchemaChange - SQL_PARSE <- "alter table t55 partition by list/__MAXWELL__/ subpartition by hash(day(col1)) subpartitions 2  (partition p0 values in (1,2,3,4,5,6,7,8,9,10), partition p1 values in (11,12,13,14,15,16,17,18,19,20), partition p2 values in (21,22,23,24,25,26,27,28,29,30), partition p3 values in (31,32,33,34,35,36,37,38,39,40), partition p4 values in (41,42,43,44,45,46,47,48,49,50), partition p5 values in (51,52,53,54,55,56,57,58,59,60) )"
[1] 23:43:28,817 DEBUG SchemaChange - rewrote SQL to alter table t55 partition by list/__MAXWELL__/ subpartition by hash/__MAXWELL__/ subpartitions 2  (partition p0 values in (1,2,3,4,5,6,7,8,9,10), partition p1 values in (11,12,13,14,15,16,17,18,19,20), partition p2 values in (21,22,23,24,25,26,27,28,29,30), partition p3 values in (31,32,33,34,35,36,37,38,39,40), partition p4 values in (41,42,43,44,45,46,47,48,49,50), partition p5 values in (51,52,53,54,55,56,57,58,59,60) )
[1] 23:43:28,817 DEBUG SchemaChange - SQL_PARSE <- "alter table t55 partition by list/__MAXWELL__/ subpartition by hash/__MAXWELL__/ subpartitions 2  (partition p0 values in (1,2,3,4,5,6,7,8,9,10), partition p1 values in (11,12,13,14,15,16,17,18,19,20), partition p2 values in (21,22,23,24,25,26,27,28,29,30), partition p3 values in (31,32,33,34,35,36,37,38,39,40), partition p4 values in (41,42,43,44,45,46,47,48,49,50), partition p5 values in (51,52,53,54,55,56,57,58,59,60) )"
[1] 23:43:28,818 DEBUG SchemaChange - rewrote SQL to alter table t55 partition by list/__MAXWELL__/ subpartition by hash/__MAXWELL__/ subpartitions 2  (/__MAXWELL__/
[1] 23:43:28,818 DEBUG SchemaChange - SQL_PARSE <- "alter table t55 partition by list/__MAXWELL__/ subpartition by hash/__MAXWELL__/ subpartitions 2  (/__MAXWELL__/"
[1] 23:43:28,818 DEBUG SchemaChange - SQL_PARSE ->   (parse (statement (alter_table (alter_table_preamble alter table (table_name (name (id t55)))) (alter_specifications (alter_specification (table_creation_option (partition_by partition by (partition_by_what list (skip_parens /__MAXWELL__/)) (subpartition_by subpartition by (partition_by_what hash (skip_parens /__MAXWELL__/)) subpartitions 2) (partition_definitions ( (skip_parens_inside_partition_definitions /__MAXWELL__/)))))))) <EOF>)
[1] 23:43:28,818 DEBUG SchemaChange - SQL_PARSE <- "alter table t55 partition by list(colint) subpartition by hash(day(col1)) subpartitions 5  (partition p0 values in (1,2,3,4,5,6,7,8,9,10), partition p1 values in (11,12,13,14,15,16,17,18,19,20), partition p2 values in (21,22,23,24,25,26,27,28,29,30), partition p3 values in (31,32,33,34,35,36,37,38,39,40), partition p4 values in (41,42,43,44,45,46,47,48,49,50), partition p5 values in (51,52,53,54,55,56,57,58,59,60) )"
[1] 23:43:28,818 DEBUG SchemaChange - rewrote SQL to alter table t55 partition by list/__MAXWELL__/ subpartition by hash(day(col1)) subpartitions 5  (partition p0 values in (1,2,3,4,5,6,7,8,9,10), partition p1 values in (11,12,13,14,15,16,17,18,19,20), partition p2 values in (21,22,23,24,25,26,27,28,29,30), partition p3 values in (31,32,33,34,35,36,37,38,39,40), partition p4 values in (41,42,43,44,45,46,47,48,49,50), partition p5 values in (51,52,53,54,55,56,57,58,59,60) )
[1] 23:43:28,818 DEBUG SchemaChange - SQL_PARSE <- "alter table t55 partition by list/__MAXWELL__/ subpartition by hash(day(col1)) subpartitions 5  (partition p0 values in (1,2,3,4,5,6,7,8,9,10), partition p1 values in (11,12,13,14,15,16,17,18,19,20), partition p2 values in (21,22,23,24,25,26,27,28,29,30), partition p3 values in (31,32,33,34,35,36,37,38,39,40), partition p4 values in (41,42,43,44,45,46,47,48,49,50), partition p5 values in (51,52,53,54,55,56,57,58,59,60) )"
[1] 23:43:28,819 DEBUG SchemaChange - rewrote SQL to alter table t55 partition by list/__MAXWELL__/ subpartition by hash/__MAXWELL__/ subpartitions 5  (partition p0 values in (1,2,3,4,5,6,7,8,9,10), partition p1 values in (11,12,13,14,15,16,17,18,19,20), partition p2 values in (21,22,23,24,25,26,27,28,29,30), partition p3 values in (31,32,33,34,35,36,37,38,39,40), partition p4 values in (41,42,43,44,45,46,47,48,49,50), partition p5 values in (51,52,53,54,55,56,57,58,59,60) )
[1] 23:43:28,819 DEBUG SchemaChange - SQL_PARSE <- "alter table t55 partition by list/__MAXWELL__/ subpartition by hash/__MAXWELL__/ subpartitions 5  (partition p0 values in (1,2,3,4,5,6,7,8,9,10), partition p1 values in (11,12,13,14,15,16,17,18,19,20), partition p2 values in (21,22,23,24,25,26,27,28,29,30), partition p3 values in (31,32,33,34,35,36,37,38,39,40), partition p4 values in (41,42,43,44,45,46,47,48,49,50), partition p5 values in (51,52,53,54,55,56,57,58,59,60) )"
[1] 23:43:28,819 DEBUG SchemaChange - rewrote SQL to alter table t55 partition by list/__MAXWELL__/ subpartition by hash/__MAXWELL__/ subpartitions 5  (/__MAXWELL__/
[1] 23:43:28,819 DEBUG SchemaChange - SQL_PARSE <- "alter table t55 partition by list/__MAXWELL__/ subpartition by hash/__MAXWELL__/ subpartitions 5  (/__MAXWELL__/"
[1] 23:43:28,819 DEBUG SchemaChange - SQL_PARSE ->   (parse (statement (alter_table (alter_table_preamble alter table (table_name (name (id t55)))) (alter_specifications (alter_specification (table_creation_option (partition_by partition by (partition_by_what list (skip_parens /__MAXWELL__/)) (subpartition_by subpartition by (partition_by_what hash (skip_parens /__MAXWELL__/)) subpartitions 5) (partition_definitions ( (skip_parens_inside_partition_definitions /__MAXWELL__/)))))))) <EOF>)
[1] 23:43:28,819 DEBUG SchemaChange - SQL_PARSE <- "alter table t55 partition by list(colint) subpartition by hash(dayofmonth(col1)) subpartitions 2  (partition p0 values in (1,2,3,4,5,6,7,8,9,10), partition p1 values in (11,12,13,14,15,16,17,18,19,20), partition p2 values in (21,22,23,24,25,26,27,28,29,30), partition p3 values in (31,32,33,34,35,36,37,38,39,40), partition p4 values in (41,42,43,44,45,46,47,48,49,50), partition p5 values in (51,52,53,54,55,56,57,58,59,60) )"
[1] 23:43:28,820 DEBUG SchemaChange - rewrote SQL to alter table t55 partition by list/__MAXWELL__/ subpartition by hash(dayofmonth(col1)) subpartitions 2  (partition p0 values in (1,2,3,4,5,6,7,8,9,10), partition p1 values in (11,12,13,14,15,16,17,18,19,20), partition p2 values in (21,22,23,24,25,26,27,28,29,30), partition p3 values in (31,32,33,34,35,36,37,38,39,40), partition p4 values in (41,42,43,44,45,46,47,48,49,50), partition p5 values in (51,52,53,54,55,56,57,58,59,60) )
[1] 23:43:28,820 DEBUG SchemaChange - SQL_PARSE <- "alter table t55 partition by list/__MAXWELL__/ subpartition by hash(dayofmonth(col1)) subpartitions 2  (partition p0 values in (1,2,3,4,5,6,7,8,9,10), partition p1 values in (11,12,13,14,15,16,17,18,19,20), partition p2 values in (21,22,23,24,25,26,27,28,29,30), partition p3 values in (31,32,33,34,35,36,37,38,39,40), partition p4 values in (41,42,43,44,45,46,47,48,49,50), partition p5 values in (51,52,53,54,55,56,57,58,59,60) )"
[1] 23:43:28,820 DEBUG SchemaChange - rewrote SQL to alter table t55 partition by list/__MAXWELL__/ subpartition by hash/__MAXWELL__/ subpartitions 2  (partition p0 values in (1,2,3,4,5,6,7,8,9,10), partition p1 values in (11,12,13,14,15,16,17,18,19,20), partition p2 values in (21,22,23,24,25,26,27,28,29,30), partition p3 values in (31,32,33,34,35,36,37,38,39,40), partition p4 values in (41,42,43,44,45,46,47,48,49,50), partition p5 values in (51,52,53,54,55,56,57,58,59,60) )
[1] 23:43:28,820 DEBUG SchemaChange - SQL_PARSE <- "alter table t55 partition by list/__MAXWELL__/ subpartition by hash/__MAXWELL__/ subpartitions 2  (partition p0 values in (1,2,3,4,5,6,7,8,9,10), partition p1 values in (11,12,13,14,15,16,17,18,19,20), partition p2 values in (21,22,23,24,25,26,27,28,29,30), partition p3 values in (31,32,33,34,35,36,37,38,39,40), partition p4 values in (41,42,43,44,45,46,47,48,49,50), partition p5 values in (51,52,53,54,55,56,57,58,59,60) )"
[1] 23:43:28,820 DEBUG SchemaChange - rewrote SQL to alter table t55 partition by list/__MAXWELL__/ subpartition by hash/__MAXWELL__/ subpartitions 2  (/__MAXWELL__/
[1] 23:43:28,820 DEBUG SchemaChange - SQL_PARSE <- "alter table t55 partition by list/__MAXWELL__/ subpartition by hash/__MAXWELL__/ subpartitions 2  (/__MAXWELL__/"
[1] 23:43:28,821 DEBUG SchemaChange - SQL_PARSE ->   (parse (statement (alter_table (alter_table_preamble alter table (table_name (name (id t55)))) (alter_specifications (alter_specification (table_creation_option (partition_by partition by (partition_by_what list (skip_parens /__MAXWELL__/)) (subpartition_by subpartition by (partition_by_what hash (skip_parens /__MAXWELL__/)) subpartitions 2) (partition_definitions ( (skip_parens_inside_partition_definitions /__MAXWELL__/)))))))) <EOF>)
[1] 23:43:28,821 DEBUG SchemaChange - SQL_PARSE <- "alter table t55 partition by list(colint) subpartition by hash(dayofmonth(col1)) subpartitions 5  (partition p0 values in (1,2,3,4,5,6,7,8,9,10), partition p1 values in (11,12,13,14,15,16,17,18,19,20), partition p2 values in (21,22,23,24,25,26,27,28,29,30), partition p3 values in (31,32,33,34,35,36,37,38,39,40), partition p4 values in (41,42,43,44,45,46,47,48,49,50), partition p5 values in (51,52,53,54,55,56,57,58,59,60) )"
[1] 23:43:28,821 DEBUG SchemaChange - rewrote SQL to alter table t55 partition by list/__MAXWELL__/ subpartition by hash(dayofmonth(col1)) subpartitions 5  (partition p0 values in (1,2,3,4,5,6,7,8,9,10), partition p1 values in (11,12,13,14,15,16,17,18,19,20), partition p2 values in (21,22,23,24,25,26,27,28,29,30), partition p3 values in (31,32,33,34,35,36,37,38,39,40), partition p4 values in (41,42,43,44,45,46,47,48,49,50), partition p5 values in (51,52,53,54,55,56,57,58,59,60) )
[1] 23:43:28,821 DEBUG SchemaChange - SQL_PARSE <- "alter table t55 partition by list/__MAXWELL__/ subpartition by hash(dayofmonth(col1)) subpartitions 5  (partition p0 values in (1,2,3,4,5,6,7,8,9,10), partition p1 values in (11,12,13,14,15,16,17,18,19,20), partition p2 values in (21,22,23,24,25,26,27,28,29,30), partition p3 values in (31,32,33,34,35,36,37,38,39,40), partition p4 values in (41,42,43,44,45,46,47,48,49,50), partition p5 values in (51,52,53,54,55,56,57,58,59,60) )"
[1] 23:43:28,821 DEBUG SchemaChange - rewrote SQL to alter table t55 partition by list/__MAXWELL__/ subpartition by hash/__MAXWELL__/ subpartitions 5  (partition p0 values in (1,2,3,4,5,6,7,8,9,10), partition p1 values in (11,12,13,14,15,16,17,18,19,20), partition p2 values in (21,22,23,24,25,26,27,28,29,30), partition p3 values in (31,32,33,34,35,36,37,38,39,40), partition p4 values in (41,42,43,44,45,46,47,48,49,50), partition p5 values in (51,52,53,54,55,56,57,58,59,60) )
[1] 23:43:28,821 DEBUG SchemaChange - SQL_PARSE <- "alter table t55 partition by list/__MAXWELL__/ subpartition by hash/__MAXWELL__/ subpartitions 5  (partition p0 values in (1,2,3,4,5,6,7,8,9,10), partition p1 values in (11,12,13,14,15,16,17,18,19,20), partition p2 values in (21,22,23,24,25,26,27,28,29,30), partition p3 values in (31,32,33,34,35,36,37,38,39,40), partition p4 values in (41,42,43,44,45,46,47,48,49,50), partition p5 values in (51,52,53,54,55,56,57,58,59,60) )"
[1] 23:43:28,822 DEBUG SchemaChange - rewrote SQL to alter table t55 partition by list/__MAXWELL__/ subpartition by hash/__MAXWELL__/ subpartitions 5  (/__MAXWELL__/
[1] 23:43:28,822 DEBUG SchemaChange - SQL_PARSE <- "alter table t55 partition by list/__MAXWELL__/ subpartition by hash/__MAXWELL__/ subpartitions 5  (/__MAXWELL__/"
[1] 23:43:28,822 DEBUG SchemaChange - SQL_PARSE ->   (parse (statement (alter_table (alter_table_preamble alter table (table_name (name (id t55)))) (alter_specifications (alter_specification (table_creation_option (partition_by partition by (partition_by_what list (skip_parens /__MAXWELL__/)) (subpartition_by subpartition by (partition_by_what hash (skip_parens /__MAXWELL__/)) subpartitions 5) (partition_definitions ( (skip_parens_inside_partition_definitions /__MAXWELL__/)))))))) <EOF>)
[1] 23:43:28,822 DEBUG SchemaChange - SQL_PARSE <- "alter table t55 partition by list(colint) subpartition by hash(dayofweek(col1)) subpartitions 2  (partition p0 values in (1,2,3,4,5,6,7,8,9,10), partition p1 values in (11,12,13,14,15,16,17,18,19,20), partition p2 values in (21,22,23,24,25,26,27,28,29,30), partition p3 values in (31,32,33,34,35,36,37,38,39,40), partition p4 values in (41,42,43,44,45,46,47,48,49,50), partition p5 values in (51,52,53,54,55,56,57,58,59,60) )"
[1] 23:43:28,823 DEBUG SchemaChange - rewrote SQL to alter table t55 partition by list/__MAXWELL__/ subpartition by hash(dayofweek(col1)) subpartitions 2  (partition p0 values in (1,2,3,4,5,6,7,8,9,10), partition p1 values in (11,12,13,14,15,16,17,18,19,20), partition p2 values in (21,22,23,24,25,26,27,28,29,30), partition p3 values in (31,32,33,34,35,36,37,38,39,40), partition p4 values in (41,42,43,44,45,46,47,48,49,50), partition p5 values in (51,52,53,54,55,56,57,58,59,60) )
[1] 23:43:28,823 DEBUG SchemaChange - SQL_PARSE <- "alter table t55 partition by list/__MAXWELL__/ subpartition by hash(dayofweek(col1)) subpartitions 2  (partition p0 values in (1,2,3,4,5,6,7,8,9,10), partition p1 values in (11,12,13,14,15,16,17,18,19,20), partition p2 values in (21,22,23,24,25,26,27,28,29,30), partition p3 values in (31,32,33,34,35,36,37,38,39,40), partition p4 values in (41,42,43,44,45,46,47,48,49,50), partition p5 values in (51,52,53,54,55,56,57,58,59,60) )"
[1] 23:43:28,823 DEBUG SchemaChange - rewrote SQL to alter table t55 partition by list/__MAXWELL__/ subpartition by hash/__MAXWELL__/ subpartitions 2  (partition p0 values in (1,2,3,4,5,6,7,8,9,10), partition p1 values in (11,12,13,14,15,16,17,18,19,20), partition p2 values in (21,22,23,24,25,26,27,28,29,30), partition p3 values in (31,32,33,34,35,36,37,38,39,40), partition p4 values in (41,42,43,44,45,46,47,48,49,50), partition p5 values in (51,52,53,54,55,56,57,58,59,60) )
[1] 23:43:28,823 DEBUG SchemaChange - SQL_PARSE <- "alter table t55 partition by list/__MAXWELL__/ subpartition by hash/__MAXWELL__/ subpartitions 2  (partition p0 values in (1,2,3,4,5,6,7,8,9,10), partition p1 values in (11,12,13,14,15,16,17,18,19,20), partition p2 values in (21,22,23,24,25,26,27,28,29,30), partition p3 values in (31,32,33,34,35,36,37,38,39,40), partition p4 values in (41,42,43,44,45,46,47,48,49,50), partition p5 values in (51,52,53,54,55,56,57,58,59,60) )"
[1] 23:43:28,823 DEBUG SchemaChange - rewrote SQL to alter table t55 partition by list/__MAXWELL__/ subpartition by hash/__MAXWELL__/ subpartitions 2  (/__MAXWELL__/
[1] 23:43:28,823 DEBUG SchemaChange - SQL_PARSE <- "alter table t55 partition by list/__MAXWELL__/ subpartition by hash/__MAXWELL__/ subpartitions 2  (/__MAXWELL__/"
[1] 23:43:28,824 DEBUG SchemaChange - SQL_PARSE ->   (parse (statement (alter_table (alter_table_preamble alter table (table_name (name (id t55)))) (alter_specifications (alter_specification (table_creation_option (partition_by partition by (partition_by_what list (skip_parens /__MAXWELL__/)) (subpartition_by subpartition by (partition_by_what hash (skip_parens /__MAXWELL__/)) subpartitions 2) (partition_definitions ( (skip_parens_inside_partition_definitions /__MAXWELL__/)))))))) <EOF>)
[1] 23:43:28,824 DEBUG SchemaChange - SQL_PARSE <- "alter table t55 partition by list(colint) subpartition by hash(dayofweek(col1)) subpartitions 5  (partition p0 values in (1,2,3,4,5,6,7,8,9,10), partition p1 values in (11,12,13,14,15,16,17,18,19,20), partition p2 values in (21,22,23,24,25,26,27,28,29,30), partition p3 values in (31,32,33,34,35,36,37,38,39,40), partition p4 values in (41,42,43,44,45,46,47,48,49,50), partition p5 values in (51,52,53,54,55,56,57,58,59,60) )"
[1] 23:43:28,824 DEBUG SchemaChange - rewrote SQL to alter table t55 partition by list/__MAXWELL__/ subpartition by hash(dayofweek(col1)) subpartitions 5  (partition p0 values in (1,2,3,4,5,6,7,8,9,10), partition p1 values in (11,12,13,14,15,16,17,18,19,20), partition p2 values in (21,22,23,24,25,26,27,28,29,30), partition p3 values in (31,32,33,34,35,36,37,38,39,40), partition p4 values in (41,42,43,44,45,46,47,48,49,50), partition p5 values in (51,52,53,54,55,56,57,58,59,60) )
[1] 23:43:28,824 DEBUG SchemaChange - SQL_PARSE <- "alter table t55 partition by list/__MAXWELL__/ subpartition by hash(dayofweek(col1)) subpartitions 5  (partition p0 values in (1,2,3,4,5,6,7,8,9,10), partition p1 values in (11,12,13,14,15,16,17,18,19,20), partition p2 values in (21,22,23,24,25,26,27,28,29,30), partition p3 values in (31,32,33,34,35,36,37,38,39,40), partition p4 values in (41,42,43,44,45,46,47,48,49,50), partition p5 values in (51,52,53,54,55,56,57,58,59,60) )"
[1] 23:43:28,824 DEBUG SchemaChange - rewrote SQL to alter table t55 partition by list/__MAXWELL__/ subpartition by hash/__MAXWELL__/ subpartitions 5  (partition p0 values in (1,2,3,4,5,6,7,8,9,10), partition p1 values in (11,12,13,14,15,16,17,18,19,20), partition p2 values in (21,22,23,24,25,26,27,28,29,30), partition p3 values in (31,32,33,34,35,36,37,38,39,40), partition p4 values in (41,42,43,44,45,46,47,48,49,50), partition p5 values in (51,52,53,54,55,56,57,58,59,60) )
[1] 23:43:28,824 DEBUG SchemaChange - SQL_PARSE <- "alter table t55 partition by list/__MAXWELL__/ subpartition by hash/__MAXWELL__/ subpartitions 5  (partition p0 values in (1,2,3,4,5,6,7,8,9,10), partition p1 values in (11,12,13,14,15,16,17,18,19,20), partition p2 values in (21,22,23,24,25,26,27,28,29,30), partition p3 values in (31,32,33,34,35,36,37,38,39,40), partition p4 values in (41,42,43,44,45,46,47,48,49,50), partition p5 values in (51,52,53,54,55,56,57,58,59,60) )"
[1] 23:43:28,825 DEBUG SchemaChange - rewrote SQL to alter table t55 partition by list/__MAXWELL__/ subpartition by hash/__MAXWELL__/ subpartitions 5  (/__MAXWELL__/
[1] 23:43:28,825 DEBUG SchemaChange - SQL_PARSE <- "alter table t55 partition by list/__MAXWELL__/ subpartition by hash/__MAXWELL__/ subpartitions 5  (/__MAXWELL__/"
[1] 23:43:28,825 DEBUG SchemaChange - SQL_PARSE ->   (parse (statement (alter_table (alter_table_preamble alter table (table_name (name (id t55)))) (alter_specifications (alter_specification (table_creation_option (partition_by partition by (partition_by_what list (skip_parens /__MAXWELL__/)) (subpartition_by subpartition by (partition_by_what hash (skip_parens /__MAXWELL__/)) subpartitions 5) (partition_definitions ( (skip_parens_inside_partition_definitions /__MAXWELL__/)))))))) <EOF>)
[1] 23:43:28,825 DEBUG SchemaChange - SQL_PARSE <- "alter table t55 partition by list(colint) subpartition by hash(dayofyear(col1)) subpartitions 2  (partition p0 values in (1,2,3,4,5,6,7,8,9,10), partition p1 values in (11,12,13,14,15,16,17,18,19,20), partition p2 values in (21,22,23,24,25,26,27,28,29,30), partition p3 values in (31,32,33,34,35,36,37,38,39,40), partition p4 values in (41,42,43,44,45,46,47,48,49,50), partition p5 values in (51,52,53,54,55,56,57,58,59,60) )"
[1] 23:43:28,825 DEBUG SchemaChange - rewrote SQL to alter table t55 partition by list/__MAXWELL__/ subpartition by hash(dayofyear(col1)) subpartitions 2  (partition p0 values in (1,2,3,4,5,6,7,8,9,10), partition p1 values in (11,12,13,14,15,16,17,18,19,20), partition p2 values in (21,22,23,24,25,26,27,28,29,30), partition p3 values in (31,32,33,34,35,36,37,38,39,40), partition p4 values in (41,42,43,44,45,46,47,48,49,50), partition p5 values in (51,52,53,54,55,56,57,58,59,60) )
[1] 23:43:28,825 DEBUG SchemaChange - SQL_PARSE <- "alter table t55 partition by list/__MAXWELL__/ subpartition by hash(dayofyear(col1)) subpartitions 2  (partition p0 values in (1,2,3,4,5,6,7,8,9,10), partition p1 values in (11,12,13,14,15,16,17,18,19,20), partition p2 values in (21,22,23,24,25,26,27,28,29,30), partition p3 values in (31,32,33,34,35,36,37,38,39,40), partition p4 values in (41,42,43,44,45,46,47,48,49,50), partition p5 values in (51,52,53,54,55,56,57,58,59,60) )"
[1] 23:43:28,826 DEBUG SchemaChange - rewrote SQL to alter table t55 partition by list/__MAXWELL__/ subpartition by hash/__MAXWELL__/ subpartitions 2  (partition p0 values in (1,2,3,4,5,6,7,8,9,10), partition p1 values in (11,12,13,14,15,16,17,18,19,20), partition p2 values in (21,22,23,24,25,26,27,28,29,30), partition p3 values in (31,32,33,34,35,36,37,38,39,40), partition p4 values in (41,42,43,44,45,46,47,48,49,50), partition p5 values in (51,52,53,54,55,56,57,58,59,60) )
[1] 23:43:28,826 DEBUG SchemaChange - SQL_PARSE <- "alter table t55 partition by list/__MAXWELL__/ subpartition by hash/__MAXWELL__/ subpartitions 2  (partition p0 values in (1,2,3,4,5,6,7,8,9,10), partition p1 values in (11,12,13,14,15,16,17,18,19,20), partition p2 values in (21,22,23,24,25,26,27,28,29,30), partition p3 values in (31,32,33,34,35,36,37,38,39,40), partition p4 values in (41,42,43,44,45,46,47,48,49,50), partition p5 values in (51,52,53,54,55,56,57,58,59,60) )"
[1] 23:43:28,826 DEBUG SchemaChange - rewrote SQL to alter table t55 partition by list/__MAXWELL__/ subpartition by hash/__MAXWELL__/ subpartitions 2  (/__MAXWELL__/
[1] 23:43:28,826 DEBUG SchemaChange - SQL_PARSE <- "alter table t55 partition by list/__MAXWELL__/ subpartition by hash/__MAXWELL__/ subpartitions 2  (/__MAXWELL__/"
[1] 23:43:28,826 DEBUG SchemaChange - SQL_PARSE ->   (parse (statement (alter_table (alter_table_preamble alter table (table_name (name (id t55)))) (alter_specifications (alter_specification (table_creation_option (partition_by partition by (partition_by_what list (skip_parens /__MAXWELL__/)) (subpartition_by subpartition by (partition_by_what hash (skip_parens /__MAXWELL__/)) subpartitions 2) (partition_definitions ( (skip_parens_inside_partition_definitions /__MAXWELL__/)))))))) <EOF>)
[1] 23:43:28,827 DEBUG SchemaChange - SQL_PARSE <- "alter table t55 partition by list(colint) subpartition by hash(dayofyear(col1)) subpartitions 5  (partition p0 values in (1,2,3,4,5,6,7,8,9,10), partition p1 values in (11,12,13,14,15,16,17,18,19,20), partition p2 values in (21,22,23,24,25,26,27,28,29,30), partition p3 values in (31,32,33,34,35,36,37,38,39,40), partition p4 values in (41,42,43,44,45,46,47,48,49,50), partition p5 values in (51,52,53,54,55,56,57,58,59,60) )"
[1] 23:43:28,827 DEBUG SchemaChange - rewrote SQL to alter table t55 partition by list/__MAXWELL__/ subpartition by hash(dayofyear(col1)) subpartitions 5  (partition p0 values in (1,2,3,4,5,6,7,8,9,10), partition p1 values in (11,12,13,14,15,16,17,18,19,20), partition p2 values in (21,22,23,24,25,26,27,28,29,30), partition p3 values in (31,32,33,34,35,36,37,38,39,40), partition p4 values in (41,42,43,44,45,46,47,48,49,50), partition p5 values in (51,52,53,54,55,56,57,58,59,60) )
[1] 23:43:28,827 DEBUG SchemaChange - SQL_PARSE <- "alter table t55 partition by list/__MAXWELL__/ subpartition by hash(dayofyear(col1)) subpartitions 5  (partition p0 values in (1,2,3,4,5,6,7,8,9,10), partition p1 values in (11,12,13,14,15,16,17,18,19,20), partition p2 values in (21,22,23,24,25,26,27,28,29,30), partition p3 values in (31,32,33,34,35,36,37,38,39,40), partition p4 values in (41,42,43,44,45,46,47,48,49,50), partition p5 values in (51,52,53,54,55,56,57,58,59,60) )"
[1] 23:43:28,827 DEBUG SchemaChange - rewrote SQL to alter table t55 partition by list/__MAXWELL__/ subpartition by hash/__MAXWELL__/ subpartitions 5  (partition p0 values in (1,2,3,4,5,6,7,8,9,10), partition p1 values in (11,12,13,14,15,16,17,18,19,20), partition p2 values in (21,22,23,24,25,26,27,28,29,30), partition p3 values in (31,32,33,34,35,36,37,38,39,40), partition p4 values in (41,42,43,44,45,46,47,48,49,50), partition p5 values in (51,52,53,54,55,56,57,58,59,60) )
[1] 23:43:28,827 DEBUG SchemaChange - SQL_PARSE <- "alter table t55 partition by list/__MAXWELL__/ subpartition by hash/__MAXWELL__/ subpartitions 5  (partition p0 values in (1,2,3,4,5,6,7,8,9,10), partition p1 values in (11,12,13,14,15,16,17,18,19,20), partition p2 values in (21,22,23,24,25,26,27,28,29,30), partition p3 values in (31,32,33,34,35,36,37,38,39,40), partition p4 values in (41,42,43,44,45,46,47,48,49,50), partition p5 values in (51,52,53,54,55,56,57,58,59,60) )"
[1] 23:43:28,827 DEBUG SchemaChange - rewrote SQL to alter table t55 partition by list/__MAXWELL__/ subpartition by hash/__MAXWELL__/ subpartitions 5  (/__MAXWELL__/
[1] 23:43:28,827 DEBUG SchemaChange - SQL_PARSE <- "alter table t55 partition by list/__MAXWELL__/ subpartition by hash/__MAXWELL__/ subpartitions 5  (/__MAXWELL__/"
[1] 23:43:28,828 DEBUG SchemaChange - SQL_PARSE ->   (parse (statement (alter_table (alter_table_preamble alter table (table_name (name (id t55)))) (alter_specifications (alter_specification (table_creation_option (partition_by partition by (partition_by_what list (skip_parens /__MAXWELL__/)) (subpartition_by subpartition by (partition_by_what hash (skip_parens /__MAXWELL__/)) subpartitions 5) (partition_definitions ( (skip_parens_inside_partition_definitions /__MAXWELL__/)))))))) <EOF>)
[1] 23:43:28,828 DEBUG SchemaChange - SQL_PARSE <- "alter table t55 partition by list(colint) subpartition by hash(extract(month from col1)) subpartitions 2  (partition p0 values in (1,2,3,4,5,6,7,8,9,10), partition p1 values in (11,12,13,14,15,16,17,18,19,20), partition p2 values in (21,22,23,24,25,26,27,28,29,30), partition p3 values in (31,32,33,34,35,36,37,38,39,40), partition p4 values in (41,42,43,44,45,46,47,48,49,50), partition p5 values in (51,52,53,54,55,56,57,58,59,60) )"
[1] 23:43:28,828 DEBUG SchemaChange - rewrote SQL to alter table t55 partition by list/__MAXWELL__/ subpartition by hash(extract(month from col1)) subpartitions 2  (partition p0 values in (1,2,3,4,5,6,7,8,9,10), partition p1 values in (11,12,13,14,15,16,17,18,19,20), partition p2 values in (21,22,23,24,25,26,27,28,29,30), partition p3 values in (31,32,33,34,35,36,37,38,39,40), partition p4 values in (41,42,43,44,45,46,47,48,49,50), partition p5 values in (51,52,53,54,55,56,57,58,59,60) )
[1] 23:43:28,828 DEBUG SchemaChange - SQL_PARSE <- "alter table t55 partition by list/__MAXWELL__/ subpartition by hash(extract(month from col1)) subpartitions 2  (partition p0 values in (1,2,3,4,5,6,7,8,9,10), partition p1 values in (11,12,13,14,15,16,17,18,19,20), partition p2 values in (21,22,23,24,25,26,27,28,29,30), partition p3 values in (31,32,33,34,35,36,37,38,39,40), partition p4 values in (41,42,43,44,45,46,47,48,49,50), partition p5 values in (51,52,53,54,55,56,57,58,59,60) )"
[1] 23:43:28,829 DEBUG SchemaChange - rewrote SQL to alter table t55 partition by list/__MAXWELL__/ subpartition by hash/__MAXWELL__/ subpartitions 2  (partition p0 values in (1,2,3,4,5,6,7,8,9,10), partition p1 values in (11,12,13,14,15,16,17,18,19,20), partition p2 values in (21,22,23,24,25,26,27,28,29,30), partition p3 values in (31,32,33,34,35,36,37,38,39,40), partition p4 values in (41,42,43,44,45,46,47,48,49,50), partition p5 values in (51,52,53,54,55,56,57,58,59,60) )
[1] 23:43:28,829 DEBUG SchemaChange - SQL_PARSE <- "alter table t55 partition by list/__MAXWELL__/ subpartition by hash/__MAXWELL__/ subpartitions 2  (partition p0 values in (1,2,3,4,5,6,7,8,9,10), partition p1 values in (11,12,13,14,15,16,17,18,19,20), partition p2 values in (21,22,23,24,25,26,27,28,29,30), partition p3 values in (31,32,33,34,35,36,37,38,39,40), partition p4 values in (41,42,43,44,45,46,47,48,49,50), partition p5 values in (51,52,53,54,55,56,57,58,59,60) )"
[1] 23:43:28,829 DEBUG SchemaChange - rewrote SQL to alter table t55 partition by list/__MAXWELL__/ subpartition by hash/__MAXWELL__/ subpartitions 2  (/__MAXWELL__/
[1] 23:43:28,829 DEBUG SchemaChange - SQL_PARSE <- "alter table t55 partition by list/__MAXWELL__/ subpartition by hash/__MAXWELL__/ subpartitions 2  (/__MAXWELL__/"
[1] 23:43:28,829 DEBUG SchemaChange - SQL_PARSE ->   (parse (statement (alter_table (alter_table_preamble alter table (table_name (name (id t55)))) (alter_specifications (alter_specification (table_creation_option (partition_by partition by (partition_by_what list (skip_parens /__MAXWELL__/)) (subpartition_by subpartition by (partition_by_what hash (skip_parens /__MAXWELL__/)) subpartitions 2) (partition_definitions ( (skip_parens_inside_partition_definitions /__MAXWELL__/)))))))) <EOF>)
[1] 23:43:28,829 DEBUG SchemaChange - SQL_PARSE <- "alter table t55 partition by list(colint) subpartition by hash(extract(month from col1)) subpartitions 5  (partition p0 values in (1,2,3,4,5,6,7,8,9,10), partition p1 values in (11,12,13,14,15,16,17,18,19,20), partition p2 values in (21,22,23,24,25,26,27,28,29,30), partition p3 values in (31,32,33,34,35,36,37,38,39,40), partition p4 values in (41,42,43,44,45,46,47,48,49,50), partition p5 values in (51,52,53,54,55,56,57,58,59,60) )"
[1] 23:43:28,830 DEBUG SchemaChange - rewrote SQL to alter table t55 partition by list/__MAXWELL__/ subpartition by hash(extract(month from col1)) subpartitions 5  (partition p0 values in (1,2,3,4,5,6,7,8,9,10), partition p1 values in (11,12,13,14,15,16,17,18,19,20), partition p2 values in (21,22,23,24,25,26,27,28,29,30), partition p3 values in (31,32,33,34,35,36,37,38,39,40), partition p4 values in (41,42,43,44,45,46,47,48,49,50), partition p5 values in (51,52,53,54,55,56,57,58,59,60) )
[1] 23:43:28,830 DEBUG SchemaChange - SQL_PARSE <- "alter table t55 partition by list/__MAXWELL__/ subpartition by hash(extract(month from col1)) subpartitions 5  (partition p0 values in (1,2,3,4,5,6,7,8,9,10), partition p1 values in (11,12,13,14,15,16,17,18,19,20), partition p2 values in (21,22,23,24,25,26,27,28,29,30), partition p3 values in (31,32,33,34,35,36,37,38,39,40), partition p4 values in (41,42,43,44,45,46,47,48,49,50), partition p5 values in (51,52,53,54,55,56,57,58,59,60) )"
[1] 23:43:28,830 DEBUG SchemaChange - rewrote SQL to alter table t55 partition by list/__MAXWELL__/ subpartition by hash/__MAXWELL__/ subpartitions 5  (partition p0 values in (1,2,3,4,5,6,7,8,9,10), partition p1 values in (11,12,13,14,15,16,17,18,19,20), partition p2 values in (21,22,23,24,25,26,27,28,29,30), partition p3 values in (31,32,33,34,35,36,37,38,39,40), partition p4 values in (41,42,43,44,45,46,47,48,49,50), partition p5 values in (51,52,53,54,55,56,57,58,59,60) )
[1] 23:43:28,830 DEBUG SchemaChange - SQL_PARSE <- "alter table t55 partition by list/__MAXWELL__/ subpartition by hash/__MAXWELL__/ subpartitions 5  (partition p0 values in (1,2,3,4,5,6,7,8,9,10), partition p1 values in (11,12,13,14,15,16,17,18,19,20), partition p2 values in (21,22,23,24,25,26,27,28,29,30), partition p3 values in (31,32,33,34,35,36,37,38,39,40), partition p4 values in (41,42,43,44,45,46,47,48,49,50), partition p5 values in (51,52,53,54,55,56,57,58,59,60) )"
[1] 23:43:28,830 DEBUG SchemaChange - rewrote SQL to alter table t55 partition by list/__MAXWELL__/ subpartition by hash/__MAXWELL__/ subpartitions 5  (/__MAXWELL__/
[1] 23:43:28,830 DEBUG SchemaChange - SQL_PARSE <- "alter table t55 partition by list/__MAXWELL__/ subpartition by hash/__MAXWELL__/ subpartitions 5  (/__MAXWELL__/"
[1] 23:43:28,831 DEBUG SchemaChange - SQL_PARSE ->   (parse (statement (alter_table (alter_table_preamble alter table (table_name (name (id t55)))) (alter_specifications (alter_specification (table_creation_option (partition_by partition by (partition_by_what list (skip_parens /__MAXWELL__/)) (subpartition_by subpartition by (partition_by_what hash (skip_parens /__MAXWELL__/)) subpartitions 5) (partition_definitions ( (skip_parens_inside_partition_definitions /__MAXWELL__/)))))))) <EOF>)
[1] 23:43:28,831 DEBUG SchemaChange - SQL_PARSE <- "alter table t55 partition by list(colint) subpartition by hash(hour(col1)) subpartitions 2  (partition p0 values in (1,2,3,4,5,6,7,8,9,10), partition p1 values in (11,12,13,14,15,16,17,18,19,20), partition p2 values in (21,22,23,24,25,26,27,28,29,30), partition p3 values in (31,32,33,34,35,36,37,38,39,40), partition p4 values in (41,42,43,44,45,46,47,48,49,50), partition p5 values in (51,52,53,54,55,56,57,58,59,60) )"
[1] 23:43:28,831 DEBUG SchemaChange - rewrote SQL to alter table t55 partition by list/__MAXWELL__/ subpartition by hash(hour(col1)) subpartitions 2  (partition p0 values in (1,2,3,4,5,6,7,8,9,10), partition p1 values in (11,12,13,14,15,16,17,18,19,20), partition p2 values in (21,22,23,24,25,26,27,28,29,30), partition p3 values in (31,32,33,34,35,36,37,38,39,40), partition p4 values in (41,42,43,44,45,46,47,48,49,50), partition p5 values in (51,52,53,54,55,56,57,58,59,60) )
[1] 23:43:28,831 DEBUG SchemaChange - SQL_PARSE <- "alter table t55 partition by list/__MAXWELL__/ subpartition by hash(hour(col1)) subpartitions 2  (partition p0 values in (1,2,3,4,5,6,7,8,9,10), partition p1 values in (11,12,13,14,15,16,17,18,19,20), partition p2 values in (21,22,23,24,25,26,27,28,29,30), partition p3 values in (31,32,33,34,35,36,37,38,39,40), partition p4 values in (41,42,43,44,45,46,47,48,49,50), partition p5 values in (51,52,53,54,55,56,57,58,59,60) )"
[1] 23:43:28,831 DEBUG SchemaChange - rewrote SQL to alter table t55 partition by list/__MAXWELL__/ subpartition by hash/__MAXWELL__/ subpartitions 2  (partition p0 values in (1,2,3,4,5,6,7,8,9,10), partition p1 values in (11,12,13,14,15,16,17,18,19,20), partition p2 values in (21,22,23,24,25,26,27,28,29,30), partition p3 values in (31,32,33,34,35,36,37,38,39,40), partition p4 values in (41,42,43,44,45,46,47,48,49,50), partition p5 values in (51,52,53,54,55,56,57,58,59,60) )
[1] 23:43:28,831 DEBUG SchemaChange - SQL_PARSE <- "alter table t55 partition by list/__MAXWELL__/ subpartition by hash/__MAXWELL__/ subpartitions 2  (partition p0 values in (1,2,3,4,5,6,7,8,9,10), partition p1 values in (11,12,13,14,15,16,17,18,19,20), partition p2 values in (21,22,23,24,25,26,27,28,29,30), partition p3 values in (31,32,33,34,35,36,37,38,39,40), partition p4 values in (41,42,43,44,45,46,47,48,49,50), partition p5 values in (51,52,53,54,55,56,57,58,59,60) )"
[1] 23:43:28,832 DEBUG SchemaChange - rewrote SQL to alter table t55 partition by list/__MAXWELL__/ subpartition by hash/__MAXWELL__/ subpartitions 2  (/__MAXWELL__/
[1] 23:43:28,832 DEBUG SchemaChange - SQL_PARSE <- "alter table t55 partition by list/__MAXWELL__/ subpartition by hash/__MAXWELL__/ subpartitions 2  (/__MAXWELL__/"
[1] 23:43:28,832 DEBUG SchemaChange - SQL_PARSE ->   (parse (statement (alter_table (alter_table_preamble alter table (table_name (name (id t55)))) (alter_specifications (alter_specification (table_creation_option (partition_by partition by (partition_by_what list (skip_parens /__MAXWELL__/)) (subpartition_by subpartition by (partition_by_what hash (skip_parens /__MAXWELL__/)) subpartitions 2) (partition_definitions ( (skip_parens_inside_partition_definitions /__MAXWELL__/)))))))) <EOF>)
[1] 23:43:28,832 DEBUG SchemaChange - SQL_PARSE <- "alter table t55 partition by list(colint) subpartition by hash(hour(col1)) subpartitions 5  (partition p0 values in (1,2,3,4,5,6,7,8,9,10), partition p1 values in (11,12,13,14,15,16,17,18,19,20), partition p2 values in (21,22,23,24,25,26,27,28,29,30), partition p3 values in (31,32,33,34,35,36,37,38,39,40), partition p4 values in (41,42,43,44,45,46,47,48,49,50), partition p5 values in (51,52,53,54,55,56,57,58,59,60) )"
[1] 23:43:28,832 DEBUG SchemaChange - rewrote SQL to alter table t55 partition by list/__MAXWELL__/ subpartition by hash(hour(col1)) subpartitions 5  (partition p0 values in (1,2,3,4,5,6,7,8,9,10), partition p1 values in (11,12,13,14,15,16,17,18,19,20), partition p2 values in (21,22,23,24,25,26,27,28,29,30), partition p3 values in (31,32,33,34,35,36,37,38,39,40), partition p4 values in (41,42,43,44,45,46,47,48,49,50), partition p5 values in (51,52,53,54,55,56,57,58,59,60) )
[1] 23:43:28,832 DEBUG SchemaChange - SQL_PARSE <- "alter table t55 partition by list/__MAXWELL__/ subpartition by hash(hour(col1)) subpartitions 5  (partition p0 values in (1,2,3,4,5,6,7,8,9,10), partition p1 values in (11,12,13,14,15,16,17,18,19,20), partition p2 values in (21,22,23,24,25,26,27,28,29,30), partition p3 values in (31,32,33,34,35,36,37,38,39,40), partition p4 values in (41,42,43,44,45,46,47,48,49,50), partition p5 values in (51,52,53,54,55,56,57,58,59,60) )"
[1] 23:43:28,833 DEBUG SchemaChange - rewrote SQL to alter table t55 partition by list/__MAXWELL__/ subpartition by hash/__MAXWELL__/ subpartitions 5  (partition p0 values in (1,2,3,4,5,6,7,8,9,10), partition p1 values in (11,12,13,14,15,16,17,18,19,20), partition p2 values in (21,22,23,24,25,26,27,28,29,30), partition p3 values in (31,32,33,34,35,36,37,38,39,40), partition p4 values in (41,42,43,44,45,46,47,48,49,50), partition p5 values in (51,52,53,54,55,56,57,58,59,60) )
[1] 23:43:28,833 DEBUG SchemaChange - SQL_PARSE <- "alter table t55 partition by list/__MAXWELL__/ subpartition by hash/__MAXWELL__/ subpartitions 5  (partition p0 values in (1,2,3,4,5,6,7,8,9,10), partition p1 values in (11,12,13,14,15,16,17,18,19,20), partition p2 values in (21,22,23,24,25,26,27,28,29,30), partition p3 values in (31,32,33,34,35,36,37,38,39,40), partition p4 values in (41,42,43,44,45,46,47,48,49,50), partition p5 values in (51,52,53,54,55,56,57,58,59,60) )"
[1] 23:43:28,833 DEBUG SchemaChange - rewrote SQL to alter table t55 partition by list/__MAXWELL__/ subpartition by hash/__MAXWELL__/ subpartitions 5  (/__MAXWELL__/
[1] 23:43:28,833 DEBUG SchemaChange - SQL_PARSE <- "alter table t55 partition by list/__MAXWELL__/ subpartition by hash/__MAXWELL__/ subpartitions 5  (/__MAXWELL__/"
[1] 23:43:28,833 DEBUG SchemaChange - SQL_PARSE ->   (parse (statement (alter_table (alter_table_preamble alter table (table_name (name (id t55)))) (alter_specifications (alter_specification (table_creation_option (partition_by partition by (partition_by_what list (skip_parens /__MAXWELL__/)) (subpartition_by subpartition by (partition_by_what hash (skip_parens /__MAXWELL__/)) subpartitions 5) (partition_definitions ( (skip_parens_inside_partition_definitions /__MAXWELL__/)))))))) <EOF>)
[1] 23:43:28,834 DEBUG SchemaChange - SQL_PARSE <- "alter table t55 partition by list(colint) subpartition by hash(microsecond(col1)) subpartitions 2  (partition p0 values in (1,2,3,4,5,6,7,8,9,10), partition p1 values in (11,12,13,14,15,16,17,18,19,20), partition p2 values in (21,22,23,24,25,26,27,28,29,30), partition p3 values in (31,32,33,34,35,36,37,38,39,40), partition p4 values in (41,42,43,44,45,46,47,48,49,50), partition p5 values in (51,52,53,54,55,56,57,58,59,60) )"
[1] 23:43:28,834 DEBUG SchemaChange - rewrote SQL to alter table t55 partition by list/__MAXWELL__/ subpartition by hash(microsecond(col1)) subpartitions 2  (partition p0 values in (1,2,3,4,5,6,7,8,9,10), partition p1 values in (11,12,13,14,15,16,17,18,19,20), partition p2 values in (21,22,23,24,25,26,27,28,29,30), partition p3 values in (31,32,33,34,35,36,37,38,39,40), partition p4 values in (41,42,43,44,45,46,47,48,49,50), partition p5 values in (51,52,53,54,55,56,57,58,59,60) )
[1] 23:43:28,834 DEBUG SchemaChange - SQL_PARSE <- "alter table t55 partition by list/__MAXWELL__/ subpartition by hash(microsecond(col1)) subpartitions 2  (partition p0 values in (1,2,3,4,5,6,7,8,9,10), partition p1 values in (11,12,13,14,15,16,17,18,19,20), partition p2 values in (21,22,23,24,25,26,27,28,29,30), partition p3 values in (31,32,33,34,35,36,37,38,39,40), partition p4 values in (41,42,43,44,45,46,47,48,49,50), partition p5 values in (51,52,53,54,55,56,57,58,59,60) )"
[1] 23:43:28,834 DEBUG SchemaChange - rewrote SQL to alter table t55 partition by list/__MAXWELL__/ subpartition by hash/__MAXWELL__/ subpartitions 2  (partition p0 values in (1,2,3,4,5,6,7,8,9,10), partition p1 values in (11,12,13,14,15,16,17,18,19,20), partition p2 values in (21,22,23,24,25,26,27,28,29,30), partition p3 values in (31,32,33,34,35,36,37,38,39,40), partition p4 values in (41,42,43,44,45,46,47,48,49,50), partition p5 values in (51,52,53,54,55,56,57,58,59,60) )
[1] 23:43:28,834 DEBUG SchemaChange - SQL_PARSE <- "alter table t55 partition by list/__MAXWELL__/ subpartition by hash/__MAXWELL__/ subpartitions 2  (partition p0 values in (1,2,3,4,5,6,7,8,9,10), partition p1 values in (11,12,13,14,15,16,17,18,19,20), partition p2 values in (21,22,23,24,25,26,27,28,29,30), partition p3 values in (31,32,33,34,35,36,37,38,39,40), partition p4 values in (41,42,43,44,45,46,47,48,49,50), partition p5 values in (51,52,53,54,55,56,57,58,59,60) )"
[1] 23:43:28,834 DEBUG SchemaChange - rewrote SQL to alter table t55 partition by list/__MAXWELL__/ subpartition by hash/__MAXWELL__/ subpartitions 2  (/__MAXWELL__/
[1] 23:43:28,834 DEBUG SchemaChange - SQL_PARSE <- "alter table t55 partition by list/__MAXWELL__/ subpartition by hash/__MAXWELL__/ subpartitions 2  (/__MAXWELL__/"
[1] 23:43:28,835 DEBUG SchemaChange - SQL_PARSE ->   (parse (statement (alter_table (alter_table_preamble alter table (table_name (name (id t55)))) (alter_specifications (alter_specification (table_creation_option (partition_by partition by (partition_by_what list (skip_parens /__MAXWELL__/)) (subpartition_by subpartition by (partition_by_what hash (skip_parens /__MAXWELL__/)) subpartitions 2) (partition_definitions ( (skip_parens_inside_partition_definitions /__MAXWELL__/)))))))) <EOF>)
[1] 23:43:28,835 DEBUG SchemaChange - SQL_PARSE <- "alter table t55 partition by list(colint) subpartition by hash(microsecond(col1)) subpartitions 5  (partition p0 values in (1,2,3,4,5,6,7,8,9,10), partition p1 values in (11,12,13,14,15,16,17,18,19,20), partition p2 values in (21,22,23,24,25,26,27,28,29,30), partition p3 values in (31,32,33,34,35,36,37,38,39,40), partition p4 values in (41,42,43,44,45,46,47,48,49,50), partition p5 values in (51,52,53,54,55,56,57,58,59,60) )"
[1] 23:43:28,835 DEBUG SchemaChange - rewrote SQL to alter table t55 partition by list/__MAXWELL__/ subpartition by hash(microsecond(col1)) subpartitions 5  (partition p0 values in (1,2,3,4,5,6,7,8,9,10), partition p1 values in (11,12,13,14,15,16,17,18,19,20), partition p2 values in (21,22,23,24,25,26,27,28,29,30), partition p3 values in (31,32,33,34,35,36,37,38,39,40), partition p4 values in (41,42,43,44,45,46,47,48,49,50), partition p5 values in (51,52,53,54,55,56,57,58,59,60) )
[1] 23:43:28,835 DEBUG SchemaChange - SQL_PARSE <- "alter table t55 partition by list/__MAXWELL__/ subpartition by hash(microsecond(col1)) subpartitions 5  (partition p0 values in (1,2,3,4,5,6,7,8,9,10), partition p1 values in (11,12,13,14,15,16,17,18,19,20), partition p2 values in (21,22,23,24,25,26,27,28,29,30), partition p3 values in (31,32,33,34,35,36,37,38,39,40), partition p4 values in (41,42,43,44,45,46,47,48,49,50), partition p5 values in (51,52,53,54,55,56,57,58,59,60) )"
[1] 23:43:28,836 DEBUG SchemaChange - rewrote SQL to alter table t55 partition by list/__MAXWELL__/ subpartition by hash/__MAXWELL__/ subpartitions 5  (partition p0 values in (1,2,3,4,5,6,7,8,9,10), partition p1 values in (11,12,13,14,15,16,17,18,19,20), partition p2 values in (21,22,23,24,25,26,27,28,29,30), partition p3 values in (31,32,33,34,35,36,37,38,39,40), partition p4 values in (41,42,43,44,45,46,47,48,49,50), partition p5 values in (51,52,53,54,55,56,57,58,59,60) )
[1] 23:43:28,836 DEBUG SchemaChange - SQL_PARSE <- "alter table t55 partition by list/__MAXWELL__/ subpartition by hash/__MAXWELL__/ subpartitions 5  (partition p0 values in (1,2,3,4,5,6,7,8,9,10), partition p1 values in (11,12,13,14,15,16,17,18,19,20), partition p2 values in (21,22,23,24,25,26,27,28,29,30), partition p3 values in (31,32,33,34,35,36,37,38,39,40), partition p4 values in (41,42,43,44,45,46,47,48,49,50), partition p5 values in (51,52,53,54,55,56,57,58,59,60) )"
[1] 23:43:28,836 DEBUG SchemaChange - rewrote SQL to alter table t55 partition by list/__MAXWELL__/ subpartition by hash/__MAXWELL__/ subpartitions 5  (/__MAXWELL__/
[1] 23:43:28,836 DEBUG SchemaChange - SQL_PARSE <- "alter table t55 partition by list/__MAXWELL__/ subpartition by hash/__MAXWELL__/ subpartitions 5  (/__MAXWELL__/"
[1] 23:43:28,836 DEBUG SchemaChange - SQL_PARSE ->   (parse (statement (alter_table (alter_table_preamble alter table (table_name (name (id t55)))) (alter_specifications (alter_specification (table_creation_option (partition_by partition by (partition_by_what list (skip_parens /__MAXWELL__/)) (subpartition_by subpartition by (partition_by_what hash (skip_parens /__MAXWELL__/)) subpartitions 5) (partition_definitions ( (skip_parens_inside_partition_definitions /__MAXWELL__/)))))))) <EOF>)
[1] 23:43:28,836 DEBUG SchemaChange - SQL_PARSE <- "alter table t55 partition by list(colint) subpartition by hash(minute(col1)) subpartitions 2  (partition p0 values in (1,2,3,4,5,6,7,8,9,10), partition p1 values in (11,12,13,14,15,16,17,18,19,20), partition p2 values in (21,22,23,24,25,26,27,28,29,30), partition p3 values in (31,32,33,34,35,36,37,38,39,40), partition p4 values in (41,42,43,44,45,46,47,48,49,50), partition p5 values in (51,52,53,54,55,56,57,58,59,60) )"
[1] 23:43:28,837 DEBUG SchemaChange - rewrote SQL to alter table t55 partition by list/__MAXWELL__/ subpartition by hash(minute(col1)) subpartitions 2  (partition p0 values in (1,2,3,4,5,6,7,8,9,10), partition p1 values in (11,12,13,14,15,16,17,18,19,20), partition p2 values in (21,22,23,24,25,26,27,28,29,30), partition p3 values in (31,32,33,34,35,36,37,38,39,40), partition p4 values in (41,42,43,44,45,46,47,48,49,50), partition p5 values in (51,52,53,54,55,56,57,58,59,60) )
[1] 23:43:28,837 DEBUG SchemaChange - SQL_PARSE <- "alter table t55 partition by list/__MAXWELL__/ subpartition by hash(minute(col1)) subpartitions 2  (partition p0 values in (1,2,3,4,5,6,7,8,9,10), partition p1 values in (11,12,13,14,15,16,17,18,19,20), partition p2 values in (21,22,23,24,25,26,27,28,29,30), partition p3 values in (31,32,33,34,35,36,37,38,39,40), partition p4 values in (41,42,43,44,45,46,47,48,49,50), partition p5 values in (51,52,53,54,55,56,57,58,59,60) )"
[1] 23:43:28,837 DEBUG SchemaChange - rewrote SQL to alter table t55 partition by list/__MAXWELL__/ subpartition by hash/__MAXWELL__/ subpartitions 2  (partition p0 values in (1,2,3,4,5,6,7,8,9,10), partition p1 values in (11,12,13,14,15,16,17,18,19,20), partition p2 values in (21,22,23,24,25,26,27,28,29,30), partition p3 values in (31,32,33,34,35,36,37,38,39,40), partition p4 values in (41,42,43,44,45,46,47,48,49,50), partition p5 values in (51,52,53,54,55,56,57,58,59,60) )
[1] 23:43:28,837 DEBUG SchemaChange - SQL_PARSE <- "alter table t55 partition by list/__MAXWELL__/ subpartition by hash/__MAXWELL__/ subpartitions 2  (partition p0 values in (1,2,3,4,5,6,7,8,9,10), partition p1 values in (11,12,13,14,15,16,17,18,19,20), partition p2 values in (21,22,23,24,25,26,27,28,29,30), partition p3 values in (31,32,33,34,35,36,37,38,39,40), partition p4 values in (41,42,43,44,45,46,47,48,49,50), partition p5 values in (51,52,53,54,55,56,57,58,59,60) )"
[1] 23:43:28,837 DEBUG SchemaChange - rewrote SQL to alter table t55 partition by list/__MAXWELL__/ subpartition by hash/__MAXWELL__/ subpartitions 2  (/__MAXWELL__/
[1] 23:43:28,837 DEBUG SchemaChange - SQL_PARSE <- "alter table t55 partition by list/__MAXWELL__/ subpartition by hash/__MAXWELL__/ subpartitions 2  (/__MAXWELL__/"
[1] 23:43:28,838 DEBUG SchemaChange - SQL_PARSE ->   (parse (statement (alter_table (alter_table_preamble alter table (table_name (name (id t55)))) (alter_specifications (alter_specification (table_creation_option (partition_by partition by (partition_by_what list (skip_parens /__MAXWELL__/)) (subpartition_by subpartition by (partition_by_what hash (skip_parens /__MAXWELL__/)) subpartitions 2) (partition_definitions ( (skip_parens_inside_partition_definitions /__MAXWELL__/)))))))) <EOF>)
[1] 23:43:28,838 DEBUG SchemaChange - SQL_PARSE <- "alter table t55 partition by list(colint) subpartition by hash(minute(col1)) subpartitions 5  (partition p0 values in (1,2,3,4,5,6,7,8,9,10), partition p1 values in (11,12,13,14,15,16,17,18,19,20), partition p2 values in (21,22,23,24,25,26,27,28,29,30), partition p3 values in (31,32,33,34,35,36,37,38,39,40), partition p4 values in (41,42,43,44,45,46,47,48,49,50), partition p5 values in (51,52,53,54,55,56,57,58,59,60) )"
[1] 23:43:28,838 DEBUG SchemaChange - rewrote SQL to alter table t55 partition by list/__MAXWELL__/ subpartition by hash(minute(col1)) subpartitions 5  (partition p0 values in (1,2,3,4,5,6,7,8,9,10), partition p1 values in (11,12,13,14,15,16,17,18,19,20), partition p2 values in (21,22,23,24,25,26,27,28,29,30), partition p3 values in (31,32,33,34,35,36,37,38,39,40), partition p4 values in (41,42,43,44,45,46,47,48,49,50), partition p5 values in (51,52,53,54,55,56,57,58,59,60) )
[1] 23:43:28,838 DEBUG SchemaChange - SQL_PARSE <- "alter table t55 partition by list/__MAXWELL__/ subpartition by hash(minute(col1)) subpartitions 5  (partition p0 values in (1,2,3,4,5,6,7,8,9,10), partition p1 values in (11,12,13,14,15,16,17,18,19,20), partition p2 values in (21,22,23,24,25,26,27,28,29,30), partition p3 values in (31,32,33,34,35,36,37,38,39,40), partition p4 values in (41,42,43,44,45,46,47,48,49,50), partition p5 values in (51,52,53,54,55,56,57,58,59,60) )"
[1] 23:43:28,838 DEBUG SchemaChange - rewrote SQL to alter table t55 partition by list/__MAXWELL__/ subpartition by hash/__MAXWELL__/ subpartitions 5  (partition p0 values in (1,2,3,4,5,6,7,8,9,10), partition p1 values in (11,12,13,14,15,16,17,18,19,20), partition p2 values in (21,22,23,24,25,26,27,28,29,30), partition p3 values in (31,32,33,34,35,36,37,38,39,40), partition p4 values in (41,42,43,44,45,46,47,48,49,50), partition p5 values in (51,52,53,54,55,56,57,58,59,60) )
[1] 23:43:28,838 DEBUG SchemaChange - SQL_PARSE <- "alter table t55 partition by list/__MAXWELL__/ subpartition by hash/__MAXWELL__/ subpartitions 5  (partition p0 values in (1,2,3,4,5,6,7,8,9,10), partition p1 values in (11,12,13,14,15,16,17,18,19,20), partition p2 values in (21,22,23,24,25,26,27,28,29,30), partition p3 values in (31,32,33,34,35,36,37,38,39,40), partition p4 values in (41,42,43,44,45,46,47,48,49,50), partition p5 values in (51,52,53,54,55,56,57,58,59,60) )"
[1] 23:43:28,839 DEBUG SchemaChange - rewrote SQL to alter table t55 partition by list/__MAXWELL__/ subpartition by hash/__MAXWELL__/ subpartitions 5  (/__MAXWELL__/
[1] 23:43:28,839 DEBUG SchemaChange - SQL_PARSE <- "alter table t55 partition by list/__MAXWELL__/ subpartition by hash/__MAXWELL__/ subpartitions 5  (/__MAXWELL__/"
[1] 23:43:28,842 DEBUG SchemaChange - SQL_PARSE ->   (parse (statement (alter_table (alter_table_preamble alter table (table_name (name (id t55)))) (alter_specifications (alter_specification (table_creation_option (partition_by partition by (partition_by_what list (skip_parens /__MAXWELL__/)) (subpartition_by subpartition by (partition_by_what hash (skip_parens /__MAXWELL__/)) subpartitions 5) (partition_definitions ( (skip_parens_inside_partition_definitions /__MAXWELL__/)))))))) <EOF>)
[1] 23:43:28,843 DEBUG SchemaChange - SQL_PARSE <- "alter table t55 partition by list(colint) subpartition by hash(mod(col1,10)) subpartitions 2  (partition p0 values in (1,2,3,4,5,6,7,8,9,10), partition p1 values in (11,12,13,14,15,16,17,18,19,20), partition p2 values in (21,22,23,24,25,26,27,28,29,30), partition p3 values in (31,32,33,34,35,36,37,38,39,40), partition p4 values in (41,42,43,44,45,46,47,48,49,50), partition p5 values in (51,52,53,54,55,56,57,58,59,60) )"
[1] 23:43:28,843 DEBUG SchemaChange - rewrote SQL to alter table t55 partition by list/__MAXWELL__/ subpartition by hash(mod(col1,10)) subpartitions 2  (partition p0 values in (1,2,3,4,5,6,7,8,9,10), partition p1 values in (11,12,13,14,15,16,17,18,19,20), partition p2 values in (21,22,23,24,25,26,27,28,29,30), partition p3 values in (31,32,33,34,35,36,37,38,39,40), partition p4 values in (41,42,43,44,45,46,47,48,49,50), partition p5 values in (51,52,53,54,55,56,57,58,59,60) )
[1] 23:43:28,843 DEBUG SchemaChange - SQL_PARSE <- "alter table t55 partition by list/__MAXWELL__/ subpartition by hash(mod(col1,10)) subpartitions 2  (partition p0 values in (1,2,3,4,5,6,7,8,9,10), partition p1 values in (11,12,13,14,15,16,17,18,19,20), partition p2 values in (21,22,23,24,25,26,27,28,29,30), partition p3 values in (31,32,33,34,35,36,37,38,39,40), partition p4 values in (41,42,43,44,45,46,47,48,49,50), partition p5 values in (51,52,53,54,55,56,57,58,59,60) )"
[1] 23:43:28,843 DEBUG SchemaChange - rewrote SQL to alter table t55 partition by list/__MAXWELL__/ subpartition by hash/__MAXWELL__/ subpartitions 2  (partition p0 values in (1,2,3,4,5,6,7,8,9,10), partition p1 values in (11,12,13,14,15,16,17,18,19,20), partition p2 values in (21,22,23,24,25,26,27,28,29,30), partition p3 values in (31,32,33,34,35,36,37,38,39,40), partition p4 values in (41,42,43,44,45,46,47,48,49,50), partition p5 values in (51,52,53,54,55,56,57,58,59,60) )
[1] 23:43:28,843 DEBUG SchemaChange - SQL_PARSE <- "alter table t55 partition by list/__MAXWELL__/ subpartition by hash/__MAXWELL__/ subpartitions 2  (partition p0 values in (1,2,3,4,5,6,7,8,9,10), partition p1 values in (11,12,13,14,15,16,17,18,19,20), partition p2 values in (21,22,23,24,25,26,27,28,29,30), partition p3 values in (31,32,33,34,35,36,37,38,39,40), partition p4 values in (41,42,43,44,45,46,47,48,49,50), partition p5 values in (51,52,53,54,55,56,57,58,59,60) )"
[1] 23:43:28,843 DEBUG SchemaChange - rewrote SQL to alter table t55 partition by list/__MAXWELL__/ subpartition by hash/__MAXWELL__/ subpartitions 2  (/__MAXWELL__/
[1] 23:43:28,844 DEBUG SchemaChange - SQL_PARSE <- "alter table t55 partition by list/__MAXWELL__/ subpartition by hash/__MAXWELL__/ subpartitions 2  (/__MAXWELL__/"
[1] 23:43:28,844 DEBUG SchemaChange - SQL_PARSE ->   (parse (statement (alter_table (alter_table_preamble alter table (table_name (name (id t55)))) (alter_specifications (alter_specification (table_creation_option (partition_by partition by (partition_by_what list (skip_parens /__MAXWELL__/)) (subpartition_by subpartition by (partition_by_what hash (skip_parens /__MAXWELL__/)) subpartitions 2) (partition_definitions ( (skip_parens_inside_partition_definitions /__MAXWELL__/)))))))) <EOF>)
[1] 23:43:28,844 DEBUG SchemaChange - SQL_PARSE <- "alter table t55 partition by list(colint) subpartition by hash(mod(col1,10)) subpartitions 5  (partition p0 values in (1,2,3,4,5,6,7,8,9,10), partition p1 values in (11,12,13,14,15,16,17,18,19,20), partition p2 values in (21,22,23,24,25,26,27,28,29,30), partition p3 values in (31,32,33,34,35,36,37,38,39,40), partition p4 values in (41,42,43,44,45,46,47,48,49,50), partition p5 values in (51,52,53,54,55,56,57,58,59,60) )"
[1] 23:43:28,844 DEBUG SchemaChange - rewrote SQL to alter table t55 partition by list/__MAXWELL__/ subpartition by hash(mod(col1,10)) subpartitions 5  (partition p0 values in (1,2,3,4,5,6,7,8,9,10), partition p1 values in (11,12,13,14,15,16,17,18,19,20), partition p2 values in (21,22,23,24,25,26,27,28,29,30), partition p3 values in (31,32,33,34,35,36,37,38,39,40), partition p4 values in (41,42,43,44,45,46,47,48,49,50), partition p5 values in (51,52,53,54,55,56,57,58,59,60) )
[1] 23:43:28,844 DEBUG SchemaChange - SQL_PARSE <- "alter table t55 partition by list/__MAXWELL__/ subpartition by hash(mod(col1,10)) subpartitions 5  (partition p0 values in (1,2,3,4,5,6,7,8,9,10), partition p1 values in (11,12,13,14,15,16,17,18,19,20), partition p2 values in (21,22,23,24,25,26,27,28,29,30), partition p3 values in (31,32,33,34,35,36,37,38,39,40), partition p4 values in (41,42,43,44,45,46,47,48,49,50), partition p5 values in (51,52,53,54,55,56,57,58,59,60) )"
[1] 23:43:28,845 DEBUG SchemaChange - rewrote SQL to alter table t55 partition by list/__MAXWELL__/ subpartition by hash/__MAXWELL__/ subpartitions 5  (partition p0 values in (1,2,3,4,5,6,7,8,9,10), partition p1 values in (11,12,13,14,15,16,17,18,19,20), partition p2 values in (21,22,23,24,25,26,27,28,29,30), partition p3 values in (31,32,33,34,35,36,37,38,39,40), partition p4 values in (41,42,43,44,45,46,47,48,49,50), partition p5 values in (51,52,53,54,55,56,57,58,59,60) )
[1] 23:43:28,845 DEBUG SchemaChange - SQL_PARSE <- "alter table t55 partition by list/__MAXWELL__/ subpartition by hash/__MAXWELL__/ subpartitions 5  (partition p0 values in (1,2,3,4,5,6,7,8,9,10), partition p1 values in (11,12,13,14,15,16,17,18,19,20), partition p2 values in (21,22,23,24,25,26,27,28,29,30), partition p3 values in (31,32,33,34,35,36,37,38,39,40), partition p4 values in (41,42,43,44,45,46,47,48,49,50), partition p5 values in (51,52,53,54,55,56,57,58,59,60) )"
[1] 23:43:28,845 DEBUG SchemaChange - rewrote SQL to alter table t55 partition by list/__MAXWELL__/ subpartition by hash/__MAXWELL__/ subpartitions 5  (/__MAXWELL__/
[1] 23:43:28,845 DEBUG SchemaChange - SQL_PARSE <- "alter table t55 partition by list/__MAXWELL__/ subpartition by hash/__MAXWELL__/ subpartitions 5  (/__MAXWELL__/"
[1] 23:43:28,845 DEBUG SchemaChange - SQL_PARSE ->   (parse (statement (alter_table (alter_table_preamble alter table (table_name (name (id t55)))) (alter_specifications (alter_specification (table_creation_option (partition_by partition by (partition_by_what list (skip_parens /__MAXWELL__/)) (subpartition_by subpartition by (partition_by_what hash (skip_parens /__MAXWELL__/)) subpartitions 5) (partition_definitions ( (skip_parens_inside_partition_definitions /__MAXWELL__/)))))))) <EOF>)
[1] 23:43:28,845 DEBUG SchemaChange - SQL_PARSE <- "alter table t55 partition by list(colint) subpartition by hash(month(col1)) subpartitions 2  (partition p0 values in (1,2,3,4,5,6,7,8,9,10), partition p1 values in (11,12,13,14,15,16,17,18,19,20), partition p2 values in (21,22,23,24,25,26,27,28,29,30), partition p3 values in (31,32,33,34,35,36,37,38,39,40), partition p4 values in (41,42,43,44,45,46,47,48,49,50), partition p5 values in (51,52,53,54,55,56,57,58,59,60) )"
[1] 23:43:28,846 DEBUG SchemaChange - rewrote SQL to alter table t55 partition by list/__MAXWELL__/ subpartition by hash(month(col1)) subpartitions 2  (partition p0 values in (1,2,3,4,5,6,7,8,9,10), partition p1 values in (11,12,13,14,15,16,17,18,19,20), partition p2 values in (21,22,23,24,25,26,27,28,29,30), partition p3 values in (31,32,33,34,35,36,37,38,39,40), partition p4 values in (41,42,43,44,45,46,47,48,49,50), partition p5 values in (51,52,53,54,55,56,57,58,59,60) )
[1] 23:43:28,846 DEBUG SchemaChange - SQL_PARSE <- "alter table t55 partition by list/__MAXWELL__/ subpartition by hash(month(col1)) subpartitions 2  (partition p0 values in (1,2,3,4,5,6,7,8,9,10), partition p1 values in (11,12,13,14,15,16,17,18,19,20), partition p2 values in (21,22,23,24,25,26,27,28,29,30), partition p3 values in (31,32,33,34,35,36,37,38,39,40), partition p4 values in (41,42,43,44,45,46,47,48,49,50), partition p5 values in (51,52,53,54,55,56,57,58,59,60) )"
[1] 23:43:28,846 DEBUG SchemaChange - rewrote SQL to alter table t55 partition by list/__MAXWELL__/ subpartition by hash/__MAXWELL__/ subpartitions 2  (partition p0 values in (1,2,3,4,5,6,7,8,9,10), partition p1 values in (11,12,13,14,15,16,17,18,19,20), partition p2 values in (21,22,23,24,25,26,27,28,29,30), partition p3 values in (31,32,33,34,35,36,37,38,39,40), partition p4 values in (41,42,43,44,45,46,47,48,49,50), partition p5 values in (51,52,53,54,55,56,57,58,59,60) )
[1] 23:43:28,846 DEBUG SchemaChange - SQL_PARSE <- "alter table t55 partition by list/__MAXWELL__/ subpartition by hash/__MAXWELL__/ subpartitions 2  (partition p0 values in (1,2,3,4,5,6,7,8,9,10), partition p1 values in (11,12,13,14,15,16,17,18,19,20), partition p2 values in (21,22,23,24,25,26,27,28,29,30), partition p3 values in (31,32,33,34,35,36,37,38,39,40), partition p4 values in (41,42,43,44,45,46,47,48,49,50), partition p5 values in (51,52,53,54,55,56,57,58,59,60) )"
[1] 23:43:28,846 DEBUG SchemaChange - rewrote SQL to alter table t55 partition by list/__MAXWELL__/ subpartition by hash/__MAXWELL__/ subpartitions 2  (/__MAXWELL__/
[1] 23:43:28,846 DEBUG SchemaChange - SQL_PARSE <- "alter table t55 partition by list/__MAXWELL__/ subpartition by hash/__MAXWELL__/ subpartitions 2  (/__MAXWELL__/"
[1] 23:43:28,847 DEBUG SchemaChange - SQL_PARSE ->   (parse (statement (alter_table (alter_table_preamble alter table (table_name (name (id t55)))) (alter_specifications (alter_specification (table_creation_option (partition_by partition by (partition_by_what list (skip_parens /__MAXWELL__/)) (subpartition_by subpartition by (partition_by_what hash (skip_parens /__MAXWELL__/)) subpartitions 2) (partition_definitions ( (skip_parens_inside_partition_definitions /__MAXWELL__/)))))))) <EOF>)
[1] 23:43:28,847 DEBUG SchemaChange - SQL_PARSE <- "alter table t55 partition by list(colint) subpartition by hash(month(col1)) subpartitions 5  (partition p0 values in (1,2,3,4,5,6,7,8,9,10), partition p1 values in (11,12,13,14,15,16,17,18,19,20), partition p2 values in (21,22,23,24,25,26,27,28,29,30), partition p3 values in (31,32,33,34,35,36,37,38,39,40), partition p4 values in (41,42,43,44,45,46,47,48,49,50), partition p5 values in (51,52,53,54,55,56,57,58,59,60) )"
[1] 23:43:28,847 DEBUG SchemaChange - rewrote SQL to alter table t55 partition by list/__MAXWELL__/ subpartition by hash(month(col1)) subpartitions 5  (partition p0 values in (1,2,3,4,5,6,7,8,9,10), partition p1 values in (11,12,13,14,15,16,17,18,19,20), partition p2 values in (21,22,23,24,25,26,27,28,29,30), partition p3 values in (31,32,33,34,35,36,37,38,39,40), partition p4 values in (41,42,43,44,45,46,47,48,49,50), partition p5 values in (51,52,53,54,55,56,57,58,59,60) )
[1] 23:43:28,847 DEBUG SchemaChange - SQL_PARSE <- "alter table t55 partition by list/__MAXWELL__/ subpartition by hash(month(col1)) subpartitions 5  (partition p0 values in (1,2,3,4,5,6,7,8,9,10), partition p1 values in (11,12,13,14,15,16,17,18,19,20), partition p2 values in (21,22,23,24,25,26,27,28,29,30), partition p3 values in (31,32,33,34,35,36,37,38,39,40), partition p4 values in (41,42,43,44,45,46,47,48,49,50), partition p5 values in (51,52,53,54,55,56,57,58,59,60) )"
[1] 23:43:28,847 DEBUG SchemaChange - rewrote SQL to alter table t55 partition by list/__MAXWELL__/ subpartition by hash/__MAXWELL__/ subpartitions 5  (partition p0 values in (1,2,3,4,5,6,7,8,9,10), partition p1 values in (11,12,13,14,15,16,17,18,19,20), partition p2 values in (21,22,23,24,25,26,27,28,29,30), partition p3 values in (31,32,33,34,35,36,37,38,39,40), partition p4 values in (41,42,43,44,45,46,47,48,49,50), partition p5 values in (51,52,53,54,55,56,57,58,59,60) )
[1] 23:43:28,847 DEBUG SchemaChange - SQL_PARSE <- "alter table t55 partition by list/__MAXWELL__/ subpartition by hash/__MAXWELL__/ subpartitions 5  (partition p0 values in (1,2,3,4,5,6,7,8,9,10), partition p1 values in (11,12,13,14,15,16,17,18,19,20), partition p2 values in (21,22,23,24,25,26,27,28,29,30), partition p3 values in (31,32,33,34,35,36,37,38,39,40), partition p4 values in (41,42,43,44,45,46,47,48,49,50), partition p5 values in (51,52,53,54,55,56,57,58,59,60) )"
[1] 23:43:28,848 DEBUG SchemaChange - rewrote SQL to alter table t55 partition by list/__MAXWELL__/ subpartition by hash/__MAXWELL__/ subpartitions 5  (/__MAXWELL__/
[1] 23:43:28,848 DEBUG SchemaChange - SQL_PARSE <- "alter table t55 partition by list/__MAXWELL__/ subpartition by hash/__MAXWELL__/ subpartitions 5  (/__MAXWELL__/"
[1] 23:43:28,848 DEBUG SchemaChange - SQL_PARSE ->   (parse (statement (alter_table (alter_table_preamble alter table (table_name (name (id t55)))) (alter_specifications (alter_specification (table_creation_option (partition_by partition by (partition_by_what list (skip_parens /__MAXWELL__/)) (subpartition_by subpartition by (partition_by_what hash (skip_parens /__MAXWELL__/)) subpartitions 5) (partition_definitions ( (skip_parens_inside_partition_definitions /__MAXWELL__/)))))))) <EOF>)
[1] 23:43:28,848 DEBUG SchemaChange - SQL_PARSE <- "alter table t55 partition by list(colint) subpartition by hash(quarter(col1)) subpartitions 2  (partition p0 values in (1,2,3,4,5,6,7,8,9,10), partition p1 values in (11,12,13,14,15,16,17,18,19,20), partition p2 values in (21,22,23,24,25,26,27,28,29,30), partition p3 values in (31,32,33,34,35,36,37,38,39,40), partition p4 values in (41,42,43,44,45,46,47,48,49,50), partition p5 values in (51,52,53,54,55,56,57,58,59,60) )"
[1] 23:43:28,849 DEBUG SchemaChange - rewrote SQL to alter table t55 partition by list/__MAXWELL__/ subpartition by hash(quarter(col1)) subpartitions 2  (partition p0 values in (1,2,3,4,5,6,7,8,9,10), partition p1 values in (11,12,13,14,15,16,17,18,19,20), partition p2 values in (21,22,23,24,25,26,27,28,29,30), partition p3 values in (31,32,33,34,35,36,37,38,39,40), partition p4 values in (41,42,43,44,45,46,47,48,49,50), partition p5 values in (51,52,53,54,55,56,57,58,59,60) )
[1] 23:43:28,849 DEBUG SchemaChange - SQL_PARSE <- "alter table t55 partition by list/__MAXWELL__/ subpartition by hash(quarter(col1)) subpartitions 2  (partition p0 values in (1,2,3,4,5,6,7,8,9,10), partition p1 values in (11,12,13,14,15,16,17,18,19,20), partition p2 values in (21,22,23,24,25,26,27,28,29,30), partition p3 values in (31,32,33,34,35,36,37,38,39,40), partition p4 values in (41,42,43,44,45,46,47,48,49,50), partition p5 values in (51,52,53,54,55,56,57,58,59,60) )"
[1] 23:43:28,849 DEBUG SchemaChange - rewrote SQL to alter table t55 partition by list/__MAXWELL__/ subpartition by hash/__MAXWELL__/ subpartitions 2  (partition p0 values in (1,2,3,4,5,6,7,8,9,10), partition p1 values in (11,12,13,14,15,16,17,18,19,20), partition p2 values in (21,22,23,24,25,26,27,28,29,30), partition p3 values in (31,32,33,34,35,36,37,38,39,40), partition p4 values in (41,42,43,44,45,46,47,48,49,50), partition p5 values in (51,52,53,54,55,56,57,58,59,60) )
[1] 23:43:28,849 DEBUG SchemaChange - SQL_PARSE <- "alter table t55 partition by list/__MAXWELL__/ subpartition by hash/__MAXWELL__/ subpartitions 2  (partition p0 values in (1,2,3,4,5,6,7,8,9,10), partition p1 values in (11,12,13,14,15,16,17,18,19,20), partition p2 values in (21,22,23,24,25,26,27,28,29,30), partition p3 values in (31,32,33,34,35,36,37,38,39,40), partition p4 values in (41,42,43,44,45,46,47,48,49,50), partition p5 values in (51,52,53,54,55,56,57,58,59,60) )"
[1] 23:43:28,849 DEBUG SchemaChange - rewrote SQL to alter table t55 partition by list/__MAXWELL__/ subpartition by hash/__MAXWELL__/ subpartitions 2  (/__MAXWELL__/
[1] 23:43:28,849 DEBUG SchemaChange - SQL_PARSE <- "alter table t55 partition by list/__MAXWELL__/ subpartition by hash/__MAXWELL__/ subpartitions 2  (/__MAXWELL__/"
[1] 23:43:28,850 DEBUG SchemaChange - SQL_PARSE ->   (parse (statement (alter_table (alter_table_preamble alter table (table_name (name (id t55)))) (alter_specifications (alter_specification (table_creation_option (partition_by partition by (partition_by_what list (skip_parens /__MAXWELL__/)) (subpartition_by subpartition by (partition_by_what hash (skip_parens /__MAXWELL__/)) subpartitions 2) (partition_definitions ( (skip_parens_inside_partition_definitions /__MAXWELL__/)))))))) <EOF>)
[1] 23:43:28,850 DEBUG SchemaChange - SQL_PARSE <- "alter table t55 partition by list(colint) subpartition by hash(quarter(col1)) subpartitions 5  (partition p0 values in (1,2,3,4,5,6,7,8,9,10), partition p1 values in (11,12,13,14,15,16,17,18,19,20), partition p2 values in (21,22,23,24,25,26,27,28,29,30), partition p3 values in (31,32,33,34,35,36,37,38,39,40), partition p4 values in (41,42,43,44,45,46,47,48,49,50), partition p5 values in (51,52,53,54,55,56,57,58,59,60) )"
[1] 23:43:28,850 DEBUG SchemaChange - rewrote SQL to alter table t55 partition by list/__MAXWELL__/ subpartition by hash(quarter(col1)) subpartitions 5  (partition p0 values in (1,2,3,4,5,6,7,8,9,10), partition p1 values in (11,12,13,14,15,16,17,18,19,20), partition p2 values in (21,22,23,24,25,26,27,28,29,30), partition p3 values in (31,32,33,34,35,36,37,38,39,40), partition p4 values in (41,42,43,44,45,46,47,48,49,50), partition p5 values in (51,52,53,54,55,56,57,58,59,60) )
[1] 23:43:28,850 DEBUG SchemaChange - SQL_PARSE <- "alter table t55 partition by list/__MAXWELL__/ subpartition by hash(quarter(col1)) subpartitions 5  (partition p0 values in (1,2,3,4,5,6,7,8,9,10), partition p1 values in (11,12,13,14,15,16,17,18,19,20), partition p2 values in (21,22,23,24,25,26,27,28,29,30), partition p3 values in (31,32,33,34,35,36,37,38,39,40), partition p4 values in (41,42,43,44,45,46,47,48,49,50), partition p5 values in (51,52,53,54,55,56,57,58,59,60) )"
[1] 23:43:28,850 DEBUG SchemaChange - rewrote SQL to alter table t55 partition by list/__MAXWELL__/ subpartition by hash/__MAXWELL__/ subpartitions 5  (partition p0 values in (1,2,3,4,5,6,7,8,9,10), partition p1 values in (11,12,13,14,15,16,17,18,19,20), partition p2 values in (21,22,23,24,25,26,27,28,29,30), partition p3 values in (31,32,33,34,35,36,37,38,39,40), partition p4 values in (41,42,43,44,45,46,47,48,49,50), partition p5 values in (51,52,53,54,55,56,57,58,59,60) )
[1] 23:43:28,850 DEBUG SchemaChange - SQL_PARSE <- "alter table t55 partition by list/__MAXWELL__/ subpartition by hash/__MAXWELL__/ subpartitions 5  (partition p0 values in (1,2,3,4,5,6,7,8,9,10), partition p1 values in (11,12,13,14,15,16,17,18,19,20), partition p2 values in (21,22,23,24,25,26,27,28,29,30), partition p3 values in (31,32,33,34,35,36,37,38,39,40), partition p4 values in (41,42,43,44,45,46,47,48,49,50), partition p5 values in (51,52,53,54,55,56,57,58,59,60) )"
[1] 23:43:28,851 DEBUG SchemaChange - rewrote SQL to alter table t55 partition by list/__MAXWELL__/ subpartition by hash/__MAXWELL__/ subpartitions 5  (/__MAXWELL__/
[1] 23:43:28,851 DEBUG SchemaChange - SQL_PARSE <- "alter table t55 partition by list/__MAXWELL__/ subpartition by hash/__MAXWELL__/ subpartitions 5  (/__MAXWELL__/"
[1] 23:43:28,851 DEBUG SchemaChange - SQL_PARSE ->   (parse (statement (alter_table (alter_table_preamble alter table (table_name (name (id t55)))) (alter_specifications (alter_specification (table_creation_option (partition_by partition by (partition_by_what list (skip_parens /__MAXWELL__/)) (subpartition_by subpartition by (partition_by_what hash (skip_parens /__MAXWELL__/)) subpartitions 5) (partition_definitions ( (skip_parens_inside_partition_definitions /__MAXWELL__/)))))))) <EOF>)
[1] 23:43:28,851 DEBUG SchemaChange - SQL_PARSE <- "alter table t55 partition by list(colint) subpartition by hash(second(col1)) subpartitions 2  (partition p0 values in (1,2,3,4,5,6,7,8,9,10), partition p1 values in (11,12,13,14,15,16,17,18,19,20), partition p2 values in (21,22,23,24,25,26,27,28,29,30), partition p3 values in (31,32,33,34,35,36,37,38,39,40), partition p4 values in (41,42,43,44,45,46,47,48,49,50), partition p5 values in (51,52,53,54,55,56,57,58,59,60) )"
[1] 23:43:28,851 DEBUG SchemaChange - rewrote SQL to alter table t55 partition by list/__MAXWELL__/ subpartition by hash(second(col1)) subpartitions 2  (partition p0 values in (1,2,3,4,5,6,7,8,9,10), partition p1 values in (11,12,13,14,15,16,17,18,19,20), partition p2 values in (21,22,23,24,25,26,27,28,29,30), partition p3 values in (31,32,33,34,35,36,37,38,39,40), partition p4 values in (41,42,43,44,45,46,47,48,49,50), partition p5 values in (51,52,53,54,55,56,57,58,59,60) )
[1] 23:43:28,851 DEBUG SchemaChange - SQL_PARSE <- "alter table t55 partition by list/__MAXWELL__/ subpartition by hash(second(col1)) subpartitions 2  (partition p0 values in (1,2,3,4,5,6,7,8,9,10), partition p1 values in (11,12,13,14,15,16,17,18,19,20), partition p2 values in (21,22,23,24,25,26,27,28,29,30), partition p3 values in (31,32,33,34,35,36,37,38,39,40), partition p4 values in (41,42,43,44,45,46,47,48,49,50), partition p5 values in (51,52,53,54,55,56,57,58,59,60) )"
[1] 23:43:28,852 DEBUG SchemaChange - rewrote SQL to alter table t55 partition by list/__MAXWELL__/ subpartition by hash/__MAXWELL__/ subpartitions 2  (partition p0 values in (1,2,3,4,5,6,7,8,9,10), partition p1 values in (11,12,13,14,15,16,17,18,19,20), partition p2 values in (21,22,23,24,25,26,27,28,29,30), partition p3 values in (31,32,33,34,35,36,37,38,39,40), partition p4 values in (41,42,43,44,45,46,47,48,49,50), partition p5 values in (51,52,53,54,55,56,57,58,59,60) )
[1] 23:43:28,852 DEBUG SchemaChange - SQL_PARSE <- "alter table t55 partition by list/__MAXWELL__/ subpartition by hash/__MAXWELL__/ subpartitions 2  (partition p0 values in (1,2,3,4,5,6,7,8,9,10), partition p1 values in (11,12,13,14,15,16,17,18,19,20), partition p2 values in (21,22,23,24,25,26,27,28,29,30), partition p3 values in (31,32,33,34,35,36,37,38,39,40), partition p4 values in (41,42,43,44,45,46,47,48,49,50), partition p5 values in (51,52,53,54,55,56,57,58,59,60) )"
[1] 23:43:28,852 DEBUG SchemaChange - rewrote SQL to alter table t55 partition by list/__MAXWELL__/ subpartition by hash/__MAXWELL__/ subpartitions 2  (/__MAXWELL__/
[1] 23:43:28,852 DEBUG SchemaChange - SQL_PARSE <- "alter table t55 partition by list/__MAXWELL__/ subpartition by hash/__MAXWELL__/ subpartitions 2  (/__MAXWELL__/"
[1] 23:43:28,852 DEBUG SchemaChange - SQL_PARSE ->   (parse (statement (alter_table (alter_table_preamble alter table (table_name (name (id t55)))) (alter_specifications (alter_specification (table_creation_option (partition_by partition by (partition_by_what list (skip_parens /__MAXWELL__/)) (subpartition_by subpartition by (partition_by_what hash (skip_parens /__MAXWELL__/)) subpartitions 2) (partition_definitions ( (skip_parens_inside_partition_definitions /__MAXWELL__/)))))))) <EOF>)
[1] 23:43:28,852 DEBUG SchemaChange - SQL_PARSE <- "alter table t55 partition by list(colint) subpartition by hash(second(col1)) subpartitions 5  (partition p0 values in (1,2,3,4,5,6,7,8,9,10), partition p1 values in (11,12,13,14,15,16,17,18,19,20), partition p2 values in (21,22,23,24,25,26,27,28,29,30), partition p3 values in (31,32,33,34,35,36,37,38,39,40), partition p4 values in (41,42,43,44,45,46,47,48,49,50), partition p5 values in (51,52,53,54,55,56,57,58,59,60) )"
[1] 23:43:28,853 DEBUG SchemaChange - rewrote SQL to alter table t55 partition by list/__MAXWELL__/ subpartition by hash(second(col1)) subpartitions 5  (partition p0 values in (1,2,3,4,5,6,7,8,9,10), partition p1 values in (11,12,13,14,15,16,17,18,19,20), partition p2 values in (21,22,23,24,25,26,27,28,29,30), partition p3 values in (31,32,33,34,35,36,37,38,39,40), partition p4 values in (41,42,43,44,45,46,47,48,49,50), partition p5 values in (51,52,53,54,55,56,57,58,59,60) )
[1] 23:43:28,853 DEBUG SchemaChange - SQL_PARSE <- "alter table t55 partition by list/__MAXWELL__/ subpartition by hash(second(col1)) subpartitions 5  (partition p0 values in (1,2,3,4,5,6,7,8,9,10), partition p1 values in (11,12,13,14,15,16,17,18,19,20), partition p2 values in (21,22,23,24,25,26,27,28,29,30), partition p3 values in (31,32,33,34,35,36,37,38,39,40), partition p4 values in (41,42,43,44,45,46,47,48,49,50), partition p5 values in (51,52,53,54,55,56,57,58,59,60) )"
[1] 23:43:28,853 DEBUG SchemaChange - rewrote SQL to alter table t55 partition by list/__MAXWELL__/ subpartition by hash/__MAXWELL__/ subpartitions 5  (partition p0 values in (1,2,3,4,5,6,7,8,9,10), partition p1 values in (11,12,13,14,15,16,17,18,19,20), partition p2 values in (21,22,23,24,25,26,27,28,29,30), partition p3 values in (31,32,33,34,35,36,37,38,39,40), partition p4 values in (41,42,43,44,45,46,47,48,49,50), partition p5 values in (51,52,53,54,55,56,57,58,59,60) )
[1] 23:43:28,853 DEBUG SchemaChange - SQL_PARSE <- "alter table t55 partition by list/__MAXWELL__/ subpartition by hash/__MAXWELL__/ subpartitions 5  (partition p0 values in (1,2,3,4,5,6,7,8,9,10), partition p1 values in (11,12,13,14,15,16,17,18,19,20), partition p2 values in (21,22,23,24,25,26,27,28,29,30), partition p3 values in (31,32,33,34,35,36,37,38,39,40), partition p4 values in (41,42,43,44,45,46,47,48,49,50), partition p5 values in (51,52,53,54,55,56,57,58,59,60) )"
[1] 23:43:28,853 DEBUG SchemaChange - rewrote SQL to alter table t55 partition by list/__MAXWELL__/ subpartition by hash/__MAXWELL__/ subpartitions 5  (/__MAXWELL__/
[1] 23:43:28,853 DEBUG SchemaChange - SQL_PARSE <- "alter table t55 partition by list/__MAXWELL__/ subpartition by hash/__MAXWELL__/ subpartitions 5  (/__MAXWELL__/"
[1] 23:43:28,854 DEBUG SchemaChange - SQL_PARSE ->   (parse (statement (alter_table (alter_table_preamble alter table (table_name (name (id t55)))) (alter_specifications (alter_specification (table_creation_option (partition_by partition by (partition_by_what list (skip_parens /__MAXWELL__/)) (subpartition_by subpartition by (partition_by_what hash (skip_parens /__MAXWELL__/)) subpartitions 5) (partition_definitions ( (skip_parens_inside_partition_definitions /__MAXWELL__/)))))))) <EOF>)
[1] 23:43:28,854 DEBUG SchemaChange - SQL_PARSE <- "alter table t55 partition by list(colint) subpartition by hash(time_to_sec(col1)-(time_to_sec(col1)-20)) subpartitions 2  (partition p0 values in (1,2,3,4,5,6,7,8,9,10), partition p1 values in (11,12,13,14,15,16,17,18,19,20), partition p2 values in (21,22,23,24,25,26,27,28,29,30), partition p3 values in (31,32,33,34,35,36,37,38,39,40), partition p4 values in (41,42,43,44,45,46,47,48,49,50), partition p5 values in (51,52,53,54,55,56,57,58,59,60) )"
[1] 23:43:28,854 DEBUG SchemaChange - rewrote SQL to alter table t55 partition by list/__MAXWELL__/ subpartition by hash(time_to_sec(col1)-(time_to_sec(col1)-20)) subpartitions 2  (partition p0 values in (1,2,3,4,5,6,7,8,9,10), partition p1 values in (11,12,13,14,15,16,17,18,19,20), partition p2 values in (21,22,23,24,25,26,27,28,29,30), partition p3 values in (31,32,33,34,35,36,37,38,39,40), partition p4 values in (41,42,43,44,45,46,47,48,49,50), partition p5 values in (51,52,53,54,55,56,57,58,59,60) )
[1] 23:43:28,854 DEBUG SchemaChange - SQL_PARSE <- "alter table t55 partition by list/__MAXWELL__/ subpartition by hash(time_to_sec(col1)-(time_to_sec(col1)-20)) subpartitions 2  (partition p0 values in (1,2,3,4,5,6,7,8,9,10), partition p1 values in (11,12,13,14,15,16,17,18,19,20), partition p2 values in (21,22,23,24,25,26,27,28,29,30), partition p3 values in (31,32,33,34,35,36,37,38,39,40), partition p4 values in (41,42,43,44,45,46,47,48,49,50), partition p5 values in (51,52,53,54,55,56,57,58,59,60) )"
[1] 23:43:28,854 DEBUG SchemaChange - rewrote SQL to alter table t55 partition by list/__MAXWELL__/ subpartition by hash/__MAXWELL__/ subpartitions 2  (partition p0 values in (1,2,3,4,5,6,7,8,9,10), partition p1 values in (11,12,13,14,15,16,17,18,19,20), partition p2 values in (21,22,23,24,25,26,27,28,29,30), partition p3 values in (31,32,33,34,35,36,37,38,39,40), partition p4 values in (41,42,43,44,45,46,47,48,49,50), partition p5 values in (51,52,53,54,55,56,57,58,59,60) )
[1] 23:43:28,854 DEBUG SchemaChange - SQL_PARSE <- "alter table t55 partition by list/__MAXWELL__/ subpartition by hash/__MAXWELL__/ subpartitions 2  (partition p0 values in (1,2,3,4,5,6,7,8,9,10), partition p1 values in (11,12,13,14,15,16,17,18,19,20), partition p2 values in (21,22,23,24,25,26,27,28,29,30), partition p3 values in (31,32,33,34,35,36,37,38,39,40), partition p4 values in (41,42,43,44,45,46,47,48,49,50), partition p5 values in (51,52,53,54,55,56,57,58,59,60) )"
[1] 23:43:28,854 DEBUG SchemaChange - rewrote SQL to alter table t55 partition by list/__MAXWELL__/ subpartition by hash/__MAXWELL__/ subpartitions 2  (/__MAXWELL__/
[1] 23:43:28,854 DEBUG SchemaChange - SQL_PARSE <- "alter table t55 partition by list/__MAXWELL__/ subpartition by hash/__MAXWELL__/ subpartitions 2  (/__MAXWELL__/"
[1] 23:43:28,855 DEBUG SchemaChange - SQL_PARSE ->   (parse (statement (alter_table (alter_table_preamble alter table (table_name (name (id t55)))) (alter_specifications (alter_specification (table_creation_option (partition_by partition by (partition_by_what list (skip_parens /__MAXWELL__/)) (subpartition_by subpartition by (partition_by_what hash (skip_parens /__MAXWELL__/)) subpartitions 2) (partition_definitions ( (skip_parens_inside_partition_definitions /__MAXWELL__/)))))))) <EOF>)
[1] 23:43:28,855 DEBUG SchemaChange - SQL_PARSE <- "alter table t55 partition by list(colint) subpartition by hash(time_to_sec(col1)-(time_to_sec(col1)-20)) subpartitions 5  (partition p0 values in (1,2,3,4,5,6,7,8,9,10), partition p1 values in (11,12,13,14,15,16,17,18,19,20), partition p2 values in (21,22,23,24,25,26,27,28,29,30), partition p3 values in (31,32,33,34,35,36,37,38,39,40), partition p4 values in (41,42,43,44,45,46,47,48,49,50), partition p5 values in (51,52,53,54,55,56,57,58,59,60) )"
[1] 23:43:28,855 DEBUG SchemaChange - rewrote SQL to alter table t55 partition by list/__MAXWELL__/ subpartition by hash(time_to_sec(col1)-(time_to_sec(col1)-20)) subpartitions 5  (partition p0 values in (1,2,3,4,5,6,7,8,9,10), partition p1 values in (11,12,13,14,15,16,17,18,19,20), partition p2 values in (21,22,23,24,25,26,27,28,29,30), partition p3 values in (31,32,33,34,35,36,37,38,39,40), partition p4 values in (41,42,43,44,45,46,47,48,49,50), partition p5 values in (51,52,53,54,55,56,57,58,59,60) )
[1] 23:43:28,855 DEBUG SchemaChange - SQL_PARSE <- "alter table t55 partition by list/__MAXWELL__/ subpartition by hash(time_to_sec(col1)-(time_to_sec(col1)-20)) subpartitions 5  (partition p0 values in (1,2,3,4,5,6,7,8,9,10), partition p1 values in (11,12,13,14,15,16,17,18,19,20), partition p2 values in (21,22,23,24,25,26,27,28,29,30), partition p3 values in (31,32,33,34,35,36,37,38,39,40), partition p4 values in (41,42,43,44,45,46,47,48,49,50), partition p5 values in (51,52,53,54,55,56,57,58,59,60) )"
[1] 23:43:28,856 DEBUG SchemaChange - rewrote SQL to alter table t55 partition by list/__MAXWELL__/ subpartition by hash/__MAXWELL__/ subpartitions 5  (partition p0 values in (1,2,3,4,5,6,7,8,9,10), partition p1 values in (11,12,13,14,15,16,17,18,19,20), partition p2 values in (21,22,23,24,25,26,27,28,29,30), partition p3 values in (31,32,33,34,35,36,37,38,39,40), partition p4 values in (41,42,43,44,45,46,47,48,49,50), partition p5 values in (51,52,53,54,55,56,57,58,59,60) )
[1] 23:43:28,856 DEBUG SchemaChange - SQL_PARSE <- "alter table t55 partition by list/__MAXWELL__/ subpartition by hash/__MAXWELL__/ subpartitions 5  (partition p0 values in (1,2,3,4,5,6,7,8,9,10), partition p1 values in (11,12,13,14,15,16,17,18,19,20), partition p2 values in (21,22,23,24,25,26,27,28,29,30), partition p3 values in (31,32,33,34,35,36,37,38,39,40), partition p4 values in (41,42,43,44,45,46,47,48,49,50), partition p5 values in (51,52,53,54,55,56,57,58,59,60) )"
[1] 23:43:28,856 DEBUG SchemaChange - rewrote SQL to alter table t55 partition by list/__MAXWELL__/ subpartition by hash/__MAXWELL__/ subpartitions 5  (/__MAXWELL__/
[1] 23:43:28,856 DEBUG SchemaChange - SQL_PARSE <- "alter table t55 partition by list/__MAXWELL__/ subpartition by hash/__MAXWELL__/ subpartitions 5  (/__MAXWELL__/"
[1] 23:43:28,856 DEBUG SchemaChange - SQL_PARSE ->   (parse (statement (alter_table (alter_table_preamble alter table (table_name (name (id t55)))) (alter_specifications (alter_specification (table_creation_option (partition_by partition by (partition_by_what list (skip_parens /__MAXWELL__/)) (subpartition_by subpartition by (partition_by_what hash (skip_parens /__MAXWELL__/)) subpartitions 5) (partition_definitions ( (skip_parens_inside_partition_definitions /__MAXWELL__/)))))))) <EOF>)
[1] 23:43:28,856 DEBUG SchemaChange - SQL_PARSE <- "alter table t55 partition by list(colint) subpartition by hash(weekday(col1)) subpartitions 2  (partition p0 values in (1,2,3,4,5,6,7,8,9,10), partition p1 values in (11,12,13,14,15,16,17,18,19,20), partition p2 values in (21,22,23,24,25,26,27,28,29,30), partition p3 values in (31,32,33,34,35,36,37,38,39,40), partition p4 values in (41,42,43,44,45,46,47,48,49,50), partition p5 values in (51,52,53,54,55,56,57,58,59,60) )"
[1] 23:43:28,857 DEBUG SchemaChange - rewrote SQL to alter table t55 partition by list/__MAXWELL__/ subpartition by hash(weekday(col1)) subpartitions 2  (partition p0 values in (1,2,3,4,5,6,7,8,9,10), partition p1 values in (11,12,13,14,15,16,17,18,19,20), partition p2 values in (21,22,23,24,25,26,27,28,29,30), partition p3 values in (31,32,33,34,35,36,37,38,39,40), partition p4 values in (41,42,43,44,45,46,47,48,49,50), partition p5 values in (51,52,53,54,55,56,57,58,59,60) )
[1] 23:43:28,857 DEBUG SchemaChange - SQL_PARSE <- "alter table t55 partition by list/__MAXWELL__/ subpartition by hash(weekday(col1)) subpartitions 2  (partition p0 values in (1,2,3,4,5,6,7,8,9,10), partition p1 values in (11,12,13,14,15,16,17,18,19,20), partition p2 values in (21,22,23,24,25,26,27,28,29,30), partition p3 values in (31,32,33,34,35,36,37,38,39,40), partition p4 values in (41,42,43,44,45,46,47,48,49,50), partition p5 values in (51,52,53,54,55,56,57,58,59,60) )"
[1] 23:43:28,857 DEBUG SchemaChange - rewrote SQL to alter table t55 partition by list/__MAXWELL__/ subpartition by hash/__MAXWELL__/ subpartitions 2  (partition p0 values in (1,2,3,4,5,6,7,8,9,10), partition p1 values in (11,12,13,14,15,16,17,18,19,20), partition p2 values in (21,22,23,24,25,26,27,28,29,30), partition p3 values in (31,32,33,34,35,36,37,38,39,40), partition p4 values in (41,42,43,44,45,46,47,48,49,50), partition p5 values in (51,52,53,54,55,56,57,58,59,60) )
[1] 23:43:28,857 DEBUG SchemaChange - SQL_PARSE <- "alter table t55 partition by list/__MAXWELL__/ subpartition by hash/__MAXWELL__/ subpartitions 2  (partition p0 values in (1,2,3,4,5,6,7,8,9,10), partition p1 values in (11,12,13,14,15,16,17,18,19,20), partition p2 values in (21,22,23,24,25,26,27,28,29,30), partition p3 values in (31,32,33,34,35,36,37,38,39,40), partition p4 values in (41,42,43,44,45,46,47,48,49,50), partition p5 values in (51,52,53,54,55,56,57,58,59,60) )"
[1] 23:43:28,857 DEBUG SchemaChange - rewrote SQL to alter table t55 partition by list/__MAXWELL__/ subpartition by hash/__MAXWELL__/ subpartitions 2  (/__MAXWELL__/
[1] 23:43:28,857 DEBUG SchemaChange - SQL_PARSE <- "alter table t55 partition by list/__MAXWELL__/ subpartition by hash/__MAXWELL__/ subpartitions 2  (/__MAXWELL__/"
[1] 23:43:28,858 DEBUG SchemaChange - SQL_PARSE ->   (parse (statement (alter_table (alter_table_preamble alter table (table_name (name (id t55)))) (alter_specifications (alter_specification (table_creation_option (partition_by partition by (partition_by_what list (skip_parens /__MAXWELL__/)) (subpartition_by subpartition by (partition_by_what hash (skip_parens /__MAXWELL__/)) subpartitions 2) (partition_definitions ( (skip_parens_inside_partition_definitions /__MAXWELL__/)))))))) <EOF>)
[1] 23:43:28,858 DEBUG SchemaChange - SQL_PARSE <- "alter table t55 partition by list(colint) subpartition by hash(weekday(col1)) subpartitions 5  (partition p0 values in (1,2,3,4,5,6,7,8,9,10), partition p1 values in (11,12,13,14,15,16,17,18,19,20), partition p2 values in (21,22,23,24,25,26,27,28,29,30), partition p3 values in (31,32,33,34,35,36,37,38,39,40), partition p4 values in (41,42,43,44,45,46,47,48,49,50), partition p5 values in (51,52,53,54,55,56,57,58,59,60) )"
[1] 23:43:28,858 DEBUG SchemaChange - rewrote SQL to alter table t55 partition by list/__MAXWELL__/ subpartition by hash(weekday(col1)) subpartitions 5  (partition p0 values in (1,2,3,4,5,6,7,8,9,10), partition p1 values in (11,12,13,14,15,16,17,18,19,20), partition p2 values in (21,22,23,24,25,26,27,28,29,30), partition p3 values in (31,32,33,34,35,36,37,38,39,40), partition p4 values in (41,42,43,44,45,46,47,48,49,50), partition p5 values in (51,52,53,54,55,56,57,58,59,60) )
[1] 23:43:28,858 DEBUG SchemaChange - SQL_PARSE <- "alter table t55 partition by list/__MAXWELL__/ subpartition by hash(weekday(col1)) subpartitions 5  (partition p0 values in (1,2,3,4,5,6,7,8,9,10), partition p1 values in (11,12,13,14,15,16,17,18,19,20), partition p2 values in (21,22,23,24,25,26,27,28,29,30), partition p3 values in (31,32,33,34,35,36,37,38,39,40), partition p4 values in (41,42,43,44,45,46,47,48,49,50), partition p5 values in (51,52,53,54,55,56,57,58,59,60) )"
[1] 23:43:28,858 DEBUG SchemaChange - rewrote SQL to alter table t55 partition by list/__MAXWELL__/ subpartition by hash/__MAXWELL__/ subpartitions 5  (partition p0 values in (1,2,3,4,5,6,7,8,9,10), partition p1 values in (11,12,13,14,15,16,17,18,19,20), partition p2 values in (21,22,23,24,25,26,27,28,29,30), partition p3 values in (31,32,33,34,35,36,37,38,39,40), partition p4 values in (41,42,43,44,45,46,47,48,49,50), partition p5 values in (51,52,53,54,55,56,57,58,59,60) )
[1] 23:43:28,858 DEBUG SchemaChange - SQL_PARSE <- "alter table t55 partition by list/__MAXWELL__/ subpartition by hash/__MAXWELL__/ subpartitions 5  (partition p0 values in (1,2,3,4,5,6,7,8,9,10), partition p1 values in (11,12,13,14,15,16,17,18,19,20), partition p2 values in (21,22,23,24,25,26,27,28,29,30), partition p3 values in (31,32,33,34,35,36,37,38,39,40), partition p4 values in (41,42,43,44,45,46,47,48,49,50), partition p5 values in (51,52,53,54,55,56,57,58,59,60) )"
[1] 23:43:28,858 DEBUG SchemaChange - rewrote SQL to alter table t55 partition by list/__MAXWELL__/ subpartition by hash/__MAXWELL__/ subpartitions 5  (/__MAXWELL__/
[1] 23:43:28,858 DEBUG SchemaChange - SQL_PARSE <- "alter table t55 partition by list/__MAXWELL__/ subpartition by hash/__MAXWELL__/ subpartitions 5  (/__MAXWELL__/"
[1] 23:43:28,859 DEBUG SchemaChange - SQL_PARSE ->   (parse (statement (alter_table (alter_table_preamble alter table (table_name (name (id t55)))) (alter_specifications (alter_specification (table_creation_option (partition_by partition by (partition_by_what list (skip_parens /__MAXWELL__/)) (subpartition_by subpartition by (partition_by_what hash (skip_parens /__MAXWELL__/)) subpartitions 5) (partition_definitions ( (skip_parens_inside_partition_definitions /__MAXWELL__/)))))))) <EOF>)
[1] 23:43:28,859 DEBUG SchemaChange - SQL_PARSE <- "alter table t55 partition by list(colint) subpartition by hash(year(col1)-1990) subpartitions 2  (partition p0 values in (1,2,3,4,5,6,7,8,9,10), partition p1 values in (11,12,13,14,15,16,17,18,19,20), partition p2 values in (21,22,23,24,25,26,27,28,29,30), partition p3 values in (31,32,33,34,35,36,37,38,39,40), partition p4 values in (41,42,43,44,45,46,47,48,49,50), partition p5 values in (51,52,53,54,55,56,57,58,59,60) )"
[1] 23:43:28,859 DEBUG SchemaChange - rewrote SQL to alter table t55 partition by list/__MAXWELL__/ subpartition by hash(year(col1)-1990) subpartitions 2  (partition p0 values in (1,2,3,4,5,6,7,8,9,10), partition p1 values in (11,12,13,14,15,16,17,18,19,20), partition p2 values in (21,22,23,24,25,26,27,28,29,30), partition p3 values in (31,32,33,34,35,36,37,38,39,40), partition p4 values in (41,42,43,44,45,46,47,48,49,50), partition p5 values in (51,52,53,54,55,56,57,58,59,60) )
[1] 23:43:28,859 DEBUG SchemaChange - SQL_PARSE <- "alter table t55 partition by list/__MAXWELL__/ subpartition by hash(year(col1)-1990) subpartitions 2  (partition p0 values in (1,2,3,4,5,6,7,8,9,10), partition p1 values in (11,12,13,14,15,16,17,18,19,20), partition p2 values in (21,22,23,24,25,26,27,28,29,30), partition p3 values in (31,32,33,34,35,36,37,38,39,40), partition p4 values in (41,42,43,44,45,46,47,48,49,50), partition p5 values in (51,52,53,54,55,56,57,58,59,60) )"
[1] 23:43:28,860 DEBUG SchemaChange - rewrote SQL to alter table t55 partition by list/__MAXWELL__/ subpartition by hash/__MAXWELL__/ subpartitions 2  (partition p0 values in (1,2,3,4,5,6,7,8,9,10), partition p1 values in (11,12,13,14,15,16,17,18,19,20), partition p2 values in (21,22,23,24,25,26,27,28,29,30), partition p3 values in (31,32,33,34,35,36,37,38,39,40), partition p4 values in (41,42,43,44,45,46,47,48,49,50), partition p5 values in (51,52,53,54,55,56,57,58,59,60) )
[1] 23:43:28,860 DEBUG SchemaChange - SQL_PARSE <- "alter table t55 partition by list/__MAXWELL__/ subpartition by hash/__MAXWELL__/ subpartitions 2  (partition p0 values in (1,2,3,4,5,6,7,8,9,10), partition p1 values in (11,12,13,14,15,16,17,18,19,20), partition p2 values in (21,22,23,24,25,26,27,28,29,30), partition p3 values in (31,32,33,34,35,36,37,38,39,40), partition p4 values in (41,42,43,44,45,46,47,48,49,50), partition p5 values in (51,52,53,54,55,56,57,58,59,60) )"
[1] 23:43:28,860 DEBUG SchemaChange - rewrote SQL to alter table t55 partition by list/__MAXWELL__/ subpartition by hash/__MAXWELL__/ subpartitions 2  (/__MAXWELL__/
[1] 23:43:28,860 DEBUG SchemaChange - SQL_PARSE <- "alter table t55 partition by list/__MAXWELL__/ subpartition by hash/__MAXWELL__/ subpartitions 2  (/__MAXWELL__/"
[1] 23:43:28,860 DEBUG SchemaChange - SQL_PARSE ->   (parse (statement (alter_table (alter_table_preamble alter table (table_name (name (id t55)))) (alter_specifications (alter_specification (table_creation_option (partition_by partition by (partition_by_what list (skip_parens /__MAXWELL__/)) (subpartition_by subpartition by (partition_by_what hash (skip_parens /__MAXWELL__/)) subpartitions 2) (partition_definitions ( (skip_parens_inside_partition_definitions /__MAXWELL__/)))))))) <EOF>)
[1] 23:43:28,860 DEBUG SchemaChange - SQL_PARSE <- "alter table t55 partition by list(colint) subpartition by hash(year(col1)-1990) subpartitions 5  (partition p0 values in (1,2,3,4,5,6,7,8,9,10), partition p1 values in (11,12,13,14,15,16,17,18,19,20), partition p2 values in (21,22,23,24,25,26,27,28,29,30), partition p3 values in (31,32,33,34,35,36,37,38,39,40), partition p4 values in (41,42,43,44,45,46,47,48,49,50), partition p5 values in (51,52,53,54,55,56,57,58,59,60) )"
[1] 23:43:28,861 DEBUG SchemaChange - rewrote SQL to alter table t55 partition by list/__MAXWELL__/ subpartition by hash(year(col1)-1990) subpartitions 5  (partition p0 values in (1,2,3,4,5,6,7,8,9,10), partition p1 values in (11,12,13,14,15,16,17,18,19,20), partition p2 values in (21,22,23,24,25,26,27,28,29,30), partition p3 values in (31,32,33,34,35,36,37,38,39,40), partition p4 values in (41,42,43,44,45,46,47,48,49,50), partition p5 values in (51,52,53,54,55,56,57,58,59,60) )
[1] 23:43:28,861 DEBUG SchemaChange - SQL_PARSE <- "alter table t55 partition by list/__MAXWELL__/ subpartition by hash(year(col1)-1990) subpartitions 5  (partition p0 values in (1,2,3,4,5,6,7,8,9,10), partition p1 values in (11,12,13,14,15,16,17,18,19,20), partition p2 values in (21,22,23,24,25,26,27,28,29,30), partition p3 values in (31,32,33,34,35,36,37,38,39,40), partition p4 values in (41,42,43,44,45,46,47,48,49,50), partition p5 values in (51,52,53,54,55,56,57,58,59,60) )"
[1] 23:43:28,861 DEBUG SchemaChange - rewrote SQL to alter table t55 partition by list/__MAXWELL__/ subpartition by hash/__MAXWELL__/ subpartitions 5  (partition p0 values in (1,2,3,4,5,6,7,8,9,10), partition p1 values in (11,12,13,14,15,16,17,18,19,20), partition p2 values in (21,22,23,24,25,26,27,28,29,30), partition p3 values in (31,32,33,34,35,36,37,38,39,40), partition p4 values in (41,42,43,44,45,46,47,48,49,50), partition p5 values in (51,52,53,54,55,56,57,58,59,60) )
[1] 23:43:28,861 DEBUG SchemaChange - SQL_PARSE <- "alter table t55 partition by list/__MAXWELL__/ subpartition by hash/__MAXWELL__/ subpartitions 5  (partition p0 values in (1,2,3,4,5,6,7,8,9,10), partition p1 values in (11,12,13,14,15,16,17,18,19,20), partition p2 values in (21,22,23,24,25,26,27,28,29,30), partition p3 values in (31,32,33,34,35,36,37,38,39,40), partition p4 values in (41,42,43,44,45,46,47,48,49,50), partition p5 values in (51,52,53,54,55,56,57,58,59,60) )"
[1] 23:43:28,861 DEBUG SchemaChange - rewrote SQL to alter table t55 partition by list/__MAXWELL__/ subpartition by hash/__MAXWELL__/ subpartitions 5  (/__MAXWELL__/
[1] 23:43:28,861 DEBUG SchemaChange - SQL_PARSE <- "alter table t55 partition by list/__MAXWELL__/ subpartition by hash/__MAXWELL__/ subpartitions 5  (/__MAXWELL__/"
[1] 23:43:28,862 DEBUG SchemaChange - SQL_PARSE ->   (parse (statement (alter_table (alter_table_preamble alter table (table_name (name (id t55)))) (alter_specifications (alter_specification (table_creation_option (partition_by partition by (partition_by_what list (skip_parens /__MAXWELL__/)) (subpartition_by subpartition by (partition_by_what hash (skip_parens /__MAXWELL__/)) subpartitions 5) (partition_definitions ( (skip_parens_inside_partition_definitions /__MAXWELL__/)))))))) <EOF>)
[1] 23:43:28,862 DEBUG SchemaChange - SQL_PARSE <- "alter table t55 partition by list(colint) subpartition by hash(yearweek(col1)-200600) subpartitions 2  (partition p0 values in (1,2,3,4,5,6,7,8,9,10), partition p1 values in (11,12,13,14,15,16,17,18,19,20), partition p2 values in (21,22,23,24,25,26,27,28,29,30), partition p3 values in (31,32,33,34,35,36,37,38,39,40), partition p4 values in (41,42,43,44,45,46,47,48,49,50), partition p5 values in (51,52,53,54,55,56,57,58,59,60) )"
[1] 23:43:28,862 DEBUG SchemaChange - rewrote SQL to alter table t55 partition by list/__MAXWELL__/ subpartition by hash(yearweek(col1)-200600) subpartitions 2  (partition p0 values in (1,2,3,4,5,6,7,8,9,10), partition p1 values in (11,12,13,14,15,16,17,18,19,20), partition p2 values in (21,22,23,24,25,26,27,28,29,30), partition p3 values in (31,32,33,34,35,36,37,38,39,40), partition p4 values in (41,42,43,44,45,46,47,48,49,50), partition p5 values in (51,52,53,54,55,56,57,58,59,60) )
[1] 23:43:28,862 DEBUG SchemaChange - SQL_PARSE <- "alter table t55 partition by list/__MAXWELL__/ subpartition by hash(yearweek(col1)-200600) subpartitions 2  (partition p0 values in (1,2,3,4,5,6,7,8,9,10), partition p1 values in (11,12,13,14,15,16,17,18,19,20), partition p2 values in (21,22,23,24,25,26,27,28,29,30), partition p3 values in (31,32,33,34,35,36,37,38,39,40), partition p4 values in (41,42,43,44,45,46,47,48,49,50), partition p5 values in (51,52,53,54,55,56,57,58,59,60) )"
[1] 23:43:28,862 DEBUG SchemaChange - rewrote SQL to alter table t55 partition by list/__MAXWELL__/ subpartition by hash/__MAXWELL__/ subpartitions 2  (partition p0 values in (1,2,3,4,5,6,7,8,9,10), partition p1 values in (11,12,13,14,15,16,17,18,19,20), partition p2 values in (21,22,23,24,25,26,27,28,29,30), partition p3 values in (31,32,33,34,35,36,37,38,39,40), partition p4 values in (41,42,43,44,45,46,47,48,49,50), partition p5 values in (51,52,53,54,55,56,57,58,59,60) )
[1] 23:43:28,862 DEBUG SchemaChange - SQL_PARSE <- "alter table t55 partition by list/__MAXWELL__/ subpartition by hash/__MAXWELL__/ subpartitions 2  (partition p0 values in (1,2,3,4,5,6,7,8,9,10), partition p1 values in (11,12,13,14,15,16,17,18,19,20), partition p2 values in (21,22,23,24,25,26,27,28,29,30), partition p3 values in (31,32,33,34,35,36,37,38,39,40), partition p4 values in (41,42,43,44,45,46,47,48,49,50), partition p5 values in (51,52,53,54,55,56,57,58,59,60) )"
[1] 23:43:28,862 DEBUG SchemaChange - rewrote SQL to alter table t55 partition by list/__MAXWELL__/ subpartition by hash/__MAXWELL__/ subpartitions 2  (/__MAXWELL__/
[1] 23:43:28,862 DEBUG SchemaChange - SQL_PARSE <- "alter table t55 partition by list/__MAXWELL__/ subpartition by hash/__MAXWELL__/ subpartitions 2  (/__MAXWELL__/"
[1] 23:43:28,863 DEBUG SchemaChange - SQL_PARSE ->   (parse (statement (alter_table (alter_table_preamble alter table (table_name (name (id t55)))) (alter_specifications (alter_specification (table_creation_option (partition_by partition by (partition_by_what list (skip_parens /__MAXWELL__/)) (subpartition_by subpartition by (partition_by_what hash (skip_parens /__MAXWELL__/)) subpartitions 2) (partition_definitions ( (skip_parens_inside_partition_definitions /__MAXWELL__/)))))))) <EOF>)
[1] 23:43:28,863 DEBUG SchemaChange - SQL_PARSE <- "alter table t55 partition by list(colint) subpartition by hash(yearweek(col1)-200600) subpartitions 5  (partition p0 values in (1,2,3,4,5,6,7,8,9,10), partition p1 values in (11,12,13,14,15,16,17,18,19,20), partition p2 values in (21,22,23,24,25,26,27,28,29,30), partition p3 values in (31,32,33,34,35,36,37,38,39,40), partition p4 values in (41,42,43,44,45,46,47,48,49,50), partition p5 values in (51,52,53,54,55,56,57,58,59,60) )"
[1] 23:43:28,863 DEBUG SchemaChange - rewrote SQL to alter table t55 partition by list/__MAXWELL__/ subpartition by hash(yearweek(col1)-200600) subpartitions 5  (partition p0 values in (1,2,3,4,5,6,7,8,9,10), partition p1 values in (11,12,13,14,15,16,17,18,19,20), partition p2 values in (21,22,23,24,25,26,27,28,29,30), partition p3 values in (31,32,33,34,35,36,37,38,39,40), partition p4 values in (41,42,43,44,45,46,47,48,49,50), partition p5 values in (51,52,53,54,55,56,57,58,59,60) )
[1] 23:43:28,863 DEBUG SchemaChange - SQL_PARSE <- "alter table t55 partition by list/__MAXWELL__/ subpartition by hash(yearweek(col1)-200600) subpartitions 5  (partition p0 values in (1,2,3,4,5,6,7,8,9,10), partition p1 values in (11,12,13,14,15,16,17,18,19,20), partition p2 values in (21,22,23,24,25,26,27,28,29,30), partition p3 values in (31,32,33,34,35,36,37,38,39,40), partition p4 values in (41,42,43,44,45,46,47,48,49,50), partition p5 values in (51,52,53,54,55,56,57,58,59,60) )"
[1] 23:43:28,863 DEBUG SchemaChange - rewrote SQL to alter table t55 partition by list/__MAXWELL__/ subpartition by hash/__MAXWELL__/ subpartitions 5  (partition p0 values in (1,2,3,4,5,6,7,8,9,10), partition p1 values in (11,12,13,14,15,16,17,18,19,20), partition p2 values in (21,22,23,24,25,26,27,28,29,30), partition p3 values in (31,32,33,34,35,36,37,38,39,40), partition p4 values in (41,42,43,44,45,46,47,48,49,50), partition p5 values in (51,52,53,54,55,56,57,58,59,60) )
[1] 23:43:28,863 DEBUG SchemaChange - SQL_PARSE <- "alter table t55 partition by list/__MAXWELL__/ subpartition by hash/__MAXWELL__/ subpartitions 5  (partition p0 values in (1,2,3,4,5,6,7,8,9,10), partition p1 values in (11,12,13,14,15,16,17,18,19,20), partition p2 values in (21,22,23,24,25,26,27,28,29,30), partition p3 values in (31,32,33,34,35,36,37,38,39,40), partition p4 values in (41,42,43,44,45,46,47,48,49,50), partition p5 values in (51,52,53,54,55,56,57,58,59,60) )"
[1] 23:43:28,864 DEBUG SchemaChange - rewrote SQL to alter table t55 partition by list/__MAXWELL__/ subpartition by hash/__MAXWELL__/ subpartitions 5  (/__MAXWELL__/
[1] 23:43:28,864 DEBUG SchemaChange - SQL_PARSE <- "alter table t55 partition by list/__MAXWELL__/ subpartition by hash/__MAXWELL__/ subpartitions 5  (/__MAXWELL__/"
[1] 23:43:28,864 DEBUG SchemaChange - SQL_PARSE ->   (parse (statement (alter_table (alter_table_preamble alter table (table_name (name (id t55)))) (alter_specifications (alter_specification (table_creation_option (partition_by partition by (partition_by_what list (skip_parens /__MAXWELL__/)) (subpartition_by subpartition by (partition_by_what hash (skip_parens /__MAXWELL__/)) subpartitions 5) (partition_definitions ( (skip_parens_inside_partition_definitions /__MAXWELL__/)))))))) <EOF>)
[1] 23:43:28,864 DEBUG SchemaChange - SQL_PARSE <- "alter table t6 drop partition p0"
[1] 23:43:28,864 DEBUG SchemaChange - SQL_PARSE ->   (parse (statement (alter_table (alter_table_preamble alter table (table_name (name (id t6)))) (alter_partition_specification drop partition (partition_names (id p0))))) <EOF>)
[1] 23:43:28,864 DEBUG SchemaChange - SQL_PARSE <- "alter table t66 drop partition p0"
[1] 23:43:28,864 DEBUG SchemaChange - SQL_PARSE ->   (parse (statement (alter_table (alter_table_preamble alter table (table_name (name (id t66)))) (alter_partition_specification drop partition (partition_names (id p0))))) <EOF>)
[1] 23:43:28,864 DEBUG SchemaChange - SQL_PARSE <- "alter table t66 partition by range(colint)  (partition p0 values less than (abs(15)), partition p1 values less than maxvalue)"
[1] 23:43:28,865 DEBUG SchemaChange - rewrote SQL to alter table t66 partition by range/__MAXWELL__/  (partition p0 values less than (abs(15)), partition p1 values less than maxvalue)
[1] 23:43:28,865 DEBUG SchemaChange - SQL_PARSE <- "alter table t66 partition by range/__MAXWELL__/  (partition p0 values less than (abs(15)), partition p1 values less than maxvalue)"
[1] 23:43:28,865 DEBUG SchemaChange - rewrote SQL to alter table t66 partition by range/__MAXWELL__/  (/__MAXWELL__/
[1] 23:43:28,865 DEBUG SchemaChange - SQL_PARSE <- "alter table t66 partition by range/__MAXWELL__/  (/__MAXWELL__/"
[1] 23:43:28,865 DEBUG SchemaChange - SQL_PARSE ->   (parse (statement (alter_table (alter_table_preamble alter table (table_name (name (id t66)))) (alter_specifications (alter_specification (table_creation_option (partition_by partition by (partition_by_what range (skip_parens /__MAXWELL__/)) (partition_definitions ( (skip_parens_inside_partition_definitions /__MAXWELL__/)))))))) <EOF>)
[1] 23:43:28,865 DEBUG SchemaChange - SQL_PARSE <- "alter table t66 partition by range(colint)  (partition p0 values less than (day('2006-12-21')), partition p1 values less than maxvalue)"
[1] 23:43:28,865 DEBUG SchemaChange - rewrote SQL to alter table t66 partition by range/__MAXWELL__/  (partition p0 values less than (day('2006-12-21')), partition p1 values less than maxvalue)
[1] 23:43:28,865 DEBUG SchemaChange - SQL_PARSE <- "alter table t66 partition by range/__MAXWELL__/  (partition p0 values less than (day('2006-12-21')), partition p1 values less than maxvalue)"
[1] 23:43:28,865 DEBUG SchemaChange - rewrote SQL to alter table t66 partition by range/__MAXWELL__/  (/__MAXWELL__/
[1] 23:43:28,865 DEBUG SchemaChange - SQL_PARSE <- "alter table t66 partition by range/__MAXWELL__/  (/__MAXWELL__/"
[1] 23:43:28,866 DEBUG SchemaChange - SQL_PARSE ->   (parse (statement (alter_table (alter_table_preamble alter table (table_name (name (id t66)))) (alter_specifications (alter_specification (table_creation_option (partition_by partition by (partition_by_what range (skip_parens /__MAXWELL__/)) (partition_definitions ( (skip_parens_inside_partition_definitions /__MAXWELL__/)))))))) <EOF>)
[1] 23:43:28,866 DEBUG SchemaChange - SQL_PARSE <- "alter table t66 partition by range(colint)  (partition p0 values less than (dayofmonth('2006-12-24')), partition p1 values less than maxvalue)"
[1] 23:43:28,866 DEBUG SchemaChange - rewrote SQL to alter table t66 partition by range/__MAXWELL__/  (partition p0 values less than (dayofmonth('2006-12-24')), partition p1 values less than maxvalue)
[1] 23:43:28,866 DEBUG SchemaChange - SQL_PARSE <- "alter table t66 partition by range/__MAXWELL__/  (partition p0 values less than (dayofmonth('2006-12-24')), partition p1 values less than maxvalue)"
[1] 23:43:28,866 DEBUG SchemaChange - rewrote SQL to alter table t66 partition by range/__MAXWELL__/  (/__MAXWELL__/
[1] 23:43:28,866 DEBUG SchemaChange - SQL_PARSE <- "alter table t66 partition by range/__MAXWELL__/  (/__MAXWELL__/"
[1] 23:43:28,866 DEBUG SchemaChange - SQL_PARSE ->   (parse (statement (alter_table (alter_table_preamble alter table (table_name (name (id t66)))) (alter_specifications (alter_specification (table_creation_option (partition_by partition by (partition_by_what range (skip_parens /__MAXWELL__/)) (partition_definitions ( (skip_parens_inside_partition_definitions /__MAXWELL__/)))))))) <EOF>)
[1] 23:43:28,866 DEBUG SchemaChange - SQL_PARSE <- "alter table t66 partition by range(colint)  (partition p0 values less than (dayofweek('2006-12-24')), partition p1 values less than maxvalue)"
[1] 23:43:28,867 DEBUG SchemaChange - rewrote SQL to alter table t66 partition by range/__MAXWELL__/  (partition p0 values less than (dayofweek('2006-12-24')), partition p1 values less than maxvalue)
[1] 23:43:28,867 DEBUG SchemaChange - SQL_PARSE <- "alter table t66 partition by range/__MAXWELL__/  (partition p0 values less than (dayofweek('2006-12-24')), partition p1 values less than maxvalue)"
[1] 23:43:28,867 DEBUG SchemaChange - rewrote SQL to alter table t66 partition by range/__MAXWELL__/  (/__MAXWELL__/
[1] 23:43:28,867 DEBUG SchemaChange - SQL_PARSE <- "alter table t66 partition by range/__MAXWELL__/  (/__MAXWELL__/"
[1] 23:43:28,867 DEBUG SchemaChange - SQL_PARSE ->   (parse (statement (alter_table (alter_table_preamble alter table (table_name (name (id t66)))) (alter_specifications (alter_specification (table_creation_option (partition_by partition by (partition_by_what range (skip_parens /__MAXWELL__/)) (partition_definitions ( (skip_parens_inside_partition_definitions /__MAXWELL__/)))))))) <EOF>)
[1] 23:43:28,867 DEBUG SchemaChange - SQL_PARSE <- "alter table t66 partition by range(colint)  (partition p0 values less than (dayofyear('2006-12-25')), partition p1 values less than maxvalue)"
[1] 23:43:28,867 DEBUG SchemaChange - rewrote SQL to alter table t66 partition by range/__MAXWELL__/  (partition p0 values less than (dayofyear('2006-12-25')), partition p1 values less than maxvalue)
[1] 23:43:28,867 DEBUG SchemaChange - SQL_PARSE <- "alter table t66 partition by range/__MAXWELL__/  (partition p0 values less than (dayofyear('2006-12-25')), partition p1 values less than maxvalue)"
[1] 23:43:28,867 DEBUG SchemaChange - rewrote SQL to alter table t66 partition by range/__MAXWELL__/  (/__MAXWELL__/
[1] 23:43:28,867 DEBUG SchemaChange - SQL_PARSE <- "alter table t66 partition by range/__MAXWELL__/  (/__MAXWELL__/"
[1] 23:43:28,868 DEBUG SchemaChange - SQL_PARSE ->   (parse (statement (alter_table (alter_table_preamble alter table (table_name (name (id t66)))) (alter_specifications (alter_specification (table_creation_option (partition_by partition by (partition_by_what range (skip_parens /__MAXWELL__/)) (partition_definitions ( (skip_parens_inside_partition_definitions /__MAXWELL__/)))))))) <EOF>)
[1] 23:43:28,868 DEBUG SchemaChange - SQL_PARSE <- "alter table t66 partition by range(colint)  (partition p0 values less than (extract(year from '1998-11-23')), partition p1 values less than maxvalue)"
[1] 23:43:28,868 DEBUG SchemaChange - rewrote SQL to alter table t66 partition by range/__MAXWELL__/  (partition p0 values less than (extract(year from '1998-11-23')), partition p1 values less than maxvalue)
[1] 23:43:28,868 DEBUG SchemaChange - SQL_PARSE <- "alter table t66 partition by range/__MAXWELL__/  (partition p0 values less than (extract(year from '1998-11-23')), partition p1 values less than maxvalue)"
[1] 23:43:28,868 DEBUG SchemaChange - rewrote SQL to alter table t66 partition by range/__MAXWELL__/  (/__MAXWELL__/
[1] 23:43:28,868 DEBUG SchemaChange - SQL_PARSE <- "alter table t66 partition by range/__MAXWELL__/  (/__MAXWELL__/"
[1] 23:43:28,868 DEBUG SchemaChange - SQL_PARSE ->   (parse (statement (alter_table (alter_table_preamble alter table (table_name (name (id t66)))) (alter_specifications (alter_specification (table_creation_option (partition_by partition by (partition_by_what range (skip_parens /__MAXWELL__/)) (partition_definitions ( (skip_parens_inside_partition_definitions /__MAXWELL__/)))))))) <EOF>)
[1] 23:43:28,868 DEBUG SchemaChange - SQL_PARSE <- "alter table t66 partition by range(colint)  (partition p0 values less than (hour('18:30')), partition p1 values less than maxvalue)"
[1] 23:43:28,868 DEBUG SchemaChange - rewrote SQL to alter table t66 partition by range/__MAXWELL__/  (partition p0 values less than (hour('18:30')), partition p1 values less than maxvalue)
[1] 23:43:28,868 DEBUG SchemaChange - SQL_PARSE <- "alter table t66 partition by range/__MAXWELL__/  (partition p0 values less than (hour('18:30')), partition p1 values less than maxvalue)"
[1] 23:43:28,869 DEBUG SchemaChange - rewrote SQL to alter table t66 partition by range/__MAXWELL__/  (/__MAXWELL__/
[1] 23:43:28,869 DEBUG SchemaChange - SQL_PARSE <- "alter table t66 partition by range/__MAXWELL__/  (/__MAXWELL__/"
[1] 23:43:28,869 DEBUG SchemaChange - SQL_PARSE ->   (parse (statement (alter_table (alter_table_preamble alter table (table_name (name (id t66)))) (alter_specifications (alter_specification (table_creation_option (partition_by partition by (partition_by_what range (skip_parens /__MAXWELL__/)) (partition_definitions ( (skip_parens_inside_partition_definitions /__MAXWELL__/)))))))) <EOF>)
[1] 23:43:28,869 DEBUG SchemaChange - SQL_PARSE <- "alter table t66 partition by range(colint)  (partition p0 values less than (microsecond('10:30:10.000010')), partition p1 values less than maxvalue)"
[1] 23:43:28,869 DEBUG SchemaChange - rewrote SQL to alter table t66 partition by range/__MAXWELL__/  (partition p0 values less than (microsecond('10:30:10.000010')), partition p1 values less than maxvalue)
[1] 23:43:28,869 DEBUG SchemaChange - SQL_PARSE <- "alter table t66 partition by range/__MAXWELL__/  (partition p0 values less than (microsecond('10:30:10.000010')), partition p1 values less than maxvalue)"
[1] 23:43:28,869 DEBUG SchemaChange - rewrote SQL to alter table t66 partition by range/__MAXWELL__/  (/__MAXWELL__/
[1] 23:43:28,869 DEBUG SchemaChange - SQL_PARSE <- "alter table t66 partition by range/__MAXWELL__/  (/__MAXWELL__/"
[1] 23:43:28,870 DEBUG SchemaChange - SQL_PARSE ->   (parse (statement (alter_table (alter_table_preamble alter table (table_name (name (id t66)))) (alter_specifications (alter_specification (table_creation_option (partition_by partition by (partition_by_what range (skip_parens /__MAXWELL__/)) (partition_definitions ( (skip_parens_inside_partition_definitions /__MAXWELL__/)))))))) <EOF>)
[1] 23:43:28,870 DEBUG SchemaChange - SQL_PARSE <- "alter table t66 partition by range(colint)  (partition p0 values less than (minute('18:30')), partition p1 values less than maxvalue)"
[1] 23:43:28,870 DEBUG SchemaChange - rewrote SQL to alter table t66 partition by range/__MAXWELL__/  (partition p0 values less than (minute('18:30')), partition p1 values less than maxvalue)
[1] 23:43:28,870 DEBUG SchemaChange - SQL_PARSE <- "alter table t66 partition by range/__MAXWELL__/  (partition p0 values less than (minute('18:30')), partition p1 values less than maxvalue)"
[1] 23:43:28,870 DEBUG SchemaChange - rewrote SQL to alter table t66 partition by range/__MAXWELL__/  (/__MAXWELL__/
[1] 23:43:28,870 DEBUG SchemaChange - SQL_PARSE <- "alter table t66 partition by range/__MAXWELL__/  (/__MAXWELL__/"
[1] 23:43:28,870 DEBUG SchemaChange - SQL_PARSE ->   (parse (statement (alter_table (alter_table_preamble alter table (table_name (name (id t66)))) (alter_specifications (alter_specification (table_creation_option (partition_by partition by (partition_by_what range (skip_parens /__MAXWELL__/)) (partition_definitions ( (skip_parens_inside_partition_definitions /__MAXWELL__/)))))))) <EOF>)
[1] 23:43:28,870 DEBUG SchemaChange - SQL_PARSE <- "alter table t66 partition by range(colint)  (partition p0 values less than (mod(15,10)), partition p1 values less than maxvalue)"
[1] 23:43:28,870 DEBUG SchemaChange - rewrote SQL to alter table t66 partition by range/__MAXWELL__/  (partition p0 values less than (mod(15,10)), partition p1 values less than maxvalue)
[1] 23:43:28,870 DEBUG SchemaChange - SQL_PARSE <- "alter table t66 partition by range/__MAXWELL__/  (partition p0 values less than (mod(15,10)), partition p1 values less than maxvalue)"
[1] 23:43:28,871 DEBUG SchemaChange - rewrote SQL to alter table t66 partition by range/__MAXWELL__/  (/__MAXWELL__/
[1] 23:43:28,871 DEBUG SchemaChange - SQL_PARSE <- "alter table t66 partition by range/__MAXWELL__/  (/__MAXWELL__/"
[1] 23:43:28,871 DEBUG SchemaChange - SQL_PARSE ->   (parse (statement (alter_table (alter_table_preamble alter table (table_name (name (id t66)))) (alter_specifications (alter_specification (table_creation_option (partition_by partition by (partition_by_what range (skip_parens /__MAXWELL__/)) (partition_definitions ( (skip_parens_inside_partition_definitions /__MAXWELL__/)))))))) <EOF>)
[1] 23:43:28,871 DEBUG SchemaChange - SQL_PARSE <- "alter table t66 partition by range(colint)  (partition p0 values less than (month('2006-10-14')), partition p1 values less than maxvalue)"
[1] 23:43:28,871 DEBUG SchemaChange - rewrote SQL to alter table t66 partition by range/__MAXWELL__/  (partition p0 values less than (month('2006-10-14')), partition p1 values less than maxvalue)
[1] 23:43:28,871 DEBUG SchemaChange - SQL_PARSE <- "alter table t66 partition by range/__MAXWELL__/  (partition p0 values less than (month('2006-10-14')), partition p1 values less than maxvalue)"
[1] 23:43:28,871 DEBUG SchemaChange - rewrote SQL to alter table t66 partition by range/__MAXWELL__/  (/__MAXWELL__/
[1] 23:43:28,871 DEBUG SchemaChange - SQL_PARSE <- "alter table t66 partition by range/__MAXWELL__/  (/__MAXWELL__/"
[1] 23:43:28,872 DEBUG SchemaChange - SQL_PARSE ->   (parse (statement (alter_table (alter_table_preamble alter table (table_name (name (id t66)))) (alter_specifications (alter_specification (table_creation_option (partition_by partition by (partition_by_what range (skip_parens /__MAXWELL__/)) (partition_definitions ( (skip_parens_inside_partition_definitions /__MAXWELL__/)))))))) <EOF>)
[1] 23:43:28,872 DEBUG SchemaChange - SQL_PARSE <- "alter table t66 partition by range(colint)  (partition p0 values less than (quarter('2006-10-14')), partition p1 values less than maxvalue)"
[1] 23:43:28,872 DEBUG SchemaChange - rewrote SQL to alter table t66 partition by range/__MAXWELL__/  (partition p0 values less than (quarter('2006-10-14')), partition p1 values less than maxvalue)
[1] 23:43:28,872 DEBUG SchemaChange - SQL_PARSE <- "alter table t66 partition by range/__MAXWELL__/  (partition p0 values less than (quarter('2006-10-14')), partition p1 values less than maxvalue)"
[1] 23:43:28,872 DEBUG SchemaChange - rewrote SQL to alter table t66 partition by range/__MAXWELL__/  (/__MAXWELL__/
[1] 23:43:28,872 DEBUG SchemaChange - SQL_PARSE <- "alter table t66 partition by range/__MAXWELL__/  (/__MAXWELL__/"
[1] 23:43:28,872 DEBUG SchemaChange - SQL_PARSE ->   (parse (statement (alter_table (alter_table_preamble alter table (table_name (name (id t66)))) (alter_specifications (alter_specification (table_creation_option (partition_by partition by (partition_by_what range (skip_parens /__MAXWELL__/)) (partition_definitions ( (skip_parens_inside_partition_definitions /__MAXWELL__/)))))))) <EOF>)
[1] 23:43:28,872 DEBUG SchemaChange - SQL_PARSE <- "alter table t66 partition by range(colint)  (partition p0 values less than (second('18:30:14')), partition p1 values less than maxvalue)"
[1] 23:43:28,872 DEBUG SchemaChange - rewrote SQL to alter table t66 partition by range/__MAXWELL__/  (partition p0 values less than (second('18:30:14')), partition p1 values less than maxvalue)
[1] 23:43:28,872 DEBUG SchemaChange - SQL_PARSE <- "alter table t66 partition by range/__MAXWELL__/  (partition p0 values less than (second('18:30:14')), partition p1 values less than maxvalue)"
[1] 23:43:28,873 DEBUG SchemaChange - rewrote SQL to alter table t66 partition by range/__MAXWELL__/  (/__MAXWELL__/
[1] 23:43:28,873 DEBUG SchemaChange - SQL_PARSE <- "alter table t66 partition by range/__MAXWELL__/  (/__MAXWELL__/"
[1] 23:43:28,873 DEBUG SchemaChange - SQL_PARSE ->   (parse (statement (alter_table (alter_table_preamble alter table (table_name (name (id t66)))) (alter_specifications (alter_specification (table_creation_option (partition_by partition by (partition_by_what range (skip_parens /__MAXWELL__/)) (partition_definitions ( (skip_parens_inside_partition_definitions /__MAXWELL__/)))))))) <EOF>)
[1] 23:43:28,873 DEBUG SchemaChange - SQL_PARSE <- "alter table t66 partition by range(colint)  (partition p0 values less than (time_to_sec('18:30:14')-(time_to_sec('17:59:59'))), partition p1 values less than maxvalue)"
[1] 23:43:28,873 DEBUG SchemaChange - rewrote SQL to alter table t66 partition by range/__MAXWELL__/  (partition p0 values less than (time_to_sec('18:30:14')-(time_to_sec('17:59:59'))), partition p1 values less than maxvalue)
[1] 23:43:28,873 DEBUG SchemaChange - SQL_PARSE <- "alter table t66 partition by range/__MAXWELL__/  (partition p0 values less than (time_to_sec('18:30:14')-(time_to_sec('17:59:59'))), partition p1 values less than maxvalue)"
[1] 23:43:28,873 DEBUG SchemaChange - rewrote SQL to alter table t66 partition by range/__MAXWELL__/  (/__MAXWELL__/
[1] 23:43:28,873 DEBUG SchemaChange - SQL_PARSE <- "alter table t66 partition by range/__MAXWELL__/  (/__MAXWELL__/"
[1] 23:43:28,874 DEBUG SchemaChange - SQL_PARSE ->   (parse (statement (alter_table (alter_table_preamble alter table (table_name (name (id t66)))) (alter_specifications (alter_specification (table_creation_option (partition_by partition by (partition_by_what range (skip_parens /__MAXWELL__/)) (partition_definitions ( (skip_parens_inside_partition_definitions /__MAXWELL__/)))))))) <EOF>)
[1] 23:43:28,874 DEBUG SchemaChange - SQL_PARSE <- "alter table t66 partition by range(colint)  (partition p0 values less than (weekday('2006-10-14')), partition p1 values less than maxvalue)"
[1] 23:43:28,874 DEBUG SchemaChange - rewrote SQL to alter table t66 partition by range/__MAXWELL__/  (partition p0 values less than (weekday('2006-10-14')), partition p1 values less than maxvalue)
[1] 23:43:28,874 DEBUG SchemaChange - SQL_PARSE <- "alter table t66 partition by range/__MAXWELL__/  (partition p0 values less than (weekday('2006-10-14')), partition p1 values less than maxvalue)"
[1] 23:43:28,874 DEBUG SchemaChange - rewrote SQL to alter table t66 partition by range/__MAXWELL__/  (/__MAXWELL__/
[1] 23:43:28,874 DEBUG SchemaChange - SQL_PARSE <- "alter table t66 partition by range/__MAXWELL__/  (/__MAXWELL__/"
[1] 23:43:28,874 DEBUG SchemaChange - SQL_PARSE ->   (parse (statement (alter_table (alter_table_preamble alter table (table_name (name (id t66)))) (alter_specifications (alter_specification (table_creation_option (partition_by partition by (partition_by_what range (skip_parens /__MAXWELL__/)) (partition_definitions ( (skip_parens_inside_partition_definitions /__MAXWELL__/)))))))) <EOF>)
[1] 23:43:28,874 DEBUG SchemaChange - SQL_PARSE <- "alter table t66 partition by range(colint)  (partition p0 values less than (year('2005-10-14')-1990), partition p1 values less than maxvalue)"
[1] 23:43:28,874 DEBUG SchemaChange - rewrote SQL to alter table t66 partition by range/__MAXWELL__/  (partition p0 values less than (year('2005-10-14')-1990), partition p1 values less than maxvalue)
[1] 23:43:28,874 DEBUG SchemaChange - SQL_PARSE <- "alter table t66 partition by range/__MAXWELL__/  (partition p0 values less than (year('2005-10-14')-1990), partition p1 values less than maxvalue)"
[1] 23:43:28,875 DEBUG SchemaChange - rewrote SQL to alter table t66 partition by range/__MAXWELL__/  (/__MAXWELL__/
[1] 23:43:28,875 DEBUG SchemaChange - SQL_PARSE <- "alter table t66 partition by range/__MAXWELL__/  (/__MAXWELL__/"
[1] 23:43:28,875 DEBUG SchemaChange - SQL_PARSE ->   (parse (statement (alter_table (alter_table_preamble alter table (table_name (name (id t66)))) (alter_specifications (alter_specification (table_creation_option (partition_by partition by (partition_by_what range (skip_parens /__MAXWELL__/)) (partition_definitions ( (skip_parens_inside_partition_definitions /__MAXWELL__/)))))))) <EOF>)
[1] 23:43:28,875 DEBUG SchemaChange - SQL_PARSE <- "alter table t66 partition by range(colint)  (partition p0 values less than (yearweek('2006-10-14')-200600), partition p1 values less than maxvalue)"
[1] 23:43:28,876 DEBUG SchemaChange - rewrote SQL to alter table t66 partition by range/__MAXWELL__/  (partition p0 values less than (yearweek('2006-10-14')-200600), partition p1 values less than maxvalue)
[1] 23:43:28,876 DEBUG SchemaChange - SQL_PARSE <- "alter table t66 partition by range/__MAXWELL__/  (partition p0 values less than (yearweek('2006-10-14')-200600), partition p1 values less than maxvalue)"
[1] 23:43:28,876 DEBUG SchemaChange - rewrote SQL to alter table t66 partition by range/__MAXWELL__/  (/__MAXWELL__/
[1] 23:43:28,876 DEBUG SchemaChange - SQL_PARSE <- "alter table t66 partition by range/__MAXWELL__/  (/__MAXWELL__/"
[1] 23:43:28,876 DEBUG SchemaChange - SQL_PARSE ->   (parse (statement (alter_table (alter_table_preamble alter table (table_name (name (id t66)))) (alter_specifications (alter_specification (table_creation_option (partition_by partition by (partition_by_what range (skip_parens /__MAXWELL__/)) (partition_definitions ( (skip_parens_inside_partition_definitions /__MAXWELL__/)))))))) <EOF>)
[1] 23:43:28,876 DEBUG SchemaChange - SQL_PARSE <- "alter table t66 reorganize partition p0,p1 into (partition s1 values less than maxvalue)"
[1] 23:43:28,876 DEBUG SchemaChange - rewrote SQL to alter table t66 reorganize partition p0,p1 into /__MAXWELL__/
[1] 23:43:28,876 DEBUG SchemaChange - SQL_PARSE <- "alter table t66 reorganize partition p0,p1 into /__MAXWELL__/"
[1] 23:43:28,876 DEBUG SchemaChange - SQL_PARSE ->   (parse (statement (alter_table (alter_table_preamble alter table (table_name (name (id t66)))) (alter_partition_specification reorganize partition (partition_names (id p0) , (id p1)) into (skip_parens /__MAXWELL__/)))) <EOF>)
[1] 23:43:28,876 DEBUG SchemaChange - SQL_PARSE <- "alter table t66 reorganize partition s1 into (partition p0 values less than (abs(15)), partition p1 values less than maxvalue)"
[1] 23:43:28,877 DEBUG SchemaChange - rewrote SQL to alter table t66 reorganize partition s1 into /__MAXWELL__/
[1] 23:43:28,877 DEBUG SchemaChange - SQL_PARSE <- "alter table t66 reorganize partition s1 into /__MAXWELL__/"
[1] 23:43:28,877 DEBUG SchemaChange - SQL_PARSE ->   (parse (statement (alter_table (alter_table_preamble alter table (table_name (name (id t66)))) (alter_partition_specification reorganize partition (partition_names (id s1)) into (skip_parens /__MAXWELL__/)))) <EOF>)
[1] 23:43:28,877 DEBUG SchemaChange - SQL_PARSE <- "alter table t66 reorganize partition s1 into (partition p0 values less than (day('2006-12-21')), partition p1 values less than maxvalue)"
[1] 23:43:28,877 DEBUG SchemaChange - rewrote SQL to alter table t66 reorganize partition s1 into /__MAXWELL__/
[1] 23:43:28,877 DEBUG SchemaChange - SQL_PARSE <- "alter table t66 reorganize partition s1 into /__MAXWELL__/"
[1] 23:43:28,877 DEBUG SchemaChange - SQL_PARSE ->   (parse (statement (alter_table (alter_table_preamble alter table (table_name (name (id t66)))) (alter_partition_specification reorganize partition (partition_names (id s1)) into (skip_parens /__MAXWELL__/)))) <EOF>)
[1] 23:43:28,877 DEBUG SchemaChange - SQL_PARSE <- "alter table t66 reorganize partition s1 into (partition p0 values less than (dayofmonth('2006-12-24')), partition p1 values less than maxvalue)"
[1] 23:43:28,877 DEBUG SchemaChange - rewrote SQL to alter table t66 reorganize partition s1 into /__MAXWELL__/
[1] 23:43:28,877 DEBUG SchemaChange - SQL_PARSE <- "alter table t66 reorganize partition s1 into /__MAXWELL__/"
[1] 23:43:28,877 DEBUG SchemaChange - SQL_PARSE ->   (parse (statement (alter_table (alter_table_preamble alter table (table_name (name (id t66)))) (alter_partition_specification reorganize partition (partition_names (id s1)) into (skip_parens /__MAXWELL__/)))) <EOF>)
[1] 23:43:28,877 DEBUG SchemaChange - SQL_PARSE <- "alter table t66 reorganize partition s1 into (partition p0 values less than (dayofweek('2006-12-24')), partition p1 values less than maxvalue)"
[1] 23:43:28,877 DEBUG SchemaChange - rewrote SQL to alter table t66 reorganize partition s1 into /__MAXWELL__/
[1] 23:43:28,877 DEBUG SchemaChange - SQL_PARSE <- "alter table t66 reorganize partition s1 into /__MAXWELL__/"
[1] 23:43:28,877 DEBUG SchemaChange - SQL_PARSE ->   (parse (statement (alter_table (alter_table_preamble alter table (table_name (name (id t66)))) (alter_partition_specification reorganize partition (partition_names (id s1)) into (skip_parens /__MAXWELL__/)))) <EOF>)
[1] 23:43:28,877 DEBUG SchemaChange - SQL_PARSE <- "alter table t66 reorganize partition s1 into (partition p0 values less than (dayofyear('2006-12-25')), partition p1 values less than maxvalue)"
[1] 23:43:28,878 DEBUG SchemaChange - rewrote SQL to alter table t66 reorganize partition s1 into /__MAXWELL__/
[1] 23:43:28,878 DEBUG SchemaChange - SQL_PARSE <- "alter table t66 reorganize partition s1 into /__MAXWELL__/"
[1] 23:43:28,878 DEBUG SchemaChange - SQL_PARSE ->   (parse (statement (alter_table (alter_table_preamble alter table (table_name (name (id t66)))) (alter_partition_specification reorganize partition (partition_names (id s1)) into (skip_parens /__MAXWELL__/)))) <EOF>)
[1] 23:43:28,878 DEBUG SchemaChange - SQL_PARSE <- "alter table t66 reorganize partition s1 into (partition p0 values less than (extract(year from '1998-11-23')), partition p1 values less than maxvalue)"
[1] 23:43:28,878 DEBUG SchemaChange - rewrote SQL to alter table t66 reorganize partition s1 into /__MAXWELL__/
[1] 23:43:28,878 DEBUG SchemaChange - SQL_PARSE <- "alter table t66 reorganize partition s1 into /__MAXWELL__/"
[1] 23:43:28,878 DEBUG SchemaChange - SQL_PARSE ->   (parse (statement (alter_table (alter_table_preamble alter table (table_name (name (id t66)))) (alter_partition_specification reorganize partition (partition_names (id s1)) into (skip_parens /__MAXWELL__/)))) <EOF>)
[1] 23:43:28,878 DEBUG SchemaChange - SQL_PARSE <- "alter table t66 reorganize partition s1 into (partition p0 values less than (hour('18:30')), partition p1 values less than maxvalue)"
[1] 23:43:28,878 DEBUG SchemaChange - rewrote SQL to alter table t66 reorganize partition s1 into /__MAXWELL__/
[1] 23:43:28,878 DEBUG SchemaChange - SQL_PARSE <- "alter table t66 reorganize partition s1 into /__MAXWELL__/"
[1] 23:43:28,878 DEBUG SchemaChange - SQL_PARSE ->   (parse (statement (alter_table (alter_table_preamble alter table (table_name (name (id t66)))) (alter_partition_specification reorganize partition (partition_names (id s1)) into (skip_parens /__MAXWELL__/)))) <EOF>)
[1] 23:43:28,878 DEBUG SchemaChange - SQL_PARSE <- "alter table t66 reorganize partition s1 into (partition p0 values less than (microsecond('10:30:10.000010')), partition p1 values less than maxvalue)"
[1] 23:43:28,878 DEBUG SchemaChange - rewrote SQL to alter table t66 reorganize partition s1 into /__MAXWELL__/
[1] 23:43:28,878 DEBUG SchemaChange - SQL_PARSE <- "alter table t66 reorganize partition s1 into /__MAXWELL__/"
[1] 23:43:28,878 DEBUG SchemaChange - SQL_PARSE ->   (parse (statement (alter_table (alter_table_preamble alter table (table_name (name (id t66)))) (alter_partition_specification reorganize partition (partition_names (id s1)) into (skip_parens /__MAXWELL__/)))) <EOF>)
[1] 23:43:28,878 DEBUG SchemaChange - SQL_PARSE <- "alter table t66 reorganize partition s1 into (partition p0 values less than (minute('18:30')), partition p1 values less than maxvalue)"
[1] 23:43:28,878 DEBUG SchemaChange - rewrote SQL to alter table t66 reorganize partition s1 into /__MAXWELL__/
[1] 23:43:28,878 DEBUG SchemaChange - SQL_PARSE <- "alter table t66 reorganize partition s1 into /__MAXWELL__/"
[1] 23:43:28,879 DEBUG SchemaChange - SQL_PARSE ->   (parse (statement (alter_table (alter_table_preamble alter table (table_name (name (id t66)))) (alter_partition_specification reorganize partition (partition_names (id s1)) into (skip_parens /__MAXWELL__/)))) <EOF>)
[1] 23:43:28,879 DEBUG SchemaChange - SQL_PARSE <- "alter table t66 reorganize partition s1 into (partition p0 values less than (mod(15,10)), partition p1 values less than maxvalue)"
[1] 23:43:28,879 DEBUG SchemaChange - rewrote SQL to alter table t66 reorganize partition s1 into /__MAXWELL__/
[1] 23:43:28,879 DEBUG SchemaChange - SQL_PARSE <- "alter table t66 reorganize partition s1 into /__MAXWELL__/"
[1] 23:43:28,879 DEBUG SchemaChange - SQL_PARSE ->   (parse (statement (alter_table (alter_table_preamble alter table (table_name (name (id t66)))) (alter_partition_specification reorganize partition (partition_names (id s1)) into (skip_parens /__MAXWELL__/)))) <EOF>)
[1] 23:43:28,879 DEBUG SchemaChange - SQL_PARSE <- "alter table t66 reorganize partition s1 into (partition p0 values less than (month('2006-10-14')), partition p1 values less than maxvalue)"
[1] 23:43:28,879 DEBUG SchemaChange - rewrote SQL to alter table t66 reorganize partition s1 into /__MAXWELL__/
[1] 23:43:28,879 DEBUG SchemaChange - SQL_PARSE <- "alter table t66 reorganize partition s1 into /__MAXWELL__/"
[1] 23:43:28,879 DEBUG SchemaChange - SQL_PARSE ->   (parse (statement (alter_table (alter_table_preamble alter table (table_name (name (id t66)))) (alter_partition_specification reorganize partition (partition_names (id s1)) into (skip_parens /__MAXWELL__/)))) <EOF>)
[1] 23:43:28,879 DEBUG SchemaChange - SQL_PARSE <- "alter table t66 reorganize partition s1 into (partition p0 values less than (quarter('2006-10-14')), partition p1 values less than maxvalue)"
[1] 23:43:28,879 DEBUG SchemaChange - rewrote SQL to alter table t66 reorganize partition s1 into /__MAXWELL__/
[1] 23:43:28,879 DEBUG SchemaChange - SQL_PARSE <- "alter table t66 reorganize partition s1 into /__MAXWELL__/"
[1] 23:43:28,879 DEBUG SchemaChange - SQL_PARSE ->   (parse (statement (alter_table (alter_table_preamble alter table (table_name (name (id t66)))) (alter_partition_specification reorganize partition (partition_names (id s1)) into (skip_parens /__MAXWELL__/)))) <EOF>)
[1] 23:43:28,879 DEBUG SchemaChange - SQL_PARSE <- "alter table t66 reorganize partition s1 into (partition p0 values less than (second('18:30:14')), partition p1 values less than maxvalue)"
[1] 23:43:28,879 DEBUG SchemaChange - rewrote SQL to alter table t66 reorganize partition s1 into /__MAXWELL__/
[1] 23:43:28,879 DEBUG SchemaChange - SQL_PARSE <- "alter table t66 reorganize partition s1 into /__MAXWELL__/"
[1] 23:43:28,880 DEBUG SchemaChange - SQL_PARSE ->   (parse (statement (alter_table (alter_table_preamble alter table (table_name (name (id t66)))) (alter_partition_specification reorganize partition (partition_names (id s1)) into (skip_parens /__MAXWELL__/)))) <EOF>)
[1] 23:43:28,880 DEBUG SchemaChange - SQL_PARSE <- "alter table t66 reorganize partition s1 into (partition p0 values less than (time_to_sec('18:30:14')-(time_to_sec('17:59:59'))), partition p1 values less than maxvalue)"
[1] 23:43:28,880 DEBUG SchemaChange - rewrote SQL to alter table t66 reorganize partition s1 into /__MAXWELL__/
[1] 23:43:28,880 DEBUG SchemaChange - SQL_PARSE <- "alter table t66 reorganize partition s1 into /__MAXWELL__/"
[1] 23:43:28,880 DEBUG SchemaChange - SQL_PARSE ->   (parse (statement (alter_table (alter_table_preamble alter table (table_name (name (id t66)))) (alter_partition_specification reorganize partition (partition_names (id s1)) into (skip_parens /__MAXWELL__/)))) <EOF>)
[1] 23:43:28,880 DEBUG SchemaChange - SQL_PARSE <- "alter table t66 reorganize partition s1 into (partition p0 values less than (weekday('2006-10-14')), partition p1 values less than maxvalue)"
[1] 23:43:28,880 DEBUG SchemaChange - rewrote SQL to alter table t66 reorganize partition s1 into /__MAXWELL__/
[1] 23:43:28,880 DEBUG SchemaChange - SQL_PARSE <- "alter table t66 reorganize partition s1 into /__MAXWELL__/"
[1] 23:43:28,880 DEBUG SchemaChange - SQL_PARSE ->   (parse (statement (alter_table (alter_table_preamble alter table (table_name (name (id t66)))) (alter_partition_specification reorganize partition (partition_names (id s1)) into (skip_parens /__MAXWELL__/)))) <EOF>)
[1] 23:43:28,880 DEBUG SchemaChange - SQL_PARSE <- "alter table t66 reorganize partition s1 into (partition p0 values less than (year('2005-10-14')-1990), partition p1 values less than maxvalue)"
[1] 23:43:28,880 DEBUG SchemaChange - rewrote SQL to alter table t66 reorganize partition s1 into /__MAXWELL__/
[1] 23:43:28,880 DEBUG SchemaChange - SQL_PARSE <- "alter table t66 reorganize partition s1 into /__MAXWELL__/"
[1] 23:43:28,880 DEBUG SchemaChange - SQL_PARSE ->   (parse (statement (alter_table (alter_table_preamble alter table (table_name (name (id t66)))) (alter_partition_specification reorganize partition (partition_names (id s1)) into (skip_parens /__MAXWELL__/)))) <EOF>)
[1] 23:43:28,880 DEBUG SchemaChange - SQL_PARSE <- "alter table t66 reorganize partition s1 into (partition p0 values less than (yearweek('2006-10-14')-200600), partition p1 values less than maxvalue)"
[1] 23:43:28,880 DEBUG SchemaChange - rewrote SQL to alter table t66 reorganize partition s1 into /__MAXWELL__/
[1] 23:43:28,880 DEBUG SchemaChange - SQL_PARSE <- "alter table t66 reorganize partition s1 into /__MAXWELL__/"
[1] 23:43:28,881 DEBUG SchemaChange - SQL_PARSE ->   (parse (statement (alter_table (alter_table_preamble alter table (table_name (name (id t66)))) (alter_partition_specification reorganize partition (partition_names (id s1)) into (skip_parens /__MAXWELL__/)))) <EOF>)
[1] 23:43:28,881 DEBUG SchemaChange - SQL_PARSE <- "alter table tblA EXCHANGE PARTITION part_1 WITH TABLE part_2"
[1] 23:43:28,881 DEBUG SchemaChange - SQL_PARSE ->   (parse (statement (alter_table (alter_table_preamble alter table (table_name (name (id tblA)))) (alter_partition_specification EXCHANGE PARTITION part_1 WITH TABLE (table_name (name (id part_2)))))) <EOF>)
[1] 23:43:28,881 DEBUG SchemaChange - SQL_PARSE <- "alter table tblA EXCHANGE PARTITION part_1 WITH TABLE tblB.part_2"
[1] 23:43:28,881 DEBUG SchemaChange - SQL_PARSE ->   (parse (statement (alter_table (alter_table_preamble alter table (table_name (name (id tblA)))) (alter_partition_specification EXCHANGE PARTITION part_1 WITH TABLE (table_name (db_name (name (id tblB))) . (name_all_tokens (id part_2)))))) <EOF>)
[1] 23:43:28,881 DEBUG SchemaChange - SQL_PARSE <- "alter table c MODIFY column `foo` bigint(20) unsigned default 'foo' not null"
[1] 23:43:28,881 DEBUG SchemaChange - SQL_PARSE ->   (parse (statement (alter_table (alter_table_preamble alter table (table_name (name (id c)))) (alter_specifications (alter_specification (modify_column MODIFY column (column_definition (name (id `foo`)) (data_type (signed_type bigint (length ( 20 )) (int_flags unsigned) (column_options (default_value default (literal_with_weirdo_multistring (string_literal 'foo')))) (column_options (nullability not null)))))))))) <EOF>)
[1] 23:43:28,882 DEBUG SchemaChange - SQL_PARSE <- "CREATE TABLE `foo` (id varchar(1) NOT NULL character set 'foo')"
[1] 23:43:28,882 DEBUG SchemaChange - SQL_PARSE ->   (parse (statement (create_table (create_table_preamble CREATE TABLE (table_name (name (id `foo`)))) (create_specifications ( (create_specification (column_definition (name (id id)) (data_type (string_type varchar (length ( 1 )) (column_options (nullability NOT NULL)) (column_options (charset_def (character_set character set (charset_name (string_literal 'foo'))))))))) )))) <EOF>)
[1] 23:43:28,882 DEBUG SchemaChange - SQL_PARSE <- "CREATE TABLE `foo` (id varchar(1) character set 'foo' NOT NULL)"
[1] 23:43:28,882 DEBUG SchemaChange - SQL_PARSE ->   (parse (statement (create_table (create_table_preamble CREATE TABLE (table_name (name (id `foo`)))) (create_specifications ( (create_specification (column_definition (name (id id)) (data_type (string_type varchar (length ( 1 )) (column_options (charset_def (character_set character set (charset_name (string_literal 'foo'))))) (column_options (nullability NOT NULL)))))) )))) <EOF>)
[1] 23:43:28,883 DEBUG SchemaChange - SQL_PARSE <- "ALTER TABLE t1 ADD b GEOMETRY NOT NULL, ADD SPATIAL INDEX(b)"
[1] 23:43:28,883 DEBUG SchemaChange - SQL_PARSE ->   (parse (statement (alter_table (alter_table_preamble ALTER TABLE (table_name (name (id t1)))) (alter_specifications (alter_specification (add_column ADD (column_definition (name (id b)) (data_type (generic_type GEOMETRY (column_options (nullability NOT NULL))))))) , (alter_specification (ignored_alter_specifications ADD (index_definition (index_type_4 SPATIAL (index_or_key INDEX) (index_column_list ( (index_columns (index_column (name (id b)))) ))))))))) <EOF>)
[1] 23:43:28,883 DEBUG SchemaChange - SQL_PARSE <- "ALTER TABLE t1 ADD c POINT"
[1] 23:43:28,883 DEBUG SchemaChange - SQL_PARSE ->   (parse (statement (alter_table (alter_table_preamble ALTER TABLE (table_name (name (id t1)))) (alter_specifications (alter_specification (add_column ADD (column_definition (name (id c)) (data_type (generic_type POINT)))))))) <EOF>)
[1] 23:43:28,883 DEBUG SchemaChange - SQL_PARSE <- "CREATE TABLE IF NOT EXISTS slave_worker_info (   Id INTEGER UNSIGNED NOT NULL,    Relay_log_name TEXT CHARACTER SET utf8 COLLATE utf8_bin NOT NULL,    Relay_log_pos BIGINT UNSIGNED NOT NULL,    Master_log_name TEXT CHARACTER SET utf8 COLLATE utf8_bin NOT NULL,    Master_log_pos BIGINT UNSIGNED NOT NULL,    Checkpoint_relay_log_name TEXT CHARACTER SET utf8 COLLATE utf8_bin NOT NULL,    Checkpoint_relay_log_pos BIGINT UNSIGNED NOT NULL,    Checkpoint_master_log_name TEXT CHARACTER SET utf8 COLLATE utf8_bin NOT NULL,    Checkpoint_master_log_pos BIGINT UNSIGNED NOT NULL,    Checkpoint_seqno INT UNSIGNED NOT NULL,    Checkpoint_group_size INTEGER UNSIGNED NOT NULL,    Checkpoint_group_bitmap BLOB NOT NULL,    PRIMARY KEY(Id)) DEFAULT CHARSET=utf8 STATS_PERSISTENT=0 COMMENT 'Worker Information' ENGINE= INNODB"
[1] 23:43:28,885 DEBUG SchemaChange - SQL_PARSE ->   (parse (statement (create_table (create_table_preamble CREATE TABLE (if_not_exists IF NOT EXISTS) (table_name (name (id slave_worker_info)))) (create_specifications ( (create_specification (column_definition (name (id Id)) (data_type (signed_type INTEGER (int_flags UNSIGNED) (column_options (nullability NOT NULL)))))) , (create_specification (column_definition (name (id Relay_log_name)) (data_type (string_type TEXT (column_options (charset_def (character_set CHARACTER SET (charset_name utf8)))) (column_options (collation COLLATE utf8_bin)) (column_options (nullability NOT NULL)))))) , (create_specification (column_definition (name (id Relay_log_pos)) (data_type (signed_type BIGINT (int_flags UNSIGNED) (column_options (nullability NOT NULL)))))) , (create_specification (column_definition (name (id Master_log_name)) (data_type (string_type TEXT (column_options (charset_def (character_set CHARACTER SET (charset_name utf8)))) (column_options (collation COLLATE utf8_bin)) (column_options (nullability NOT NULL)))))) , (create_specification (column_definition (name (id Master_log_pos)) (data_type (signed_type BIGINT (int_flags UNSIGNED) (column_options (nullability NOT NULL)))))) , (create_specification (column_definition (name (id Checkpoint_relay_log_name)) (data_type (string_type TEXT (column_options (charset_def (character_set CHARACTER SET (charset_name utf8)))) (column_options (collation COLLATE utf8_bin)) (column_options (nullability NOT NULL)))))) , (create_specification (column_definition (name (id Checkpoint_relay_log_pos)) (data_type (signed_type BIGINT (int_flags UNSIGNED) (column_options (nullability NOT NULL)))))) , (create_specification (column_definition (name (id Checkpoint_master_log_name)) (data_type (string_type TEXT (column_options (charset_def (character_set CHARACTER SET (charset_name utf8)))) (column_options (collation COLLATE utf8_bin)) (column_options (nullability NOT NULL)))))) , (create_specification (column_definition (name (id Checkpoint_master_log_pos)) (data_type (signed_type BIGINT (int_flags UNSIGNED) (column_options (nullability NOT NULL)))))) , (create_specification (column_definition (name (id Checkpoint_seqno)) (data_type (signed_type INT (int_flags UNSIGNED) (column_options (nullability NOT NULL)))))) , (create_specification (column_definition (name (id Checkpoint_group_size)) (data_type (signed_type INTEGER (int_flags UNSIGNED) (column_options (nullability NOT NULL)))))) , (create_specification (column_definition (name (id Checkpoint_group_bitmap)) (data_type (generic_type BLOB (column_options (nullability NOT NULL)))))) , (create_specification (index_definition (index_type_pk PRIMARY KEY (index_column_list ( (index_columns (index_column (name (id Id)))) ))))) )) (table_creation_option (creation_character_set DEFAULT CHARSET = (charset_name utf8))) (table_creation_option (creation_stats_persistent STATS_PERSISTENT = 0)) (table_creation_option (creation_comment COMMENT (string_literal 'Worker Information'))) (table_creation_option (creation_engine ENGINE = (id INNODB))))) <EOF>)
[1] 23:43:28,885 DEBUG SchemaChange - SQL_PARSE <- "CREATE TABLE IF NOT EXISTS slave_worker_info (   Id INTEGER UNSIGNED NOT NULL,   Relay_log_name TEXT CHARACTER SET utf8 COLLATE utf8_bin NOT NULL,   Relay_log_pos BIGINT UNSIGNED NOT NULL,   Master_log_name TEXT CHARACTER SET utf8 COLLATE utf8_bin NOT NULL,   Master_log_pos BIGINT UNSIGNED NOT NULL,   Checkpoint_relay_log_name TEXT CHARACTER SET utf8 COLLATE utf8_bin NOT NULL,   Checkpoint_relay_log_pos BIGINT UNSIGNED NOT NULL,   Checkpoint_master_log_name TEXT CHARACTER SET utf8 COLLATE utf8_bin NOT NULL,   Checkpoint_master_log_pos BIGINT UNSIGNED NOT NULL,   Checkpoint_seqno INT UNSIGNED NOT NULL,   Checkpoint_group_size INTEGER UNSIGNED NOT NULL,   Checkpoint_group_bitmap BLOB NOT NULL,   PRIMARY KEY(Id)) DEFAULT CHARSET=utf8 STATS_PERSISTENT=0 COMMENT 'Worker Information' ENGINE= INNODB"
[1] 23:43:28,885 DEBUG SchemaChange - SQL_PARSE ->   (parse (statement (create_table (create_table_preamble CREATE TABLE (if_not_exists IF NOT EXISTS) (table_name (name (id slave_worker_info)))) (create_specifications ( (create_specification (column_definition (name (id Id)) (data_type (signed_type INTEGER (int_flags UNSIGNED) (column_options (nullability NOT NULL)))))) , (create_specification (column_definition (name (id Relay_log_name)) (data_type (string_type TEXT (column_options (charset_def (character_set CHARACTER SET (charset_name utf8)))) (column_options (collation COLLATE utf8_bin)) (column_options (nullability NOT NULL)))))) , (create_specification (column_definition (name (id Relay_log_pos)) (data_type (signed_type BIGINT (int_flags UNSIGNED) (column_options (nullability NOT NULL)))))) , (create_specification (column_definition (name (id Master_log_name)) (data_type (string_type TEXT (column_options (charset_def (character_set CHARACTER SET (charset_name utf8)))) (column_options (collation COLLATE utf8_bin)) (column_options (nullability NOT NULL)))))) , (create_specification (column_definition (name (id Master_log_pos)) (data_type (signed_type BIGINT (int_flags UNSIGNED) (column_options (nullability NOT NULL)))))) , (create_specification (column_definition (name (id Checkpoint_relay_log_name)) (data_type (string_type TEXT (column_options (charset_def (character_set CHARACTER SET (charset_name utf8)))) (column_options (collation COLLATE utf8_bin)) (column_options (nullability NOT NULL)))))) , (create_specification (column_definition (name (id Checkpoint_relay_log_pos)) (data_type (signed_type BIGINT (int_flags UNSIGNED) (column_options (nullability NOT NULL)))))) , (create_specification (column_definition (name (id Checkpoint_master_log_name)) (data_type (string_type TEXT (column_options (charset_def (character_set CHARACTER SET (charset_name utf8)))) (column_options (collation COLLATE utf8_bin)) (column_options (nullability NOT NULL)))))) , (create_specification (column_definition (name (id Checkpoint_master_log_pos)) (data_type (signed_type BIGINT (int_flags UNSIGNED) (column_options (nullability NOT NULL)))))) , (create_specification (column_definition (name (id Checkpoint_seqno)) (data_type (signed_type INT (int_flags UNSIGNED) (column_options (nullability NOT NULL)))))) , (create_specification (column_definition (name (id Checkpoint_group_size)) (data_type (signed_type INTEGER (int_flags UNSIGNED) (column_options (nullability NOT NULL)))))) , (create_specification (column_definition (name (id Checkpoint_group_bitmap)) (data_type (generic_type BLOB (column_options (nullability NOT NULL)))))) , (create_specification (index_definition (index_type_pk PRIMARY KEY (index_column_list ( (index_columns (index_column (name (id Id)))) ))))) )) (table_creation_option (creation_character_set DEFAULT CHARSET = (charset_name utf8))) (table_creation_option (creation_stats_persistent STATS_PERSISTENT = 0)) (table_creation_option (creation_comment COMMENT (string_literal 'Worker Information'))) (table_creation_option (creation_engine ENGINE = (id INNODB))))) <EOF>)
[1] 23:43:28,886 DEBUG SchemaChange - SQL_PARSE <- "CREATE TABLE `slave_worker_info` (   `Id` int(10) unsigned NOT NULL,   `Relay_log_name` text CHARACTER SET utf8 COLLATE utf8_bin NOT NULL,   `Relay_log_pos` bigint(20) unsigned NOT NULL,   `Master_log_name` text CHARACTER SET utf8 COLLATE utf8_bin NOT NULL,   `Master_log_pos` bigint(20) unsigned NOT NULL,   `Checkpoint_relay_log_name` text CHARACTER SET utf8 COLLATE utf8_bin NOT NULL,   `Checkpoint_relay_log_pos` bigint(20) unsigned NOT NULL,   `Checkpoint_master_log_name` text CHARACTER SET utf8 COLLATE utf8_bin NOT NULL,   `Checkpoint_master_log_pos` bigint(20) unsigned NOT NULL,   `Checkpoint_seqno` int(10) unsigned NOT NULL,   `Checkpoint_group_size` int(10) unsigned NOT NULL,   `Checkpoint_group_bitmap` blob NOT NULL,   PRIMARY KEY (`Id`) ) ENGINE=InnoDB DEFAULT CHARSET=utf8 STATS_PERSISTENT=0 COMMENT='Worker Information'"
[1] 23:43:28,887 DEBUG SchemaChange - SQL_PARSE ->   (parse (statement (create_table (create_table_preamble CREATE TABLE (table_name (name (id `slave_worker_info`)))) (create_specifications ( (create_specification (column_definition (name (id `Id`)) (data_type (signed_type int (length ( 10 )) (int_flags unsigned) (column_options (nullability NOT NULL)))))) , (create_specification (column_definition (name (id `Relay_log_name`)) (data_type (string_type text (column_options (charset_def (character_set CHARACTER SET (charset_name utf8)))) (column_options (collation COLLATE utf8_bin)) (column_options (nullability NOT NULL)))))) , (create_specification (column_definition (name (id `Relay_log_pos`)) (data_type (signed_type bigint (length ( 20 )) (int_flags unsigned) (column_options (nullability NOT NULL)))))) , (create_specification (column_definition (name (id `Master_log_name`)) (data_type (string_type text (column_options (charset_def (character_set CHARACTER SET (charset_name utf8)))) (column_options (collation COLLATE utf8_bin)) (column_options (nullability NOT NULL)))))) , (create_specification (column_definition (name (id `Master_log_pos`)) (data_type (signed_type bigint (length ( 20 )) (int_flags unsigned) (column_options (nullability NOT NULL)))))) , (create_specification (column_definition (name (id `Checkpoint_relay_log_name`)) (data_type (string_type text (column_options (charset_def (character_set CHARACTER SET (charset_name utf8)))) (column_options (collation COLLATE utf8_bin)) (column_options (nullability NOT NULL)))))) , (create_specification (column_definition (name (id `Checkpoint_relay_log_pos`)) (data_type (signed_type bigint (length ( 20 )) (int_flags unsigned) (column_options (nullability NOT NULL)))))) , (create_specification (column_definition (name (id `Checkpoint_master_log_name`)) (data_type (string_type text (column_options (charset_def (character_set CHARACTER SET (charset_name utf8)))) (column_options (collation COLLATE utf8_bin)) (column_options (nullability NOT NULL)))))) , (create_specification (column_definition (name (id `Checkpoint_master_log_pos`)) (data_type (signed_type bigint (length ( 20 )) (int_flags unsigned) (column_options (nullability NOT NULL)))))) , (create_specification (column_definition (name (id `Checkpoint_seqno`)) (data_type (signed_type int (length ( 10 )) (int_flags unsigned) (column_options (nullability NOT NULL)))))) , (create_specification (column_definition (name (id `Checkpoint_group_size`)) (data_type (signed_type int (length ( 10 )) (int_flags unsigned) (column_options (nullability NOT NULL)))))) , (create_specification (column_definition (name (id `Checkpoint_group_bitmap`)) (data_type (generic_type blob (column_options (nullability NOT NULL)))))) , (create_specification (index_definition (index_type_pk PRIMARY KEY (index_column_list ( (index_columns (index_column (name (id `Id`)))) ))))) )) (table_creation_option (creation_engine ENGINE = (id InnoDB))) (table_creation_option (creation_character_set DEFAULT CHARSET = (charset_name utf8))) (table_creation_option (creation_stats_persistent STATS_PERSISTENT = 0)) (table_creation_option (creation_comment COMMENT = (string_literal 'Worker Information'))))) <EOF>)
[1] 23:43:28,887 DEBUG SchemaChange - SQL_PARSE <- "CREATE TABLE `t3` (   `line` linestring NOT NULL )"
[1] 23:43:28,887 DEBUG SchemaChange - SQL_PARSE ->   (parse (statement (create_table (create_table_preamble CREATE TABLE (table_name (name (id `t3`)))) (create_specifications ( (create_specification (column_definition (name (id `line`)) (data_type (generic_type linestring (column_options (nullability NOT NULL)))))) )))) <EOF>)
[1] 23:43:28,887 DEBUG SchemaChange - SQL_PARSE <- "CREATE TABLE gis_geometry (fid INTEGER PRIMARY KEY AUTO_INCREMENT, g GEOMETRY)"
[1] 23:43:28,888 DEBUG SchemaChange - SQL_PARSE ->   (parse (statement (create_table (create_table_preamble CREATE TABLE (table_name (name (id gis_geometry)))) (create_specifications ( (create_specification (column_definition (name (id fid)) (data_type (signed_type INTEGER (column_options (primary_key PRIMARY KEY)) (column_options AUTO_INCREMENT))))) , (create_specification (column_definition (name (id g)) (data_type (generic_type GEOMETRY)))) )))) <EOF>)
[1] 23:43:28,888 DEBUG SchemaChange - SQL_PARSE <- "CREATE TABLE gis_geometrycollection  (fid INTEGER PRIMARY KEY AUTO_INCREMENT, g GEOMETRYCOLLECTION)"
[1] 23:43:28,888 DEBUG SchemaChange - SQL_PARSE ->   (parse (statement (create_table (create_table_preamble CREATE TABLE (table_name (name (id gis_geometrycollection)))) (create_specifications ( (create_specification (column_definition (name (id fid)) (data_type (signed_type INTEGER (column_options (primary_key PRIMARY KEY)) (column_options AUTO_INCREMENT))))) , (create_specification (column_definition (name (id g)) (data_type (generic_type GEOMETRYCOLLECTION)))) )))) <EOF>)
[1] 23:43:28,888 DEBUG SchemaChange - SQL_PARSE <- "CREATE TABLE gis_line  (fid INTEGER PRIMARY KEY AUTO_INCREMENT, g LINESTRING)"
[1] 23:43:28,888 DEBUG SchemaChange - SQL_PARSE ->   (parse (statement (create_table (create_table_preamble CREATE TABLE (table_name (name (id gis_line)))) (create_specifications ( (create_specification (column_definition (name (id fid)) (data_type (signed_type INTEGER (column_options (primary_key PRIMARY KEY)) (column_options AUTO_INCREMENT))))) , (create_specification (column_definition (name (id g)) (data_type (generic_type LINESTRING)))) )))) <EOF>)
[1] 23:43:28,888 DEBUG SchemaChange - SQL_PARSE <- "CREATE TABLE gis_multi_line (fid INTEGER PRIMARY KEY AUTO_INCREMENT, g MULTILINESTRING)"
[1] 23:43:28,888 DEBUG SchemaChange - SQL_PARSE ->   (parse (statement (create_table (create_table_preamble CREATE TABLE (table_name (name (id gis_multi_line)))) (create_specifications ( (create_specification (column_definition (name (id fid)) (data_type (signed_type INTEGER (column_options (primary_key PRIMARY KEY)) (column_options AUTO_INCREMENT))))) , (create_specification (column_definition (name (id g)) (data_type (generic_type MULTILINESTRING)))) )))) <EOF>)
[1] 23:43:28,888 DEBUG SchemaChange - SQL_PARSE <- "CREATE TABLE gis_multi_point (fid INTEGER PRIMARY KEY AUTO_INCREMENT, g MULTIPOINT)"
[1] 23:43:28,889 DEBUG SchemaChange - SQL_PARSE ->   (parse (statement (create_table (create_table_preamble CREATE TABLE (table_name (name (id gis_multi_point)))) (create_specifications ( (create_specification (column_definition (name (id fid)) (data_type (signed_type INTEGER (column_options (primary_key PRIMARY KEY)) (column_options AUTO_INCREMENT))))) , (create_specification (column_definition (name (id g)) (data_type (generic_type MULTIPOINT)))) )))) <EOF>)
[1] 23:43:28,889 DEBUG SchemaChange - SQL_PARSE <- "CREATE TABLE gis_multi_polygon  (fid INTEGER PRIMARY KEY AUTO_INCREMENT, g MULTIPOLYGON)"
[1] 23:43:28,889 DEBUG SchemaChange - SQL_PARSE ->   (parse (statement (create_table (create_table_preamble CREATE TABLE (table_name (name (id gis_multi_polygon)))) (create_specifications ( (create_specification (column_definition (name (id fid)) (data_type (signed_type INTEGER (column_options (primary_key PRIMARY KEY)) (column_options AUTO_INCREMENT))))) , (create_specification (column_definition (name (id g)) (data_type (generic_type MULTIPOLYGON)))) )))) <EOF>)
[1] 23:43:28,889 DEBUG SchemaChange - SQL_PARSE <- "CREATE TABLE gis_point  (fid INTEGER PRIMARY KEY AUTO_INCREMENT, g POINT)"
[1] 23:43:28,889 DEBUG SchemaChange - SQL_PARSE ->   (parse (statement (create_table (create_table_preamble CREATE TABLE (table_name (name (id gis_point)))) (create_specifications ( (create_specification (column_definition (name (id fid)) (data_type (signed_type INTEGER (column_options (primary_key PRIMARY KEY)) (column_options AUTO_INCREMENT))))) , (create_specification (column_definition (name (id g)) (data_type (generic_type POINT)))) )))) <EOF>)
[1] 23:43:28,889 DEBUG SchemaChange - SQL_PARSE <- "CREATE TABLE gis_polygon   (fid INTEGER PRIMARY KEY AUTO_INCREMENT, g POLYGON)"
[1] 23:43:28,889 DEBUG SchemaChange - SQL_PARSE ->   (parse (statement (create_table (create_table_preamble CREATE TABLE (table_name (name (id gis_polygon)))) (create_specifications ( (create_specification (column_definition (name (id fid)) (data_type (signed_type INTEGER (column_options (primary_key PRIMARY KEY)) (column_options AUTO_INCREMENT))))) , (create_specification (column_definition (name (id g)) (data_type (generic_type POLYGON)))) )))) <EOF>)
[1] 23:43:28,889 DEBUG SchemaChange - SQL_PARSE <- "CREATE TABLE t1 ( a INTEGER PRIMARY KEY AUTO_INCREMENT, gp  point, ln  linestring, pg  polygon, mp  multipoint, mln multilinestring, mpg multipolygon, gc  geometrycollection, gm  geometry )"
[1] 23:43:28,890 DEBUG SchemaChange - SQL_PARSE ->   (parse (statement (create_table (create_table_preamble CREATE TABLE (table_name (name (id t1)))) (create_specifications ( (create_specification (column_definition (name (id a)) (data_type (signed_type INTEGER (column_options (primary_key PRIMARY KEY)) (column_options AUTO_INCREMENT))))) , (create_specification (column_definition (name (id gp)) (data_type (generic_type point)))) , (create_specification (column_definition (name (id ln)) (data_type (generic_type linestring)))) , (create_specification (column_definition (name (id pg)) (data_type (generic_type polygon)))) , (create_specification (column_definition (name (id mp)) (data_type (generic_type multipoint)))) , (create_specification (column_definition (name (id mln)) (data_type (generic_type multilinestring)))) , (create_specification (column_definition (name (id mpg)) (data_type (generic_type multipolygon)))) , (create_specification (column_definition (name (id gc)) (data_type (generic_type geometrycollection)))) , (create_specification (column_definition (name (id gm)) (data_type (generic_type geometry)))) )))) <EOF>)
[1] 23:43:28,890 DEBUG SchemaChange - SQL_PARSE <- "CREATE TABLE t1 ( pk int, a varchar(1), b varchar(4), c tinyblob, d blob, e mediumblob, f longblob, g tinytext, h text, i mediumtext, j longtext, k geometry, PRIMARY KEY (pk) )"
[1] 23:43:28,890 DEBUG SchemaChange - SQL_PARSE ->   (parse (statement (create_table (create_table_preamble CREATE TABLE (table_name (name (id t1)))) (create_specifications ( (create_specification (column_definition (name (id pk)) (data_type (signed_type int)))) , (create_specification (column_definition (name (id a)) (data_type (string_type varchar (length ( 1 )))))) , (create_specification (column_definition (name (id b)) (data_type (string_type varchar (length ( 4 )))))) , (create_specification (column_definition (name (id c)) (data_type (generic_type tinyblob)))) , (create_specification (column_definition (name (id d)) (data_type (generic_type blob)))) , (create_specification (column_definition (name (id e)) (data_type (generic_type mediumblob)))) , (create_specification (column_definition (name (id f)) (data_type (generic_type longblob)))) , (create_specification (column_definition (name (id g)) (data_type (string_type tinytext)))) , (create_specification (column_definition (name (id h)) (data_type (string_type text)))) , (create_specification (column_definition (name (id i)) (data_type (string_type mediumtext)))) , (create_specification (column_definition (name (id j)) (data_type (string_type longtext)))) , (create_specification (column_definition (name (id k)) (data_type (generic_type geometry)))) , (create_specification (index_definition (index_type_pk PRIMARY KEY (index_column_list ( (index_columns (index_column (name (id pk)))) ))))) )))) <EOF>)
[1] 23:43:28,890 DEBUG SchemaChange - SQL_PARSE <- "CREATE TABLE t1 (a GEOMETRY)"
[1] 23:43:28,890 DEBUG SchemaChange - SQL_PARSE ->   (parse (statement (create_table (create_table_preamble CREATE TABLE (table_name (name (id t1)))) (create_specifications ( (create_specification (column_definition (name (id a)) (data_type (generic_type GEOMETRY)))) )))) <EOF>)
[1] 23:43:28,890 DEBUG SchemaChange - SQL_PARSE <- "CREATE TABLE t1 (line LINESTRING NOT NULL) engine=myisam"
[1] 23:43:28,890 DEBUG SchemaChange - SQL_PARSE ->   (parse (statement (create_table (create_table_preamble CREATE TABLE (table_name (name (id t1)))) (create_specifications ( (create_specification (column_definition (name (id line)) (data_type (generic_type LINESTRING (column_options (nullability NOT NULL)))))) )) (table_creation_option (creation_engine engine = (id myisam))))) <EOF>)
[1] 23:43:28,890 DEBUG SchemaChange - SQL_PARSE <- "CREATE TABLE t1 (name VARCHAR(100), square GEOMETRY)"
[1] 23:43:28,891 DEBUG SchemaChange - SQL_PARSE ->   (parse (statement (create_table (create_table_preamble CREATE TABLE (table_name (name (id t1)))) (create_specifications ( (create_specification (column_definition (name (tokens_available_for_names name)) (data_type (string_type VARCHAR (length ( 100 )))))) , (create_specification (column_definition (name (id square)) (data_type (generic_type GEOMETRY)))) )))) <EOF>)
[1] 23:43:28,891 DEBUG SchemaChange - SQL_PARSE <- "CREATE TABLE t1 (p POINT)"
[1] 23:43:28,891 DEBUG SchemaChange - SQL_PARSE ->   (parse (statement (create_table (create_table_preamble CREATE TABLE (table_name (name (id t1)))) (create_specifications ( (create_specification (column_definition (name (id p)) (data_type (generic_type POINT)))) )))) <EOF>)
[1] 23:43:28,891 DEBUG SchemaChange - SQL_PARSE <- "CREATE TABLE t1(a LINESTRING NOT NULL, SPATIAL KEY(a))"
[1] 23:43:28,891 DEBUG SchemaChange - SQL_PARSE ->   (parse (statement (create_table (create_table_preamble CREATE TABLE (table_name (name (id t1)))) (create_specifications ( (create_specification (column_definition (name (id a)) (data_type (generic_type LINESTRING (column_options (nullability NOT NULL)))))) , (create_specification (index_definition (index_type_4 SPATIAL (index_or_key KEY) (index_column_list ( (index_columns (index_column (name (id a)))) ))))) )))) <EOF>)
[1] 23:43:28,891 DEBUG SchemaChange - SQL_PARSE <- "CREATE TABLE t2 (line LINESTRING NOT NULL) engine=myisam"
[1] 23:43:28,891 DEBUG SchemaChange - SQL_PARSE ->   (parse (statement (create_table (create_table_preamble CREATE TABLE (table_name (name (id t2)))) (create_specifications ( (create_specification (column_definition (name (id line)) (data_type (generic_type LINESTRING (column_options (nullability NOT NULL)))))) )) (table_creation_option (creation_engine engine = (id myisam))))) <EOF>)
[1] 23:43:28,891 DEBUG SchemaChange - SQL_PARSE <- "CREATE TABLE t2 (p POINT, INDEX(p))"
[1] 23:43:28,891 DEBUG SchemaChange - SQL_PARSE ->   (parse (statement (create_table (create_table_preamble CREATE TABLE (table_name (name (id t2)))) (create_specifications ( (create_specification (column_definition (name (id p)) (data_type (generic_type POINT)))) , (create_specification (index_definition (index_type_1 (index_or_key INDEX) (index_column_list ( (index_columns (index_column (name (id p)))) ))))) )))) <EOF>)
[1] 23:43:28,891 DEBUG SchemaChange - SQL_PARSE <- "CREATE TABLE test.t1_1 (f1 BIGINT, f2 TEXT, f2x TEXT, f3 CHAR(10), f3x CHAR(10), f4 BIGINT, f4x BIGINT, f5 POINT, f5x POINT NOT NULL) DEFAULT CHARACTER SET latin1 COLLATE latin1_swedish_ci ENGINE = MyISAM"
[1] 23:43:28,892 DEBUG SchemaChange - SQL_PARSE ->   (parse (statement (create_table (create_table_preamble CREATE TABLE (table_name (db_name (name (id test))) . (name_all_tokens (id t1_1)))) (create_specifications ( (create_specification (column_definition (name (id f1)) (data_type (signed_type BIGINT)))) , (create_specification (column_definition (name (id f2)) (data_type (string_type TEXT)))) , (create_specification (column_definition (name (id f2x)) (data_type (string_type TEXT)))) , (create_specification (column_definition (name (id f3)) (data_type (string_type CHAR (length ( 10 )))))) , (create_specification (column_definition (name (id f3x)) (data_type (string_type CHAR (length ( 10 )))))) , (create_specification (column_definition (name (id f4)) (data_type (signed_type BIGINT)))) , (create_specification (column_definition (name (id f4x)) (data_type (signed_type BIGINT)))) , (create_specification (column_definition (name (id f5)) (data_type (generic_type POINT)))) , (create_specification (column_definition (name (id f5x)) (data_type (generic_type POINT (column_options (nullability NOT NULL)))))) )) (table_creation_option (creation_character_set DEFAULT CHARACTER SET (charset_name latin1))) (table_creation_option (creation_collation (default_collation (collation COLLATE latin1_swedish_ci)))) (table_creation_option (creation_engine ENGINE = (id MyISAM))))) <EOF>)
[1] 23:43:28,892 DEBUG SchemaChange - SQL_PARSE <- "create table t1 (a int not null, b linestring not null, unique key b (b(12)))"
[1] 23:43:28,892 DEBUG SchemaChange - SQL_PARSE ->   (parse (statement (create_table (create_table_preamble create table (table_name (name (id t1)))) (create_specifications ( (create_specification (column_definition (name (id a)) (data_type (signed_type int (column_options (nullability not null)))))) , (create_specification (column_definition (name (id b)) (data_type (generic_type linestring (column_options (nullability not null)))))) , (create_specification (index_definition (index_type_3 unique (index_or_key key) (index_name (name (id b))) (index_column_list ( (index_columns (index_column (name (id b)) (index_column_partial_def ( (index_column_partial_length 12) )))) ))))) )))) <EOF>)
[1] 23:43:28,892 DEBUG SchemaChange - SQL_PARSE <- "create table t1 (a int not null, b linestring not null, unique key b (b(12)), unique key a (a))"
[1] 23:43:28,892 DEBUG SchemaChange - SQL_PARSE ->   (parse (statement (create_table (create_table_preamble create table (table_name (name (id t1)))) (create_specifications ( (create_specification (column_definition (name (id a)) (data_type (signed_type int (column_options (nullability not null)))))) , (create_specification (column_definition (name (id b)) (data_type (generic_type linestring (column_options (nullability not null)))))) , (create_specification (index_definition (index_type_3 unique (index_or_key key) (index_name (name (id b))) (index_column_list ( (index_columns (index_column (name (id b)) (index_column_partial_def ( (index_column_partial_length 12) )))) ))))) , (create_specification (index_definition (index_type_3 unique (index_or_key key) (index_name (name (id a))) (index_column_list ( (index_columns (index_column (name (id a)))) ))))) )))) <EOF>)
[1] 23:43:28,892 DEBUG SchemaChange - SQL_PARSE <- "create table t1 (pk integer primary key auto_increment, a geometry not null)"
[1] 23:43:28,892 DEBUG SchemaChange - SQL_PARSE ->   (parse (statement (create_table (create_table_preamble create table (table_name (name (id t1)))) (create_specifications ( (create_specification (column_definition (name (id pk)) (data_type (signed_type integer (column_options (primary_key primary key)) (column_options auto_increment))))) , (create_specification (column_definition (name (id a)) (data_type (generic_type geometry (column_options (nullability not null)))))) )))) <EOF>)
[1] 23:43:28,892 DEBUG SchemaChange - SQL_PARSE <- "create table t1 (pk integer primary key auto_increment, fl geometry not null)"
[1] 23:43:28,892 DEBUG SchemaChange - SQL_PARSE ->   (parse (statement (create_table (create_table_preamble create table (table_name (name (id t1)))) (create_specifications ( (create_specification (column_definition (name (id pk)) (data_type (signed_type integer (column_options (primary_key primary key)) (column_options auto_increment))))) , (create_specification (column_definition (name (id fl)) (data_type (generic_type geometry (column_options (nullability not null)))))) )))) <EOF>)
[1] 23:43:28,892 DEBUG SchemaChange - SQL_PARSE <- "create table t1(City VARCHAR(30),Location geometry)"
[1] 23:43:28,893 DEBUG SchemaChange - SQL_PARSE ->   (parse (statement (create_table (create_table_preamble create table (table_name (name (id t1)))) (create_specifications ( (create_specification (column_definition (name (id City)) (data_type (string_type VARCHAR (length ( 30 )))))) , (create_specification (column_definition (name (id Location)) (data_type (generic_type geometry)))) )))) <EOF>)
[1] 23:43:28,893 DEBUG SchemaChange - SQL_PARSE <- "create table t1(a point)"
[1] 23:43:28,893 DEBUG SchemaChange - SQL_PARSE ->   (parse (statement (create_table (create_table_preamble create table (table_name (name (id t1)))) (create_specifications ( (create_specification (column_definition (name (id a)) (data_type (generic_type point)))) )))) <EOF>)
[1] 23:43:28,895 DEBUG SchemaChange - SQL_PARSE <- "alter table no.no add column mocha TEXT default 'hello'''''"
[1] 23:43:28,896 DEBUG SchemaChange - SQL_PARSE ->   (parse (statement (alter_table (alter_table_preamble alter table (table_name (db_name (name (tokens_available_for_names no))) . (name_all_tokens (all_tokens no)))) (alter_specifications (alter_specification (add_column add column (column_definition (name (id mocha)) (data_type (string_type TEXT (column_options (default_value default (literal_with_weirdo_multistring (string_literal 'hello''''')))))))))))) <EOF>)
[1] 23:43:28,896 DEBUG SchemaChange - SQL_PARSE <- "CREATE DATABASE if not exists `foo` -- inline comment!
 default character # another one
set='latin1' --one at the end"
[1] 23:43:28,896 DEBUG SchemaChange - SQL_PARSE ->   (parse (statement (create_database CREATE DATABASE (if_not_exists if not exists) (name (id `foo`)) (create_option (default_character_set default (charset_token character set) = (charset_name (string_literal 'latin1')))))) <EOF>)
[1] 23:43:28,897 DEBUG SchemaChange - SQL_PARSE <- "/**/ CREATE DATABASE if not exists `foo`"
[1] 23:43:28,897 DEBUG SchemaChange - SQL_PARSE ->   (parse (statement (create_database CREATE DATABASE (if_not_exists if not exists) (name (id `foo`)))) <EOF>)
[1] 23:43:28,897 DEBUG SchemaChange - SQL_PARSE <- "CREATE TABLE `bar`.`foo` (id int(11) auto_increment PRIMARY KEY) ENGINE=innodb CHARACTER SET='latin1' ROW_FORMAT=FIXED COMPRESSION='lz4'"
[1] 23:43:28,897 DEBUG SchemaChange - SQL_PARSE ->   (parse (statement (create_table (create_table_preamble CREATE TABLE (table_name (db_name (name (id `bar`))) . (name_all_tokens (id `foo`)))) (create_specifications ( (create_specification (column_definition (name (id id)) (data_type (signed_type int (length ( 11 )) (column_options auto_increment) (column_options (primary_key PRIMARY KEY)))))) )) (table_creation_option (creation_engine ENGINE = (id innodb))) (table_creation_option (creation_character_set CHARACTER SET = (charset_name (string_literal 'latin1')))) (table_creation_option (creation_row_format ROW_FORMAT = FIXED)) (table_creation_option (creation_compression COMPRESSION = (string_literal 'lz4'))))) <EOF>)
[1] 23:43:28,898 DEBUG SchemaChange - SQL_PARSE <- "CREATE TABLE foo (id boolean default true)"
[1] 23:43:28,898 DEBUG SchemaChange - SQL_PARSE ->   (parse (statement (create_table (create_table_preamble CREATE TABLE (table_name (name (id foo)))) (create_specifications ( (create_specification (column_definition (name (id id)) (data_type (generic_type boolean (column_options (default_value default (literal_with_weirdo_multistring true))))))) )))) <EOF>)
[1] 23:43:28,898 DEBUG SchemaChange - SQL_PARSE <- "CREATE TABLE foo (id boolean default false)"
[1] 23:43:28,898 DEBUG SchemaChange - SQL_PARSE ->   (parse (statement (create_table (create_table_preamble CREATE TABLE (table_name (name (id foo)))) (create_specifications ( (create_specification (column_definition (name (id id)) (data_type (generic_type boolean (column_options (default_value default (literal_with_weirdo_multistring false))))))) )))) <EOF>)
[1] 23:43:28,898 DEBUG SchemaChange - SQL_PARSE <- "CREATE DATABASE if not exists `foo` default character set='latin1'"
[1] 23:43:28,898 DEBUG SchemaChange - SQL_PARSE ->   (parse (statement (create_database CREATE DATABASE (if_not_exists if not exists) (name (id `foo`)) (create_option (default_character_set default (charset_token character set) = (charset_name (string_literal 'latin1')))))) <EOF>)
[1] 23:43:28,898 DEBUG SchemaChange - SQL_PARSE <- "alter table foo add column `int` int(11) unsigned not null AFTER `afterCol`"
[1] 23:43:28,899 DEBUG SchemaChange - SQL_PARSE ->   (parse (statement (alter_table (alter_table_preamble alter table (table_name (name (id foo)))) (alter_specifications (alter_specification (add_column add column (column_definition (name (id `int`)) (data_type (signed_type int (length ( 11 )) (int_flags unsigned) (column_options (nullability not null))))) (col_position AFTER (name (id `afterCol`)))))))) <EOF>)
[1] 23:43:28,899 DEBUG SchemaChange - SQL_PARSE <- "alter table `fie` add column baz bigINT null"
[1] 23:43:28,899 DEBUG SchemaChange - SQL_PARSE ->   (parse (statement (alter_table (alter_table_preamble alter table (table_name (name (id `fie`)))) (alter_specifications (alter_specification (add_column add column (column_definition (name (id baz)) (data_type (signed_type bigINT (column_options (nullability null)))))))))) <EOF>)
[1] 23:43:28,899 DEBUG SchemaChange - SQL_PARSE <- "CREATE TABLE test.chk (  group_name DECIMAL(8, 2) NOT NULL)  "
[1] 23:43:28,899 DEBUG SchemaChange - SQL_PARSE ->   (parse (statement (create_table (create_table_preamble CREATE TABLE (table_name (db_name (name (id test))) . (name_all_tokens (id chk)))) (create_specifications ( (create_specification (column_definition (name (id group_name)) (data_type (signed_type DECIMAL (decimal_length ( 8 , 2 )) (column_options (nullability NOT NULL)))))) )))) <EOF>)
[1] 23:43:28,899 DEBUG SchemaChange - SQL_PARSE <- "alter table c convert to character set 'latin1'"
[1] 23:43:28,900 DEBUG SchemaChange - SQL_PARSE ->   (parse (statement (alter_table (alter_table_preamble alter table (table_name (name (id c)))) (alter_specifications (alter_specification (convert_to_character_set convert to (charset_token character set) (charset_name (string_literal 'latin1'))))))) <EOF>)
[1] 23:43:28,900 DEBUG SchemaChange - SQL_PARSE <- "alter table c charset=utf8"
[1] 23:43:28,900 DEBUG SchemaChange - SQL_PARSE ->   (parse (statement (alter_table (alter_table_preamble alter table (table_name (name (id c)))) (alter_specifications (alter_specification (default_character_set (charset_token charset) = (charset_name utf8)))))) <EOF>)
[1] 23:43:28,900 DEBUG SchemaChange - SQL_PARSE <- "alter table c character set = 'utf8'"
[1] 23:43:28,900 DEBUG SchemaChange - SQL_PARSE ->   (parse (statement (alter_table (alter_table_preamble alter table (table_name (name (id c)))) (alter_specifications (alter_specification (default_character_set (charset_token character set) = (charset_name (string_literal 'utf8'))))))) <EOF>)
[1] 23:43:28,901 INFO  MysqlIsolatedServer - booting onetimeserver: C:\Users\xcvs\IdeaProjects\maxwell/src/test/onetimeserver --mysql-version=5.6 --log-slave-updates --log-bin=master --binlog_format=row --innodb_flush_log_at_trx_commit=0 --server_id=4321 --character-set-server=utf8 --sync_binlog=0 --default-time-zone=+00:00   
[1] 23:43:28,904 INFO  MysqlIsolatedServer - booting onetimeserver: C:\Users\xcvs\IdeaProjects\maxwell/src/test/onetimeserver --mysql-version=5.6 --log-slave-updates --log-bin=master --binlog_format=row --innodb_flush_log_at_trx_commit=0 --server_id=4321 --character-set-server=utf8 --sync_binlog=0 --default-time-zone=+00:00   
[1] 23:43:28,906 INFO  MysqlIsolatedServer - booting onetimeserver: C:\Users\xcvs\IdeaProjects\maxwell/src/test/onetimeserver --mysql-version=5.6 --log-slave-updates --log-bin=master --binlog_format=row --innodb_flush_log_at_trx_commit=0 --server_id=4321 --character-set-server=utf8 --sync_binlog=0 --default-time-zone=+00:00   --lower-case-table-names=1
[1] 23:43:28,907 INFO  MysqlIsolatedServer - booting onetimeserver: C:\Users\xcvs\IdeaProjects\maxwell/src/test/onetimeserver --mysql-version=5.6 --log-slave-updates --log-bin=master --binlog_format=row --innodb_flush_log_at_trx_commit=0 --server_id=4321 --character-set-server=utf8 --sync_binlog=0 --default-time-zone=+00:00   
[1] 23:43:28,910 INFO  MysqlIsolatedServer - booting onetimeserver: C:\Users\xcvs\IdeaProjects\maxwell/src/test/onetimeserver --mysql-version=5.6 --log-slave-updates --log-bin=master --binlog_format=row --innodb_flush_log_at_trx_commit=0 --server_id=4321 --character-set-server=utf8 --sync_binlog=0 --default-time-zone=+00:00   
[1] 23:43:28,912 INFO  MysqlIsolatedServer - booting onetimeserver: C:\Users\xcvs\IdeaProjects\maxwell/src/test/onetimeserver --mysql-version=5.6 --log-slave-updates --log-bin=master --binlog_format=row --innodb_flush_log_at_trx_commit=0 --server_id=4321 --character-set-server=utf8 --sync_binlog=0 --default-time-zone=+00:00   
[1] 23:43:28,914 INFO  MysqlIsolatedServer - booting onetimeserver: C:\Users\xcvs\IdeaProjects\maxwell/src/test/onetimeserver --mysql-version=5.6 --log-slave-updates --log-bin=master --binlog_format=row --innodb_flush_log_at_trx_commit=0 --server_id=4321 --character-set-server=utf8 --sync_binlog=0 --default-time-zone=+00:00   
[1] 23:43:28,918 INFO  MysqlIsolatedServer - booting onetimeserver: C:\Users\xcvs\IdeaProjects\maxwell/src/test/onetimeserver --mysql-version=5.6 --log-slave-updates --log-bin=master --binlog_format=row --innodb_flush_log_at_trx_commit=0 --server_id=4321 --character-set-server=utf8 --sync_binlog=0 --default-time-zone=+00:00   
[1] 23:43:29,030 DEBUG StoppableTaskState - task requestStop() called (in state: STOPPED)
[1] 23:43:29,143 DEBUG StoppableTaskState - task requestStop() called (in state: RUNNING)
[1] 23:43:29,151 INFO  TaskManager - Stopping 1 tasks
[1] 23:43:29,151 INFO  TaskManager - Stopping: com.zendesk.maxwell.util.TaskManagerTest$SampleTask@48bc2fce
[1] 23:43:29,163 DEBUG TaskManager - Awaiting stop of: com.zendesk.maxwell.util.TaskManagerTest$SampleTask@48bc2fce
[1] 23:43:29,163 INFO  TaskManager - Stopped all tasks
[1] 23:43:29,163 DEBUG TaskManager - Stop() called multiple times
[1] 23:43:29,171 INFO  TaskManager - Stopping 1 tasks
[1] 23:43:29,171 INFO  TaskManager - Stopping: com.zendesk.maxwell.util.TaskManagerTest$UnstoppableTask@299b9851
[1] 23:43:29,171 DEBUG TaskManager - Awaiting stop of: com.zendesk.maxwell.util.TaskManagerTest$UnstoppableTask@299b9851
[1] 23:43:29,171 INFO  TaskManager - Stopping 2 tasks
[1] 23:43:29,171 INFO  TaskManager - Stopping: com.zendesk.maxwell.util.TaskManagerTest$SampleTask@191a0351
[1] 23:43:29,171 INFO  TaskManager - Stopping: com.zendesk.maxwell.util.TaskManagerTest$SampleTask@67328bcb
[1] 23:43:29,171 DEBUG TaskManager - Awaiting stop of: com.zendesk.maxwell.util.TaskManagerTest$SampleTask@191a0351
[1] 23:43:29,171 DEBUG TaskManager - Awaiting stop of: com.zendesk.maxwell.util.TaskManagerTest$SampleTask@67328bcb
[1] 23:43:29,171 INFO  TaskManager - Stopped all tasks
[1] 23:44:09,324 INFO  MysqlIsolatedServer - booting onetimeserver: C:\Users\xcvs\IdeaProjects\maxwell/src/test/onetimeserver --mysql-version=5.6 --log-slave-updates --log-bin=master --binlog_format=row --innodb_flush_log_at_trx_commit=0 --server_id=4321 --character-set-server=utf8 --sync_binlog=0 --default-time-zone=+00:00   
[1] 23:44:09,341 INFO  MysqlIsolatedServer - booting onetimeserver: C:\Users\xcvs\IdeaProjects\maxwell/src/test/onetimeserver --mysql-version=5.6 --log-slave-updates --log-bin=master --binlog_format=row --innodb_flush_log_at_trx_commit=0 --server_id=4321 --character-set-server=utf8 --sync_binlog=0 --default-time-zone=+00:00   
[1] 23:44:09,677 DEBUG AbstractConfig - Got config key: custom_producer.factory
[1] 23:44:09,677 DEBUG AbstractConfig - Got config key: custom_producer.foo
[1] 23:44:09,677 DEBUG AbstractConfig - Attempting to read env_config param: MAXWELL_JSON
[1] 23:44:09,696 DEBUG AbstractConfig - Got env_config key: custom_producer.foo
[1] 23:44:09,696 DEBUG MaxwellConfig - Replaced config key custom_producer.foo with value from env_config
[1] 23:44:09,709 DEBUG MaxwellConfig - Got env variable maxwell_password as config key password
[1] 23:44:09,709 DEBUG MaxwellConfig - Got env variable maxwell_host as config key host
[1] 23:44:09,710 DEBUG MaxwellConfig - Got env variable MAXWELL_KAFKA.RETRIES as config key kafka.retries
[1] 23:44:09,710 DEBUG MaxwellConfig - Got env variable MAXWELL_USER as config key user
[1] 23:44:09,713 DEBUG AbstractConfig - Got config key: custom_producer.factory
[1] 23:44:09,713 DEBUG AbstractConfig - Got config key: custom_producer.foo
[1] 23:44:09,726 DEBUG AbstractConfig - Attempting to read env_config param: MAXWELL_JSON
[1] 23:44:09,727 DEBUG AbstractConfig - Got env_config key: user
[1] 23:44:09,727 DEBUG AbstractConfig - Got env_config key: password
[1] 23:44:09,727 DEBUG AbstractConfig - Got env_config key: host
[1] 23:44:09,727 DEBUG AbstractConfig - Got env_config key: kafka.retries
[1] 23:44:09,730 DEBUG AbstractConfig - Got config key: custom_producer.factory
[1] 23:44:09,730 DEBUG AbstractConfig - Got config key: custom_producer.foo
[1] 23:44:09,735 DEBUG AbstractConfig - Got config key: env_config_prefix
[1] 23:44:09,735 DEBUG MaxwellConfig - Got env variable FOO_USER as config key user
[1] 23:44:09,735 DEBUG MaxwellConfig - Got env variable foo_password as config key password
[1] 23:44:09,735 DEBUG MaxwellConfig - Got env variable foo_host as config key host
[1] 23:44:09,735 DEBUG MaxwellConfig - Got env variable FOO_KAFKA.RETRIES as config key kafka.retries
[1] 23:44:09,738 DEBUG AbstractConfig - Attempting to read env_config param: MAXWELL_JSON
[1] 23:44:09,744 INFO  MysqlIsolatedServer - booting onetimeserver: C:\Users\xcvs\IdeaProjects\maxwell/src/test/onetimeserver --mysql-version=5.6 --log-slave-updates --log-bin=master --binlog_format=row --innodb_flush_log_at_trx_commit=0 --server_id=4321 --character-set-server=utf8 --sync_binlog=0 --default-time-zone=+00:00   
[1] 23:44:09,767 INFO  MysqlIsolatedServer - booting onetimeserver: C:\Users\xcvs\IdeaProjects\maxwell/src/test/onetimeserver --mysql-version=5.6 --log-slave-updates --log-bin=master --binlog_format=row --innodb_flush_log_at_trx_commit=0 --server_id=4321 --character-set-server=utf8 --sync_binlog=0 --default-time-zone=+00:00   
[1] 23:44:09,769 INFO  MysqlIsolatedServer - booting onetimeserver: C:\Users\xcvs\IdeaProjects\maxwell/src/test/onetimeserver --mysql-version=5.6 --log-slave-updates --log-bin=master --binlog_format=row --innodb_flush_log_at_trx_commit=0 --server_id=4321 --character-set-server=utf8 --sync_binlog=0 --default-time-zone=+00:00   
[1] 23:44:09,773 INFO  MysqlIsolatedServer - booting onetimeserver: C:\Users\xcvs\IdeaProjects\maxwell/src/test/onetimeserver --mysql-version=5.6 --log-slave-updates --log-bin=master --binlog_format=row --innodb_flush_log_at_trx_commit=0 --server_id=4321 --character-set-server=utf8 --sync_binlog=0 --default-time-zone=+00:00   
[1] 23:44:09,781 INFO  MysqlIsolatedServer - booting onetimeserver: C:\Users\xcvs\IdeaProjects\maxwell/src/test/onetimeserver --mysql-version=5.6 --log-slave-updates --log-bin=master --binlog_format=row --innodb_flush_log_at_trx_commit=0 --server_id=4321 --character-set-server=utf8 --sync_binlog=0 --default-time-zone=+00:00   
[1] 23:44:11,272 ERROR BigQueryCallback - Throwable @ Position[BinlogPosition[binlog-1:1], lastHeartbeat=0]
[1] 23:44:11,272 ERROR BigQueryCallback - error
[1] 23:44:12,199 ERROR MaxwellKafkaProducer - RecordTooLargeException @ Position[BinlogPosition[binlog-1:1], lastHeartbeat=0] -- maxwell: a:b:null
[1] 23:44:12,199 ERROR MaxwellKafkaProducer - null
[1] 23:44:12,207 DEBUG MaxwellKafkaProducer - ->  key:a:b:null, partition:1, offset:2
   value
   Position[BinlogPosition[binlog-1:1], lastHeartbeat=0]

[1] 23:44:12,209 ERROR MaxwellKafkaProducer - NotEnoughReplicasException @ Position[BinlogPosition[binlog-1:1], lastHeartbeat=0] -- maxwell: a:b:null
[1] 23:44:12,209 ERROR MaxwellKafkaProducer - blah
[1] 23:44:12,212 ERROR MaxwellKafkaProducer - RecordTooLargeException @ Position[BinlogPosition[binlog-1:1], lastHeartbeat=0] -- maxwell: a:b:null
[1] 23:44:12,212 ERROR MaxwellKafkaProducer - null
[1] 23:44:12,215 ERROR MaxwellKafkaProducer - NotEnoughReplicasException @ Position[BinlogPosition[binlog-1:1], lastHeartbeat=0] -- maxwell: a:b:null
[1] 23:44:12,215 ERROR MaxwellKafkaProducer - blah
[1] 23:44:12,217 DEBUG MaxwellKafkaProducer - ->  key:a:b:null, partition:1, offset:2
   value
   Position[BinlogPosition[binlog-1:1], lastHeartbeat=0]

[1] 23:44:12,220 ERROR MaxwellKafkaProducer - NotEnoughReplicasException @ Position[BinlogPosition[binlog-1:1], lastHeartbeat=0] -- maxwell: a:b:null
[1] 23:44:12,220 ERROR MaxwellKafkaProducer - blah
[1] 23:44:12,226 ERROR KinesisCallback - IrrecoverableError @ Position[BinlogPosition[binlog-1:1], lastHeartbeat=0] -- key
[1] 23:44:12,226 ERROR KinesisCallback - blah
[1] 23:44:12,227 ERROR KinesisCallback - Exception during put
com.amazonaws.services.kinesis.producer.IrrecoverableError: blah
	at com.zendesk.maxwell.producer.KinesisCallbackTest.shouldTerminateWhenNotIgnoreProducerError(KinesisCallbackTest.java:40) [test-classes/:?]
	at jdk.internal.reflect.NativeMethodAccessorImpl.invoke0(Native Method) ~[?:?]
	at jdk.internal.reflect.NativeMethodAccessorImpl.invoke(NativeMethodAccessorImpl.java:62) ~[?:?]
	at jdk.internal.reflect.DelegatingMethodAccessorImpl.invoke(DelegatingMethodAccessorImpl.java:43) ~[?:?]
	at java.lang.reflect.Method.invoke(Method.java:566) ~[?:?]
	at org.junit.runners.model.FrameworkMethod$1.runReflectiveCall(FrameworkMethod.java:59) [junit-4.13.1.jar:4.13.1]
	at org.junit.internal.runners.model.ReflectiveCallable.run(ReflectiveCallable.java:12) [junit-4.13.1.jar:4.13.1]
	at org.junit.runners.model.FrameworkMethod.invokeExplosively(FrameworkMethod.java:56) [junit-4.13.1.jar:4.13.1]
	at org.junit.internal.runners.statements.InvokeMethod.evaluate(InvokeMethod.java:17) [junit-4.13.1.jar:4.13.1]
	at org.junit.runners.ParentRunner$3.evaluate(ParentRunner.java:306) [junit-4.13.1.jar:4.13.1]
	at org.junit.runners.BlockJUnit4ClassRunner$1.evaluate(BlockJUnit4ClassRunner.java:100) [junit-4.13.1.jar:4.13.1]
	at org.junit.runners.ParentRunner.runLeaf(ParentRunner.java:366) [junit-4.13.1.jar:4.13.1]
	at org.junit.runners.BlockJUnit4ClassRunner.runChild(BlockJUnit4ClassRunner.java:103) [junit-4.13.1.jar:4.13.1]
	at org.junit.runners.BlockJUnit4ClassRunner.runChild(BlockJUnit4ClassRunner.java:63) [junit-4.13.1.jar:4.13.1]
	at org.junit.runners.ParentRunner$4.run(ParentRunner.java:331) [junit-4.13.1.jar:4.13.1]
	at org.junit.runners.ParentRunner$1.schedule(ParentRunner.java:79) [junit-4.13.1.jar:4.13.1]
	at org.junit.runners.ParentRunner.runChildren(ParentRunner.java:329) [junit-4.13.1.jar:4.13.1]
	at org.junit.runners.ParentRunner.access$100(ParentRunner.java:66) [junit-4.13.1.jar:4.13.1]
	at org.junit.runners.ParentRunner$2.evaluate(ParentRunner.java:293) [junit-4.13.1.jar:4.13.1]
	at org.junit.runners.ParentRunner$3.evaluate(ParentRunner.java:306) [junit-4.13.1.jar:4.13.1]
	at org.junit.runners.ParentRunner.run(ParentRunner.java:413) [junit-4.13.1.jar:4.13.1]
	at org.apache.maven.surefire.junit4.JUnit4Provider.execute(JUnit4Provider.java:252) [surefire-junit4-2.12.4.jar:2.12.4]
	at org.apache.maven.surefire.junit4.JUnit4Provider.executeTestSet(JUnit4Provider.java:141) [surefire-junit4-2.12.4.jar:2.12.4]
	at org.apache.maven.surefire.junit4.JUnit4Provider.invoke(JUnit4Provider.java:112) [surefire-junit4-2.12.4.jar:2.12.4]
	at jdk.internal.reflect.NativeMethodAccessorImpl.invoke0(Native Method) ~[?:?]
	at jdk.internal.reflect.NativeMethodAccessorImpl.invoke(NativeMethodAccessorImpl.java:62) ~[?:?]
	at jdk.internal.reflect.DelegatingMethodAccessorImpl.invoke(DelegatingMethodAccessorImpl.java:43) ~[?:?]
	at java.lang.reflect.Method.invoke(Method.java:566) ~[?:?]
	at org.apache.maven.surefire.util.ReflectionUtils.invokeMethodWithArray(ReflectionUtils.java:189) [surefire-api-2.12.4.jar:2.12.4]
	at org.apache.maven.surefire.booter.ProviderFactory$ProviderProxy.invoke(ProviderFactory.java:165) [surefire-booter-2.12.4.jar:2.12.4]
	at org.apache.maven.surefire.booter.ProviderFactory.invokeProvider(ProviderFactory.java:85) [surefire-booter-2.12.4.jar:2.12.4]
	at org.apache.maven.surefire.booter.ForkedBooter.runSuitesInProcess(ForkedBooter.java:115) [surefire-booter-2.12.4.jar:2.12.4]
	at org.apache.maven.surefire.booter.ForkedBooter.main(ForkedBooter.java:75) [surefire-booter-2.12.4.jar:2.12.4]
[1] 23:44:12,243 ERROR KinesisCallback - IrrecoverableError @ Position[BinlogPosition[binlog-1:1], lastHeartbeat=0] -- key
[1] 23:44:12,243 ERROR KinesisCallback - blah
[1] 23:44:12,243 ERROR KinesisCallback - Exception during put
com.amazonaws.services.kinesis.producer.IrrecoverableError: blah
	at com.zendesk.maxwell.producer.KinesisCallbackTest.shouldIgnoreProducerErrorByDefault(KinesisCallbackTest.java:25) [test-classes/:?]
	at jdk.internal.reflect.NativeMethodAccessorImpl.invoke0(Native Method) ~[?:?]
	at jdk.internal.reflect.NativeMethodAccessorImpl.invoke(NativeMethodAccessorImpl.java:62) ~[?:?]
	at jdk.internal.reflect.DelegatingMethodAccessorImpl.invoke(DelegatingMethodAccessorImpl.java:43) ~[?:?]
	at java.lang.reflect.Method.invoke(Method.java:566) ~[?:?]
	at org.junit.runners.model.FrameworkMethod$1.runReflectiveCall(FrameworkMethod.java:59) [junit-4.13.1.jar:4.13.1]
	at org.junit.internal.runners.model.ReflectiveCallable.run(ReflectiveCallable.java:12) [junit-4.13.1.jar:4.13.1]
	at org.junit.runners.model.FrameworkMethod.invokeExplosively(FrameworkMethod.java:56) [junit-4.13.1.jar:4.13.1]
	at org.junit.internal.runners.statements.InvokeMethod.evaluate(InvokeMethod.java:17) [junit-4.13.1.jar:4.13.1]
	at org.junit.runners.ParentRunner$3.evaluate(ParentRunner.java:306) [junit-4.13.1.jar:4.13.1]
	at org.junit.runners.BlockJUnit4ClassRunner$1.evaluate(BlockJUnit4ClassRunner.java:100) [junit-4.13.1.jar:4.13.1]
	at org.junit.runners.ParentRunner.runLeaf(ParentRunner.java:366) [junit-4.13.1.jar:4.13.1]
	at org.junit.runners.BlockJUnit4ClassRunner.runChild(BlockJUnit4ClassRunner.java:103) [junit-4.13.1.jar:4.13.1]
	at org.junit.runners.BlockJUnit4ClassRunner.runChild(BlockJUnit4ClassRunner.java:63) [junit-4.13.1.jar:4.13.1]
	at org.junit.runners.ParentRunner$4.run(ParentRunner.java:331) [junit-4.13.1.jar:4.13.1]
	at org.junit.runners.ParentRunner$1.schedule(ParentRunner.java:79) [junit-4.13.1.jar:4.13.1]
	at org.junit.runners.ParentRunner.runChildren(ParentRunner.java:329) [junit-4.13.1.jar:4.13.1]
	at org.junit.runners.ParentRunner.access$100(ParentRunner.java:66) [junit-4.13.1.jar:4.13.1]
	at org.junit.runners.ParentRunner$2.evaluate(ParentRunner.java:293) [junit-4.13.1.jar:4.13.1]
	at org.junit.runners.ParentRunner$3.evaluate(ParentRunner.java:306) [junit-4.13.1.jar:4.13.1]
	at org.junit.runners.ParentRunner.run(ParentRunner.java:413) [junit-4.13.1.jar:4.13.1]
	at org.apache.maven.surefire.junit4.JUnit4Provider.execute(JUnit4Provider.java:252) [surefire-junit4-2.12.4.jar:2.12.4]
	at org.apache.maven.surefire.junit4.JUnit4Provider.executeTestSet(JUnit4Provider.java:141) [surefire-junit4-2.12.4.jar:2.12.4]
	at org.apache.maven.surefire.junit4.JUnit4Provider.invoke(JUnit4Provider.java:112) [surefire-junit4-2.12.4.jar:2.12.4]
	at jdk.internal.reflect.NativeMethodAccessorImpl.invoke0(Native Method) ~[?:?]
	at jdk.internal.reflect.NativeMethodAccessorImpl.invoke(NativeMethodAccessorImpl.java:62) ~[?:?]
	at jdk.internal.reflect.DelegatingMethodAccessorImpl.invoke(DelegatingMethodAccessorImpl.java:43) ~[?:?]
	at java.lang.reflect.Method.invoke(Method.java:566) ~[?:?]
	at org.apache.maven.surefire.util.ReflectionUtils.invokeMethodWithArray(ReflectionUtils.java:189) [surefire-api-2.12.4.jar:2.12.4]
	at org.apache.maven.surefire.booter.ProviderFactory$ProviderProxy.invoke(ProviderFactory.java:165) [surefire-booter-2.12.4.jar:2.12.4]
	at org.apache.maven.surefire.booter.ProviderFactory.invokeProvider(ProviderFactory.java:85) [surefire-booter-2.12.4.jar:2.12.4]
	at org.apache.maven.surefire.booter.ForkedBooter.runSuitesInProcess(ForkedBooter.java:115) [surefire-booter-2.12.4.jar:2.12.4]
	at org.apache.maven.surefire.booter.ForkedBooter.main(ForkedBooter.java:75) [surefire-booter-2.12.4.jar:2.12.4]
[1] 23:44:12,416 INFO  MaxwellKafkaProducer - publishing fallback record to maxwell.errors: MyDatabase:MyTable:[]
[1] 23:44:12,461 INFO  ProducerConfig - ProducerConfig values: 
	acks = 1
	batch.size = 16384
	bootstrap.servers = [localhost:9092]
	buffer.memory = 33554432
	client.dns.lookup = use_all_dns_ips
	client.id = producer-1
	compression.type = none
	connections.max.idle.ms = 540000
	delivery.timeout.ms = 120000
	enable.idempotence = false
	interceptor.classes = []
	internal.auto.downgrade.txn.commit = false
	key.serializer = class org.apache.kafka.common.serialization.StringSerializer
	linger.ms = 0
	max.block.ms = 60000
	max.in.flight.requests.per.connection = 5
	max.request.size = 1048576
	metadata.max.age.ms = 300000
	metadata.max.idle.ms = 300000
	metric.reporters = []
	metrics.num.samples = 2
	metrics.recording.level = INFO
	metrics.sample.window.ms = 30000
	partitioner.class = class org.apache.kafka.clients.producer.internals.DefaultPartitioner
	receive.buffer.bytes = 32768
	reconnect.backoff.max.ms = 1000
	reconnect.backoff.ms = 50
	request.timeout.ms = 30000
	retries = 2147483647
	retry.backoff.ms = 100
	sasl.client.callback.handler.class = null
	sasl.jaas.config = null
	sasl.kerberos.kinit.cmd = /usr/bin/kinit
	sasl.kerberos.min.time.before.relogin = 60000
	sasl.kerberos.service.name = null
	sasl.kerberos.ticket.renew.jitter = 0.05
	sasl.kerberos.ticket.renew.window.factor = 0.8
	sasl.login.callback.handler.class = null
	sasl.login.class = null
	sasl.login.refresh.buffer.seconds = 300
	sasl.login.refresh.min.period.seconds = 60
	sasl.login.refresh.window.factor = 0.8
	sasl.login.refresh.window.jitter = 0.05
	sasl.mechanism = GSSAPI
	security.protocol = PLAINTEXT
	security.providers = null
	send.buffer.bytes = 131072
	socket.connection.setup.timeout.max.ms = 127000
	socket.connection.setup.timeout.ms = 10000
	ssl.cipher.suites = null
	ssl.enabled.protocols = [TLSv1.2, TLSv1.3]
	ssl.endpoint.identification.algorithm = https
	ssl.engine.factory.class = null
	ssl.key.password = null
	ssl.keymanager.algorithm = SunX509
	ssl.keystore.certificate.chain = null
	ssl.keystore.key = null
	ssl.keystore.location = null
	ssl.keystore.password = null
	ssl.keystore.type = JKS
	ssl.protocol = TLSv1.3
	ssl.provider = null
	ssl.secure.random.implementation = null
	ssl.trustmanager.algorithm = PKIX
	ssl.truststore.certificates = null
	ssl.truststore.location = null
	ssl.truststore.password = null
	ssl.truststore.type = JKS
	transaction.timeout.ms = 60000
	transactional.id = null
	value.serializer = class org.apache.kafka.common.serialization.StringSerializer

[16] 23:44:12,612 DEBUG Sender - [Producer clientId=producer-1] Starting Kafka producer I/O thread.
[16] 23:44:12,618 DEBUG NetworkClient - [Producer clientId=producer-1] Initialize connection to node localhost:9092 (id: -1 rack: null) for sending metadata request
[1] 23:44:12,618 INFO  AppInfoParser - Kafka version: 2.7.0
[1] 23:44:12,618 INFO  AppInfoParser - Kafka commitId: 448719dc99a19793
[1] 23:44:12,618 INFO  AppInfoParser - Kafka startTimeMs: 1662824652612
[1] 23:44:12,620 DEBUG KafkaProducer - [Producer clientId=producer-1] Kafka producer started
[16] 23:44:12,621 DEBUG NetworkClient - [Producer clientId=producer-1] Initiating connection to node localhost:9092 (id: -1 rack: null) using address localhost/127.0.0.1
[1] 23:44:12,625 INFO  KafkaProducer - [Producer clientId=producer-1] Closing the Kafka producer with timeoutMillis = 9223372036854775807 ms.
[16] 23:44:12,637 DEBUG Sender - [Producer clientId=producer-1] Beginning shutdown of Kafka producer I/O thread, sending remaining records.
[16] 23:44:12,643 DEBUG Sender - [Producer clientId=producer-1] Shutdown of Kafka producer I/O thread has completed.
[1] 23:44:12,643 INFO  Metrics - Metrics scheduler closed
[1] 23:44:12,643 INFO  Metrics - Closing reporter org.apache.kafka.common.metrics.JmxReporter
[1] 23:44:12,643 INFO  Metrics - Metrics reporters closed
[1] 23:44:12,644 INFO  AppInfoParser - App info kafka.producer for producer-1 unregistered
[1] 23:44:12,644 DEBUG KafkaProducer - [Producer clientId=producer-1] Kafka producer has been closed
[1] 23:44:12,739 INFO  KinesisProducer - Extracting binaries to C:\Users\xcvs\AppData\Local\Temp\amazon-kinesis-producer-native-binaries
[1] 23:44:12,741 DEBUG HashedFileCopier - Extracting file with format kinesis_producer_%s.exe
[1] 23:44:12,745 WARN  HashedFileCopier - Unable to delete temp file: C:\Users\xcvs\AppData\Local\Temp\amazon-kinesis-producer-native-binaries\kpl6214098266582764777.tmp
[1] 23:44:13,701 DEBUG NatsProducer - ->  nats subject:testDb.testTable.insert, message:{"database":"testDb","table":"testTable","type":"insert","ts":1662824653,"commit":true,"data":{}}
[1] 23:44:13,881 DEBUG NatsProducer - ->  nats subject:testDb.testTable.insert, message:{"database":"testDb","table":"testTable","type":"insert","ts":1662824653,"data":{}}
[1] 23:44:13,912 ERROR PubsubCallback - Throwable @ Position[BinlogPosition[binlog-1:1], lastHeartbeat=0]
[1] 23:44:13,912 ERROR PubsubCallback - blah
[1] 23:44:13,915 ERROR PubsubCallback - Throwable @ Position[BinlogPosition[binlog-1:1], lastHeartbeat=0]
[1] 23:44:13,915 ERROR PubsubCallback - blah
[1] 23:44:13,919 INFO  TestHarness - ========== BEGIN: testRecoveryIntegration
[1] 23:44:13,920 INFO  MysqlIsolatedServer - booting onetimeserver: C:\Users\xcvs\IdeaProjects\maxwell/src/test/onetimeserver --mysql-version=5.6 --log-slave-updates --log-bin=master --binlog_format=row --innodb_flush_log_at_trx_commit=0 --server_id=4321 --character-set-server=utf8 --sync_binlog=0 --default-time-zone=+00:00   
[1] 23:44:13,920 INFO  TestHarness - ========== END: testRecoveryIntegration
[1] 23:44:13,921 INFO  TestHarness - ========== BEGIN: testBasicRecovery
[1] 23:44:13,922 INFO  MysqlIsolatedServer - booting onetimeserver: C:\Users\xcvs\IdeaProjects\maxwell/src/test/onetimeserver --mysql-version=5.6 --log-slave-updates --log-bin=master --binlog_format=row --innodb_flush_log_at_trx_commit=0 --server_id=4321 --character-set-server=utf8 --sync_binlog=0 --default-time-zone=+00:00   
[1] 23:44:13,922 INFO  TestHarness - ========== END: testBasicRecovery
[1] 23:44:13,923 INFO  TestHarness - ========== BEGIN: testSchemaIdRestore
[1] 23:44:13,923 INFO  MysqlIsolatedServer - booting onetimeserver: C:\Users\xcvs\IdeaProjects\maxwell/src/test/onetimeserver --mysql-version=5.6 --log-slave-updates --log-bin=master --binlog_format=row --innodb_flush_log_at_trx_commit=0 --server_id=4321 --character-set-server=utf8 --sync_binlog=0 --default-time-zone=+00:00   
[1] 23:44:13,924 INFO  TestHarness - ========== END: testSchemaIdRestore
[1] 23:44:13,925 INFO  TestHarness - ========== BEGIN: testRecoveryIntegrationWithLaggedMaxwell
[1] 23:44:13,925 INFO  MysqlIsolatedServer - booting onetimeserver: C:\Users\xcvs\IdeaProjects\maxwell/src/test/onetimeserver --mysql-version=5.6 --log-slave-updates --log-bin=master --binlog_format=row --innodb_flush_log_at_trx_commit=0 --server_id=4321 --character-set-server=utf8 --sync_binlog=0 --default-time-zone=+00:00   
[1] 23:44:13,926 INFO  TestHarness - ========== END: testRecoveryIntegrationWithLaggedMaxwell
[1] 23:44:13,927 INFO  TestHarness - ========== BEGIN: testFailOver
[1] 23:44:13,928 INFO  MysqlIsolatedServer - booting onetimeserver: C:\Users\xcvs\IdeaProjects\maxwell/src/test/onetimeserver --mysql-version=5.6 --log-slave-updates --log-bin=master --binlog_format=row --innodb_flush_log_at_trx_commit=0 --server_id=4321 --character-set-server=utf8 --sync_binlog=0 --default-time-zone=+00:00   
[1] 23:44:13,929 INFO  TestHarness - ========== END: testFailOver
[1] 23:44:13,930 INFO  TestHarness - ========== BEGIN: testOtherClientID
[1] 23:44:13,930 INFO  MysqlIsolatedServer - booting onetimeserver: C:\Users\xcvs\IdeaProjects\maxwell/src/test/onetimeserver --mysql-version=5.6 --log-slave-updates --log-bin=master --binlog_format=row --innodb_flush_log_at_trx_commit=0 --server_id=4321 --character-set-server=utf8 --sync_binlog=0 --default-time-zone=+00:00   
[1] 23:44:13,931 INFO  TestHarness - ========== END: testOtherClientID
[1] 23:44:13,934 INFO  TestHarness - ========== BEGIN: testSetNullSchemaIdInProcessQueryEvent
[1] 23:44:13,935 INFO  MysqlIsolatedServer - booting onetimeserver: C:\Users\xcvs\IdeaProjects\maxwell/src/test/onetimeserver --mysql-version=5.6 --log-slave-updates --log-bin=master --binlog_format=row --innodb_flush_log_at_trx_commit=0 --server_id=4321 --character-set-server=utf8 --sync_binlog=0 --default-time-zone=+00:00   --gtid_mode=ON --enforce-gtid-consistency=true
[1] 23:44:13,936 INFO  TestHarness - ========== END: testSetNullSchemaIdInProcessQueryEvent
[1] 23:44:13,938 INFO  TestHarness - ========== BEGIN: testClientReconnectionAfterConnectionDropped
[1] 23:44:13,938 INFO  MysqlIsolatedServer - booting onetimeserver: C:\Users\xcvs\IdeaProjects\maxwell/src/test/onetimeserver --mysql-version=5.6 --log-slave-updates --log-bin=master --binlog_format=row --innodb_flush_log_at_trx_commit=0 --server_id=4321 --character-set-server=utf8 --sync_binlog=0 --default-time-zone=+00:00   --gtid_mode=ON --enforce-gtid-consistency=true
[1] 23:44:13,939 INFO  TestHarness - ========== END: testClientReconnectionAfterConnectionDropped
[1] 23:44:13,940 INFO  TestHarness - ========== BEGIN: testGTIDReconnects
[1] 23:44:13,941 INFO  MysqlIsolatedServer - booting onetimeserver: C:\Users\xcvs\IdeaProjects\maxwell/src/test/onetimeserver --mysql-version=5.6 --log-slave-updates --log-bin=master --binlog_format=row --innodb_flush_log_at_trx_commit=0 --server_id=4321 --character-set-server=utf8 --sync_binlog=0 --default-time-zone=+00:00   --gtid_mode=ON --enforce-gtid-consistency=true
[1] 23:44:13,941 INFO  TestHarness - ========== END: testGTIDReconnects
[1] 23:44:13,943 INFO  TestHarness - ========== BEGIN: testMaximumReconnectionAttemptsReached
[1] 23:44:13,943 INFO  MysqlIsolatedServer - booting onetimeserver: C:\Users\xcvs\IdeaProjects\maxwell/src/test/onetimeserver --mysql-version=5.6 --log-slave-updates --log-bin=master --binlog_format=row --innodb_flush_log_at_trx_commit=0 --server_id=4321 --character-set-server=utf8 --sync_binlog=0 --default-time-zone=+00:00   --gtid_mode=ON --enforce-gtid-consistency=true
[1] 23:44:13,944 INFO  TestHarness - ========== END: testMaximumReconnectionAttemptsReached
[1] 23:44:13,954 INFO  TestHarness - ========== BEGIN: testVersionComparison
[1] 23:44:13,954 INFO  TestHarness - ========== END: testVersionComparison
[1] 23:44:13,955 INFO  MysqlIsolatedServer - booting onetimeserver: C:\Users\xcvs\IdeaProjects\maxwell/src/test/onetimeserver --mysql-version=5.6 --log-slave-updates --log-bin=master --binlog_format=row --innodb_flush_log_at_trx_commit=0 --server_id=4321 --character-set-server=utf8 --sync_binlog=0 --default-time-zone=+00:00   
[1] 23:44:13,985 INFO  TestHarness - ========== BEGIN: TestOverflowToDiskWithJson
[1] 23:44:13,991 INFO  ListWithDiskBuffer - Overflowed in-memory buffer, spilling over into C:\Users\xcvs\AppData\Local\Temp\maxwell11106655245438402239events
[1] 23:44:14,013 INFO  TestHarness - ========== END: TestOverflowToDiskWithJson
[1] 23:44:14,013 INFO  TestHarness - ========== BEGIN: TestXOffsetIncrement
[1] 23:44:14,014 INFO  TestHarness - ========== END: TestXOffsetIncrement
[1] 23:44:14,014 INFO  TestHarness - ========== BEGIN: TestOverflowToDisk
[1] 23:44:14,015 INFO  ListWithDiskBuffer - Overflowed in-memory buffer, spilling over into C:\Users\xcvs\AppData\Local\Temp\maxwell5748627680608757683events
[1] 23:44:14,017 INFO  TestHarness - ========== END: TestOverflowToDisk
[1] 23:44:14,110 INFO  TestHarness - ========== BEGIN: TestDateTimeWithMillisecprecision
[1] 23:44:14,147 INFO  TestHarness - ========== END: TestDateTimeWithMillisecprecision
[1] 23:44:14,148 INFO  TestHarness - ========== BEGIN: TestLatin1String
[1] 23:44:14,149 INFO  TestHarness - ========== END: TestLatin1String
[1] 23:44:14,149 INFO  TestHarness - ========== BEGIN: TestTimeWithMicrosecTimestamp
[1] 23:44:14,150 INFO  TestHarness - ========== END: TestTimeWithMicrosecTimestamp
[1] 23:44:14,150 INFO  TestHarness - ========== BEGIN: testTinyInt
[1] 23:44:14,150 INFO  TestHarness - ========== END: testTinyInt
[1] 23:44:14,150 INFO  TestHarness - ========== BEGIN: TestDateTime
[1] 23:44:14,152 INFO  TestHarness - ========== END: TestDateTime
[1] 23:44:14,152 INFO  TestHarness - ========== BEGIN: testMediumInt
[1] 23:44:14,153 INFO  TestHarness - ========== END: testMediumInt
[1] 23:44:14,153 INFO  TestHarness - ========== BEGIN: testInt
[1] 23:44:14,153 INFO  TestHarness - ========== END: testInt
[1] 23:44:14,154 INFO  TestHarness - ========== BEGIN: testUTF8String
[1] 23:44:14,156 INFO  TestHarness - ========== END: testUTF8String
[1] 23:44:14,158 INFO  TestHarness - ========== BEGIN: TestDateTimeWithTimestamp
[1] 23:44:14,159 INFO  TestHarness - ========== END: TestDateTimeWithTimestamp
[1] 23:44:14,159 INFO  TestHarness - ========== BEGIN: TestDateZeroDates
[1] 23:44:14,160 INFO  TestHarness - ========== END: TestDateZeroDates
[1] 23:44:14,160 INFO  TestHarness - ========== BEGIN: TestUTF8MB4String
[1] 23:44:14,160 INFO  TestHarness - ========== END: TestUTF8MB4String
[1] 23:44:14,162 INFO  TestHarness - ========== BEGIN: TestDate
[1] 23:44:14,162 INFO  TestHarness - ========== END: TestDate
[1] 23:44:14,163 INFO  TestHarness - ========== BEGIN: TestJSON
[1] 23:44:14,171 INFO  TestHarness - ========== END: TestJSON
[1] 23:44:14,171 INFO  TestHarness - ========== BEGIN: TestTime
[1] 23:44:14,172 INFO  TestHarness - ========== END: TestTime
[1] 23:44:14,172 INFO  TestHarness - ========== BEGIN: TestDouble
[1] 23:44:14,172 INFO  TestHarness - ========== END: TestDouble
[1] 23:44:14,173 INFO  TestHarness - ========== BEGIN: TestTimeWithMillisecTimestamp
[1] 23:44:14,174 INFO  TestHarness - ========== END: TestTimeWithMillisecTimestamp
[1] 23:44:14,174 INFO  TestHarness - ========== BEGIN: testInterfaceImmutability
[1] 23:44:14,177 INFO  TestHarness - ========== END: testInterfaceImmutability
[1] 23:44:14,178 INFO  TestHarness - ========== BEGIN: TestStringAsJSON
[1] 23:44:14,178 INFO  TestHarness - ========== END: TestStringAsJSON
[1] 23:44:14,178 INFO  TestHarness - ========== BEGIN: testWithName
[1] 23:44:14,179 INFO  TestHarness - ========== END: testWithName
[1] 23:44:14,180 INFO  TestHarness - ========== BEGIN: TestAsciiString
[1] 23:44:14,180 INFO  TestHarness - ========== END: TestAsciiString
[1] 23:44:14,180 INFO  TestHarness - ========== BEGIN: TestEmptyJSON
[1] 23:44:14,180 INFO  TestHarness - ========== END: TestEmptyJSON
[1] 23:44:14,181 INFO  TestHarness - ========== BEGIN: TestTimestampWithMicroSecPrecision
[1] 23:44:14,181 INFO  TestHarness - ========== END: TestTimestampWithMicroSecPrecision
[1] 23:44:14,181 INFO  TestHarness - ========== BEGIN: TestBit
[1] 23:44:14,181 INFO  TestHarness - ========== END: TestBit
[1] 23:44:14,182 INFO  TestHarness - ========== BEGIN: testShortInt
[1] 23:44:14,182 INFO  TestHarness - ========== END: testShortInt
[1] 23:44:14,182 INFO  TestHarness - ========== BEGIN: TestFloat
[1] 23:44:14,182 INFO  TestHarness - ========== END: TestFloat
[1] 23:44:14,182 INFO  TestHarness - ========== BEGIN: testWithPos
[1] 23:44:14,183 INFO  TestHarness - ========== END: testWithPos
[1] 23:44:14,184 INFO  TestHarness - ========== BEGIN: testBigInt
[1] 23:44:14,187 INFO  TestHarness - ========== END: testBigInt
[1] 23:44:14,187 INFO  TestHarness - ========== BEGIN: testEquality
[1] 23:44:14,187 INFO  TestHarness - ========== END: testEquality
[1] 23:44:14,187 INFO  TestHarness - ========== BEGIN: TestDateTimeZeroDates
[1] 23:44:14,187 INFO  TestHarness - ========== END: TestDateTimeZeroDates
[1] 23:44:14,188 INFO  TestHarness - ========== BEGIN: TestTimestampWithMilliSecPrecision
[1] 23:44:14,188 INFO  TestHarness - ========== END: TestTimestampWithMilliSecPrecision
[1] 23:44:14,188 INFO  TestHarness - ========== BEGIN: TestTimestamp
[1] 23:44:14,188 INFO  TestHarness - ========== END: TestTimestamp
[1] 23:44:14,188 INFO  TestHarness - ========== BEGIN: testConstructorDefinitions
[1] 23:44:14,189 INFO  TestHarness - ========== END: testConstructorDefinitions
[1] 23:44:14,189 INFO  TestHarness - ========== BEGIN: TestDateTimeWithMicroPrecision
[1] 23:44:14,189 INFO  TestHarness - ========== END: TestDateTimeWithMicroPrecision
[1] 23:44:14,200 INFO  MysqlIsolatedServer - booting onetimeserver: C:\Users\xcvs\IdeaProjects\maxwell/src/test/onetimeserver --mysql-version=5.6 --log-slave-updates --log-bin=master --binlog_format=row --innodb_flush_log_at_trx_commit=0 --server_id=4321 --character-set-server=utf8 --sync_binlog=0 --default-time-zone=+00:00   
[1] 23:44:14,336 DEBUG SchemaChange - SQL_PARSE <- "ALTER TABLE t1 ORDER BY t1.id, t1.status, t1.type_id, t1.user_id, t1.body"
[1] 23:44:15,778 DEBUG SchemaChange - SQL_PARSE ->   (parse (statement (alter_table (alter_table_preamble ALTER TABLE (table_name (name (id t1)))) (alter_specifications (alter_specification (ignored_alter_specifications ORDER BY (alter_ordering (alter_ordering_column (name (id t1)) . (name (id id)))) , (alter_ordering (alter_ordering_column (name (id t1)) . (name (id status)))) , (alter_ordering (alter_ordering_column (name (id t1)) . (name (id type_id)))) , (alter_ordering (alter_ordering_column (name (id t1)) . (name (id user_id)))) , (alter_ordering (alter_ordering_column (name (id t1)) . (name (id body))))))))) <EOF>)
[1] 23:44:15,780 DEBUG SchemaChange - SQL_PARSE <- "CREATE SCHEMA if not exists `foo`"
[1] 23:44:15,784 DEBUG SchemaChange - SQL_PARSE ->   (parse (statement (create_database CREATE SCHEMA (if_not_exists if not exists) (name (id `foo`)))) <EOF>)
[1] 23:44:15,784 DEBUG SchemaChange - SQL_PARSE <- "CREATE TABLE `foo` ( `id` char(16) BINARY character set 'utf8' )"
[1] 23:44:15,791 DEBUG SchemaChange - SQL_PARSE ->   (parse (statement (create_table (create_table_preamble CREATE TABLE (table_name (name (id `foo`)))) (create_specifications ( (create_specification (column_definition (name (id `id`)) (data_type (string_type char (length ( 16 )) (column_options BINARY) (column_options (charset_def (character_set character set (charset_name (string_literal 'utf8'))))))))) )))) <EOF>)
[1] 23:44:15,792 DEBUG SchemaChange - SQL_PARSE <- "CREATE TABLE `foo` LIKE `bar`.`baz`"
[1] 23:44:15,793 DEBUG SchemaChange - SQL_PARSE ->   (parse (statement (create_table (create_table_preamble CREATE TABLE (table_name (name (id `foo`)))) (create_like_tbl LIKE (table_name (db_name (name (id `bar`))) . (name_all_tokens (id `baz`)))))) <EOF>)
[1] 23:44:15,794 DEBUG SchemaChange - SQL_PARSE <- "alter table bar add column m int(11) unsigned not null, add p varchar(255)"
[1] 23:44:15,803 DEBUG SchemaChange - SQL_PARSE ->   (parse (statement (alter_table (alter_table_preamble alter table (table_name (name (id bar)))) (alter_specifications (alter_specification (add_column add column (column_definition (name (id m)) (data_type (signed_type int (length ( 11 )) (int_flags unsigned) (column_options (nullability not null))))))) , (alter_specification (add_column add (column_definition (name (id p)) (data_type (string_type varchar (length ( 255 )))))))))) <EOF>)
[1] 23:44:15,804 DEBUG SchemaChange - SQL_PARSE <- "CREATE TABLE db (foo char(60) binary DEFAULT '' NOT NULL, PRIMARY KEY Host (foo,Db,User))"
[1] 23:44:15,810 DEBUG SchemaChange - SQL_PARSE ->   (parse (statement (create_table (create_table_preamble CREATE TABLE (table_name (name (id db)))) (create_specifications ( (create_specification (column_definition (name (id foo)) (data_type (string_type char (length ( 60 )) (column_options binary) (column_options (default_value DEFAULT (literal_with_weirdo_multistring (string_literal '')))) (column_options (nullability NOT NULL)))))) , (create_specification (index_definition (index_type_pk PRIMARY KEY (index_name (name (id Host))) (index_column_list ( (index_columns (index_column (name (id foo))) , (index_column (name (id Db))) , (index_column (name (id User)))) ))))) )))) <EOF>)
[1] 23:44:15,810 DEBUG SchemaChange - SQL_PARSE <- "ALTER TABLE `foo`.`bar` ADD column `col1` text AFTER `afterCol`"
[1] 23:44:15,812 DEBUG SchemaChange - SQL_PARSE ->   (parse (statement (alter_table (alter_table_preamble ALTER TABLE (table_name (db_name (name (id `foo`))) . (name_all_tokens (id `bar`)))) (alter_specifications (alter_specification (add_column ADD column (column_definition (name (id `col1`)) (data_type (string_type text))) (col_position AFTER (name (id `afterCol`)))))))) <EOF>)
[1] 23:44:15,812 DEBUG SchemaChange - SQL_PARSE <- "CREATE TABLE /*! IF NOT EXISTS */ foo (id int primary key)"
[1] 23:44:15,814 DEBUG SchemaChange - SQL_PARSE ->   (parse (statement (create_table (create_table_preamble CREATE TABLE (if_not_exists IF NOT EXISTS) (table_name (name (id foo)))) (create_specifications ( (create_specification (column_definition (name (id id)) (data_type (signed_type int (column_options (primary_key primary key)))))) )))) <EOF>)
[1] 23:44:15,814 DEBUG SchemaChange - SQL_PARSE <- "ALTER TABLE `foo` ADD col1 text"
[1] 23:44:15,815 DEBUG SchemaChange - SQL_PARSE ->   (parse (statement (alter_table (alter_table_preamble ALTER TABLE (table_name (name (id `foo`)))) (alter_specifications (alter_specification (add_column ADD (column_definition (name (id col1)) (data_type (string_type text)))))))) <EOF>)
[1] 23:44:15,815 DEBUG SchemaChange - SQL_PARSE <- "ALTER TABLE foolkj `foo` lkjlkj"
[1] 23:44:15,818 ERROR MysqlParserListener - (parse (statement (alter_table (alter_table_preamble ALTER TABLE (table_name (name (id foolkj)))))) `foo` lkjlkj)
[1] 23:44:15,818 ERROR SchemaChange - Error parsing SQL: 'ALTER TABLE foolkj `foo` lkjlkj'
[1] 23:44:15,819 DEBUG SchemaChange - SQL_PARSE <- "CREATE TABLE `foo` ( id int(11) auto_increment not null, `textcol` mediumtext character set 'utf8' not null )"
[1] 23:44:15,821 DEBUG SchemaChange - SQL_PARSE ->   (parse (statement (create_table (create_table_preamble CREATE TABLE (table_name (name (id `foo`)))) (create_specifications ( (create_specification (column_definition (name (id id)) (data_type (signed_type int (length ( 11 )) (column_options auto_increment) (column_options (nullability not null)))))) , (create_specification (column_definition (name (id `textcol`)) (data_type (string_type mediumtext (column_options (charset_def (character_set character set (charset_name (string_literal 'utf8'))))) (column_options (nullability not null)))))) )))) <EOF>)
[1] 23:44:15,821 DEBUG SchemaChange - SQL_PARSE <- "alter table bar add column m TEXT character set utf8 default null auto_increment unique key primary key comment 'bar' column_format fixed storage disk"
[1] 23:44:15,829 DEBUG SchemaChange - SQL_PARSE ->   (parse (statement (alter_table (alter_table_preamble alter table (table_name (name (id bar)))) (alter_specifications (alter_specification (add_column add column (column_definition (name (id m)) (data_type (string_type TEXT (column_options (charset_def (character_set character set (charset_name utf8)))) (column_options (default_value default (literal_with_weirdo_multistring null))) (column_options auto_increment) (column_options unique key) (column_options (primary_key primary key)) (column_options comment (string_literal 'bar')) (column_options column_format fixed) (column_options storage disk))))))))) <EOF>)
[1] 23:44:15,830 DEBUG SchemaChange - SQL_PARSE <- "alter table foo add column `location` point NOT NULL SRID 4326"
[1] 23:44:15,832 DEBUG SchemaChange - SQL_PARSE ->   (parse (statement (alter_table (alter_table_preamble alter table (table_name (name (id foo)))) (alter_specifications (alter_specification (add_column add column (column_definition (name (id `location`)) (data_type (generic_type point (column_options (nullability NOT NULL)) (column_options SRID 4326))))))))) <EOF>)
[1] 23:44:15,832 DEBUG SchemaChange - SQL_PARSE <- "alter table no.no add column mocha TEXT character set 'utf8' collate 'utf8_foo'"
[1] 23:44:15,834 DEBUG SchemaChange - SQL_PARSE ->   (parse (statement (alter_table (alter_table_preamble alter table (table_name (db_name (name (tokens_available_for_names no))) . (name_all_tokens (all_tokens no)))) (alter_specifications (alter_specification (add_column add column (column_definition (name (id mocha)) (data_type (string_type TEXT (column_options (charset_def (character_set character set (charset_name (string_literal 'utf8'))))) (column_options (collation collate (string_literal 'utf8_foo'))))))))))) <EOF>)
[1] 23:44:15,835 DEBUG SchemaChange - SQL_PARSE <- "CREATE TABLE test.chk (  group_name DECIMAL(8) NOT NULL)  "
[1] 23:44:15,836 DEBUG SchemaChange - SQL_PARSE ->   (parse (statement (create_table (create_table_preamble CREATE TABLE (table_name (db_name (name (id test))) . (name_all_tokens (id chk)))) (create_specifications ( (create_specification (column_definition (name (id group_name)) (data_type (signed_type DECIMAL (decimal_length ( 8 )) (column_options (nullability NOT NULL)))))) )))) <EOF>)
[1] 23:44:15,837 DEBUG SchemaChange - SQL_PARSE <- "CREATE TABLE employees (   data JSON,   INDEX ((CAST(data->>'$.name' AS CHAR(30)))) )"
[1] 23:44:15,842 DEBUG SchemaChange - rewrote SQL to CREATE TABLE employees (   data JSON,   INDEX ((CAST/__MAXWELL__/)) )
[1] 23:44:15,843 DEBUG SchemaChange - SQL_PARSE <- "CREATE TABLE employees (   data JSON,   INDEX ((CAST/__MAXWELL__/)) )"
[1] 23:44:15,843 DEBUG SchemaChange - SQL_PARSE ->   (parse (statement (create_table (create_table_preamble CREATE TABLE (table_name (name (id employees)))) (create_specifications ( (create_specification (column_definition (name (tokens_available_for_names data)) (data_type (generic_type JSON)))) , (create_specification (index_definition (index_type_1 (index_or_key INDEX) (index_column_list ( (index_columns (index_column ( CAST (skip_parens /__MAXWELL__/) ))) ))))) )))) <EOF>)
[1] 23:44:15,844 DEBUG SchemaChange - SQL_PARSE <- "ALTER TABLE uat_sync_test.p add COLUMN uat_sync_test.p.remark VARCHAR(100) after pname"
[1] 23:44:15,845 DEBUG SchemaChange - SQL_PARSE ->   (parse (statement (alter_table (alter_table_preamble ALTER TABLE (table_name (db_name (name (id uat_sync_test))) . (name_all_tokens (id p)))) (alter_specifications (alter_specification (add_column add COLUMN (column_definition (name (id uat_sync_test)) . (name (id p)) . (name (id remark)) (data_type (string_type VARCHAR (length ( 100 ))))) (col_position after (name (id pname)))))))) <EOF>)
[1] 23:44:15,845 DEBUG SchemaChange - SQL_PARSE <- "alter table t add column c varchar(255) default 'string1' 'string2'"
[1] 23:44:15,846 DEBUG SchemaChange - SQL_PARSE ->   (parse (statement (alter_table (alter_table_preamble alter table (table_name (name (id t)))) (alter_specifications (alter_specification (add_column add column (column_definition (name (id c)) (data_type (string_type varchar (length ( 255 )) (column_options (default_value default (literal_with_weirdo_multistring (string_literal 'string1') (string_literal 'string2')))))))))))) <EOF>)
[1] 23:44:15,846 DEBUG SchemaChange - SQL_PARSE <- "alter table t add column mortgage_item BIT(4) NOT NULL DEFAULT 0b0000"
[1] 23:44:15,847 DEBUG SchemaChange - SQL_PARSE ->   (parse (statement (alter_table (alter_table_preamble alter table (table_name (name (id t)))) (alter_specifications (alter_specification (add_column add column (column_definition (name (id mortgage_item)) (data_type (generic_type BIT (length ( 4 )) (column_options (nullability NOT NULL)) (column_options (default_value DEFAULT (literal_with_weirdo_multistring (byte_literal 0b0000)))))))))))) <EOF>)
[1] 23:44:15,848 DEBUG SchemaChange - SQL_PARSE <- "alter table t add column mortgage_item BIT(4) NOT NULL DEFAULT 'b'01010"
[1] 23:44:15,848 DEBUG SchemaChange - SQL_PARSE ->   (parse (statement (alter_table (alter_table_preamble alter table (table_name (name (id t)))) (alter_specifications (alter_specification (add_column add column (column_definition (name (id mortgage_item)) (data_type (generic_type BIT (length ( 4 )) (column_options (nullability NOT NULL)) (column_options (default_value DEFAULT (literal_with_weirdo_multistring (byte_literal 'b' 01010)))))))))))) <EOF>)
[1] 23:44:15,848 DEBUG SchemaChange - SQL_PARSE <- "alter table t add column mortgage_item BIT(4) NOT NULL DEFAULT 'B'01010"
[1] 23:44:15,849 DEBUG SchemaChange - SQL_PARSE ->   (parse (statement (alter_table (alter_table_preamble alter table (table_name (name (id t)))) (alter_specifications (alter_specification (add_column add column (column_definition (name (id mortgage_item)) (data_type (generic_type BIT (length ( 4 )) (column_options (nullability NOT NULL)) (column_options (default_value DEFAULT (literal_with_weirdo_multistring (byte_literal 'B' 01010)))))))))))) <EOF>)
[1] 23:44:15,849 DEBUG SchemaChange - SQL_PARSE <- "alter database d DEFAULT CHARACTER SET = 'utf8'"
[1] 23:44:15,857 DEBUG SchemaChange - SQL_PARSE ->   (parse (statement (alter_database alter database (name (id d)) (alter_database_definition (default_character_set DEFAULT (charset_token CHARACTER SET) = (charset_name (string_literal 'utf8')))))) <EOF>)
[1] 23:44:15,857 DEBUG SchemaChange - SQL_PARSE <- "alter database d UPGRADE DATA DIRECTORY NAME"
[1] 23:44:15,858 DEBUG SchemaChange - SQL_PARSE ->   (parse (statement (alter_database alter database (name (id d)) (alter_database_definition UPGRADE DATA DIRECTORY NAME))) <EOF>)
[1] 23:44:15,859 DEBUG SchemaChange - SQL_PARSE <- "alter schema d COLLATE foo"
[1] 23:44:15,859 DEBUG SchemaChange - SQL_PARSE ->   (parse (statement (alter_database alter schema (name (id d)) (alter_database_definition (default_collation (collation COLLATE foo))))) <EOF>)
[1] 23:44:15,860 DEBUG SchemaChange - SQL_PARSE <- "alter table t add index `foo` using btree (`a`, `cd`) key_block_size=123"
[1] 23:44:15,861 DEBUG SchemaChange - SQL_PARSE ->   (parse (statement (alter_table (alter_table_preamble alter table (table_name (name (id t)))) (alter_specifications (alter_specification (ignored_alter_specifications add (index_definition (index_type_1 (index_or_key index) (index_name (name (id `foo`))) (index_type using btree) (index_column_list ( (index_columns (index_column (name (id `a`))) , (index_column (name (id `cd`)))) )) (index_options key_block_size = 123)))))))) <EOF>)
[1] 23:44:15,861 DEBUG SchemaChange - SQL_PARSE <- "alter table t add index `foo` using btree (`a`, `cd`) invisible key_block_size=123"
[1] 23:44:15,862 DEBUG SchemaChange - SQL_PARSE ->   (parse (statement (alter_table (alter_table_preamble alter table (table_name (name (id t)))) (alter_specifications (alter_specification (ignored_alter_specifications add (index_definition (index_type_1 (index_or_key index) (index_name (name (id `foo`))) (index_type using btree) (index_column_list ( (index_columns (index_column (name (id `a`))) , (index_column (name (id `cd`)))) )) (index_options invisible) (index_options key_block_size = 123)))))))) <EOF>)
[1] 23:44:15,862 DEBUG SchemaChange - SQL_PARSE <- "alter table t add index `foo` using btree (`a`, `cd`) comment 'hello' key_block_size=12"
[1] 23:44:15,863 DEBUG SchemaChange - SQL_PARSE ->   (parse (statement (alter_table (alter_table_preamble alter table (table_name (name (id t)))) (alter_specifications (alter_specification (ignored_alter_specifications add (index_definition (index_type_1 (index_or_key index) (index_name (name (id `foo`))) (index_type using btree) (index_column_list ( (index_columns (index_column (name (id `a`))) , (index_column (name (id `cd`)))) )) (index_options comment (string_literal 'hello')) (index_options key_block_size = 12)))))))) <EOF>)
[1] 23:44:15,863 DEBUG SchemaChange - SQL_PARSE <- "alter table t add key bar (d)"
[1] 23:44:15,864 DEBUG SchemaChange - SQL_PARSE ->   (parse (statement (alter_table (alter_table_preamble alter table (table_name (name (id t)))) (alter_specifications (alter_specification (ignored_alter_specifications add (index_definition (index_type_1 (index_or_key key) (index_name (name (id bar))) (index_column_list ( (index_columns (index_column (name (id d)))) ))))))))) <EOF>)
[1] 23:44:15,864 DEBUG SchemaChange - SQL_PARSE <- "alter table t add constraint `foo` primary key using btree (id)"
[1] 23:44:15,866 DEBUG SchemaChange - SQL_PARSE ->   (parse (statement (alter_table (alter_table_preamble alter table (table_name (name (id t)))) (alter_specifications (alter_specification (ignored_alter_specifications add (index_definition (index_type_pk (index_constraint constraint (constraint_name (name (id `foo`)))) primary key (index_type using btree) (index_column_list ( (index_columns (index_column (name (id id)))) ))))))))) <EOF>)
[1] 23:44:15,866 DEBUG SchemaChange - SQL_PARSE <- "alter table t add primary key (`id`)"
[1] 23:44:15,867 DEBUG SchemaChange - SQL_PARSE ->   (parse (statement (alter_table (alter_table_preamble alter table (table_name (name (id t)))) (alter_specifications (alter_specification (ignored_alter_specifications add (index_definition (index_type_pk primary key (index_column_list ( (index_columns (index_column (name (id `id`)))) ))))))))) <EOF>)
[1] 23:44:15,867 DEBUG SchemaChange - SQL_PARSE <- "alter table t add constraint unique key (`id`)"
[1] 23:44:15,868 DEBUG SchemaChange - SQL_PARSE ->   (parse (statement (alter_table (alter_table_preamble alter table (table_name (name (id t)))) (alter_specifications (alter_specification (ignored_alter_specifications add (index_definition (index_type_3 (index_constraint constraint) unique (index_or_key key) (index_column_list ( (index_columns (index_column (name (id `id`)))) ))))))))) <EOF>)
[1] 23:44:15,869 DEBUG SchemaChange - SQL_PARSE <- "alter table t add fulltext key (`id`)"
[1] 23:44:15,870 DEBUG SchemaChange - SQL_PARSE ->   (parse (statement (alter_table (alter_table_preamble alter table (table_name (name (id t)))) (alter_specifications (alter_specification (ignored_alter_specifications add (index_definition (index_type_4 fulltext (index_or_key key) (index_column_list ( (index_columns (index_column (name (id `id`)))) ))))))))) <EOF>)
[1] 23:44:15,870 DEBUG SchemaChange - SQL_PARSE <- "alter table t add index foo (a desc)"
[1] 23:44:15,870 DEBUG SchemaChange - SQL_PARSE ->   (parse (statement (alter_table (alter_table_preamble alter table (table_name (name (id t)))) (alter_specifications (alter_specification (ignored_alter_specifications add (index_definition (index_type_1 (index_or_key index) (index_name (name (id foo))) (index_column_list ( (index_columns (index_column (name (id a)) (index_column_asc_or_desc desc))) ))))))))) <EOF>)
[1] 23:44:15,871 DEBUG SchemaChange - SQL_PARSE <- "alter table t add index foo (a asc)"
[1] 23:44:15,871 DEBUG SchemaChange - SQL_PARSE ->   (parse (statement (alter_table (alter_table_preamble alter table (table_name (name (id t)))) (alter_specifications (alter_specification (ignored_alter_specifications add (index_definition (index_type_1 (index_or_key index) (index_name (name (id foo))) (index_column_list ( (index_columns (index_column (name (id a)) (index_column_asc_or_desc asc))) ))))))))) <EOF>)
[1] 23:44:15,872 DEBUG SchemaChange - SQL_PARSE <- "alter table t add index foo (a) COMMENT 'hello world'"
[1] 23:44:15,872 DEBUG SchemaChange - SQL_PARSE ->   (parse (statement (alter_table (alter_table_preamble alter table (table_name (name (id t)))) (alter_specifications (alter_specification (ignored_alter_specifications add (index_definition (index_type_1 (index_or_key index) (index_name (name (id foo))) (index_column_list ( (index_columns (index_column (name (id a)))) )) (index_options COMMENT (string_literal 'hello world'))))))))) <EOF>)
[1] 23:44:15,873 DEBUG SchemaChange - SQL_PARSE <- "alter table t add spatial key (`id`)"
[1] 23:44:15,873 DEBUG SchemaChange - SQL_PARSE ->   (parse (statement (alter_table (alter_table_preamble alter table (table_name (name (id t)))) (alter_specifications (alter_specification (ignored_alter_specifications add (index_definition (index_type_4 spatial (index_or_key key) (index_column_list ( (index_columns (index_column (name (id `id`)))) ))))))))) <EOF>)
[1] 23:44:15,874 DEBUG SchemaChange - SQL_PARSE <- "ALTER TABLE foo ADD feee int(11) COLLATE utf8_unicode_ci NOT NULL DEFAULT '0' COMMENT 'eee' AFTER id"
[1] 23:44:15,874 DEBUG SchemaChange - SQL_PARSE ->   (parse (statement (alter_table (alter_table_preamble ALTER TABLE (table_name (name (id foo)))) (alter_specifications (alter_specification (add_column ADD (column_definition (name (id feee)) (data_type (signed_type int (length ( 11 )) (column_options (collation COLLATE utf8_unicode_ci)) (column_options (nullability NOT NULL)) (column_options (default_value DEFAULT (literal_with_weirdo_multistring (string_literal '0')))) (column_options COMMENT (string_literal 'eee'))))) (col_position AFTER (name (id id)))))))) <EOF>)
[1] 23:44:15,875 DEBUG SchemaChange - SQL_PARSE <- "alter table t alter column `foo` SET DEFAULT 112312"
[1] 23:44:15,876 DEBUG SchemaChange - SQL_PARSE ->   (parse (statement (alter_table (alter_table_preamble alter table (table_name (name (id t)))) (alter_specifications (alter_specification (ignored_alter_specifications alter column (name (id `foo`)) SET DEFAULT (literal (integer_literal 112312))))))) <EOF>)
[1] 23:44:15,876 DEBUG SchemaChange - SQL_PARSE <- "alter table t alter column `foo` SET DEFAULT 1.2"
[1] 23:44:15,877 DEBUG SchemaChange - SQL_PARSE ->   (parse (statement (alter_table (alter_table_preamble alter table (table_name (name (id t)))) (alter_specifications (alter_specification (ignored_alter_specifications alter column (name (id `foo`)) SET DEFAULT (literal (float_literal 1 . 2))))))) <EOF>)
[1] 23:44:15,877 DEBUG SchemaChange - SQL_PARSE <- "alter table t alter column `foo` SET DEFAULT 'foo'"
[1] 23:44:15,878 DEBUG SchemaChange - SQL_PARSE ->   (parse (statement (alter_table (alter_table_preamble alter table (table_name (name (id t)))) (alter_specifications (alter_specification (ignored_alter_specifications alter column (name (id `foo`)) SET DEFAULT (literal (string_literal 'foo'))))))) <EOF>)
[1] 23:44:15,878 DEBUG SchemaChange - SQL_PARSE <- "alter table t alter column `foo` SET DEFAULT true"
[1] 23:44:15,879 DEBUG SchemaChange - SQL_PARSE ->   (parse (statement (alter_table (alter_table_preamble alter table (table_name (name (id t)))) (alter_specifications (alter_specification (ignored_alter_specifications alter column (name (id `foo`)) SET DEFAULT (literal true)))))) <EOF>)
[1] 23:44:15,879 DEBUG SchemaChange - SQL_PARSE <- "alter table t alter column `foo` SET DEFAULT false"
[1] 23:44:15,879 DEBUG SchemaChange - SQL_PARSE ->   (parse (statement (alter_table (alter_table_preamble alter table (table_name (name (id t)))) (alter_specifications (alter_specification (ignored_alter_specifications alter column (name (id `foo`)) SET DEFAULT (literal false)))))) <EOF>)
[1] 23:44:15,880 DEBUG SchemaChange - SQL_PARSE <- "alter table t alter column `foo` SET DEFAULT -1"
[1] 23:44:15,880 DEBUG SchemaChange - SQL_PARSE ->   (parse (statement (alter_table (alter_table_preamble alter table (table_name (name (id t)))) (alter_specifications (alter_specification (ignored_alter_specifications alter column (name (id `foo`)) SET DEFAULT (literal (integer_literal - 1))))))) <EOF>)
[1] 23:44:15,881 DEBUG SchemaChange - SQL_PARSE <- "alter table t alter column `foo` drop default"
[1] 23:44:15,881 DEBUG SchemaChange - SQL_PARSE ->   (parse (statement (alter_table (alter_table_preamble alter table (table_name (name (id t)))) (alter_specifications (alter_specification (ignored_alter_specifications alter column (name (id `foo`)) drop default))))) <EOF>)
[1] 23:44:15,881 DEBUG SchemaChange - SQL_PARSE <- "alter table t alter index `foo` VISIBLE"
[1] 23:44:15,882 DEBUG SchemaChange - SQL_PARSE ->   (parse (statement (alter_table (alter_table_preamble alter table (table_name (name (id t)))) (alter_specifications (alter_specification (ignored_alter_specifications alter index (name (id `foo`)) VISIBLE))))) <EOF>)
[1] 23:44:15,882 DEBUG SchemaChange - SQL_PARSE <- "alter table t alter index bar INVISIBLE"
[1] 23:44:15,883 DEBUG SchemaChange - SQL_PARSE ->   (parse (statement (alter_table (alter_table_preamble alter table (table_name (name (id t)))) (alter_specifications (alter_specification (ignored_alter_specifications alter index (name (id bar)) INVISIBLE))))) <EOF>)
[1] 23:44:15,883 DEBUG SchemaChange - SQL_PARSE <- "alter table t CHARACTER SET latin1 COLLATE = 'utf8'"
[1] 23:44:15,886 DEBUG SchemaChange - SQL_PARSE ->   (parse (statement (alter_table (alter_table_preamble alter table (table_name (name (id t)))) (alter_specifications (alter_specification (default_character_set (charset_token CHARACTER SET) (charset_name latin1) (collation COLLATE = (string_literal 'utf8'))))))) <EOF>)
[1] 23:44:15,886 DEBUG SchemaChange - SQL_PARSE <- "ALTER TABLE `test` ENGINE=`InnoDB` CHARACTER SET latin1"
[1] 23:44:15,888 DEBUG SchemaChange - SQL_PARSE ->   (parse (statement (alter_table (alter_table_preamble ALTER TABLE (table_name (name (id `test`)))) (alter_specifications (alter_specification (table_creation_option (creation_engine ENGINE = (id `InnoDB`))) (table_creation_option (creation_character_set CHARACTER SET (charset_name latin1))))))) <EOF>)
[1] 23:44:15,888 DEBUG SchemaChange - SQL_PARSE <- "alter table t DROP PRIMARY KEY"
[1] 23:44:15,889 DEBUG SchemaChange - SQL_PARSE ->   (parse (statement (alter_table (alter_table_preamble alter table (table_name (name (id t)))) (alter_specifications (alter_specification (drop_primary_key DROP PRIMARY KEY))))) <EOF>)
[1] 23:44:15,889 DEBUG SchemaChange - SQL_PARSE <- "alter table t drop index `foo`"
[1] 23:44:15,891 DEBUG SchemaChange - SQL_PARSE ->   (parse (statement (alter_table (alter_table_preamble alter table (table_name (name (id t)))) (alter_specifications (alter_specification (drop_key drop index (name (id `foo`))))))) <EOF>)
[1] 23:44:15,891 DEBUG SchemaChange - SQL_PARSE <- "alter table t disable keys"
[1] 23:44:15,892 DEBUG SchemaChange - SQL_PARSE ->   (parse (statement (alter_table (alter_table_preamble alter table (table_name (name (id t)))) (alter_specifications (alter_specification (ignored_alter_specifications disable keys))))) <EOF>)
[1] 23:44:15,893 DEBUG SchemaChange - SQL_PARSE <- "alter table t enable keys"
[1] 23:44:15,893 DEBUG SchemaChange - SQL_PARSE ->   (parse (statement (alter_table (alter_table_preamble alter table (table_name (name (id t)))) (alter_specifications (alter_specification (ignored_alter_specifications enable keys))))) <EOF>)
[1] 23:44:15,894 DEBUG SchemaChange - SQL_PARSE <- "alter table t order by `foor`, bar"
[1] 23:44:15,895 DEBUG SchemaChange - SQL_PARSE ->   (parse (statement (alter_table (alter_table_preamble alter table (table_name (name (id t)))) (alter_specifications (alter_specification (ignored_alter_specifications order by (alter_ordering (alter_ordering_column (name (id `foor`)))) , (alter_ordering (alter_ordering_column (name (id bar))))))))) <EOF>)
[1] 23:44:15,895 DEBUG SchemaChange - SQL_PARSE <- "alter table tester add index (whatever(20), `f,` (2))"
[1] 23:44:15,897 DEBUG SchemaChange - SQL_PARSE ->   (parse (statement (alter_table (alter_table_preamble alter table (table_name (name (id tester)))) (alter_specifications (alter_specification (ignored_alter_specifications add (index_definition (index_type_1 (index_or_key index) (index_column_list ( (index_columns (index_column (name (id whatever)) (index_column_partial_def ( (index_column_partial_length 20) ))) , (index_column (name (id `f,`)) (index_column_partial_def ( (index_column_partial_length 2) )))) ))))))))) <EOF>)
[1] 23:44:15,897 DEBUG SchemaChange - SQL_PARSE <- "create table t ( id int ) engine = innodb, auto_increment = 5"
[1] 23:44:15,898 DEBUG SchemaChange - SQL_PARSE ->   (parse (statement (create_table (create_table_preamble create table (table_name (name (id t)))) (create_specifications ( (create_specification (column_definition (name (id id)) (data_type (signed_type int)))) )) (table_creation_option (creation_engine engine = (id innodb))) , (table_creation_option (creation_auto_increment auto_increment = (integer 5))))) <EOF>)
[1] 23:44:15,899 DEBUG SchemaChange - SQL_PARSE <- "alter table t engine=innodb"
[1] 23:44:15,899 DEBUG SchemaChange - SQL_PARSE ->   (parse (statement (alter_table (alter_table_preamble alter table (table_name (name (id t)))) (alter_specifications (alter_specification (table_creation_option (creation_engine engine = (id innodb))))))) <EOF>)
[1] 23:44:15,900 DEBUG SchemaChange - SQL_PARSE <- "alter table t auto_increment =5"
[1] 23:44:15,900 DEBUG SchemaChange - SQL_PARSE ->   (parse (statement (alter_table (alter_table_preamble alter table (table_name (name (id t)))) (alter_specifications (alter_specification (table_creation_option (creation_auto_increment auto_increment = (integer 5))))))) <EOF>)
[1] 23:44:15,901 DEBUG SchemaChange - SQL_PARSE <- "alter table t add column `foo` int, auto_increment = 5 engine=innodb, modify column bar int"
[1] 23:44:15,904 DEBUG SchemaChange - SQL_PARSE ->   (parse (statement (alter_table (alter_table_preamble alter table (table_name (name (id t)))) (alter_specifications (alter_specification (add_column add column (column_definition (name (id `foo`)) (data_type (signed_type int))))) , (alter_specification (table_creation_option (creation_auto_increment auto_increment = (integer 5))) (table_creation_option (creation_engine engine = (id innodb)))) , (alter_specification (modify_column modify column (column_definition (name (id bar)) (data_type (signed_type int)))))))) <EOF>)
[1] 23:44:15,904 DEBUG SchemaChange - SQL_PARSE <- "alter table t add column `foo` int,  ALGORITHM=copy"
[1] 23:44:15,905 DEBUG SchemaChange - SQL_PARSE ->   (parse (statement (alter_table (alter_table_preamble alter table (table_name (name (id t)))) (alter_specifications (alter_specification (add_column add column (column_definition (name (id `foo`)) (data_type (signed_type int))))) , (alter_specification (ignored_alter_specifications ALGORITHM = (algorithm_type copy)))))) <EOF>)
[1] 23:44:15,905 DEBUG SchemaChange - SQL_PARSE <- "alter table t add column `foo` int, algorithm copy"
[1] 23:44:15,906 DEBUG SchemaChange - SQL_PARSE ->   (parse (statement (alter_table (alter_table_preamble alter table (table_name (name (id t)))) (alter_specifications (alter_specification (add_column add column (column_definition (name (id `foo`)) (data_type (signed_type int))))) , (alter_specification (ignored_alter_specifications algorithm (algorithm_type copy)))))) <EOF>)
[1] 23:44:15,906 DEBUG SchemaChange - SQL_PARSE <- "alter table t add column `foo` int, algorithm instant"
[1] 23:44:15,907 DEBUG SchemaChange - SQL_PARSE ->   (parse (statement (alter_table (alter_table_preamble alter table (table_name (name (id t)))) (alter_specifications (alter_specification (add_column add column (column_definition (name (id `foo`)) (data_type (signed_type int))))) , (alter_specification (ignored_alter_specifications algorithm (algorithm_type instant)))))) <EOF>)
[1] 23:44:15,907 DEBUG SchemaChange - SQL_PARSE <- "alter table t add column `foo` int, algorithm copy, lock shared"
[1] 23:44:15,908 DEBUG SchemaChange - SQL_PARSE ->   (parse (statement (alter_table (alter_table_preamble alter table (table_name (name (id t)))) (alter_specifications (alter_specification (add_column add column (column_definition (name (id `foo`)) (data_type (signed_type int))))) , (alter_specification (ignored_alter_specifications algorithm (algorithm_type copy))) , (alter_specification (ignored_alter_specifications lock (lock_type shared)))))) <EOF>)
[1] 23:44:15,908 DEBUG SchemaChange - SQL_PARSE <- "alter table t add column `foo` int, algorithm copy, lock=exclusive"
[1] 23:44:15,909 DEBUG SchemaChange - SQL_PARSE ->   (parse (statement (alter_table (alter_table_preamble alter table (table_name (name (id t)))) (alter_specifications (alter_specification (add_column add column (column_definition (name (id `foo`)) (data_type (signed_type int))))) , (alter_specification (ignored_alter_specifications algorithm (algorithm_type copy))) , (alter_specification (ignored_alter_specifications lock = (lock_type exclusive)))))) <EOF>)
[1] 23:44:15,910 DEBUG SchemaChange - SQL_PARSE <- "create table t (id int) engine=memory"
[1] 23:44:15,911 DEBUG SchemaChange - SQL_PARSE ->   (parse (statement (create_table (create_table_preamble create table (table_name (name (id t)))) (create_specifications ( (create_specification (column_definition (name (id id)) (data_type (signed_type int)))) )) (table_creation_option (creation_engine engine = memory)))) <EOF>)
[1] 23:44:15,911 DEBUG SchemaChange - SQL_PARSE <- "CREATE TABLE `t1` (id int, UNIQUE `int` (`int`))"
[1] 23:44:15,912 DEBUG SchemaChange - SQL_PARSE ->   (parse (statement (create_table (create_table_preamble CREATE TABLE (table_name (name (id `t1`)))) (create_specifications ( (create_specification (column_definition (name (id id)) (data_type (signed_type int)))) , (create_specification (index_definition (index_type_3 UNIQUE (index_name (name (id `int`))) (index_column_list ( (index_columns (index_column (name (id `int`)))) ))))) )))) <EOF>)
[1] 23:44:15,912 DEBUG SchemaChange - SQL_PARSE <- "create table t2 (b varchar(10) not null unique) engine=MyISAM"
[1] 23:44:15,913 DEBUG SchemaChange - SQL_PARSE ->   (parse (statement (create_table (create_table_preamble create table (table_name (name (id t2)))) (create_specifications ( (create_specification (column_definition (name (id b)) (data_type (string_type varchar (length ( 10 )) (column_options (nullability not null)) (column_options unique))))) )) (table_creation_option (creation_engine engine = (id MyISAM))))) <EOF>)
[1] 23:44:15,914 DEBUG SchemaChange - SQL_PARSE <- "create TABLE shard_1.20151214foo ( r1 REAL, b2 REAL (2,2) )"
[1] 23:44:15,915 DEBUG SchemaChange - SQL_PARSE ->   (parse (statement (create_table (create_table_preamble create TABLE (table_name (db_name (name (id shard_1))) . (name_all_tokens (id 20151214foo)))) (create_specifications ( (create_specification (column_definition (name (id r1)) (data_type (signed_type REAL)))) , (create_specification (column_definition (name (id b2)) (data_type (signed_type REAL (decimal_length ( 2 , 2 )))))) )))) <EOF>)
[1] 23:44:15,915 DEBUG SchemaChange - SQL_PARSE <- "create TABLE shard_1.20151214 ( r1 REAL, b2 REAL (2,2) )"
[1] 23:44:15,916 DEBUG SchemaChange - SQL_PARSE ->   (parse (statement (create_table (create_table_preamble create TABLE (table_name (db_name (name (id shard_1))) . (name_all_tokens 20151214))) (create_specifications ( (create_specification (column_definition (name (id r1)) (data_type (signed_type REAL)))) , (create_specification (column_definition (name (id b2)) (data_type (signed_type REAL (decimal_length ( 2 , 2 )))))) )))) <EOF>)
[1] 23:44:15,916 DEBUG SchemaChange - SQL_PARSE <- "create table `shard1.foo` ( `id.foo` int )"
[1] 23:44:15,917 DEBUG SchemaChange - SQL_PARSE ->   (parse (statement (create_table (create_table_preamble create table (table_name (name (id `shard1.foo`)))) (create_specifications ( (create_specification (column_definition (name (id `id.foo`)) (data_type (signed_type int)))) )))) <EOF>)
[1] 23:44:15,917 DEBUG SchemaChange - SQL_PARSE <- "create table `shard1.foo` ( `id.foo` int ) collate = `utf8_bin`"
[1] 23:44:15,918 DEBUG SchemaChange - SQL_PARSE ->   (parse (statement (create_table (create_table_preamble create table (table_name (name (id `shard1.foo`)))) (create_specifications ( (create_specification (column_definition (name (id `id.foo`)) (data_type (signed_type int)))) )) (table_creation_option (creation_collation (default_collation (collation collate = `utf8_bin`)))))) <EOF>)
[1] 23:44:15,919 DEBUG SchemaChange - SQL_PARSE <- "ALTER TABLE .`users` CHANGE COLUMN `password` `password` VARCHAR(60) CHARACTER SET 'utf8' COLLATE 'utf8_bin' NULL DEFAULT NULL COMMENT 'Length 60 for Bcrypt'"
[1] 23:44:15,921 DEBUG SchemaChange - SQL_PARSE ->   (parse (statement (alter_table (alter_table_preamble ALTER TABLE (table_name . (name (id `users`)))) (alter_specifications (alter_specification (change_column CHANGE COLUMN (full_column_name (name (id `password`))) (column_definition (name (id `password`)) (data_type (string_type VARCHAR (length ( 60 )) (column_options (charset_def (character_set CHARACTER SET (charset_name (string_literal 'utf8'))))) (column_options (collation COLLATE (string_literal 'utf8_bin'))) (column_options (nullability NULL)) (column_options (default_value DEFAULT (literal_with_weirdo_multistring NULL))) (column_options COMMENT (string_literal 'Length 60 for Bcrypt')))))))))) <EOF>)
[1] 23:44:15,921 DEBUG SchemaChange - SQL_PARSE <- "create table `shard1.foo` ( `id.foo` int ) collate = `utf8_bin`"
[1] 23:44:15,922 DEBUG SchemaChange - SQL_PARSE ->   (parse (statement (create_table (create_table_preamble create table (table_name (name (id `shard1.foo`)))) (create_specifications ( (create_specification (column_definition (name (id `id.foo`)) (data_type (signed_type int)))) )) (table_creation_option (creation_collation (default_collation (collation collate = `utf8_bin`)))))) <EOF>)
[1] 23:44:15,922 DEBUG SchemaChange - SQL_PARSE <- "create table if not exists audit_payer_bank_details (event_time TIMESTAMP default CURRENT_TIMESTAMP())"
[1] 23:44:15,924 DEBUG SchemaChange - SQL_PARSE ->   (parse (statement (create_table (create_table_preamble create table (if_not_exists if not exists) (table_name (name (id audit_payer_bank_details)))) (create_specifications ( (create_specification (column_definition (name (id event_time)) (data_type (generic_type TIMESTAMP (column_options (default_value default CURRENT_TIMESTAMP (current_timestamp_length ( )))))))) )))) <EOF>)
[1] 23:44:15,924 DEBUG SchemaChange - SQL_PARSE <- "create table if not exists audit_bank_payer_details (event_time TIMESTAMP default LOCALTIME())"
[1] 23:44:15,925 DEBUG SchemaChange - SQL_PARSE ->   (parse (statement (create_table (create_table_preamble create table (if_not_exists if not exists) (table_name (name (id audit_bank_payer_details)))) (create_specifications ( (create_specification (column_definition (name (id event_time)) (data_type (generic_type TIMESTAMP (column_options (default_value default (localtime_function LOCALTIME ( )))))))) )))) <EOF>)
[1] 23:44:15,925 DEBUG SchemaChange - SQL_PARSE <- "create table nobody_pays_noone (event_time TIMESTAMP default localtimestamp)"
[1] 23:44:15,926 DEBUG SchemaChange - SQL_PARSE ->   (parse (statement (create_table (create_table_preamble create table (table_name (name (id nobody_pays_noone)))) (create_specifications ( (create_specification (column_definition (name (id event_time)) (data_type (generic_type TIMESTAMP (column_options (default_value default (localtime_function localtimestamp))))))) )))) <EOF>)
[1] 23:44:15,926 DEBUG SchemaChange - SQL_PARSE <- "ALTER TABLE foo RENAME INDEX index_quote_request_follow_on_data_on_model_name TO index_quote_request_follow_on_data_on_model_class_name"
[1] 23:44:15,927 DEBUG SchemaChange - SQL_PARSE ->   (parse (statement (alter_table (alter_table_preamble ALTER TABLE (table_name (name (id foo)))) (alter_specifications (alter_specification (ignored_alter_specifications RENAME INDEX (name (id index_quote_request_follow_on_data_on_model_name)) TO (name (id index_quote_request_follow_on_data_on_model_class_name))))))) <EOF>)
[1] 23:44:15,927 DEBUG SchemaChange - SQL_PARSE <- "ALTER TABLE foo DROP COLUMN `ducati` CASCADE"
[1] 23:44:15,929 DEBUG SchemaChange - SQL_PARSE ->   (parse (statement (alter_table (alter_table_preamble ALTER TABLE (table_name (name (id foo)))) (alter_specifications (alter_specification (drop_column DROP COLUMN (full_column_name (name (id `ducati`))) CASCADE))))) <EOF>)
[1] 23:44:15,929 DEBUG SchemaChange - SQL_PARSE <- "CREATE TABLE account_groups ( visible_to_all CHAR(1) DEFAULT 'N' NOT NULL CHECK (visible_to_all IN ('Y','N')))"
[1] 23:44:15,930 DEBUG SchemaChange - rewrote SQL to CREATE TABLE account_groups ( visible_to_all CHAR(1) DEFAULT 'N' NOT NULL CHECK /__MAXWELL__/)
[1] 23:44:15,930 DEBUG SchemaChange - SQL_PARSE <- "CREATE TABLE account_groups ( visible_to_all CHAR(1) DEFAULT 'N' NOT NULL CHECK /__MAXWELL__/)"
[1] 23:44:15,931 DEBUG SchemaChange - SQL_PARSE ->   (parse (statement (create_table (create_table_preamble CREATE TABLE (table_name (name (id account_groups)))) (create_specifications ( (create_specification (column_definition (name (id visible_to_all)) (data_type (string_type CHAR (length ( 1 )) (column_options (default_value DEFAULT (literal_with_weirdo_multistring (string_literal 'N')))) (column_options (nullability NOT NULL)) (column_options CHECK (skip_parens /__MAXWELL__/)))))) )))) <EOF>)
[1] 23:44:15,931 DEBUG SchemaChange - SQL_PARSE <- "ALTER TABLE "foo" drop column a"
[1] 23:44:15,932 DEBUG SchemaChange - SQL_PARSE ->   (parse (statement (alter_table (alter_table_preamble ALTER TABLE (table_name (name "foo"))) (alter_specifications (alter_specification (drop_column drop column (full_column_name (name (id a)))))))) <EOF>)
[1] 23:44:15,932 DEBUG SchemaChange - SQL_PARSE <- "create table vc11( id serial, name varchar(10) not null default "")"
[1] 23:44:15,934 DEBUG SchemaChange - SQL_PARSE ->   (parse (statement (create_table (create_table_preamble create table (table_name (name (id vc11)))) (create_specifications ( (create_specification (column_definition (name (id id)) (data_type (signed_type serial)))) , (create_specification (column_definition (name (tokens_available_for_names name)) (data_type (string_type varchar (length ( 10 )) (column_options (nullability not null)) (column_options (default_value default (literal_with_weirdo_multistring (string_literal "")))))))) )))) <EOF>)
[1] 23:44:15,934 DEBUG SchemaChange - SQL_PARSE <- "create table foo.order ( i int )"
[1] 23:44:15,935 DEBUG SchemaChange - SQL_PARSE ->   (parse (statement (create_table (create_table_preamble create table (table_name (db_name (name (id foo))) . (name_all_tokens (all_tokens order)))) (create_specifications ( (create_specification (column_definition (name (id i)) (data_type (signed_type int)))) )))) <EOF>)
[1] 23:44:15,936 DEBUG SchemaChange - SQL_PARSE <- "alter table foo.int add column bar varchar(255)"
[1] 23:44:15,936 DEBUG SchemaChange - SQL_PARSE ->   (parse (statement (alter_table (alter_table_preamble alter table (table_name (db_name (name (id foo))) . (name_all_tokens (all_tokens int)))) (alter_specifications (alter_specification (add_column add column (column_definition (name (id bar)) (data_type (string_type varchar (length ( 255 )))))))))) <EOF>)
[1] 23:44:15,937 DEBUG SchemaChange - SQL_PARSE <- "alter table something collate = default"
[1] 23:44:15,937 DEBUG SchemaChange - SQL_PARSE ->   (parse (statement (alter_table (alter_table_preamble alter table (table_name (name (id something)))) (alter_specifications (alter_specification (table_creation_option (creation_collation (default_collation (collation collate = default)))))))) <EOF>)
[1] 23:44:15,938 DEBUG SchemaChange - SQL_PARSE <- "ALTER TABLE t DROP t.foo"
[1] 23:44:15,939 DEBUG SchemaChange - SQL_PARSE ->   (parse (statement (alter_table (alter_table_preamble ALTER TABLE (table_name (name (id t)))) (alter_specifications (alter_specification (drop_column DROP (full_column_name (name (id t)) . (name (id foo)))))))) <EOF>)
[1] 23:44:15,939 DEBUG SchemaChange - SQL_PARSE <- "alter table f add column i varchar(255) default ('environment,namespace,table_name')"
[1] 23:44:15,940 DEBUG SchemaChange - rewrote SQL to alter table f add column i varchar(255) default /__MAXWELL__/
[1] 23:44:15,940 DEBUG SchemaChange - SQL_PARSE <- "alter table f add column i varchar(255) default /__MAXWELL__/"
[1] 23:44:15,941 DEBUG SchemaChange - SQL_PARSE ->   (parse (statement (alter_table (alter_table_preamble alter table (table_name (name (id f)))) (alter_specifications (alter_specification (add_column add column (column_definition (name (id i)) (data_type (string_type varchar (length ( 255 )) (column_options (default_value default (skip_parens /__MAXWELL__/))))))))))) <EOF>)
[1] 23:44:15,942 DEBUG SchemaChange - SQL_PARSE <- "CREATE DATABASE xyz DEFAULT CHARACTER SET utf8mb4 COLLATE utf8mb4_0900_ai_ci DEFAULT ENCRYPTION='N'"
[1] 23:44:15,943 DEBUG SchemaChange - SQL_PARSE ->   (parse (statement (create_database CREATE DATABASE (name (id xyz)) (create_option (default_character_set DEFAULT (charset_token CHARACTER SET) (charset_name utf8mb4) (collation COLLATE utf8mb4_0900_ai_ci))) (create_option DEFAULT ENCRYPTION = (string_literal 'N')))) <EOF>)
[1] 23:44:15,943 DEBUG SchemaChange - SQL_PARSE <- "CREATE TABLE testTable18 ( command JSON NOT NULL DEFAULT (JSON_QUOTE("{'parent':'sched'}")) )"
[1] 23:44:15,944 DEBUG SchemaChange - rewrote SQL to CREATE TABLE testTable18 ( command JSON NOT NULL DEFAULT /__MAXWELL__/ )
[1] 23:44:15,945 DEBUG SchemaChange - SQL_PARSE <- "CREATE TABLE testTable18 ( command JSON NOT NULL DEFAULT /__MAXWELL__/ )"
[1] 23:44:15,945 DEBUG SchemaChange - SQL_PARSE ->   (parse (statement (create_table (create_table_preamble CREATE TABLE (table_name (name (id testTable18)))) (create_specifications ( (create_specification (column_definition (name (id command)) (data_type (generic_type JSON (column_options (nullability NOT NULL)) (column_options (default_value DEFAULT (skip_parens /__MAXWELL__/))))))) )))) <EOF>)
[1] 23:44:15,946 DEBUG SchemaChange - SQL_PARSE <- "CREATE TABLE testTable19 ( pid BIGINT NOT NULL DEFAULT(1) )"
[1] 23:44:15,947 DEBUG SchemaChange - rewrote SQL to CREATE TABLE testTable19 ( pid BIGINT NOT NULL DEFAULT/__MAXWELL__/ )
[1] 23:44:15,947 DEBUG SchemaChange - SQL_PARSE <- "CREATE TABLE testTable19 ( pid BIGINT NOT NULL DEFAULT/__MAXWELL__/ )"
[1] 23:44:15,948 DEBUG SchemaChange - SQL_PARSE ->   (parse (statement (create_table (create_table_preamble CREATE TABLE (table_name (name (id testTable19)))) (create_specifications ( (create_specification (column_definition (name (id pid)) (data_type (signed_type BIGINT (column_options (nullability NOT NULL)) (column_options (default_value DEFAULT (skip_parens /__MAXWELL__/))))))) )))) <EOF>)
[1] 23:44:15,948 DEBUG SchemaChange - SQL_PARSE <- "CREATE TABLE encRTYPE ( i int ) ENCRYPTION='Y'"
[1] 23:44:15,949 DEBUG SchemaChange - SQL_PARSE ->   (parse (statement (create_table (create_table_preamble CREATE TABLE (table_name (name (id encRTYPE)))) (create_specifications ( (create_specification (column_definition (name (id i)) (data_type (signed_type int)))) )) (table_creation_option (creation_encryption ENCRYPTION = (string_literal 'Y'))))) <EOF>)
[1] 23:44:15,949 DEBUG SchemaChange - SQL_PARSE <- "CREATE TABLE testfoo ( i int ) START TRANSACTION"
[1] 23:44:15,951 DEBUG SchemaChange - SQL_PARSE ->   (parse (statement (create_table (create_table_preamble CREATE TABLE (table_name (name (id testfoo)))) (create_specifications ( (create_specification (column_definition (name (id i)) (data_type (signed_type int)))) )) (table_creation_option (creation_start_transaction START TRANSACTION)))) <EOF>)
[1] 23:44:15,951 DEBUG SchemaChange - SQL_PARSE <- "ALTER TABLE c add column i int visible"
[1] 23:44:15,952 DEBUG SchemaChange - SQL_PARSE ->   (parse (statement (alter_table (alter_table_preamble ALTER TABLE (table_name (name (id c)))) (alter_specifications (alter_specification (add_column add column (column_definition (name (id i)) (data_type (signed_type int (column_options (visibility visible)))))))))) <EOF>)
[1] 23:44:15,952 DEBUG SchemaChange - SQL_PARSE <- "ALTER TABLE c add column i int invisible"
[1] 23:44:15,953 DEBUG SchemaChange - SQL_PARSE ->   (parse (statement (alter_table (alter_table_preamble ALTER TABLE (table_name (name (id c)))) (alter_specifications (alter_specification (add_column add column (column_definition (name (id i)) (data_type (signed_type int (column_options (visibility invisible)))))))))) <EOF>)
[1] 23:44:15,953 DEBUG SchemaChange - SQL_PARSE <- "ALTER TABLE c alter column i set visible"
[1] 23:44:15,954 DEBUG SchemaChange - SQL_PARSE ->   (parse (statement (alter_table (alter_table_preamble ALTER TABLE (table_name (name (id c)))) (alter_specifications (alter_specification (ignored_alter_specifications alter column (name (id i)) set visible))))) <EOF>)
[1] 23:44:15,954 DEBUG SchemaChange - SQL_PARSE <- "ALTER TABLE broker.table ADD PARTITION IF NOT EXISTS (partition p20210912 VALUES LESS THAN (738411))"
[1] 23:44:15,956 DEBUG SchemaChange - rewrote SQL to ALTER TABLE broker.table ADD PARTITION IF NOT EXISTS /__MAXWELL__/
[1] 23:44:15,956 DEBUG SchemaChange - SQL_PARSE <- "ALTER TABLE broker.table ADD PARTITION IF NOT EXISTS /__MAXWELL__/"
[1] 23:44:15,956 DEBUG SchemaChange - SQL_PARSE ->   (parse (statement (alter_table (alter_table_preamble ALTER TABLE (table_name (db_name (name (id broker))) . (name_all_tokens (all_tokens table)))) (alter_partition_specification ADD PARTITION (if_not_exists IF NOT EXISTS) (skip_parens /__MAXWELL__/)))) <EOF>)
[1] 23:44:15,957 DEBUG SchemaChange - SQL_PARSE <- "ALTER TABLE t1 DROP PARTITION IF EXISTS p3"
[1] 23:44:15,957 DEBUG SchemaChange - SQL_PARSE ->   (parse (statement (alter_table (alter_table_preamble ALTER TABLE (table_name (name (id t1)))) (alter_partition_specification DROP PARTITION (if_exists IF EXISTS) (partition_names (id p3))))) <EOF>)
[1] 23:44:15,958 DEBUG SchemaChange - SQL_PARSE <- "ALTER TABLE t1 DROP CONSTRAINT ck"
[1] 23:44:15,958 DEBUG SchemaChange - SQL_PARSE ->   (parse (statement (alter_table (alter_table_preamble ALTER TABLE (table_name (name (id t1)))) (alter_specifications (alter_specification (ignored_alter_specifications DROP CONSTRAINT (name (id ck))))))) <EOF>)
[1] 23:44:15,959 DEBUG SchemaChange - SQL_PARSE <- "ALTER TABLE t1 DROP CHECK ck"
[1] 23:44:15,959 DEBUG SchemaChange - SQL_PARSE ->   (parse (statement (alter_table (alter_table_preamble ALTER TABLE (table_name (name (id t1)))) (alter_specifications (alter_specification (ignored_alter_specifications DROP CHECK (name (id ck))))))) <EOF>)
[1] 23:44:15,959 DEBUG SchemaChange - SQL_PARSE <- "create table test ( i float default -1. )"
[1] 23:44:15,963 DEBUG SchemaChange - SQL_PARSE ->   (parse (statement (create_table (create_table_preamble create table (table_name (name (id test)))) (create_specifications ( (create_specification (column_definition (name (id i)) (data_type (signed_type float (column_options (default_value default (literal_with_weirdo_multistring (broken_float_literal - 1 .)))))))) )))) <EOF>)
[1] 23:44:15,964 DEBUG SchemaChange - SQL_PARSE <- "alter table c rename to `foo`"
[1] 23:44:15,965 DEBUG SchemaChange - SQL_PARSE ->   (parse (statement (alter_table (alter_table_preamble alter table (table_name (name (id c)))) (alter_specifications (alter_specification (alter_rename_table rename to (table_name (name (id `foo`)))))))) <EOF>)
[1] 23:44:15,965 DEBUG SchemaChange - SQL_PARSE <- "alter table c rename to `foo`.`bar`"
[1] 23:44:15,966 DEBUG SchemaChange - SQL_PARSE ->   (parse (statement (alter_table (alter_table_preamble alter table (table_name (name (id c)))) (alter_specifications (alter_specification (alter_rename_table rename to (table_name (db_name (name (id `foo`))) . (name_all_tokens (id `bar`)))))))) <EOF>)
[1] 23:44:15,966 DEBUG SchemaChange - SQL_PARSE <- "alter table bar add column (m int(11) unsigned not null, p varchar(255))"
[1] 23:44:15,968 DEBUG SchemaChange - SQL_PARSE ->   (parse (statement (alter_table (alter_table_preamble alter table (table_name (name (id bar)))) (alter_specifications (alter_specification (add_column_parens add column ( (column_definition (name (id m)) (data_type (signed_type int (length ( 11 )) (int_flags unsigned) (column_options (nullability not null))))) , (column_definition (name (id p)) (data_type (string_type varchar (length ( 255 ))))) )))))) <EOF>)
[1] 23:44:15,968 DEBUG SchemaChange - SQL_PARSE <- "CREATE TABLE test.chk (  group_name NUMERIC(8) NOT NULL)  "
[1] 23:44:15,969 DEBUG SchemaChange - SQL_PARSE ->   (parse (statement (create_table (create_table_preamble CREATE TABLE (table_name (db_name (name (id test))) . (name_all_tokens (id chk)))) (create_specifications ( (create_specification (column_definition (name (id group_name)) (data_type (signed_type NUMERIC (decimal_length ( 8 )) (column_options (nullability NOT NULL)))))) )))) <EOF>)
[1] 23:44:15,969 DEBUG SchemaChange - SQL_PARSE <- "alter table c drop column `drop`"
[1] 23:44:15,970 DEBUG SchemaChange - SQL_PARSE ->   (parse (statement (alter_table (alter_table_preamble alter table (table_name (name (id c)))) (alter_specifications (alter_specification (drop_column drop column (full_column_name (name (id `drop`)))))))) <EOF>)
[1] 23:44:15,972 DEBUG SchemaChange - SQL_PARSE <- "alter table no.no add column mocha varchar(255) character set latin1 not null"
[1] 23:44:15,973 DEBUG SchemaChange - SQL_PARSE ->   (parse (statement (alter_table (alter_table_preamble alter table (table_name (db_name (name (tokens_available_for_names no))) . (name_all_tokens (all_tokens no)))) (alter_specifications (alter_specification (add_column add column (column_definition (name (id mocha)) (data_type (string_type varchar (length ( 255 )) (column_options (charset_def (character_set character set (charset_name latin1)))) (column_options (nullability not null)))))))))) <EOF>)
[1] 23:44:15,973 DEBUG SchemaChange - SQL_PARSE <- "CREATE TABLE table_name ( id_agency bigint(18) unsigned NOT NULL DEFAULT '0', CONSTRAINT 112923b397c621505a97cfc4119f9f98abae0fb4a3bdb7a037ad3531712f5614 FOREIGN KEY (id_agency) REFERENCES agencies (id) ON DELETE CASCADE ON UPDATE CASCADE, CONSTRAINT agencies_offer_gift_types.id_type FOREIGN KEY (id_type) REFERENCES insurance_gift_types (id) ON DELETE CASCADE ON UPDATE CASCADE ) "
[1] 23:44:15,978 DEBUG SchemaChange - SQL_PARSE ->   (parse (statement (create_table (create_table_preamble CREATE TABLE (table_name (name (id table_name)))) (create_specifications ( (create_specification (column_definition (name (id id_agency)) (data_type (signed_type bigint (length ( 18 )) (int_flags unsigned) (column_options (nullability NOT NULL)) (column_options (default_value DEFAULT (literal_with_weirdo_multistring (string_literal '0')))))))) , (create_specification (index_definition (index_type_5 (index_constraint CONSTRAINT (constraint_name (name (id 112923b397c621505a97cfc4119f9f98abae0fb4a3bdb7a037ad3531712f5614)))) FOREIGN KEY (index_column_list ( (index_columns (index_column (name (id id_agency)))) )) (reference_definition REFERENCES (table_name (name (id agencies))) (index_column_list ( (index_columns (index_column (name (id id)))) )) (reference_definition_on_delete ON DELETE (reference_option CASCADE)) (reference_definition_on_update ON UPDATE (reference_option CASCADE)))))) , (create_specification (index_definition (index_type_5 (index_constraint CONSTRAINT (constraint_name (name (id agencies_offer_gift_types)) . (name (id id_type)))) FOREIGN KEY (index_column_list ( (index_columns (index_column (name (id id_type)))) )) (reference_definition REFERENCES (table_name (name (id insurance_gift_types))) (index_column_list ( (index_columns (index_column (name (id id)))) )) (reference_definition_on_delete ON DELETE (reference_option CASCADE)) (reference_definition_on_update ON UPDATE (reference_option CASCADE)))))) )))) <EOF>)
[1] 23:44:15,978 DEBUG SchemaChange - SQL_PARSE <- "CREATE SCHEMA IF NOT EXISTS `tblname` CHARACTER SET = default"
[1] 23:44:15,979 DEBUG SchemaChange - SQL_PARSE ->   (parse (statement (create_database CREATE SCHEMA (if_not_exists IF NOT EXISTS) (name (id `tblname`)) (create_option (default_character_set (charset_token CHARACTER SET) = (charset_name default))))) <EOF>)
[1] 23:44:15,979 DEBUG SchemaChange - SQL_PARSE <- "DROP TABLE IF exists `foo`.bar, `bar`.baz"
[1] 23:44:15,981 DEBUG SchemaChange - SQL_PARSE ->   (parse (statement (drop_table DROP TABLE (if_exists IF exists) (table_name (db_name (name (id `foo`))) . (name_all_tokens (id bar))) , (table_name (db_name (name (id `bar`))) . (name_all_tokens (id baz))))) <EOF>)
[1] 23:44:15,981 DEBUG SchemaChange - SQL_PARSE <- "CREATE TABLE `foo` ( `id` timestamp NOT NULL DEFAULT CURRENT_TIMESTAMP ON UPDATE CURRENT_TIMESTAMP )"
[1] 23:44:15,982 DEBUG SchemaChange - SQL_PARSE ->   (parse (statement (create_table (create_table_preamble CREATE TABLE (table_name (name (id `foo`)))) (create_specifications ( (create_specification (column_definition (name (id `id`)) (data_type (generic_type timestamp (column_options (nullability NOT NULL)) (column_options (default_value DEFAULT CURRENT_TIMESTAMP)) (column_options ON UPDATE CURRENT_TIMESTAMP))))) )))) <EOF>)
[1] 23:44:15,983 DEBUG SchemaChange - SQL_PARSE <- "CREATE TABLE `bar`.`foo` (id int(11) auto_increment PRIMARY KEY, dt datetime, KEY `index_on_datetime` (dt), KEY (`something else`), INDEX USING BTREE (yet_again))"
[1] 23:44:15,984 DEBUG SchemaChange - SQL_PARSE ->   (parse (statement (create_table (create_table_preamble CREATE TABLE (table_name (db_name (name (id `bar`))) . (name_all_tokens (id `foo`)))) (create_specifications ( (create_specification (column_definition (name (id id)) (data_type (signed_type int (length ( 11 )) (column_options auto_increment) (column_options (primary_key PRIMARY KEY)))))) , (create_specification (column_definition (name (id dt)) (data_type (generic_type datetime)))) , (create_specification (index_definition (index_type_1 (index_or_key KEY) (index_name (name (id `index_on_datetime`))) (index_column_list ( (index_columns (index_column (name (id dt)))) ))))) , (create_specification (index_definition (index_type_1 (index_or_key KEY) (index_column_list ( (index_columns (index_column (name (id `something else`)))) ))))) , (create_specification (index_definition (index_type_1 (index_or_key INDEX) (index_type USING BTREE) (index_column_list ( (index_columns (index_column (name (id yet_again)))) ))))) )))) <EOF>)
[1] 23:44:15,984 DEBUG SchemaChange - SQL_PARSE <- "CREATE DATABASE if not exists `foo` default character set='latin1' /* generate by server */"
[1] 23:44:15,985 DEBUG SchemaChange - SQL_PARSE ->   (parse (statement (create_database CREATE DATABASE (if_not_exists if not exists) (name (id `foo`)) (create_option (default_character_set default (charset_token character set) = (charset_name (string_literal 'latin1')))))) <EOF>)
[1] 23:44:15,986 DEBUG SchemaChange - ignoring sql: CREATE 
EVENT foo
[1] 23:44:15,986 DEBUG SchemaChange - ignoring sql: DROP FUNCTION IF EXISTS `DAY_NAME_FROM_NUMER` 
[1] 23:44:15,987 DEBUG SchemaChange - SQL_PARSE <- "ALTER DEFINER=foo VIEW"
[1] 23:44:15,988 DEBUG SchemaChange - Parse cancelled: org.antlr.v4.runtime.misc.ParseCancellationException: Not finishing parse of ALTER VIEW
[1] 23:44:15,989 DEBUG SchemaChange - SQL_PARSE <- "CREATE VIEW foo"
[1] 23:44:15,989 DEBUG SchemaChange - Parse cancelled: org.antlr.v4.runtime.misc.ParseCancellationException: Not finishing parse of CREATE VIEW
[1] 23:44:15,990 DEBUG SchemaChange - ignoring sql: CREATE TRIGGER foo
[1] 23:44:15,990 DEBUG SchemaChange - ignoring sql: CREATE DEFINER=`dba`@`localhost` TRIGGER `pt_osc_zd_shard485_prod_cf_values_del` ... 
[1] 23:44:15,990 DEBUG SchemaChange - ignoring sql: CREATE EVENT foo 
[1] 23:44:15,990 DEBUG SchemaChange - ignoring sql: DROP EVENT foo bar
[1] 23:44:15,990 DEBUG SchemaChange - SQL_PARSE <- "ALTER ALGORITHM = UNDEFINED DEFINER='view'@'localhost' SQL SECURITY DEFINER VIEW `fooview` as (SELECT * FROM FOO)VIEW view_name [(alskdj lk jdlfka j dlkjd lk"
[1] 23:44:15,992 DEBUG SchemaChange - Parse cancelled: org.antlr.v4.runtime.misc.ParseCancellationException: Not finishing parse of ALTER VIEW
[1] 23:44:15,992 DEBUG SchemaChange - ignoring sql: CREATE TEMPORARY TABLE 172898_16841_transmem SELECT t.* FROM map.transmem AS t
[1] 23:44:15,992 DEBUG SchemaChange - ignoring sql: DROP TEMPORARY TABLE IF EXISTS 172898_16841_transmem
[1] 23:44:15,992 DEBUG SchemaChange - ignoring sql: ALTER TEMPORARY TABLE 172898_16841_transmem ADD something VARCHAR(1)
[1] 23:44:15,992 DEBUG SchemaChange - ignoring sql:  CREATE EVENT FOO
[1] 23:44:15,993 INFO  SchemaChange - Ignoring DELETE statement: DELETE FROM `foo`.`bar`
[1] 23:44:15,993 INFO  SchemaChange - You may ignore this warning if this is a MEMORY table.
[1] 23:44:15,993 INFO  SchemaChange - Otherwise you should make sure your binlog_format setting is correct, and that your clients have all reconnected.
[1] 23:44:15,993 DEBUG SchemaChange - ignoring sql: CREATE ROLE 'administrator', 'developer'
[1] 23:44:15,993 DEBUG SchemaChange - ignoring sql: SET ROLE 'role1', 'role2'
[1] 23:44:15,993 DEBUG SchemaChange - ignoring sql: SET DEFAULT ROLE administrator, developer TO 'joe'@'10.0.0.1'
[1] 23:44:15,993 DEBUG SchemaChange - ignoring sql: DROP ROLE 'role1'
[1] 23:44:15,994 DEBUG SchemaChange - ignoring sql: 
drop procedure if exists `foo`
[1] 23:44:15,994 DEBUG SchemaChange - ignoring sql:  drop procedure if exists foo
[1] 23:44:15,994 DEBUG SchemaChange - SQL_PARSE <- "alter table c CHANGE column `foo` bar int(20) unsigned default 'foo' not null"
[1] 23:44:15,995 DEBUG SchemaChange - SQL_PARSE ->   (parse (statement (alter_table (alter_table_preamble alter table (table_name (name (id c)))) (alter_specifications (alter_specification (change_column CHANGE column (full_column_name (name (id `foo`))) (column_definition (name (id bar)) (data_type (signed_type int (length ( 20 )) (int_flags unsigned) (column_options (default_value default (literal_with_weirdo_multistring (string_literal 'foo')))) (column_options (nullability not null)))))))))) <EOF>)
[1] 23:44:16,002 DEBUG SchemaChange - SQL_PARSE <- "create table t1 (a varchar(5)) partition by list columns(a) ( partition p0 values in ("\\\\\'\n\'ac\"''"),   partition p1 values in (''),   partition p2 values in ('b'))"
[1] 23:44:16,004 DEBUG SchemaChange - rewrote SQL to create table t1 (a varchar(5)) partition by list columns/__MAXWELL__/ ( partition p0 values in ("\\\\\'\n\'ac\"''"),   partition p1 values in (''),   partition p2 values in ('b'))
[1] 23:44:16,004 DEBUG SchemaChange - SQL_PARSE <- "create table t1 (a varchar(5)) partition by list columns/__MAXWELL__/ ( partition p0 values in ("\\\\\'\n\'ac\"''"),   partition p1 values in (''),   partition p2 values in ('b'))"
[1] 23:44:16,005 DEBUG SchemaChange - rewrote SQL to create table t1 (a varchar(5)) partition by list columns/__MAXWELL__/ ( /__MAXWELL__/
[1] 23:44:16,005 DEBUG SchemaChange - SQL_PARSE <- "create table t1 (a varchar(5)) partition by list columns/__MAXWELL__/ ( /__MAXWELL__/"
[1] 23:44:16,006 DEBUG SchemaChange - SQL_PARSE ->   (parse (statement (create_table (create_table_preamble create table (table_name (name (id t1)))) (create_specifications ( (create_specification (column_definition (name (id a)) (data_type (string_type varchar (length ( 5 )))))) )) (table_creation_option (partition_by partition by (partition_by_what list columns (skip_parens /__MAXWELL__/)) (partition_definitions ( (skip_parens_inside_partition_definitions /__MAXWELL__/)))))) <EOF>)
[1] 23:44:16,006 DEBUG SchemaChange - SQL_PARSE <- "create table t1 (col1 int) engine='MYISAM'  partition by range(col1 * 12.3 / 111 >> 1 & 123 | 5 * 2 ~5 < !5) (partition p0 values less than (15), partition p1 values less than maxvalue)"
[1] 23:44:16,007 DEBUG SchemaChange - rewrote SQL to create table t1 (col1 int) engine='MYISAM'  partition by range/__MAXWELL__/ (partition p0 values less than (15), partition p1 values less than maxvalue)
[1] 23:44:16,007 DEBUG SchemaChange - SQL_PARSE <- "create table t1 (col1 int) engine='MYISAM'  partition by range/__MAXWELL__/ (partition p0 values less than (15), partition p1 values less than maxvalue)"
[1] 23:44:16,008 DEBUG SchemaChange - rewrote SQL to create table t1 (col1 int) engine='MYISAM'  partition by range/__MAXWELL__/ (/__MAXWELL__/
[1] 23:44:16,008 DEBUG SchemaChange - SQL_PARSE <- "create table t1 (col1 int) engine='MYISAM'  partition by range/__MAXWELL__/ (/__MAXWELL__/"
[1] 23:44:16,008 DEBUG SchemaChange - SQL_PARSE ->   (parse (statement (create_table (create_table_preamble create table (table_name (name (id t1)))) (create_specifications ( (create_specification (column_definition (name (id col1)) (data_type (signed_type int)))) )) (table_creation_option (creation_engine engine = (string_literal 'MYISAM'))) (table_creation_option (partition_by partition by (partition_by_what range (skip_parens /__MAXWELL__/)) (partition_definitions ( (skip_parens_inside_partition_definitions /__MAXWELL__/)))))) <EOF>)
[1] 23:44:16,009 DEBUG SchemaChange - SQL_PARSE <- "create table t1 (col1 time) engine='MYISAM'  partition by range(time_to_sec(col1)-(time_to_sec(col1)-20))  (partition p0 values less than (15), partition p1 values less than maxvalue)"
[1] 23:44:16,009 DEBUG SchemaChange - rewrote SQL to create table t1 (col1 time) engine='MYISAM'  partition by range/__MAXWELL__/  (partition p0 values less than (15), partition p1 values less than maxvalue)
[1] 23:44:16,009 DEBUG SchemaChange - SQL_PARSE <- "create table t1 (col1 time) engine='MYISAM'  partition by range/__MAXWELL__/  (partition p0 values less than (15), partition p1 values less than maxvalue)"
[1] 23:44:16,010 DEBUG SchemaChange - rewrote SQL to create table t1 (col1 time) engine='MYISAM'  partition by range/__MAXWELL__/  (/__MAXWELL__/
[1] 23:44:16,010 DEBUG SchemaChange - SQL_PARSE <- "create table t1 (col1 time) engine='MYISAM'  partition by range/__MAXWELL__/  (/__MAXWELL__/"
[1] 23:44:16,010 DEBUG SchemaChange - SQL_PARSE ->   (parse (statement (create_table (create_table_preamble create table (table_name (name (id t1)))) (create_specifications ( (create_specification (column_definition (name (id col1)) (data_type (generic_type time)))) )) (table_creation_option (creation_engine engine = (string_literal 'MYISAM'))) (table_creation_option (partition_by partition by (partition_by_what range (skip_parens /__MAXWELL__/)) (partition_definitions ( (skip_parens_inside_partition_definitions /__MAXWELL__/)))))) <EOF>)
[1] 23:44:16,011 DEBUG SchemaChange - SQL_PARSE <- "create table t1 (a varchar(5)) partition by list columns(a) ( partition p0 values in ('\n\x\\'),   partition p1 values in (''),   partition p2 values in ('b'))"
[1] 23:44:16,011 DEBUG SchemaChange - rewrote SQL to create table t1 (a varchar(5)) partition by list columns/__MAXWELL__/ ( partition p0 values in ('\n\x\\'),   partition p1 values in (''),   partition p2 values in ('b'))
[1] 23:44:16,012 DEBUG SchemaChange - SQL_PARSE <- "create table t1 (a varchar(5)) partition by list columns/__MAXWELL__/ ( partition p0 values in ('\n\x\\'),   partition p1 values in (''),   partition p2 values in ('b'))"
[1] 23:44:16,012 DEBUG SchemaChange - rewrote SQL to create table t1 (a varchar(5)) partition by list columns/__MAXWELL__/ ( /__MAXWELL__/
[1] 23:44:16,012 DEBUG SchemaChange - SQL_PARSE <- "create table t1 (a varchar(5)) partition by list columns/__MAXWELL__/ ( /__MAXWELL__/"
[1] 23:44:16,013 DEBUG SchemaChange - SQL_PARSE ->   (parse (statement (create_table (create_table_preamble create table (table_name (name (id t1)))) (create_specifications ( (create_specification (column_definition (name (id a)) (data_type (string_type varchar (length ( 5 )))))) )) (table_creation_option (partition_by partition by (partition_by_what list columns (skip_parens /__MAXWELL__/)) (partition_definitions ( (skip_parens_inside_partition_definitions /__MAXWELL__/)))))) <EOF>)
[1] 23:44:16,013 DEBUG SchemaChange - SQL_PARSE <- "create table t1 (a varchar(5)) partition by list columns(a) ( partition p0 values in ('\''),   partition p1 values in (''),   partition p2 values in ('b'))"
[1] 23:44:16,014 DEBUG SchemaChange - rewrote SQL to create table t1 (a varchar(5)) partition by list columns/__MAXWELL__/ ( partition p0 values in ('\''),   partition p1 values in (''),   partition p2 values in ('b'))
[1] 23:44:16,014 DEBUG SchemaChange - SQL_PARSE <- "create table t1 (a varchar(5)) partition by list columns/__MAXWELL__/ ( partition p0 values in ('\''),   partition p1 values in (''),   partition p2 values in ('b'))"
[1] 23:44:16,014 DEBUG SchemaChange - rewrote SQL to create table t1 (a varchar(5)) partition by list columns/__MAXWELL__/ ( /__MAXWELL__/
[1] 23:44:16,015 DEBUG SchemaChange - SQL_PARSE <- "create table t1 (a varchar(5)) partition by list columns/__MAXWELL__/ ( /__MAXWELL__/"
[1] 23:44:16,015 DEBUG SchemaChange - SQL_PARSE ->   (parse (statement (create_table (create_table_preamble create table (table_name (name (id t1)))) (create_specifications ( (create_specification (column_definition (name (id a)) (data_type (string_type varchar (length ( 5 )))))) )) (table_creation_option (partition_by partition by (partition_by_what list columns (skip_parens /__MAXWELL__/)) (partition_definitions ( (skip_parens_inside_partition_definitions /__MAXWELL__/)))))) <EOF>)
[1] 23:44:16,015 DEBUG SchemaChange - SQL_PARSE <- "CREATE TABLE t2 ( a int NOT NULL, b int NOT NULL, INDEX(b)) PARTITION BY HASH(a);"
[1] 23:44:16,017 DEBUG SchemaChange - rewrote SQL to CREATE TABLE t2 ( a int NOT NULL, b int NOT NULL, INDEX(b)) PARTITION BY HASH/__MAXWELL__/
[1] 23:44:16,017 DEBUG SchemaChange - SQL_PARSE <- "CREATE TABLE t2 ( a int NOT NULL, b int NOT NULL, INDEX(b)) PARTITION BY HASH/__MAXWELL__/"
[1] 23:44:16,017 DEBUG SchemaChange - SQL_PARSE ->   (parse (statement (create_table (create_table_preamble CREATE TABLE (table_name (name (id t2)))) (create_specifications ( (create_specification (column_definition (name (id a)) (data_type (signed_type int (column_options (nullability NOT NULL)))))) , (create_specification (column_definition (name (id b)) (data_type (signed_type int (column_options (nullability NOT NULL)))))) , (create_specification (index_definition (index_type_1 (index_or_key INDEX) (index_column_list ( (index_columns (index_column (name (id b)))) ))))) )) (table_creation_option (partition_by PARTITION BY (partition_by_what HASH (skip_parens /__MAXWELL__/)))))) <EOF>)
[1] 23:44:16,018 DEBUG SchemaChange - SQL_PARSE <- "CREATE TABLE t2 ( a int NOT NULL, b int NOT NULL, INDEX(b)) PARTITION BY LINEAR HASH(a);"
[1] 23:44:16,019 DEBUG SchemaChange - rewrote SQL to CREATE TABLE t2 ( a int NOT NULL, b int NOT NULL, INDEX(b)) PARTITION BY LINEAR HASH/__MAXWELL__/
[1] 23:44:16,019 DEBUG SchemaChange - SQL_PARSE <- "CREATE TABLE t2 ( a int NOT NULL, b int NOT NULL, INDEX(b)) PARTITION BY LINEAR HASH/__MAXWELL__/"
[1] 23:44:16,020 DEBUG SchemaChange - SQL_PARSE ->   (parse (statement (create_table (create_table_preamble CREATE TABLE (table_name (name (id t2)))) (create_specifications ( (create_specification (column_definition (name (id a)) (data_type (signed_type int (column_options (nullability NOT NULL)))))) , (create_specification (column_definition (name (id b)) (data_type (signed_type int (column_options (nullability NOT NULL)))))) , (create_specification (index_definition (index_type_1 (index_or_key INDEX) (index_column_list ( (index_columns (index_column (name (id b)))) ))))) )) (table_creation_option (partition_by PARTITION BY (partition_by_what LINEAR HASH (skip_parens /__MAXWELL__/)))))) <EOF>)
[1] 23:44:16,020 DEBUG SchemaChange - SQL_PARSE <- "CREATE TABLE t2 ( a int NOT NULL, b int NOT NULL, INDEX(b)) PARTITION BY KEY ALGORITHM=2 (a, b, c);"
[1] 23:44:16,021 DEBUG SchemaChange - rewrote SQL to CREATE TABLE t2 ( a int NOT NULL, b int NOT NULL, INDEX(b)) PARTITION BY KEY ALGORITHM=2 /__MAXWELL__/
[1] 23:44:16,021 DEBUG SchemaChange - SQL_PARSE <- "CREATE TABLE t2 ( a int NOT NULL, b int NOT NULL, INDEX(b)) PARTITION BY KEY ALGORITHM=2 /__MAXWELL__/"
[1] 23:44:16,022 DEBUG SchemaChange - SQL_PARSE ->   (parse (statement (create_table (create_table_preamble CREATE TABLE (table_name (name (id t2)))) (create_specifications ( (create_specification (column_definition (name (id a)) (data_type (signed_type int (column_options (nullability NOT NULL)))))) , (create_specification (column_definition (name (id b)) (data_type (signed_type int (column_options (nullability NOT NULL)))))) , (create_specification (index_definition (index_type_1 (index_or_key INDEX) (index_column_list ( (index_columns (index_column (name (id b)))) ))))) )) (table_creation_option (partition_by PARTITION BY (partition_by_what KEY ALGORITHM = 2 (skip_parens /__MAXWELL__/)))))) <EOF>)
[1] 23:44:16,022 DEBUG SchemaChange - SQL_PARSE <- "CREATE TABLE t1 (a int, b int, primary key(a,b)) PARTITION BY KEY(b,a) PARTITIONS 4;"
[1] 23:44:16,023 DEBUG SchemaChange - rewrote SQL to CREATE TABLE t1 (a int, b int, primary key(a,b)) PARTITION BY KEY/__MAXWELL__/ PARTITIONS 4
[1] 23:44:16,023 DEBUG SchemaChange - SQL_PARSE <- "CREATE TABLE t1 (a int, b int, primary key(a,b)) PARTITION BY KEY/__MAXWELL__/ PARTITIONS 4"
[1] 23:44:16,024 DEBUG SchemaChange - SQL_PARSE ->   (parse (statement (create_table (create_table_preamble CREATE TABLE (table_name (name (id t1)))) (create_specifications ( (create_specification (column_definition (name (id a)) (data_type (signed_type int)))) , (create_specification (column_definition (name (id b)) (data_type (signed_type int)))) , (create_specification (index_definition (index_type_pk primary key (index_column_list ( (index_columns (index_column (name (id a))) , (index_column (name (id b)))) ))))) )) (table_creation_option (partition_by PARTITION BY (partition_by_what KEY (skip_parens /__MAXWELL__/)) (partition_count PARTITIONS 4))))) <EOF>)
[1] 23:44:16,024 DEBUG SchemaChange - SQL_PARSE <- "CREATE TABLE t1 (id MEDIUMINT NOT NULL, b1 BIT(8), vc VARCHAR(255), bc CHAR(255), d DECIMAL(10,4) DEFAULT 0, f FLOAT DEFAULT 0, total BIGINT UNSIGNED, y YEAR, t DATE) PARTITION BY RANGE (YEAR(t)) (PARTITION p0 VALUES LESS THAN (1901), PARTITION p1 VALUES LESS THAN (1946),  PARTITION p2 VALUES LESS THAN (1966), PARTITION p3 VALUES LESS THAN (1986), PARTITION p4 VALUES LESS THAN (2005), PARTITION p5 VALUES LESS THAN MAXVALUE);"
[1] 23:44:16,026 DEBUG SchemaChange - rewrote SQL to CREATE TABLE t1 (id MEDIUMINT NOT NULL, b1 BIT(8), vc VARCHAR(255), bc CHAR(255), d DECIMAL(10,4) DEFAULT 0, f FLOAT DEFAULT 0, total BIGINT UNSIGNED, y YEAR, t DATE) PARTITION BY RANGE /__MAXWELL__/ (PARTITION p0 VALUES LESS THAN (1901), PARTITION p1 VALUES LESS THAN (1946),  PARTITION p2 VALUES LESS THAN (1966), PARTITION p3 VALUES LESS THAN (1986), PARTITION p4 VALUES LESS THAN (2005), PARTITION p5 VALUES LESS THAN MAXVALUE)
[1] 23:44:16,026 DEBUG SchemaChange - SQL_PARSE <- "CREATE TABLE t1 (id MEDIUMINT NOT NULL, b1 BIT(8), vc VARCHAR(255), bc CHAR(255), d DECIMAL(10,4) DEFAULT 0, f FLOAT DEFAULT 0, total BIGINT UNSIGNED, y YEAR, t DATE) PARTITION BY RANGE /__MAXWELL__/ (PARTITION p0 VALUES LESS THAN (1901), PARTITION p1 VALUES LESS THAN (1946),  PARTITION p2 VALUES LESS THAN (1966), PARTITION p3 VALUES LESS THAN (1986), PARTITION p4 VALUES LESS THAN (2005), PARTITION p5 VALUES LESS THAN MAXVALUE)"
[1] 23:44:16,027 DEBUG SchemaChange - rewrote SQL to CREATE TABLE t1 (id MEDIUMINT NOT NULL, b1 BIT(8), vc VARCHAR(255), bc CHAR(255), d DECIMAL(10,4) DEFAULT 0, f FLOAT DEFAULT 0, total BIGINT UNSIGNED, y YEAR, t DATE) PARTITION BY RANGE /__MAXWELL__/ (/__MAXWELL__/
[1] 23:44:16,027 DEBUG SchemaChange - SQL_PARSE <- "CREATE TABLE t1 (id MEDIUMINT NOT NULL, b1 BIT(8), vc VARCHAR(255), bc CHAR(255), d DECIMAL(10,4) DEFAULT 0, f FLOAT DEFAULT 0, total BIGINT UNSIGNED, y YEAR, t DATE) PARTITION BY RANGE /__MAXWELL__/ (/__MAXWELL__/"
[1] 23:44:16,028 DEBUG SchemaChange - SQL_PARSE ->   (parse (statement (create_table (create_table_preamble CREATE TABLE (table_name (name (id t1)))) (create_specifications ( (create_specification (column_definition (name (id id)) (data_type (signed_type MEDIUMINT (column_options (nullability NOT NULL)))))) , (create_specification (column_definition (name (id b1)) (data_type (generic_type BIT (length ( 8 )))))) , (create_specification (column_definition (name (id vc)) (data_type (string_type VARCHAR (length ( 255 )))))) , (create_specification (column_definition (name (id bc)) (data_type (string_type CHAR (length ( 255 )))))) , (create_specification (column_definition (name (id d)) (data_type (signed_type DECIMAL (decimal_length ( 10 , 4 )) (column_options (default_value DEFAULT (literal_with_weirdo_multistring (integer_literal 0)))))))) , (create_specification (column_definition (name (id f)) (data_type (signed_type FLOAT (column_options (default_value DEFAULT (literal_with_weirdo_multistring (integer_literal 0)))))))) , (create_specification (column_definition (name (id total)) (data_type (signed_type BIGINT (int_flags UNSIGNED))))) , (create_specification (column_definition (name (id y)) (data_type (generic_type YEAR)))) , (create_specification (column_definition (name (id t)) (data_type (generic_type DATE)))) )) (table_creation_option (partition_by PARTITION BY (partition_by_what RANGE (skip_parens /__MAXWELL__/)) (partition_definitions ( (skip_parens_inside_partition_definitions /__MAXWELL__/)))))) <EOF>)
[1] 23:44:16,028 DEBUG SchemaChange - SQL_PARSE <- "CREATE TABLE t1 (id MEDIUMINT NOT NULL, b1 BIT(8), vc VARCHAR(255), bc CHAR(255), d DECIMAL(10,4) DEFAULT 0, f FLOAT DEFAULT 0, total BIGINT UNSIGNED, y YEAR, t DATE) PARTITION BY LIST(id) (PARTITION p0 VALUES IN (2, 4), PARTITION p1 VALUES IN (42, 142));"
[1] 23:44:16,030 DEBUG SchemaChange - rewrote SQL to CREATE TABLE t1 (id MEDIUMINT NOT NULL, b1 BIT(8), vc VARCHAR(255), bc CHAR(255), d DECIMAL(10,4) DEFAULT 0, f FLOAT DEFAULT 0, total BIGINT UNSIGNED, y YEAR, t DATE) PARTITION BY LIST/__MAXWELL__/ (PARTITION p0 VALUES IN (2, 4), PARTITION p1 VALUES IN (42, 142))
[1] 23:44:16,030 DEBUG SchemaChange - SQL_PARSE <- "CREATE TABLE t1 (id MEDIUMINT NOT NULL, b1 BIT(8), vc VARCHAR(255), bc CHAR(255), d DECIMAL(10,4) DEFAULT 0, f FLOAT DEFAULT 0, total BIGINT UNSIGNED, y YEAR, t DATE) PARTITION BY LIST/__MAXWELL__/ (PARTITION p0 VALUES IN (2, 4), PARTITION p1 VALUES IN (42, 142))"
[1] 23:44:16,031 DEBUG SchemaChange - rewrote SQL to CREATE TABLE t1 (id MEDIUMINT NOT NULL, b1 BIT(8), vc VARCHAR(255), bc CHAR(255), d DECIMAL(10,4) DEFAULT 0, f FLOAT DEFAULT 0, total BIGINT UNSIGNED, y YEAR, t DATE) PARTITION BY LIST/__MAXWELL__/ (/__MAXWELL__/
[1] 23:44:16,031 DEBUG SchemaChange - SQL_PARSE <- "CREATE TABLE t1 (id MEDIUMINT NOT NULL, b1 BIT(8), vc VARCHAR(255), bc CHAR(255), d DECIMAL(10,4) DEFAULT 0, f FLOAT DEFAULT 0, total BIGINT UNSIGNED, y YEAR, t DATE) PARTITION BY LIST/__MAXWELL__/ (/__MAXWELL__/"
[1] 23:44:16,031 DEBUG SchemaChange - SQL_PARSE ->   (parse (statement (create_table (create_table_preamble CREATE TABLE (table_name (name (id t1)))) (create_specifications ( (create_specification (column_definition (name (id id)) (data_type (signed_type MEDIUMINT (column_options (nullability NOT NULL)))))) , (create_specification (column_definition (name (id b1)) (data_type (generic_type BIT (length ( 8 )))))) , (create_specification (column_definition (name (id vc)) (data_type (string_type VARCHAR (length ( 255 )))))) , (create_specification (column_definition (name (id bc)) (data_type (string_type CHAR (length ( 255 )))))) , (create_specification (column_definition (name (id d)) (data_type (signed_type DECIMAL (decimal_length ( 10 , 4 )) (column_options (default_value DEFAULT (literal_with_weirdo_multistring (integer_literal 0)))))))) , (create_specification (column_definition (name (id f)) (data_type (signed_type FLOAT (column_options (default_value DEFAULT (literal_with_weirdo_multistring (integer_literal 0)))))))) , (create_specification (column_definition (name (id total)) (data_type (signed_type BIGINT (int_flags UNSIGNED))))) , (create_specification (column_definition (name (id y)) (data_type (generic_type YEAR)))) , (create_specification (column_definition (name (id t)) (data_type (generic_type DATE)))) )) (table_creation_option (partition_by PARTITION BY (partition_by_what LIST (skip_parens /__MAXWELL__/)) (partition_definitions ( (skip_parens_inside_partition_definitions /__MAXWELL__/)))))) <EOF>)
[1] 23:44:16,032 DEBUG SchemaChange - SQL_PARSE <- "CREATE TABLE t1 (id MEDIUMINT NOT NULL, b1 BIT(8), vc VARCHAR(255), bc CHAR(255), d DECIMAL(10,4) DEFAULT 0, f FLOAT DEFAULT 0, total BIGINT UNSIGNED, y YEAR, t DATE) PARTITION BY HASH( YEAR(t) ) PARTITIONS 4;"
[1] 23:44:16,032 DEBUG SchemaChange - rewrote SQL to CREATE TABLE t1 (id MEDIUMINT NOT NULL, b1 BIT(8), vc VARCHAR(255), bc CHAR(255), d DECIMAL(10,4) DEFAULT 0, f FLOAT DEFAULT 0, total BIGINT UNSIGNED, y YEAR, t DATE) PARTITION BY HASH/__MAXWELL__/ PARTITIONS 4
[1] 23:44:16,032 DEBUG SchemaChange - SQL_PARSE <- "CREATE TABLE t1 (id MEDIUMINT NOT NULL, b1 BIT(8), vc VARCHAR(255), bc CHAR(255), d DECIMAL(10,4) DEFAULT 0, f FLOAT DEFAULT 0, total BIGINT UNSIGNED, y YEAR, t DATE) PARTITION BY HASH/__MAXWELL__/ PARTITIONS 4"
[1] 23:44:16,033 DEBUG SchemaChange - SQL_PARSE ->   (parse (statement (create_table (create_table_preamble CREATE TABLE (table_name (name (id t1)))) (create_specifications ( (create_specification (column_definition (name (id id)) (data_type (signed_type MEDIUMINT (column_options (nullability NOT NULL)))))) , (create_specification (column_definition (name (id b1)) (data_type (generic_type BIT (length ( 8 )))))) , (create_specification (column_definition (name (id vc)) (data_type (string_type VARCHAR (length ( 255 )))))) , (create_specification (column_definition (name (id bc)) (data_type (string_type CHAR (length ( 255 )))))) , (create_specification (column_definition (name (id d)) (data_type (signed_type DECIMAL (decimal_length ( 10 , 4 )) (column_options (default_value DEFAULT (literal_with_weirdo_multistring (integer_literal 0)))))))) , (create_specification (column_definition (name (id f)) (data_type (signed_type FLOAT (column_options (default_value DEFAULT (literal_with_weirdo_multistring (integer_literal 0)))))))) , (create_specification (column_definition (name (id total)) (data_type (signed_type BIGINT (int_flags UNSIGNED))))) , (create_specification (column_definition (name (id y)) (data_type (generic_type YEAR)))) , (create_specification (column_definition (name (id t)) (data_type (generic_type DATE)))) )) (table_creation_option (partition_by PARTITION BY (partition_by_what HASH (skip_parens /__MAXWELL__/)) (partition_count PARTITIONS 4))))) <EOF>)
[1] 23:44:16,034 DEBUG SchemaChange - SQL_PARSE <- "CREATE TABLE t1 (id MEDIUMINT NOT NULL, b1 BIT(8), vc VARCHAR(255), bc CHAR(255), d DECIMAL(10,4) DEFAULT 0, f FLOAT DEFAULT 0, total BIGINT UNSIGNED, y YEAR, t DATE,PRIMARY KEY(id)) PARTITION BY KEY() PARTITIONS 4;"
[1] 23:44:16,035 DEBUG SchemaChange - rewrote SQL to CREATE TABLE t1 (id MEDIUMINT NOT NULL, b1 BIT(8), vc VARCHAR(255), bc CHAR(255), d DECIMAL(10,4) DEFAULT 0, f FLOAT DEFAULT 0, total BIGINT UNSIGNED, y YEAR, t DATE,PRIMARY KEY(id)) PARTITION BY KEY/__MAXWELL__/ PARTITIONS 4
[1] 23:44:16,035 DEBUG SchemaChange - SQL_PARSE <- "CREATE TABLE t1 (id MEDIUMINT NOT NULL, b1 BIT(8), vc VARCHAR(255), bc CHAR(255), d DECIMAL(10,4) DEFAULT 0, f FLOAT DEFAULT 0, total BIGINT UNSIGNED, y YEAR, t DATE,PRIMARY KEY(id)) PARTITION BY KEY/__MAXWELL__/ PARTITIONS 4"
[1] 23:44:16,037 DEBUG SchemaChange - SQL_PARSE ->   (parse (statement (create_table (create_table_preamble CREATE TABLE (table_name (name (id t1)))) (create_specifications ( (create_specification (column_definition (name (id id)) (data_type (signed_type MEDIUMINT (column_options (nullability NOT NULL)))))) , (create_specification (column_definition (name (id b1)) (data_type (generic_type BIT (length ( 8 )))))) , (create_specification (column_definition (name (id vc)) (data_type (string_type VARCHAR (length ( 255 )))))) , (create_specification (column_definition (name (id bc)) (data_type (string_type CHAR (length ( 255 )))))) , (create_specification (column_definition (name (id d)) (data_type (signed_type DECIMAL (decimal_length ( 10 , 4 )) (column_options (default_value DEFAULT (literal_with_weirdo_multistring (integer_literal 0)))))))) , (create_specification (column_definition (name (id f)) (data_type (signed_type FLOAT (column_options (default_value DEFAULT (literal_with_weirdo_multistring (integer_literal 0)))))))) , (create_specification (column_definition (name (id total)) (data_type (signed_type BIGINT (int_flags UNSIGNED))))) , (create_specification (column_definition (name (id y)) (data_type (generic_type YEAR)))) , (create_specification (column_definition (name (id t)) (data_type (generic_type DATE)))) , (create_specification (index_definition (index_type_pk PRIMARY KEY (index_column_list ( (index_columns (index_column (name (id id)))) ))))) )) (table_creation_option (partition_by PARTITION BY (partition_by_what KEY (skip_parens /__MAXWELL__/)) (partition_count PARTITIONS 4))))) <EOF>)
[1] 23:44:16,038 DEBUG SchemaChange - SQL_PARSE <- "CREATE TABLE t1 (id INT NOT NULL PRIMARY KEY, name VARCHAR(16) NOT NULL, year YEAR, INDEX name (name(8))) PARTITION BY HASH(id) PARTITIONS 2;"
[1] 23:44:16,039 DEBUG SchemaChange - rewrote SQL to CREATE TABLE t1 (id INT NOT NULL PRIMARY KEY, name VARCHAR(16) NOT NULL, year YEAR, INDEX name (name(8))) PARTITION BY HASH/__MAXWELL__/ PARTITIONS 2
[1] 23:44:16,039 DEBUG SchemaChange - SQL_PARSE <- "CREATE TABLE t1 (id INT NOT NULL PRIMARY KEY, name VARCHAR(16) NOT NULL, year YEAR, INDEX name (name(8))) PARTITION BY HASH/__MAXWELL__/ PARTITIONS 2"
[1] 23:44:16,040 DEBUG SchemaChange - SQL_PARSE ->   (parse (statement (create_table (create_table_preamble CREATE TABLE (table_name (name (id t1)))) (create_specifications ( (create_specification (column_definition (name (id id)) (data_type (signed_type INT (column_options (nullability NOT NULL)) (column_options (primary_key PRIMARY KEY)))))) , (create_specification (column_definition (name (tokens_available_for_names name)) (data_type (string_type VARCHAR (length ( 16 )) (column_options (nullability NOT NULL)))))) , (create_specification (column_definition (name (tokens_available_for_names year)) (data_type (generic_type YEAR)))) , (create_specification (index_definition (index_type_1 (index_or_key INDEX) (index_name (name (tokens_available_for_names name))) (index_column_list ( (index_columns (index_column (name (tokens_available_for_names name)) (index_column_partial_def ( (index_column_partial_length 8) )))) ))))) )) (table_creation_option (partition_by PARTITION BY (partition_by_what HASH (skip_parens /__MAXWELL__/)) (partition_count PARTITIONS 2))))) <EOF>)
[1] 23:44:16,040 DEBUG SchemaChange - SQL_PARSE <- "CREATE TABLE t1 ( ID int(11) NOT NULL, `aaaa,aaaaa` tinyint(3) UNSIGNED NOT NULL DEFAULT '0', ddddddddd int(11) NOT NULL DEFAULT '0', new_field0 varchar(50), PRIMARY KEY(ID, `aaaa,aaaaa`, ddddddddd)) PARTITION BY RANGE(ID) PARTITIONS 3 SUBPARTITION BY LINEAR KEY(ID,`aaaa,aaaaa`) SUBPARTITIONS 2 ( PARTITION p01 VALUES LESS THAN(100), PARTITION p11 VALUES LESS THAN(200), PARTITION p21 VALUES LESS THAN MAXVALUE);"
[1] 23:44:16,041 DEBUG SchemaChange - rewrote SQL to CREATE TABLE t1 ( ID int(11) NOT NULL, `aaaa,aaaaa` tinyint(3) UNSIGNED NOT NULL DEFAULT '0', ddddddddd int(11) NOT NULL DEFAULT '0', new_field0 varchar(50), PRIMARY KEY(ID, `aaaa,aaaaa`, ddddddddd)) PARTITION BY RANGE/__MAXWELL__/ PARTITIONS 3 SUBPARTITION BY LINEAR KEY(ID,`aaaa,aaaaa`) SUBPARTITIONS 2 ( PARTITION p01 VALUES LESS THAN(100), PARTITION p11 VALUES LESS THAN(200), PARTITION p21 VALUES LESS THAN MAXVALUE)
[1] 23:44:16,041 DEBUG SchemaChange - SQL_PARSE <- "CREATE TABLE t1 ( ID int(11) NOT NULL, `aaaa,aaaaa` tinyint(3) UNSIGNED NOT NULL DEFAULT '0', ddddddddd int(11) NOT NULL DEFAULT '0', new_field0 varchar(50), PRIMARY KEY(ID, `aaaa,aaaaa`, ddddddddd)) PARTITION BY RANGE/__MAXWELL__/ PARTITIONS 3 SUBPARTITION BY LINEAR KEY(ID,`aaaa,aaaaa`) SUBPARTITIONS 2 ( PARTITION p01 VALUES LESS THAN(100), PARTITION p11 VALUES LESS THAN(200), PARTITION p21 VALUES LESS THAN MAXVALUE)"
[1] 23:44:16,042 DEBUG SchemaChange - rewrote SQL to CREATE TABLE t1 ( ID int(11) NOT NULL, `aaaa,aaaaa` tinyint(3) UNSIGNED NOT NULL DEFAULT '0', ddddddddd int(11) NOT NULL DEFAULT '0', new_field0 varchar(50), PRIMARY KEY(ID, `aaaa,aaaaa`, ddddddddd)) PARTITION BY RANGE/__MAXWELL__/ PARTITIONS 3 SUBPARTITION BY LINEAR KEY/__MAXWELL__/ SUBPARTITIONS 2 ( PARTITION p01 VALUES LESS THAN(100), PARTITION p11 VALUES LESS THAN(200), PARTITION p21 VALUES LESS THAN MAXVALUE)
[1] 23:44:16,042 DEBUG SchemaChange - SQL_PARSE <- "CREATE TABLE t1 ( ID int(11) NOT NULL, `aaaa,aaaaa` tinyint(3) UNSIGNED NOT NULL DEFAULT '0', ddddddddd int(11) NOT NULL DEFAULT '0', new_field0 varchar(50), PRIMARY KEY(ID, `aaaa,aaaaa`, ddddddddd)) PARTITION BY RANGE/__MAXWELL__/ PARTITIONS 3 SUBPARTITION BY LINEAR KEY/__MAXWELL__/ SUBPARTITIONS 2 ( PARTITION p01 VALUES LESS THAN(100), PARTITION p11 VALUES LESS THAN(200), PARTITION p21 VALUES LESS THAN MAXVALUE)"
[1] 23:44:16,043 DEBUG SchemaChange - rewrote SQL to CREATE TABLE t1 ( ID int(11) NOT NULL, `aaaa,aaaaa` tinyint(3) UNSIGNED NOT NULL DEFAULT '0', ddddddddd int(11) NOT NULL DEFAULT '0', new_field0 varchar(50), PRIMARY KEY(ID, `aaaa,aaaaa`, ddddddddd)) PARTITION BY RANGE/__MAXWELL__/ PARTITIONS 3 SUBPARTITION BY LINEAR KEY/__MAXWELL__/ SUBPARTITIONS 2 ( /__MAXWELL__/
[1] 23:44:16,043 DEBUG SchemaChange - SQL_PARSE <- "CREATE TABLE t1 ( ID int(11) NOT NULL, `aaaa,aaaaa` tinyint(3) UNSIGNED NOT NULL DEFAULT '0', ddddddddd int(11) NOT NULL DEFAULT '0', new_field0 varchar(50), PRIMARY KEY(ID, `aaaa,aaaaa`, ddddddddd)) PARTITION BY RANGE/__MAXWELL__/ PARTITIONS 3 SUBPARTITION BY LINEAR KEY/__MAXWELL__/ SUBPARTITIONS 2 ( /__MAXWELL__/"
[1] 23:44:16,044 DEBUG SchemaChange - SQL_PARSE ->   (parse (statement (create_table (create_table_preamble CREATE TABLE (table_name (name (id t1)))) (create_specifications ( (create_specification (column_definition (name (id ID)) (data_type (signed_type int (length ( 11 )) (column_options (nullability NOT NULL)))))) , (create_specification (column_definition (name (id `aaaa,aaaaa`)) (data_type (signed_type tinyint (length ( 3 )) (int_flags UNSIGNED) (column_options (nullability NOT NULL)) (column_options (default_value DEFAULT (literal_with_weirdo_multistring (string_literal '0')))))))) , (create_specification (column_definition (name (id ddddddddd)) (data_type (signed_type int (length ( 11 )) (column_options (nullability NOT NULL)) (column_options (default_value DEFAULT (literal_with_weirdo_multistring (string_literal '0')))))))) , (create_specification (column_definition (name (id new_field0)) (data_type (string_type varchar (length ( 50 )))))) , (create_specification (index_definition (index_type_pk PRIMARY KEY (index_column_list ( (index_columns (index_column (name (id ID))) , (index_column (name (id `aaaa,aaaaa`))) , (index_column (name (id ddddddddd)))) ))))) )) (table_creation_option (partition_by PARTITION BY (partition_by_what RANGE (skip_parens /__MAXWELL__/)) (partition_count PARTITIONS 3) (subpartition_by SUBPARTITION BY (partition_by_what LINEAR KEY (skip_parens /__MAXWELL__/)) SUBPARTITIONS 2) (partition_definitions ( (skip_parens_inside_partition_definitions /__MAXWELL__/)))))) <EOF>)
[1] 23:44:16,044 DEBUG SchemaChange - SQL_PARSE <- "CREATE TABLE t1 (  a int not null, b int not null, c int not null, primary key(a,b)) partition by list (a) (partition x1 values in (1,2,9,4) tablespace ts1)"
[1] 23:44:16,045 DEBUG SchemaChange - rewrote SQL to CREATE TABLE t1 (  a int not null, b int not null, c int not null, primary key(a,b)) partition by list /__MAXWELL__/ (partition x1 values in (1,2,9,4) tablespace ts1)
[1] 23:44:16,045 DEBUG SchemaChange - SQL_PARSE <- "CREATE TABLE t1 (  a int not null, b int not null, c int not null, primary key(a,b)) partition by list /__MAXWELL__/ (partition x1 values in (1,2,9,4) tablespace ts1)"
[1] 23:44:16,046 DEBUG SchemaChange - rewrote SQL to CREATE TABLE t1 (  a int not null, b int not null, c int not null, primary key(a,b)) partition by list /__MAXWELL__/ (/__MAXWELL__/
[1] 23:44:16,046 DEBUG SchemaChange - SQL_PARSE <- "CREATE TABLE t1 (  a int not null, b int not null, c int not null, primary key(a,b)) partition by list /__MAXWELL__/ (/__MAXWELL__/"
[1] 23:44:16,047 DEBUG SchemaChange - SQL_PARSE ->   (parse (statement (create_table (create_table_preamble CREATE TABLE (table_name (name (id t1)))) (create_specifications ( (create_specification (column_definition (name (id a)) (data_type (signed_type int (column_options (nullability not null)))))) , (create_specification (column_definition (name (id b)) (data_type (signed_type int (column_options (nullability not null)))))) , (create_specification (column_definition (name (id c)) (data_type (signed_type int (column_options (nullability not null)))))) , (create_specification (index_definition (index_type_pk primary key (index_column_list ( (index_columns (index_column (name (id a))) , (index_column (name (id b)))) ))))) )) (table_creation_option (partition_by partition by (partition_by_what list (skip_parens /__MAXWELL__/)) (partition_definitions ( (skip_parens_inside_partition_definitions /__MAXWELL__/)))))) <EOF>)
[1] 23:44:16,047 DEBUG SchemaChange - SQL_PARSE <- "CREATE TABLE t1 ( a int not null) partition by key(a)"
[1] 23:44:16,048 DEBUG SchemaChange - rewrote SQL to CREATE TABLE t1 ( a int not null) partition by key/__MAXWELL__/
[1] 23:44:16,048 DEBUG SchemaChange - SQL_PARSE <- "CREATE TABLE t1 ( a int not null) partition by key/__MAXWELL__/"
[1] 23:44:16,048 DEBUG SchemaChange - SQL_PARSE ->   (parse (statement (create_table (create_table_preamble CREATE TABLE (table_name (name (id t1)))) (create_specifications ( (create_specification (column_definition (name (id a)) (data_type (signed_type int (column_options (nullability not null)))))) )) (table_creation_option (partition_by partition by (partition_by_what key (skip_parens /__MAXWELL__/)))))) <EOF>)
[1] 23:44:16,048 DEBUG SchemaChange - SQL_PARSE <- "CREATE TABLE t1 ( a int not null, b bigint not null, primary key(a), index (b)) partition by range (a) partitions 2 (partition x1 values less than (25), partition x2 values less than (100))"
[1] 23:44:16,049 DEBUG SchemaChange - rewrote SQL to CREATE TABLE t1 ( a int not null, b bigint not null, primary key(a), index (b)) partition by range /__MAXWELL__/ partitions 2 (partition x1 values less than (25), partition x2 values less than (100))
[1] 23:44:16,049 DEBUG SchemaChange - SQL_PARSE <- "CREATE TABLE t1 ( a int not null, b bigint not null, primary key(a), index (b)) partition by range /__MAXWELL__/ partitions 2 (partition x1 values less than (25), partition x2 values less than (100))"
[1] 23:44:16,051 DEBUG SchemaChange - rewrote SQL to CREATE TABLE t1 ( a int not null, b bigint not null, primary key(a), index (b)) partition by range /__MAXWELL__/ partitions 2 (/__MAXWELL__/
[1] 23:44:16,051 DEBUG SchemaChange - SQL_PARSE <- "CREATE TABLE t1 ( a int not null, b bigint not null, primary key(a), index (b)) partition by range /__MAXWELL__/ partitions 2 (/__MAXWELL__/"
[1] 23:44:16,052 DEBUG SchemaChange - SQL_PARSE ->   (parse (statement (create_table (create_table_preamble CREATE TABLE (table_name (name (id t1)))) (create_specifications ( (create_specification (column_definition (name (id a)) (data_type (signed_type int (column_options (nullability not null)))))) , (create_specification (column_definition (name (id b)) (data_type (signed_type bigint (column_options (nullability not null)))))) , (create_specification (index_definition (index_type_pk primary key (index_column_list ( (index_columns (index_column (name (id a)))) ))))) , (create_specification (index_definition (index_type_1 (index_or_key index) (index_column_list ( (index_columns (index_column (name (id b)))) ))))) )) (table_creation_option (partition_by partition by (partition_by_what range (skip_parens /__MAXWELL__/)) (partition_count partitions 2) (partition_definitions ( (skip_parens_inside_partition_definitions /__MAXWELL__/)))))) <EOF>)
[1] 23:44:16,052 DEBUG SchemaChange - SQL_PARSE <- "CREATE TABLE t1 ( a int not null, b bigint unsigned not null, primary key(a), index (b)) partition by range (a) partitions 2 (partition x1 values less than (25), partition x2 values less than (100))"
[1] 23:44:16,053 DEBUG SchemaChange - rewrote SQL to CREATE TABLE t1 ( a int not null, b bigint unsigned not null, primary key(a), index (b)) partition by range /__MAXWELL__/ partitions 2 (partition x1 values less than (25), partition x2 values less than (100))
[1] 23:44:16,053 DEBUG SchemaChange - SQL_PARSE <- "CREATE TABLE t1 ( a int not null, b bigint unsigned not null, primary key(a), index (b)) partition by range /__MAXWELL__/ partitions 2 (partition x1 values less than (25), partition x2 values less than (100))"
[1] 23:44:16,054 DEBUG SchemaChange - rewrote SQL to CREATE TABLE t1 ( a int not null, b bigint unsigned not null, primary key(a), index (b)) partition by range /__MAXWELL__/ partitions 2 (/__MAXWELL__/
[1] 23:44:16,054 DEBUG SchemaChange - SQL_PARSE <- "CREATE TABLE t1 ( a int not null, b bigint unsigned not null, primary key(a), index (b)) partition by range /__MAXWELL__/ partitions 2 (/__MAXWELL__/"
[1] 23:44:16,055 DEBUG SchemaChange - SQL_PARSE ->   (parse (statement (create_table (create_table_preamble CREATE TABLE (table_name (name (id t1)))) (create_specifications ( (create_specification (column_definition (name (id a)) (data_type (signed_type int (column_options (nullability not null)))))) , (create_specification (column_definition (name (id b)) (data_type (signed_type bigint (int_flags unsigned) (column_options (nullability not null)))))) , (create_specification (index_definition (index_type_pk primary key (index_column_list ( (index_columns (index_column (name (id a)))) ))))) , (create_specification (index_definition (index_type_1 (index_or_key index) (index_column_list ( (index_columns (index_column (name (id b)))) ))))) )) (table_creation_option (partition_by partition by (partition_by_what range (skip_parens /__MAXWELL__/)) (partition_count partitions 2) (partition_definitions ( (skip_parens_inside_partition_definitions /__MAXWELL__/)))))) <EOF>)
[1] 23:44:16,055 DEBUG SchemaChange - SQL_PARSE <- "CREATE TABLE t1 ( a int not null, b bit(15) not null, c int, primary key(a), index (b)) partition by range (a) partitions 2 (partition x1 values less than (25), partition x2 values less than (100))"
[1] 23:44:16,056 DEBUG SchemaChange - rewrote SQL to CREATE TABLE t1 ( a int not null, b bit(15) not null, c int, primary key(a), index (b)) partition by range /__MAXWELL__/ partitions 2 (partition x1 values less than (25), partition x2 values less than (100))
[1] 23:44:16,056 DEBUG SchemaChange - SQL_PARSE <- "CREATE TABLE t1 ( a int not null, b bit(15) not null, c int, primary key(a), index (b)) partition by range /__MAXWELL__/ partitions 2 (partition x1 values less than (25), partition x2 values less than (100))"
[1] 23:44:16,057 DEBUG SchemaChange - rewrote SQL to CREATE TABLE t1 ( a int not null, b bit(15) not null, c int, primary key(a), index (b)) partition by range /__MAXWELL__/ partitions 2 (/__MAXWELL__/
[1] 23:44:16,057 DEBUG SchemaChange - SQL_PARSE <- "CREATE TABLE t1 ( a int not null, b bit(15) not null, c int, primary key(a), index (b)) partition by range /__MAXWELL__/ partitions 2 (/__MAXWELL__/"
[1] 23:44:16,058 DEBUG SchemaChange - SQL_PARSE ->   (parse (statement (create_table (create_table_preamble CREATE TABLE (table_name (name (id t1)))) (create_specifications ( (create_specification (column_definition (name (id a)) (data_type (signed_type int (column_options (nullability not null)))))) , (create_specification (column_definition (name (id b)) (data_type (generic_type bit (length ( 15 )) (column_options (nullability not null)))))) , (create_specification (column_definition (name (id c)) (data_type (signed_type int)))) , (create_specification (index_definition (index_type_pk primary key (index_column_list ( (index_columns (index_column (name (id a)))) ))))) , (create_specification (index_definition (index_type_1 (index_or_key index) (index_column_list ( (index_columns (index_column (name (id b)))) ))))) )) (table_creation_option (partition_by partition by (partition_by_what range (skip_parens /__MAXWELL__/)) (partition_count partitions 2) (partition_definitions ( (skip_parens_inside_partition_definitions /__MAXWELL__/)))))) <EOF>)
[1] 23:44:16,058 DEBUG SchemaChange - SQL_PARSE <- "CREATE TABLE t1 ( a int not null, b bit(5) not null, c int, primary key(a), index (b)) partition by range (a) partitions 2 (partition x1 values less than (25), partition x2 values less than (100))"
[1] 23:44:16,059 DEBUG SchemaChange - rewrote SQL to CREATE TABLE t1 ( a int not null, b bit(5) not null, c int, primary key(a), index (b)) partition by range /__MAXWELL__/ partitions 2 (partition x1 values less than (25), partition x2 values less than (100))
[1] 23:44:16,059 DEBUG SchemaChange - SQL_PARSE <- "CREATE TABLE t1 ( a int not null, b bit(5) not null, c int, primary key(a), index (b)) partition by range /__MAXWELL__/ partitions 2 (partition x1 values less than (25), partition x2 values less than (100))"
[1] 23:44:16,060 DEBUG SchemaChange - rewrote SQL to CREATE TABLE t1 ( a int not null, b bit(5) not null, c int, primary key(a), index (b)) partition by range /__MAXWELL__/ partitions 2 (/__MAXWELL__/
[1] 23:44:16,060 DEBUG SchemaChange - SQL_PARSE <- "CREATE TABLE t1 ( a int not null, b bit(5) not null, c int, primary key(a), index (b)) partition by range /__MAXWELL__/ partitions 2 (/__MAXWELL__/"
[1] 23:44:16,061 DEBUG SchemaChange - SQL_PARSE ->   (parse (statement (create_table (create_table_preamble CREATE TABLE (table_name (name (id t1)))) (create_specifications ( (create_specification (column_definition (name (id a)) (data_type (signed_type int (column_options (nullability not null)))))) , (create_specification (column_definition (name (id b)) (data_type (generic_type bit (length ( 5 )) (column_options (nullability not null)))))) , (create_specification (column_definition (name (id c)) (data_type (signed_type int)))) , (create_specification (index_definition (index_type_pk primary key (index_column_list ( (index_columns (index_column (name (id a)))) ))))) , (create_specification (index_definition (index_type_1 (index_or_key index) (index_column_list ( (index_columns (index_column (name (id b)))) ))))) )) (table_creation_option (partition_by partition by (partition_by_what range (skip_parens /__MAXWELL__/)) (partition_count partitions 2) (partition_definitions ( (skip_parens_inside_partition_definitions /__MAXWELL__/)))))) <EOF>)
[1] 23:44:16,061 DEBUG SchemaChange - SQL_PARSE <- "CREATE TABLE t1 ( a int not null, b char(10) not null, primary key(a), index (b)) partition by range (a) partitions 2 (partition x1 values less than (25), partition x2 values less than (100))"
[1] 23:44:16,062 DEBUG SchemaChange - rewrote SQL to CREATE TABLE t1 ( a int not null, b char(10) not null, primary key(a), index (b)) partition by range /__MAXWELL__/ partitions 2 (partition x1 values less than (25), partition x2 values less than (100))
[1] 23:44:16,062 DEBUG SchemaChange - SQL_PARSE <- "CREATE TABLE t1 ( a int not null, b char(10) not null, primary key(a), index (b)) partition by range /__MAXWELL__/ partitions 2 (partition x1 values less than (25), partition x2 values less than (100))"
[1] 23:44:16,063 DEBUG SchemaChange - rewrote SQL to CREATE TABLE t1 ( a int not null, b char(10) not null, primary key(a), index (b)) partition by range /__MAXWELL__/ partitions 2 (/__MAXWELL__/
[1] 23:44:16,063 DEBUG SchemaChange - SQL_PARSE <- "CREATE TABLE t1 ( a int not null, b char(10) not null, primary key(a), index (b)) partition by range /__MAXWELL__/ partitions 2 (/__MAXWELL__/"
[1] 23:44:16,064 DEBUG SchemaChange - SQL_PARSE ->   (parse (statement (create_table (create_table_preamble CREATE TABLE (table_name (name (id t1)))) (create_specifications ( (create_specification (column_definition (name (id a)) (data_type (signed_type int (column_options (nullability not null)))))) , (create_specification (column_definition (name (id b)) (data_type (string_type char (length ( 10 )) (column_options (nullability not null)))))) , (create_specification (index_definition (index_type_pk primary key (index_column_list ( (index_columns (index_column (name (id a)))) ))))) , (create_specification (index_definition (index_type_1 (index_or_key index) (index_column_list ( (index_columns (index_column (name (id b)))) ))))) )) (table_creation_option (partition_by partition by (partition_by_what range (skip_parens /__MAXWELL__/)) (partition_count partitions 2) (partition_definitions ( (skip_parens_inside_partition_definitions /__MAXWELL__/)))))) <EOF>)
[1] 23:44:16,064 DEBUG SchemaChange - SQL_PARSE <- "CREATE TABLE t1 ( a int not null, b date not null, primary key(a), index (b)) partition by range (a) partitions 2 (partition x1 values less than (25), partition x2 values less than (100))"
[1] 23:44:16,065 DEBUG SchemaChange - rewrote SQL to CREATE TABLE t1 ( a int not null, b date not null, primary key(a), index (b)) partition by range /__MAXWELL__/ partitions 2 (partition x1 values less than (25), partition x2 values less than (100))
[1] 23:44:16,065 DEBUG SchemaChange - SQL_PARSE <- "CREATE TABLE t1 ( a int not null, b date not null, primary key(a), index (b)) partition by range /__MAXWELL__/ partitions 2 (partition x1 values less than (25), partition x2 values less than (100))"
[1] 23:44:16,066 DEBUG SchemaChange - rewrote SQL to CREATE TABLE t1 ( a int not null, b date not null, primary key(a), index (b)) partition by range /__MAXWELL__/ partitions 2 (/__MAXWELL__/
[1] 23:44:16,066 DEBUG SchemaChange - SQL_PARSE <- "CREATE TABLE t1 ( a int not null, b date not null, primary key(a), index (b)) partition by range /__MAXWELL__/ partitions 2 (/__MAXWELL__/"
[1] 23:44:16,067 DEBUG SchemaChange - SQL_PARSE ->   (parse (statement (create_table (create_table_preamble CREATE TABLE (table_name (name (id t1)))) (create_specifications ( (create_specification (column_definition (name (id a)) (data_type (signed_type int (column_options (nullability not null)))))) , (create_specification (column_definition (name (id b)) (data_type (generic_type date (column_options (nullability not null)))))) , (create_specification (index_definition (index_type_pk primary key (index_column_list ( (index_columns (index_column (name (id a)))) ))))) , (create_specification (index_definition (index_type_1 (index_or_key index) (index_column_list ( (index_columns (index_column (name (id b)))) ))))) )) (table_creation_option (partition_by partition by (partition_by_what range (skip_parens /__MAXWELL__/)) (partition_count partitions 2) (partition_definitions ( (skip_parens_inside_partition_definitions /__MAXWELL__/)))))) <EOF>)
[1] 23:44:16,067 DEBUG SchemaChange - SQL_PARSE <- "CREATE TABLE t1 ( a int not null, b datetime not null, primary key(a), index (b)) partition by range (a) partitions 2 (partition x1 values less than (25), partition x2 values less than (100))"
[1] 23:44:16,068 DEBUG SchemaChange - rewrote SQL to CREATE TABLE t1 ( a int not null, b datetime not null, primary key(a), index (b)) partition by range /__MAXWELL__/ partitions 2 (partition x1 values less than (25), partition x2 values less than (100))
[1] 23:44:16,068 DEBUG SchemaChange - SQL_PARSE <- "CREATE TABLE t1 ( a int not null, b datetime not null, primary key(a), index (b)) partition by range /__MAXWELL__/ partitions 2 (partition x1 values less than (25), partition x2 values less than (100))"
[1] 23:44:16,069 DEBUG SchemaChange - rewrote SQL to CREATE TABLE t1 ( a int not null, b datetime not null, primary key(a), index (b)) partition by range /__MAXWELL__/ partitions 2 (/__MAXWELL__/
[1] 23:44:16,069 DEBUG SchemaChange - SQL_PARSE <- "CREATE TABLE t1 ( a int not null, b datetime not null, primary key(a), index (b)) partition by range /__MAXWELL__/ partitions 2 (/__MAXWELL__/"
[1] 23:44:16,069 DEBUG SchemaChange - SQL_PARSE ->   (parse (statement (create_table (create_table_preamble CREATE TABLE (table_name (name (id t1)))) (create_specifications ( (create_specification (column_definition (name (id a)) (data_type (signed_type int (column_options (nullability not null)))))) , (create_specification (column_definition (name (id b)) (data_type (generic_type datetime (column_options (nullability not null)))))) , (create_specification (index_definition (index_type_pk primary key (index_column_list ( (index_columns (index_column (name (id a)))) ))))) , (create_specification (index_definition (index_type_1 (index_or_key index) (index_column_list ( (index_columns (index_column (name (id b)))) ))))) )) (table_creation_option (partition_by partition by (partition_by_what range (skip_parens /__MAXWELL__/)) (partition_count partitions 2) (partition_definitions ( (skip_parens_inside_partition_definitions /__MAXWELL__/)))))) <EOF>)
[1] 23:44:16,070 DEBUG SchemaChange - SQL_PARSE <- "CREATE TABLE t1 ( a int not null, b decimal not null, primary key(a), index (b)) partition by range (a) partitions 2 (partition x1 values less than (25), partition x2 values less than (100))"
[1] 23:44:16,070 DEBUG SchemaChange - rewrote SQL to CREATE TABLE t1 ( a int not null, b decimal not null, primary key(a), index (b)) partition by range /__MAXWELL__/ partitions 2 (partition x1 values less than (25), partition x2 values less than (100))
[1] 23:44:16,070 DEBUG SchemaChange - SQL_PARSE <- "CREATE TABLE t1 ( a int not null, b decimal not null, primary key(a), index (b)) partition by range /__MAXWELL__/ partitions 2 (partition x1 values less than (25), partition x2 values less than (100))"
[1] 23:44:16,071 DEBUG SchemaChange - rewrote SQL to CREATE TABLE t1 ( a int not null, b decimal not null, primary key(a), index (b)) partition by range /__MAXWELL__/ partitions 2 (/__MAXWELL__/
[1] 23:44:16,071 DEBUG SchemaChange - SQL_PARSE <- "CREATE TABLE t1 ( a int not null, b decimal not null, primary key(a), index (b)) partition by range /__MAXWELL__/ partitions 2 (/__MAXWELL__/"
[1] 23:44:16,071 DEBUG SchemaChange - SQL_PARSE ->   (parse (statement (create_table (create_table_preamble CREATE TABLE (table_name (name (id t1)))) (create_specifications ( (create_specification (column_definition (name (id a)) (data_type (signed_type int (column_options (nullability not null)))))) , (create_specification (column_definition (name (id b)) (data_type (signed_type decimal (column_options (nullability not null)))))) , (create_specification (index_definition (index_type_pk primary key (index_column_list ( (index_columns (index_column (name (id a)))) ))))) , (create_specification (index_definition (index_type_1 (index_or_key index) (index_column_list ( (index_columns (index_column (name (id b)))) ))))) )) (table_creation_option (partition_by partition by (partition_by_what range (skip_parens /__MAXWELL__/)) (partition_count partitions 2) (partition_definitions ( (skip_parens_inside_partition_definitions /__MAXWELL__/)))))) <EOF>)
[1] 23:44:16,071 DEBUG SchemaChange - SQL_PARSE <- "CREATE TABLE t1 ( a int not null, b double not null, primary key(a), index (b)) partition by range (a) partitions 2 (partition x1 values less than (25), partition x2 values less than (100))"
[1] 23:44:16,072 DEBUG SchemaChange - rewrote SQL to CREATE TABLE t1 ( a int not null, b double not null, primary key(a), index (b)) partition by range /__MAXWELL__/ partitions 2 (partition x1 values less than (25), partition x2 values less than (100))
[1] 23:44:16,072 DEBUG SchemaChange - SQL_PARSE <- "CREATE TABLE t1 ( a int not null, b double not null, primary key(a), index (b)) partition by range /__MAXWELL__/ partitions 2 (partition x1 values less than (25), partition x2 values less than (100))"
[1] 23:44:16,073 DEBUG SchemaChange - rewrote SQL to CREATE TABLE t1 ( a int not null, b double not null, primary key(a), index (b)) partition by range /__MAXWELL__/ partitions 2 (/__MAXWELL__/
[1] 23:44:16,073 DEBUG SchemaChange - SQL_PARSE <- "CREATE TABLE t1 ( a int not null, b double not null, primary key(a), index (b)) partition by range /__MAXWELL__/ partitions 2 (/__MAXWELL__/"
[1] 23:44:16,075 DEBUG SchemaChange - SQL_PARSE ->   (parse (statement (create_table (create_table_preamble CREATE TABLE (table_name (name (id t1)))) (create_specifications ( (create_specification (column_definition (name (id a)) (data_type (signed_type int (column_options (nullability not null)))))) , (create_specification (column_definition (name (id b)) (data_type (signed_type double (column_options (nullability not null)))))) , (create_specification (index_definition (index_type_pk primary key (index_column_list ( (index_columns (index_column (name (id a)))) ))))) , (create_specification (index_definition (index_type_1 (index_or_key index) (index_column_list ( (index_columns (index_column (name (id b)))) ))))) )) (table_creation_option (partition_by partition by (partition_by_what range (skip_parens /__MAXWELL__/)) (partition_count partitions 2) (partition_definitions ( (skip_parens_inside_partition_definitions /__MAXWELL__/)))))) <EOF>)
[1] 23:44:16,075 DEBUG SchemaChange - SQL_PARSE <- "CREATE TABLE t1 ( a int not null, b double precision not null, primary key(a), index (b)) partition by range (a) partitions 2 (partition x1 values less than (25), partition x2 values less than (100))"
[1] 23:44:16,076 DEBUG SchemaChange - rewrote SQL to CREATE TABLE t1 ( a int not null, b double precision not null, primary key(a), index (b)) partition by range /__MAXWELL__/ partitions 2 (partition x1 values less than (25), partition x2 values less than (100))
[1] 23:44:16,076 DEBUG SchemaChange - SQL_PARSE <- "CREATE TABLE t1 ( a int not null, b double precision not null, primary key(a), index (b)) partition by range /__MAXWELL__/ partitions 2 (partition x1 values less than (25), partition x2 values less than (100))"
[1] 23:44:16,076 DEBUG SchemaChange - rewrote SQL to CREATE TABLE t1 ( a int not null, b double precision not null, primary key(a), index (b)) partition by range /__MAXWELL__/ partitions 2 (/__MAXWELL__/
[1] 23:44:16,077 DEBUG SchemaChange - SQL_PARSE <- "CREATE TABLE t1 ( a int not null, b double precision not null, primary key(a), index (b)) partition by range /__MAXWELL__/ partitions 2 (/__MAXWELL__/"
[1] 23:44:16,077 DEBUG SchemaChange - SQL_PARSE ->   (parse (statement (create_table (create_table_preamble CREATE TABLE (table_name (name (id t1)))) (create_specifications ( (create_specification (column_definition (name (id a)) (data_type (signed_type int (column_options (nullability not null)))))) , (create_specification (column_definition (name (id b)) (data_type (signed_type double precision (column_options (nullability not null)))))) , (create_specification (index_definition (index_type_pk primary key (index_column_list ( (index_columns (index_column (name (id a)))) ))))) , (create_specification (index_definition (index_type_1 (index_or_key index) (index_column_list ( (index_columns (index_column (name (id b)))) ))))) )) (table_creation_option (partition_by partition by (partition_by_what range (skip_parens /__MAXWELL__/)) (partition_count partitions 2) (partition_definitions ( (skip_parens_inside_partition_definitions /__MAXWELL__/)))))) <EOF>)
[1] 23:44:16,077 DEBUG SchemaChange - SQL_PARSE <- "CREATE TABLE t1 ( a int not null, b double precision unsigned not null, primary key(a), index (b)) partition by range (a) partitions 2 (partition x1 values less than (25), partition x2 values less than (100))"
[1] 23:44:16,078 DEBUG SchemaChange - rewrote SQL to CREATE TABLE t1 ( a int not null, b double precision unsigned not null, primary key(a), index (b)) partition by range /__MAXWELL__/ partitions 2 (partition x1 values less than (25), partition x2 values less than (100))
[1] 23:44:16,078 DEBUG SchemaChange - SQL_PARSE <- "CREATE TABLE t1 ( a int not null, b double precision unsigned not null, primary key(a), index (b)) partition by range /__MAXWELL__/ partitions 2 (partition x1 values less than (25), partition x2 values less than (100))"
[1] 23:44:16,079 DEBUG SchemaChange - rewrote SQL to CREATE TABLE t1 ( a int not null, b double precision unsigned not null, primary key(a), index (b)) partition by range /__MAXWELL__/ partitions 2 (/__MAXWELL__/
[1] 23:44:16,079 DEBUG SchemaChange - SQL_PARSE <- "CREATE TABLE t1 ( a int not null, b double precision unsigned not null, primary key(a), index (b)) partition by range /__MAXWELL__/ partitions 2 (/__MAXWELL__/"
[1] 23:44:16,080 DEBUG SchemaChange - SQL_PARSE ->   (parse (statement (create_table (create_table_preamble CREATE TABLE (table_name (name (id t1)))) (create_specifications ( (create_specification (column_definition (name (id a)) (data_type (signed_type int (column_options (nullability not null)))))) , (create_specification (column_definition (name (id b)) (data_type (signed_type double precision (int_flags unsigned) (column_options (nullability not null)))))) , (create_specification (index_definition (index_type_pk primary key (index_column_list ( (index_columns (index_column (name (id a)))) ))))) , (create_specification (index_definition (index_type_1 (index_or_key index) (index_column_list ( (index_columns (index_column (name (id b)))) ))))) )) (table_creation_option (partition_by partition by (partition_by_what range (skip_parens /__MAXWELL__/)) (partition_count partitions 2) (partition_definitions ( (skip_parens_inside_partition_definitions /__MAXWELL__/)))))) <EOF>)
[1] 23:44:16,080 DEBUG SchemaChange - SQL_PARSE <- "CREATE TABLE t1 ( a int not null, b double unsigned not null, primary key(a), index (b)) partition by range (a) partitions 2 (partition x1 values less than (25), partition x2 values less than (100))"
[1] 23:44:16,081 DEBUG SchemaChange - rewrote SQL to CREATE TABLE t1 ( a int not null, b double unsigned not null, primary key(a), index (b)) partition by range /__MAXWELL__/ partitions 2 (partition x1 values less than (25), partition x2 values less than (100))
[1] 23:44:16,081 DEBUG SchemaChange - SQL_PARSE <- "CREATE TABLE t1 ( a int not null, b double unsigned not null, primary key(a), index (b)) partition by range /__MAXWELL__/ partitions 2 (partition x1 values less than (25), partition x2 values less than (100))"
[1] 23:44:16,082 DEBUG SchemaChange - rewrote SQL to CREATE TABLE t1 ( a int not null, b double unsigned not null, primary key(a), index (b)) partition by range /__MAXWELL__/ partitions 2 (/__MAXWELL__/
[1] 23:44:16,082 DEBUG SchemaChange - SQL_PARSE <- "CREATE TABLE t1 ( a int not null, b double unsigned not null, primary key(a), index (b)) partition by range /__MAXWELL__/ partitions 2 (/__MAXWELL__/"
[1] 23:44:16,083 DEBUG SchemaChange - SQL_PARSE ->   (parse (statement (create_table (create_table_preamble CREATE TABLE (table_name (name (id t1)))) (create_specifications ( (create_specification (column_definition (name (id a)) (data_type (signed_type int (column_options (nullability not null)))))) , (create_specification (column_definition (name (id b)) (data_type (signed_type double (int_flags unsigned) (column_options (nullability not null)))))) , (create_specification (index_definition (index_type_pk primary key (index_column_list ( (index_columns (index_column (name (id a)))) ))))) , (create_specification (index_definition (index_type_1 (index_or_key index) (index_column_list ( (index_columns (index_column (name (id b)))) ))))) )) (table_creation_option (partition_by partition by (partition_by_what range (skip_parens /__MAXWELL__/)) (partition_count partitions 2) (partition_definitions ( (skip_parens_inside_partition_definitions /__MAXWELL__/)))))) <EOF>)
[1] 23:44:16,083 DEBUG SchemaChange - SQL_PARSE <- "CREATE TABLE t1 ( a int not null, b enum('1','2', '4', '5') not null, primary key(a), index (b)) partition by range (a) partitions 2 (partition x1 values less than (25), partition x2 values less than (100))"
[1] 23:44:16,085 DEBUG SchemaChange - rewrote SQL to CREATE TABLE t1 ( a int not null, b enum('1','2', '4', '5') not null, primary key(a), index (b)) partition by range /__MAXWELL__/ partitions 2 (partition x1 values less than (25), partition x2 values less than (100))
[1] 23:44:16,085 DEBUG SchemaChange - SQL_PARSE <- "CREATE TABLE t1 ( a int not null, b enum('1','2', '4', '5') not null, primary key(a), index (b)) partition by range /__MAXWELL__/ partitions 2 (partition x1 values less than (25), partition x2 values less than (100))"
[1] 23:44:16,086 DEBUG SchemaChange - rewrote SQL to CREATE TABLE t1 ( a int not null, b enum('1','2', '4', '5') not null, primary key(a), index (b)) partition by range /__MAXWELL__/ partitions 2 (/__MAXWELL__/
[1] 23:44:16,087 DEBUG SchemaChange - SQL_PARSE <- "CREATE TABLE t1 ( a int not null, b enum('1','2', '4', '5') not null, primary key(a), index (b)) partition by range /__MAXWELL__/ partitions 2 (/__MAXWELL__/"
[1] 23:44:16,088 DEBUG SchemaChange - SQL_PARSE ->   (parse (statement (create_table (create_table_preamble CREATE TABLE (table_name (name (id t1)))) (create_specifications ( (create_specification (column_definition (name (id a)) (data_type (signed_type int (column_options (nullability not null)))))) , (create_specification (column_definition (name (id b)) (data_type (enumerated_type enum ( (enumerated_values (enum_value (string_literal '1')) , (enum_value (string_literal '2')) , (enum_value (string_literal '4')) , (enum_value (string_literal '5'))) ) (column_options (nullability not null)))))) , (create_specification (index_definition (index_type_pk primary key (index_column_list ( (index_columns (index_column (name (id a)))) ))))) , (create_specification (index_definition (index_type_1 (index_or_key index) (index_column_list ( (index_columns (index_column (name (id b)))) ))))) )) (table_creation_option (partition_by partition by (partition_by_what range (skip_parens /__MAXWELL__/)) (partition_count partitions 2) (partition_definitions ( (skip_parens_inside_partition_definitions /__MAXWELL__/)))))) <EOF>)
[1] 23:44:16,088 DEBUG SchemaChange - SQL_PARSE <- "CREATE TABLE t1 ( a int not null, b float not null, primary key(a), index (b)) partition by range (a) partitions 2 (partition x1 values less than (25), partition x2 values less than (100))"
[1] 23:44:16,089 DEBUG SchemaChange - rewrote SQL to CREATE TABLE t1 ( a int not null, b float not null, primary key(a), index (b)) partition by range /__MAXWELL__/ partitions 2 (partition x1 values less than (25), partition x2 values less than (100))
[1] 23:44:16,089 DEBUG SchemaChange - SQL_PARSE <- "CREATE TABLE t1 ( a int not null, b float not null, primary key(a), index (b)) partition by range /__MAXWELL__/ partitions 2 (partition x1 values less than (25), partition x2 values less than (100))"
[1] 23:44:16,090 DEBUG SchemaChange - rewrote SQL to CREATE TABLE t1 ( a int not null, b float not null, primary key(a), index (b)) partition by range /__MAXWELL__/ partitions 2 (/__MAXWELL__/
[1] 23:44:16,090 DEBUG SchemaChange - SQL_PARSE <- "CREATE TABLE t1 ( a int not null, b float not null, primary key(a), index (b)) partition by range /__MAXWELL__/ partitions 2 (/__MAXWELL__/"
[1] 23:44:16,090 DEBUG SchemaChange - SQL_PARSE ->   (parse (statement (create_table (create_table_preamble CREATE TABLE (table_name (name (id t1)))) (create_specifications ( (create_specification (column_definition (name (id a)) (data_type (signed_type int (column_options (nullability not null)))))) , (create_specification (column_definition (name (id b)) (data_type (signed_type float (column_options (nullability not null)))))) , (create_specification (index_definition (index_type_pk primary key (index_column_list ( (index_columns (index_column (name (id a)))) ))))) , (create_specification (index_definition (index_type_1 (index_or_key index) (index_column_list ( (index_columns (index_column (name (id b)))) ))))) )) (table_creation_option (partition_by partition by (partition_by_what range (skip_parens /__MAXWELL__/)) (partition_count partitions 2) (partition_definitions ( (skip_parens_inside_partition_definitions /__MAXWELL__/)))))) <EOF>)
[1] 23:44:16,091 DEBUG SchemaChange - SQL_PARSE <- "CREATE TABLE t1 ( a int not null, b float unsigned not null, primary key(a), index (b)) partition by range (a) partitions 2 (partition x1 values less than (25), partition x2 values less than (100))"
[1] 23:44:16,092 DEBUG SchemaChange - rewrote SQL to CREATE TABLE t1 ( a int not null, b float unsigned not null, primary key(a), index (b)) partition by range /__MAXWELL__/ partitions 2 (partition x1 values less than (25), partition x2 values less than (100))
[1] 23:44:16,092 DEBUG SchemaChange - SQL_PARSE <- "CREATE TABLE t1 ( a int not null, b float unsigned not null, primary key(a), index (b)) partition by range /__MAXWELL__/ partitions 2 (partition x1 values less than (25), partition x2 values less than (100))"
[1] 23:44:16,093 DEBUG SchemaChange - rewrote SQL to CREATE TABLE t1 ( a int not null, b float unsigned not null, primary key(a), index (b)) partition by range /__MAXWELL__/ partitions 2 (/__MAXWELL__/
[1] 23:44:16,093 DEBUG SchemaChange - SQL_PARSE <- "CREATE TABLE t1 ( a int not null, b float unsigned not null, primary key(a), index (b)) partition by range /__MAXWELL__/ partitions 2 (/__MAXWELL__/"
[1] 23:44:16,094 DEBUG SchemaChange - SQL_PARSE ->   (parse (statement (create_table (create_table_preamble CREATE TABLE (table_name (name (id t1)))) (create_specifications ( (create_specification (column_definition (name (id a)) (data_type (signed_type int (column_options (nullability not null)))))) , (create_specification (column_definition (name (id b)) (data_type (signed_type float (int_flags unsigned) (column_options (nullability not null)))))) , (create_specification (index_definition (index_type_pk primary key (index_column_list ( (index_columns (index_column (name (id a)))) ))))) , (create_specification (index_definition (index_type_1 (index_or_key index) (index_column_list ( (index_columns (index_column (name (id b)))) ))))) )) (table_creation_option (partition_by partition by (partition_by_what range (skip_parens /__MAXWELL__/)) (partition_count partitions 2) (partition_definitions ( (skip_parens_inside_partition_definitions /__MAXWELL__/)))))) <EOF>)
[1] 23:44:16,094 DEBUG SchemaChange - SQL_PARSE <- "CREATE TABLE t1 ( a int not null, b int not null, c int not null) partition by list(a) partitions 2 (partition x123 values in (1,5,6), partition x234 values in (4,7,8))"
[1] 23:44:16,095 DEBUG SchemaChange - rewrote SQL to CREATE TABLE t1 ( a int not null, b int not null, c int not null) partition by list/__MAXWELL__/ partitions 2 (partition x123 values in (1,5,6), partition x234 values in (4,7,8))
[1] 23:44:16,095 DEBUG SchemaChange - SQL_PARSE <- "CREATE TABLE t1 ( a int not null, b int not null, c int not null) partition by list/__MAXWELL__/ partitions 2 (partition x123 values in (1,5,6), partition x234 values in (4,7,8))"
[1] 23:44:16,096 DEBUG SchemaChange - rewrote SQL to CREATE TABLE t1 ( a int not null, b int not null, c int not null) partition by list/__MAXWELL__/ partitions 2 (/__MAXWELL__/
[1] 23:44:16,096 DEBUG SchemaChange - SQL_PARSE <- "CREATE TABLE t1 ( a int not null, b int not null, c int not null) partition by list/__MAXWELL__/ partitions 2 (/__MAXWELL__/"
[1] 23:44:16,096 DEBUG SchemaChange - SQL_PARSE ->   (parse (statement (create_table (create_table_preamble CREATE TABLE (table_name (name (id t1)))) (create_specifications ( (create_specification (column_definition (name (id a)) (data_type (signed_type int (column_options (nullability not null)))))) , (create_specification (column_definition (name (id b)) (data_type (signed_type int (column_options (nullability not null)))))) , (create_specification (column_definition (name (id c)) (data_type (signed_type int (column_options (nullability not null)))))) )) (table_creation_option (partition_by partition by (partition_by_what list (skip_parens /__MAXWELL__/)) (partition_count partitions 2) (partition_definitions ( (skip_parens_inside_partition_definitions /__MAXWELL__/)))))) <EOF>)
[1] 23:44:16,096 DEBUG SchemaChange - SQL_PARSE <- "CREATE TABLE t1 ( a int not null, b int not null, c int not null) partition by range (a) partitions 3 (partition x1 values less than (5) tablespace ts1, partition x2 values less than (10) tablespace ts2, partition x3 values less than maxvalue tablespace ts3)"
[1] 23:44:16,097 DEBUG SchemaChange - rewrote SQL to CREATE TABLE t1 ( a int not null, b int not null, c int not null) partition by range /__MAXWELL__/ partitions 3 (partition x1 values less than (5) tablespace ts1, partition x2 values less than (10) tablespace ts2, partition x3 values less than maxvalue tablespace ts3)
[1] 23:44:16,097 DEBUG SchemaChange - SQL_PARSE <- "CREATE TABLE t1 ( a int not null, b int not null, c int not null) partition by range /__MAXWELL__/ partitions 3 (partition x1 values less than (5) tablespace ts1, partition x2 values less than (10) tablespace ts2, partition x3 values less than maxvalue tablespace ts3)"
[1] 23:44:16,098 DEBUG SchemaChange - rewrote SQL to CREATE TABLE t1 ( a int not null, b int not null, c int not null) partition by range /__MAXWELL__/ partitions 3 (/__MAXWELL__/
[1] 23:44:16,098 DEBUG SchemaChange - SQL_PARSE <- "CREATE TABLE t1 ( a int not null, b int not null, c int not null) partition by range /__MAXWELL__/ partitions 3 (/__MAXWELL__/"
[1] 23:44:16,099 DEBUG SchemaChange - SQL_PARSE ->   (parse (statement (create_table (create_table_preamble CREATE TABLE (table_name (name (id t1)))) (create_specifications ( (create_specification (column_definition (name (id a)) (data_type (signed_type int (column_options (nullability not null)))))) , (create_specification (column_definition (name (id b)) (data_type (signed_type int (column_options (nullability not null)))))) , (create_specification (column_definition (name (id c)) (data_type (signed_type int (column_options (nullability not null)))))) )) (table_creation_option (partition_by partition by (partition_by_what range (skip_parens /__MAXWELL__/)) (partition_count partitions 3) (partition_definitions ( (skip_parens_inside_partition_definitions /__MAXWELL__/)))))) <EOF>)
[1] 23:44:16,099 DEBUG SchemaChange - SQL_PARSE <- "CREATE TABLE t1 ( a int not null, b int not null, c int not null, primary key (a,b))  partition by range (a) subpartition by hash (a+b)  ( partition x1 values less than (1) ( subpartition x11, subpartition x12), partition x2 values less than (5) ( subpartition x21, subpartition x22) )"
[1] 23:44:16,100 DEBUG SchemaChange - rewrote SQL to CREATE TABLE t1 ( a int not null, b int not null, c int not null, primary key (a,b))  partition by range /__MAXWELL__/ subpartition by hash (a+b)  ( partition x1 values less than (1) ( subpartition x11, subpartition x12), partition x2 values less than (5) ( subpartition x21, subpartition x22) )
[1] 23:44:16,100 DEBUG SchemaChange - SQL_PARSE <- "CREATE TABLE t1 ( a int not null, b int not null, c int not null, primary key (a,b))  partition by range /__MAXWELL__/ subpartition by hash (a+b)  ( partition x1 values less than (1) ( subpartition x11, subpartition x12), partition x2 values less than (5) ( subpartition x21, subpartition x22) )"
[1] 23:44:16,101 DEBUG SchemaChange - rewrote SQL to CREATE TABLE t1 ( a int not null, b int not null, c int not null, primary key (a,b))  partition by range /__MAXWELL__/ subpartition by hash /__MAXWELL__/  ( partition x1 values less than (1) ( subpartition x11, subpartition x12), partition x2 values less than (5) ( subpartition x21, subpartition x22) )
[1] 23:44:16,101 DEBUG SchemaChange - SQL_PARSE <- "CREATE TABLE t1 ( a int not null, b int not null, c int not null, primary key (a,b))  partition by range /__MAXWELL__/ subpartition by hash /__MAXWELL__/  ( partition x1 values less than (1) ( subpartition x11, subpartition x12), partition x2 values less than (5) ( subpartition x21, subpartition x22) )"
[1] 23:44:16,102 DEBUG SchemaChange - rewrote SQL to CREATE TABLE t1 ( a int not null, b int not null, c int not null, primary key (a,b))  partition by range /__MAXWELL__/ subpartition by hash /__MAXWELL__/  ( /__MAXWELL__/
[1] 23:44:16,102 DEBUG SchemaChange - SQL_PARSE <- "CREATE TABLE t1 ( a int not null, b int not null, c int not null, primary key (a,b))  partition by range /__MAXWELL__/ subpartition by hash /__MAXWELL__/  ( /__MAXWELL__/"
[1] 23:44:16,103 DEBUG SchemaChange - SQL_PARSE ->   (parse (statement (create_table (create_table_preamble CREATE TABLE (table_name (name (id t1)))) (create_specifications ( (create_specification (column_definition (name (id a)) (data_type (signed_type int (column_options (nullability not null)))))) , (create_specification (column_definition (name (id b)) (data_type (signed_type int (column_options (nullability not null)))))) , (create_specification (column_definition (name (id c)) (data_type (signed_type int (column_options (nullability not null)))))) , (create_specification (index_definition (index_type_pk primary key (index_column_list ( (index_columns (index_column (name (id a))) , (index_column (name (id b)))) ))))) )) (table_creation_option (partition_by partition by (partition_by_what range (skip_parens /__MAXWELL__/)) (subpartition_by subpartition by (partition_by_what hash (skip_parens /__MAXWELL__/))) (partition_definitions ( (skip_parens_inside_partition_definitions /__MAXWELL__/)))))) <EOF>)
[1] 23:44:16,103 DEBUG SchemaChange - SQL_PARSE <- "CREATE TABLE t1 ( a int not null, b int not null, c int not null, primary key (a,b)) partition by list (a) subpartition by hash (a+b) ( partition x1 values in (1,2,3) ( subpartition x11 nodegroup 0, subpartition x12 nodegroup 1), partition x2 values in (4,5,6) ( subpartition x21 nodegroup 0, subpartition x22 nodegroup 1) )"
[1] 23:44:16,104 DEBUG SchemaChange - rewrote SQL to CREATE TABLE t1 ( a int not null, b int not null, c int not null, primary key (a,b)) partition by list /__MAXWELL__/ subpartition by hash (a+b) ( partition x1 values in (1,2,3) ( subpartition x11 nodegroup 0, subpartition x12 nodegroup 1), partition x2 values in (4,5,6) ( subpartition x21 nodegroup 0, subpartition x22 nodegroup 1) )
[1] 23:44:16,104 DEBUG SchemaChange - SQL_PARSE <- "CREATE TABLE t1 ( a int not null, b int not null, c int not null, primary key (a,b)) partition by list /__MAXWELL__/ subpartition by hash (a+b) ( partition x1 values in (1,2,3) ( subpartition x11 nodegroup 0, subpartition x12 nodegroup 1), partition x2 values in (4,5,6) ( subpartition x21 nodegroup 0, subpartition x22 nodegroup 1) )"
[1] 23:44:16,105 DEBUG SchemaChange - rewrote SQL to CREATE TABLE t1 ( a int not null, b int not null, c int not null, primary key (a,b)) partition by list /__MAXWELL__/ subpartition by hash /__MAXWELL__/ ( partition x1 values in (1,2,3) ( subpartition x11 nodegroup 0, subpartition x12 nodegroup 1), partition x2 values in (4,5,6) ( subpartition x21 nodegroup 0, subpartition x22 nodegroup 1) )
[1] 23:44:16,105 DEBUG SchemaChange - SQL_PARSE <- "CREATE TABLE t1 ( a int not null, b int not null, c int not null, primary key (a,b)) partition by list /__MAXWELL__/ subpartition by hash /__MAXWELL__/ ( partition x1 values in (1,2,3) ( subpartition x11 nodegroup 0, subpartition x12 nodegroup 1), partition x2 values in (4,5,6) ( subpartition x21 nodegroup 0, subpartition x22 nodegroup 1) )"
[1] 23:44:16,106 DEBUG SchemaChange - rewrote SQL to CREATE TABLE t1 ( a int not null, b int not null, c int not null, primary key (a,b)) partition by list /__MAXWELL__/ subpartition by hash /__MAXWELL__/ ( /__MAXWELL__/
[1] 23:44:16,107 DEBUG SchemaChange - SQL_PARSE <- "CREATE TABLE t1 ( a int not null, b int not null, c int not null, primary key (a,b)) partition by list /__MAXWELL__/ subpartition by hash /__MAXWELL__/ ( /__MAXWELL__/"
[1] 23:44:16,107 DEBUG SchemaChange - SQL_PARSE ->   (parse (statement (create_table (create_table_preamble CREATE TABLE (table_name (name (id t1)))) (create_specifications ( (create_specification (column_definition (name (id a)) (data_type (signed_type int (column_options (nullability not null)))))) , (create_specification (column_definition (name (id b)) (data_type (signed_type int (column_options (nullability not null)))))) , (create_specification (column_definition (name (id c)) (data_type (signed_type int (column_options (nullability not null)))))) , (create_specification (index_definition (index_type_pk primary key (index_column_list ( (index_columns (index_column (name (id a))) , (index_column (name (id b)))) ))))) )) (table_creation_option (partition_by partition by (partition_by_what list (skip_parens /__MAXWELL__/)) (subpartition_by subpartition by (partition_by_what hash (skip_parens /__MAXWELL__/))) (partition_definitions ( (skip_parens_inside_partition_definitions /__MAXWELL__/)))))) <EOF>)
[1] 23:44:16,108 DEBUG SchemaChange - SQL_PARSE <- "CREATE TABLE t1 ( a int not null, b int not null, c int not null, primary key (a,b)) partition by range (a) subpartition by hash (a+b) ( partition x1 values less than (1) ( subpartition x11 engine myisam nodegroup 0, subpartition x12 engine myisam nodegroup 1), partition x2 values less than (5) ( subpartition x21 engine myisam nodegroup 0, subpartition x22 engine myisam nodegroup 1) )"
[1] 23:44:16,108 DEBUG SchemaChange - rewrote SQL to CREATE TABLE t1 ( a int not null, b int not null, c int not null, primary key (a,b)) partition by range /__MAXWELL__/ subpartition by hash (a+b) ( partition x1 values less than (1) ( subpartition x11 engine myisam nodegroup 0, subpartition x12 engine myisam nodegroup 1), partition x2 values less than (5) ( subpartition x21 engine myisam nodegroup 0, subpartition x22 engine myisam nodegroup 1) )
[1] 23:44:16,109 DEBUG SchemaChange - SQL_PARSE <- "CREATE TABLE t1 ( a int not null, b int not null, c int not null, primary key (a,b)) partition by range /__MAXWELL__/ subpartition by hash (a+b) ( partition x1 values less than (1) ( subpartition x11 engine myisam nodegroup 0, subpartition x12 engine myisam nodegroup 1), partition x2 values less than (5) ( subpartition x21 engine myisam nodegroup 0, subpartition x22 engine myisam nodegroup 1) )"
[1] 23:44:16,109 DEBUG SchemaChange - rewrote SQL to CREATE TABLE t1 ( a int not null, b int not null, c int not null, primary key (a,b)) partition by range /__MAXWELL__/ subpartition by hash /__MAXWELL__/ ( partition x1 values less than (1) ( subpartition x11 engine myisam nodegroup 0, subpartition x12 engine myisam nodegroup 1), partition x2 values less than (5) ( subpartition x21 engine myisam nodegroup 0, subpartition x22 engine myisam nodegroup 1) )
[1] 23:44:16,109 DEBUG SchemaChange - SQL_PARSE <- "CREATE TABLE t1 ( a int not null, b int not null, c int not null, primary key (a,b)) partition by range /__MAXWELL__/ subpartition by hash /__MAXWELL__/ ( partition x1 values less than (1) ( subpartition x11 engine myisam nodegroup 0, subpartition x12 engine myisam nodegroup 1), partition x2 values less than (5) ( subpartition x21 engine myisam nodegroup 0, subpartition x22 engine myisam nodegroup 1) )"
[1] 23:44:16,110 DEBUG SchemaChange - rewrote SQL to CREATE TABLE t1 ( a int not null, b int not null, c int not null, primary key (a,b)) partition by range /__MAXWELL__/ subpartition by hash /__MAXWELL__/ ( /__MAXWELL__/
[1] 23:44:16,110 DEBUG SchemaChange - SQL_PARSE <- "CREATE TABLE t1 ( a int not null, b int not null, c int not null, primary key (a,b)) partition by range /__MAXWELL__/ subpartition by hash /__MAXWELL__/ ( /__MAXWELL__/"
[1] 23:44:16,111 DEBUG SchemaChange - SQL_PARSE ->   (parse (statement (create_table (create_table_preamble CREATE TABLE (table_name (name (id t1)))) (create_specifications ( (create_specification (column_definition (name (id a)) (data_type (signed_type int (column_options (nullability not null)))))) , (create_specification (column_definition (name (id b)) (data_type (signed_type int (column_options (nullability not null)))))) , (create_specification (column_definition (name (id c)) (data_type (signed_type int (column_options (nullability not null)))))) , (create_specification (index_definition (index_type_pk primary key (index_column_list ( (index_columns (index_column (name (id a))) , (index_column (name (id b)))) ))))) )) (table_creation_option (partition_by partition by (partition_by_what range (skip_parens /__MAXWELL__/)) (subpartition_by subpartition by (partition_by_what hash (skip_parens /__MAXWELL__/))) (partition_definitions ( (skip_parens_inside_partition_definitions /__MAXWELL__/)))))) <EOF>)
[1] 23:44:16,111 DEBUG SchemaChange - SQL_PARSE <- "CREATE TABLE t1 ( a int not null, b int not null, c int not null, primary key (a,b)) partition by range (a) subpartition by hash (a+b) ( partition x1 values less than (1) ( subpartition x11 engine myisam, subpartition x12 engine myisam), partition x2 values less than (5) ( subpartition x21 engine myisam, subpartition x22 engine myisam) )"
[1] 23:44:16,112 DEBUG SchemaChange - rewrote SQL to CREATE TABLE t1 ( a int not null, b int not null, c int not null, primary key (a,b)) partition by range /__MAXWELL__/ subpartition by hash (a+b) ( partition x1 values less than (1) ( subpartition x11 engine myisam, subpartition x12 engine myisam), partition x2 values less than (5) ( subpartition x21 engine myisam, subpartition x22 engine myisam) )
[1] 23:44:16,112 DEBUG SchemaChange - SQL_PARSE <- "CREATE TABLE t1 ( a int not null, b int not null, c int not null, primary key (a,b)) partition by range /__MAXWELL__/ subpartition by hash (a+b) ( partition x1 values less than (1) ( subpartition x11 engine myisam, subpartition x12 engine myisam), partition x2 values less than (5) ( subpartition x21 engine myisam, subpartition x22 engine myisam) )"
[1] 23:44:16,113 DEBUG SchemaChange - rewrote SQL to CREATE TABLE t1 ( a int not null, b int not null, c int not null, primary key (a,b)) partition by range /__MAXWELL__/ subpartition by hash /__MAXWELL__/ ( partition x1 values less than (1) ( subpartition x11 engine myisam, subpartition x12 engine myisam), partition x2 values less than (5) ( subpartition x21 engine myisam, subpartition x22 engine myisam) )
[1] 23:44:16,113 DEBUG SchemaChange - SQL_PARSE <- "CREATE TABLE t1 ( a int not null, b int not null, c int not null, primary key (a,b)) partition by range /__MAXWELL__/ subpartition by hash /__MAXWELL__/ ( partition x1 values less than (1) ( subpartition x11 engine myisam, subpartition x12 engine myisam), partition x2 values less than (5) ( subpartition x21 engine myisam, subpartition x22 engine myisam) )"
[1] 23:44:16,114 DEBUG SchemaChange - rewrote SQL to CREATE TABLE t1 ( a int not null, b int not null, c int not null, primary key (a,b)) partition by range /__MAXWELL__/ subpartition by hash /__MAXWELL__/ ( /__MAXWELL__/
[1] 23:44:16,114 DEBUG SchemaChange - SQL_PARSE <- "CREATE TABLE t1 ( a int not null, b int not null, c int not null, primary key (a,b)) partition by range /__MAXWELL__/ subpartition by hash /__MAXWELL__/ ( /__MAXWELL__/"
[1] 23:44:16,115 DEBUG SchemaChange - SQL_PARSE ->   (parse (statement (create_table (create_table_preamble CREATE TABLE (table_name (name (id t1)))) (create_specifications ( (create_specification (column_definition (name (id a)) (data_type (signed_type int (column_options (nullability not null)))))) , (create_specification (column_definition (name (id b)) (data_type (signed_type int (column_options (nullability not null)))))) , (create_specification (column_definition (name (id c)) (data_type (signed_type int (column_options (nullability not null)))))) , (create_specification (index_definition (index_type_pk primary key (index_column_list ( (index_columns (index_column (name (id a))) , (index_column (name (id b)))) ))))) )) (table_creation_option (partition_by partition by (partition_by_what range (skip_parens /__MAXWELL__/)) (subpartition_by subpartition by (partition_by_what hash (skip_parens /__MAXWELL__/))) (partition_definitions ( (skip_parens_inside_partition_definitions /__MAXWELL__/)))))) <EOF>)
[1] 23:44:16,115 DEBUG SchemaChange - SQL_PARSE <- "CREATE TABLE t1 ( a int not null, b int not null, c int not null, primary key (a,b)) partition by range (a) subpartition by hash (a+b) ( partition x1 values less than (1) ( subpartition x11 tablespace t1 engine myisam nodegroup 0, subpartition x12 tablespace t2 engine myisam nodegroup 1), partition x2 values less than (5) ( subpartition x21 tablespace t1 engine myisam nodegroup 0, subpartition x22 tablespace t2 engine myisam nodegroup 1) )"
[1] 23:44:16,116 DEBUG SchemaChange - rewrote SQL to CREATE TABLE t1 ( a int not null, b int not null, c int not null, primary key (a,b)) partition by range /__MAXWELL__/ subpartition by hash (a+b) ( partition x1 values less than (1) ( subpartition x11 tablespace t1 engine myisam nodegroup 0, subpartition x12 tablespace t2 engine myisam nodegroup 1), partition x2 values less than (5) ( subpartition x21 tablespace t1 engine myisam nodegroup 0, subpartition x22 tablespace t2 engine myisam nodegroup 1) )
[1] 23:44:16,116 DEBUG SchemaChange - SQL_PARSE <- "CREATE TABLE t1 ( a int not null, b int not null, c int not null, primary key (a,b)) partition by range /__MAXWELL__/ subpartition by hash (a+b) ( partition x1 values less than (1) ( subpartition x11 tablespace t1 engine myisam nodegroup 0, subpartition x12 tablespace t2 engine myisam nodegroup 1), partition x2 values less than (5) ( subpartition x21 tablespace t1 engine myisam nodegroup 0, subpartition x22 tablespace t2 engine myisam nodegroup 1) )"
[1] 23:44:16,117 DEBUG SchemaChange - rewrote SQL to CREATE TABLE t1 ( a int not null, b int not null, c int not null, primary key (a,b)) partition by range /__MAXWELL__/ subpartition by hash /__MAXWELL__/ ( partition x1 values less than (1) ( subpartition x11 tablespace t1 engine myisam nodegroup 0, subpartition x12 tablespace t2 engine myisam nodegroup 1), partition x2 values less than (5) ( subpartition x21 tablespace t1 engine myisam nodegroup 0, subpartition x22 tablespace t2 engine myisam nodegroup 1) )
[1] 23:44:16,117 DEBUG SchemaChange - SQL_PARSE <- "CREATE TABLE t1 ( a int not null, b int not null, c int not null, primary key (a,b)) partition by range /__MAXWELL__/ subpartition by hash /__MAXWELL__/ ( partition x1 values less than (1) ( subpartition x11 tablespace t1 engine myisam nodegroup 0, subpartition x12 tablespace t2 engine myisam nodegroup 1), partition x2 values less than (5) ( subpartition x21 tablespace t1 engine myisam nodegroup 0, subpartition x22 tablespace t2 engine myisam nodegroup 1) )"
[1] 23:44:16,118 DEBUG SchemaChange - rewrote SQL to CREATE TABLE t1 ( a int not null, b int not null, c int not null, primary key (a,b)) partition by range /__MAXWELL__/ subpartition by hash /__MAXWELL__/ ( /__MAXWELL__/
[1] 23:44:16,118 DEBUG SchemaChange - SQL_PARSE <- "CREATE TABLE t1 ( a int not null, b int not null, c int not null, primary key (a,b)) partition by range /__MAXWELL__/ subpartition by hash /__MAXWELL__/ ( /__MAXWELL__/"
[1] 23:44:16,119 DEBUG SchemaChange - SQL_PARSE ->   (parse (statement (create_table (create_table_preamble CREATE TABLE (table_name (name (id t1)))) (create_specifications ( (create_specification (column_definition (name (id a)) (data_type (signed_type int (column_options (nullability not null)))))) , (create_specification (column_definition (name (id b)) (data_type (signed_type int (column_options (nullability not null)))))) , (create_specification (column_definition (name (id c)) (data_type (signed_type int (column_options (nullability not null)))))) , (create_specification (index_definition (index_type_pk primary key (index_column_list ( (index_columns (index_column (name (id a))) , (index_column (name (id b)))) ))))) )) (table_creation_option (partition_by partition by (partition_by_what range (skip_parens /__MAXWELL__/)) (subpartition_by subpartition by (partition_by_what hash (skip_parens /__MAXWELL__/))) (partition_definitions ( (skip_parens_inside_partition_definitions /__MAXWELL__/)))))) <EOF>)
[1] 23:44:16,119 DEBUG SchemaChange - SQL_PARSE <- "CREATE TABLE t1 ( a int not null, b int not null, c int not null, primary key (a,b)) partition by range (a) subpartition by hash (a+b) ( partition x1 values less than (1) ( subpartition x11 tablespace t1 engine myisam, subpartition x12 tablespace t2 engine myisam), partition x2 values less than (5) ( subpartition x21 tablespace t1 engine myisam, subpartition x22 tablespace t2 engine myisam) )"
[1] 23:44:16,120 DEBUG SchemaChange - rewrote SQL to CREATE TABLE t1 ( a int not null, b int not null, c int not null, primary key (a,b)) partition by range /__MAXWELL__/ subpartition by hash (a+b) ( partition x1 values less than (1) ( subpartition x11 tablespace t1 engine myisam, subpartition x12 tablespace t2 engine myisam), partition x2 values less than (5) ( subpartition x21 tablespace t1 engine myisam, subpartition x22 tablespace t2 engine myisam) )
[1] 23:44:16,120 DEBUG SchemaChange - SQL_PARSE <- "CREATE TABLE t1 ( a int not null, b int not null, c int not null, primary key (a,b)) partition by range /__MAXWELL__/ subpartition by hash (a+b) ( partition x1 values less than (1) ( subpartition x11 tablespace t1 engine myisam, subpartition x12 tablespace t2 engine myisam), partition x2 values less than (5) ( subpartition x21 tablespace t1 engine myisam, subpartition x22 tablespace t2 engine myisam) )"
[1] 23:44:16,121 DEBUG SchemaChange - rewrote SQL to CREATE TABLE t1 ( a int not null, b int not null, c int not null, primary key (a,b)) partition by range /__MAXWELL__/ subpartition by hash /__MAXWELL__/ ( partition x1 values less than (1) ( subpartition x11 tablespace t1 engine myisam, subpartition x12 tablespace t2 engine myisam), partition x2 values less than (5) ( subpartition x21 tablespace t1 engine myisam, subpartition x22 tablespace t2 engine myisam) )
[1] 23:44:16,121 DEBUG SchemaChange - SQL_PARSE <- "CREATE TABLE t1 ( a int not null, b int not null, c int not null, primary key (a,b)) partition by range /__MAXWELL__/ subpartition by hash /__MAXWELL__/ ( partition x1 values less than (1) ( subpartition x11 tablespace t1 engine myisam, subpartition x12 tablespace t2 engine myisam), partition x2 values less than (5) ( subpartition x21 tablespace t1 engine myisam, subpartition x22 tablespace t2 engine myisam) )"
[1] 23:44:16,122 DEBUG SchemaChange - rewrote SQL to CREATE TABLE t1 ( a int not null, b int not null, c int not null, primary key (a,b)) partition by range /__MAXWELL__/ subpartition by hash /__MAXWELL__/ ( /__MAXWELL__/
[1] 23:44:16,122 DEBUG SchemaChange - SQL_PARSE <- "CREATE TABLE t1 ( a int not null, b int not null, c int not null, primary key (a,b)) partition by range /__MAXWELL__/ subpartition by hash /__MAXWELL__/ ( /__MAXWELL__/"
[1] 23:44:16,123 DEBUG SchemaChange - SQL_PARSE ->   (parse (statement (create_table (create_table_preamble CREATE TABLE (table_name (name (id t1)))) (create_specifications ( (create_specification (column_definition (name (id a)) (data_type (signed_type int (column_options (nullability not null)))))) , (create_specification (column_definition (name (id b)) (data_type (signed_type int (column_options (nullability not null)))))) , (create_specification (column_definition (name (id c)) (data_type (signed_type int (column_options (nullability not null)))))) , (create_specification (index_definition (index_type_pk primary key (index_column_list ( (index_columns (index_column (name (id a))) , (index_column (name (id b)))) ))))) )) (table_creation_option (partition_by partition by (partition_by_what range (skip_parens /__MAXWELL__/)) (subpartition_by subpartition by (partition_by_what hash (skip_parens /__MAXWELL__/))) (partition_definitions ( (skip_parens_inside_partition_definitions /__MAXWELL__/)))))) <EOF>)
[1] 23:44:16,123 DEBUG SchemaChange - SQL_PARSE <- "CREATE TABLE t1 ( a int not null, b int not null, c int not null, primary key (a,b)) partition by range (a) subpartition by hash (a+b) ( partition x1 values less than (1) ( subpartition x11 tablespace t1 nodegroup 0, subpartition x12 tablespace t2 nodegroup 1), partition x2 values less than (5) ( subpartition x21 tablespace t1 nodegroup 0, subpartition x22 tablespace t2 nodegroup 1) )"
[1] 23:44:16,124 DEBUG SchemaChange - rewrote SQL to CREATE TABLE t1 ( a int not null, b int not null, c int not null, primary key (a,b)) partition by range /__MAXWELL__/ subpartition by hash (a+b) ( partition x1 values less than (1) ( subpartition x11 tablespace t1 nodegroup 0, subpartition x12 tablespace t2 nodegroup 1), partition x2 values less than (5) ( subpartition x21 tablespace t1 nodegroup 0, subpartition x22 tablespace t2 nodegroup 1) )
[1] 23:44:16,124 DEBUG SchemaChange - SQL_PARSE <- "CREATE TABLE t1 ( a int not null, b int not null, c int not null, primary key (a,b)) partition by range /__MAXWELL__/ subpartition by hash (a+b) ( partition x1 values less than (1) ( subpartition x11 tablespace t1 nodegroup 0, subpartition x12 tablespace t2 nodegroup 1), partition x2 values less than (5) ( subpartition x21 tablespace t1 nodegroup 0, subpartition x22 tablespace t2 nodegroup 1) )"
[1] 23:44:16,125 DEBUG SchemaChange - rewrote SQL to CREATE TABLE t1 ( a int not null, b int not null, c int not null, primary key (a,b)) partition by range /__MAXWELL__/ subpartition by hash /__MAXWELL__/ ( partition x1 values less than (1) ( subpartition x11 tablespace t1 nodegroup 0, subpartition x12 tablespace t2 nodegroup 1), partition x2 values less than (5) ( subpartition x21 tablespace t1 nodegroup 0, subpartition x22 tablespace t2 nodegroup 1) )
[1] 23:44:16,125 DEBUG SchemaChange - SQL_PARSE <- "CREATE TABLE t1 ( a int not null, b int not null, c int not null, primary key (a,b)) partition by range /__MAXWELL__/ subpartition by hash /__MAXWELL__/ ( partition x1 values less than (1) ( subpartition x11 tablespace t1 nodegroup 0, subpartition x12 tablespace t2 nodegroup 1), partition x2 values less than (5) ( subpartition x21 tablespace t1 nodegroup 0, subpartition x22 tablespace t2 nodegroup 1) )"
[1] 23:44:16,126 DEBUG SchemaChange - rewrote SQL to CREATE TABLE t1 ( a int not null, b int not null, c int not null, primary key (a,b)) partition by range /__MAXWELL__/ subpartition by hash /__MAXWELL__/ ( /__MAXWELL__/
[1] 23:44:16,126 DEBUG SchemaChange - SQL_PARSE <- "CREATE TABLE t1 ( a int not null, b int not null, c int not null, primary key (a,b)) partition by range /__MAXWELL__/ subpartition by hash /__MAXWELL__/ ( /__MAXWELL__/"
[1] 23:44:16,126 DEBUG SchemaChange - SQL_PARSE ->   (parse (statement (create_table (create_table_preamble CREATE TABLE (table_name (name (id t1)))) (create_specifications ( (create_specification (column_definition (name (id a)) (data_type (signed_type int (column_options (nullability not null)))))) , (create_specification (column_definition (name (id b)) (data_type (signed_type int (column_options (nullability not null)))))) , (create_specification (column_definition (name (id c)) (data_type (signed_type int (column_options (nullability not null)))))) , (create_specification (index_definition (index_type_pk primary key (index_column_list ( (index_columns (index_column (name (id a))) , (index_column (name (id b)))) ))))) )) (table_creation_option (partition_by partition by (partition_by_what range (skip_parens /__MAXWELL__/)) (subpartition_by subpartition by (partition_by_what hash (skip_parens /__MAXWELL__/))) (partition_definitions ( (skip_parens_inside_partition_definitions /__MAXWELL__/)))))) <EOF>)
[1] 23:44:16,126 DEBUG SchemaChange - SQL_PARSE <- "CREATE TABLE t1 ( a int not null, b int not null, c int not null, primary key (a,b)) partition by range (a) subpartition by hash (a+b) ( partition x1 values less than (1) ( subpartition x11 tablespace t1, subpartition x12 tablespace t2), partition x2 values less than (5) ( subpartition x21 tablespace t1, subpartition x22 tablespace t2) )"
[1] 23:44:16,127 DEBUG SchemaChange - rewrote SQL to CREATE TABLE t1 ( a int not null, b int not null, c int not null, primary key (a,b)) partition by range /__MAXWELL__/ subpartition by hash (a+b) ( partition x1 values less than (1) ( subpartition x11 tablespace t1, subpartition x12 tablespace t2), partition x2 values less than (5) ( subpartition x21 tablespace t1, subpartition x22 tablespace t2) )
[1] 23:44:16,127 DEBUG SchemaChange - SQL_PARSE <- "CREATE TABLE t1 ( a int not null, b int not null, c int not null, primary key (a,b)) partition by range /__MAXWELL__/ subpartition by hash (a+b) ( partition x1 values less than (1) ( subpartition x11 tablespace t1, subpartition x12 tablespace t2), partition x2 values less than (5) ( subpartition x21 tablespace t1, subpartition x22 tablespace t2) )"
[1] 23:44:16,128 DEBUG SchemaChange - rewrote SQL to CREATE TABLE t1 ( a int not null, b int not null, c int not null, primary key (a,b)) partition by range /__MAXWELL__/ subpartition by hash /__MAXWELL__/ ( partition x1 values less than (1) ( subpartition x11 tablespace t1, subpartition x12 tablespace t2), partition x2 values less than (5) ( subpartition x21 tablespace t1, subpartition x22 tablespace t2) )
[1] 23:44:16,128 DEBUG SchemaChange - SQL_PARSE <- "CREATE TABLE t1 ( a int not null, b int not null, c int not null, primary key (a,b)) partition by range /__MAXWELL__/ subpartition by hash /__MAXWELL__/ ( partition x1 values less than (1) ( subpartition x11 tablespace t1, subpartition x12 tablespace t2), partition x2 values less than (5) ( subpartition x21 tablespace t1, subpartition x22 tablespace t2) )"
[1] 23:44:16,129 DEBUG SchemaChange - rewrote SQL to CREATE TABLE t1 ( a int not null, b int not null, c int not null, primary key (a,b)) partition by range /__MAXWELL__/ subpartition by hash /__MAXWELL__/ ( /__MAXWELL__/
[1] 23:44:16,129 DEBUG SchemaChange - SQL_PARSE <- "CREATE TABLE t1 ( a int not null, b int not null, c int not null, primary key (a,b)) partition by range /__MAXWELL__/ subpartition by hash /__MAXWELL__/ ( /__MAXWELL__/"
[1] 23:44:16,130 DEBUG SchemaChange - SQL_PARSE ->   (parse (statement (create_table (create_table_preamble CREATE TABLE (table_name (name (id t1)))) (create_specifications ( (create_specification (column_definition (name (id a)) (data_type (signed_type int (column_options (nullability not null)))))) , (create_specification (column_definition (name (id b)) (data_type (signed_type int (column_options (nullability not null)))))) , (create_specification (column_definition (name (id c)) (data_type (signed_type int (column_options (nullability not null)))))) , (create_specification (index_definition (index_type_pk primary key (index_column_list ( (index_columns (index_column (name (id a))) , (index_column (name (id b)))) ))))) )) (table_creation_option (partition_by partition by (partition_by_what range (skip_parens /__MAXWELL__/)) (subpartition_by subpartition by (partition_by_what hash (skip_parens /__MAXWELL__/))) (partition_definitions ( (skip_parens_inside_partition_definitions /__MAXWELL__/)))))) <EOF>)
[1] 23:44:16,130 DEBUG SchemaChange - SQL_PARSE <- "CREATE TABLE t1 ( a int not null, b int not null, c int not null, primary key(a,b)) partition by hash (a + 2) partitions 3 (partition x1 tablespace ts1, partition x2 tablespace ts2, partition x3 tablespace ts3)"
[1] 23:44:16,131 DEBUG SchemaChange - rewrote SQL to CREATE TABLE t1 ( a int not null, b int not null, c int not null, primary key(a,b)) partition by hash /__MAXWELL__/ partitions 3 (partition x1 tablespace ts1, partition x2 tablespace ts2, partition x3 tablespace ts3)
[1] 23:44:16,131 DEBUG SchemaChange - SQL_PARSE <- "CREATE TABLE t1 ( a int not null, b int not null, c int not null, primary key(a,b)) partition by hash /__MAXWELL__/ partitions 3 (partition x1 tablespace ts1, partition x2 tablespace ts2, partition x3 tablespace ts3)"
[1] 23:44:16,132 DEBUG SchemaChange - rewrote SQL to CREATE TABLE t1 ( a int not null, b int not null, c int not null, primary key(a,b)) partition by hash /__MAXWELL__/ partitions 3 (/__MAXWELL__/
[1] 23:44:16,132 DEBUG SchemaChange - SQL_PARSE <- "CREATE TABLE t1 ( a int not null, b int not null, c int not null, primary key(a,b)) partition by hash /__MAXWELL__/ partitions 3 (/__MAXWELL__/"
[1] 23:44:16,132 DEBUG SchemaChange - SQL_PARSE ->   (parse (statement (create_table (create_table_preamble CREATE TABLE (table_name (name (id t1)))) (create_specifications ( (create_specification (column_definition (name (id a)) (data_type (signed_type int (column_options (nullability not null)))))) , (create_specification (column_definition (name (id b)) (data_type (signed_type int (column_options (nullability not null)))))) , (create_specification (column_definition (name (id c)) (data_type (signed_type int (column_options (nullability not null)))))) , (create_specification (index_definition (index_type_pk primary key (index_column_list ( (index_columns (index_column (name (id a))) , (index_column (name (id b)))) ))))) )) (table_creation_option (partition_by partition by (partition_by_what hash (skip_parens /__MAXWELL__/)) (partition_count partitions 3) (partition_definitions ( (skip_parens_inside_partition_definitions /__MAXWELL__/)))))) <EOF>)
[1] 23:44:16,132 DEBUG SchemaChange - SQL_PARSE <- "CREATE TABLE t1 ( a int not null, b int not null, c int not null, primary key(a,b)) partition by hash (a) (partition x1)"
[1] 23:44:16,133 DEBUG SchemaChange - rewrote SQL to CREATE TABLE t1 ( a int not null, b int not null, c int not null, primary key(a,b)) partition by hash /__MAXWELL__/ (partition x1)
[1] 23:44:16,133 DEBUG SchemaChange - SQL_PARSE <- "CREATE TABLE t1 ( a int not null, b int not null, c int not null, primary key(a,b)) partition by hash /__MAXWELL__/ (partition x1)"
[1] 23:44:16,133 DEBUG SchemaChange - rewrote SQL to CREATE TABLE t1 ( a int not null, b int not null, c int not null, primary key(a,b)) partition by hash /__MAXWELL__/ (/__MAXWELL__/
[1] 23:44:16,133 DEBUG SchemaChange - SQL_PARSE <- "CREATE TABLE t1 ( a int not null, b int not null, c int not null, primary key(a,b)) partition by hash /__MAXWELL__/ (/__MAXWELL__/"
[1] 23:44:16,134 DEBUG SchemaChange - SQL_PARSE ->   (parse (statement (create_table (create_table_preamble CREATE TABLE (table_name (name (id t1)))) (create_specifications ( (create_specification (column_definition (name (id a)) (data_type (signed_type int (column_options (nullability not null)))))) , (create_specification (column_definition (name (id b)) (data_type (signed_type int (column_options (nullability not null)))))) , (create_specification (column_definition (name (id c)) (data_type (signed_type int (column_options (nullability not null)))))) , (create_specification (index_definition (index_type_pk primary key (index_column_list ( (index_columns (index_column (name (id a))) , (index_column (name (id b)))) ))))) )) (table_creation_option (partition_by partition by (partition_by_what hash (skip_parens /__MAXWELL__/)) (partition_definitions ( (skip_parens_inside_partition_definitions /__MAXWELL__/)))))) <EOF>)
[1] 23:44:16,134 DEBUG SchemaChange - SQL_PARSE <- "CREATE TABLE t1 ( a int not null, b int not null, c int not null, primary key(a,b)) partition by key (a)"
[1] 23:44:16,134 DEBUG SchemaChange - rewrote SQL to CREATE TABLE t1 ( a int not null, b int not null, c int not null, primary key(a,b)) partition by key /__MAXWELL__/
[1] 23:44:16,134 DEBUG SchemaChange - SQL_PARSE <- "CREATE TABLE t1 ( a int not null, b int not null, c int not null, primary key(a,b)) partition by key /__MAXWELL__/"
[1] 23:44:16,135 DEBUG SchemaChange - SQL_PARSE ->   (parse (statement (create_table (create_table_preamble CREATE TABLE (table_name (name (id t1)))) (create_specifications ( (create_specification (column_definition (name (id a)) (data_type (signed_type int (column_options (nullability not null)))))) , (create_specification (column_definition (name (id b)) (data_type (signed_type int (column_options (nullability not null)))))) , (create_specification (column_definition (name (id c)) (data_type (signed_type int (column_options (nullability not null)))))) , (create_specification (index_definition (index_type_pk primary key (index_column_list ( (index_columns (index_column (name (id a))) , (index_column (name (id b)))) ))))) )) (table_creation_option (partition_by partition by (partition_by_what key (skip_parens /__MAXWELL__/)))))) <EOF>)
[1] 23:44:16,135 DEBUG SchemaChange - SQL_PARSE <- "CREATE TABLE t1 ( a int not null, b int not null, c int not null, primary key(a,b)) partition by key (a) (partition x1)"
[1] 23:44:16,135 DEBUG SchemaChange - rewrote SQL to CREATE TABLE t1 ( a int not null, b int not null, c int not null, primary key(a,b)) partition by key /__MAXWELL__/ (partition x1)
[1] 23:44:16,135 DEBUG SchemaChange - SQL_PARSE <- "CREATE TABLE t1 ( a int not null, b int not null, c int not null, primary key(a,b)) partition by key /__MAXWELL__/ (partition x1)"
[1] 23:44:16,136 DEBUG SchemaChange - rewrote SQL to CREATE TABLE t1 ( a int not null, b int not null, c int not null, primary key(a,b)) partition by key /__MAXWELL__/ (/__MAXWELL__/
[1] 23:44:16,136 DEBUG SchemaChange - SQL_PARSE <- "CREATE TABLE t1 ( a int not null, b int not null, c int not null, primary key(a,b)) partition by key /__MAXWELL__/ (/__MAXWELL__/"
[1] 23:44:16,136 DEBUG SchemaChange - SQL_PARSE ->   (parse (statement (create_table (create_table_preamble CREATE TABLE (table_name (name (id t1)))) (create_specifications ( (create_specification (column_definition (name (id a)) (data_type (signed_type int (column_options (nullability not null)))))) , (create_specification (column_definition (name (id b)) (data_type (signed_type int (column_options (nullability not null)))))) , (create_specification (column_definition (name (id c)) (data_type (signed_type int (column_options (nullability not null)))))) , (create_specification (index_definition (index_type_pk primary key (index_column_list ( (index_columns (index_column (name (id a))) , (index_column (name (id b)))) ))))) )) (table_creation_option (partition_by partition by (partition_by_what key (skip_parens /__MAXWELL__/)) (partition_definitions ( (skip_parens_inside_partition_definitions /__MAXWELL__/)))))) <EOF>)
[1] 23:44:16,136 DEBUG SchemaChange - SQL_PARSE <- "CREATE TABLE t1 ( a int not null, b int not null, c int not null, primary key(a,b)) partition by key (a) partitions 3 (partition x1 engine myisam, partition x2 engine myisam, partition x3 engine myisam)"
[1] 23:44:16,137 DEBUG SchemaChange - rewrote SQL to CREATE TABLE t1 ( a int not null, b int not null, c int not null, primary key(a,b)) partition by key /__MAXWELL__/ partitions 3 (partition x1 engine myisam, partition x2 engine myisam, partition x3 engine myisam)
[1] 23:44:16,137 DEBUG SchemaChange - SQL_PARSE <- "CREATE TABLE t1 ( a int not null, b int not null, c int not null, primary key(a,b)) partition by key /__MAXWELL__/ partitions 3 (partition x1 engine myisam, partition x2 engine myisam, partition x3 engine myisam)"
[1] 23:44:16,137 DEBUG SchemaChange - rewrote SQL to CREATE TABLE t1 ( a int not null, b int not null, c int not null, primary key(a,b)) partition by key /__MAXWELL__/ partitions 3 (/__MAXWELL__/
[1] 23:44:16,137 DEBUG SchemaChange - SQL_PARSE <- "CREATE TABLE t1 ( a int not null, b int not null, c int not null, primary key(a,b)) partition by key /__MAXWELL__/ partitions 3 (/__MAXWELL__/"
[1] 23:44:16,138 DEBUG SchemaChange - SQL_PARSE ->   (parse (statement (create_table (create_table_preamble CREATE TABLE (table_name (name (id t1)))) (create_specifications ( (create_specification (column_definition (name (id a)) (data_type (signed_type int (column_options (nullability not null)))))) , (create_specification (column_definition (name (id b)) (data_type (signed_type int (column_options (nullability not null)))))) , (create_specification (column_definition (name (id c)) (data_type (signed_type int (column_options (nullability not null)))))) , (create_specification (index_definition (index_type_pk primary key (index_column_list ( (index_columns (index_column (name (id a))) , (index_column (name (id b)))) ))))) )) (table_creation_option (partition_by partition by (partition_by_what key (skip_parens /__MAXWELL__/)) (partition_count partitions 3) (partition_definitions ( (skip_parens_inside_partition_definitions /__MAXWELL__/)))))) <EOF>)
[1] 23:44:16,138 DEBUG SchemaChange - SQL_PARSE <- "CREATE TABLE t1 ( a int not null, b int not null, c int not null, primary key(a,b)) partition by key (a) partitions 3 (partition x1 nodegroup 0, partition x2 nodegroup 1, partition x3 nodegroup 2)"
[1] 23:44:16,139 DEBUG SchemaChange - rewrote SQL to CREATE TABLE t1 ( a int not null, b int not null, c int not null, primary key(a,b)) partition by key /__MAXWELL__/ partitions 3 (partition x1 nodegroup 0, partition x2 nodegroup 1, partition x3 nodegroup 2)
[1] 23:44:16,139 DEBUG SchemaChange - SQL_PARSE <- "CREATE TABLE t1 ( a int not null, b int not null, c int not null, primary key(a,b)) partition by key /__MAXWELL__/ partitions 3 (partition x1 nodegroup 0, partition x2 nodegroup 1, partition x3 nodegroup 2)"
[1] 23:44:16,140 DEBUG SchemaChange - rewrote SQL to CREATE TABLE t1 ( a int not null, b int not null, c int not null, primary key(a,b)) partition by key /__MAXWELL__/ partitions 3 (/__MAXWELL__/
[1] 23:44:16,140 DEBUG SchemaChange - SQL_PARSE <- "CREATE TABLE t1 ( a int not null, b int not null, c int not null, primary key(a,b)) partition by key /__MAXWELL__/ partitions 3 (/__MAXWELL__/"
[1] 23:44:16,140 DEBUG SchemaChange - SQL_PARSE ->   (parse (statement (create_table (create_table_preamble CREATE TABLE (table_name (name (id t1)))) (create_specifications ( (create_specification (column_definition (name (id a)) (data_type (signed_type int (column_options (nullability not null)))))) , (create_specification (column_definition (name (id b)) (data_type (signed_type int (column_options (nullability not null)))))) , (create_specification (column_definition (name (id c)) (data_type (signed_type int (column_options (nullability not null)))))) , (create_specification (index_definition (index_type_pk primary key (index_column_list ( (index_columns (index_column (name (id a))) , (index_column (name (id b)))) ))))) )) (table_creation_option (partition_by partition by (partition_by_what key (skip_parens /__MAXWELL__/)) (partition_count partitions 3) (partition_definitions ( (skip_parens_inside_partition_definitions /__MAXWELL__/)))))) <EOF>)
[1] 23:44:16,140 DEBUG SchemaChange - SQL_PARSE <- "CREATE TABLE t1 ( a int not null, b int not null, c int not null, primary key(a,b)) partition by key (a) partitions 3 (partition x1 tablespace ts1, partition x2 tablespace ts2, partition x3 tablespace ts3)"
[1] 23:44:16,141 DEBUG SchemaChange - rewrote SQL to CREATE TABLE t1 ( a int not null, b int not null, c int not null, primary key(a,b)) partition by key /__MAXWELL__/ partitions 3 (partition x1 tablespace ts1, partition x2 tablespace ts2, partition x3 tablespace ts3)
[1] 23:44:16,141 DEBUG SchemaChange - SQL_PARSE <- "CREATE TABLE t1 ( a int not null, b int not null, c int not null, primary key(a,b)) partition by key /__MAXWELL__/ partitions 3 (partition x1 tablespace ts1, partition x2 tablespace ts2, partition x3 tablespace ts3)"
[1] 23:44:16,141 DEBUG SchemaChange - rewrote SQL to CREATE TABLE t1 ( a int not null, b int not null, c int not null, primary key(a,b)) partition by key /__MAXWELL__/ partitions 3 (/__MAXWELL__/
[1] 23:44:16,141 DEBUG SchemaChange - SQL_PARSE <- "CREATE TABLE t1 ( a int not null, b int not null, c int not null, primary key(a,b)) partition by key /__MAXWELL__/ partitions 3 (/__MAXWELL__/"
[1] 23:44:16,142 DEBUG SchemaChange - SQL_PARSE ->   (parse (statement (create_table (create_table_preamble CREATE TABLE (table_name (name (id t1)))) (create_specifications ( (create_specification (column_definition (name (id a)) (data_type (signed_type int (column_options (nullability not null)))))) , (create_specification (column_definition (name (id b)) (data_type (signed_type int (column_options (nullability not null)))))) , (create_specification (column_definition (name (id c)) (data_type (signed_type int (column_options (nullability not null)))))) , (create_specification (index_definition (index_type_pk primary key (index_column_list ( (index_columns (index_column (name (id a))) , (index_column (name (id b)))) ))))) )) (table_creation_option (partition_by partition by (partition_by_what key (skip_parens /__MAXWELL__/)) (partition_count partitions 3) (partition_definitions ( (skip_parens_inside_partition_definitions /__MAXWELL__/)))))) <EOF>)
[1] 23:44:16,142 DEBUG SchemaChange - SQL_PARSE <- "CREATE TABLE t1 ( a int not null, b int not null, c int not null, primary key(a,b)) partition by key (a) partitions 3 (partition x1, partition x2, partition x3)"
[1] 23:44:16,142 DEBUG SchemaChange - rewrote SQL to CREATE TABLE t1 ( a int not null, b int not null, c int not null, primary key(a,b)) partition by key /__MAXWELL__/ partitions 3 (partition x1, partition x2, partition x3)
[1] 23:44:16,143 DEBUG SchemaChange - SQL_PARSE <- "CREATE TABLE t1 ( a int not null, b int not null, c int not null, primary key(a,b)) partition by key /__MAXWELL__/ partitions 3 (partition x1, partition x2, partition x3)"
[1] 23:44:16,143 DEBUG SchemaChange - rewrote SQL to CREATE TABLE t1 ( a int not null, b int not null, c int not null, primary key(a,b)) partition by key /__MAXWELL__/ partitions 3 (/__MAXWELL__/
[1] 23:44:16,143 DEBUG SchemaChange - SQL_PARSE <- "CREATE TABLE t1 ( a int not null, b int not null, c int not null, primary key(a,b)) partition by key /__MAXWELL__/ partitions 3 (/__MAXWELL__/"
[1] 23:44:16,143 DEBUG SchemaChange - SQL_PARSE ->   (parse (statement (create_table (create_table_preamble CREATE TABLE (table_name (name (id t1)))) (create_specifications ( (create_specification (column_definition (name (id a)) (data_type (signed_type int (column_options (nullability not null)))))) , (create_specification (column_definition (name (id b)) (data_type (signed_type int (column_options (nullability not null)))))) , (create_specification (column_definition (name (id c)) (data_type (signed_type int (column_options (nullability not null)))))) , (create_specification (index_definition (index_type_pk primary key (index_column_list ( (index_columns (index_column (name (id a))) , (index_column (name (id b)))) ))))) )) (table_creation_option (partition_by partition by (partition_by_what key (skip_parens /__MAXWELL__/)) (partition_count partitions 3) (partition_definitions ( (skip_parens_inside_partition_definitions /__MAXWELL__/)))))) <EOF>)
[1] 23:44:16,143 DEBUG SchemaChange - SQL_PARSE <- "CREATE TABLE t1 ( a int not null, b int not null, c int not null, primary key(a,b)) partition by key (a, b)"
[1] 23:44:16,144 DEBUG SchemaChange - rewrote SQL to CREATE TABLE t1 ( a int not null, b int not null, c int not null, primary key(a,b)) partition by key /__MAXWELL__/
[1] 23:44:16,144 DEBUG SchemaChange - SQL_PARSE <- "CREATE TABLE t1 ( a int not null, b int not null, c int not null, primary key(a,b)) partition by key /__MAXWELL__/"
[1] 23:44:16,144 DEBUG SchemaChange - SQL_PARSE ->   (parse (statement (create_table (create_table_preamble CREATE TABLE (table_name (name (id t1)))) (create_specifications ( (create_specification (column_definition (name (id a)) (data_type (signed_type int (column_options (nullability not null)))))) , (create_specification (column_definition (name (id b)) (data_type (signed_type int (column_options (nullability not null)))))) , (create_specification (column_definition (name (id c)) (data_type (signed_type int (column_options (nullability not null)))))) , (create_specification (index_definition (index_type_pk primary key (index_column_list ( (index_columns (index_column (name (id a))) , (index_column (name (id b)))) ))))) )) (table_creation_option (partition_by partition by (partition_by_what key (skip_parens /__MAXWELL__/)))))) <EOF>)
[1] 23:44:16,144 DEBUG SchemaChange - SQL_PARSE <- "CREATE TABLE t1 ( a int not null, b int not null, c int not null, primary key(a,b)) partition by list (a) partitions 3 (partition x1 values in (1,2,9,4) tablespace ts1, partition x2 values in (3, 11, 5, 7) tablespace ts2, partition x3 values in (16, 8, 5+19, 70-43) tablespace ts3)"
[1] 23:44:16,145 DEBUG SchemaChange - rewrote SQL to CREATE TABLE t1 ( a int not null, b int not null, c int not null, primary key(a,b)) partition by list /__MAXWELL__/ partitions 3 (partition x1 values in (1,2,9,4) tablespace ts1, partition x2 values in (3, 11, 5, 7) tablespace ts2, partition x3 values in (16, 8, 5+19, 70-43) tablespace ts3)
[1] 23:44:16,145 DEBUG SchemaChange - SQL_PARSE <- "CREATE TABLE t1 ( a int not null, b int not null, c int not null, primary key(a,b)) partition by list /__MAXWELL__/ partitions 3 (partition x1 values in (1,2,9,4) tablespace ts1, partition x2 values in (3, 11, 5, 7) tablespace ts2, partition x3 values in (16, 8, 5+19, 70-43) tablespace ts3)"
[1] 23:44:16,145 DEBUG SchemaChange - rewrote SQL to CREATE TABLE t1 ( a int not null, b int not null, c int not null, primary key(a,b)) partition by list /__MAXWELL__/ partitions 3 (/__MAXWELL__/
[1] 23:44:16,145 DEBUG SchemaChange - SQL_PARSE <- "CREATE TABLE t1 ( a int not null, b int not null, c int not null, primary key(a,b)) partition by list /__MAXWELL__/ partitions 3 (/__MAXWELL__/"
[1] 23:44:16,146 DEBUG SchemaChange - SQL_PARSE ->   (parse (statement (create_table (create_table_preamble CREATE TABLE (table_name (name (id t1)))) (create_specifications ( (create_specification (column_definition (name (id a)) (data_type (signed_type int (column_options (nullability not null)))))) , (create_specification (column_definition (name (id b)) (data_type (signed_type int (column_options (nullability not null)))))) , (create_specification (column_definition (name (id c)) (data_type (signed_type int (column_options (nullability not null)))))) , (create_specification (index_definition (index_type_pk primary key (index_column_list ( (index_columns (index_column (name (id a))) , (index_column (name (id b)))) ))))) )) (table_creation_option (partition_by partition by (partition_by_what list (skip_parens /__MAXWELL__/)) (partition_count partitions 3) (partition_definitions ( (skip_parens_inside_partition_definitions /__MAXWELL__/)))))) <EOF>)
[1] 23:44:16,146 DEBUG SchemaChange - SQL_PARSE <- "CREATE TABLE t1 ( a int not null, b int not null, c int not null, primary key(a,b)) partition by list (b*a) (partition x1 values in (1) tablespace ts1, partition x2 values in (3, 11, 5, 7) tablespace ts2, partition x3 values in (16, 8, 5+19, 70-43) tablespace ts3)"
[1] 23:44:16,147 DEBUG SchemaChange - rewrote SQL to CREATE TABLE t1 ( a int not null, b int not null, c int not null, primary key(a,b)) partition by list /__MAXWELL__/ (partition x1 values in (1) tablespace ts1, partition x2 values in (3, 11, 5, 7) tablespace ts2, partition x3 values in (16, 8, 5+19, 70-43) tablespace ts3)
[1] 23:44:16,147 DEBUG SchemaChange - SQL_PARSE <- "CREATE TABLE t1 ( a int not null, b int not null, c int not null, primary key(a,b)) partition by list /__MAXWELL__/ (partition x1 values in (1) tablespace ts1, partition x2 values in (3, 11, 5, 7) tablespace ts2, partition x3 values in (16, 8, 5+19, 70-43) tablespace ts3)"
[1] 23:44:16,147 DEBUG SchemaChange - rewrote SQL to CREATE TABLE t1 ( a int not null, b int not null, c int not null, primary key(a,b)) partition by list /__MAXWELL__/ (/__MAXWELL__/
[1] 23:44:16,147 DEBUG SchemaChange - SQL_PARSE <- "CREATE TABLE t1 ( a int not null, b int not null, c int not null, primary key(a,b)) partition by list /__MAXWELL__/ (/__MAXWELL__/"
[1] 23:44:16,148 DEBUG SchemaChange - SQL_PARSE ->   (parse (statement (create_table (create_table_preamble CREATE TABLE (table_name (name (id t1)))) (create_specifications ( (create_specification (column_definition (name (id a)) (data_type (signed_type int (column_options (nullability not null)))))) , (create_specification (column_definition (name (id b)) (data_type (signed_type int (column_options (nullability not null)))))) , (create_specification (column_definition (name (id c)) (data_type (signed_type int (column_options (nullability not null)))))) , (create_specification (index_definition (index_type_pk primary key (index_column_list ( (index_columns (index_column (name (id a))) , (index_column (name (id b)))) ))))) )) (table_creation_option (partition_by partition by (partition_by_what list (skip_parens /__MAXWELL__/)) (partition_definitions ( (skip_parens_inside_partition_definitions /__MAXWELL__/)))))) <EOF>)
[1] 23:44:16,148 DEBUG SchemaChange - SQL_PARSE <- "CREATE TABLE t1 ( a int not null, b int not null, c int not null, primary key(a,b)) partition by list (b*a) partitions 3 (partition x1 values in (1,2,9,4) tablespace ts1, partition x2 values in (3, 11, 5, 7) tablespace ts2, partition x3 values in (16, 8, 5+19, 70-43) tablespace ts3)"
[1] 23:44:16,148 DEBUG SchemaChange - rewrote SQL to CREATE TABLE t1 ( a int not null, b int not null, c int not null, primary key(a,b)) partition by list /__MAXWELL__/ partitions 3 (partition x1 values in (1,2,9,4) tablespace ts1, partition x2 values in (3, 11, 5, 7) tablespace ts2, partition x3 values in (16, 8, 5+19, 70-43) tablespace ts3)
[1] 23:44:16,148 DEBUG SchemaChange - SQL_PARSE <- "CREATE TABLE t1 ( a int not null, b int not null, c int not null, primary key(a,b)) partition by list /__MAXWELL__/ partitions 3 (partition x1 values in (1,2,9,4) tablespace ts1, partition x2 values in (3, 11, 5, 7) tablespace ts2, partition x3 values in (16, 8, 5+19, 70-43) tablespace ts3)"
[1] 23:44:16,149 DEBUG SchemaChange - rewrote SQL to CREATE TABLE t1 ( a int not null, b int not null, c int not null, primary key(a,b)) partition by list /__MAXWELL__/ partitions 3 (/__MAXWELL__/
[1] 23:44:16,149 DEBUG SchemaChange - SQL_PARSE <- "CREATE TABLE t1 ( a int not null, b int not null, c int not null, primary key(a,b)) partition by list /__MAXWELL__/ partitions 3 (/__MAXWELL__/"
[1] 23:44:16,149 DEBUG SchemaChange - SQL_PARSE ->   (parse (statement (create_table (create_table_preamble CREATE TABLE (table_name (name (id t1)))) (create_specifications ( (create_specification (column_definition (name (id a)) (data_type (signed_type int (column_options (nullability not null)))))) , (create_specification (column_definition (name (id b)) (data_type (signed_type int (column_options (nullability not null)))))) , (create_specification (column_definition (name (id c)) (data_type (signed_type int (column_options (nullability not null)))))) , (create_specification (index_definition (index_type_pk primary key (index_column_list ( (index_columns (index_column (name (id a))) , (index_column (name (id b)))) ))))) )) (table_creation_option (partition_by partition by (partition_by_what list (skip_parens /__MAXWELL__/)) (partition_count partitions 3) (partition_definitions ( (skip_parens_inside_partition_definitions /__MAXWELL__/)))))) <EOF>)
[1] 23:44:16,149 DEBUG SchemaChange - SQL_PARSE <- "CREATE TABLE t1 ( a int not null, b int not null, c int not null, primary key(a,b)) partition by range (a) (partition x1 values less than (1))"
[1] 23:44:16,150 DEBUG SchemaChange - rewrote SQL to CREATE TABLE t1 ( a int not null, b int not null, c int not null, primary key(a,b)) partition by range /__MAXWELL__/ (partition x1 values less than (1))
[1] 23:44:16,150 DEBUG SchemaChange - SQL_PARSE <- "CREATE TABLE t1 ( a int not null, b int not null, c int not null, primary key(a,b)) partition by range /__MAXWELL__/ (partition x1 values less than (1))"
[1] 23:44:16,150 DEBUG SchemaChange - rewrote SQL to CREATE TABLE t1 ( a int not null, b int not null, c int not null, primary key(a,b)) partition by range /__MAXWELL__/ (/__MAXWELL__/
[1] 23:44:16,150 DEBUG SchemaChange - SQL_PARSE <- "CREATE TABLE t1 ( a int not null, b int not null, c int not null, primary key(a,b)) partition by range /__MAXWELL__/ (/__MAXWELL__/"
[1] 23:44:16,150 DEBUG SchemaChange - SQL_PARSE ->   (parse (statement (create_table (create_table_preamble CREATE TABLE (table_name (name (id t1)))) (create_specifications ( (create_specification (column_definition (name (id a)) (data_type (signed_type int (column_options (nullability not null)))))) , (create_specification (column_definition (name (id b)) (data_type (signed_type int (column_options (nullability not null)))))) , (create_specification (column_definition (name (id c)) (data_type (signed_type int (column_options (nullability not null)))))) , (create_specification (index_definition (index_type_pk primary key (index_column_list ( (index_columns (index_column (name (id a))) , (index_column (name (id b)))) ))))) )) (table_creation_option (partition_by partition by (partition_by_what range (skip_parens /__MAXWELL__/)) (partition_definitions ( (skip_parens_inside_partition_definitions /__MAXWELL__/)))))) <EOF>)
[1] 23:44:16,151 DEBUG SchemaChange - SQL_PARSE <- "CREATE TABLE t1 ( a int not null, b int not null, c int not null, primary key(a,b)) partition by range (a) partitions 3 (partition x1 values less than (5) tablespace ts1, partition x2 values less than (10) tablespace ts2, partition x3 values less than (15) tablespace ts3)"
[1] 23:44:16,151 DEBUG SchemaChange - rewrote SQL to CREATE TABLE t1 ( a int not null, b int not null, c int not null, primary key(a,b)) partition by range /__MAXWELL__/ partitions 3 (partition x1 values less than (5) tablespace ts1, partition x2 values less than (10) tablespace ts2, partition x3 values less than (15) tablespace ts3)
[1] 23:44:16,151 DEBUG SchemaChange - SQL_PARSE <- "CREATE TABLE t1 ( a int not null, b int not null, c int not null, primary key(a,b)) partition by range /__MAXWELL__/ partitions 3 (partition x1 values less than (5) tablespace ts1, partition x2 values less than (10) tablespace ts2, partition x3 values less than (15) tablespace ts3)"
[1] 23:44:16,152 DEBUG SchemaChange - rewrote SQL to CREATE TABLE t1 ( a int not null, b int not null, c int not null, primary key(a,b)) partition by range /__MAXWELL__/ partitions 3 (/__MAXWELL__/
[1] 23:44:16,152 DEBUG SchemaChange - SQL_PARSE <- "CREATE TABLE t1 ( a int not null, b int not null, c int not null, primary key(a,b)) partition by range /__MAXWELL__/ partitions 3 (/__MAXWELL__/"
[1] 23:44:16,152 DEBUG SchemaChange - SQL_PARSE ->   (parse (statement (create_table (create_table_preamble CREATE TABLE (table_name (name (id t1)))) (create_specifications ( (create_specification (column_definition (name (id a)) (data_type (signed_type int (column_options (nullability not null)))))) , (create_specification (column_definition (name (id b)) (data_type (signed_type int (column_options (nullability not null)))))) , (create_specification (column_definition (name (id c)) (data_type (signed_type int (column_options (nullability not null)))))) , (create_specification (index_definition (index_type_pk primary key (index_column_list ( (index_columns (index_column (name (id a))) , (index_column (name (id b)))) ))))) )) (table_creation_option (partition_by partition by (partition_by_what range (skip_parens /__MAXWELL__/)) (partition_count partitions 3) (partition_definitions ( (skip_parens_inside_partition_definitions /__MAXWELL__/)))))) <EOF>)
[1] 23:44:16,152 DEBUG SchemaChange - SQL_PARSE <- "CREATE TABLE t1 ( a int not null, b int not null, c int not null, primary key(a,b)) partition by range (a) partitions 3 (partition x1 values less than (5) tablespace ts1, partition x2 values less than (10) tablespace ts2, partition x3 values less than maxvalue tablespace ts3)"
[1] 23:44:16,153 DEBUG SchemaChange - rewrote SQL to CREATE TABLE t1 ( a int not null, b int not null, c int not null, primary key(a,b)) partition by range /__MAXWELL__/ partitions 3 (partition x1 values less than (5) tablespace ts1, partition x2 values less than (10) tablespace ts2, partition x3 values less than maxvalue tablespace ts3)
[1] 23:44:16,153 DEBUG SchemaChange - SQL_PARSE <- "CREATE TABLE t1 ( a int not null, b int not null, c int not null, primary key(a,b)) partition by range /__MAXWELL__/ partitions 3 (partition x1 values less than (5) tablespace ts1, partition x2 values less than (10) tablespace ts2, partition x3 values less than maxvalue tablespace ts3)"
[1] 23:44:16,153 DEBUG SchemaChange - rewrote SQL to CREATE TABLE t1 ( a int not null, b int not null, c int not null, primary key(a,b)) partition by range /__MAXWELL__/ partitions 3 (/__MAXWELL__/
[1] 23:44:16,153 DEBUG SchemaChange - SQL_PARSE <- "CREATE TABLE t1 ( a int not null, b int not null, c int not null, primary key(a,b)) partition by range /__MAXWELL__/ partitions 3 (/__MAXWELL__/"
[1] 23:44:16,153 DEBUG SchemaChange - SQL_PARSE ->   (parse (statement (create_table (create_table_preamble CREATE TABLE (table_name (name (id t1)))) (create_specifications ( (create_specification (column_definition (name (id a)) (data_type (signed_type int (column_options (nullability not null)))))) , (create_specification (column_definition (name (id b)) (data_type (signed_type int (column_options (nullability not null)))))) , (create_specification (column_definition (name (id c)) (data_type (signed_type int (column_options (nullability not null)))))) , (create_specification (index_definition (index_type_pk primary key (index_column_list ( (index_columns (index_column (name (id a))) , (index_column (name (id b)))) ))))) )) (table_creation_option (partition_by partition by (partition_by_what range (skip_parens /__MAXWELL__/)) (partition_count partitions 3) (partition_definitions ( (skip_parens_inside_partition_definitions /__MAXWELL__/)))))) <EOF>)
[1] 23:44:16,154 DEBUG SchemaChange - SQL_PARSE <- "CREATE TABLE t1 ( a int not null, b int not null, primary key(a), index (b)) partition by range (a) partitions 2 (partition x1 values less than (25), partition x2 values less than (100))"
[1] 23:44:16,154 DEBUG SchemaChange - rewrote SQL to CREATE TABLE t1 ( a int not null, b int not null, primary key(a), index (b)) partition by range /__MAXWELL__/ partitions 2 (partition x1 values less than (25), partition x2 values less than (100))
[1] 23:44:16,154 DEBUG SchemaChange - SQL_PARSE <- "CREATE TABLE t1 ( a int not null, b int not null, primary key(a), index (b)) partition by range /__MAXWELL__/ partitions 2 (partition x1 values less than (25), partition x2 values less than (100))"
[1] 23:44:16,154 DEBUG SchemaChange - rewrote SQL to CREATE TABLE t1 ( a int not null, b int not null, primary key(a), index (b)) partition by range /__MAXWELL__/ partitions 2 (/__MAXWELL__/
[1] 23:44:16,154 DEBUG SchemaChange - SQL_PARSE <- "CREATE TABLE t1 ( a int not null, b int not null, primary key(a), index (b)) partition by range /__MAXWELL__/ partitions 2 (/__MAXWELL__/"
[1] 23:44:16,155 DEBUG SchemaChange - SQL_PARSE ->   (parse (statement (create_table (create_table_preamble CREATE TABLE (table_name (name (id t1)))) (create_specifications ( (create_specification (column_definition (name (id a)) (data_type (signed_type int (column_options (nullability not null)))))) , (create_specification (column_definition (name (id b)) (data_type (signed_type int (column_options (nullability not null)))))) , (create_specification (index_definition (index_type_pk primary key (index_column_list ( (index_columns (index_column (name (id a)))) ))))) , (create_specification (index_definition (index_type_1 (index_or_key index) (index_column_list ( (index_columns (index_column (name (id b)))) ))))) )) (table_creation_option (partition_by partition by (partition_by_what range (skip_parens /__MAXWELL__/)) (partition_count partitions 2) (partition_definitions ( (skip_parens_inside_partition_definitions /__MAXWELL__/)))))) <EOF>)
[1] 23:44:16,155 DEBUG SchemaChange - SQL_PARSE <- "CREATE TABLE t1 ( a int not null, b int unsigned not null, primary key(a), index (b)) partition by range (a) partitions 2 (partition x1 values less than (25), partition x2 values less than (100))"
[1] 23:44:16,155 DEBUG SchemaChange - rewrote SQL to CREATE TABLE t1 ( a int not null, b int unsigned not null, primary key(a), index (b)) partition by range /__MAXWELL__/ partitions 2 (partition x1 values less than (25), partition x2 values less than (100))
[1] 23:44:16,155 DEBUG SchemaChange - SQL_PARSE <- "CREATE TABLE t1 ( a int not null, b int unsigned not null, primary key(a), index (b)) partition by range /__MAXWELL__/ partitions 2 (partition x1 values less than (25), partition x2 values less than (100))"
[1] 23:44:16,156 DEBUG SchemaChange - rewrote SQL to CREATE TABLE t1 ( a int not null, b int unsigned not null, primary key(a), index (b)) partition by range /__MAXWELL__/ partitions 2 (/__MAXWELL__/
[1] 23:44:16,156 DEBUG SchemaChange - SQL_PARSE <- "CREATE TABLE t1 ( a int not null, b int unsigned not null, primary key(a), index (b)) partition by range /__MAXWELL__/ partitions 2 (/__MAXWELL__/"
[1] 23:44:16,156 DEBUG SchemaChange - SQL_PARSE ->   (parse (statement (create_table (create_table_preamble CREATE TABLE (table_name (name (id t1)))) (create_specifications ( (create_specification (column_definition (name (id a)) (data_type (signed_type int (column_options (nullability not null)))))) , (create_specification (column_definition (name (id b)) (data_type (signed_type int (int_flags unsigned) (column_options (nullability not null)))))) , (create_specification (index_definition (index_type_pk primary key (index_column_list ( (index_columns (index_column (name (id a)))) ))))) , (create_specification (index_definition (index_type_1 (index_or_key index) (index_column_list ( (index_columns (index_column (name (id b)))) ))))) )) (table_creation_option (partition_by partition by (partition_by_what range (skip_parens /__MAXWELL__/)) (partition_count partitions 2) (partition_definitions ( (skip_parens_inside_partition_definitions /__MAXWELL__/)))))) <EOF>)
[1] 23:44:16,156 DEBUG SchemaChange - SQL_PARSE <- "CREATE TABLE t1 ( a int not null, b int, primary key(a), index (b)) partition by range (a) partitions 2 (partition x1 values less than (25), partition x2 values less than (100))"
[1] 23:44:16,156 DEBUG SchemaChange - rewrote SQL to CREATE TABLE t1 ( a int not null, b int, primary key(a), index (b)) partition by range /__MAXWELL__/ partitions 2 (partition x1 values less than (25), partition x2 values less than (100))
[1] 23:44:16,157 DEBUG SchemaChange - SQL_PARSE <- "CREATE TABLE t1 ( a int not null, b int, primary key(a), index (b)) partition by range /__MAXWELL__/ partitions 2 (partition x1 values less than (25), partition x2 values less than (100))"
[1] 23:44:16,157 DEBUG SchemaChange - rewrote SQL to CREATE TABLE t1 ( a int not null, b int, primary key(a), index (b)) partition by range /__MAXWELL__/ partitions 2 (/__MAXWELL__/
[1] 23:44:16,157 DEBUG SchemaChange - SQL_PARSE <- "CREATE TABLE t1 ( a int not null, b int, primary key(a), index (b)) partition by range /__MAXWELL__/ partitions 2 (/__MAXWELL__/"
[1] 23:44:16,157 DEBUG SchemaChange - SQL_PARSE ->   (parse (statement (create_table (create_table_preamble CREATE TABLE (table_name (name (id t1)))) (create_specifications ( (create_specification (column_definition (name (id a)) (data_type (signed_type int (column_options (nullability not null)))))) , (create_specification (column_definition (name (id b)) (data_type (signed_type int)))) , (create_specification (index_definition (index_type_pk primary key (index_column_list ( (index_columns (index_column (name (id a)))) ))))) , (create_specification (index_definition (index_type_1 (index_or_key index) (index_column_list ( (index_columns (index_column (name (id b)))) ))))) )) (table_creation_option (partition_by partition by (partition_by_what range (skip_parens /__MAXWELL__/)) (partition_count partitions 2) (partition_definitions ( (skip_parens_inside_partition_definitions /__MAXWELL__/)))))) <EOF>)
[1] 23:44:16,157 DEBUG SchemaChange - SQL_PARSE <- "CREATE TABLE t1 ( a int not null, b longtext not null, primary key(a), index (b(10))) partition by range (a) partitions 2 (partition x1 values less than (25), partition x2 values less than (100))"
[1] 23:44:16,158 DEBUG SchemaChange - rewrote SQL to CREATE TABLE t1 ( a int not null, b longtext not null, primary key(a), index (b(10))) partition by range /__MAXWELL__/ partitions 2 (partition x1 values less than (25), partition x2 values less than (100))
[1] 23:44:16,158 DEBUG SchemaChange - SQL_PARSE <- "CREATE TABLE t1 ( a int not null, b longtext not null, primary key(a), index (b(10))) partition by range /__MAXWELL__/ partitions 2 (partition x1 values less than (25), partition x2 values less than (100))"
[1] 23:44:16,159 DEBUG SchemaChange - rewrote SQL to CREATE TABLE t1 ( a int not null, b longtext not null, primary key(a), index (b(10))) partition by range /__MAXWELL__/ partitions 2 (/__MAXWELL__/
[1] 23:44:16,159 DEBUG SchemaChange - SQL_PARSE <- "CREATE TABLE t1 ( a int not null, b longtext not null, primary key(a), index (b(10))) partition by range /__MAXWELL__/ partitions 2 (/__MAXWELL__/"
[1] 23:44:16,159 DEBUG SchemaChange - SQL_PARSE ->   (parse (statement (create_table (create_table_preamble CREATE TABLE (table_name (name (id t1)))) (create_specifications ( (create_specification (column_definition (name (id a)) (data_type (signed_type int (column_options (nullability not null)))))) , (create_specification (column_definition (name (id b)) (data_type (string_type longtext (column_options (nullability not null)))))) , (create_specification (index_definition (index_type_pk primary key (index_column_list ( (index_columns (index_column (name (id a)))) ))))) , (create_specification (index_definition (index_type_1 (index_or_key index) (index_column_list ( (index_columns (index_column (name (id b)) (index_column_partial_def ( (index_column_partial_length 10) )))) ))))) )) (table_creation_option (partition_by partition by (partition_by_what range (skip_parens /__MAXWELL__/)) (partition_count partitions 2) (partition_definitions ( (skip_parens_inside_partition_definitions /__MAXWELL__/)))))) <EOF>)
[1] 23:44:16,159 DEBUG SchemaChange - SQL_PARSE <- "CREATE TABLE t1 ( a int not null, b mediumint not null, primary key(a), index (b)) partition by range (a) partitions 2 (partition x1 values less than (25), partition x2 values less than (100))"
[1] 23:44:16,159 DEBUG SchemaChange - rewrote SQL to CREATE TABLE t1 ( a int not null, b mediumint not null, primary key(a), index (b)) partition by range /__MAXWELL__/ partitions 2 (partition x1 values less than (25), partition x2 values less than (100))
[1] 23:44:16,159 DEBUG SchemaChange - SQL_PARSE <- "CREATE TABLE t1 ( a int not null, b mediumint not null, primary key(a), index (b)) partition by range /__MAXWELL__/ partitions 2 (partition x1 values less than (25), partition x2 values less than (100))"
[1] 23:44:16,160 DEBUG SchemaChange - rewrote SQL to CREATE TABLE t1 ( a int not null, b mediumint not null, primary key(a), index (b)) partition by range /__MAXWELL__/ partitions 2 (/__MAXWELL__/
[1] 23:44:16,160 DEBUG SchemaChange - SQL_PARSE <- "CREATE TABLE t1 ( a int not null, b mediumint not null, primary key(a), index (b)) partition by range /__MAXWELL__/ partitions 2 (/__MAXWELL__/"
[1] 23:44:16,160 DEBUG SchemaChange - SQL_PARSE ->   (parse (statement (create_table (create_table_preamble CREATE TABLE (table_name (name (id t1)))) (create_specifications ( (create_specification (column_definition (name (id a)) (data_type (signed_type int (column_options (nullability not null)))))) , (create_specification (column_definition (name (id b)) (data_type (signed_type mediumint (column_options (nullability not null)))))) , (create_specification (index_definition (index_type_pk primary key (index_column_list ( (index_columns (index_column (name (id a)))) ))))) , (create_specification (index_definition (index_type_1 (index_or_key index) (index_column_list ( (index_columns (index_column (name (id b)))) ))))) )) (table_creation_option (partition_by partition by (partition_by_what range (skip_parens /__MAXWELL__/)) (partition_count partitions 2) (partition_definitions ( (skip_parens_inside_partition_definitions /__MAXWELL__/)))))) <EOF>)
[1] 23:44:16,160 DEBUG SchemaChange - SQL_PARSE <- "CREATE TABLE t1 ( a int not null, b mediumint unsigned not null, primary key(a), index (b)) partition by range (a) partitions 2 (partition x1 values less than (25), partition x2 values less than (100))"
[1] 23:44:16,161 DEBUG SchemaChange - rewrote SQL to CREATE TABLE t1 ( a int not null, b mediumint unsigned not null, primary key(a), index (b)) partition by range /__MAXWELL__/ partitions 2 (partition x1 values less than (25), partition x2 values less than (100))
[1] 23:44:16,161 DEBUG SchemaChange - SQL_PARSE <- "CREATE TABLE t1 ( a int not null, b mediumint unsigned not null, primary key(a), index (b)) partition by range /__MAXWELL__/ partitions 2 (partition x1 values less than (25), partition x2 values less than (100))"
[1] 23:44:16,161 DEBUG SchemaChange - rewrote SQL to CREATE TABLE t1 ( a int not null, b mediumint unsigned not null, primary key(a), index (b)) partition by range /__MAXWELL__/ partitions 2 (/__MAXWELL__/
[1] 23:44:16,161 DEBUG SchemaChange - SQL_PARSE <- "CREATE TABLE t1 ( a int not null, b mediumint unsigned not null, primary key(a), index (b)) partition by range /__MAXWELL__/ partitions 2 (/__MAXWELL__/"
[1] 23:44:16,162 DEBUG SchemaChange - SQL_PARSE ->   (parse (statement (create_table (create_table_preamble CREATE TABLE (table_name (name (id t1)))) (create_specifications ( (create_specification (column_definition (name (id a)) (data_type (signed_type int (column_options (nullability not null)))))) , (create_specification (column_definition (name (id b)) (data_type (signed_type mediumint (int_flags unsigned) (column_options (nullability not null)))))) , (create_specification (index_definition (index_type_pk primary key (index_column_list ( (index_columns (index_column (name (id a)))) ))))) , (create_specification (index_definition (index_type_1 (index_or_key index) (index_column_list ( (index_columns (index_column (name (id b)))) ))))) )) (table_creation_option (partition_by partition by (partition_by_what range (skip_parens /__MAXWELL__/)) (partition_count partitions 2) (partition_definitions ( (skip_parens_inside_partition_definitions /__MAXWELL__/)))))) <EOF>)
[1] 23:44:16,162 DEBUG SchemaChange - SQL_PARSE <- "CREATE TABLE t1 ( a int not null, b mediumtext not null, primary key(a), index (b(10))) partition by range (a) partitions 2 (partition x1 values less than (25), partition x2 values less than (100))"
[1] 23:44:16,162 DEBUG SchemaChange - rewrote SQL to CREATE TABLE t1 ( a int not null, b mediumtext not null, primary key(a), index (b(10))) partition by range /__MAXWELL__/ partitions 2 (partition x1 values less than (25), partition x2 values less than (100))
[1] 23:44:16,162 DEBUG SchemaChange - SQL_PARSE <- "CREATE TABLE t1 ( a int not null, b mediumtext not null, primary key(a), index (b(10))) partition by range /__MAXWELL__/ partitions 2 (partition x1 values less than (25), partition x2 values less than (100))"
[1] 23:44:16,162 DEBUG SchemaChange - rewrote SQL to CREATE TABLE t1 ( a int not null, b mediumtext not null, primary key(a), index (b(10))) partition by range /__MAXWELL__/ partitions 2 (/__MAXWELL__/
[1] 23:44:16,163 DEBUG SchemaChange - SQL_PARSE <- "CREATE TABLE t1 ( a int not null, b mediumtext not null, primary key(a), index (b(10))) partition by range /__MAXWELL__/ partitions 2 (/__MAXWELL__/"
[1] 23:44:16,163 DEBUG SchemaChange - SQL_PARSE ->   (parse (statement (create_table (create_table_preamble CREATE TABLE (table_name (name (id t1)))) (create_specifications ( (create_specification (column_definition (name (id a)) (data_type (signed_type int (column_options (nullability not null)))))) , (create_specification (column_definition (name (id b)) (data_type (string_type mediumtext (column_options (nullability not null)))))) , (create_specification (index_definition (index_type_pk primary key (index_column_list ( (index_columns (index_column (name (id a)))) ))))) , (create_specification (index_definition (index_type_1 (index_or_key index) (index_column_list ( (index_columns (index_column (name (id b)) (index_column_partial_def ( (index_column_partial_length 10) )))) ))))) )) (table_creation_option (partition_by partition by (partition_by_what range (skip_parens /__MAXWELL__/)) (partition_count partitions 2) (partition_definitions ( (skip_parens_inside_partition_definitions /__MAXWELL__/)))))) <EOF>)
[1] 23:44:16,163 DEBUG SchemaChange - SQL_PARSE <- "CREATE TABLE t1 ( a int not null, b set('1','2', '4', '5') not null, primary key(a), index (b)) partition by range (a) partitions 2 (partition x1 values less than (25), partition x2 values less than (100))"
[1] 23:44:16,164 DEBUG SchemaChange - rewrote SQL to CREATE TABLE t1 ( a int not null, b set('1','2', '4', '5') not null, primary key(a), index (b)) partition by range /__MAXWELL__/ partitions 2 (partition x1 values less than (25), partition x2 values less than (100))
[1] 23:44:16,164 DEBUG SchemaChange - SQL_PARSE <- "CREATE TABLE t1 ( a int not null, b set('1','2', '4', '5') not null, primary key(a), index (b)) partition by range /__MAXWELL__/ partitions 2 (partition x1 values less than (25), partition x2 values less than (100))"
[1] 23:44:16,164 DEBUG SchemaChange - rewrote SQL to CREATE TABLE t1 ( a int not null, b set('1','2', '4', '5') not null, primary key(a), index (b)) partition by range /__MAXWELL__/ partitions 2 (/__MAXWELL__/
[1] 23:44:16,164 DEBUG SchemaChange - SQL_PARSE <- "CREATE TABLE t1 ( a int not null, b set('1','2', '4', '5') not null, primary key(a), index (b)) partition by range /__MAXWELL__/ partitions 2 (/__MAXWELL__/"
[1] 23:44:16,165 DEBUG SchemaChange - SQL_PARSE ->   (parse (statement (create_table (create_table_preamble CREATE TABLE (table_name (name (id t1)))) (create_specifications ( (create_specification (column_definition (name (id a)) (data_type (signed_type int (column_options (nullability not null)))))) , (create_specification (column_definition (name (id b)) (data_type (enumerated_type set ( (enumerated_values (enum_value (string_literal '1')) , (enum_value (string_literal '2')) , (enum_value (string_literal '4')) , (enum_value (string_literal '5'))) ) (column_options (nullability not null)))))) , (create_specification (index_definition (index_type_pk primary key (index_column_list ( (index_columns (index_column (name (id a)))) ))))) , (create_specification (index_definition (index_type_1 (index_or_key index) (index_column_list ( (index_columns (index_column (name (id b)))) ))))) )) (table_creation_option (partition_by partition by (partition_by_what range (skip_parens /__MAXWELL__/)) (partition_count partitions 2) (partition_definitions ( (skip_parens_inside_partition_definitions /__MAXWELL__/)))))) <EOF>)
[1] 23:44:16,165 DEBUG SchemaChange - SQL_PARSE <- "CREATE TABLE t1 ( a int not null, b smallint not null, primary key(a), index (b)) partition by range (a) partitions 2 (partition x1 values less than (25), partition x2 values less than (100))"
[1] 23:44:16,165 DEBUG SchemaChange - rewrote SQL to CREATE TABLE t1 ( a int not null, b smallint not null, primary key(a), index (b)) partition by range /__MAXWELL__/ partitions 2 (partition x1 values less than (25), partition x2 values less than (100))
[1] 23:44:16,165 DEBUG SchemaChange - SQL_PARSE <- "CREATE TABLE t1 ( a int not null, b smallint not null, primary key(a), index (b)) partition by range /__MAXWELL__/ partitions 2 (partition x1 values less than (25), partition x2 values less than (100))"
[1] 23:44:16,166 DEBUG SchemaChange - rewrote SQL to CREATE TABLE t1 ( a int not null, b smallint not null, primary key(a), index (b)) partition by range /__MAXWELL__/ partitions 2 (/__MAXWELL__/
[1] 23:44:16,166 DEBUG SchemaChange - SQL_PARSE <- "CREATE TABLE t1 ( a int not null, b smallint not null, primary key(a), index (b)) partition by range /__MAXWELL__/ partitions 2 (/__MAXWELL__/"
[1] 23:44:16,166 DEBUG SchemaChange - SQL_PARSE ->   (parse (statement (create_table (create_table_preamble CREATE TABLE (table_name (name (id t1)))) (create_specifications ( (create_specification (column_definition (name (id a)) (data_type (signed_type int (column_options (nullability not null)))))) , (create_specification (column_definition (name (id b)) (data_type (signed_type smallint (column_options (nullability not null)))))) , (create_specification (index_definition (index_type_pk primary key (index_column_list ( (index_columns (index_column (name (id a)))) ))))) , (create_specification (index_definition (index_type_1 (index_or_key index) (index_column_list ( (index_columns (index_column (name (id b)))) ))))) )) (table_creation_option (partition_by partition by (partition_by_what range (skip_parens /__MAXWELL__/)) (partition_count partitions 2) (partition_definitions ( (skip_parens_inside_partition_definitions /__MAXWELL__/)))))) <EOF>)
[1] 23:44:16,166 DEBUG SchemaChange - SQL_PARSE <- "CREATE TABLE t1 ( a int not null, b smallint unsigned not null, primary key(a), index (b)) partition by range (a) partitions 2 (partition x1 values less than (25), partition x2 values less than (100))"
[1] 23:44:16,167 DEBUG SchemaChange - rewrote SQL to CREATE TABLE t1 ( a int not null, b smallint unsigned not null, primary key(a), index (b)) partition by range /__MAXWELL__/ partitions 2 (partition x1 values less than (25), partition x2 values less than (100))
[1] 23:44:16,167 DEBUG SchemaChange - SQL_PARSE <- "CREATE TABLE t1 ( a int not null, b smallint unsigned not null, primary key(a), index (b)) partition by range /__MAXWELL__/ partitions 2 (partition x1 values less than (25), partition x2 values less than (100))"
[1] 23:44:16,167 DEBUG SchemaChange - rewrote SQL to CREATE TABLE t1 ( a int not null, b smallint unsigned not null, primary key(a), index (b)) partition by range /__MAXWELL__/ partitions 2 (/__MAXWELL__/
[1] 23:44:16,167 DEBUG SchemaChange - SQL_PARSE <- "CREATE TABLE t1 ( a int not null, b smallint unsigned not null, primary key(a), index (b)) partition by range /__MAXWELL__/ partitions 2 (/__MAXWELL__/"
[1] 23:44:16,167 DEBUG SchemaChange - SQL_PARSE ->   (parse (statement (create_table (create_table_preamble CREATE TABLE (table_name (name (id t1)))) (create_specifications ( (create_specification (column_definition (name (id a)) (data_type (signed_type int (column_options (nullability not null)))))) , (create_specification (column_definition (name (id b)) (data_type (signed_type smallint (int_flags unsigned) (column_options (nullability not null)))))) , (create_specification (index_definition (index_type_pk primary key (index_column_list ( (index_columns (index_column (name (id a)))) ))))) , (create_specification (index_definition (index_type_1 (index_or_key index) (index_column_list ( (index_columns (index_column (name (id b)))) ))))) )) (table_creation_option (partition_by partition by (partition_by_what range (skip_parens /__MAXWELL__/)) (partition_count partitions 2) (partition_definitions ( (skip_parens_inside_partition_definitions /__MAXWELL__/)))))) <EOF>)
[1] 23:44:16,168 DEBUG SchemaChange - SQL_PARSE <- "CREATE TABLE t1 ( a int not null, b text not null, primary key(a), index (b(10))) partition by range (a) partitions 2 (partition x1 values less than (25), partition x2 values less than (100))"
[1] 23:44:16,168 DEBUG SchemaChange - rewrote SQL to CREATE TABLE t1 ( a int not null, b text not null, primary key(a), index (b(10))) partition by range /__MAXWELL__/ partitions 2 (partition x1 values less than (25), partition x2 values less than (100))
[1] 23:44:16,168 DEBUG SchemaChange - SQL_PARSE <- "CREATE TABLE t1 ( a int not null, b text not null, primary key(a), index (b(10))) partition by range /__MAXWELL__/ partitions 2 (partition x1 values less than (25), partition x2 values less than (100))"
[1] 23:44:16,168 DEBUG SchemaChange - rewrote SQL to CREATE TABLE t1 ( a int not null, b text not null, primary key(a), index (b(10))) partition by range /__MAXWELL__/ partitions 2 (/__MAXWELL__/
[1] 23:44:16,169 DEBUG SchemaChange - SQL_PARSE <- "CREATE TABLE t1 ( a int not null, b text not null, primary key(a), index (b(10))) partition by range /__MAXWELL__/ partitions 2 (/__MAXWELL__/"
[1] 23:44:16,169 DEBUG SchemaChange - SQL_PARSE ->   (parse (statement (create_table (create_table_preamble CREATE TABLE (table_name (name (id t1)))) (create_specifications ( (create_specification (column_definition (name (id a)) (data_type (signed_type int (column_options (nullability not null)))))) , (create_specification (column_definition (name (id b)) (data_type (string_type text (column_options (nullability not null)))))) , (create_specification (index_definition (index_type_pk primary key (index_column_list ( (index_columns (index_column (name (id a)))) ))))) , (create_specification (index_definition (index_type_1 (index_or_key index) (index_column_list ( (index_columns (index_column (name (id b)) (index_column_partial_def ( (index_column_partial_length 10) )))) ))))) )) (table_creation_option (partition_by partition by (partition_by_what range (skip_parens /__MAXWELL__/)) (partition_count partitions 2) (partition_definitions ( (skip_parens_inside_partition_definitions /__MAXWELL__/)))))) <EOF>)
[1] 23:44:16,169 DEBUG SchemaChange - SQL_PARSE <- "CREATE TABLE t1 ( a int not null, b time not null, primary key(a), index (b)) partition by range (a) partitions 2 (partition x1 values less than (25), partition x2 values less than (100))"
[1] 23:44:16,169 DEBUG SchemaChange - rewrote SQL to CREATE TABLE t1 ( a int not null, b time not null, primary key(a), index (b)) partition by range /__MAXWELL__/ partitions 2 (partition x1 values less than (25), partition x2 values less than (100))
[1] 23:44:16,169 DEBUG SchemaChange - SQL_PARSE <- "CREATE TABLE t1 ( a int not null, b time not null, primary key(a), index (b)) partition by range /__MAXWELL__/ partitions 2 (partition x1 values less than (25), partition x2 values less than (100))"
[1] 23:44:16,170 DEBUG SchemaChange - rewrote SQL to CREATE TABLE t1 ( a int not null, b time not null, primary key(a), index (b)) partition by range /__MAXWELL__/ partitions 2 (/__MAXWELL__/
[1] 23:44:16,170 DEBUG SchemaChange - SQL_PARSE <- "CREATE TABLE t1 ( a int not null, b time not null, primary key(a), index (b)) partition by range /__MAXWELL__/ partitions 2 (/__MAXWELL__/"
[1] 23:44:16,170 DEBUG SchemaChange - SQL_PARSE ->   (parse (statement (create_table (create_table_preamble CREATE TABLE (table_name (name (id t1)))) (create_specifications ( (create_specification (column_definition (name (id a)) (data_type (signed_type int (column_options (nullability not null)))))) , (create_specification (column_definition (name (id b)) (data_type (generic_type time (column_options (nullability not null)))))) , (create_specification (index_definition (index_type_pk primary key (index_column_list ( (index_columns (index_column (name (id a)))) ))))) , (create_specification (index_definition (index_type_1 (index_or_key index) (index_column_list ( (index_columns (index_column (name (id b)))) ))))) )) (table_creation_option (partition_by partition by (partition_by_what range (skip_parens /__MAXWELL__/)) (partition_count partitions 2) (partition_definitions ( (skip_parens_inside_partition_definitions /__MAXWELL__/)))))) <EOF>)
[1] 23:44:16,170 DEBUG SchemaChange - SQL_PARSE <- "CREATE TABLE t1 ( a int not null, b timestamp not null, primary key(a), index (b)) partition by range (a) partitions 2 (partition x1 values less than (25), partition x2 values less than (100))"
[1] 23:44:16,171 DEBUG SchemaChange - rewrote SQL to CREATE TABLE t1 ( a int not null, b timestamp not null, primary key(a), index (b)) partition by range /__MAXWELL__/ partitions 2 (partition x1 values less than (25), partition x2 values less than (100))
[1] 23:44:16,171 DEBUG SchemaChange - SQL_PARSE <- "CREATE TABLE t1 ( a int not null, b timestamp not null, primary key(a), index (b)) partition by range /__MAXWELL__/ partitions 2 (partition x1 values less than (25), partition x2 values less than (100))"
[1] 23:44:16,171 DEBUG SchemaChange - rewrote SQL to CREATE TABLE t1 ( a int not null, b timestamp not null, primary key(a), index (b)) partition by range /__MAXWELL__/ partitions 2 (/__MAXWELL__/
[1] 23:44:16,171 DEBUG SchemaChange - SQL_PARSE <- "CREATE TABLE t1 ( a int not null, b timestamp not null, primary key(a), index (b)) partition by range /__MAXWELL__/ partitions 2 (/__MAXWELL__/"
[1] 23:44:16,172 DEBUG SchemaChange - SQL_PARSE ->   (parse (statement (create_table (create_table_preamble CREATE TABLE (table_name (name (id t1)))) (create_specifications ( (create_specification (column_definition (name (id a)) (data_type (signed_type int (column_options (nullability not null)))))) , (create_specification (column_definition (name (id b)) (data_type (generic_type timestamp (column_options (nullability not null)))))) , (create_specification (index_definition (index_type_pk primary key (index_column_list ( (index_columns (index_column (name (id a)))) ))))) , (create_specification (index_definition (index_type_1 (index_or_key index) (index_column_list ( (index_columns (index_column (name (id b)))) ))))) )) (table_creation_option (partition_by partition by (partition_by_what range (skip_parens /__MAXWELL__/)) (partition_count partitions 2) (partition_definitions ( (skip_parens_inside_partition_definitions /__MAXWELL__/)))))) <EOF>)
[1] 23:44:16,172 DEBUG SchemaChange - SQL_PARSE <- "CREATE TABLE t1 ( a int not null, b tinyint not null, primary key(a), index (b)) partition by range (a) partitions 2 (partition x1 values less than (25), partition x2 values less than (100))"
[1] 23:44:16,172 DEBUG SchemaChange - rewrote SQL to CREATE TABLE t1 ( a int not null, b tinyint not null, primary key(a), index (b)) partition by range /__MAXWELL__/ partitions 2 (partition x1 values less than (25), partition x2 values less than (100))
[1] 23:44:16,172 DEBUG SchemaChange - SQL_PARSE <- "CREATE TABLE t1 ( a int not null, b tinyint not null, primary key(a), index (b)) partition by range /__MAXWELL__/ partitions 2 (partition x1 values less than (25), partition x2 values less than (100))"
[1] 23:44:16,173 DEBUG SchemaChange - rewrote SQL to CREATE TABLE t1 ( a int not null, b tinyint not null, primary key(a), index (b)) partition by range /__MAXWELL__/ partitions 2 (/__MAXWELL__/
[1] 23:44:16,173 DEBUG SchemaChange - SQL_PARSE <- "CREATE TABLE t1 ( a int not null, b tinyint not null, primary key(a), index (b)) partition by range /__MAXWELL__/ partitions 2 (/__MAXWELL__/"
[1] 23:44:16,173 DEBUG SchemaChange - SQL_PARSE ->   (parse (statement (create_table (create_table_preamble CREATE TABLE (table_name (name (id t1)))) (create_specifications ( (create_specification (column_definition (name (id a)) (data_type (signed_type int (column_options (nullability not null)))))) , (create_specification (column_definition (name (id b)) (data_type (signed_type tinyint (column_options (nullability not null)))))) , (create_specification (index_definition (index_type_pk primary key (index_column_list ( (index_columns (index_column (name (id a)))) ))))) , (create_specification (index_definition (index_type_1 (index_or_key index) (index_column_list ( (index_columns (index_column (name (id b)))) ))))) )) (table_creation_option (partition_by partition by (partition_by_what range (skip_parens /__MAXWELL__/)) (partition_count partitions 2) (partition_definitions ( (skip_parens_inside_partition_definitions /__MAXWELL__/)))))) <EOF>)
[1] 23:44:16,173 DEBUG SchemaChange - SQL_PARSE <- "CREATE TABLE t1 ( a int not null, b tinyint unsigned not null, primary key(a), index (b)) partition by range (a) partitions 2 (partition x1 values less than (25), partition x2 values less than (100))"
[1] 23:44:16,174 DEBUG SchemaChange - rewrote SQL to CREATE TABLE t1 ( a int not null, b tinyint unsigned not null, primary key(a), index (b)) partition by range /__MAXWELL__/ partitions 2 (partition x1 values less than (25), partition x2 values less than (100))
[1] 23:44:16,174 DEBUG SchemaChange - SQL_PARSE <- "CREATE TABLE t1 ( a int not null, b tinyint unsigned not null, primary key(a), index (b)) partition by range /__MAXWELL__/ partitions 2 (partition x1 values less than (25), partition x2 values less than (100))"
[1] 23:44:16,174 DEBUG SchemaChange - rewrote SQL to CREATE TABLE t1 ( a int not null, b tinyint unsigned not null, primary key(a), index (b)) partition by range /__MAXWELL__/ partitions 2 (/__MAXWELL__/
[1] 23:44:16,174 DEBUG SchemaChange - SQL_PARSE <- "CREATE TABLE t1 ( a int not null, b tinyint unsigned not null, primary key(a), index (b)) partition by range /__MAXWELL__/ partitions 2 (/__MAXWELL__/"
[1] 23:44:16,174 DEBUG SchemaChange - SQL_PARSE ->   (parse (statement (create_table (create_table_preamble CREATE TABLE (table_name (name (id t1)))) (create_specifications ( (create_specification (column_definition (name (id a)) (data_type (signed_type int (column_options (nullability not null)))))) , (create_specification (column_definition (name (id b)) (data_type (signed_type tinyint (int_flags unsigned) (column_options (nullability not null)))))) , (create_specification (index_definition (index_type_pk primary key (index_column_list ( (index_columns (index_column (name (id a)))) ))))) , (create_specification (index_definition (index_type_1 (index_or_key index) (index_column_list ( (index_columns (index_column (name (id b)))) ))))) )) (table_creation_option (partition_by partition by (partition_by_what range (skip_parens /__MAXWELL__/)) (partition_count partitions 2) (partition_definitions ( (skip_parens_inside_partition_definitions /__MAXWELL__/)))))) <EOF>)
[1] 23:44:16,174 DEBUG SchemaChange - SQL_PARSE <- "CREATE TABLE t1 ( a int not null, b tinytext not null, primary key(a), index (b(10))) partition by range (a) partitions 2 (partition x1 values less than (25), partition x2 values less than (100))"
[1] 23:44:16,175 DEBUG SchemaChange - rewrote SQL to CREATE TABLE t1 ( a int not null, b tinytext not null, primary key(a), index (b(10))) partition by range /__MAXWELL__/ partitions 2 (partition x1 values less than (25), partition x2 values less than (100))
[1] 23:44:16,175 DEBUG SchemaChange - SQL_PARSE <- "CREATE TABLE t1 ( a int not null, b tinytext not null, primary key(a), index (b(10))) partition by range /__MAXWELL__/ partitions 2 (partition x1 values less than (25), partition x2 values less than (100))"
[1] 23:44:16,175 DEBUG SchemaChange - rewrote SQL to CREATE TABLE t1 ( a int not null, b tinytext not null, primary key(a), index (b(10))) partition by range /__MAXWELL__/ partitions 2 (/__MAXWELL__/
[1] 23:44:16,175 DEBUG SchemaChange - SQL_PARSE <- "CREATE TABLE t1 ( a int not null, b tinytext not null, primary key(a), index (b(10))) partition by range /__MAXWELL__/ partitions 2 (/__MAXWELL__/"
[1] 23:44:16,176 DEBUG SchemaChange - SQL_PARSE ->   (parse (statement (create_table (create_table_preamble CREATE TABLE (table_name (name (id t1)))) (create_specifications ( (create_specification (column_definition (name (id a)) (data_type (signed_type int (column_options (nullability not null)))))) , (create_specification (column_definition (name (id b)) (data_type (string_type tinytext (column_options (nullability not null)))))) , (create_specification (index_definition (index_type_pk primary key (index_column_list ( (index_columns (index_column (name (id a)))) ))))) , (create_specification (index_definition (index_type_1 (index_or_key index) (index_column_list ( (index_columns (index_column (name (id b)) (index_column_partial_def ( (index_column_partial_length 10) )))) ))))) )) (table_creation_option (partition_by partition by (partition_by_what range (skip_parens /__MAXWELL__/)) (partition_count partitions 2) (partition_definitions ( (skip_parens_inside_partition_definitions /__MAXWELL__/)))))) <EOF>)
[1] 23:44:16,176 DEBUG SchemaChange - SQL_PARSE <- "CREATE TABLE t1 ( a int not null, b varchar(10) binary not null, primary key(a), index (b)) partition by range (a) partitions 2 (partition x1 values less than (25), partition x2 values less than (100))"
[1] 23:44:16,176 DEBUG SchemaChange - rewrote SQL to CREATE TABLE t1 ( a int not null, b varchar(10) binary not null, primary key(a), index (b)) partition by range /__MAXWELL__/ partitions 2 (partition x1 values less than (25), partition x2 values less than (100))
[1] 23:44:16,176 DEBUG SchemaChange - SQL_PARSE <- "CREATE TABLE t1 ( a int not null, b varchar(10) binary not null, primary key(a), index (b)) partition by range /__MAXWELL__/ partitions 2 (partition x1 values less than (25), partition x2 values less than (100))"
[1] 23:44:16,177 DEBUG SchemaChange - rewrote SQL to CREATE TABLE t1 ( a int not null, b varchar(10) binary not null, primary key(a), index (b)) partition by range /__MAXWELL__/ partitions 2 (/__MAXWELL__/
[1] 23:44:16,177 DEBUG SchemaChange - SQL_PARSE <- "CREATE TABLE t1 ( a int not null, b varchar(10) binary not null, primary key(a), index (b)) partition by range /__MAXWELL__/ partitions 2 (/__MAXWELL__/"
[1] 23:44:16,177 DEBUG SchemaChange - SQL_PARSE ->   (parse (statement (create_table (create_table_preamble CREATE TABLE (table_name (name (id t1)))) (create_specifications ( (create_specification (column_definition (name (id a)) (data_type (signed_type int (column_options (nullability not null)))))) , (create_specification (column_definition (name (id b)) (data_type (string_type varchar (length ( 10 )) (column_options binary) (column_options (nullability not null)))))) , (create_specification (index_definition (index_type_pk primary key (index_column_list ( (index_columns (index_column (name (id a)))) ))))) , (create_specification (index_definition (index_type_1 (index_or_key index) (index_column_list ( (index_columns (index_column (name (id b)))) ))))) )) (table_creation_option (partition_by partition by (partition_by_what range (skip_parens /__MAXWELL__/)) (partition_count partitions 2) (partition_definitions ( (skip_parens_inside_partition_definitions /__MAXWELL__/)))))) <EOF>)
[1] 23:44:16,177 DEBUG SchemaChange - SQL_PARSE <- "CREATE TABLE t1 ( a int not null, b varchar(10) not null, primary key(a), index (b(5))) partition by range (a) partitions 2 (partition x1 values less than (25), partition x2 values less than (100))"
[1] 23:44:16,178 DEBUG SchemaChange - rewrote SQL to CREATE TABLE t1 ( a int not null, b varchar(10) not null, primary key(a), index (b(5))) partition by range /__MAXWELL__/ partitions 2 (partition x1 values less than (25), partition x2 values less than (100))
[1] 23:44:16,178 DEBUG SchemaChange - SQL_PARSE <- "CREATE TABLE t1 ( a int not null, b varchar(10) not null, primary key(a), index (b(5))) partition by range /__MAXWELL__/ partitions 2 (partition x1 values less than (25), partition x2 values less than (100))"
[1] 23:44:16,178 DEBUG SchemaChange - rewrote SQL to CREATE TABLE t1 ( a int not null, b varchar(10) not null, primary key(a), index (b(5))) partition by range /__MAXWELL__/ partitions 2 (/__MAXWELL__/
[1] 23:44:16,178 DEBUG SchemaChange - SQL_PARSE <- "CREATE TABLE t1 ( a int not null, b varchar(10) not null, primary key(a), index (b(5))) partition by range /__MAXWELL__/ partitions 2 (/__MAXWELL__/"
[1] 23:44:16,178 DEBUG SchemaChange - SQL_PARSE ->   (parse (statement (create_table (create_table_preamble CREATE TABLE (table_name (name (id t1)))) (create_specifications ( (create_specification (column_definition (name (id a)) (data_type (signed_type int (column_options (nullability not null)))))) , (create_specification (column_definition (name (id b)) (data_type (string_type varchar (length ( 10 )) (column_options (nullability not null)))))) , (create_specification (index_definition (index_type_pk primary key (index_column_list ( (index_columns (index_column (name (id a)))) ))))) , (create_specification (index_definition (index_type_1 (index_or_key index) (index_column_list ( (index_columns (index_column (name (id b)) (index_column_partial_def ( (index_column_partial_length 5) )))) ))))) )) (table_creation_option (partition_by partition by (partition_by_what range (skip_parens /__MAXWELL__/)) (partition_count partitions 2) (partition_definitions ( (skip_parens_inside_partition_definitions /__MAXWELL__/)))))) <EOF>)
[1] 23:44:16,179 DEBUG SchemaChange - SQL_PARSE <- "CREATE TABLE t1 ( a int not null, b varchar(10) not null, primary key(a), index (b)) partition by range (a) partitions 2 (partition x1 values less than (25), partition x2 values less than (100))"
[1] 23:44:16,179 DEBUG SchemaChange - rewrote SQL to CREATE TABLE t1 ( a int not null, b varchar(10) not null, primary key(a), index (b)) partition by range /__MAXWELL__/ partitions 2 (partition x1 values less than (25), partition x2 values less than (100))
[1] 23:44:16,179 DEBUG SchemaChange - SQL_PARSE <- "CREATE TABLE t1 ( a int not null, b varchar(10) not null, primary key(a), index (b)) partition by range /__MAXWELL__/ partitions 2 (partition x1 values less than (25), partition x2 values less than (100))"
[1] 23:44:16,179 DEBUG SchemaChange - rewrote SQL to CREATE TABLE t1 ( a int not null, b varchar(10) not null, primary key(a), index (b)) partition by range /__MAXWELL__/ partitions 2 (/__MAXWELL__/
[1] 23:44:16,179 DEBUG SchemaChange - SQL_PARSE <- "CREATE TABLE t1 ( a int not null, b varchar(10) not null, primary key(a), index (b)) partition by range /__MAXWELL__/ partitions 2 (/__MAXWELL__/"
[1] 23:44:16,180 DEBUG SchemaChange - SQL_PARSE ->   (parse (statement (create_table (create_table_preamble CREATE TABLE (table_name (name (id t1)))) (create_specifications ( (create_specification (column_definition (name (id a)) (data_type (signed_type int (column_options (nullability not null)))))) , (create_specification (column_definition (name (id b)) (data_type (string_type varchar (length ( 10 )) (column_options (nullability not null)))))) , (create_specification (index_definition (index_type_pk primary key (index_column_list ( (index_columns (index_column (name (id a)))) ))))) , (create_specification (index_definition (index_type_1 (index_or_key index) (index_column_list ( (index_columns (index_column (name (id b)))) ))))) )) (table_creation_option (partition_by partition by (partition_by_what range (skip_parens /__MAXWELL__/)) (partition_count partitions 2) (partition_definitions ( (skip_parens_inside_partition_definitions /__MAXWELL__/)))))) <EOF>)
[1] 23:44:16,180 DEBUG SchemaChange - SQL_PARSE <- "CREATE TABLE t1 ( a int not null, b year not null, primary key(a), index (b)) partition by range (a) partitions 2 (partition x1 values less than (25), partition x2 values less than (100))"
[1] 23:44:16,180 DEBUG SchemaChange - rewrote SQL to CREATE TABLE t1 ( a int not null, b year not null, primary key(a), index (b)) partition by range /__MAXWELL__/ partitions 2 (partition x1 values less than (25), partition x2 values less than (100))
[1] 23:44:16,180 DEBUG SchemaChange - SQL_PARSE <- "CREATE TABLE t1 ( a int not null, b year not null, primary key(a), index (b)) partition by range /__MAXWELL__/ partitions 2 (partition x1 values less than (25), partition x2 values less than (100))"
[1] 23:44:16,181 DEBUG SchemaChange - rewrote SQL to CREATE TABLE t1 ( a int not null, b year not null, primary key(a), index (b)) partition by range /__MAXWELL__/ partitions 2 (/__MAXWELL__/
[1] 23:44:16,181 DEBUG SchemaChange - SQL_PARSE <- "CREATE TABLE t1 ( a int not null, b year not null, primary key(a), index (b)) partition by range /__MAXWELL__/ partitions 2 (/__MAXWELL__/"
[1] 23:44:16,181 DEBUG SchemaChange - SQL_PARSE ->   (parse (statement (create_table (create_table_preamble CREATE TABLE (table_name (name (id t1)))) (create_specifications ( (create_specification (column_definition (name (id a)) (data_type (signed_type int (column_options (nullability not null)))))) , (create_specification (column_definition (name (id b)) (data_type (generic_type year (column_options (nullability not null)))))) , (create_specification (index_definition (index_type_pk primary key (index_column_list ( (index_columns (index_column (name (id a)))) ))))) , (create_specification (index_definition (index_type_1 (index_or_key index) (index_column_list ( (index_columns (index_column (name (id b)))) ))))) )) (table_creation_option (partition_by partition by (partition_by_what range (skip_parens /__MAXWELL__/)) (partition_count partitions 2) (partition_definitions ( (skip_parens_inside_partition_definitions /__MAXWELL__/)))))) <EOF>)
[1] 23:44:16,181 DEBUG SchemaChange - SQL_PARSE <- "CREATE TABLE t1 (`a b` int not null) partition by hash(`a b`)"
[1] 23:44:16,182 DEBUG SchemaChange - rewrote SQL to CREATE TABLE t1 (`a b` int not null) partition by hash/__MAXWELL__/
[1] 23:44:16,182 DEBUG SchemaChange - SQL_PARSE <- "CREATE TABLE t1 (`a b` int not null) partition by hash/__MAXWELL__/"
[1] 23:44:16,182 DEBUG SchemaChange - SQL_PARSE ->   (parse (statement (create_table (create_table_preamble CREATE TABLE (table_name (name (id t1)))) (create_specifications ( (create_specification (column_definition (name (id `a b`)) (data_type (signed_type int (column_options (nullability not null)))))) )) (table_creation_option (partition_by partition by (partition_by_what hash (skip_parens /__MAXWELL__/)))))) <EOF>)
[1] 23:44:16,182 DEBUG SchemaChange - SQL_PARSE <- "CREATE TABLE t1 (`a b` int not null) partition by key(`a b`)"
[1] 23:44:16,182 DEBUG SchemaChange - rewrote SQL to CREATE TABLE t1 (`a b` int not null) partition by key/__MAXWELL__/
[1] 23:44:16,182 DEBUG SchemaChange - SQL_PARSE <- "CREATE TABLE t1 (`a b` int not null) partition by key/__MAXWELL__/"
[1] 23:44:16,182 DEBUG SchemaChange - SQL_PARSE ->   (parse (statement (create_table (create_table_preamble CREATE TABLE (table_name (name (id t1)))) (create_specifications ( (create_specification (column_definition (name (id `a b`)) (data_type (signed_type int (column_options (nullability not null)))))) )) (table_creation_option (partition_by partition by (partition_by_what key (skip_parens /__MAXWELL__/)))))) <EOF>)
[1] 23:44:16,183 DEBUG SchemaChange - SQL_PARSE <- "CREATE TABLE t1 (a INT , KEY inx_a (a) ) PARTITION BY RANGE (a) SUBPARTITION BY HASH (a) SUBPARTITIONS 2 (PARTITION pUpTo10 VALUES LESS THAN (10) COMMENT "This is a long comment (2050 ascii characters)   50 pUpTo10 partition ......80-!.................. 100 ................................................................................................ 200....................................................................................................................................................................................................................................................................................................... 500 ............................................................................................................................................................................................................................................................................................................................................................................................................................................................................................................... 1000 ..............1024-|.......................................................................................................................................................................................................................................................................................................................................................................................................................................................................................... 1500 .............................................................................................................................................................................................................................................................................................................................................................................................................................................................................................................. 2000 ......................................2048-|++"  (SUBPARTITION `p-10sp0` ,SUBPARTITION `p-10sp1` ), PARTITION pMax VALUES LESS THAN MAXVALUE COMMENT "This is a long comment (2050 ascii characters)   50 pMax partition comment .80-!.................. 100 ................................................................................................ 200....................................................................................................................................................................................................................................................................................................... 500 ............................................................................................................................................................................................................................................................................................................................................................................................................................................................................................................... 1000 ..............1024-|.......................................................................................................................................................................................................................................................................................................................................................................................................................................................................................... 1500 .............................................................................................................................................................................................................................................................................................................................................................................................................................................................................................................. 2000 ......................................2048-|++"  (SUBPARTITION `pMaxsp0` ,SUBPARTITION `pMaxsp1` ))"
[1] 23:44:16,184 DEBUG SchemaChange - rewrote SQL to CREATE TABLE t1 (a INT , KEY inx_a (a) ) PARTITION BY RANGE /__MAXWELL__/ SUBPARTITION BY HASH (a) SUBPARTITIONS 2 (PARTITION pUpTo10 VALUES LESS THAN (10) COMMENT "This is a long comment (2050 ascii characters)   50 pUpTo10 partition ......80-!.................. 100 ................................................................................................ 200....................................................................................................................................................................................................................................................................................................... 500 ............................................................................................................................................................................................................................................................................................................................................................................................................................................................................................................... 1000 ..............1024-|.......................................................................................................................................................................................................................................................................................................................................................................................................................................................................................... 1500 .............................................................................................................................................................................................................................................................................................................................................................................................................................................................................................................. 2000 ......................................2048-|++"  (SUBPARTITION `p-10sp0` ,SUBPARTITION `p-10sp1` ), PARTITION pMax VALUES LESS THAN MAXVALUE COMMENT "This is a long comment (2050 ascii characters)   50 pMax partition comment .80-!.................. 100 ................................................................................................ 200....................................................................................................................................................................................................................................................................................................... 500 ............................................................................................................................................................................................................................................................................................................................................................................................................................................................................................................... 1000 ..............1024-|.......................................................................................................................................................................................................................................................................................................................................................................................................................................................................................... 1500 .............................................................................................................................................................................................................................................................................................................................................................................................................................................................................................................. 2000 ......................................2048-|++"  (SUBPARTITION `pMaxsp0` ,SUBPARTITION `pMaxsp1` ))
[1] 23:44:16,184 DEBUG SchemaChange - SQL_PARSE <- "CREATE TABLE t1 (a INT , KEY inx_a (a) ) PARTITION BY RANGE /__MAXWELL__/ SUBPARTITION BY HASH (a) SUBPARTITIONS 2 (PARTITION pUpTo10 VALUES LESS THAN (10) COMMENT "This is a long comment (2050 ascii characters)   50 pUpTo10 partition ......80-!.................. 100 ................................................................................................ 200....................................................................................................................................................................................................................................................................................................... 500 ............................................................................................................................................................................................................................................................................................................................................................................................................................................................................................................... 1000 ..............1024-|.......................................................................................................................................................................................................................................................................................................................................................................................................................................................................................... 1500 .............................................................................................................................................................................................................................................................................................................................................................................................................................................................................................................. 2000 ......................................2048-|++"  (SUBPARTITION `p-10sp0` ,SUBPARTITION `p-10sp1` ), PARTITION pMax VALUES LESS THAN MAXVALUE COMMENT "This is a long comment (2050 ascii characters)   50 pMax partition comment .80-!.................. 100 ................................................................................................ 200....................................................................................................................................................................................................................................................................................................... 500 ............................................................................................................................................................................................................................................................................................................................................................................................................................................................................................................... 1000 ..............1024-|.......................................................................................................................................................................................................................................................................................................................................................................................................................................................................................... 1500 .............................................................................................................................................................................................................................................................................................................................................................................................................................................................................................................. 2000 ......................................2048-|++"  (SUBPARTITION `pMaxsp0` ,SUBPARTITION `pMaxsp1` ))"
[1] 23:44:16,184 DEBUG SchemaChange - rewrote SQL to CREATE TABLE t1 (a INT , KEY inx_a (a) ) PARTITION BY RANGE /__MAXWELL__/ SUBPARTITION BY HASH /__MAXWELL__/ SUBPARTITIONS 2 (PARTITION pUpTo10 VALUES LESS THAN (10) COMMENT "This is a long comment (2050 ascii characters)   50 pUpTo10 partition ......80-!.................. 100 ................................................................................................ 200....................................................................................................................................................................................................................................................................................................... 500 ............................................................................................................................................................................................................................................................................................................................................................................................................................................................................................................... 1000 ..............1024-|.......................................................................................................................................................................................................................................................................................................................................................................................................................................................................................... 1500 .............................................................................................................................................................................................................................................................................................................................................................................................................................................................................................................. 2000 ......................................2048-|++"  (SUBPARTITION `p-10sp0` ,SUBPARTITION `p-10sp1` ), PARTITION pMax VALUES LESS THAN MAXVALUE COMMENT "This is a long comment (2050 ascii characters)   50 pMax partition comment .80-!.................. 100 ................................................................................................ 200....................................................................................................................................................................................................................................................................................................... 500 ............................................................................................................................................................................................................................................................................................................................................................................................................................................................................................................... 1000 ..............1024-|.......................................................................................................................................................................................................................................................................................................................................................................................................................................................................................... 1500 .............................................................................................................................................................................................................................................................................................................................................................................................................................................................................................................. 2000 ......................................2048-|++"  (SUBPARTITION `pMaxsp0` ,SUBPARTITION `pMaxsp1` ))
[1] 23:44:16,184 DEBUG SchemaChange - SQL_PARSE <- "CREATE TABLE t1 (a INT , KEY inx_a (a) ) PARTITION BY RANGE /__MAXWELL__/ SUBPARTITION BY HASH /__MAXWELL__/ SUBPARTITIONS 2 (PARTITION pUpTo10 VALUES LESS THAN (10) COMMENT "This is a long comment (2050 ascii characters)   50 pUpTo10 partition ......80-!.................. 100 ................................................................................................ 200....................................................................................................................................................................................................................................................................................................... 500 ............................................................................................................................................................................................................................................................................................................................................................................................................................................................................................................... 1000 ..............1024-|.......................................................................................................................................................................................................................................................................................................................................................................................................................................................................................... 1500 .............................................................................................................................................................................................................................................................................................................................................................................................................................................................................................................. 2000 ......................................2048-|++"  (SUBPARTITION `p-10sp0` ,SUBPARTITION `p-10sp1` ), PARTITION pMax VALUES LESS THAN MAXVALUE COMMENT "This is a long comment (2050 ascii characters)   50 pMax partition comment .80-!.................. 100 ................................................................................................ 200....................................................................................................................................................................................................................................................................................................... 500 ............................................................................................................................................................................................................................................................................................................................................................................................................................................................................................................... 1000 ..............1024-|.......................................................................................................................................................................................................................................................................................................................................................................................................................................................................................... 1500 .............................................................................................................................................................................................................................................................................................................................................................................................................................................................................................................. 2000 ......................................2048-|++"  (SUBPARTITION `pMaxsp0` ,SUBPARTITION `pMaxsp1` ))"
[1] 23:44:16,185 DEBUG SchemaChange - rewrote SQL to CREATE TABLE t1 (a INT , KEY inx_a (a) ) PARTITION BY RANGE /__MAXWELL__/ SUBPARTITION BY HASH /__MAXWELL__/ SUBPARTITIONS 2 (/__MAXWELL__/
[1] 23:44:16,185 DEBUG SchemaChange - SQL_PARSE <- "CREATE TABLE t1 (a INT , KEY inx_a (a) ) PARTITION BY RANGE /__MAXWELL__/ SUBPARTITION BY HASH /__MAXWELL__/ SUBPARTITIONS 2 (/__MAXWELL__/"
[1] 23:44:16,185 DEBUG SchemaChange - SQL_PARSE ->   (parse (statement (create_table (create_table_preamble CREATE TABLE (table_name (name (id t1)))) (create_specifications ( (create_specification (column_definition (name (id a)) (data_type (signed_type INT)))) , (create_specification (index_definition (index_type_1 (index_or_key KEY) (index_name (name (id inx_a))) (index_column_list ( (index_columns (index_column (name (id a)))) ))))) )) (table_creation_option (partition_by PARTITION BY (partition_by_what RANGE (skip_parens /__MAXWELL__/)) (subpartition_by SUBPARTITION BY (partition_by_what HASH (skip_parens /__MAXWELL__/)) SUBPARTITIONS 2) (partition_definitions ( (skip_parens_inside_partition_definitions /__MAXWELL__/)))))) <EOF>)
[1] 23:44:16,185 DEBUG SchemaChange - SQL_PARSE <- "CREATE TABLE t1 (a int not null) partition by key(a) (partition p0 COMMENT='first partition')"
[1] 23:44:16,186 DEBUG SchemaChange - rewrote SQL to CREATE TABLE t1 (a int not null) partition by key/__MAXWELL__/ (partition p0 COMMENT='first partition')
[1] 23:44:16,186 DEBUG SchemaChange - SQL_PARSE <- "CREATE TABLE t1 (a int not null) partition by key/__MAXWELL__/ (partition p0 COMMENT='first partition')"
[1] 23:44:16,186 DEBUG SchemaChange - rewrote SQL to CREATE TABLE t1 (a int not null) partition by key/__MAXWELL__/ (/__MAXWELL__/
[1] 23:44:16,186 DEBUG SchemaChange - SQL_PARSE <- "CREATE TABLE t1 (a int not null) partition by key/__MAXWELL__/ (/__MAXWELL__/"
[1] 23:44:16,186 DEBUG SchemaChange - SQL_PARSE ->   (parse (statement (create_table (create_table_preamble CREATE TABLE (table_name (name (id t1)))) (create_specifications ( (create_specification (column_definition (name (id a)) (data_type (signed_type int (column_options (nullability not null)))))) )) (table_creation_option (partition_by partition by (partition_by_what key (skip_parens /__MAXWELL__/)) (partition_definitions ( (skip_parens_inside_partition_definitions /__MAXWELL__/)))))) <EOF>)
[1] 23:44:16,186 DEBUG SchemaChange - SQL_PARSE <- "CREATE TABLE t1 (f1 DATE NOT NULL)  ENGINE = ARCHIVE PARTITION BY RANGE (TO_DAYS(f1))  (partition p1 values less than (733751),  partition p2 values less than MAXVALUE)"
[1] 23:44:16,186 DEBUG SchemaChange - rewrote SQL to CREATE TABLE t1 (f1 DATE NOT NULL)  ENGINE = ARCHIVE PARTITION BY RANGE /__MAXWELL__/  (partition p1 values less than (733751),  partition p2 values less than MAXVALUE)
[1] 23:44:16,186 DEBUG SchemaChange - SQL_PARSE <- "CREATE TABLE t1 (f1 DATE NOT NULL)  ENGINE = ARCHIVE PARTITION BY RANGE /__MAXWELL__/  (partition p1 values less than (733751),  partition p2 values less than MAXVALUE)"
[1] 23:44:16,187 DEBUG SchemaChange - rewrote SQL to CREATE TABLE t1 (f1 DATE NOT NULL)  ENGINE = ARCHIVE PARTITION BY RANGE /__MAXWELL__/  (/__MAXWELL__/
[1] 23:44:16,187 DEBUG SchemaChange - SQL_PARSE <- "CREATE TABLE t1 (f1 DATE NOT NULL)  ENGINE = ARCHIVE PARTITION BY RANGE /__MAXWELL__/  (/__MAXWELL__/"
[1] 23:44:16,187 DEBUG SchemaChange - SQL_PARSE ->   (parse (statement (create_table (create_table_preamble CREATE TABLE (table_name (name (id t1)))) (create_specifications ( (create_specification (column_definition (name (id f1)) (data_type (generic_type DATE (column_options (nullability NOT NULL)))))) )) (table_creation_option (creation_engine ENGINE = (id ARCHIVE))) (table_creation_option (partition_by PARTITION BY (partition_by_what RANGE (skip_parens /__MAXWELL__/)) (partition_definitions ( (skip_parens_inside_partition_definitions /__MAXWELL__/)))))) <EOF>)
[1] 23:44:16,187 DEBUG SchemaChange - SQL_PARSE <- "CREATE TABLE t1(id MEDIUMINT NOT NULL AUTO_INCREMENT, f1 VARCHAR(25), PRIMARY KEY(id)) ENGINE=ARCHIVE PARTITION BY RANGE(id) SUBPARTITION BY hash(id) subpartitions 2 (PARTITION pa1 values less than (10), PARTITION pa2 values less than (20), PARTITION pa3 values less than (30), PARTITION pa4 values less than (40), PARTITION pa5 values less than (50), PARTITION pa6 values less than (60), PARTITION pa7 values less than (70), PARTITION pa8 values less than (80), PARTITION pa9 values less than (90), PARTITION pa10 values less than (100), PARTITION pa11 values less than MAXVALUE)"
[1] 23:44:16,188 DEBUG SchemaChange - rewrote SQL to CREATE TABLE t1(id MEDIUMINT NOT NULL AUTO_INCREMENT, f1 VARCHAR(25), PRIMARY KEY(id)) ENGINE=ARCHIVE PARTITION BY RANGE/__MAXWELL__/ SUBPARTITION BY hash(id) subpartitions 2 (PARTITION pa1 values less than (10), PARTITION pa2 values less than (20), PARTITION pa3 values less than (30), PARTITION pa4 values less than (40), PARTITION pa5 values less than (50), PARTITION pa6 values less than (60), PARTITION pa7 values less than (70), PARTITION pa8 values less than (80), PARTITION pa9 values less than (90), PARTITION pa10 values less than (100), PARTITION pa11 values less than MAXVALUE)
[1] 23:44:16,188 DEBUG SchemaChange - SQL_PARSE <- "CREATE TABLE t1(id MEDIUMINT NOT NULL AUTO_INCREMENT, f1 VARCHAR(25), PRIMARY KEY(id)) ENGINE=ARCHIVE PARTITION BY RANGE/__MAXWELL__/ SUBPARTITION BY hash(id) subpartitions 2 (PARTITION pa1 values less than (10), PARTITION pa2 values less than (20), PARTITION pa3 values less than (30), PARTITION pa4 values less than (40), PARTITION pa5 values less than (50), PARTITION pa6 values less than (60), PARTITION pa7 values less than (70), PARTITION pa8 values less than (80), PARTITION pa9 values less than (90), PARTITION pa10 values less than (100), PARTITION pa11 values less than MAXVALUE)"
[1] 23:44:16,188 DEBUG SchemaChange - rewrote SQL to CREATE TABLE t1(id MEDIUMINT NOT NULL AUTO_INCREMENT, f1 VARCHAR(25), PRIMARY KEY(id)) ENGINE=ARCHIVE PARTITION BY RANGE/__MAXWELL__/ SUBPARTITION BY hash/__MAXWELL__/ subpartitions 2 (PARTITION pa1 values less than (10), PARTITION pa2 values less than (20), PARTITION pa3 values less than (30), PARTITION pa4 values less than (40), PARTITION pa5 values less than (50), PARTITION pa6 values less than (60), PARTITION pa7 values less than (70), PARTITION pa8 values less than (80), PARTITION pa9 values less than (90), PARTITION pa10 values less than (100), PARTITION pa11 values less than MAXVALUE)
[1] 23:44:16,188 DEBUG SchemaChange - SQL_PARSE <- "CREATE TABLE t1(id MEDIUMINT NOT NULL AUTO_INCREMENT, f1 VARCHAR(25), PRIMARY KEY(id)) ENGINE=ARCHIVE PARTITION BY RANGE/__MAXWELL__/ SUBPARTITION BY hash/__MAXWELL__/ subpartitions 2 (PARTITION pa1 values less than (10), PARTITION pa2 values less than (20), PARTITION pa3 values less than (30), PARTITION pa4 values less than (40), PARTITION pa5 values less than (50), PARTITION pa6 values less than (60), PARTITION pa7 values less than (70), PARTITION pa8 values less than (80), PARTITION pa9 values less than (90), PARTITION pa10 values less than (100), PARTITION pa11 values less than MAXVALUE)"
[1] 23:44:16,189 DEBUG SchemaChange - rewrote SQL to CREATE TABLE t1(id MEDIUMINT NOT NULL AUTO_INCREMENT, f1 VARCHAR(25), PRIMARY KEY(id)) ENGINE=ARCHIVE PARTITION BY RANGE/__MAXWELL__/ SUBPARTITION BY hash/__MAXWELL__/ subpartitions 2 (/__MAXWELL__/
[1] 23:44:16,189 DEBUG SchemaChange - SQL_PARSE <- "CREATE TABLE t1(id MEDIUMINT NOT NULL AUTO_INCREMENT, f1 VARCHAR(25), PRIMARY KEY(id)) ENGINE=ARCHIVE PARTITION BY RANGE/__MAXWELL__/ SUBPARTITION BY hash/__MAXWELL__/ subpartitions 2 (/__MAXWELL__/"
[1] 23:44:16,189 DEBUG SchemaChange - SQL_PARSE ->   (parse (statement (create_table (create_table_preamble CREATE TABLE (table_name (name (id t1)))) (create_specifications ( (create_specification (column_definition (name (id id)) (data_type (signed_type MEDIUMINT (column_options (nullability NOT NULL)) (column_options AUTO_INCREMENT))))) , (create_specification (column_definition (name (id f1)) (data_type (string_type VARCHAR (length ( 25 )))))) , (create_specification (index_definition (index_type_pk PRIMARY KEY (index_column_list ( (index_columns (index_column (name (id id)))) ))))) )) (table_creation_option (creation_engine ENGINE = (id ARCHIVE))) (table_creation_option (partition_by PARTITION BY (partition_by_what RANGE (skip_parens /__MAXWELL__/)) (subpartition_by SUBPARTITION BY (partition_by_what hash (skip_parens /__MAXWELL__/)) subpartitions 2) (partition_definitions ( (skip_parens_inside_partition_definitions /__MAXWELL__/)))))) <EOF>)
[1] 23:44:16,189 DEBUG SchemaChange - SQL_PARSE <- "CREATE TABLE test.part_tbl(id MEDIUMINT NOT NULL AUTO_INCREMENT, dt TIMESTAMP, user CHAR(255), uuidf LONGBLOB, fkid MEDIUMINT, filler VARCHAR(255), PRIMARY KEY(id)) ENGINE='innodb' PARTITION BY RANGE(id) SUBPARTITION BY hash(id) subpartitions 2 (PARTITION pa3 values less than (42), PARTITION pa6 values less than (60), PARTITION pa7 values less than (70), PARTITION pa8 values less than (80), PARTITION pa9 values less than (90), PARTITION pa10 values less than (100), PARTITION pa11 values less than MAXVALUE)"
[1] 23:44:16,190 DEBUG SchemaChange - rewrote SQL to CREATE TABLE test.part_tbl(id MEDIUMINT NOT NULL AUTO_INCREMENT, dt TIMESTAMP, user CHAR(255), uuidf LONGBLOB, fkid MEDIUMINT, filler VARCHAR(255), PRIMARY KEY(id)) ENGINE='innodb' PARTITION BY RANGE/__MAXWELL__/ SUBPARTITION BY hash(id) subpartitions 2 (PARTITION pa3 values less than (42), PARTITION pa6 values less than (60), PARTITION pa7 values less than (70), PARTITION pa8 values less than (80), PARTITION pa9 values less than (90), PARTITION pa10 values less than (100), PARTITION pa11 values less than MAXVALUE)
[1] 23:44:16,190 DEBUG SchemaChange - SQL_PARSE <- "CREATE TABLE test.part_tbl(id MEDIUMINT NOT NULL AUTO_INCREMENT, dt TIMESTAMP, user CHAR(255), uuidf LONGBLOB, fkid MEDIUMINT, filler VARCHAR(255), PRIMARY KEY(id)) ENGINE='innodb' PARTITION BY RANGE/__MAXWELL__/ SUBPARTITION BY hash(id) subpartitions 2 (PARTITION pa3 values less than (42), PARTITION pa6 values less than (60), PARTITION pa7 values less than (70), PARTITION pa8 values less than (80), PARTITION pa9 values less than (90), PARTITION pa10 values less than (100), PARTITION pa11 values less than MAXVALUE)"
[1] 23:44:16,191 DEBUG SchemaChange - rewrote SQL to CREATE TABLE test.part_tbl(id MEDIUMINT NOT NULL AUTO_INCREMENT, dt TIMESTAMP, user CHAR(255), uuidf LONGBLOB, fkid MEDIUMINT, filler VARCHAR(255), PRIMARY KEY(id)) ENGINE='innodb' PARTITION BY RANGE/__MAXWELL__/ SUBPARTITION BY hash/__MAXWELL__/ subpartitions 2 (PARTITION pa3 values less than (42), PARTITION pa6 values less than (60), PARTITION pa7 values less than (70), PARTITION pa8 values less than (80), PARTITION pa9 values less than (90), PARTITION pa10 values less than (100), PARTITION pa11 values less than MAXVALUE)
[1] 23:44:16,191 DEBUG SchemaChange - SQL_PARSE <- "CREATE TABLE test.part_tbl(id MEDIUMINT NOT NULL AUTO_INCREMENT, dt TIMESTAMP, user CHAR(255), uuidf LONGBLOB, fkid MEDIUMINT, filler VARCHAR(255), PRIMARY KEY(id)) ENGINE='innodb' PARTITION BY RANGE/__MAXWELL__/ SUBPARTITION BY hash/__MAXWELL__/ subpartitions 2 (PARTITION pa3 values less than (42), PARTITION pa6 values less than (60), PARTITION pa7 values less than (70), PARTITION pa8 values less than (80), PARTITION pa9 values less than (90), PARTITION pa10 values less than (100), PARTITION pa11 values less than MAXVALUE)"
[1] 23:44:16,191 DEBUG SchemaChange - rewrote SQL to CREATE TABLE test.part_tbl(id MEDIUMINT NOT NULL AUTO_INCREMENT, dt TIMESTAMP, user CHAR(255), uuidf LONGBLOB, fkid MEDIUMINT, filler VARCHAR(255), PRIMARY KEY(id)) ENGINE='innodb' PARTITION BY RANGE/__MAXWELL__/ SUBPARTITION BY hash/__MAXWELL__/ subpartitions 2 (/__MAXWELL__/
[1] 23:44:16,191 DEBUG SchemaChange - SQL_PARSE <- "CREATE TABLE test.part_tbl(id MEDIUMINT NOT NULL AUTO_INCREMENT, dt TIMESTAMP, user CHAR(255), uuidf LONGBLOB, fkid MEDIUMINT, filler VARCHAR(255), PRIMARY KEY(id)) ENGINE='innodb' PARTITION BY RANGE/__MAXWELL__/ SUBPARTITION BY hash/__MAXWELL__/ subpartitions 2 (/__MAXWELL__/"
[1] 23:44:16,191 DEBUG SchemaChange - SQL_PARSE ->   (parse (statement (create_table (create_table_preamble CREATE TABLE (table_name (db_name (name (id test))) . (name_all_tokens (id part_tbl)))) (create_specifications ( (create_specification (column_definition (name (id id)) (data_type (signed_type MEDIUMINT (column_options (nullability NOT NULL)) (column_options AUTO_INCREMENT))))) , (create_specification (column_definition (name (id dt)) (data_type (generic_type TIMESTAMP)))) , (create_specification (column_definition (name (id user)) (data_type (string_type CHAR (length ( 255 )))))) , (create_specification (column_definition (name (id uuidf)) (data_type (generic_type LONGBLOB)))) , (create_specification (column_definition (name (id fkid)) (data_type (signed_type MEDIUMINT)))) , (create_specification (column_definition (name (id filler)) (data_type (string_type VARCHAR (length ( 255 )))))) , (create_specification (index_definition (index_type_pk PRIMARY KEY (index_column_list ( (index_columns (index_column (name (id id)))) ))))) )) (table_creation_option (creation_engine ENGINE = (string_literal 'innodb'))) (table_creation_option (partition_by PARTITION BY (partition_by_what RANGE (skip_parens /__MAXWELL__/)) (subpartition_by SUBPARTITION BY (partition_by_what hash (skip_parens /__MAXWELL__/)) subpartitions 2) (partition_definitions ( (skip_parens_inside_partition_definitions /__MAXWELL__/)))))) <EOF>)
[1] 23:44:16,191 DEBUG SchemaChange - SQL_PARSE <- "create table t (s1 int) engine=myisam partition by key (s1)"
[1] 23:44:16,192 DEBUG SchemaChange - rewrote SQL to create table t (s1 int) engine=myisam partition by key /__MAXWELL__/
[1] 23:44:16,192 DEBUG SchemaChange - SQL_PARSE <- "create table t (s1 int) engine=myisam partition by key /__MAXWELL__/"
[1] 23:44:16,192 DEBUG SchemaChange - SQL_PARSE ->   (parse (statement (create_table (create_table_preamble create table (table_name (name (id t)))) (create_specifications ( (create_specification (column_definition (name (id s1)) (data_type (signed_type int)))) )) (table_creation_option (creation_engine engine = (id myisam))) (table_creation_option (partition_by partition by (partition_by_what key (skip_parens /__MAXWELL__/)))))) <EOF>)
[1] 23:44:16,192 DEBUG SchemaChange - SQL_PARSE <- "create table t1 ( a int not null) partition by hash(a) partitions 2"
[1] 23:44:16,192 DEBUG SchemaChange - rewrote SQL to create table t1 ( a int not null) partition by hash/__MAXWELL__/ partitions 2
[1] 23:44:16,193 DEBUG SchemaChange - SQL_PARSE <- "create table t1 ( a int not null) partition by hash/__MAXWELL__/ partitions 2"
[1] 23:44:16,193 DEBUG SchemaChange - SQL_PARSE ->   (parse (statement (create_table (create_table_preamble create table (table_name (name (id t1)))) (create_specifications ( (create_specification (column_definition (name (id a)) (data_type (signed_type int (column_options (nullability not null)))))) )) (table_creation_option (partition_by partition by (partition_by_what hash (skip_parens /__MAXWELL__/)) (partition_count partitions 2))))) <EOF>)
[1] 23:44:16,193 DEBUG SchemaChange - SQL_PARSE <- "create table t1 ( a int not null, b int not null, c int not null, primary key (a,b)) partition by range (a) subpartition by hash (a+b) ( partition x1 values less than (1) ( subpartition x11 tablespace t1 nodegroup 0, subpartition x12 tablespace t2 nodegroup 1), partition x2 values less than (5) ( subpartition x21 tablespace t1 nodegroup 0, subpartition x22 tablespace t2 nodegroup 1) )"
[1] 23:44:16,193 DEBUG SchemaChange - rewrote SQL to create table t1 ( a int not null, b int not null, c int not null, primary key (a,b)) partition by range /__MAXWELL__/ subpartition by hash (a+b) ( partition x1 values less than (1) ( subpartition x11 tablespace t1 nodegroup 0, subpartition x12 tablespace t2 nodegroup 1), partition x2 values less than (5) ( subpartition x21 tablespace t1 nodegroup 0, subpartition x22 tablespace t2 nodegroup 1) )
[1] 23:44:16,193 DEBUG SchemaChange - SQL_PARSE <- "create table t1 ( a int not null, b int not null, c int not null, primary key (a,b)) partition by range /__MAXWELL__/ subpartition by hash (a+b) ( partition x1 values less than (1) ( subpartition x11 tablespace t1 nodegroup 0, subpartition x12 tablespace t2 nodegroup 1), partition x2 values less than (5) ( subpartition x21 tablespace t1 nodegroup 0, subpartition x22 tablespace t2 nodegroup 1) )"
[1] 23:44:16,194 DEBUG SchemaChange - rewrote SQL to create table t1 ( a int not null, b int not null, c int not null, primary key (a,b)) partition by range /__MAXWELL__/ subpartition by hash /__MAXWELL__/ ( partition x1 values less than (1) ( subpartition x11 tablespace t1 nodegroup 0, subpartition x12 tablespace t2 nodegroup 1), partition x2 values less than (5) ( subpartition x21 tablespace t1 nodegroup 0, subpartition x22 tablespace t2 nodegroup 1) )
[1] 23:44:16,194 DEBUG SchemaChange - SQL_PARSE <- "create table t1 ( a int not null, b int not null, c int not null, primary key (a,b)) partition by range /__MAXWELL__/ subpartition by hash /__MAXWELL__/ ( partition x1 values less than (1) ( subpartition x11 tablespace t1 nodegroup 0, subpartition x12 tablespace t2 nodegroup 1), partition x2 values less than (5) ( subpartition x21 tablespace t1 nodegroup 0, subpartition x22 tablespace t2 nodegroup 1) )"
[1] 23:44:16,194 DEBUG SchemaChange - rewrote SQL to create table t1 ( a int not null, b int not null, c int not null, primary key (a,b)) partition by range /__MAXWELL__/ subpartition by hash /__MAXWELL__/ ( /__MAXWELL__/
[1] 23:44:16,194 DEBUG SchemaChange - SQL_PARSE <- "create table t1 ( a int not null, b int not null, c int not null, primary key (a,b)) partition by range /__MAXWELL__/ subpartition by hash /__MAXWELL__/ ( /__MAXWELL__/"
[1] 23:44:16,194 DEBUG SchemaChange - SQL_PARSE ->   (parse (statement (create_table (create_table_preamble create table (table_name (name (id t1)))) (create_specifications ( (create_specification (column_definition (name (id a)) (data_type (signed_type int (column_options (nullability not null)))))) , (create_specification (column_definition (name (id b)) (data_type (signed_type int (column_options (nullability not null)))))) , (create_specification (column_definition (name (id c)) (data_type (signed_type int (column_options (nullability not null)))))) , (create_specification (index_definition (index_type_pk primary key (index_column_list ( (index_columns (index_column (name (id a))) , (index_column (name (id b)))) ))))) )) (table_creation_option (partition_by partition by (partition_by_what range (skip_parens /__MAXWELL__/)) (subpartition_by subpartition by (partition_by_what hash (skip_parens /__MAXWELL__/))) (partition_definitions ( (skip_parens_inside_partition_definitions /__MAXWELL__/)))))) <EOF>)
[1] 23:44:16,194 DEBUG SchemaChange - SQL_PARSE <- "create table t1 ( a int(11) not null ) partition by hash (a) partitions 2"
[1] 23:44:16,195 DEBUG SchemaChange - rewrote SQL to create table t1 ( a int(11) not null ) partition by hash /__MAXWELL__/ partitions 2
[1] 23:44:16,195 DEBUG SchemaChange - SQL_PARSE <- "create table t1 ( a int(11) not null ) partition by hash /__MAXWELL__/ partitions 2"
[1] 23:44:16,195 DEBUG SchemaChange - SQL_PARSE ->   (parse (statement (create_table (create_table_preamble create table (table_name (name (id t1)))) (create_specifications ( (create_specification (column_definition (name (id a)) (data_type (signed_type int (length ( 11 )) (column_options (nullability not null)))))) )) (table_creation_option (partition_by partition by (partition_by_what hash (skip_parens /__MAXWELL__/)) (partition_count partitions 2))))) <EOF>)
[1] 23:44:16,195 DEBUG SchemaChange - SQL_PARSE <- "create table t1 ( a int)  partition by list (MOD(a, 10)) ( partition p0  values in (0), partition p1 values in (1), partition p2 values in (2), partition p3 values in (3), partition p4 values in (4), partition p5 values in (5), partition p6 values in (6), partition pn values in (NULL) )"
[1] 23:44:16,195 DEBUG SchemaChange - rewrote SQL to create table t1 ( a int)  partition by list /__MAXWELL__/ ( partition p0  values in (0), partition p1 values in (1), partition p2 values in (2), partition p3 values in (3), partition p4 values in (4), partition p5 values in (5), partition p6 values in (6), partition pn values in (NULL) )
[1] 23:44:16,195 DEBUG SchemaChange - SQL_PARSE <- "create table t1 ( a int)  partition by list /__MAXWELL__/ ( partition p0  values in (0), partition p1 values in (1), partition p2 values in (2), partition p3 values in (3), partition p4 values in (4), partition p5 values in (5), partition p6 values in (6), partition pn values in (NULL) )"
[1] 23:44:16,196 DEBUG SchemaChange - rewrote SQL to create table t1 ( a int)  partition by list /__MAXWELL__/ ( /__MAXWELL__/
[1] 23:44:16,196 DEBUG SchemaChange - SQL_PARSE <- "create table t1 ( a int)  partition by list /__MAXWELL__/ ( /__MAXWELL__/"
[1] 23:44:16,196 DEBUG SchemaChange - SQL_PARSE ->   (parse (statement (create_table (create_table_preamble create table (table_name (name (id t1)))) (create_specifications ( (create_specification (column_definition (name (id a)) (data_type (signed_type int)))) )) (table_creation_option (partition_by partition by (partition_by_what list (skip_parens /__MAXWELL__/)) (partition_definitions ( (skip_parens_inside_partition_definitions /__MAXWELL__/)))))) <EOF>)
[1] 23:44:16,196 DEBUG SchemaChange - SQL_PARSE <- "create table t1 ( a1 int not null ) partition by range (a1) ( partition p0 values less than (3), partition p1 values less than (6), partition p2 values less than (9) )"
[1] 23:44:16,196 DEBUG SchemaChange - rewrote SQL to create table t1 ( a1 int not null ) partition by range /__MAXWELL__/ ( partition p0 values less than (3), partition p1 values less than (6), partition p2 values less than (9) )
[1] 23:44:16,196 DEBUG SchemaChange - SQL_PARSE <- "create table t1 ( a1 int not null ) partition by range /__MAXWELL__/ ( partition p0 values less than (3), partition p1 values less than (6), partition p2 values less than (9) )"
[1] 23:44:16,196 DEBUG SchemaChange - rewrote SQL to create table t1 ( a1 int not null ) partition by range /__MAXWELL__/ ( /__MAXWELL__/
[1] 23:44:16,197 DEBUG SchemaChange - SQL_PARSE <- "create table t1 ( a1 int not null ) partition by range /__MAXWELL__/ ( /__MAXWELL__/"
[1] 23:44:16,197 DEBUG SchemaChange - SQL_PARSE ->   (parse (statement (create_table (create_table_preamble create table (table_name (name (id t1)))) (create_specifications ( (create_specification (column_definition (name (id a1)) (data_type (signed_type int (column_options (nullability not null)))))) )) (table_creation_option (partition_by partition by (partition_by_what range (skip_parens /__MAXWELL__/)) (partition_definitions ( (skip_parens_inside_partition_definitions /__MAXWELL__/)))))) <EOF>)
[1] 23:44:16,197 DEBUG SchemaChange - SQL_PARSE <- "create table t1 ( c0 int, c1 bigint, c2 set('sweet'), key (c2,c1,c0),  key(c0) ) engine=myisam partition by hash (c0) partitions 5"
[1] 23:44:16,197 DEBUG SchemaChange - rewrote SQL to create table t1 ( c0 int, c1 bigint, c2 set('sweet'), key (c2,c1,c0),  key(c0) ) engine=myisam partition by hash /__MAXWELL__/ partitions 5
[1] 23:44:16,197 DEBUG SchemaChange - SQL_PARSE <- "create table t1 ( c0 int, c1 bigint, c2 set('sweet'), key (c2,c1,c0),  key(c0) ) engine=myisam partition by hash /__MAXWELL__/ partitions 5"
[1] 23:44:16,198 DEBUG SchemaChange - SQL_PARSE ->   (parse (statement (create_table (create_table_preamble create table (table_name (name (id t1)))) (create_specifications ( (create_specification (column_definition (name (id c0)) (data_type (signed_type int)))) , (create_specification (column_definition (name (id c1)) (data_type (signed_type bigint)))) , (create_specification (column_definition (name (id c2)) (data_type (enumerated_type set ( (enumerated_values (enum_value (string_literal 'sweet'))) ))))) , (create_specification (index_definition (index_type_1 (index_or_key key) (index_column_list ( (index_columns (index_column (name (id c2))) , (index_column (name (id c1))) , (index_column (name (id c0)))) ))))) , (create_specification (index_definition (index_type_1 (index_or_key key) (index_column_list ( (index_columns (index_column (name (id c0)))) ))))) )) (table_creation_option (creation_engine engine = (id myisam))) (table_creation_option (partition_by partition by (partition_by_what hash (skip_parens /__MAXWELL__/)) (partition_count partitions 5))))) <EOF>)
[1] 23:44:16,198 DEBUG SchemaChange - SQL_PARSE <- "create table t1 ( f_int1 mediumint, f_int2 integer)  partition by list(mod(f_int1,4)) ( partition p_3 values in (-3), partition p_2 values in (-2), partition p_1 values in (-1), partition p0 values in (0), partition p1 values in (1), partition p2 values in (2), partition p3 values in (3) )"
[1] 23:44:16,198 DEBUG SchemaChange - rewrote SQL to create table t1 ( f_int1 mediumint, f_int2 integer)  partition by list/__MAXWELL__/ ( partition p_3 values in (-3), partition p_2 values in (-2), partition p_1 values in (-1), partition p0 values in (0), partition p1 values in (1), partition p2 values in (2), partition p3 values in (3) )
[1] 23:44:16,198 DEBUG SchemaChange - SQL_PARSE <- "create table t1 ( f_int1 mediumint, f_int2 integer)  partition by list/__MAXWELL__/ ( partition p_3 values in (-3), partition p_2 values in (-2), partition p_1 values in (-1), partition p0 values in (0), partition p1 values in (1), partition p2 values in (2), partition p3 values in (3) )"
[1] 23:44:16,199 DEBUG SchemaChange - rewrote SQL to create table t1 ( f_int1 mediumint, f_int2 integer)  partition by list/__MAXWELL__/ ( /__MAXWELL__/
[1] 23:44:16,199 DEBUG SchemaChange - SQL_PARSE <- "create table t1 ( f_int1 mediumint, f_int2 integer)  partition by list/__MAXWELL__/ ( /__MAXWELL__/"
[1] 23:44:16,199 DEBUG SchemaChange - SQL_PARSE ->   (parse (statement (create_table (create_table_preamble create table (table_name (name (id t1)))) (create_specifications ( (create_specification (column_definition (name (id f_int1)) (data_type (signed_type mediumint)))) , (create_specification (column_definition (name (id f_int2)) (data_type (signed_type integer)))) )) (table_creation_option (partition_by partition by (partition_by_what list (skip_parens /__MAXWELL__/)) (partition_definitions ( (skip_parens_inside_partition_definitions /__MAXWELL__/)))))) <EOF>)
[1] 23:44:16,199 DEBUG SchemaChange - SQL_PARSE <- "create table t1 ( id int unsigned auto_increment, time datetime not null, first_name varchar(40), last_name varchar(50), primary key (id, time), index first_index (first_name), index last_index (last_name)	 ) engine=Innodb partition by range (to_days(time)) ( partition p1 values less than (to_days('2007-02-07')), partition p2 values less than (to_days('2007-02-08')), partition p3 values less than MAXVALUE )"
[1] 23:44:16,200 DEBUG SchemaChange - rewrote SQL to create table t1 ( id int unsigned auto_increment, time datetime not null, first_name varchar(40), last_name varchar(50), primary key (id, time), index first_index (first_name), index last_index (last_name)	 ) engine=Innodb partition by range /__MAXWELL__/ ( partition p1 values less than (to_days('2007-02-07')), partition p2 values less than (to_days('2007-02-08')), partition p3 values less than MAXVALUE )
[1] 23:44:16,200 DEBUG SchemaChange - SQL_PARSE <- "create table t1 ( id int unsigned auto_increment, time datetime not null, first_name varchar(40), last_name varchar(50), primary key (id, time), index first_index (first_name), index last_index (last_name)	 ) engine=Innodb partition by range /__MAXWELL__/ ( partition p1 values less than (to_days('2007-02-07')), partition p2 values less than (to_days('2007-02-08')), partition p3 values less than MAXVALUE )"
[1] 23:44:16,200 DEBUG SchemaChange - rewrote SQL to create table t1 ( id int unsigned auto_increment, time datetime not null, first_name varchar(40), last_name varchar(50), primary key (id, time), index first_index (first_name), index last_index (last_name)	 ) engine=Innodb partition by range /__MAXWELL__/ ( /__MAXWELL__/
[1] 23:44:16,200 DEBUG SchemaChange - SQL_PARSE <- "create table t1 ( id int unsigned auto_increment, time datetime not null, first_name varchar(40), last_name varchar(50), primary key (id, time), index first_index (first_name), index last_index (last_name)	 ) engine=Innodb partition by range /__MAXWELL__/ ( /__MAXWELL__/"
[1] 23:44:16,200 DEBUG SchemaChange - SQL_PARSE ->   (parse (statement (create_table (create_table_preamble create table (table_name (name (id t1)))) (create_specifications ( (create_specification (column_definition (name (id id)) (data_type (signed_type int (int_flags unsigned) (column_options auto_increment))))) , (create_specification (column_definition (name (tokens_available_for_names time)) (data_type (generic_type datetime (column_options (nullability not null)))))) , (create_specification (column_definition (name (id first_name)) (data_type (string_type varchar (length ( 40 )))))) , (create_specification (column_definition (name (id last_name)) (data_type (string_type varchar (length ( 50 )))))) , (create_specification (index_definition (index_type_pk primary key (index_column_list ( (index_columns (index_column (name (id id))) , (index_column (name (tokens_available_for_names time)))) ))))) , (create_specification (index_definition (index_type_1 (index_or_key index) (index_name (name (id first_index))) (index_column_list ( (index_columns (index_column (name (id first_name)))) ))))) , (create_specification (index_definition (index_type_1 (index_or_key index) (index_name (name (id last_index))) (index_column_list ( (index_columns (index_column (name (id last_name)))) ))))) )) (table_creation_option (creation_engine engine = (id Innodb))) (table_creation_option (partition_by partition by (partition_by_what range (skip_parens /__MAXWELL__/)) (partition_definitions ( (skip_parens_inside_partition_definitions /__MAXWELL__/)))))) <EOF>)
[1] 23:44:16,201 DEBUG SchemaChange - SQL_PARSE <- "create table t1 (a DATETIME) partition by range (TO_DAYS(a)) subpartition by hash(to_seconds(a)) (partition p0 values less than (1))"
[1] 23:44:16,201 DEBUG SchemaChange - rewrote SQL to create table t1 (a DATETIME) partition by range /__MAXWELL__/ subpartition by hash(to_seconds(a)) (partition p0 values less than (1))
[1] 23:44:16,201 DEBUG SchemaChange - SQL_PARSE <- "create table t1 (a DATETIME) partition by range /__MAXWELL__/ subpartition by hash(to_seconds(a)) (partition p0 values less than (1))"
[1] 23:44:16,201 DEBUG SchemaChange - rewrote SQL to create table t1 (a DATETIME) partition by range /__MAXWELL__/ subpartition by hash/__MAXWELL__/ (partition p0 values less than (1))
[1] 23:44:16,201 DEBUG SchemaChange - SQL_PARSE <- "create table t1 (a DATETIME) partition by range /__MAXWELL__/ subpartition by hash/__MAXWELL__/ (partition p0 values less than (1))"
[1] 23:44:16,201 DEBUG SchemaChange - rewrote SQL to create table t1 (a DATETIME) partition by range /__MAXWELL__/ subpartition by hash/__MAXWELL__/ (/__MAXWELL__/
[1] 23:44:16,201 DEBUG SchemaChange - SQL_PARSE <- "create table t1 (a DATETIME) partition by range /__MAXWELL__/ subpartition by hash/__MAXWELL__/ (/__MAXWELL__/"
[1] 23:44:16,202 DEBUG SchemaChange - SQL_PARSE ->   (parse (statement (create_table (create_table_preamble create table (table_name (name (id t1)))) (create_specifications ( (create_specification (column_definition (name (id a)) (data_type (generic_type DATETIME)))) )) (table_creation_option (partition_by partition by (partition_by_what range (skip_parens /__MAXWELL__/)) (subpartition_by subpartition by (partition_by_what hash (skip_parens /__MAXWELL__/))) (partition_definitions ( (skip_parens_inside_partition_definitions /__MAXWELL__/)))))) <EOF>)
[1] 23:44:16,202 DEBUG SchemaChange - SQL_PARSE <- "create table t1 (a bigint not null) partition by key (a)"
[1] 23:44:16,202 DEBUG SchemaChange - rewrote SQL to create table t1 (a bigint not null) partition by key /__MAXWELL__/
[1] 23:44:16,202 DEBUG SchemaChange - SQL_PARSE <- "create table t1 (a bigint not null) partition by key /__MAXWELL__/"
[1] 23:44:16,202 DEBUG SchemaChange - SQL_PARSE ->   (parse (statement (create_table (create_table_preamble create table (table_name (name (id t1)))) (create_specifications ( (create_specification (column_definition (name (id a)) (data_type (signed_type bigint (column_options (nullability not null)))))) )) (table_creation_option (partition_by partition by (partition_by_what key (skip_parens /__MAXWELL__/)))))) <EOF>)
[1] 23:44:16,202 DEBUG SchemaChange - SQL_PARSE <- "create table t1 (a bigint unsigned not null) partition by range(a) ( partition p0 values less than (10), partition p1 values less than (100), partition p2 values less than (1000), partition p3 values less than (18446744073709551000), partition p4 values less than (18446744073709551614) )"
[1] 23:44:16,203 DEBUG SchemaChange - rewrote SQL to create table t1 (a bigint unsigned not null) partition by range/__MAXWELL__/ ( partition p0 values less than (10), partition p1 values less than (100), partition p2 values less than (1000), partition p3 values less than (18446744073709551000), partition p4 values less than (18446744073709551614) )
[1] 23:44:16,203 DEBUG SchemaChange - SQL_PARSE <- "create table t1 (a bigint unsigned not null) partition by range/__MAXWELL__/ ( partition p0 values less than (10), partition p1 values less than (100), partition p2 values less than (1000), partition p3 values less than (18446744073709551000), partition p4 values less than (18446744073709551614) )"
[1] 23:44:16,203 DEBUG SchemaChange - rewrote SQL to create table t1 (a bigint unsigned not null) partition by range/__MAXWELL__/ ( /__MAXWELL__/
[1] 23:44:16,203 DEBUG SchemaChange - SQL_PARSE <- "create table t1 (a bigint unsigned not null) partition by range/__MAXWELL__/ ( /__MAXWELL__/"
[1] 23:44:16,203 DEBUG SchemaChange - SQL_PARSE ->   (parse (statement (create_table (create_table_preamble create table (table_name (name (id t1)))) (create_specifications ( (create_specification (column_definition (name (id a)) (data_type (signed_type bigint (int_flags unsigned) (column_options (nullability not null)))))) )) (table_creation_option (partition_by partition by (partition_by_what range (skip_parens /__MAXWELL__/)) (partition_definitions ( (skip_parens_inside_partition_definitions /__MAXWELL__/)))))) <EOF>)
[1] 23:44:16,203 DEBUG SchemaChange - SQL_PARSE <- "create table t1 (a bigint unsigned not null, primary key(a)) engine = myisam partition by key (a) partitions 10"
[1] 23:44:16,203 DEBUG SchemaChange - rewrote SQL to create table t1 (a bigint unsigned not null, primary key(a)) engine = myisam partition by key /__MAXWELL__/ partitions 10
[1] 23:44:16,204 DEBUG SchemaChange - SQL_PARSE <- "create table t1 (a bigint unsigned not null, primary key(a)) engine = myisam partition by key /__MAXWELL__/ partitions 10"
[1] 23:44:16,204 DEBUG SchemaChange - SQL_PARSE ->   (parse (statement (create_table (create_table_preamble create table (table_name (name (id t1)))) (create_specifications ( (create_specification (column_definition (name (id a)) (data_type (signed_type bigint (int_flags unsigned) (column_options (nullability not null)))))) , (create_specification (index_definition (index_type_pk primary key (index_column_list ( (index_columns (index_column (name (id a)))) ))))) )) (table_creation_option (creation_engine engine = (id myisam))) (table_creation_option (partition_by partition by (partition_by_what key (skip_parens /__MAXWELL__/)) (partition_count partitions 10))))) <EOF>)
[1] 23:44:16,204 DEBUG SchemaChange - SQL_PARSE <- "create table t1 (a bigint unsigned) partition by hash (a)"
[1] 23:44:16,204 DEBUG SchemaChange - rewrote SQL to create table t1 (a bigint unsigned) partition by hash /__MAXWELL__/
[1] 23:44:16,204 DEBUG SchemaChange - SQL_PARSE <- "create table t1 (a bigint unsigned) partition by hash /__MAXWELL__/"
[1] 23:44:16,204 DEBUG SchemaChange - SQL_PARSE ->   (parse (statement (create_table (create_table_preamble create table (table_name (name (id t1)))) (create_specifications ( (create_specification (column_definition (name (id a)) (data_type (signed_type bigint (int_flags unsigned))))) )) (table_creation_option (partition_by partition by (partition_by_what hash (skip_parens /__MAXWELL__/)))))) <EOF>)
[1] 23:44:16,204 DEBUG SchemaChange - SQL_PARSE <- "create table t1 (a bigint unsigned) partition by range (a) (partition p0 values less than (0), partition p1 values less than (10))"
[1] 23:44:16,205 DEBUG SchemaChange - rewrote SQL to create table t1 (a bigint unsigned) partition by range /__MAXWELL__/ (partition p0 values less than (0), partition p1 values less than (10))
[1] 23:44:16,205 DEBUG SchemaChange - SQL_PARSE <- "create table t1 (a bigint unsigned) partition by range /__MAXWELL__/ (partition p0 values less than (0), partition p1 values less than (10))"
[1] 23:44:16,205 DEBUG SchemaChange - rewrote SQL to create table t1 (a bigint unsigned) partition by range /__MAXWELL__/ (/__MAXWELL__/
[1] 23:44:16,205 DEBUG SchemaChange - SQL_PARSE <- "create table t1 (a bigint unsigned) partition by range /__MAXWELL__/ (/__MAXWELL__/"
[1] 23:44:16,205 DEBUG SchemaChange - SQL_PARSE ->   (parse (statement (create_table (create_table_preamble create table (table_name (name (id t1)))) (create_specifications ( (create_specification (column_definition (name (id a)) (data_type (signed_type bigint (int_flags unsigned))))) )) (table_creation_option (partition_by partition by (partition_by_what range (skip_parens /__MAXWELL__/)) (partition_definitions ( (skip_parens_inside_partition_definitions /__MAXWELL__/)))))) <EOF>)
[1] 23:44:16,205 DEBUG SchemaChange - SQL_PARSE <- "create table t1 (a bigint unsigned) partition by range (a) (partition p0 values less than (10))"
[1] 23:44:16,205 DEBUG SchemaChange - rewrote SQL to create table t1 (a bigint unsigned) partition by range /__MAXWELL__/ (partition p0 values less than (10))
[1] 23:44:16,205 DEBUG SchemaChange - SQL_PARSE <- "create table t1 (a bigint unsigned) partition by range /__MAXWELL__/ (partition p0 values less than (10))"
[1] 23:44:16,206 DEBUG SchemaChange - rewrote SQL to create table t1 (a bigint unsigned) partition by range /__MAXWELL__/ (/__MAXWELL__/
[1] 23:44:16,206 DEBUG SchemaChange - SQL_PARSE <- "create table t1 (a bigint unsigned) partition by range /__MAXWELL__/ (/__MAXWELL__/"
[1] 23:44:16,206 DEBUG SchemaChange - SQL_PARSE ->   (parse (statement (create_table (create_table_preamble create table (table_name (name (id t1)))) (create_specifications ( (create_specification (column_definition (name (id a)) (data_type (signed_type bigint (int_flags unsigned))))) )) (table_creation_option (partition_by partition by (partition_by_what range (skip_parens /__MAXWELL__/)) (partition_definitions ( (skip_parens_inside_partition_definitions /__MAXWELL__/)))))) <EOF>)
[1] 23:44:16,206 DEBUG SchemaChange - SQL_PARSE <- "create table t1 (a bigint unsigned) partition by range (a) (partition p0 values less than (100), partition p1 values less than MAXVALUE)"
[1] 23:44:16,206 DEBUG SchemaChange - rewrote SQL to create table t1 (a bigint unsigned) partition by range /__MAXWELL__/ (partition p0 values less than (100), partition p1 values less than MAXVALUE)
[1] 23:44:16,206 DEBUG SchemaChange - SQL_PARSE <- "create table t1 (a bigint unsigned) partition by range /__MAXWELL__/ (partition p0 values less than (100), partition p1 values less than MAXVALUE)"
[1] 23:44:16,206 DEBUG SchemaChange - rewrote SQL to create table t1 (a bigint unsigned) partition by range /__MAXWELL__/ (/__MAXWELL__/
[1] 23:44:16,206 DEBUG SchemaChange - SQL_PARSE <- "create table t1 (a bigint unsigned) partition by range /__MAXWELL__/ (/__MAXWELL__/"
[1] 23:44:16,207 DEBUG SchemaChange - SQL_PARSE ->   (parse (statement (create_table (create_table_preamble create table (table_name (name (id t1)))) (create_specifications ( (create_specification (column_definition (name (id a)) (data_type (signed_type bigint (int_flags unsigned))))) )) (table_creation_option (partition_by partition by (partition_by_what range (skip_parens /__MAXWELL__/)) (partition_definitions ( (skip_parens_inside_partition_definitions /__MAXWELL__/)))))) <EOF>)
[1] 23:44:16,207 DEBUG SchemaChange - SQL_PARSE <- "create table t1 (a bigint unsigned) partition by range (a) (partition p0 values less than (2), partition p1 values less than (10))"
[1] 23:44:16,207 DEBUG SchemaChange - rewrote SQL to create table t1 (a bigint unsigned) partition by range /__MAXWELL__/ (partition p0 values less than (2), partition p1 values less than (10))
[1] 23:44:16,207 DEBUG SchemaChange - SQL_PARSE <- "create table t1 (a bigint unsigned) partition by range /__MAXWELL__/ (partition p0 values less than (2), partition p1 values less than (10))"
[1] 23:44:16,207 DEBUG SchemaChange - rewrote SQL to create table t1 (a bigint unsigned) partition by range /__MAXWELL__/ (/__MAXWELL__/
[1] 23:44:16,207 DEBUG SchemaChange - SQL_PARSE <- "create table t1 (a bigint unsigned) partition by range /__MAXWELL__/ (/__MAXWELL__/"
[1] 23:44:16,207 DEBUG SchemaChange - SQL_PARSE ->   (parse (statement (create_table (create_table_preamble create table (table_name (name (id t1)))) (create_specifications ( (create_specification (column_definition (name (id a)) (data_type (signed_type bigint (int_flags unsigned))))) )) (table_creation_option (partition_by partition by (partition_by_what range (skip_parens /__MAXWELL__/)) (partition_definitions ( (skip_parens_inside_partition_definitions /__MAXWELL__/)))))) <EOF>)
[1] 23:44:16,207 DEBUG SchemaChange - SQL_PARSE <- "create table t1 (a bigint) partition by key (a)"
[1] 23:44:16,208 DEBUG SchemaChange - rewrote SQL to create table t1 (a bigint) partition by key /__MAXWELL__/
[1] 23:44:16,208 DEBUG SchemaChange - SQL_PARSE <- "create table t1 (a bigint) partition by key /__MAXWELL__/"
[1] 23:44:16,208 DEBUG SchemaChange - SQL_PARSE ->   (parse (statement (create_table (create_table_preamble create table (table_name (name (id t1)))) (create_specifications ( (create_specification (column_definition (name (id a)) (data_type (signed_type bigint)))) )) (table_creation_option (partition_by partition by (partition_by_what key (skip_parens /__MAXWELL__/)))))) <EOF>)
[1] 23:44:16,208 DEBUG SchemaChange - SQL_PARSE <- "create table t1 (a bigint) partition by range(a+0) ( partition p1 values less than (-1000), partition p2 values less than (-10), partition p3 values less than (10), partition p4 values less than (1000) )"
[1] 23:44:16,208 DEBUG SchemaChange - rewrote SQL to create table t1 (a bigint) partition by range/__MAXWELL__/ ( partition p1 values less than (-1000), partition p2 values less than (-10), partition p3 values less than (10), partition p4 values less than (1000) )
[1] 23:44:16,208 DEBUG SchemaChange - SQL_PARSE <- "create table t1 (a bigint) partition by range/__MAXWELL__/ ( partition p1 values less than (-1000), partition p2 values less than (-10), partition p3 values less than (10), partition p4 values less than (1000) )"
[1] 23:44:16,208 DEBUG SchemaChange - rewrote SQL to create table t1 (a bigint) partition by range/__MAXWELL__/ ( /__MAXWELL__/
[1] 23:44:16,208 DEBUG SchemaChange - SQL_PARSE <- "create table t1 (a bigint) partition by range/__MAXWELL__/ ( /__MAXWELL__/"
[1] 23:44:16,209 DEBUG SchemaChange - SQL_PARSE ->   (parse (statement (create_table (create_table_preamble create table (table_name (name (id t1)))) (create_specifications ( (create_specification (column_definition (name (id a)) (data_type (signed_type bigint)))) )) (table_creation_option (partition_by partition by (partition_by_what range (skip_parens /__MAXWELL__/)) (partition_definitions ( (skip_parens_inside_partition_definitions /__MAXWELL__/)))))) <EOF>)
[1] 23:44:16,209 DEBUG SchemaChange - SQL_PARSE <- "create table t1 (a binary(255) not null, primary key(a)) engine='MyISAM'  partition by key (a) ( partition pa1 max_rows=20 min_rows=2, partition pa2 max_rows=30 min_rows=3, partition pa3 max_rows=30 min_rows=4, partition pa4 max_rows=40 min_rows=2)"
[1] 23:44:16,209 DEBUG SchemaChange - rewrote SQL to create table t1 (a binary(255) not null, primary key(a)) engine='MyISAM'  partition by key /__MAXWELL__/ ( partition pa1 max_rows=20 min_rows=2, partition pa2 max_rows=30 min_rows=3, partition pa3 max_rows=30 min_rows=4, partition pa4 max_rows=40 min_rows=2)
[1] 23:44:16,209 DEBUG SchemaChange - SQL_PARSE <- "create table t1 (a binary(255) not null, primary key(a)) engine='MyISAM'  partition by key /__MAXWELL__/ ( partition pa1 max_rows=20 min_rows=2, partition pa2 max_rows=30 min_rows=3, partition pa3 max_rows=30 min_rows=4, partition pa4 max_rows=40 min_rows=2)"
[1] 23:44:16,209 DEBUG SchemaChange - rewrote SQL to create table t1 (a binary(255) not null, primary key(a)) engine='MyISAM'  partition by key /__MAXWELL__/ ( /__MAXWELL__/
[1] 23:44:16,209 DEBUG SchemaChange - SQL_PARSE <- "create table t1 (a binary(255) not null, primary key(a)) engine='MyISAM'  partition by key /__MAXWELL__/ ( /__MAXWELL__/"
[1] 23:44:16,210 DEBUG SchemaChange - SQL_PARSE ->   (parse (statement (create_table (create_table_preamble create table (table_name (name (id t1)))) (create_specifications ( (create_specification (column_definition (name (id a)) (data_type (generic_type binary (length ( 255 )) (column_options (nullability not null)))))) , (create_specification (index_definition (index_type_pk primary key (index_column_list ( (index_columns (index_column (name (id a)))) ))))) )) (table_creation_option (creation_engine engine = (string_literal 'MyISAM'))) (table_creation_option (partition_by partition by (partition_by_what key (skip_parens /__MAXWELL__/)) (partition_definitions ( (skip_parens_inside_partition_definitions /__MAXWELL__/)))))) <EOF>)
[1] 23:44:16,210 DEBUG SchemaChange - SQL_PARSE <- "create table t1 (a bit not null) partition by key (a)"
[1] 23:44:16,210 DEBUG SchemaChange - rewrote SQL to create table t1 (a bit not null) partition by key /__MAXWELL__/
[1] 23:44:16,210 DEBUG SchemaChange - SQL_PARSE <- "create table t1 (a bit not null) partition by key /__MAXWELL__/"
[1] 23:44:16,210 DEBUG SchemaChange - SQL_PARSE ->   (parse (statement (create_table (create_table_preamble create table (table_name (name (id t1)))) (create_specifications ( (create_specification (column_definition (name (id a)) (data_type (generic_type bit (column_options (nullability not null)))))) )) (table_creation_option (partition_by partition by (partition_by_what key (skip_parens /__MAXWELL__/)))))) <EOF>)
[1] 23:44:16,210 DEBUG SchemaChange - SQL_PARSE <- "create table t1 (a bit(0), primary key (a)) engine='MyISAM'  partition by key (a) ( partition pa1, partition pa2)"
[1] 23:44:16,210 DEBUG SchemaChange - rewrote SQL to create table t1 (a bit(0), primary key (a)) engine='MyISAM'  partition by key /__MAXWELL__/ ( partition pa1, partition pa2)
[1] 23:44:16,210 DEBUG SchemaChange - SQL_PARSE <- "create table t1 (a bit(0), primary key (a)) engine='MyISAM'  partition by key /__MAXWELL__/ ( partition pa1, partition pa2)"
[1] 23:44:16,211 DEBUG SchemaChange - rewrote SQL to create table t1 (a bit(0), primary key (a)) engine='MyISAM'  partition by key /__MAXWELL__/ ( /__MAXWELL__/
[1] 23:44:16,211 DEBUG SchemaChange - SQL_PARSE <- "create table t1 (a bit(0), primary key (a)) engine='MyISAM'  partition by key /__MAXWELL__/ ( /__MAXWELL__/"
[1] 23:44:16,211 DEBUG SchemaChange - SQL_PARSE ->   (parse (statement (create_table (create_table_preamble create table (table_name (name (id t1)))) (create_specifications ( (create_specification (column_definition (name (id a)) (data_type (generic_type bit (length ( 0 )))))) , (create_specification (index_definition (index_type_pk primary key (index_column_list ( (index_columns (index_column (name (id a)))) ))))) )) (table_creation_option (creation_engine engine = (string_literal 'MyISAM'))) (table_creation_option (partition_by partition by (partition_by_what key (skip_parens /__MAXWELL__/)) (partition_definitions ( (skip_parens_inside_partition_definitions /__MAXWELL__/)))))) <EOF>)
[1] 23:44:16,211 DEBUG SchemaChange - SQL_PARSE <- "create table t1 (a bit(0), primary key (a)) engine='MyISAM' partition by key (a)"
[1] 23:44:16,211 DEBUG SchemaChange - rewrote SQL to create table t1 (a bit(0), primary key (a)) engine='MyISAM' partition by key /__MAXWELL__/
[1] 23:44:16,211 DEBUG SchemaChange - SQL_PARSE <- "create table t1 (a bit(0), primary key (a)) engine='MyISAM' partition by key /__MAXWELL__/"
[1] 23:44:16,212 DEBUG SchemaChange - SQL_PARSE ->   (parse (statement (create_table (create_table_preamble create table (table_name (name (id t1)))) (create_specifications ( (create_specification (column_definition (name (id a)) (data_type (generic_type bit (length ( 0 )))))) , (create_specification (index_definition (index_type_pk primary key (index_column_list ( (index_columns (index_column (name (id a)))) ))))) )) (table_creation_option (creation_engine engine = (string_literal 'MyISAM'))) (table_creation_option (partition_by partition by (partition_by_what key (skip_parens /__MAXWELL__/)))))) <EOF>)
[1] 23:44:16,212 DEBUG SchemaChange - SQL_PARSE <- "create table t1 (a bit(27), primary key (a)) engine=myisam partition by hash (a) (partition p0, partition p1, partition p2)"
[1] 23:44:16,212 DEBUG SchemaChange - rewrote SQL to create table t1 (a bit(27), primary key (a)) engine=myisam partition by hash /__MAXWELL__/ (partition p0, partition p1, partition p2)
[1] 23:44:16,212 DEBUG SchemaChange - SQL_PARSE <- "create table t1 (a bit(27), primary key (a)) engine=myisam partition by hash /__MAXWELL__/ (partition p0, partition p1, partition p2)"
[1] 23:44:16,212 DEBUG SchemaChange - rewrote SQL to create table t1 (a bit(27), primary key (a)) engine=myisam partition by hash /__MAXWELL__/ (/__MAXWELL__/
[1] 23:44:16,212 DEBUG SchemaChange - SQL_PARSE <- "create table t1 (a bit(27), primary key (a)) engine=myisam partition by hash /__MAXWELL__/ (/__MAXWELL__/"
[1] 23:44:16,212 DEBUG SchemaChange - SQL_PARSE ->   (parse (statement (create_table (create_table_preamble create table (table_name (name (id t1)))) (create_specifications ( (create_specification (column_definition (name (id a)) (data_type (generic_type bit (length ( 27 )))))) , (create_specification (index_definition (index_type_pk primary key (index_column_list ( (index_columns (index_column (name (id a)))) ))))) )) (table_creation_option (creation_engine engine = (id myisam))) (table_creation_option (partition_by partition by (partition_by_what hash (skip_parens /__MAXWELL__/)) (partition_definitions ( (skip_parens_inside_partition_definitions /__MAXWELL__/)))))) <EOF>)
[1] 23:44:16,212 DEBUG SchemaChange - SQL_PARSE <- "create table t1 (a bit(64), primary key (a)) engine='MyISAM'  partition by key (a) ( partition pa1 max_rows=20 min_rows=2, partition pa2 max_rows=30 min_rows=3, partition pa3 max_rows=30 min_rows=4, partition pa4 max_rows=40 min_rows=2)"
[1] 23:44:16,213 DEBUG SchemaChange - rewrote SQL to create table t1 (a bit(64), primary key (a)) engine='MyISAM'  partition by key /__MAXWELL__/ ( partition pa1 max_rows=20 min_rows=2, partition pa2 max_rows=30 min_rows=3, partition pa3 max_rows=30 min_rows=4, partition pa4 max_rows=40 min_rows=2)
[1] 23:44:16,213 DEBUG SchemaChange - SQL_PARSE <- "create table t1 (a bit(64), primary key (a)) engine='MyISAM'  partition by key /__MAXWELL__/ ( partition pa1 max_rows=20 min_rows=2, partition pa2 max_rows=30 min_rows=3, partition pa3 max_rows=30 min_rows=4, partition pa4 max_rows=40 min_rows=2)"
[1] 23:44:16,213 DEBUG SchemaChange - rewrote SQL to create table t1 (a bit(64), primary key (a)) engine='MyISAM'  partition by key /__MAXWELL__/ ( /__MAXWELL__/
[1] 23:44:16,213 DEBUG SchemaChange - SQL_PARSE <- "create table t1 (a bit(64), primary key (a)) engine='MyISAM'  partition by key /__MAXWELL__/ ( /__MAXWELL__/"
[1] 23:44:16,213 DEBUG SchemaChange - SQL_PARSE ->   (parse (statement (create_table (create_table_preamble create table (table_name (name (id t1)))) (create_specifications ( (create_specification (column_definition (name (id a)) (data_type (generic_type bit (length ( 64 )))))) , (create_specification (index_definition (index_type_pk primary key (index_column_list ( (index_columns (index_column (name (id a)))) ))))) )) (table_creation_option (creation_engine engine = (string_literal 'MyISAM'))) (table_creation_option (partition_by partition by (partition_by_what key (skip_parens /__MAXWELL__/)) (partition_definitions ( (skip_parens_inside_partition_definitions /__MAXWELL__/)))))) <EOF>)
[1] 23:44:16,213 DEBUG SchemaChange - SQL_PARSE <- "create table t1 (a bit(64), primary key (a)) engine='MyISAM'  partition by key (a) partitions 2"
[1] 23:44:16,214 DEBUG SchemaChange - rewrote SQL to create table t1 (a bit(64), primary key (a)) engine='MyISAM'  partition by key /__MAXWELL__/ partitions 2
[1] 23:44:16,214 DEBUG SchemaChange - SQL_PARSE <- "create table t1 (a bit(64), primary key (a)) engine='MyISAM'  partition by key /__MAXWELL__/ partitions 2"
[1] 23:44:16,214 DEBUG SchemaChange - SQL_PARSE ->   (parse (statement (create_table (create_table_preamble create table (table_name (name (id t1)))) (create_specifications ( (create_specification (column_definition (name (id a)) (data_type (generic_type bit (length ( 64 )))))) , (create_specification (index_definition (index_type_pk primary key (index_column_list ( (index_columns (index_column (name (id a)))) ))))) )) (table_creation_option (creation_engine engine = (string_literal 'MyISAM'))) (table_creation_option (partition_by partition by (partition_by_what key (skip_parens /__MAXWELL__/)) (partition_count partitions 2))))) <EOF>)
[1] 23:44:16,214 DEBUG SchemaChange - SQL_PARSE <- "create table t1 (a bit) partition by key (a)"
[1] 23:44:16,214 DEBUG SchemaChange - rewrote SQL to create table t1 (a bit) partition by key /__MAXWELL__/
[1] 23:44:16,214 DEBUG SchemaChange - SQL_PARSE <- "create table t1 (a bit) partition by key /__MAXWELL__/"
[1] 23:44:16,214 DEBUG SchemaChange - SQL_PARSE ->   (parse (statement (create_table (create_table_preamble create table (table_name (name (id t1)))) (create_specifications ( (create_specification (column_definition (name (id a)) (data_type (generic_type bit)))) )) (table_creation_option (partition_by partition by (partition_by_what key (skip_parens /__MAXWELL__/)))))) <EOF>)
[1] 23:44:16,214 DEBUG SchemaChange - SQL_PARSE <- "create table t1 (a char(10) character set latin1 not null) partition by key (a)"
[1] 23:44:16,215 DEBUG SchemaChange - rewrote SQL to create table t1 (a char(10) character set latin1 not null) partition by key /__MAXWELL__/
[1] 23:44:16,215 DEBUG SchemaChange - SQL_PARSE <- "create table t1 (a char(10) character set latin1 not null) partition by key /__MAXWELL__/"
[1] 23:44:16,215 DEBUG SchemaChange - SQL_PARSE ->   (parse (statement (create_table (create_table_preamble create table (table_name (name (id t1)))) (create_specifications ( (create_specification (column_definition (name (id a)) (data_type (string_type char (length ( 10 )) (column_options (charset_def (character_set character set (charset_name latin1)))) (column_options (nullability not null)))))) )) (table_creation_option (partition_by partition by (partition_by_what key (skip_parens /__MAXWELL__/)))))) <EOF>)
[1] 23:44:16,215 DEBUG SchemaChange - SQL_PARSE <- "create table t1 (a char(10) character set latin1) partition by key (a)"
[1] 23:44:16,216 DEBUG SchemaChange - rewrote SQL to create table t1 (a char(10) character set latin1) partition by key /__MAXWELL__/
[1] 23:44:16,216 DEBUG SchemaChange - SQL_PARSE <- "create table t1 (a char(10) character set latin1) partition by key /__MAXWELL__/"
[1] 23:44:16,216 DEBUG SchemaChange - SQL_PARSE ->   (parse (statement (create_table (create_table_preamble create table (table_name (name (id t1)))) (create_specifications ( (create_specification (column_definition (name (id a)) (data_type (string_type char (length ( 10 )) (column_options (charset_def (character_set character set (charset_name latin1)))))))) )) (table_creation_option (partition_by partition by (partition_by_what key (skip_parens /__MAXWELL__/)))))) <EOF>)
[1] 23:44:16,216 DEBUG SchemaChange - SQL_PARSE <- "create table t1 (a char(10) character set utf8 not null) partition by key (a)"
[1] 23:44:16,216 DEBUG SchemaChange - rewrote SQL to create table t1 (a char(10) character set utf8 not null) partition by key /__MAXWELL__/
[1] 23:44:16,216 DEBUG SchemaChange - SQL_PARSE <- "create table t1 (a char(10) character set utf8 not null) partition by key /__MAXWELL__/"
[1] 23:44:16,217 DEBUG SchemaChange - SQL_PARSE ->   (parse (statement (create_table (create_table_preamble create table (table_name (name (id t1)))) (create_specifications ( (create_specification (column_definition (name (id a)) (data_type (string_type char (length ( 10 )) (column_options (charset_def (character_set character set (charset_name utf8)))) (column_options (nullability not null)))))) )) (table_creation_option (partition_by partition by (partition_by_what key (skip_parens /__MAXWELL__/)))))) <EOF>)
[1] 23:44:16,217 DEBUG SchemaChange - SQL_PARSE <- "create table t1 (a char(10) character set utf8) partition by key (a)"
[1] 23:44:16,217 DEBUG SchemaChange - rewrote SQL to create table t1 (a char(10) character set utf8) partition by key /__MAXWELL__/
[1] 23:44:16,217 DEBUG SchemaChange - SQL_PARSE <- "create table t1 (a char(10) character set utf8) partition by key /__MAXWELL__/"
[1] 23:44:16,217 DEBUG SchemaChange - SQL_PARSE ->   (parse (statement (create_table (create_table_preamble create table (table_name (name (id t1)))) (create_specifications ( (create_specification (column_definition (name (id a)) (data_type (string_type char (length ( 10 )) (column_options (charset_def (character_set character set (charset_name utf8)))))))) )) (table_creation_option (partition_by partition by (partition_by_what key (skip_parens /__MAXWELL__/)))))) <EOF>)
[1] 23:44:16,217 DEBUG SchemaChange - SQL_PARSE <- "create table t1 (a char(255) not null, primary key(a)) engine='MyISAM'  partition by key (a) ( partition pa1 max_rows=20 min_rows=2, partition pa2 max_rows=30 min_rows=3, partition pa3 max_rows=30 min_rows=4, partition pa4 max_rows=40 min_rows=2)"
[1] 23:44:16,218 DEBUG SchemaChange - rewrote SQL to create table t1 (a char(255) not null, primary key(a)) engine='MyISAM'  partition by key /__MAXWELL__/ ( partition pa1 max_rows=20 min_rows=2, partition pa2 max_rows=30 min_rows=3, partition pa3 max_rows=30 min_rows=4, partition pa4 max_rows=40 min_rows=2)
[1] 23:44:16,218 DEBUG SchemaChange - SQL_PARSE <- "create table t1 (a char(255) not null, primary key(a)) engine='MyISAM'  partition by key /__MAXWELL__/ ( partition pa1 max_rows=20 min_rows=2, partition pa2 max_rows=30 min_rows=3, partition pa3 max_rows=30 min_rows=4, partition pa4 max_rows=40 min_rows=2)"
[1] 23:44:16,218 DEBUG SchemaChange - rewrote SQL to create table t1 (a char(255) not null, primary key(a)) engine='MyISAM'  partition by key /__MAXWELL__/ ( /__MAXWELL__/
[1] 23:44:16,218 DEBUG SchemaChange - SQL_PARSE <- "create table t1 (a char(255) not null, primary key(a)) engine='MyISAM'  partition by key /__MAXWELL__/ ( /__MAXWELL__/"
[1] 23:44:16,218 DEBUG SchemaChange - SQL_PARSE ->   (parse (statement (create_table (create_table_preamble create table (table_name (name (id t1)))) (create_specifications ( (create_specification (column_definition (name (id a)) (data_type (string_type char (length ( 255 )) (column_options (nullability not null)))))) , (create_specification (index_definition (index_type_pk primary key (index_column_list ( (index_columns (index_column (name (id a)))) ))))) )) (table_creation_option (creation_engine engine = (string_literal 'MyISAM'))) (table_creation_option (partition_by partition by (partition_by_what key (skip_parens /__MAXWELL__/)) (partition_definitions ( (skip_parens_inside_partition_definitions /__MAXWELL__/)))))) <EOF>)
[1] 23:44:16,218 DEBUG SchemaChange - SQL_PARSE <- "create table t1 (a char(32) primary key) partition by key() partitions 100"
[1] 23:44:16,219 DEBUG SchemaChange - rewrote SQL to create table t1 (a char(32) primary key) partition by key/__MAXWELL__/ partitions 100
[1] 23:44:16,219 DEBUG SchemaChange - SQL_PARSE <- "create table t1 (a char(32) primary key) partition by key/__MAXWELL__/ partitions 100"
[1] 23:44:16,219 DEBUG SchemaChange - SQL_PARSE ->   (parse (statement (create_table (create_table_preamble create table (table_name (name (id t1)))) (create_specifications ( (create_specification (column_definition (name (id a)) (data_type (string_type char (length ( 32 )) (column_options (primary_key primary key)))))) )) (table_creation_option (partition_by partition by (partition_by_what key (skip_parens /__MAXWELL__/)) (partition_count partitions 100))))) <EOF>)
[1] 23:44:16,219 DEBUG SchemaChange - SQL_PARSE <- "create table t1 (a char(6)) partition by range columns(a) (partition p0 values less than ('H23456'), partition p1 values less than ('M23456'))"
[1] 23:44:16,219 DEBUG SchemaChange - rewrote SQL to create table t1 (a char(6)) partition by range columns/__MAXWELL__/ (partition p0 values less than ('H23456'), partition p1 values less than ('M23456'))
[1] 23:44:16,219 DEBUG SchemaChange - SQL_PARSE <- "create table t1 (a char(6)) partition by range columns/__MAXWELL__/ (partition p0 values less than ('H23456'), partition p1 values less than ('M23456'))"
[1] 23:44:16,220 DEBUG SchemaChange - rewrote SQL to create table t1 (a char(6)) partition by range columns/__MAXWELL__/ (/__MAXWELL__/
[1] 23:44:16,220 DEBUG SchemaChange - SQL_PARSE <- "create table t1 (a char(6)) partition by range columns/__MAXWELL__/ (/__MAXWELL__/"
[1] 23:44:16,220 DEBUG SchemaChange - SQL_PARSE ->   (parse (statement (create_table (create_table_preamble create table (table_name (name (id t1)))) (create_specifications ( (create_specification (column_definition (name (id a)) (data_type (string_type char (length ( 6 )))))) )) (table_creation_option (partition_by partition by (partition_by_what range columns (skip_parens /__MAXWELL__/)) (partition_definitions ( (skip_parens_inside_partition_definitions /__MAXWELL__/)))))) <EOF>)
[1] 23:44:16,220 DEBUG SchemaChange - SQL_PARSE <- "create table t1 (a char, b char, c char) partition by list columns(a) ( partition p0 values in ('a'))"
[1] 23:44:16,220 DEBUG SchemaChange - rewrote SQL to create table t1 (a char, b char, c char) partition by list columns/__MAXWELL__/ ( partition p0 values in ('a'))
[1] 23:44:16,220 DEBUG SchemaChange - SQL_PARSE <- "create table t1 (a char, b char, c char) partition by list columns/__MAXWELL__/ ( partition p0 values in ('a'))"
[1] 23:44:16,221 DEBUG SchemaChange - rewrote SQL to create table t1 (a char, b char, c char) partition by list columns/__MAXWELL__/ ( /__MAXWELL__/
[1] 23:44:16,221 DEBUG SchemaChange - SQL_PARSE <- "create table t1 (a char, b char, c char) partition by list columns/__MAXWELL__/ ( /__MAXWELL__/"
[1] 23:44:16,221 DEBUG SchemaChange - SQL_PARSE ->   (parse (statement (create_table (create_table_preamble create table (table_name (name (id t1)))) (create_specifications ( (create_specification (column_definition (name (id a)) (data_type (string_type char)))) , (create_specification (column_definition (name (id b)) (data_type (string_type char)))) , (create_specification (column_definition (name (id c)) (data_type (string_type char)))) )) (table_creation_option (partition_by partition by (partition_by_what list columns (skip_parens /__MAXWELL__/)) (partition_definitions ( (skip_parens_inside_partition_definitions /__MAXWELL__/)))))) <EOF>)
[1] 23:44:16,221 DEBUG SchemaChange - SQL_PARSE <- "create table t1 (a char, b char, c char) partition by range columns(a,b,c) ( partition p0 values less than ('a','b','c'))"
[1] 23:44:16,221 DEBUG SchemaChange - rewrote SQL to create table t1 (a char, b char, c char) partition by range columns/__MAXWELL__/ ( partition p0 values less than ('a','b','c'))
[1] 23:44:16,221 DEBUG SchemaChange - SQL_PARSE <- "create table t1 (a char, b char, c char) partition by range columns/__MAXWELL__/ ( partition p0 values less than ('a','b','c'))"
[1] 23:44:16,222 DEBUG SchemaChange - rewrote SQL to create table t1 (a char, b char, c char) partition by range columns/__MAXWELL__/ ( /__MAXWELL__/
[1] 23:44:16,222 DEBUG SchemaChange - SQL_PARSE <- "create table t1 (a char, b char, c char) partition by range columns/__MAXWELL__/ ( /__MAXWELL__/"
[1] 23:44:16,222 DEBUG SchemaChange - SQL_PARSE ->   (parse (statement (create_table (create_table_preamble create table (table_name (name (id t1)))) (create_specifications ( (create_specification (column_definition (name (id a)) (data_type (string_type char)))) , (create_specification (column_definition (name (id b)) (data_type (string_type char)))) , (create_specification (column_definition (name (id c)) (data_type (string_type char)))) )) (table_creation_option (partition_by partition by (partition_by_what range columns (skip_parens /__MAXWELL__/)) (partition_definitions ( (skip_parens_inside_partition_definitions /__MAXWELL__/)))))) <EOF>)
[1] 23:44:16,222 DEBUG SchemaChange - SQL_PARSE <- "create table t1 (a date not null) partition by key (a)"
[1] 23:44:16,222 DEBUG SchemaChange - rewrote SQL to create table t1 (a date not null) partition by key /__MAXWELL__/
[1] 23:44:16,222 DEBUG SchemaChange - SQL_PARSE <- "create table t1 (a date not null) partition by key /__MAXWELL__/"
[1] 23:44:16,223 DEBUG SchemaChange - SQL_PARSE ->   (parse (statement (create_table (create_table_preamble create table (table_name (name (id t1)))) (create_specifications ( (create_specification (column_definition (name (id a)) (data_type (generic_type date (column_options (nullability not null)))))) )) (table_creation_option (partition_by partition by (partition_by_what key (skip_parens /__MAXWELL__/)))))) <EOF>)
[1] 23:44:16,223 DEBUG SchemaChange - SQL_PARSE <- "create table t1 (a date not null, b varchar(50) not null, c varchar(50) not null, d enum('m', 'w') not null, e int not null, f decimal (18,2) not null, g bigint not null, h tinyint not null, a1 date not null, b1 varchar(50) not null, c1 varchar(50) not null, d1 enum('m', 'w') not null, e1 int not null, f1 decimal (18,2) not null, g1 bigint not null, h1 tinyint not null, a2 date not null, b2 varchar(50) not null, c2 varchar(50) not null, d2 enum('m', 'w') not null, e2 int not null, f2 decimal (18,2) not null, g2 bigint not null, h2 tinyint not null, a3 date not null, b3 varchar(50) not null, c3 varchar(50) not null, d3 enum('m', 'w') not null, e3 int not null, f3 decimal (18,2) not null, g3 bigint not null, h3 tinyint not null, i char(255), primary key(a,b,c,d,e,f,g,h,a1,b1,c1,d1,e1,f1,g1,h1)) engine='InnoDB'  partition by key(a,b,c,d,e,f,g,h) ( partition pa1 max_rows=20 min_rows=2, partition pa2 max_rows=30 min_rows=3, partition pa3 max_rows=30 min_rows=4, partition pa4 max_rows=40 min_rows=2)"
[1] 23:44:16,224 DEBUG SchemaChange - rewrote SQL to create table t1 (a date not null, b varchar(50) not null, c varchar(50) not null, d enum('m', 'w') not null, e int not null, f decimal (18,2) not null, g bigint not null, h tinyint not null, a1 date not null, b1 varchar(50) not null, c1 varchar(50) not null, d1 enum('m', 'w') not null, e1 int not null, f1 decimal (18,2) not null, g1 bigint not null, h1 tinyint not null, a2 date not null, b2 varchar(50) not null, c2 varchar(50) not null, d2 enum('m', 'w') not null, e2 int not null, f2 decimal (18,2) not null, g2 bigint not null, h2 tinyint not null, a3 date not null, b3 varchar(50) not null, c3 varchar(50) not null, d3 enum('m', 'w') not null, e3 int not null, f3 decimal (18,2) not null, g3 bigint not null, h3 tinyint not null, i char(255), primary key(a,b,c,d,e,f,g,h,a1,b1,c1,d1,e1,f1,g1,h1)) engine='InnoDB'  partition by key/__MAXWELL__/ ( partition pa1 max_rows=20 min_rows=2, partition pa2 max_rows=30 min_rows=3, partition pa3 max_rows=30 min_rows=4, partition pa4 max_rows=40 min_rows=2)
[1] 23:44:16,224 DEBUG SchemaChange - SQL_PARSE <- "create table t1 (a date not null, b varchar(50) not null, c varchar(50) not null, d enum('m', 'w') not null, e int not null, f decimal (18,2) not null, g bigint not null, h tinyint not null, a1 date not null, b1 varchar(50) not null, c1 varchar(50) not null, d1 enum('m', 'w') not null, e1 int not null, f1 decimal (18,2) not null, g1 bigint not null, h1 tinyint not null, a2 date not null, b2 varchar(50) not null, c2 varchar(50) not null, d2 enum('m', 'w') not null, e2 int not null, f2 decimal (18,2) not null, g2 bigint not null, h2 tinyint not null, a3 date not null, b3 varchar(50) not null, c3 varchar(50) not null, d3 enum('m', 'w') not null, e3 int not null, f3 decimal (18,2) not null, g3 bigint not null, h3 tinyint not null, i char(255), primary key(a,b,c,d,e,f,g,h,a1,b1,c1,d1,e1,f1,g1,h1)) engine='InnoDB'  partition by key/__MAXWELL__/ ( partition pa1 max_rows=20 min_rows=2, partition pa2 max_rows=30 min_rows=3, partition pa3 max_rows=30 min_rows=4, partition pa4 max_rows=40 min_rows=2)"
[1] 23:44:16,226 DEBUG SchemaChange - rewrote SQL to create table t1 (a date not null, b varchar(50) not null, c varchar(50) not null, d enum('m', 'w') not null, e int not null, f decimal (18,2) not null, g bigint not null, h tinyint not null, a1 date not null, b1 varchar(50) not null, c1 varchar(50) not null, d1 enum('m', 'w') not null, e1 int not null, f1 decimal (18,2) not null, g1 bigint not null, h1 tinyint not null, a2 date not null, b2 varchar(50) not null, c2 varchar(50) not null, d2 enum('m', 'w') not null, e2 int not null, f2 decimal (18,2) not null, g2 bigint not null, h2 tinyint not null, a3 date not null, b3 varchar(50) not null, c3 varchar(50) not null, d3 enum('m', 'w') not null, e3 int not null, f3 decimal (18,2) not null, g3 bigint not null, h3 tinyint not null, i char(255), primary key(a,b,c,d,e,f,g,h,a1,b1,c1,d1,e1,f1,g1,h1)) engine='InnoDB'  partition by key/__MAXWELL__/ ( /__MAXWELL__/
[1] 23:44:16,226 DEBUG SchemaChange - SQL_PARSE <- "create table t1 (a date not null, b varchar(50) not null, c varchar(50) not null, d enum('m', 'w') not null, e int not null, f decimal (18,2) not null, g bigint not null, h tinyint not null, a1 date not null, b1 varchar(50) not null, c1 varchar(50) not null, d1 enum('m', 'w') not null, e1 int not null, f1 decimal (18,2) not null, g1 bigint not null, h1 tinyint not null, a2 date not null, b2 varchar(50) not null, c2 varchar(50) not null, d2 enum('m', 'w') not null, e2 int not null, f2 decimal (18,2) not null, g2 bigint not null, h2 tinyint not null, a3 date not null, b3 varchar(50) not null, c3 varchar(50) not null, d3 enum('m', 'w') not null, e3 int not null, f3 decimal (18,2) not null, g3 bigint not null, h3 tinyint not null, i char(255), primary key(a,b,c,d,e,f,g,h,a1,b1,c1,d1,e1,f1,g1,h1)) engine='InnoDB'  partition by key/__MAXWELL__/ ( /__MAXWELL__/"
[1] 23:44:16,227 DEBUG SchemaChange - SQL_PARSE ->   (parse (statement (create_table (create_table_preamble create table (table_name (name (id t1)))) (create_specifications ( (create_specification (column_definition (name (id a)) (data_type (generic_type date (column_options (nullability not null)))))) , (create_specification (column_definition (name (id b)) (data_type (string_type varchar (length ( 50 )) (column_options (nullability not null)))))) , (create_specification (column_definition (name (id c)) (data_type (string_type varchar (length ( 50 )) (column_options (nullability not null)))))) , (create_specification (column_definition (name (id d)) (data_type (enumerated_type enum ( (enumerated_values (enum_value (string_literal 'm')) , (enum_value (string_literal 'w'))) ) (column_options (nullability not null)))))) , (create_specification (column_definition (name (id e)) (data_type (signed_type int (column_options (nullability not null)))))) , (create_specification (column_definition (name (id f)) (data_type (signed_type decimal (decimal_length ( 18 , 2 )) (column_options (nullability not null)))))) , (create_specification (column_definition (name (id g)) (data_type (signed_type bigint (column_options (nullability not null)))))) , (create_specification (column_definition (name (id h)) (data_type (signed_type tinyint (column_options (nullability not null)))))) , (create_specification (column_definition (name (id a1)) (data_type (generic_type date (column_options (nullability not null)))))) , (create_specification (column_definition (name (id b1)) (data_type (string_type varchar (length ( 50 )) (column_options (nullability not null)))))) , (create_specification (column_definition (name (id c1)) (data_type (string_type varchar (length ( 50 )) (column_options (nullability not null)))))) , (create_specification (column_definition (name (id d1)) (data_type (enumerated_type enum ( (enumerated_values (enum_value (string_literal 'm')) , (enum_value (string_literal 'w'))) ) (column_options (nullability not null)))))) , (create_specification (column_definition (name (id e1)) (data_type (signed_type int (column_options (nullability not null)))))) , (create_specification (column_definition (name (id f1)) (data_type (signed_type decimal (decimal_length ( 18 , 2 )) (column_options (nullability not null)))))) , (create_specification (column_definition (name (id g1)) (data_type (signed_type bigint (column_options (nullability not null)))))) , (create_specification (column_definition (name (id h1)) (data_type (signed_type tinyint (column_options (nullability not null)))))) , (create_specification (column_definition (name (id a2)) (data_type (generic_type date (column_options (nullability not null)))))) , (create_specification (column_definition (name (id b2)) (data_type (string_type varchar (length ( 50 )) (column_options (nullability not null)))))) , (create_specification (column_definition (name (id c2)) (data_type (string_type varchar (length ( 50 )) (column_options (nullability not null)))))) , (create_specification (column_definition (name (id d2)) (data_type (enumerated_type enum ( (enumerated_values (enum_value (string_literal 'm')) , (enum_value (string_literal 'w'))) ) (column_options (nullability not null)))))) , (create_specification (column_definition (name (id e2)) (data_type (signed_type int (column_options (nullability not null)))))) , (create_specification (column_definition (name (id f2)) (data_type (signed_type decimal (decimal_length ( 18 , 2 )) (column_options (nullability not null)))))) , (create_specification (column_definition (name (id g2)) (data_type (signed_type bigint (column_options (nullability not null)))))) , (create_specification (column_definition (name (id h2)) (data_type (signed_type tinyint (column_options (nullability not null)))))) , (create_specification (column_definition (name (id a3)) (data_type (generic_type date (column_options (nullability not null)))))) , (create_specification (column_definition (name (id b3)) (data_type (string_type varchar (length ( 50 )) (column_options (nullability not null)))))) , (create_specification (column_definition (name (id c3)) (data_type (string_type varchar (length ( 50 )) (column_options (nullability not null)))))) , (create_specification (column_definition (name (id d3)) (data_type (enumerated_type enum ( (enumerated_values (enum_value (string_literal 'm')) , (enum_value (string_literal 'w'))) ) (column_options (nullability not null)))))) , (create_specification (column_definition (name (id e3)) (data_type (signed_type int (column_options (nullability not null)))))) , (create_specification (column_definition (name (id f3)) (data_type (signed_type decimal (decimal_length ( 18 , 2 )) (column_options (nullability not null)))))) , (create_specification (column_definition (name (id g3)) (data_type (signed_type bigint (column_options (nullability not null)))))) , (create_specification (column_definition (name (id h3)) (data_type (signed_type tinyint (column_options (nullability not null)))))) , (create_specification (column_definition (name (id i)) (data_type (string_type char (length ( 255 )))))) , (create_specification (index_definition (index_type_pk primary key (index_column_list ( (index_columns (index_column (name (id a))) , (index_column (name (id b))) , (index_column (name (id c))) , (index_column (name (id d))) , (index_column (name (id e))) , (index_column (name (id f))) , (index_column (name (id g))) , (index_column (name (id h))) , (index_column (name (id a1))) , (index_column (name (id b1))) , (index_column (name (id c1))) , (index_column (name (id d1))) , (index_column (name (id e1))) , (index_column (name (id f1))) , (index_column (name (id g1))) , (index_column (name (id h1)))) ))))) )) (table_creation_option (creation_engine engine = (string_literal 'InnoDB'))) (table_creation_option (partition_by partition by (partition_by_what key (skip_parens /__MAXWELL__/)) (partition_definitions ( (skip_parens_inside_partition_definitions /__MAXWELL__/)))))) <EOF>)
[1] 23:44:16,228 DEBUG SchemaChange - SQL_PARSE <- "create table t1 (a date not null, b varchar(50) not null, c varchar(50) not null, d enum('m', 'w') not null, e int not null, f decimal (18,2) not null, g bigint not null, h tinyint not null, a1 date not null, b1 varchar(50) not null, c1 varchar(50) not null, d1 enum('m', 'w') not null, e1 int not null, f1 decimal (18,2) not null, g1 bigint not null, h1 tinyint not null, a2 date not null, b2 varchar(50) not null, c2 varchar(50) not null, d2 enum('m', 'w') not null, e2 int not null, f2 decimal (18,2) not null, g2 bigint not null, h2 tinyint not null, a3 date not null, b3 varchar(50) not null, c3 varchar(50) not null, d3 enum('m', 'w') not null, e3 int not null, f3 decimal (18,2) not null, g3 bigint not null, h3 tinyint not null, i char(255), primary key(a,b,c,d,e,f,g,h,a1,b1,c1,d1,e1,f1,g1,h1)) engine='MyISAM'  partition by key(a,b,c,d,e,f,g,h) ( partition pa1 max_rows=20 min_rows=2, partition pa2 max_rows=30 min_rows=3, partition pa3 max_rows=30 min_rows=4, partition pa4 max_rows=40 min_rows=2)"
[1] 23:44:16,229 DEBUG SchemaChange - rewrote SQL to create table t1 (a date not null, b varchar(50) not null, c varchar(50) not null, d enum('m', 'w') not null, e int not null, f decimal (18,2) not null, g bigint not null, h tinyint not null, a1 date not null, b1 varchar(50) not null, c1 varchar(50) not null, d1 enum('m', 'w') not null, e1 int not null, f1 decimal (18,2) not null, g1 bigint not null, h1 tinyint not null, a2 date not null, b2 varchar(50) not null, c2 varchar(50) not null, d2 enum('m', 'w') not null, e2 int not null, f2 decimal (18,2) not null, g2 bigint not null, h2 tinyint not null, a3 date not null, b3 varchar(50) not null, c3 varchar(50) not null, d3 enum('m', 'w') not null, e3 int not null, f3 decimal (18,2) not null, g3 bigint not null, h3 tinyint not null, i char(255), primary key(a,b,c,d,e,f,g,h,a1,b1,c1,d1,e1,f1,g1,h1)) engine='MyISAM'  partition by key/__MAXWELL__/ ( partition pa1 max_rows=20 min_rows=2, partition pa2 max_rows=30 min_rows=3, partition pa3 max_rows=30 min_rows=4, partition pa4 max_rows=40 min_rows=2)
[1] 23:44:16,229 DEBUG SchemaChange - SQL_PARSE <- "create table t1 (a date not null, b varchar(50) not null, c varchar(50) not null, d enum('m', 'w') not null, e int not null, f decimal (18,2) not null, g bigint not null, h tinyint not null, a1 date not null, b1 varchar(50) not null, c1 varchar(50) not null, d1 enum('m', 'w') not null, e1 int not null, f1 decimal (18,2) not null, g1 bigint not null, h1 tinyint not null, a2 date not null, b2 varchar(50) not null, c2 varchar(50) not null, d2 enum('m', 'w') not null, e2 int not null, f2 decimal (18,2) not null, g2 bigint not null, h2 tinyint not null, a3 date not null, b3 varchar(50) not null, c3 varchar(50) not null, d3 enum('m', 'w') not null, e3 int not null, f3 decimal (18,2) not null, g3 bigint not null, h3 tinyint not null, i char(255), primary key(a,b,c,d,e,f,g,h,a1,b1,c1,d1,e1,f1,g1,h1)) engine='MyISAM'  partition by key/__MAXWELL__/ ( partition pa1 max_rows=20 min_rows=2, partition pa2 max_rows=30 min_rows=3, partition pa3 max_rows=30 min_rows=4, partition pa4 max_rows=40 min_rows=2)"
[1] 23:44:16,230 DEBUG SchemaChange - rewrote SQL to create table t1 (a date not null, b varchar(50) not null, c varchar(50) not null, d enum('m', 'w') not null, e int not null, f decimal (18,2) not null, g bigint not null, h tinyint not null, a1 date not null, b1 varchar(50) not null, c1 varchar(50) not null, d1 enum('m', 'w') not null, e1 int not null, f1 decimal (18,2) not null, g1 bigint not null, h1 tinyint not null, a2 date not null, b2 varchar(50) not null, c2 varchar(50) not null, d2 enum('m', 'w') not null, e2 int not null, f2 decimal (18,2) not null, g2 bigint not null, h2 tinyint not null, a3 date not null, b3 varchar(50) not null, c3 varchar(50) not null, d3 enum('m', 'w') not null, e3 int not null, f3 decimal (18,2) not null, g3 bigint not null, h3 tinyint not null, i char(255), primary key(a,b,c,d,e,f,g,h,a1,b1,c1,d1,e1,f1,g1,h1)) engine='MyISAM'  partition by key/__MAXWELL__/ ( /__MAXWELL__/
[1] 23:44:16,230 DEBUG SchemaChange - SQL_PARSE <- "create table t1 (a date not null, b varchar(50) not null, c varchar(50) not null, d enum('m', 'w') not null, e int not null, f decimal (18,2) not null, g bigint not null, h tinyint not null, a1 date not null, b1 varchar(50) not null, c1 varchar(50) not null, d1 enum('m', 'w') not null, e1 int not null, f1 decimal (18,2) not null, g1 bigint not null, h1 tinyint not null, a2 date not null, b2 varchar(50) not null, c2 varchar(50) not null, d2 enum('m', 'w') not null, e2 int not null, f2 decimal (18,2) not null, g2 bigint not null, h2 tinyint not null, a3 date not null, b3 varchar(50) not null, c3 varchar(50) not null, d3 enum('m', 'w') not null, e3 int not null, f3 decimal (18,2) not null, g3 bigint not null, h3 tinyint not null, i char(255), primary key(a,b,c,d,e,f,g,h,a1,b1,c1,d1,e1,f1,g1,h1)) engine='MyISAM'  partition by key/__MAXWELL__/ ( /__MAXWELL__/"
[1] 23:44:16,232 DEBUG SchemaChange - SQL_PARSE ->   (parse (statement (create_table (create_table_preamble create table (table_name (name (id t1)))) (create_specifications ( (create_specification (column_definition (name (id a)) (data_type (generic_type date (column_options (nullability not null)))))) , (create_specification (column_definition (name (id b)) (data_type (string_type varchar (length ( 50 )) (column_options (nullability not null)))))) , (create_specification (column_definition (name (id c)) (data_type (string_type varchar (length ( 50 )) (column_options (nullability not null)))))) , (create_specification (column_definition (name (id d)) (data_type (enumerated_type enum ( (enumerated_values (enum_value (string_literal 'm')) , (enum_value (string_literal 'w'))) ) (column_options (nullability not null)))))) , (create_specification (column_definition (name (id e)) (data_type (signed_type int (column_options (nullability not null)))))) , (create_specification (column_definition (name (id f)) (data_type (signed_type decimal (decimal_length ( 18 , 2 )) (column_options (nullability not null)))))) , (create_specification (column_definition (name (id g)) (data_type (signed_type bigint (column_options (nullability not null)))))) , (create_specification (column_definition (name (id h)) (data_type (signed_type tinyint (column_options (nullability not null)))))) , (create_specification (column_definition (name (id a1)) (data_type (generic_type date (column_options (nullability not null)))))) , (create_specification (column_definition (name (id b1)) (data_type (string_type varchar (length ( 50 )) (column_options (nullability not null)))))) , (create_specification (column_definition (name (id c1)) (data_type (string_type varchar (length ( 50 )) (column_options (nullability not null)))))) , (create_specification (column_definition (name (id d1)) (data_type (enumerated_type enum ( (enumerated_values (enum_value (string_literal 'm')) , (enum_value (string_literal 'w'))) ) (column_options (nullability not null)))))) , (create_specification (column_definition (name (id e1)) (data_type (signed_type int (column_options (nullability not null)))))) , (create_specification (column_definition (name (id f1)) (data_type (signed_type decimal (decimal_length ( 18 , 2 )) (column_options (nullability not null)))))) , (create_specification (column_definition (name (id g1)) (data_type (signed_type bigint (column_options (nullability not null)))))) , (create_specification (column_definition (name (id h1)) (data_type (signed_type tinyint (column_options (nullability not null)))))) , (create_specification (column_definition (name (id a2)) (data_type (generic_type date (column_options (nullability not null)))))) , (create_specification (column_definition (name (id b2)) (data_type (string_type varchar (length ( 50 )) (column_options (nullability not null)))))) , (create_specification (column_definition (name (id c2)) (data_type (string_type varchar (length ( 50 )) (column_options (nullability not null)))))) , (create_specification (column_definition (name (id d2)) (data_type (enumerated_type enum ( (enumerated_values (enum_value (string_literal 'm')) , (enum_value (string_literal 'w'))) ) (column_options (nullability not null)))))) , (create_specification (column_definition (name (id e2)) (data_type (signed_type int (column_options (nullability not null)))))) , (create_specification (column_definition (name (id f2)) (data_type (signed_type decimal (decimal_length ( 18 , 2 )) (column_options (nullability not null)))))) , (create_specification (column_definition (name (id g2)) (data_type (signed_type bigint (column_options (nullability not null)))))) , (create_specification (column_definition (name (id h2)) (data_type (signed_type tinyint (column_options (nullability not null)))))) , (create_specification (column_definition (name (id a3)) (data_type (generic_type date (column_options (nullability not null)))))) , (create_specification (column_definition (name (id b3)) (data_type (string_type varchar (length ( 50 )) (column_options (nullability not null)))))) , (create_specification (column_definition (name (id c3)) (data_type (string_type varchar (length ( 50 )) (column_options (nullability not null)))))) , (create_specification (column_definition (name (id d3)) (data_type (enumerated_type enum ( (enumerated_values (enum_value (string_literal 'm')) , (enum_value (string_literal 'w'))) ) (column_options (nullability not null)))))) , (create_specification (column_definition (name (id e3)) (data_type (signed_type int (column_options (nullability not null)))))) , (create_specification (column_definition (name (id f3)) (data_type (signed_type decimal (decimal_length ( 18 , 2 )) (column_options (nullability not null)))))) , (create_specification (column_definition (name (id g3)) (data_type (signed_type bigint (column_options (nullability not null)))))) , (create_specification (column_definition (name (id h3)) (data_type (signed_type tinyint (column_options (nullability not null)))))) , (create_specification (column_definition (name (id i)) (data_type (string_type char (length ( 255 )))))) , (create_specification (index_definition (index_type_pk primary key (index_column_list ( (index_columns (index_column (name (id a))) , (index_column (name (id b))) , (index_column (name (id c))) , (index_column (name (id d))) , (index_column (name (id e))) , (index_column (name (id f))) , (index_column (name (id g))) , (index_column (name (id h))) , (index_column (name (id a1))) , (index_column (name (id b1))) , (index_column (name (id c1))) , (index_column (name (id d1))) , (index_column (name (id e1))) , (index_column (name (id f1))) , (index_column (name (id g1))) , (index_column (name (id h1)))) ))))) )) (table_creation_option (creation_engine engine = (string_literal 'MyISAM'))) (table_creation_option (partition_by partition by (partition_by_what key (skip_parens /__MAXWELL__/)) (partition_definitions ( (skip_parens_inside_partition_definitions /__MAXWELL__/)))))) <EOF>)
[1] 23:44:16,232 DEBUG SchemaChange - SQL_PARSE <- "create table t1 (a date not null, b varchar(50) not null, c varchar(50) not null, d enum('m', 'w') not null, e int not null, f decimal (18,2) not null, g bigint not null, h tinyint not null, a1 date not null, b1 varchar(50) not null, c1 varchar(50) not null, d1 enum('m', 'w') not null, e1 int not null, f1 decimal (18,2) not null, g1 bigint not null, h1 tinyint not null, i char(255), primary key(a,b,c,d,e,f,g,h,a1,b1,c1,d1,e1,f1,g1,h1)) engine='InnoDB'  partition by key(a,b,c,d,e,f,g,h,a1,b1,c1,d1,e1,f1,g1,h1) ( partition pa1 max_rows=20 min_rows=2, partition pa2 max_rows=30 min_rows=3, partition pa3 max_rows=30 min_rows=4, partition pa4 max_rows=40 min_rows=2)"
[1] 23:44:16,233 DEBUG SchemaChange - rewrote SQL to create table t1 (a date not null, b varchar(50) not null, c varchar(50) not null, d enum('m', 'w') not null, e int not null, f decimal (18,2) not null, g bigint not null, h tinyint not null, a1 date not null, b1 varchar(50) not null, c1 varchar(50) not null, d1 enum('m', 'w') not null, e1 int not null, f1 decimal (18,2) not null, g1 bigint not null, h1 tinyint not null, i char(255), primary key(a,b,c,d,e,f,g,h,a1,b1,c1,d1,e1,f1,g1,h1)) engine='InnoDB'  partition by key/__MAXWELL__/ ( partition pa1 max_rows=20 min_rows=2, partition pa2 max_rows=30 min_rows=3, partition pa3 max_rows=30 min_rows=4, partition pa4 max_rows=40 min_rows=2)
[1] 23:44:16,233 DEBUG SchemaChange - SQL_PARSE <- "create table t1 (a date not null, b varchar(50) not null, c varchar(50) not null, d enum('m', 'w') not null, e int not null, f decimal (18,2) not null, g bigint not null, h tinyint not null, a1 date not null, b1 varchar(50) not null, c1 varchar(50) not null, d1 enum('m', 'w') not null, e1 int not null, f1 decimal (18,2) not null, g1 bigint not null, h1 tinyint not null, i char(255), primary key(a,b,c,d,e,f,g,h,a1,b1,c1,d1,e1,f1,g1,h1)) engine='InnoDB'  partition by key/__MAXWELL__/ ( partition pa1 max_rows=20 min_rows=2, partition pa2 max_rows=30 min_rows=3, partition pa3 max_rows=30 min_rows=4, partition pa4 max_rows=40 min_rows=2)"
[1] 23:44:16,234 DEBUG SchemaChange - rewrote SQL to create table t1 (a date not null, b varchar(50) not null, c varchar(50) not null, d enum('m', 'w') not null, e int not null, f decimal (18,2) not null, g bigint not null, h tinyint not null, a1 date not null, b1 varchar(50) not null, c1 varchar(50) not null, d1 enum('m', 'w') not null, e1 int not null, f1 decimal (18,2) not null, g1 bigint not null, h1 tinyint not null, i char(255), primary key(a,b,c,d,e,f,g,h,a1,b1,c1,d1,e1,f1,g1,h1)) engine='InnoDB'  partition by key/__MAXWELL__/ ( /__MAXWELL__/
[1] 23:44:16,234 DEBUG SchemaChange - SQL_PARSE <- "create table t1 (a date not null, b varchar(50) not null, c varchar(50) not null, d enum('m', 'w') not null, e int not null, f decimal (18,2) not null, g bigint not null, h tinyint not null, a1 date not null, b1 varchar(50) not null, c1 varchar(50) not null, d1 enum('m', 'w') not null, e1 int not null, f1 decimal (18,2) not null, g1 bigint not null, h1 tinyint not null, i char(255), primary key(a,b,c,d,e,f,g,h,a1,b1,c1,d1,e1,f1,g1,h1)) engine='InnoDB'  partition by key/__MAXWELL__/ ( /__MAXWELL__/"
[1] 23:44:16,235 DEBUG SchemaChange - SQL_PARSE ->   (parse (statement (create_table (create_table_preamble create table (table_name (name (id t1)))) (create_specifications ( (create_specification (column_definition (name (id a)) (data_type (generic_type date (column_options (nullability not null)))))) , (create_specification (column_definition (name (id b)) (data_type (string_type varchar (length ( 50 )) (column_options (nullability not null)))))) , (create_specification (column_definition (name (id c)) (data_type (string_type varchar (length ( 50 )) (column_options (nullability not null)))))) , (create_specification (column_definition (name (id d)) (data_type (enumerated_type enum ( (enumerated_values (enum_value (string_literal 'm')) , (enum_value (string_literal 'w'))) ) (column_options (nullability not null)))))) , (create_specification (column_definition (name (id e)) (data_type (signed_type int (column_options (nullability not null)))))) , (create_specification (column_definition (name (id f)) (data_type (signed_type decimal (decimal_length ( 18 , 2 )) (column_options (nullability not null)))))) , (create_specification (column_definition (name (id g)) (data_type (signed_type bigint (column_options (nullability not null)))))) , (create_specification (column_definition (name (id h)) (data_type (signed_type tinyint (column_options (nullability not null)))))) , (create_specification (column_definition (name (id a1)) (data_type (generic_type date (column_options (nullability not null)))))) , (create_specification (column_definition (name (id b1)) (data_type (string_type varchar (length ( 50 )) (column_options (nullability not null)))))) , (create_specification (column_definition (name (id c1)) (data_type (string_type varchar (length ( 50 )) (column_options (nullability not null)))))) , (create_specification (column_definition (name (id d1)) (data_type (enumerated_type enum ( (enumerated_values (enum_value (string_literal 'm')) , (enum_value (string_literal 'w'))) ) (column_options (nullability not null)))))) , (create_specification (column_definition (name (id e1)) (data_type (signed_type int (column_options (nullability not null)))))) , (create_specification (column_definition (name (id f1)) (data_type (signed_type decimal (decimal_length ( 18 , 2 )) (column_options (nullability not null)))))) , (create_specification (column_definition (name (id g1)) (data_type (signed_type bigint (column_options (nullability not null)))))) , (create_specification (column_definition (name (id h1)) (data_type (signed_type tinyint (column_options (nullability not null)))))) , (create_specification (column_definition (name (id i)) (data_type (string_type char (length ( 255 )))))) , (create_specification (index_definition (index_type_pk primary key (index_column_list ( (index_columns (index_column (name (id a))) , (index_column (name (id b))) , (index_column (name (id c))) , (index_column (name (id d))) , (index_column (name (id e))) , (index_column (name (id f))) , (index_column (name (id g))) , (index_column (name (id h))) , (index_column (name (id a1))) , (index_column (name (id b1))) , (index_column (name (id c1))) , (index_column (name (id d1))) , (index_column (name (id e1))) , (index_column (name (id f1))) , (index_column (name (id g1))) , (index_column (name (id h1)))) ))))) )) (table_creation_option (creation_engine engine = (string_literal 'InnoDB'))) (table_creation_option (partition_by partition by (partition_by_what key (skip_parens /__MAXWELL__/)) (partition_definitions ( (skip_parens_inside_partition_definitions /__MAXWELL__/)))))) <EOF>)
[1] 23:44:16,236 DEBUG SchemaChange - SQL_PARSE <- "create table t1 (a date not null, b varchar(50) not null, c varchar(50) not null, d enum('m', 'w') not null, e int not null, f decimal (18,2) not null, g bigint not null, h tinyint not null, a1 date not null, b1 varchar(50) not null, c1 varchar(50) not null, d1 enum('m', 'w') not null, e1 int not null, f1 decimal (18,2) not null, g1 bigint not null, h1 tinyint not null, i char(255), primary key(a,b,c,d,e,f,g,h,a1,b1,c1,d1,e1,f1,g1,h1)) engine='MyISAM'  partition by key(a,b,c,d,e,f,g,h,a1,b1,c1,d1,e1,f1,g1,h1) ( partition pa1 max_rows=20 min_rows=2, partition pa2 max_rows=30 min_rows=3, partition pa3 max_rows=30 min_rows=4, partition pa4 max_rows=40 min_rows=2)"
[1] 23:44:16,237 DEBUG SchemaChange - rewrote SQL to create table t1 (a date not null, b varchar(50) not null, c varchar(50) not null, d enum('m', 'w') not null, e int not null, f decimal (18,2) not null, g bigint not null, h tinyint not null, a1 date not null, b1 varchar(50) not null, c1 varchar(50) not null, d1 enum('m', 'w') not null, e1 int not null, f1 decimal (18,2) not null, g1 bigint not null, h1 tinyint not null, i char(255), primary key(a,b,c,d,e,f,g,h,a1,b1,c1,d1,e1,f1,g1,h1)) engine='MyISAM'  partition by key/__MAXWELL__/ ( partition pa1 max_rows=20 min_rows=2, partition pa2 max_rows=30 min_rows=3, partition pa3 max_rows=30 min_rows=4, partition pa4 max_rows=40 min_rows=2)
[1] 23:44:16,237 DEBUG SchemaChange - SQL_PARSE <- "create table t1 (a date not null, b varchar(50) not null, c varchar(50) not null, d enum('m', 'w') not null, e int not null, f decimal (18,2) not null, g bigint not null, h tinyint not null, a1 date not null, b1 varchar(50) not null, c1 varchar(50) not null, d1 enum('m', 'w') not null, e1 int not null, f1 decimal (18,2) not null, g1 bigint not null, h1 tinyint not null, i char(255), primary key(a,b,c,d,e,f,g,h,a1,b1,c1,d1,e1,f1,g1,h1)) engine='MyISAM'  partition by key/__MAXWELL__/ ( partition pa1 max_rows=20 min_rows=2, partition pa2 max_rows=30 min_rows=3, partition pa3 max_rows=30 min_rows=4, partition pa4 max_rows=40 min_rows=2)"
[1] 23:44:16,238 DEBUG SchemaChange - rewrote SQL to create table t1 (a date not null, b varchar(50) not null, c varchar(50) not null, d enum('m', 'w') not null, e int not null, f decimal (18,2) not null, g bigint not null, h tinyint not null, a1 date not null, b1 varchar(50) not null, c1 varchar(50) not null, d1 enum('m', 'w') not null, e1 int not null, f1 decimal (18,2) not null, g1 bigint not null, h1 tinyint not null, i char(255), primary key(a,b,c,d,e,f,g,h,a1,b1,c1,d1,e1,f1,g1,h1)) engine='MyISAM'  partition by key/__MAXWELL__/ ( /__MAXWELL__/
[1] 23:44:16,238 DEBUG SchemaChange - SQL_PARSE <- "create table t1 (a date not null, b varchar(50) not null, c varchar(50) not null, d enum('m', 'w') not null, e int not null, f decimal (18,2) not null, g bigint not null, h tinyint not null, a1 date not null, b1 varchar(50) not null, c1 varchar(50) not null, d1 enum('m', 'w') not null, e1 int not null, f1 decimal (18,2) not null, g1 bigint not null, h1 tinyint not null, i char(255), primary key(a,b,c,d,e,f,g,h,a1,b1,c1,d1,e1,f1,g1,h1)) engine='MyISAM'  partition by key/__MAXWELL__/ ( /__MAXWELL__/"
[1] 23:44:16,239 DEBUG SchemaChange - SQL_PARSE ->   (parse (statement (create_table (create_table_preamble create table (table_name (name (id t1)))) (create_specifications ( (create_specification (column_definition (name (id a)) (data_type (generic_type date (column_options (nullability not null)))))) , (create_specification (column_definition (name (id b)) (data_type (string_type varchar (length ( 50 )) (column_options (nullability not null)))))) , (create_specification (column_definition (name (id c)) (data_type (string_type varchar (length ( 50 )) (column_options (nullability not null)))))) , (create_specification (column_definition (name (id d)) (data_type (enumerated_type enum ( (enumerated_values (enum_value (string_literal 'm')) , (enum_value (string_literal 'w'))) ) (column_options (nullability not null)))))) , (create_specification (column_definition (name (id e)) (data_type (signed_type int (column_options (nullability not null)))))) , (create_specification (column_definition (name (id f)) (data_type (signed_type decimal (decimal_length ( 18 , 2 )) (column_options (nullability not null)))))) , (create_specification (column_definition (name (id g)) (data_type (signed_type bigint (column_options (nullability not null)))))) , (create_specification (column_definition (name (id h)) (data_type (signed_type tinyint (column_options (nullability not null)))))) , (create_specification (column_definition (name (id a1)) (data_type (generic_type date (column_options (nullability not null)))))) , (create_specification (column_definition (name (id b1)) (data_type (string_type varchar (length ( 50 )) (column_options (nullability not null)))))) , (create_specification (column_definition (name (id c1)) (data_type (string_type varchar (length ( 50 )) (column_options (nullability not null)))))) , (create_specification (column_definition (name (id d1)) (data_type (enumerated_type enum ( (enumerated_values (enum_value (string_literal 'm')) , (enum_value (string_literal 'w'))) ) (column_options (nullability not null)))))) , (create_specification (column_definition (name (id e1)) (data_type (signed_type int (column_options (nullability not null)))))) , (create_specification (column_definition (name (id f1)) (data_type (signed_type decimal (decimal_length ( 18 , 2 )) (column_options (nullability not null)))))) , (create_specification (column_definition (name (id g1)) (data_type (signed_type bigint (column_options (nullability not null)))))) , (create_specification (column_definition (name (id h1)) (data_type (signed_type tinyint (column_options (nullability not null)))))) , (create_specification (column_definition (name (id i)) (data_type (string_type char (length ( 255 )))))) , (create_specification (index_definition (index_type_pk primary key (index_column_list ( (index_columns (index_column (name (id a))) , (index_column (name (id b))) , (index_column (name (id c))) , (index_column (name (id d))) , (index_column (name (id e))) , (index_column (name (id f))) , (index_column (name (id g))) , (index_column (name (id h))) , (index_column (name (id a1))) , (index_column (name (id b1))) , (index_column (name (id c1))) , (index_column (name (id d1))) , (index_column (name (id e1))) , (index_column (name (id f1))) , (index_column (name (id g1))) , (index_column (name (id h1)))) ))))) )) (table_creation_option (creation_engine engine = (string_literal 'MyISAM'))) (table_creation_option (partition_by partition by (partition_by_what key (skip_parens /__MAXWELL__/)) (partition_definitions ( (skip_parens_inside_partition_definitions /__MAXWELL__/)))))) <EOF>)
[1] 23:44:16,239 DEBUG SchemaChange - SQL_PARSE <- "create table t1 (a date not null, b varchar(50) not null, c varchar(50) not null, d enum('m', 'w') not null, e int not null, f decimal (18,2) not null, g bigint not null, h tinyint not null, i char(255), primary key(a,b,c,d,e,f,g,h)) engine='InnoDB'  partition by key(a,b,c,d,e,f,g,h) ( partition pa1 max_rows=20 min_rows=2, partition pa2 max_rows=30 min_rows=3, partition pa3 max_rows=30 min_rows=4, partition pa4 max_rows=40 min_rows=2)"
[1] 23:44:16,239 DEBUG SchemaChange - rewrote SQL to create table t1 (a date not null, b varchar(50) not null, c varchar(50) not null, d enum('m', 'w') not null, e int not null, f decimal (18,2) not null, g bigint not null, h tinyint not null, i char(255), primary key(a,b,c,d,e,f,g,h)) engine='InnoDB'  partition by key/__MAXWELL__/ ( partition pa1 max_rows=20 min_rows=2, partition pa2 max_rows=30 min_rows=3, partition pa3 max_rows=30 min_rows=4, partition pa4 max_rows=40 min_rows=2)
[1] 23:44:16,239 DEBUG SchemaChange - SQL_PARSE <- "create table t1 (a date not null, b varchar(50) not null, c varchar(50) not null, d enum('m', 'w') not null, e int not null, f decimal (18,2) not null, g bigint not null, h tinyint not null, i char(255), primary key(a,b,c,d,e,f,g,h)) engine='InnoDB'  partition by key/__MAXWELL__/ ( partition pa1 max_rows=20 min_rows=2, partition pa2 max_rows=30 min_rows=3, partition pa3 max_rows=30 min_rows=4, partition pa4 max_rows=40 min_rows=2)"
[1] 23:44:16,240 DEBUG SchemaChange - rewrote SQL to create table t1 (a date not null, b varchar(50) not null, c varchar(50) not null, d enum('m', 'w') not null, e int not null, f decimal (18,2) not null, g bigint not null, h tinyint not null, i char(255), primary key(a,b,c,d,e,f,g,h)) engine='InnoDB'  partition by key/__MAXWELL__/ ( /__MAXWELL__/
[1] 23:44:16,240 DEBUG SchemaChange - SQL_PARSE <- "create table t1 (a date not null, b varchar(50) not null, c varchar(50) not null, d enum('m', 'w') not null, e int not null, f decimal (18,2) not null, g bigint not null, h tinyint not null, i char(255), primary key(a,b,c,d,e,f,g,h)) engine='InnoDB'  partition by key/__MAXWELL__/ ( /__MAXWELL__/"
[1] 23:44:16,241 DEBUG SchemaChange - SQL_PARSE ->   (parse (statement (create_table (create_table_preamble create table (table_name (name (id t1)))) (create_specifications ( (create_specification (column_definition (name (id a)) (data_type (generic_type date (column_options (nullability not null)))))) , (create_specification (column_definition (name (id b)) (data_type (string_type varchar (length ( 50 )) (column_options (nullability not null)))))) , (create_specification (column_definition (name (id c)) (data_type (string_type varchar (length ( 50 )) (column_options (nullability not null)))))) , (create_specification (column_definition (name (id d)) (data_type (enumerated_type enum ( (enumerated_values (enum_value (string_literal 'm')) , (enum_value (string_literal 'w'))) ) (column_options (nullability not null)))))) , (create_specification (column_definition (name (id e)) (data_type (signed_type int (column_options (nullability not null)))))) , (create_specification (column_definition (name (id f)) (data_type (signed_type decimal (decimal_length ( 18 , 2 )) (column_options (nullability not null)))))) , (create_specification (column_definition (name (id g)) (data_type (signed_type bigint (column_options (nullability not null)))))) , (create_specification (column_definition (name (id h)) (data_type (signed_type tinyint (column_options (nullability not null)))))) , (create_specification (column_definition (name (id i)) (data_type (string_type char (length ( 255 )))))) , (create_specification (index_definition (index_type_pk primary key (index_column_list ( (index_columns (index_column (name (id a))) , (index_column (name (id b))) , (index_column (name (id c))) , (index_column (name (id d))) , (index_column (name (id e))) , (index_column (name (id f))) , (index_column (name (id g))) , (index_column (name (id h)))) ))))) )) (table_creation_option (creation_engine engine = (string_literal 'InnoDB'))) (table_creation_option (partition_by partition by (partition_by_what key (skip_parens /__MAXWELL__/)) (partition_definitions ( (skip_parens_inside_partition_definitions /__MAXWELL__/)))))) <EOF>)
[1] 23:44:16,242 DEBUG SchemaChange - SQL_PARSE <- "create table t1 (a date not null, b varchar(50) not null, c varchar(50) not null, d enum('m', 'w') not null, e int not null, f decimal (18,2) not null, g bigint not null, h tinyint not null, i char(255), primary key(a,b,c,d,e,f,g,h)) engine='MyISAM'  partition by key(a,b,c,d,e,f,g,h) ( partition pa1 max_rows=20 min_rows=2, partition pa2 max_rows=30 min_rows=3, partition pa3 max_rows=30 min_rows=4, partition pa4 max_rows=40 min_rows=2)"
[1] 23:44:16,242 DEBUG SchemaChange - rewrote SQL to create table t1 (a date not null, b varchar(50) not null, c varchar(50) not null, d enum('m', 'w') not null, e int not null, f decimal (18,2) not null, g bigint not null, h tinyint not null, i char(255), primary key(a,b,c,d,e,f,g,h)) engine='MyISAM'  partition by key/__MAXWELL__/ ( partition pa1 max_rows=20 min_rows=2, partition pa2 max_rows=30 min_rows=3, partition pa3 max_rows=30 min_rows=4, partition pa4 max_rows=40 min_rows=2)
[1] 23:44:16,242 DEBUG SchemaChange - SQL_PARSE <- "create table t1 (a date not null, b varchar(50) not null, c varchar(50) not null, d enum('m', 'w') not null, e int not null, f decimal (18,2) not null, g bigint not null, h tinyint not null, i char(255), primary key(a,b,c,d,e,f,g,h)) engine='MyISAM'  partition by key/__MAXWELL__/ ( partition pa1 max_rows=20 min_rows=2, partition pa2 max_rows=30 min_rows=3, partition pa3 max_rows=30 min_rows=4, partition pa4 max_rows=40 min_rows=2)"
[1] 23:44:16,243 DEBUG SchemaChange - rewrote SQL to create table t1 (a date not null, b varchar(50) not null, c varchar(50) not null, d enum('m', 'w') not null, e int not null, f decimal (18,2) not null, g bigint not null, h tinyint not null, i char(255), primary key(a,b,c,d,e,f,g,h)) engine='MyISAM'  partition by key/__MAXWELL__/ ( /__MAXWELL__/
[1] 23:44:16,243 DEBUG SchemaChange - SQL_PARSE <- "create table t1 (a date not null, b varchar(50) not null, c varchar(50) not null, d enum('m', 'w') not null, e int not null, f decimal (18,2) not null, g bigint not null, h tinyint not null, i char(255), primary key(a,b,c,d,e,f,g,h)) engine='MyISAM'  partition by key/__MAXWELL__/ ( /__MAXWELL__/"
[1] 23:44:16,243 DEBUG SchemaChange - SQL_PARSE ->   (parse (statement (create_table (create_table_preamble create table (table_name (name (id t1)))) (create_specifications ( (create_specification (column_definition (name (id a)) (data_type (generic_type date (column_options (nullability not null)))))) , (create_specification (column_definition (name (id b)) (data_type (string_type varchar (length ( 50 )) (column_options (nullability not null)))))) , (create_specification (column_definition (name (id c)) (data_type (string_type varchar (length ( 50 )) (column_options (nullability not null)))))) , (create_specification (column_definition (name (id d)) (data_type (enumerated_type enum ( (enumerated_values (enum_value (string_literal 'm')) , (enum_value (string_literal 'w'))) ) (column_options (nullability not null)))))) , (create_specification (column_definition (name (id e)) (data_type (signed_type int (column_options (nullability not null)))))) , (create_specification (column_definition (name (id f)) (data_type (signed_type decimal (decimal_length ( 18 , 2 )) (column_options (nullability not null)))))) , (create_specification (column_definition (name (id g)) (data_type (signed_type bigint (column_options (nullability not null)))))) , (create_specification (column_definition (name (id h)) (data_type (signed_type tinyint (column_options (nullability not null)))))) , (create_specification (column_definition (name (id i)) (data_type (string_type char (length ( 255 )))))) , (create_specification (index_definition (index_type_pk primary key (index_column_list ( (index_columns (index_column (name (id a))) , (index_column (name (id b))) , (index_column (name (id c))) , (index_column (name (id d))) , (index_column (name (id e))) , (index_column (name (id f))) , (index_column (name (id g))) , (index_column (name (id h)))) ))))) )) (table_creation_option (creation_engine engine = (string_literal 'MyISAM'))) (table_creation_option (partition_by partition by (partition_by_what key (skip_parens /__MAXWELL__/)) (partition_definitions ( (skip_parens_inside_partition_definitions /__MAXWELL__/)))))) <EOF>)
[1] 23:44:16,243 DEBUG SchemaChange - SQL_PARSE <- "create table t1 (a date not null, b varchar(50) not null, c varchar(50) not null, d enum('m', 'w'), primary key(a,b,c,d)) engine='InnoDB'  partition by key (a,b,c,d) ( partition pa1 max_rows=20 min_rows=2, partition pa2 max_rows=30 min_rows=3, partition pa3 max_rows=30 min_rows=4, partition pa4 max_rows=40 min_rows=2)"
[1] 23:44:16,244 DEBUG SchemaChange - rewrote SQL to create table t1 (a date not null, b varchar(50) not null, c varchar(50) not null, d enum('m', 'w'), primary key(a,b,c,d)) engine='InnoDB'  partition by key /__MAXWELL__/ ( partition pa1 max_rows=20 min_rows=2, partition pa2 max_rows=30 min_rows=3, partition pa3 max_rows=30 min_rows=4, partition pa4 max_rows=40 min_rows=2)
[1] 23:44:16,244 DEBUG SchemaChange - SQL_PARSE <- "create table t1 (a date not null, b varchar(50) not null, c varchar(50) not null, d enum('m', 'w'), primary key(a,b,c,d)) engine='InnoDB'  partition by key /__MAXWELL__/ ( partition pa1 max_rows=20 min_rows=2, partition pa2 max_rows=30 min_rows=3, partition pa3 max_rows=30 min_rows=4, partition pa4 max_rows=40 min_rows=2)"
[1] 23:44:16,244 DEBUG SchemaChange - rewrote SQL to create table t1 (a date not null, b varchar(50) not null, c varchar(50) not null, d enum('m', 'w'), primary key(a,b,c,d)) engine='InnoDB'  partition by key /__MAXWELL__/ ( /__MAXWELL__/
[1] 23:44:16,244 DEBUG SchemaChange - SQL_PARSE <- "create table t1 (a date not null, b varchar(50) not null, c varchar(50) not null, d enum('m', 'w'), primary key(a,b,c,d)) engine='InnoDB'  partition by key /__MAXWELL__/ ( /__MAXWELL__/"
[1] 23:44:16,245 DEBUG SchemaChange - SQL_PARSE ->   (parse (statement (create_table (create_table_preamble create table (table_name (name (id t1)))) (create_specifications ( (create_specification (column_definition (name (id a)) (data_type (generic_type date (column_options (nullability not null)))))) , (create_specification (column_definition (name (id b)) (data_type (string_type varchar (length ( 50 )) (column_options (nullability not null)))))) , (create_specification (column_definition (name (id c)) (data_type (string_type varchar (length ( 50 )) (column_options (nullability not null)))))) , (create_specification (column_definition (name (id d)) (data_type (enumerated_type enum ( (enumerated_values (enum_value (string_literal 'm')) , (enum_value (string_literal 'w'))) ))))) , (create_specification (index_definition (index_type_pk primary key (index_column_list ( (index_columns (index_column (name (id a))) , (index_column (name (id b))) , (index_column (name (id c))) , (index_column (name (id d)))) ))))) )) (table_creation_option (creation_engine engine = (string_literal 'InnoDB'))) (table_creation_option (partition_by partition by (partition_by_what key (skip_parens /__MAXWELL__/)) (partition_definitions ( (skip_parens_inside_partition_definitions /__MAXWELL__/)))))) <EOF>)
[1] 23:44:16,245 DEBUG SchemaChange - SQL_PARSE <- "create table t1 (a date not null, b varchar(50) not null, c varchar(50) not null, d enum('m', 'w'), primary key(a,b,c,d)) engine='MyISAM'  partition by key (a,b,c,d) ( partition pa1 max_rows=20 min_rows=2, partition pa2 max_rows=30 min_rows=3, partition pa3 max_rows=30 min_rows=4, partition pa4 max_rows=40 min_rows=2)"
[1] 23:44:16,245 DEBUG SchemaChange - rewrote SQL to create table t1 (a date not null, b varchar(50) not null, c varchar(50) not null, d enum('m', 'w'), primary key(a,b,c,d)) engine='MyISAM'  partition by key /__MAXWELL__/ ( partition pa1 max_rows=20 min_rows=2, partition pa2 max_rows=30 min_rows=3, partition pa3 max_rows=30 min_rows=4, partition pa4 max_rows=40 min_rows=2)
[1] 23:44:16,245 DEBUG SchemaChange - SQL_PARSE <- "create table t1 (a date not null, b varchar(50) not null, c varchar(50) not null, d enum('m', 'w'), primary key(a,b,c,d)) engine='MyISAM'  partition by key /__MAXWELL__/ ( partition pa1 max_rows=20 min_rows=2, partition pa2 max_rows=30 min_rows=3, partition pa3 max_rows=30 min_rows=4, partition pa4 max_rows=40 min_rows=2)"
[1] 23:44:16,246 DEBUG SchemaChange - rewrote SQL to create table t1 (a date not null, b varchar(50) not null, c varchar(50) not null, d enum('m', 'w'), primary key(a,b,c,d)) engine='MyISAM'  partition by key /__MAXWELL__/ ( /__MAXWELL__/
[1] 23:44:16,246 DEBUG SchemaChange - SQL_PARSE <- "create table t1 (a date not null, b varchar(50) not null, c varchar(50) not null, d enum('m', 'w'), primary key(a,b,c,d)) engine='MyISAM'  partition by key /__MAXWELL__/ ( /__MAXWELL__/"
[1] 23:44:16,246 DEBUG SchemaChange - SQL_PARSE ->   (parse (statement (create_table (create_table_preamble create table (table_name (name (id t1)))) (create_specifications ( (create_specification (column_definition (name (id a)) (data_type (generic_type date (column_options (nullability not null)))))) , (create_specification (column_definition (name (id b)) (data_type (string_type varchar (length ( 50 )) (column_options (nullability not null)))))) , (create_specification (column_definition (name (id c)) (data_type (string_type varchar (length ( 50 )) (column_options (nullability not null)))))) , (create_specification (column_definition (name (id d)) (data_type (enumerated_type enum ( (enumerated_values (enum_value (string_literal 'm')) , (enum_value (string_literal 'w'))) ))))) , (create_specification (index_definition (index_type_pk primary key (index_column_list ( (index_columns (index_column (name (id a))) , (index_column (name (id b))) , (index_column (name (id c))) , (index_column (name (id d)))) ))))) )) (table_creation_option (creation_engine engine = (string_literal 'MyISAM'))) (table_creation_option (partition_by partition by (partition_by_what key (skip_parens /__MAXWELL__/)) (partition_definitions ( (skip_parens_inside_partition_definitions /__MAXWELL__/)))))) <EOF>)
[1] 23:44:16,246 DEBUG SchemaChange - SQL_PARSE <- "create table t1 (a date not null, primary key(a)) engine='MyISAM'  partition by key (a) ( partition pa1 max_rows=20 min_rows=2, partition pa2 max_rows=30 min_rows=3, partition pa3 max_rows=30 min_rows=4, partition pa4 max_rows=40 min_rows=2)"
[1] 23:44:16,247 DEBUG SchemaChange - rewrote SQL to create table t1 (a date not null, primary key(a)) engine='MyISAM'  partition by key /__MAXWELL__/ ( partition pa1 max_rows=20 min_rows=2, partition pa2 max_rows=30 min_rows=3, partition pa3 max_rows=30 min_rows=4, partition pa4 max_rows=40 min_rows=2)
[1] 23:44:16,247 DEBUG SchemaChange - SQL_PARSE <- "create table t1 (a date not null, primary key(a)) engine='MyISAM'  partition by key /__MAXWELL__/ ( partition pa1 max_rows=20 min_rows=2, partition pa2 max_rows=30 min_rows=3, partition pa3 max_rows=30 min_rows=4, partition pa4 max_rows=40 min_rows=2)"
[1] 23:44:16,247 DEBUG SchemaChange - rewrote SQL to create table t1 (a date not null, primary key(a)) engine='MyISAM'  partition by key /__MAXWELL__/ ( /__MAXWELL__/
[1] 23:44:16,247 DEBUG SchemaChange - SQL_PARSE <- "create table t1 (a date not null, primary key(a)) engine='MyISAM'  partition by key /__MAXWELL__/ ( /__MAXWELL__/"
[1] 23:44:16,247 DEBUG SchemaChange - SQL_PARSE ->   (parse (statement (create_table (create_table_preamble create table (table_name (name (id t1)))) (create_specifications ( (create_specification (column_definition (name (id a)) (data_type (generic_type date (column_options (nullability not null)))))) , (create_specification (index_definition (index_type_pk primary key (index_column_list ( (index_columns (index_column (name (id a)))) ))))) )) (table_creation_option (creation_engine engine = (string_literal 'MyISAM'))) (table_creation_option (partition_by partition by (partition_by_what key (skip_parens /__MAXWELL__/)) (partition_definitions ( (skip_parens_inside_partition_definitions /__MAXWELL__/)))))) <EOF>)
[1] 23:44:16,247 DEBUG SchemaChange - SQL_PARSE <- "create table t1 (a date) engine = innodb partition by range (year(a)) (partition p0 values less than (2006), partition p1 values less than (2007))"
[1] 23:44:16,248 DEBUG SchemaChange - rewrote SQL to create table t1 (a date) engine = innodb partition by range /__MAXWELL__/ (partition p0 values less than (2006), partition p1 values less than (2007))
[1] 23:44:16,248 DEBUG SchemaChange - SQL_PARSE <- "create table t1 (a date) engine = innodb partition by range /__MAXWELL__/ (partition p0 values less than (2006), partition p1 values less than (2007))"
[1] 23:44:16,248 DEBUG SchemaChange - rewrote SQL to create table t1 (a date) engine = innodb partition by range /__MAXWELL__/ (/__MAXWELL__/
[1] 23:44:16,248 DEBUG SchemaChange - SQL_PARSE <- "create table t1 (a date) engine = innodb partition by range /__MAXWELL__/ (/__MAXWELL__/"
[1] 23:44:16,248 DEBUG SchemaChange - SQL_PARSE ->   (parse (statement (create_table (create_table_preamble create table (table_name (name (id t1)))) (create_specifications ( (create_specification (column_definition (name (id a)) (data_type (generic_type date)))) )) (table_creation_option (creation_engine engine = (id innodb))) (table_creation_option (partition_by partition by (partition_by_what range (skip_parens /__MAXWELL__/)) (partition_definitions ( (skip_parens_inside_partition_definitions /__MAXWELL__/)))))) <EOF>)
[1] 23:44:16,248 DEBUG SchemaChange - SQL_PARSE <- "create table t1 (a date) partition by key (a)"
[1] 23:44:16,249 DEBUG SchemaChange - rewrote SQL to create table t1 (a date) partition by key /__MAXWELL__/
[1] 23:44:16,249 DEBUG SchemaChange - SQL_PARSE <- "create table t1 (a date) partition by key /__MAXWELL__/"
[1] 23:44:16,249 DEBUG SchemaChange - SQL_PARSE ->   (parse (statement (create_table (create_table_preamble create table (table_name (name (id t1)))) (create_specifications ( (create_specification (column_definition (name (id a)) (data_type (generic_type date)))) )) (table_creation_option (partition_by partition by (partition_by_what key (skip_parens /__MAXWELL__/)))))) <EOF>)
[1] 23:44:16,249 DEBUG SchemaChange - SQL_PARSE <- "create table t1 (a date) partition by range(to_seconds(a)) (partition p0 values less than (to_seconds('2004-01-01')), partition p1 values less than (to_seconds('2005-01-01')))"
[1] 23:44:16,249 DEBUG SchemaChange - rewrote SQL to create table t1 (a date) partition by range/__MAXWELL__/ (partition p0 values less than (to_seconds('2004-01-01')), partition p1 values less than (to_seconds('2005-01-01')))
[1] 23:44:16,249 DEBUG SchemaChange - SQL_PARSE <- "create table t1 (a date) partition by range/__MAXWELL__/ (partition p0 values less than (to_seconds('2004-01-01')), partition p1 values less than (to_seconds('2005-01-01')))"
[1] 23:44:16,250 DEBUG SchemaChange - rewrote SQL to create table t1 (a date) partition by range/__MAXWELL__/ (/__MAXWELL__/
[1] 23:44:16,250 DEBUG SchemaChange - SQL_PARSE <- "create table t1 (a date) partition by range/__MAXWELL__/ (/__MAXWELL__/"
[1] 23:44:16,250 DEBUG SchemaChange - SQL_PARSE ->   (parse (statement (create_table (create_table_preamble create table (table_name (name (id t1)))) (create_specifications ( (create_specification (column_definition (name (id a)) (data_type (generic_type date)))) )) (table_creation_option (partition_by partition by (partition_by_what range (skip_parens /__MAXWELL__/)) (partition_definitions ( (skip_parens_inside_partition_definitions /__MAXWELL__/)))))) <EOF>)
[1] 23:44:16,250 DEBUG SchemaChange - SQL_PARSE <- "create table t1 (a datetime not null) partition by key (a)"
[1] 23:44:16,250 DEBUG SchemaChange - rewrote SQL to create table t1 (a datetime not null) partition by key /__MAXWELL__/
[1] 23:44:16,250 DEBUG SchemaChange - SQL_PARSE <- "create table t1 (a datetime not null) partition by key /__MAXWELL__/"
[1] 23:44:16,251 DEBUG SchemaChange - SQL_PARSE ->   (parse (statement (create_table (create_table_preamble create table (table_name (name (id t1)))) (create_specifications ( (create_specification (column_definition (name (id a)) (data_type (generic_type datetime (column_options (nullability not null)))))) )) (table_creation_option (partition_by partition by (partition_by_what key (skip_parens /__MAXWELL__/)))))) <EOF>)
[1] 23:44:16,251 DEBUG SchemaChange - SQL_PARSE <- "create table t1 (a datetime not null) partition by range (TO_SECONDS(a)) ( partition p0 VALUES LESS THAN (TO_SECONDS('2007-03-08 00:00:00')), partition p1 VALUES LESS THAN (TO_SECONDS('2007-04-01 00:00:00')))"
[1] 23:44:16,251 DEBUG SchemaChange - rewrote SQL to create table t1 (a datetime not null) partition by range /__MAXWELL__/ ( partition p0 VALUES LESS THAN (TO_SECONDS('2007-03-08 00:00:00')), partition p1 VALUES LESS THAN (TO_SECONDS('2007-04-01 00:00:00')))
[1] 23:44:16,251 DEBUG SchemaChange - SQL_PARSE <- "create table t1 (a datetime not null) partition by range /__MAXWELL__/ ( partition p0 VALUES LESS THAN (TO_SECONDS('2007-03-08 00:00:00')), partition p1 VALUES LESS THAN (TO_SECONDS('2007-04-01 00:00:00')))"
[1] 23:44:16,252 DEBUG SchemaChange - rewrote SQL to create table t1 (a datetime not null) partition by range /__MAXWELL__/ ( /__MAXWELL__/
[1] 23:44:16,252 DEBUG SchemaChange - SQL_PARSE <- "create table t1 (a datetime not null) partition by range /__MAXWELL__/ ( /__MAXWELL__/"
[1] 23:44:16,252 DEBUG SchemaChange - SQL_PARSE ->   (parse (statement (create_table (create_table_preamble create table (table_name (name (id t1)))) (create_specifications ( (create_specification (column_definition (name (id a)) (data_type (generic_type datetime (column_options (nullability not null)))))) )) (table_creation_option (partition_by partition by (partition_by_what range (skip_parens /__MAXWELL__/)) (partition_definitions ( (skip_parens_inside_partition_definitions /__MAXWELL__/)))))) <EOF>)
[1] 23:44:16,252 DEBUG SchemaChange - SQL_PARSE <- "create table t1 (a datetime not null, primary key(a)) engine='MyISAM'  partition by key (a) ( partition pa1 max_rows=20 min_rows=2, partition pa2 max_rows=30 min_rows=3, partition pa3 max_rows=30 min_rows=4, partition pa4 max_rows=40 min_rows=2)"
[1] 23:44:16,252 DEBUG SchemaChange - rewrote SQL to create table t1 (a datetime not null, primary key(a)) engine='MyISAM'  partition by key /__MAXWELL__/ ( partition pa1 max_rows=20 min_rows=2, partition pa2 max_rows=30 min_rows=3, partition pa3 max_rows=30 min_rows=4, partition pa4 max_rows=40 min_rows=2)
[1] 23:44:16,252 DEBUG SchemaChange - SQL_PARSE <- "create table t1 (a datetime not null, primary key(a)) engine='MyISAM'  partition by key /__MAXWELL__/ ( partition pa1 max_rows=20 min_rows=2, partition pa2 max_rows=30 min_rows=3, partition pa3 max_rows=30 min_rows=4, partition pa4 max_rows=40 min_rows=2)"
[1] 23:44:16,253 DEBUG SchemaChange - rewrote SQL to create table t1 (a datetime not null, primary key(a)) engine='MyISAM'  partition by key /__MAXWELL__/ ( /__MAXWELL__/
[1] 23:44:16,253 DEBUG SchemaChange - SQL_PARSE <- "create table t1 (a datetime not null, primary key(a)) engine='MyISAM'  partition by key /__MAXWELL__/ ( /__MAXWELL__/"
[1] 23:44:16,253 DEBUG SchemaChange - SQL_PARSE ->   (parse (statement (create_table (create_table_preamble create table (table_name (name (id t1)))) (create_specifications ( (create_specification (column_definition (name (id a)) (data_type (generic_type datetime (column_options (nullability not null)))))) , (create_specification (index_definition (index_type_pk primary key (index_column_list ( (index_columns (index_column (name (id a)))) ))))) )) (table_creation_option (creation_engine engine = (string_literal 'MyISAM'))) (table_creation_option (partition_by partition by (partition_by_what key (skip_parens /__MAXWELL__/)) (partition_definitions ( (skip_parens_inside_partition_definitions /__MAXWELL__/)))))) <EOF>)
[1] 23:44:16,253 DEBUG SchemaChange - SQL_PARSE <- "create table t1 (a datetime) partition by key (a)"
[1] 23:44:16,254 DEBUG SchemaChange - rewrote SQL to create table t1 (a datetime) partition by key /__MAXWELL__/
[1] 23:44:16,254 DEBUG SchemaChange - SQL_PARSE <- "create table t1 (a datetime) partition by key /__MAXWELL__/"
[1] 23:44:16,254 DEBUG SchemaChange - SQL_PARSE ->   (parse (statement (create_table (create_table_preamble create table (table_name (name (id t1)))) (create_specifications ( (create_specification (column_definition (name (id a)) (data_type (generic_type datetime)))) )) (table_creation_option (partition_by partition by (partition_by_what key (skip_parens /__MAXWELL__/)))))) <EOF>)
[1] 23:44:16,254 DEBUG SchemaChange - SQL_PARSE <- "create table t1 (a datetime) partition by range(to_seconds(a)) (partition p0 values less than (to_seconds('2004-01-01 12:00:00')), partition p1 values less than (to_seconds('2005-01-01 12:00:00')))"
[1] 23:44:16,255 DEBUG SchemaChange - rewrote SQL to create table t1 (a datetime) partition by range/__MAXWELL__/ (partition p0 values less than (to_seconds('2004-01-01 12:00:00')), partition p1 values less than (to_seconds('2005-01-01 12:00:00')))
[1] 23:44:16,255 DEBUG SchemaChange - SQL_PARSE <- "create table t1 (a datetime) partition by range/__MAXWELL__/ (partition p0 values less than (to_seconds('2004-01-01 12:00:00')), partition p1 values less than (to_seconds('2005-01-01 12:00:00')))"
[1] 23:44:16,255 DEBUG SchemaChange - rewrote SQL to create table t1 (a datetime) partition by range/__MAXWELL__/ (/__MAXWELL__/
[1] 23:44:16,255 DEBUG SchemaChange - SQL_PARSE <- "create table t1 (a datetime) partition by range/__MAXWELL__/ (/__MAXWELL__/"
[1] 23:44:16,255 DEBUG SchemaChange - SQL_PARSE ->   (parse (statement (create_table (create_table_preamble create table (table_name (name (id t1)))) (create_specifications ( (create_specification (column_definition (name (id a)) (data_type (generic_type datetime)))) )) (table_creation_option (partition_by partition by (partition_by_what range (skip_parens /__MAXWELL__/)) (partition_definitions ( (skip_parens_inside_partition_definitions /__MAXWELL__/)))))) <EOF>)
[1] 23:44:16,255 DEBUG SchemaChange - SQL_PARSE <- "create table t1 (a decimal(4,2) not null) partition by key (a)"
[1] 23:44:16,256 DEBUG SchemaChange - rewrote SQL to create table t1 (a decimal(4,2) not null) partition by key /__MAXWELL__/
[1] 23:44:16,256 DEBUG SchemaChange - SQL_PARSE <- "create table t1 (a decimal(4,2) not null) partition by key /__MAXWELL__/"
[1] 23:44:16,256 DEBUG SchemaChange - SQL_PARSE ->   (parse (statement (create_table (create_table_preamble create table (table_name (name (id t1)))) (create_specifications ( (create_specification (column_definition (name (id a)) (data_type (signed_type decimal (decimal_length ( 4 , 2 )) (column_options (nullability not null)))))) )) (table_creation_option (partition_by partition by (partition_by_what key (skip_parens /__MAXWELL__/)))))) <EOF>)
[1] 23:44:16,256 DEBUG SchemaChange - SQL_PARSE <- "create table t1 (a decimal(4,2)) partition by key (a)"
[1] 23:44:16,256 DEBUG SchemaChange - rewrote SQL to create table t1 (a decimal(4,2)) partition by key /__MAXWELL__/
[1] 23:44:16,256 DEBUG SchemaChange - SQL_PARSE <- "create table t1 (a decimal(4,2)) partition by key /__MAXWELL__/"
[1] 23:44:16,256 DEBUG SchemaChange - SQL_PARSE ->   (parse (statement (create_table (create_table_preamble create table (table_name (name (id t1)))) (create_specifications ( (create_specification (column_definition (name (id a)) (data_type (signed_type decimal (decimal_length ( 4 , 2 )))))) )) (table_creation_option (partition_by partition by (partition_by_what key (skip_parens /__MAXWELL__/)))))) <EOF>)
[1] 23:44:16,256 DEBUG SchemaChange - SQL_PARSE <- "create table t1 (a double not null) partition by key (a)"
[1] 23:44:16,257 DEBUG SchemaChange - rewrote SQL to create table t1 (a double not null) partition by key /__MAXWELL__/
[1] 23:44:16,257 DEBUG SchemaChange - SQL_PARSE <- "create table t1 (a double not null) partition by key /__MAXWELL__/"
[1] 23:44:16,257 DEBUG SchemaChange - SQL_PARSE ->   (parse (statement (create_table (create_table_preamble create table (table_name (name (id t1)))) (create_specifications ( (create_specification (column_definition (name (id a)) (data_type (signed_type double (column_options (nullability not null)))))) )) (table_creation_option (partition_by partition by (partition_by_what key (skip_parens /__MAXWELL__/)))))) <EOF>)
[1] 23:44:16,257 DEBUG SchemaChange - SQL_PARSE <- "create table t1 (a double not null, primary key(a)) engine='MYISAM'  partition by key (a) ( partition pa1 max_rows=20 min_rows=2, partition pa2 max_rows=30 min_rows=3, partition pa3 max_rows=30 min_rows=4, partition pa4 max_rows=40 min_rows=2)"
[1] 23:44:16,257 DEBUG SchemaChange - rewrote SQL to create table t1 (a double not null, primary key(a)) engine='MYISAM'  partition by key /__MAXWELL__/ ( partition pa1 max_rows=20 min_rows=2, partition pa2 max_rows=30 min_rows=3, partition pa3 max_rows=30 min_rows=4, partition pa4 max_rows=40 min_rows=2)
[1] 23:44:16,257 DEBUG SchemaChange - SQL_PARSE <- "create table t1 (a double not null, primary key(a)) engine='MYISAM'  partition by key /__MAXWELL__/ ( partition pa1 max_rows=20 min_rows=2, partition pa2 max_rows=30 min_rows=3, partition pa3 max_rows=30 min_rows=4, partition pa4 max_rows=40 min_rows=2)"
[1] 23:44:16,258 DEBUG SchemaChange - rewrote SQL to create table t1 (a double not null, primary key(a)) engine='MYISAM'  partition by key /__MAXWELL__/ ( /__MAXWELL__/
[1] 23:44:16,258 DEBUG SchemaChange - SQL_PARSE <- "create table t1 (a double not null, primary key(a)) engine='MYISAM'  partition by key /__MAXWELL__/ ( /__MAXWELL__/"
[1] 23:44:16,258 DEBUG SchemaChange - SQL_PARSE ->   (parse (statement (create_table (create_table_preamble create table (table_name (name (id t1)))) (create_specifications ( (create_specification (column_definition (name (id a)) (data_type (signed_type double (column_options (nullability not null)))))) , (create_specification (index_definition (index_type_pk primary key (index_column_list ( (index_columns (index_column (name (id a)))) ))))) )) (table_creation_option (creation_engine engine = (string_literal 'MYISAM'))) (table_creation_option (partition_by partition by (partition_by_what key (skip_parens /__MAXWELL__/)) (partition_definitions ( (skip_parens_inside_partition_definitions /__MAXWELL__/)))))) <EOF>)
[1] 23:44:16,258 DEBUG SchemaChange - SQL_PARSE <- "create table t1 (a double) partition by key (a)"
[1] 23:44:16,258 DEBUG SchemaChange - rewrote SQL to create table t1 (a double) partition by key /__MAXWELL__/
[1] 23:44:16,258 DEBUG SchemaChange - SQL_PARSE <- "create table t1 (a double) partition by key /__MAXWELL__/"
[1] 23:44:16,259 DEBUG SchemaChange - SQL_PARSE ->   (parse (statement (create_table (create_table_preamble create table (table_name (name (id t1)))) (create_specifications ( (create_specification (column_definition (name (id a)) (data_type (signed_type double)))) )) (table_creation_option (partition_by partition by (partition_by_what key (skip_parens /__MAXWELL__/)))))) <EOF>)
[1] 23:44:16,259 DEBUG SchemaChange - SQL_PARSE <- "create table t1 (a enum('A','B','C','D','E','F','G','H','I','J','K','L') not null, primary key(a)) engine='MyISAM'  partition by key (a) ( partition pa1 max_rows=20 min_rows=2, partition pa2 max_rows=30 min_rows=3, partition pa3 max_rows=30 min_rows=4, partition pa4 max_rows=40 min_rows=2)"
[1] 23:44:16,259 DEBUG SchemaChange - rewrote SQL to create table t1 (a enum('A','B','C','D','E','F','G','H','I','J','K','L') not null, primary key(a)) engine='MyISAM'  partition by key /__MAXWELL__/ ( partition pa1 max_rows=20 min_rows=2, partition pa2 max_rows=30 min_rows=3, partition pa3 max_rows=30 min_rows=4, partition pa4 max_rows=40 min_rows=2)
[1] 23:44:16,259 DEBUG SchemaChange - SQL_PARSE <- "create table t1 (a enum('A','B','C','D','E','F','G','H','I','J','K','L') not null, primary key(a)) engine='MyISAM'  partition by key /__MAXWELL__/ ( partition pa1 max_rows=20 min_rows=2, partition pa2 max_rows=30 min_rows=3, partition pa3 max_rows=30 min_rows=4, partition pa4 max_rows=40 min_rows=2)"
[1] 23:44:16,260 DEBUG SchemaChange - rewrote SQL to create table t1 (a enum('A','B','C','D','E','F','G','H','I','J','K','L') not null, primary key(a)) engine='MyISAM'  partition by key /__MAXWELL__/ ( /__MAXWELL__/
[1] 23:44:16,260 DEBUG SchemaChange - SQL_PARSE <- "create table t1 (a enum('A','B','C','D','E','F','G','H','I','J','K','L') not null, primary key(a)) engine='MyISAM'  partition by key /__MAXWELL__/ ( /__MAXWELL__/"
[1] 23:44:16,260 DEBUG SchemaChange - SQL_PARSE ->   (parse (statement (create_table (create_table_preamble create table (table_name (name (id t1)))) (create_specifications ( (create_specification (column_definition (name (id a)) (data_type (enumerated_type enum ( (enumerated_values (enum_value (string_literal 'A')) , (enum_value (string_literal 'B')) , (enum_value (string_literal 'C')) , (enum_value (string_literal 'D')) , (enum_value (string_literal 'E')) , (enum_value (string_literal 'F')) , (enum_value (string_literal 'G')) , (enum_value (string_literal 'H')) , (enum_value (string_literal 'I')) , (enum_value (string_literal 'J')) , (enum_value (string_literal 'K')) , (enum_value (string_literal 'L'))) ) (column_options (nullability not null)))))) , (create_specification (index_definition (index_type_pk primary key (index_column_list ( (index_columns (index_column (name (id a)))) ))))) )) (table_creation_option (creation_engine engine = (string_literal 'MyISAM'))) (table_creation_option (partition_by partition by (partition_by_what key (skip_parens /__MAXWELL__/)) (partition_definitions ( (skip_parens_inside_partition_definitions /__MAXWELL__/)))))) <EOF>)
[1] 23:44:16,260 DEBUG SchemaChange - SQL_PARSE <- "create table t1 (a enum('y','n') not null) partition by key (a)"
[1] 23:44:16,260 DEBUG SchemaChange - rewrote SQL to create table t1 (a enum('y','n') not null) partition by key /__MAXWELL__/
[1] 23:44:16,261 DEBUG SchemaChange - SQL_PARSE <- "create table t1 (a enum('y','n') not null) partition by key /__MAXWELL__/"
[1] 23:44:16,261 DEBUG SchemaChange - SQL_PARSE ->   (parse (statement (create_table (create_table_preamble create table (table_name (name (id t1)))) (create_specifications ( (create_specification (column_definition (name (id a)) (data_type (enumerated_type enum ( (enumerated_values (enum_value (string_literal 'y')) , (enum_value (string_literal 'n'))) ) (column_options (nullability not null)))))) )) (table_creation_option (partition_by partition by (partition_by_what key (skip_parens /__MAXWELL__/)))))) <EOF>)
[1] 23:44:16,261 DEBUG SchemaChange - SQL_PARSE <- "create table t1 (a enum('y','n')) partition by key (a)"
[1] 23:44:16,261 DEBUG SchemaChange - rewrote SQL to create table t1 (a enum('y','n')) partition by key /__MAXWELL__/
[1] 23:44:16,261 DEBUG SchemaChange - SQL_PARSE <- "create table t1 (a enum('y','n')) partition by key /__MAXWELL__/"
[1] 23:44:16,261 DEBUG SchemaChange - SQL_PARSE ->   (parse (statement (create_table (create_table_preamble create table (table_name (name (id t1)))) (create_specifications ( (create_specification (column_definition (name (id a)) (data_type (enumerated_type enum ( (enumerated_values (enum_value (string_literal 'y')) , (enum_value (string_literal 'n'))) ))))) )) (table_creation_option (partition_by partition by (partition_by_what key (skip_parens /__MAXWELL__/)))))) <EOF>)
[1] 23:44:16,261 DEBUG SchemaChange - SQL_PARSE <- "create table t1 (a float not null) partition by key (a)"
[1] 23:44:16,262 DEBUG SchemaChange - rewrote SQL to create table t1 (a float not null) partition by key /__MAXWELL__/
[1] 23:44:16,262 DEBUG SchemaChange - SQL_PARSE <- "create table t1 (a float not null) partition by key /__MAXWELL__/"
[1] 23:44:16,262 DEBUG SchemaChange - SQL_PARSE ->   (parse (statement (create_table (create_table_preamble create table (table_name (name (id t1)))) (create_specifications ( (create_specification (column_definition (name (id a)) (data_type (signed_type float (column_options (nullability not null)))))) )) (table_creation_option (partition_by partition by (partition_by_what key (skip_parens /__MAXWELL__/)))))) <EOF>)
[1] 23:44:16,262 DEBUG SchemaChange - SQL_PARSE <- "create table t1 (a float not null, primary key(a)) engine='MYISAM'  partition by key (a) ( partition pa1 max_rows=20 min_rows=2, partition pa2 max_rows=30 min_rows=3, partition pa3 max_rows=30 min_rows=4, partition pa4 max_rows=40 min_rows=2)"
[1] 23:44:16,262 DEBUG SchemaChange - rewrote SQL to create table t1 (a float not null, primary key(a)) engine='MYISAM'  partition by key /__MAXWELL__/ ( partition pa1 max_rows=20 min_rows=2, partition pa2 max_rows=30 min_rows=3, partition pa3 max_rows=30 min_rows=4, partition pa4 max_rows=40 min_rows=2)
[1] 23:44:16,262 DEBUG SchemaChange - SQL_PARSE <- "create table t1 (a float not null, primary key(a)) engine='MYISAM'  partition by key /__MAXWELL__/ ( partition pa1 max_rows=20 min_rows=2, partition pa2 max_rows=30 min_rows=3, partition pa3 max_rows=30 min_rows=4, partition pa4 max_rows=40 min_rows=2)"
[1] 23:44:16,263 DEBUG SchemaChange - rewrote SQL to create table t1 (a float not null, primary key(a)) engine='MYISAM'  partition by key /__MAXWELL__/ ( /__MAXWELL__/
[1] 23:44:16,263 DEBUG SchemaChange - SQL_PARSE <- "create table t1 (a float not null, primary key(a)) engine='MYISAM'  partition by key /__MAXWELL__/ ( /__MAXWELL__/"
[1] 23:44:16,263 DEBUG SchemaChange - SQL_PARSE ->   (parse (statement (create_table (create_table_preamble create table (table_name (name (id t1)))) (create_specifications ( (create_specification (column_definition (name (id a)) (data_type (signed_type float (column_options (nullability not null)))))) , (create_specification (index_definition (index_type_pk primary key (index_column_list ( (index_columns (index_column (name (id a)))) ))))) )) (table_creation_option (creation_engine engine = (string_literal 'MYISAM'))) (table_creation_option (partition_by partition by (partition_by_what key (skip_parens /__MAXWELL__/)) (partition_definitions ( (skip_parens_inside_partition_definitions /__MAXWELL__/)))))) <EOF>)
[1] 23:44:16,263 DEBUG SchemaChange - SQL_PARSE <- "create table t1 (a float) partition by key (a)"
[1] 23:44:16,263 DEBUG SchemaChange - rewrote SQL to create table t1 (a float) partition by key /__MAXWELL__/
[1] 23:44:16,263 DEBUG SchemaChange - SQL_PARSE <- "create table t1 (a float) partition by key /__MAXWELL__/"
[1] 23:44:16,263 DEBUG SchemaChange - SQL_PARSE ->   (parse (statement (create_table (create_table_preamble create table (table_name (name (id t1)))) (create_specifications ( (create_specification (column_definition (name (id a)) (data_type (signed_type float)))) )) (table_creation_option (partition_by partition by (partition_by_what key (skip_parens /__MAXWELL__/)))))) <EOF>)
[1] 23:44:16,263 DEBUG SchemaChange - SQL_PARSE <- "create table t1 (a int NOT NULL, b varchar(5) NOT NULL) default charset=utf8 partition by list (a) subpartition by key (b) (partition p0 values in (1), partition p1 values in (2))"
[1] 23:44:16,265 DEBUG SchemaChange - rewrote SQL to create table t1 (a int NOT NULL, b varchar(5) NOT NULL) default charset=utf8 partition by list /__MAXWELL__/ subpartition by key (b) (partition p0 values in (1), partition p1 values in (2))
[1] 23:44:16,265 DEBUG SchemaChange - SQL_PARSE <- "create table t1 (a int NOT NULL, b varchar(5) NOT NULL) default charset=utf8 partition by list /__MAXWELL__/ subpartition by key (b) (partition p0 values in (1), partition p1 values in (2))"
[1] 23:44:16,265 DEBUG SchemaChange - rewrote SQL to create table t1 (a int NOT NULL, b varchar(5) NOT NULL) default charset=utf8 partition by list /__MAXWELL__/ subpartition by key /__MAXWELL__/ (partition p0 values in (1), partition p1 values in (2))
[1] 23:44:16,265 DEBUG SchemaChange - SQL_PARSE <- "create table t1 (a int NOT NULL, b varchar(5) NOT NULL) default charset=utf8 partition by list /__MAXWELL__/ subpartition by key /__MAXWELL__/ (partition p0 values in (1), partition p1 values in (2))"
[1] 23:44:16,266 DEBUG SchemaChange - rewrote SQL to create table t1 (a int NOT NULL, b varchar(5) NOT NULL) default charset=utf8 partition by list /__MAXWELL__/ subpartition by key /__MAXWELL__/ (/__MAXWELL__/
[1] 23:44:16,266 DEBUG SchemaChange - SQL_PARSE <- "create table t1 (a int NOT NULL, b varchar(5) NOT NULL) default charset=utf8 partition by list /__MAXWELL__/ subpartition by key /__MAXWELL__/ (/__MAXWELL__/"
[1] 23:44:16,266 DEBUG SchemaChange - SQL_PARSE ->   (parse (statement (create_table (create_table_preamble create table (table_name (name (id t1)))) (create_specifications ( (create_specification (column_definition (name (id a)) (data_type (signed_type int (column_options (nullability NOT NULL)))))) , (create_specification (column_definition (name (id b)) (data_type (string_type varchar (length ( 5 )) (column_options (nullability NOT NULL)))))) )) (table_creation_option (creation_character_set default charset = (charset_name utf8))) (table_creation_option (partition_by partition by (partition_by_what list (skip_parens /__MAXWELL__/)) (subpartition_by subpartition by (partition_by_what key (skip_parens /__MAXWELL__/))) (partition_definitions ( (skip_parens_inside_partition_definitions /__MAXWELL__/)))))) <EOF>)
[1] 23:44:16,266 DEBUG SchemaChange - SQL_PARSE <- "create table t1 (a int auto_increment primary key) auto_increment=100 partition by list (a) (partition p0 values in (1, 100))"
[1] 23:44:16,266 DEBUG SchemaChange - rewrote SQL to create table t1 (a int auto_increment primary key) auto_increment=100 partition by list /__MAXWELL__/ (partition p0 values in (1, 100))
[1] 23:44:16,266 DEBUG SchemaChange - SQL_PARSE <- "create table t1 (a int auto_increment primary key) auto_increment=100 partition by list /__MAXWELL__/ (partition p0 values in (1, 100))"
[1] 23:44:16,267 DEBUG SchemaChange - rewrote SQL to create table t1 (a int auto_increment primary key) auto_increment=100 partition by list /__MAXWELL__/ (/__MAXWELL__/
[1] 23:44:16,267 DEBUG SchemaChange - SQL_PARSE <- "create table t1 (a int auto_increment primary key) auto_increment=100 partition by list /__MAXWELL__/ (/__MAXWELL__/"
[1] 23:44:16,267 DEBUG SchemaChange - SQL_PARSE ->   (parse (statement (create_table (create_table_preamble create table (table_name (name (id t1)))) (create_specifications ( (create_specification (column_definition (name (id a)) (data_type (signed_type int (column_options auto_increment) (column_options (primary_key primary key)))))) )) (table_creation_option (creation_auto_increment auto_increment = (integer 100))) (table_creation_option (partition_by partition by (partition_by_what list (skip_parens /__MAXWELL__/)) (partition_definitions ( (skip_parens_inside_partition_definitions /__MAXWELL__/)))))) <EOF>)
[1] 23:44:16,267 DEBUG SchemaChange - SQL_PARSE <- "create table t1 (a int auto_increment primary key) engine = innodb partition by key (a)"
[1] 23:44:16,267 DEBUG SchemaChange - rewrote SQL to create table t1 (a int auto_increment primary key) engine = innodb partition by key /__MAXWELL__/
[1] 23:44:16,267 DEBUG SchemaChange - SQL_PARSE <- "create table t1 (a int auto_increment primary key) engine = innodb partition by key /__MAXWELL__/"
[1] 23:44:16,267 DEBUG SchemaChange - SQL_PARSE ->   (parse (statement (create_table (create_table_preamble create table (table_name (name (id t1)))) (create_specifications ( (create_specification (column_definition (name (id a)) (data_type (signed_type int (column_options auto_increment) (column_options (primary_key primary key)))))) )) (table_creation_option (creation_engine engine = (id innodb))) (table_creation_option (partition_by partition by (partition_by_what key (skip_parens /__MAXWELL__/)))))) <EOF>)
[1] 23:44:16,267 DEBUG SchemaChange - SQL_PARSE <- "create table t1 (a int not null) engine=archive partition by list (a) (partition p0 values in (1), partition p1 values in (2))"
[1] 23:44:16,268 DEBUG SchemaChange - rewrote SQL to create table t1 (a int not null) engine=archive partition by list /__MAXWELL__/ (partition p0 values in (1), partition p1 values in (2))
[1] 23:44:16,268 DEBUG SchemaChange - SQL_PARSE <- "create table t1 (a int not null) engine=archive partition by list /__MAXWELL__/ (partition p0 values in (1), partition p1 values in (2))"
[1] 23:44:16,268 DEBUG SchemaChange - rewrote SQL to create table t1 (a int not null) engine=archive partition by list /__MAXWELL__/ (/__MAXWELL__/
[1] 23:44:16,268 DEBUG SchemaChange - SQL_PARSE <- "create table t1 (a int not null) engine=archive partition by list /__MAXWELL__/ (/__MAXWELL__/"
[1] 23:44:16,268 DEBUG SchemaChange - SQL_PARSE ->   (parse (statement (create_table (create_table_preamble create table (table_name (name (id t1)))) (create_specifications ( (create_specification (column_definition (name (id a)) (data_type (signed_type int (column_options (nullability not null)))))) )) (table_creation_option (creation_engine engine = (id archive))) (table_creation_option (partition_by partition by (partition_by_what list (skip_parens /__MAXWELL__/)) (partition_definitions ( (skip_parens_inside_partition_definitions /__MAXWELL__/)))))) <EOF>)
[1] 23:44:16,268 DEBUG SchemaChange - SQL_PARSE <- "create table t1 (a int not null) partition by key (a)"
[1] 23:44:16,268 DEBUG SchemaChange - rewrote SQL to create table t1 (a int not null) partition by key /__MAXWELL__/
[1] 23:44:16,268 DEBUG SchemaChange - SQL_PARSE <- "create table t1 (a int not null) partition by key /__MAXWELL__/"
[1] 23:44:16,269 DEBUG SchemaChange - SQL_PARSE ->   (parse (statement (create_table (create_table_preamble create table (table_name (name (id t1)))) (create_specifications ( (create_specification (column_definition (name (id a)) (data_type (signed_type int (column_options (nullability not null)))))) )) (table_creation_option (partition_by partition by (partition_by_what key (skip_parens /__MAXWELL__/)))))) <EOF>)
[1] 23:44:16,269 DEBUG SchemaChange - SQL_PARSE <- "create table t1 (a int not null) partition by range columns(a) ( partition p0 values less than (10), partition p1 values less than (20), partition p2 values less than (30), partition p3 values less than (40), partition p4 values less than (50), partition p5 values less than (60), partition p6 values less than (70) )"
[1] 23:44:16,269 DEBUG SchemaChange - rewrote SQL to create table t1 (a int not null) partition by range columns/__MAXWELL__/ ( partition p0 values less than (10), partition p1 values less than (20), partition p2 values less than (30), partition p3 values less than (40), partition p4 values less than (50), partition p5 values less than (60), partition p6 values less than (70) )
[1] 23:44:16,269 DEBUG SchemaChange - SQL_PARSE <- "create table t1 (a int not null) partition by range columns/__MAXWELL__/ ( partition p0 values less than (10), partition p1 values less than (20), partition p2 values less than (30), partition p3 values less than (40), partition p4 values less than (50), partition p5 values less than (60), partition p6 values less than (70) )"
[1] 23:44:16,269 DEBUG SchemaChange - rewrote SQL to create table t1 (a int not null) partition by range columns/__MAXWELL__/ ( /__MAXWELL__/
[1] 23:44:16,269 DEBUG SchemaChange - SQL_PARSE <- "create table t1 (a int not null) partition by range columns/__MAXWELL__/ ( /__MAXWELL__/"
[1] 23:44:16,269 DEBUG SchemaChange - SQL_PARSE ->   (parse (statement (create_table (create_table_preamble create table (table_name (name (id t1)))) (create_specifications ( (create_specification (column_definition (name (id a)) (data_type (signed_type int (column_options (nullability not null)))))) )) (table_creation_option (partition_by partition by (partition_by_what range columns (skip_parens /__MAXWELL__/)) (partition_definitions ( (skip_parens_inside_partition_definitions /__MAXWELL__/)))))) <EOF>)
[1] 23:44:16,270 DEBUG SchemaChange - SQL_PARSE <- "create table t1 (a int not null, b datetime not null, primary key (a,b)) engine=innodb partition by range (to_days(b)) subpartition by hash (a) subpartitions 2 ( partition p0 values less than (to_days('2009-01-01')), partition p1 values less than (to_days('2009-02-01')), partition p2 values less than (to_days('2009-03-01')), partition p3 values less than maxvalue)"
[1] 23:44:16,270 DEBUG SchemaChange - rewrote SQL to create table t1 (a int not null, b datetime not null, primary key (a,b)) engine=innodb partition by range /__MAXWELL__/ subpartition by hash (a) subpartitions 2 ( partition p0 values less than (to_days('2009-01-01')), partition p1 values less than (to_days('2009-02-01')), partition p2 values less than (to_days('2009-03-01')), partition p3 values less than maxvalue)
[1] 23:44:16,270 DEBUG SchemaChange - SQL_PARSE <- "create table t1 (a int not null, b datetime not null, primary key (a,b)) engine=innodb partition by range /__MAXWELL__/ subpartition by hash (a) subpartitions 2 ( partition p0 values less than (to_days('2009-01-01')), partition p1 values less than (to_days('2009-02-01')), partition p2 values less than (to_days('2009-03-01')), partition p3 values less than maxvalue)"
[1] 23:44:16,270 DEBUG SchemaChange - rewrote SQL to create table t1 (a int not null, b datetime not null, primary key (a,b)) engine=innodb partition by range /__MAXWELL__/ subpartition by hash /__MAXWELL__/ subpartitions 2 ( partition p0 values less than (to_days('2009-01-01')), partition p1 values less than (to_days('2009-02-01')), partition p2 values less than (to_days('2009-03-01')), partition p3 values less than maxvalue)
[1] 23:44:16,270 DEBUG SchemaChange - SQL_PARSE <- "create table t1 (a int not null, b datetime not null, primary key (a,b)) engine=innodb partition by range /__MAXWELL__/ subpartition by hash /__MAXWELL__/ subpartitions 2 ( partition p0 values less than (to_days('2009-01-01')), partition p1 values less than (to_days('2009-02-01')), partition p2 values less than (to_days('2009-03-01')), partition p3 values less than maxvalue)"
[1] 23:44:16,271 DEBUG SchemaChange - rewrote SQL to create table t1 (a int not null, b datetime not null, primary key (a,b)) engine=innodb partition by range /__MAXWELL__/ subpartition by hash /__MAXWELL__/ subpartitions 2 ( /__MAXWELL__/
[1] 23:44:16,271 DEBUG SchemaChange - SQL_PARSE <- "create table t1 (a int not null, b datetime not null, primary key (a,b)) engine=innodb partition by range /__MAXWELL__/ subpartition by hash /__MAXWELL__/ subpartitions 2 ( /__MAXWELL__/"
[1] 23:44:16,271 DEBUG SchemaChange - SQL_PARSE ->   (parse (statement (create_table (create_table_preamble create table (table_name (name (id t1)))) (create_specifications ( (create_specification (column_definition (name (id a)) (data_type (signed_type int (column_options (nullability not null)))))) , (create_specification (column_definition (name (id b)) (data_type (generic_type datetime (column_options (nullability not null)))))) , (create_specification (index_definition (index_type_pk primary key (index_column_list ( (index_columns (index_column (name (id a))) , (index_column (name (id b)))) ))))) )) (table_creation_option (creation_engine engine = (id innodb))) (table_creation_option (partition_by partition by (partition_by_what range (skip_parens /__MAXWELL__/)) (subpartition_by subpartition by (partition_by_what hash (skip_parens /__MAXWELL__/)) subpartitions 2) (partition_definitions ( (skip_parens_inside_partition_definitions /__MAXWELL__/)))))) <EOF>)
[1] 23:44:16,272 DEBUG SchemaChange - SQL_PARSE <- "create table t1 (a int not null, b int not null )  partition by range columns(a,b) ( partition p01 values less than (2,10), partition p02 values less than (2,20), partition p03 values less than (2,30), partition p11 values less than (4,10), partition p12 values less than (4,20), partition p13 values less than (4,30), partition p21 values less than (6,10), partition p22 values less than (6,20), partition p23 values less than (6,30) )"
[1] 23:44:16,272 DEBUG SchemaChange - rewrote SQL to create table t1 (a int not null, b int not null )  partition by range columns/__MAXWELL__/ ( partition p01 values less than (2,10), partition p02 values less than (2,20), partition p03 values less than (2,30), partition p11 values less than (4,10), partition p12 values less than (4,20), partition p13 values less than (4,30), partition p21 values less than (6,10), partition p22 values less than (6,20), partition p23 values less than (6,30) )
[1] 23:44:16,272 DEBUG SchemaChange - SQL_PARSE <- "create table t1 (a int not null, b int not null )  partition by range columns/__MAXWELL__/ ( partition p01 values less than (2,10), partition p02 values less than (2,20), partition p03 values less than (2,30), partition p11 values less than (4,10), partition p12 values less than (4,20), partition p13 values less than (4,30), partition p21 values less than (6,10), partition p22 values less than (6,20), partition p23 values less than (6,30) )"
[1] 23:44:16,273 DEBUG SchemaChange - rewrote SQL to create table t1 (a int not null, b int not null )  partition by range columns/__MAXWELL__/ ( /__MAXWELL__/
[1] 23:44:16,273 DEBUG SchemaChange - SQL_PARSE <- "create table t1 (a int not null, b int not null )  partition by range columns/__MAXWELL__/ ( /__MAXWELL__/"
[1] 23:44:16,273 DEBUG SchemaChange - SQL_PARSE ->   (parse (statement (create_table (create_table_preamble create table (table_name (name (id t1)))) (create_specifications ( (create_specification (column_definition (name (id a)) (data_type (signed_type int (column_options (nullability not null)))))) , (create_specification (column_definition (name (id b)) (data_type (signed_type int (column_options (nullability not null)))))) )) (table_creation_option (partition_by partition by (partition_by_what range columns (skip_parens /__MAXWELL__/)) (partition_definitions ( (skip_parens_inside_partition_definitions /__MAXWELL__/)))))) <EOF>)
[1] 23:44:16,273 DEBUG SchemaChange - SQL_PARSE <- "create table t1 (a int not null, b int not null) partition by LIST (a+b) ( partition p0 values in (12), partition p1 values in (14) )"
[1] 23:44:16,273 DEBUG SchemaChange - rewrote SQL to create table t1 (a int not null, b int not null) partition by LIST /__MAXWELL__/ ( partition p0 values in (12), partition p1 values in (14) )
[1] 23:44:16,273 DEBUG SchemaChange - SQL_PARSE <- "create table t1 (a int not null, b int not null) partition by LIST /__MAXWELL__/ ( partition p0 values in (12), partition p1 values in (14) )"
[1] 23:44:16,273 DEBUG SchemaChange - rewrote SQL to create table t1 (a int not null, b int not null) partition by LIST /__MAXWELL__/ ( /__MAXWELL__/
[1] 23:44:16,274 DEBUG SchemaChange - SQL_PARSE <- "create table t1 (a int not null, b int not null) partition by LIST /__MAXWELL__/ ( /__MAXWELL__/"
[1] 23:44:16,274 DEBUG SchemaChange - SQL_PARSE ->   (parse (statement (create_table (create_table_preamble create table (table_name (name (id t1)))) (create_specifications ( (create_specification (column_definition (name (id a)) (data_type (signed_type int (column_options (nullability not null)))))) , (create_specification (column_definition (name (id b)) (data_type (signed_type int (column_options (nullability not null)))))) )) (table_creation_option (partition_by partition by (partition_by_what LIST (skip_parens /__MAXWELL__/)) (partition_definitions ( (skip_parens_inside_partition_definitions /__MAXWELL__/)))))) <EOF>)
[1] 23:44:16,274 DEBUG SchemaChange - SQL_PARSE <- "create table t1 (a int not null, b int not null) partition by list(a)  subpartition by hash(b) subpartitions 4  ( partition p0 values in (1), partition p1 values in (2), partition p2 values in (3) )"
[1] 23:44:16,274 DEBUG SchemaChange - rewrote SQL to create table t1 (a int not null, b int not null) partition by list/__MAXWELL__/  subpartition by hash(b) subpartitions 4  ( partition p0 values in (1), partition p1 values in (2), partition p2 values in (3) )
[1] 23:44:16,274 DEBUG SchemaChange - SQL_PARSE <- "create table t1 (a int not null, b int not null) partition by list/__MAXWELL__/  subpartition by hash(b) subpartitions 4  ( partition p0 values in (1), partition p1 values in (2), partition p2 values in (3) )"
[1] 23:44:16,274 DEBUG SchemaChange - rewrote SQL to create table t1 (a int not null, b int not null) partition by list/__MAXWELL__/  subpartition by hash/__MAXWELL__/ subpartitions 4  ( partition p0 values in (1), partition p1 values in (2), partition p2 values in (3) )
[1] 23:44:16,274 DEBUG SchemaChange - SQL_PARSE <- "create table t1 (a int not null, b int not null) partition by list/__MAXWELL__/  subpartition by hash/__MAXWELL__/ subpartitions 4  ( partition p0 values in (1), partition p1 values in (2), partition p2 values in (3) )"
[1] 23:44:16,275 DEBUG SchemaChange - rewrote SQL to create table t1 (a int not null, b int not null) partition by list/__MAXWELL__/  subpartition by hash/__MAXWELL__/ subpartitions 4  ( /__MAXWELL__/
[1] 23:44:16,275 DEBUG SchemaChange - SQL_PARSE <- "create table t1 (a int not null, b int not null) partition by list/__MAXWELL__/  subpartition by hash/__MAXWELL__/ subpartitions 4  ( /__MAXWELL__/"
[1] 23:44:16,275 DEBUG SchemaChange - SQL_PARSE ->   (parse (statement (create_table (create_table_preamble create table (table_name (name (id t1)))) (create_specifications ( (create_specification (column_definition (name (id a)) (data_type (signed_type int (column_options (nullability not null)))))) , (create_specification (column_definition (name (id b)) (data_type (signed_type int (column_options (nullability not null)))))) )) (table_creation_option (partition_by partition by (partition_by_what list (skip_parens /__MAXWELL__/)) (subpartition_by subpartition by (partition_by_what hash (skip_parens /__MAXWELL__/)) subpartitions 4) (partition_definitions ( (skip_parens_inside_partition_definitions /__MAXWELL__/)))))) <EOF>)
[1] 23:44:16,275 DEBUG SchemaChange - SQL_PARSE <- "create table t1 (a int not null, b int not null, key(a), key(b)) partition by hash(a) partitions 4"
[1] 23:44:16,275 DEBUG SchemaChange - rewrote SQL to create table t1 (a int not null, b int not null, key(a), key(b)) partition by hash/__MAXWELL__/ partitions 4
[1] 23:44:16,275 DEBUG SchemaChange - SQL_PARSE <- "create table t1 (a int not null, b int not null, key(a), key(b)) partition by hash/__MAXWELL__/ partitions 4"
[1] 23:44:16,275 DEBUG SchemaChange - SQL_PARSE ->   (parse (statement (create_table (create_table_preamble create table (table_name (name (id t1)))) (create_specifications ( (create_specification (column_definition (name (id a)) (data_type (signed_type int (column_options (nullability not null)))))) , (create_specification (column_definition (name (id b)) (data_type (signed_type int (column_options (nullability not null)))))) , (create_specification (index_definition (index_type_1 (index_or_key key) (index_column_list ( (index_columns (index_column (name (id a)))) ))))) , (create_specification (index_definition (index_type_1 (index_or_key key) (index_column_list ( (index_columns (index_column (name (id b)))) ))))) )) (table_creation_option (partition_by partition by (partition_by_what hash (skip_parens /__MAXWELL__/)) (partition_count partitions 4))))) <EOF>)
[1] 23:44:16,275 DEBUG SchemaChange - SQL_PARSE <- "create table t1 (a int not null, b int, c varchar(20), key (a,b,c)) partition by range (b) (partition p0 values less than (5), partition p1 values less than (10))"
[1] 23:44:16,276 DEBUG SchemaChange - rewrote SQL to create table t1 (a int not null, b int, c varchar(20), key (a,b,c)) partition by range /__MAXWELL__/ (partition p0 values less than (5), partition p1 values less than (10))
[1] 23:44:16,276 DEBUG SchemaChange - SQL_PARSE <- "create table t1 (a int not null, b int, c varchar(20), key (a,b,c)) partition by range /__MAXWELL__/ (partition p0 values less than (5), partition p1 values less than (10))"
[1] 23:44:16,276 DEBUG SchemaChange - rewrote SQL to create table t1 (a int not null, b int, c varchar(20), key (a,b,c)) partition by range /__MAXWELL__/ (/__MAXWELL__/
[1] 23:44:16,276 DEBUG SchemaChange - SQL_PARSE <- "create table t1 (a int not null, b int, c varchar(20), key (a,b,c)) partition by range /__MAXWELL__/ (/__MAXWELL__/"
[1] 23:44:16,276 DEBUG SchemaChange - SQL_PARSE ->   (parse (statement (create_table (create_table_preamble create table (table_name (name (id t1)))) (create_specifications ( (create_specification (column_definition (name (id a)) (data_type (signed_type int (column_options (nullability not null)))))) , (create_specification (column_definition (name (id b)) (data_type (signed_type int)))) , (create_specification (column_definition (name (id c)) (data_type (string_type varchar (length ( 20 )))))) , (create_specification (index_definition (index_type_1 (index_or_key key) (index_column_list ( (index_columns (index_column (name (id a))) , (index_column (name (id b))) , (index_column (name (id c)))) ))))) )) (table_creation_option (partition_by partition by (partition_by_what range (skip_parens /__MAXWELL__/)) (partition_definitions ( (skip_parens_inside_partition_definitions /__MAXWELL__/)))))) <EOF>)
[1] 23:44:16,276 DEBUG SchemaChange - SQL_PARSE <- "create table t1 (a int not null,b int not null,c int not null, primary key(a,b)) partition by list (b*a) (partition x1 values in (1) tablespace ts1, partition x2 values in (3, 11, 5, 7) tablespace ts2, partition x3 values in (16, 8, 5+19, 70-43) tablespace ts3)"
[1] 23:44:16,277 DEBUG SchemaChange - rewrote SQL to create table t1 (a int not null,b int not null,c int not null, primary key(a,b)) partition by list /__MAXWELL__/ (partition x1 values in (1) tablespace ts1, partition x2 values in (3, 11, 5, 7) tablespace ts2, partition x3 values in (16, 8, 5+19, 70-43) tablespace ts3)
[1] 23:44:16,277 DEBUG SchemaChange - SQL_PARSE <- "create table t1 (a int not null,b int not null,c int not null, primary key(a,b)) partition by list /__MAXWELL__/ (partition x1 values in (1) tablespace ts1, partition x2 values in (3, 11, 5, 7) tablespace ts2, partition x3 values in (16, 8, 5+19, 70-43) tablespace ts3)"
[1] 23:44:16,277 DEBUG SchemaChange - rewrote SQL to create table t1 (a int not null,b int not null,c int not null, primary key(a,b)) partition by list /__MAXWELL__/ (/__MAXWELL__/
[1] 23:44:16,277 DEBUG SchemaChange - SQL_PARSE <- "create table t1 (a int not null,b int not null,c int not null, primary key(a,b)) partition by list /__MAXWELL__/ (/__MAXWELL__/"
[1] 23:44:16,277 DEBUG SchemaChange - SQL_PARSE ->   (parse (statement (create_table (create_table_preamble create table (table_name (name (id t1)))) (create_specifications ( (create_specification (column_definition (name (id a)) (data_type (signed_type int (column_options (nullability not null)))))) , (create_specification (column_definition (name (id b)) (data_type (signed_type int (column_options (nullability not null)))))) , (create_specification (column_definition (name (id c)) (data_type (signed_type int (column_options (nullability not null)))))) , (create_specification (index_definition (index_type_pk primary key (index_column_list ( (index_columns (index_column (name (id a))) , (index_column (name (id b)))) ))))) )) (table_creation_option (partition_by partition by (partition_by_what list (skip_parens /__MAXWELL__/)) (partition_definitions ( (skip_parens_inside_partition_definitions /__MAXWELL__/)))))) <EOF>)
[1] 23:44:16,277 DEBUG SchemaChange - SQL_PARSE <- "create table t1 (a int not null,b int not null,c int not null,primary key (a,b)) partition by range (a) subpartition by hash (a+b) ( partition x1 values less than (1) ( subpartition x11 tablespace t1, subpartition x12 tablespace t2), partition x2 values less than (5) ( subpartition x21 tablespace t1, subpartition x22 tablespace t2) )"
[1] 23:44:16,278 DEBUG SchemaChange - rewrote SQL to create table t1 (a int not null,b int not null,c int not null,primary key (a,b)) partition by range /__MAXWELL__/ subpartition by hash (a+b) ( partition x1 values less than (1) ( subpartition x11 tablespace t1, subpartition x12 tablespace t2), partition x2 values less than (5) ( subpartition x21 tablespace t1, subpartition x22 tablespace t2) )
[1] 23:44:16,278 DEBUG SchemaChange - SQL_PARSE <- "create table t1 (a int not null,b int not null,c int not null,primary key (a,b)) partition by range /__MAXWELL__/ subpartition by hash (a+b) ( partition x1 values less than (1) ( subpartition x11 tablespace t1, subpartition x12 tablespace t2), partition x2 values less than (5) ( subpartition x21 tablespace t1, subpartition x22 tablespace t2) )"
[1] 23:44:16,278 DEBUG SchemaChange - rewrote SQL to create table t1 (a int not null,b int not null,c int not null,primary key (a,b)) partition by range /__MAXWELL__/ subpartition by hash /__MAXWELL__/ ( partition x1 values less than (1) ( subpartition x11 tablespace t1, subpartition x12 tablespace t2), partition x2 values less than (5) ( subpartition x21 tablespace t1, subpartition x22 tablespace t2) )
[1] 23:44:16,278 DEBUG SchemaChange - SQL_PARSE <- "create table t1 (a int not null,b int not null,c int not null,primary key (a,b)) partition by range /__MAXWELL__/ subpartition by hash /__MAXWELL__/ ( partition x1 values less than (1) ( subpartition x11 tablespace t1, subpartition x12 tablespace t2), partition x2 values less than (5) ( subpartition x21 tablespace t1, subpartition x22 tablespace t2) )"
[1] 23:44:16,278 DEBUG SchemaChange - rewrote SQL to create table t1 (a int not null,b int not null,c int not null,primary key (a,b)) partition by range /__MAXWELL__/ subpartition by hash /__MAXWELL__/ ( /__MAXWELL__/
[1] 23:44:16,278 DEBUG SchemaChange - SQL_PARSE <- "create table t1 (a int not null,b int not null,c int not null,primary key (a,b)) partition by range /__MAXWELL__/ subpartition by hash /__MAXWELL__/ ( /__MAXWELL__/"
[1] 23:44:16,279 DEBUG SchemaChange - SQL_PARSE ->   (parse (statement (create_table (create_table_preamble create table (table_name (name (id t1)))) (create_specifications ( (create_specification (column_definition (name (id a)) (data_type (signed_type int (column_options (nullability not null)))))) , (create_specification (column_definition (name (id b)) (data_type (signed_type int (column_options (nullability not null)))))) , (create_specification (column_definition (name (id c)) (data_type (signed_type int (column_options (nullability not null)))))) , (create_specification (index_definition (index_type_pk primary key (index_column_list ( (index_columns (index_column (name (id a))) , (index_column (name (id b)))) ))))) )) (table_creation_option (partition_by partition by (partition_by_what range (skip_parens /__MAXWELL__/)) (subpartition_by subpartition by (partition_by_what hash (skip_parens /__MAXWELL__/))) (partition_definitions ( (skip_parens_inside_partition_definitions /__MAXWELL__/)))))) <EOF>)
[1] 23:44:16,279 DEBUG SchemaChange - SQL_PARSE <- "create table t1 (a int not null,b int not null,c int not null,primary key (a,b)) partition by range (a) subpartition by hash (a+b) (partition x1 values less than (1) (subpartition x11, subpartition x12), partition x2 values less than (5) (subpartition x21, subpartition x22))"
[1] 23:44:16,279 DEBUG SchemaChange - rewrote SQL to create table t1 (a int not null,b int not null,c int not null,primary key (a,b)) partition by range /__MAXWELL__/ subpartition by hash (a+b) (partition x1 values less than (1) (subpartition x11, subpartition x12), partition x2 values less than (5) (subpartition x21, subpartition x22))
[1] 23:44:16,279 DEBUG SchemaChange - SQL_PARSE <- "create table t1 (a int not null,b int not null,c int not null,primary key (a,b)) partition by range /__MAXWELL__/ subpartition by hash (a+b) (partition x1 values less than (1) (subpartition x11, subpartition x12), partition x2 values less than (5) (subpartition x21, subpartition x22))"
[1] 23:44:16,280 DEBUG SchemaChange - rewrote SQL to create table t1 (a int not null,b int not null,c int not null,primary key (a,b)) partition by range /__MAXWELL__/ subpartition by hash /__MAXWELL__/ (partition x1 values less than (1) (subpartition x11, subpartition x12), partition x2 values less than (5) (subpartition x21, subpartition x22))
[1] 23:44:16,280 DEBUG SchemaChange - SQL_PARSE <- "create table t1 (a int not null,b int not null,c int not null,primary key (a,b)) partition by range /__MAXWELL__/ subpartition by hash /__MAXWELL__/ (partition x1 values less than (1) (subpartition x11, subpartition x12), partition x2 values less than (5) (subpartition x21, subpartition x22))"
[1] 23:44:16,280 DEBUG SchemaChange - rewrote SQL to create table t1 (a int not null,b int not null,c int not null,primary key (a,b)) partition by range /__MAXWELL__/ subpartition by hash /__MAXWELL__/ (/__MAXWELL__/
[1] 23:44:16,280 DEBUG SchemaChange - SQL_PARSE <- "create table t1 (a int not null,b int not null,c int not null,primary key (a,b)) partition by range /__MAXWELL__/ subpartition by hash /__MAXWELL__/ (/__MAXWELL__/"
[1] 23:44:16,280 DEBUG SchemaChange - SQL_PARSE ->   (parse (statement (create_table (create_table_preamble create table (table_name (name (id t1)))) (create_specifications ( (create_specification (column_definition (name (id a)) (data_type (signed_type int (column_options (nullability not null)))))) , (create_specification (column_definition (name (id b)) (data_type (signed_type int (column_options (nullability not null)))))) , (create_specification (column_definition (name (id c)) (data_type (signed_type int (column_options (nullability not null)))))) , (create_specification (index_definition (index_type_pk primary key (index_column_list ( (index_columns (index_column (name (id a))) , (index_column (name (id b)))) ))))) )) (table_creation_option (partition_by partition by (partition_by_what range (skip_parens /__MAXWELL__/)) (subpartition_by subpartition by (partition_by_what hash (skip_parens /__MAXWELL__/))) (partition_definitions ( (skip_parens_inside_partition_definitions /__MAXWELL__/)))))) <EOF>)
[1] 23:44:16,280 DEBUG SchemaChange - SQL_PARSE <- "create table t1 (a int signed) partition by list (a) ( partition p0 values in (1, 3, 5, 7, 9, NULL), partition p1 values in (2, 4, 6, 8, 0))"
[1] 23:44:16,281 DEBUG SchemaChange - rewrote SQL to create table t1 (a int signed) partition by list /__MAXWELL__/ ( partition p0 values in (1, 3, 5, 7, 9, NULL), partition p1 values in (2, 4, 6, 8, 0))
[1] 23:44:16,281 DEBUG SchemaChange - SQL_PARSE <- "create table t1 (a int signed) partition by list /__MAXWELL__/ ( partition p0 values in (1, 3, 5, 7, 9, NULL), partition p1 values in (2, 4, 6, 8, 0))"
[1] 23:44:16,281 DEBUG SchemaChange - rewrote SQL to create table t1 (a int signed) partition by list /__MAXWELL__/ ( /__MAXWELL__/
[1] 23:44:16,281 DEBUG SchemaChange - SQL_PARSE <- "create table t1 (a int signed) partition by list /__MAXWELL__/ ( /__MAXWELL__/"
[1] 23:44:16,281 DEBUG SchemaChange - SQL_PARSE ->   (parse (statement (create_table (create_table_preamble create table (table_name (name (id t1)))) (create_specifications ( (create_specification (column_definition (name (id a)) (data_type (signed_type int (int_flags signed))))) )) (table_creation_option (partition_by partition by (partition_by_what list (skip_parens /__MAXWELL__/)) (partition_definitions ( (skip_parens_inside_partition_definitions /__MAXWELL__/)))))) <EOF>)
[1] 23:44:16,282 DEBUG SchemaChange - SQL_PARSE <- "create table t1 (a int signed) partition by list columns(a) ( partition p0 values in (1, 3, 5, 7, 9, NULL), partition p1 values in (2, 4, 6, 8, 0))"
[1] 23:44:16,282 DEBUG SchemaChange - rewrote SQL to create table t1 (a int signed) partition by list columns/__MAXWELL__/ ( partition p0 values in (1, 3, 5, 7, 9, NULL), partition p1 values in (2, 4, 6, 8, 0))
[1] 23:44:16,282 DEBUG SchemaChange - SQL_PARSE <- "create table t1 (a int signed) partition by list columns/__MAXWELL__/ ( partition p0 values in (1, 3, 5, 7, 9, NULL), partition p1 values in (2, 4, 6, 8, 0))"
[1] 23:44:16,283 DEBUG SchemaChange - rewrote SQL to create table t1 (a int signed) partition by list columns/__MAXWELL__/ ( /__MAXWELL__/
[1] 23:44:16,283 DEBUG SchemaChange - SQL_PARSE <- "create table t1 (a int signed) partition by list columns/__MAXWELL__/ ( /__MAXWELL__/"
[1] 23:44:16,283 DEBUG SchemaChange - SQL_PARSE ->   (parse (statement (create_table (create_table_preamble create table (table_name (name (id t1)))) (create_specifications ( (create_specification (column_definition (name (id a)) (data_type (signed_type int (int_flags signed))))) )) (table_creation_option (partition_by partition by (partition_by_what list columns (skip_parens /__MAXWELL__/)) (partition_definitions ( (skip_parens_inside_partition_definitions /__MAXWELL__/)))))) <EOF>)
[1] 23:44:16,283 DEBUG SchemaChange - SQL_PARSE <- "create table t1 (a int unsigned not null auto_increment primary key) partition by key(a)"
[1] 23:44:16,283 DEBUG SchemaChange - rewrote SQL to create table t1 (a int unsigned not null auto_increment primary key) partition by key/__MAXWELL__/
[1] 23:44:16,283 DEBUG SchemaChange - SQL_PARSE <- "create table t1 (a int unsigned not null auto_increment primary key) partition by key/__MAXWELL__/"
[1] 23:44:16,284 DEBUG SchemaChange - SQL_PARSE ->   (parse (statement (create_table (create_table_preamble create table (table_name (name (id t1)))) (create_specifications ( (create_specification (column_definition (name (id a)) (data_type (signed_type int (int_flags unsigned) (column_options (nullability not null)) (column_options auto_increment) (column_options (primary_key primary key)))))) )) (table_creation_option (partition_by partition by (partition_by_what key (skip_parens /__MAXWELL__/)))))) <EOF>)
[1] 23:44:16,284 DEBUG SchemaChange - SQL_PARSE <- "create table t1 (a int unsigned) partition by hash(a div 2) partitions 4"
[1] 23:44:16,284 DEBUG SchemaChange - rewrote SQL to create table t1 (a int unsigned) partition by hash/__MAXWELL__/ partitions 4
[1] 23:44:16,284 DEBUG SchemaChange - SQL_PARSE <- "create table t1 (a int unsigned) partition by hash/__MAXWELL__/ partitions 4"
[1] 23:44:16,284 DEBUG SchemaChange - SQL_PARSE ->   (parse (statement (create_table (create_table_preamble create table (table_name (name (id t1)))) (create_specifications ( (create_specification (column_definition (name (id a)) (data_type (signed_type int (int_flags unsigned))))) )) (table_creation_option (partition_by partition by (partition_by_what hash (skip_parens /__MAXWELL__/)) (partition_count partitions 4))))) <EOF>)
[1] 23:44:16,284 DEBUG SchemaChange - SQL_PARSE <- "create table t1 (a int unsigned) partition by list (a) (partition p0 values in (0), partition p1 values in (1), partition pnull values in (null), partition p2 values in (2))"
[1] 23:44:16,285 DEBUG SchemaChange - rewrote SQL to create table t1 (a int unsigned) partition by list /__MAXWELL__/ (partition p0 values in (0), partition p1 values in (1), partition pnull values in (null), partition p2 values in (2))
[1] 23:44:16,285 DEBUG SchemaChange - SQL_PARSE <- "create table t1 (a int unsigned) partition by list /__MAXWELL__/ (partition p0 values in (0), partition p1 values in (1), partition pnull values in (null), partition p2 values in (2))"
[1] 23:44:16,285 DEBUG SchemaChange - rewrote SQL to create table t1 (a int unsigned) partition by list /__MAXWELL__/ (/__MAXWELL__/
[1] 23:44:16,285 DEBUG SchemaChange - SQL_PARSE <- "create table t1 (a int unsigned) partition by list /__MAXWELL__/ (/__MAXWELL__/"
[1] 23:44:16,285 DEBUG SchemaChange - SQL_PARSE ->   (parse (statement (create_table (create_table_preamble create table (table_name (name (id t1)))) (create_specifications ( (create_specification (column_definition (name (id a)) (data_type (signed_type int (int_flags unsigned))))) )) (table_creation_option (partition_by partition by (partition_by_what list (skip_parens /__MAXWELL__/)) (partition_definitions ( (skip_parens_inside_partition_definitions /__MAXWELL__/)))))) <EOF>)
[1] 23:44:16,285 DEBUG SchemaChange - SQL_PARSE <- "create table t1 (a int unsigned) partition by range (a) (partition pnull values less than (0), partition p0 values less than (1), partition p1 values less than(2))"
[1] 23:44:16,286 DEBUG SchemaChange - rewrote SQL to create table t1 (a int unsigned) partition by range /__MAXWELL__/ (partition pnull values less than (0), partition p0 values less than (1), partition p1 values less than(2))
[1] 23:44:16,286 DEBUG SchemaChange - SQL_PARSE <- "create table t1 (a int unsigned) partition by range /__MAXWELL__/ (partition pnull values less than (0), partition p0 values less than (1), partition p1 values less than(2))"
[1] 23:44:16,286 DEBUG SchemaChange - rewrote SQL to create table t1 (a int unsigned) partition by range /__MAXWELL__/ (/__MAXWELL__/
[1] 23:44:16,286 DEBUG SchemaChange - SQL_PARSE <- "create table t1 (a int unsigned) partition by range /__MAXWELL__/ (/__MAXWELL__/"
[1] 23:44:16,286 DEBUG SchemaChange - SQL_PARSE ->   (parse (statement (create_table (create_table_preamble create table (table_name (name (id t1)))) (create_specifications ( (create_specification (column_definition (name (id a)) (data_type (signed_type int (int_flags unsigned))))) )) (table_creation_option (partition_by partition by (partition_by_what range (skip_parens /__MAXWELL__/)) (partition_definitions ( (skip_parens_inside_partition_definitions /__MAXWELL__/)))))) <EOF>)
[1] 23:44:16,286 DEBUG SchemaChange - SQL_PARSE <- "create table t1 (a int unsigned, b int unsigned) partition by range (a) subpartition by hash (b) subpartitions 2 (partition pnull values less than (0), partition p0 values less than (1), partition p1 values less than(2))"
[1] 23:44:16,286 DEBUG SchemaChange - rewrote SQL to create table t1 (a int unsigned, b int unsigned) partition by range /__MAXWELL__/ subpartition by hash (b) subpartitions 2 (partition pnull values less than (0), partition p0 values less than (1), partition p1 values less than(2))
[1] 23:44:16,286 DEBUG SchemaChange - SQL_PARSE <- "create table t1 (a int unsigned, b int unsigned) partition by range /__MAXWELL__/ subpartition by hash (b) subpartitions 2 (partition pnull values less than (0), partition p0 values less than (1), partition p1 values less than(2))"
[1] 23:44:16,287 DEBUG SchemaChange - rewrote SQL to create table t1 (a int unsigned, b int unsigned) partition by range /__MAXWELL__/ subpartition by hash /__MAXWELL__/ subpartitions 2 (partition pnull values less than (0), partition p0 values less than (1), partition p1 values less than(2))
[1] 23:44:16,287 DEBUG SchemaChange - SQL_PARSE <- "create table t1 (a int unsigned, b int unsigned) partition by range /__MAXWELL__/ subpartition by hash /__MAXWELL__/ subpartitions 2 (partition pnull values less than (0), partition p0 values less than (1), partition p1 values less than(2))"
[1] 23:44:16,287 DEBUG SchemaChange - rewrote SQL to create table t1 (a int unsigned, b int unsigned) partition by range /__MAXWELL__/ subpartition by hash /__MAXWELL__/ subpartitions 2 (/__MAXWELL__/
[1] 23:44:16,287 DEBUG SchemaChange - SQL_PARSE <- "create table t1 (a int unsigned, b int unsigned) partition by range /__MAXWELL__/ subpartition by hash /__MAXWELL__/ subpartitions 2 (/__MAXWELL__/"
[1] 23:44:16,288 DEBUG SchemaChange - SQL_PARSE ->   (parse (statement (create_table (create_table_preamble create table (table_name (name (id t1)))) (create_specifications ( (create_specification (column_definition (name (id a)) (data_type (signed_type int (int_flags unsigned))))) , (create_specification (column_definition (name (id b)) (data_type (signed_type int (int_flags unsigned))))) )) (table_creation_option (partition_by partition by (partition_by_what range (skip_parens /__MAXWELL__/)) (subpartition_by subpartition by (partition_by_what hash (skip_parens /__MAXWELL__/)) subpartitions 2) (partition_definitions ( (skip_parens_inside_partition_definitions /__MAXWELL__/)))))) <EOF>)
[1] 23:44:16,288 DEBUG SchemaChange - SQL_PARSE <- "create table t1 (a int unsigned, b int) partition by list (a) subpartition by hash (b) subpartitions 2 (partition p0 values in (0), partition p1 values in (1), partition pnull values in (null, 2), partition p3 values in (3))"
[1] 23:44:16,288 DEBUG SchemaChange - rewrote SQL to create table t1 (a int unsigned, b int) partition by list /__MAXWELL__/ subpartition by hash (b) subpartitions 2 (partition p0 values in (0), partition p1 values in (1), partition pnull values in (null, 2), partition p3 values in (3))
[1] 23:44:16,288 DEBUG SchemaChange - SQL_PARSE <- "create table t1 (a int unsigned, b int) partition by list /__MAXWELL__/ subpartition by hash (b) subpartitions 2 (partition p0 values in (0), partition p1 values in (1), partition pnull values in (null, 2), partition p3 values in (3))"
[1] 23:44:16,289 DEBUG SchemaChange - rewrote SQL to create table t1 (a int unsigned, b int) partition by list /__MAXWELL__/ subpartition by hash /__MAXWELL__/ subpartitions 2 (partition p0 values in (0), partition p1 values in (1), partition pnull values in (null, 2), partition p3 values in (3))
[1] 23:44:16,289 DEBUG SchemaChange - SQL_PARSE <- "create table t1 (a int unsigned, b int) partition by list /__MAXWELL__/ subpartition by hash /__MAXWELL__/ subpartitions 2 (partition p0 values in (0), partition p1 values in (1), partition pnull values in (null, 2), partition p3 values in (3))"
[1] 23:44:16,289 DEBUG SchemaChange - rewrote SQL to create table t1 (a int unsigned, b int) partition by list /__MAXWELL__/ subpartition by hash /__MAXWELL__/ subpartitions 2 (/__MAXWELL__/
[1] 23:44:16,289 DEBUG SchemaChange - SQL_PARSE <- "create table t1 (a int unsigned, b int) partition by list /__MAXWELL__/ subpartition by hash /__MAXWELL__/ subpartitions 2 (/__MAXWELL__/"
[1] 23:44:16,289 DEBUG SchemaChange - SQL_PARSE ->   (parse (statement (create_table (create_table_preamble create table (table_name (name (id t1)))) (create_specifications ( (create_specification (column_definition (name (id a)) (data_type (signed_type int (int_flags unsigned))))) , (create_specification (column_definition (name (id b)) (data_type (signed_type int)))) )) (table_creation_option (partition_by partition by (partition_by_what list (skip_parens /__MAXWELL__/)) (subpartition_by subpartition by (partition_by_what hash (skip_parens /__MAXWELL__/)) subpartitions 2) (partition_definitions ( (skip_parens_inside_partition_definitions /__MAXWELL__/)))))) <EOF>)
[1] 23:44:16,289 DEBUG SchemaChange - SQL_PARSE <- "create table t1 (a int) engine = innodb partition by key (a)"
[1] 23:44:16,290 DEBUG SchemaChange - rewrote SQL to create table t1 (a int) engine = innodb partition by key /__MAXWELL__/
[1] 23:44:16,290 DEBUG SchemaChange - SQL_PARSE <- "create table t1 (a int) engine = innodb partition by key /__MAXWELL__/"
[1] 23:44:16,290 DEBUG SchemaChange - SQL_PARSE ->   (parse (statement (create_table (create_table_preamble create table (table_name (name (id t1)))) (create_specifications ( (create_specification (column_definition (name (id a)) (data_type (signed_type int)))) )) (table_creation_option (creation_engine engine = (id innodb))) (table_creation_option (partition_by partition by (partition_by_what key (skip_parens /__MAXWELL__/)))))) <EOF>)
[1] 23:44:16,290 DEBUG SchemaChange - SQL_PARSE <- "create table t1 (a int) engine = innodb partition by list (a) (partition p0 values in (0))"
[1] 23:44:16,290 DEBUG SchemaChange - rewrote SQL to create table t1 (a int) engine = innodb partition by list /__MAXWELL__/ (partition p0 values in (0))
[1] 23:44:16,290 DEBUG SchemaChange - SQL_PARSE <- "create table t1 (a int) engine = innodb partition by list /__MAXWELL__/ (partition p0 values in (0))"
[1] 23:44:16,290 DEBUG SchemaChange - rewrote SQL to create table t1 (a int) engine = innodb partition by list /__MAXWELL__/ (/__MAXWELL__/
[1] 23:44:16,290 DEBUG SchemaChange - SQL_PARSE <- "create table t1 (a int) engine = innodb partition by list /__MAXWELL__/ (/__MAXWELL__/"
[1] 23:44:16,291 DEBUG SchemaChange - SQL_PARSE ->   (parse (statement (create_table (create_table_preamble create table (table_name (name (id t1)))) (create_specifications ( (create_specification (column_definition (name (id a)) (data_type (signed_type int)))) )) (table_creation_option (creation_engine engine = (id innodb))) (table_creation_option (partition_by partition by (partition_by_what list (skip_parens /__MAXWELL__/)) (partition_definitions ( (skip_parens_inside_partition_definitions /__MAXWELL__/)))))) <EOF>)
[1] 23:44:16,291 DEBUG SchemaChange - SQL_PARSE <- "create table t1 (a int) engine myisam partition by range (a) subpartition by hash (a) (partition p0 VALUES LESS THAN (1) DATA DIRECTORY = '/Users/ben/src/mysql-server/mysql-test/var/tmp' INDEX DIRECTORY = '/Users/ben/src/mysql-server/mysql-test/var/tmp' (SUBPARTITION subpart00, SUBPARTITION subpart01))"
[1] 23:44:16,291 DEBUG SchemaChange - rewrote SQL to create table t1 (a int) engine myisam partition by range /__MAXWELL__/ subpartition by hash (a) (partition p0 VALUES LESS THAN (1) DATA DIRECTORY = '/Users/ben/src/mysql-server/mysql-test/var/tmp' INDEX DIRECTORY = '/Users/ben/src/mysql-server/mysql-test/var/tmp' (SUBPARTITION subpart00, SUBPARTITION subpart01))
[1] 23:44:16,291 DEBUG SchemaChange - SQL_PARSE <- "create table t1 (a int) engine myisam partition by range /__MAXWELL__/ subpartition by hash (a) (partition p0 VALUES LESS THAN (1) DATA DIRECTORY = '/Users/ben/src/mysql-server/mysql-test/var/tmp' INDEX DIRECTORY = '/Users/ben/src/mysql-server/mysql-test/var/tmp' (SUBPARTITION subpart00, SUBPARTITION subpart01))"
[1] 23:44:16,291 DEBUG SchemaChange - rewrote SQL to create table t1 (a int) engine myisam partition by range /__MAXWELL__/ subpartition by hash /__MAXWELL__/ (partition p0 VALUES LESS THAN (1) DATA DIRECTORY = '/Users/ben/src/mysql-server/mysql-test/var/tmp' INDEX DIRECTORY = '/Users/ben/src/mysql-server/mysql-test/var/tmp' (SUBPARTITION subpart00, SUBPARTITION subpart01))
[1] 23:44:16,291 DEBUG SchemaChange - SQL_PARSE <- "create table t1 (a int) engine myisam partition by range /__MAXWELL__/ subpartition by hash /__MAXWELL__/ (partition p0 VALUES LESS THAN (1) DATA DIRECTORY = '/Users/ben/src/mysql-server/mysql-test/var/tmp' INDEX DIRECTORY = '/Users/ben/src/mysql-server/mysql-test/var/tmp' (SUBPARTITION subpart00, SUBPARTITION subpart01))"
[1] 23:44:16,292 DEBUG SchemaChange - rewrote SQL to create table t1 (a int) engine myisam partition by range /__MAXWELL__/ subpartition by hash /__MAXWELL__/ (/__MAXWELL__/
[1] 23:44:16,292 DEBUG SchemaChange - SQL_PARSE <- "create table t1 (a int) engine myisam partition by range /__MAXWELL__/ subpartition by hash /__MAXWELL__/ (/__MAXWELL__/"
[1] 23:44:16,292 DEBUG SchemaChange - SQL_PARSE ->   (parse (statement (create_table (create_table_preamble create table (table_name (name (id t1)))) (create_specifications ( (create_specification (column_definition (name (id a)) (data_type (signed_type int)))) )) (table_creation_option (creation_engine engine (id myisam))) (table_creation_option (partition_by partition by (partition_by_what range (skip_parens /__MAXWELL__/)) (subpartition_by subpartition by (partition_by_what hash (skip_parens /__MAXWELL__/))) (partition_definitions ( (skip_parens_inside_partition_definitions /__MAXWELL__/)))))) <EOF>)
[1] 23:44:16,292 DEBUG SchemaChange - SQL_PARSE <- "create table t1 (a int) engine=MEMORY partition by key (a)"
[1] 23:44:16,292 DEBUG SchemaChange - rewrote SQL to create table t1 (a int) engine=MEMORY partition by key /__MAXWELL__/
[1] 23:44:16,292 DEBUG SchemaChange - SQL_PARSE <- "create table t1 (a int) engine=MEMORY partition by key /__MAXWELL__/"
[1] 23:44:16,292 DEBUG SchemaChange - SQL_PARSE ->   (parse (statement (create_table (create_table_preamble create table (table_name (name (id t1)))) (create_specifications ( (create_specification (column_definition (name (id a)) (data_type (signed_type int)))) )) (table_creation_option (creation_engine engine = MEMORY)) (table_creation_option (partition_by partition by (partition_by_what key (skip_parens /__MAXWELL__/)))))) <EOF>)
[1] 23:44:16,293 DEBUG SchemaChange - SQL_PARSE <- "create table t1 (a int) engine=archive partition by hash(a)"
[1] 23:44:16,293 DEBUG SchemaChange - rewrote SQL to create table t1 (a int) engine=archive partition by hash/__MAXWELL__/
[1] 23:44:16,293 DEBUG SchemaChange - SQL_PARSE <- "create table t1 (a int) engine=archive partition by hash/__MAXWELL__/"
[1] 23:44:16,293 DEBUG SchemaChange - SQL_PARSE ->   (parse (statement (create_table (create_table_preamble create table (table_name (name (id t1)))) (create_specifications ( (create_specification (column_definition (name (id a)) (data_type (signed_type int)))) )) (table_creation_option (creation_engine engine = (id archive))) (table_creation_option (partition_by partition by (partition_by_what hash (skip_parens /__MAXWELL__/)))))) <EOF>)
[1] 23:44:16,293 DEBUG SchemaChange - SQL_PARSE <- "create table t1 (a int) engine=innodb partition by hash(a)"
[1] 23:44:16,293 DEBUG SchemaChange - rewrote SQL to create table t1 (a int) engine=innodb partition by hash/__MAXWELL__/
[1] 23:44:16,293 DEBUG SchemaChange - SQL_PARSE <- "create table t1 (a int) engine=innodb partition by hash/__MAXWELL__/"
[1] 23:44:16,293 DEBUG SchemaChange - SQL_PARSE ->   (parse (statement (create_table (create_table_preamble create table (table_name (name (id t1)))) (create_specifications ( (create_specification (column_definition (name (id a)) (data_type (signed_type int)))) )) (table_creation_option (creation_engine engine = (id innodb))) (table_creation_option (partition_by partition by (partition_by_what hash (skip_parens /__MAXWELL__/)))))) <EOF>)
[1] 23:44:16,293 DEBUG SchemaChange - SQL_PARSE <- "create table t1 (a int) engine=memory partition by key(a)"
[1] 23:44:16,294 DEBUG SchemaChange - rewrote SQL to create table t1 (a int) engine=memory partition by key/__MAXWELL__/
[1] 23:44:16,294 DEBUG SchemaChange - SQL_PARSE <- "create table t1 (a int) engine=memory partition by key/__MAXWELL__/"
[1] 23:44:16,294 DEBUG SchemaChange - SQL_PARSE ->   (parse (statement (create_table (create_table_preamble create table (table_name (name (id t1)))) (create_specifications ( (create_specification (column_definition (name (id a)) (data_type (signed_type int)))) )) (table_creation_option (creation_engine engine = memory)) (table_creation_option (partition_by partition by (partition_by_what key (skip_parens /__MAXWELL__/)))))) <EOF>)
[1] 23:44:16,294 DEBUG SchemaChange - SQL_PARSE <- "create table t1 (a int) engine=myisam partition by key(a) partitions 2 (partition p0 engine=myisam, partition p1 engine=myisam)"
[1] 23:44:16,294 DEBUG SchemaChange - rewrote SQL to create table t1 (a int) engine=myisam partition by key/__MAXWELL__/ partitions 2 (partition p0 engine=myisam, partition p1 engine=myisam)
[1] 23:44:16,294 DEBUG SchemaChange - SQL_PARSE <- "create table t1 (a int) engine=myisam partition by key/__MAXWELL__/ partitions 2 (partition p0 engine=myisam, partition p1 engine=myisam)"
[1] 23:44:16,294 DEBUG SchemaChange - rewrote SQL to create table t1 (a int) engine=myisam partition by key/__MAXWELL__/ partitions 2 (/__MAXWELL__/
[1] 23:44:16,294 DEBUG SchemaChange - SQL_PARSE <- "create table t1 (a int) engine=myisam partition by key/__MAXWELL__/ partitions 2 (/__MAXWELL__/"
[1] 23:44:16,294 DEBUG SchemaChange - SQL_PARSE ->   (parse (statement (create_table (create_table_preamble create table (table_name (name (id t1)))) (create_specifications ( (create_specification (column_definition (name (id a)) (data_type (signed_type int)))) )) (table_creation_option (creation_engine engine = (id myisam))) (table_creation_option (partition_by partition by (partition_by_what key (skip_parens /__MAXWELL__/)) (partition_count partitions 2) (partition_definitions ( (skip_parens_inside_partition_definitions /__MAXWELL__/)))))) <EOF>)
[1] 23:44:16,294 DEBUG SchemaChange - SQL_PARSE <- "create table t1 (a int) partition by LIST(a) ( partition pn values in (NULL), partition p0 values in (0), partition p1 values in (1), partition p2 values in (2) )"
[1] 23:44:16,295 DEBUG SchemaChange - rewrote SQL to create table t1 (a int) partition by LIST/__MAXWELL__/ ( partition pn values in (NULL), partition p0 values in (0), partition p1 values in (1), partition p2 values in (2) )
[1] 23:44:16,295 DEBUG SchemaChange - SQL_PARSE <- "create table t1 (a int) partition by LIST/__MAXWELL__/ ( partition pn values in (NULL), partition p0 values in (0), partition p1 values in (1), partition p2 values in (2) )"
[1] 23:44:16,295 DEBUG SchemaChange - rewrote SQL to create table t1 (a int) partition by LIST/__MAXWELL__/ ( /__MAXWELL__/
[1] 23:44:16,295 DEBUG SchemaChange - SQL_PARSE <- "create table t1 (a int) partition by LIST/__MAXWELL__/ ( /__MAXWELL__/"
[1] 23:44:16,295 DEBUG SchemaChange - SQL_PARSE ->   (parse (statement (create_table (create_table_preamble create table (table_name (name (id t1)))) (create_specifications ( (create_specification (column_definition (name (id a)) (data_type (signed_type int)))) )) (table_creation_option (partition_by partition by (partition_by_what LIST (skip_parens /__MAXWELL__/)) (partition_definitions ( (skip_parens_inside_partition_definitions /__MAXWELL__/)))))) <EOF>)
[1] 23:44:16,295 DEBUG SchemaChange - SQL_PARSE <- "create table t1 (a int) partition by hash (a)"
[1] 23:44:16,295 DEBUG SchemaChange - rewrote SQL to create table t1 (a int) partition by hash /__MAXWELL__/
[1] 23:44:16,295 DEBUG SchemaChange - SQL_PARSE <- "create table t1 (a int) partition by hash /__MAXWELL__/"
[1] 23:44:16,296 DEBUG SchemaChange - SQL_PARSE ->   (parse (statement (create_table (create_table_preamble create table (table_name (name (id t1)))) (create_specifications ( (create_specification (column_definition (name (id a)) (data_type (signed_type int)))) )) (table_creation_option (partition_by partition by (partition_by_what hash (skip_parens /__MAXWELL__/)))))) <EOF>)
[1] 23:44:16,296 DEBUG SchemaChange - SQL_PARSE <- "create table t1 (a int) partition by hash (a) (partition p0)"
[1] 23:44:16,296 DEBUG SchemaChange - rewrote SQL to create table t1 (a int) partition by hash /__MAXWELL__/ (partition p0)
[1] 23:44:16,296 DEBUG SchemaChange - SQL_PARSE <- "create table t1 (a int) partition by hash /__MAXWELL__/ (partition p0)"
[1] 23:44:16,296 DEBUG SchemaChange - rewrote SQL to create table t1 (a int) partition by hash /__MAXWELL__/ (/__MAXWELL__/
[1] 23:44:16,296 DEBUG SchemaChange - SQL_PARSE <- "create table t1 (a int) partition by hash /__MAXWELL__/ (/__MAXWELL__/"
[1] 23:44:16,296 DEBUG SchemaChange - SQL_PARSE ->   (parse (statement (create_table (create_table_preamble create table (table_name (name (id t1)))) (create_specifications ( (create_specification (column_definition (name (id a)) (data_type (signed_type int)))) )) (table_creation_option (partition_by partition by (partition_by_what hash (skip_parens /__MAXWELL__/)) (partition_definitions ( (skip_parens_inside_partition_definitions /__MAXWELL__/)))))) <EOF>)
[1] 23:44:16,296 DEBUG SchemaChange - SQL_PARSE <- "create table t1 (a int) partition by hash(a) partitions 2"
[1] 23:44:16,297 DEBUG SchemaChange - rewrote SQL to create table t1 (a int) partition by hash/__MAXWELL__/ partitions 2
[1] 23:44:16,297 DEBUG SchemaChange - SQL_PARSE <- "create table t1 (a int) partition by hash/__MAXWELL__/ partitions 2"
[1] 23:44:16,297 DEBUG SchemaChange - SQL_PARSE ->   (parse (statement (create_table (create_table_preamble create table (table_name (name (id t1)))) (create_specifications ( (create_specification (column_definition (name (id a)) (data_type (signed_type int)))) )) (table_creation_option (partition_by partition by (partition_by_what hash (skip_parens /__MAXWELL__/)) (partition_count partitions 2))))) <EOF>)
[1] 23:44:16,297 DEBUG SchemaChange - SQL_PARSE <- "create table t1 (a int) partition by hash(a) partitions 20"
[1] 23:44:16,298 DEBUG SchemaChange - rewrote SQL to create table t1 (a int) partition by hash/__MAXWELL__/ partitions 20
[1] 23:44:16,298 DEBUG SchemaChange - SQL_PARSE <- "create table t1 (a int) partition by hash/__MAXWELL__/ partitions 20"
[1] 23:44:16,298 DEBUG SchemaChange - SQL_PARSE ->   (parse (statement (create_table (create_table_preamble create table (table_name (name (id t1)))) (create_specifications ( (create_specification (column_definition (name (id a)) (data_type (signed_type int)))) )) (table_creation_option (partition_by partition by (partition_by_what hash (skip_parens /__MAXWELL__/)) (partition_count partitions 20))))) <EOF>)
[1] 23:44:16,298 DEBUG SchemaChange - SQL_PARSE <- "create table t1 (a int) partition by hash(a) partitions 3"
[1] 23:44:16,298 DEBUG SchemaChange - rewrote SQL to create table t1 (a int) partition by hash/__MAXWELL__/ partitions 3
[1] 23:44:16,298 DEBUG SchemaChange - SQL_PARSE <- "create table t1 (a int) partition by hash/__MAXWELL__/ partitions 3"
[1] 23:44:16,298 DEBUG SchemaChange - SQL_PARSE ->   (parse (statement (create_table (create_table_preamble create table (table_name (name (id t1)))) (create_specifications ( (create_specification (column_definition (name (id a)) (data_type (signed_type int)))) )) (table_creation_option (partition_by partition by (partition_by_what hash (skip_parens /__MAXWELL__/)) (partition_count partitions 3))))) <EOF>)
[1] 23:44:16,298 DEBUG SchemaChange - SQL_PARSE <- "create table t1 (a int) partition by key (a)"
[1] 23:44:16,299 DEBUG SchemaChange - rewrote SQL to create table t1 (a int) partition by key /__MAXWELL__/
[1] 23:44:16,299 DEBUG SchemaChange - SQL_PARSE <- "create table t1 (a int) partition by key /__MAXWELL__/"
[1] 23:44:16,299 DEBUG SchemaChange - SQL_PARSE ->   (parse (statement (create_table (create_table_preamble create table (table_name (name (id t1)))) (create_specifications ( (create_specification (column_definition (name (id a)) (data_type (signed_type int)))) )) (table_creation_option (partition_by partition by (partition_by_what key (skip_parens /__MAXWELL__/)))))) <EOF>)
[1] 23:44:16,299 DEBUG SchemaChange - SQL_PARSE <- "create table t1 (a int) partition by key (a) (partition p1 engine = innodb)"
[1] 23:44:16,299 DEBUG SchemaChange - rewrote SQL to create table t1 (a int) partition by key /__MAXWELL__/ (partition p1 engine = innodb)
[1] 23:44:16,299 DEBUG SchemaChange - SQL_PARSE <- "create table t1 (a int) partition by key /__MAXWELL__/ (partition p1 engine = innodb)"
[1] 23:44:16,299 DEBUG SchemaChange - rewrote SQL to create table t1 (a int) partition by key /__MAXWELL__/ (/__MAXWELL__/
[1] 23:44:16,299 DEBUG SchemaChange - SQL_PARSE <- "create table t1 (a int) partition by key /__MAXWELL__/ (/__MAXWELL__/"
[1] 23:44:16,299 DEBUG SchemaChange - SQL_PARSE ->   (parse (statement (create_table (create_table_preamble create table (table_name (name (id t1)))) (create_specifications ( (create_specification (column_definition (name (id a)) (data_type (signed_type int)))) )) (table_creation_option (partition_by partition by (partition_by_what key (skip_parens /__MAXWELL__/)) (partition_definitions ( (skip_parens_inside_partition_definitions /__MAXWELL__/)))))) <EOF>)
[1] 23:44:16,299 DEBUG SchemaChange - SQL_PARSE <- "create table t1 (a int) partition by key(a) (partition p0 engine = MEMORY)"
[1] 23:44:16,299 DEBUG SchemaChange - rewrote SQL to create table t1 (a int) partition by key/__MAXWELL__/ (partition p0 engine = MEMORY)
[1] 23:44:16,299 DEBUG SchemaChange - SQL_PARSE <- "create table t1 (a int) partition by key/__MAXWELL__/ (partition p0 engine = MEMORY)"
[1] 23:44:16,300 DEBUG SchemaChange - rewrote SQL to create table t1 (a int) partition by key/__MAXWELL__/ (/__MAXWELL__/
[1] 23:44:16,300 DEBUG SchemaChange - SQL_PARSE <- "create table t1 (a int) partition by key/__MAXWELL__/ (/__MAXWELL__/"
[1] 23:44:16,300 DEBUG SchemaChange - SQL_PARSE ->   (parse (statement (create_table (create_table_preamble create table (table_name (name (id t1)))) (create_specifications ( (create_specification (column_definition (name (id a)) (data_type (signed_type int)))) )) (table_creation_option (partition_by partition by (partition_by_what key (skip_parens /__MAXWELL__/)) (partition_definitions ( (skip_parens_inside_partition_definitions /__MAXWELL__/)))))) <EOF>)
[1] 23:44:16,300 DEBUG SchemaChange - SQL_PARSE <- "create table t1 (a int) partition by key(a) partitions 2 (partition p0 engine=myisam, partition p1 engine=myisam)"
[1] 23:44:16,300 DEBUG SchemaChange - rewrote SQL to create table t1 (a int) partition by key/__MAXWELL__/ partitions 2 (partition p0 engine=myisam, partition p1 engine=myisam)
[1] 23:44:16,300 DEBUG SchemaChange - SQL_PARSE <- "create table t1 (a int) partition by key/__MAXWELL__/ partitions 2 (partition p0 engine=myisam, partition p1 engine=myisam)"
[1] 23:44:16,300 DEBUG SchemaChange - rewrote SQL to create table t1 (a int) partition by key/__MAXWELL__/ partitions 2 (/__MAXWELL__/
[1] 23:44:16,300 DEBUG SchemaChange - SQL_PARSE <- "create table t1 (a int) partition by key/__MAXWELL__/ partitions 2 (/__MAXWELL__/"
[1] 23:44:16,300 DEBUG SchemaChange - SQL_PARSE ->   (parse (statement (create_table (create_table_preamble create table (table_name (name (id t1)))) (create_specifications ( (create_specification (column_definition (name (id a)) (data_type (signed_type int)))) )) (table_creation_option (partition_by partition by (partition_by_what key (skip_parens /__MAXWELL__/)) (partition_count partitions 2) (partition_definitions ( (skip_parens_inside_partition_definitions /__MAXWELL__/)))))) <EOF>)
[1] 23:44:16,300 DEBUG SchemaChange - SQL_PARSE <- "create table t1 (a int) partition by list (a) ( partition p0 values in (2, 1), partition p1 values in (4, NULL, 3))"
[1] 23:44:16,301 DEBUG SchemaChange - rewrote SQL to create table t1 (a int) partition by list /__MAXWELL__/ ( partition p0 values in (2, 1), partition p1 values in (4, NULL, 3))
[1] 23:44:16,301 DEBUG SchemaChange - SQL_PARSE <- "create table t1 (a int) partition by list /__MAXWELL__/ ( partition p0 values in (2, 1), partition p1 values in (4, NULL, 3))"
[1] 23:44:16,301 DEBUG SchemaChange - rewrote SQL to create table t1 (a int) partition by list /__MAXWELL__/ ( /__MAXWELL__/
[1] 23:44:16,301 DEBUG SchemaChange - SQL_PARSE <- "create table t1 (a int) partition by list /__MAXWELL__/ ( /__MAXWELL__/"
[1] 23:44:16,301 DEBUG SchemaChange - SQL_PARSE ->   (parse (statement (create_table (create_table_preamble create table (table_name (name (id t1)))) (create_specifications ( (create_specification (column_definition (name (id a)) (data_type (signed_type int)))) )) (table_creation_option (partition_by partition by (partition_by_what list (skip_parens /__MAXWELL__/)) (partition_definitions ( (skip_parens_inside_partition_definitions /__MAXWELL__/)))))) <EOF>)
[1] 23:44:16,301 DEBUG SchemaChange - SQL_PARSE <- "create table t1 (a int) partition by list (a) (partition `7` values in (0))"
[1] 23:44:16,301 DEBUG SchemaChange - rewrote SQL to create table t1 (a int) partition by list /__MAXWELL__/ (partition `7` values in (0))
[1] 23:44:16,301 DEBUG SchemaChange - SQL_PARSE <- "create table t1 (a int) partition by list /__MAXWELL__/ (partition `7` values in (0))"
[1] 23:44:16,301 DEBUG SchemaChange - rewrote SQL to create table t1 (a int) partition by list /__MAXWELL__/ (/__MAXWELL__/
[1] 23:44:16,301 DEBUG SchemaChange - SQL_PARSE <- "create table t1 (a int) partition by list /__MAXWELL__/ (/__MAXWELL__/"
[1] 23:44:16,302 DEBUG SchemaChange - SQL_PARSE ->   (parse (statement (create_table (create_table_preamble create table (table_name (name (id t1)))) (create_specifications ( (create_specification (column_definition (name (id a)) (data_type (signed_type int)))) )) (table_creation_option (partition_by partition by (partition_by_what list (skip_parens /__MAXWELL__/)) (partition_definitions ( (skip_parens_inside_partition_definitions /__MAXWELL__/)))))) <EOF>)
[1] 23:44:16,302 DEBUG SchemaChange - SQL_PARSE <- "create table t1 (a int) partition by list (a) (partition `s1 s2` values in (0))"
[1] 23:44:16,302 DEBUG SchemaChange - rewrote SQL to create table t1 (a int) partition by list /__MAXWELL__/ (partition `s1 s2` values in (0))
[1] 23:44:16,302 DEBUG SchemaChange - SQL_PARSE <- "create table t1 (a int) partition by list /__MAXWELL__/ (partition `s1 s2` values in (0))"
[1] 23:44:16,302 DEBUG SchemaChange - rewrote SQL to create table t1 (a int) partition by list /__MAXWELL__/ (/__MAXWELL__/
[1] 23:44:16,302 DEBUG SchemaChange - SQL_PARSE <- "create table t1 (a int) partition by list /__MAXWELL__/ (/__MAXWELL__/"
[1] 23:44:16,302 DEBUG SchemaChange - SQL_PARSE ->   (parse (statement (create_table (create_table_preamble create table (table_name (name (id t1)))) (create_specifications ( (create_specification (column_definition (name (id a)) (data_type (signed_type int)))) )) (table_creation_option (partition_by partition by (partition_by_what list (skip_parens /__MAXWELL__/)) (partition_definitions ( (skip_parens_inside_partition_definitions /__MAXWELL__/)))))) <EOF>)
[1] 23:44:16,302 DEBUG SchemaChange - SQL_PARSE <- "create table t1 (a int) partition by list (a) (partition p0 values in (0))"
[1] 23:44:16,302 DEBUG SchemaChange - rewrote SQL to create table t1 (a int) partition by list /__MAXWELL__/ (partition p0 values in (0))
[1] 23:44:16,302 DEBUG SchemaChange - SQL_PARSE <- "create table t1 (a int) partition by list /__MAXWELL__/ (partition p0 values in (0))"
[1] 23:44:16,303 DEBUG SchemaChange - rewrote SQL to create table t1 (a int) partition by list /__MAXWELL__/ (/__MAXWELL__/
[1] 23:44:16,303 DEBUG SchemaChange - SQL_PARSE <- "create table t1 (a int) partition by list /__MAXWELL__/ (/__MAXWELL__/"
[1] 23:44:16,303 DEBUG SchemaChange - SQL_PARSE ->   (parse (statement (create_table (create_table_preamble create table (table_name (name (id t1)))) (create_specifications ( (create_specification (column_definition (name (id a)) (data_type (signed_type int)))) )) (table_creation_option (partition_by partition by (partition_by_what list (skip_parens /__MAXWELL__/)) (partition_definitions ( (skip_parens_inside_partition_definitions /__MAXWELL__/)))))) <EOF>)
[1] 23:44:16,303 DEBUG SchemaChange - SQL_PARSE <- "create table t1 (a int) partition by list (a) (partition p0 values in (1))"
[1] 23:44:16,303 DEBUG SchemaChange - rewrote SQL to create table t1 (a int) partition by list /__MAXWELL__/ (partition p0 values in (1))
[1] 23:44:16,303 DEBUG SchemaChange - SQL_PARSE <- "create table t1 (a int) partition by list /__MAXWELL__/ (partition p0 values in (1))"
[1] 23:44:16,303 DEBUG SchemaChange - rewrote SQL to create table t1 (a int) partition by list /__MAXWELL__/ (/__MAXWELL__/
[1] 23:44:16,303 DEBUG SchemaChange - SQL_PARSE <- "create table t1 (a int) partition by list /__MAXWELL__/ (/__MAXWELL__/"
[1] 23:44:16,303 DEBUG SchemaChange - SQL_PARSE ->   (parse (statement (create_table (create_table_preamble create table (table_name (name (id t1)))) (create_specifications ( (create_specification (column_definition (name (id a)) (data_type (signed_type int)))) )) (table_creation_option (partition_by partition by (partition_by_what list (skip_parens /__MAXWELL__/)) (partition_definitions ( (skip_parens_inside_partition_definitions /__MAXWELL__/)))))) <EOF>)
[1] 23:44:16,303 DEBUG SchemaChange - SQL_PARSE <- "create table t1 (a int) partition by list (a) (partition p0 values in (5))"
[1] 23:44:16,304 DEBUG SchemaChange - rewrote SQL to create table t1 (a int) partition by list /__MAXWELL__/ (partition p0 values in (5))
[1] 23:44:16,304 DEBUG SchemaChange - SQL_PARSE <- "create table t1 (a int) partition by list /__MAXWELL__/ (partition p0 values in (5))"
[1] 23:44:16,304 DEBUG SchemaChange - rewrote SQL to create table t1 (a int) partition by list /__MAXWELL__/ (/__MAXWELL__/
[1] 23:44:16,304 DEBUG SchemaChange - SQL_PARSE <- "create table t1 (a int) partition by list /__MAXWELL__/ (/__MAXWELL__/"
[1] 23:44:16,304 DEBUG SchemaChange - SQL_PARSE ->   (parse (statement (create_table (create_table_preamble create table (table_name (name (id t1)))) (create_specifications ( (create_specification (column_definition (name (id a)) (data_type (signed_type int)))) )) (table_creation_option (partition_by partition by (partition_by_what list (skip_parens /__MAXWELL__/)) (partition_definitions ( (skip_parens_inside_partition_definitions /__MAXWELL__/)))))) <EOF>)
[1] 23:44:16,304 DEBUG SchemaChange - SQL_PARSE <- "create table t1 (a int) partition by list (a) (partition p1 values in (0))"
[1] 23:44:16,304 DEBUG SchemaChange - rewrote SQL to create table t1 (a int) partition by list /__MAXWELL__/ (partition p1 values in (0))
[1] 23:44:16,304 DEBUG SchemaChange - SQL_PARSE <- "create table t1 (a int) partition by list /__MAXWELL__/ (partition p1 values in (0))"
[1] 23:44:16,304 DEBUG SchemaChange - rewrote SQL to create table t1 (a int) partition by list /__MAXWELL__/ (/__MAXWELL__/
[1] 23:44:16,304 DEBUG SchemaChange - SQL_PARSE <- "create table t1 (a int) partition by list /__MAXWELL__/ (/__MAXWELL__/"
[1] 23:44:16,304 DEBUG SchemaChange - SQL_PARSE ->   (parse (statement (create_table (create_table_preamble create table (table_name (name (id t1)))) (create_specifications ( (create_specification (column_definition (name (id a)) (data_type (signed_type int)))) )) (table_creation_option (partition_by partition by (partition_by_what list (skip_parens /__MAXWELL__/)) (partition_definitions ( (skip_parens_inside_partition_definitions /__MAXWELL__/)))))) <EOF>)
[1] 23:44:16,305 DEBUG SchemaChange - SQL_PARSE <- "create table t1 (a int) partition by list (a) (partition p1 values in (1), partition p2 values in (2), partition p3 values in (3))"
[1] 23:44:16,305 DEBUG SchemaChange - rewrote SQL to create table t1 (a int) partition by list /__MAXWELL__/ (partition p1 values in (1), partition p2 values in (2), partition p3 values in (3))
[1] 23:44:16,305 DEBUG SchemaChange - SQL_PARSE <- "create table t1 (a int) partition by list /__MAXWELL__/ (partition p1 values in (1), partition p2 values in (2), partition p3 values in (3))"
[1] 23:44:16,305 DEBUG SchemaChange - rewrote SQL to create table t1 (a int) partition by list /__MAXWELL__/ (/__MAXWELL__/
[1] 23:44:16,305 DEBUG SchemaChange - SQL_PARSE <- "create table t1 (a int) partition by list /__MAXWELL__/ (/__MAXWELL__/"
[1] 23:44:16,305 DEBUG SchemaChange - SQL_PARSE ->   (parse (statement (create_table (create_table_preamble create table (table_name (name (id t1)))) (create_specifications ( (create_specification (column_definition (name (id a)) (data_type (signed_type int)))) )) (table_creation_option (partition_by partition by (partition_by_what list (skip_parens /__MAXWELL__/)) (partition_definitions ( (skip_parens_inside_partition_definitions /__MAXWELL__/)))))) <EOF>)
[1] 23:44:16,305 DEBUG SchemaChange - SQL_PARSE <- "create table t1 (a int) partition by list (a) subpartition by hash (a) (partition p11 values in (1,2), partition p12 values in (3,4))"
[1] 23:44:16,305 DEBUG SchemaChange - rewrote SQL to create table t1 (a int) partition by list /__MAXWELL__/ subpartition by hash (a) (partition p11 values in (1,2), partition p12 values in (3,4))
[1] 23:44:16,305 DEBUG SchemaChange - SQL_PARSE <- "create table t1 (a int) partition by list /__MAXWELL__/ subpartition by hash (a) (partition p11 values in (1,2), partition p12 values in (3,4))"
[1] 23:44:16,305 DEBUG SchemaChange - rewrote SQL to create table t1 (a int) partition by list /__MAXWELL__/ subpartition by hash /__MAXWELL__/ (partition p11 values in (1,2), partition p12 values in (3,4))
[1] 23:44:16,305 DEBUG SchemaChange - SQL_PARSE <- "create table t1 (a int) partition by list /__MAXWELL__/ subpartition by hash /__MAXWELL__/ (partition p11 values in (1,2), partition p12 values in (3,4))"
[1] 23:44:16,306 DEBUG SchemaChange - rewrote SQL to create table t1 (a int) partition by list /__MAXWELL__/ subpartition by hash /__MAXWELL__/ (/__MAXWELL__/
[1] 23:44:16,306 DEBUG SchemaChange - SQL_PARSE <- "create table t1 (a int) partition by list /__MAXWELL__/ subpartition by hash /__MAXWELL__/ (/__MAXWELL__/"
[1] 23:44:16,306 DEBUG SchemaChange - SQL_PARSE ->   (parse (statement (create_table (create_table_preamble create table (table_name (name (id t1)))) (create_specifications ( (create_specification (column_definition (name (id a)) (data_type (signed_type int)))) )) (table_creation_option (partition_by partition by (partition_by_what list (skip_parens /__MAXWELL__/)) (subpartition_by subpartition by (partition_by_what hash (skip_parens /__MAXWELL__/))) (partition_definitions ( (skip_parens_inside_partition_definitions /__MAXWELL__/)))))) <EOF>)
[1] 23:44:16,306 DEBUG SchemaChange - SQL_PARSE <- "create table t1 (a int) partition by list (a) subpartition by hash (a) subpartitions 1 (partition p1 values in (1) (subpartition sp1))"
[1] 23:44:16,306 DEBUG SchemaChange - rewrote SQL to create table t1 (a int) partition by list /__MAXWELL__/ subpartition by hash (a) subpartitions 1 (partition p1 values in (1) (subpartition sp1))
[1] 23:44:16,306 DEBUG SchemaChange - SQL_PARSE <- "create table t1 (a int) partition by list /__MAXWELL__/ subpartition by hash (a) subpartitions 1 (partition p1 values in (1) (subpartition sp1))"
[1] 23:44:16,306 DEBUG SchemaChange - rewrote SQL to create table t1 (a int) partition by list /__MAXWELL__/ subpartition by hash /__MAXWELL__/ subpartitions 1 (partition p1 values in (1) (subpartition sp1))
[1] 23:44:16,306 DEBUG SchemaChange - SQL_PARSE <- "create table t1 (a int) partition by list /__MAXWELL__/ subpartition by hash /__MAXWELL__/ subpartitions 1 (partition p1 values in (1) (subpartition sp1))"
[1] 23:44:16,306 DEBUG SchemaChange - rewrote SQL to create table t1 (a int) partition by list /__MAXWELL__/ subpartition by hash /__MAXWELL__/ subpartitions 1 (/__MAXWELL__/
[1] 23:44:16,306 DEBUG SchemaChange - SQL_PARSE <- "create table t1 (a int) partition by list /__MAXWELL__/ subpartition by hash /__MAXWELL__/ subpartitions 1 (/__MAXWELL__/"
[1] 23:44:16,307 DEBUG SchemaChange - SQL_PARSE ->   (parse (statement (create_table (create_table_preamble create table (table_name (name (id t1)))) (create_specifications ( (create_specification (column_definition (name (id a)) (data_type (signed_type int)))) )) (table_creation_option (partition_by partition by (partition_by_what list (skip_parens /__MAXWELL__/)) (subpartition_by subpartition by (partition_by_what hash (skip_parens /__MAXWELL__/)) subpartitions 1) (partition_definitions ( (skip_parens_inside_partition_definitions /__MAXWELL__/)))))) <EOF>)
[1] 23:44:16,307 DEBUG SchemaChange - SQL_PARSE <- "create table t1 (a int) partition by list columns(a) ( partition p0 values in (2, 1), partition p1 values in (4, NULL, 3))"
[1] 23:44:16,307 DEBUG SchemaChange - rewrote SQL to create table t1 (a int) partition by list columns/__MAXWELL__/ ( partition p0 values in (2, 1), partition p1 values in (4, NULL, 3))
[1] 23:44:16,307 DEBUG SchemaChange - SQL_PARSE <- "create table t1 (a int) partition by list columns/__MAXWELL__/ ( partition p0 values in (2, 1), partition p1 values in (4, NULL, 3))"
[1] 23:44:16,307 DEBUG SchemaChange - rewrote SQL to create table t1 (a int) partition by list columns/__MAXWELL__/ ( /__MAXWELL__/
[1] 23:44:16,307 DEBUG SchemaChange - SQL_PARSE <- "create table t1 (a int) partition by list columns/__MAXWELL__/ ( /__MAXWELL__/"
[1] 23:44:16,307 DEBUG SchemaChange - SQL_PARSE ->   (parse (statement (create_table (create_table_preamble create table (table_name (name (id t1)))) (create_specifications ( (create_specification (column_definition (name (id a)) (data_type (signed_type int)))) )) (table_creation_option (partition_by partition by (partition_by_what list columns (skip_parens /__MAXWELL__/)) (partition_definitions ( (skip_parens_inside_partition_definitions /__MAXWELL__/)))))) <EOF>)
[1] 23:44:16,307 DEBUG SchemaChange - SQL_PARSE <- "create table t1 (a int) partition by list columns(a) (partition p0 values in (0))"
[1] 23:44:16,307 DEBUG SchemaChange - rewrote SQL to create table t1 (a int) partition by list columns/__MAXWELL__/ (partition p0 values in (0))
[1] 23:44:16,307 DEBUG SchemaChange - SQL_PARSE <- "create table t1 (a int) partition by list columns/__MAXWELL__/ (partition p0 values in (0))"
[1] 23:44:16,308 DEBUG SchemaChange - rewrote SQL to create table t1 (a int) partition by list columns/__MAXWELL__/ (/__MAXWELL__/
[1] 23:44:16,308 DEBUG SchemaChange - SQL_PARSE <- "create table t1 (a int) partition by list columns/__MAXWELL__/ (/__MAXWELL__/"
[1] 23:44:16,308 DEBUG SchemaChange - SQL_PARSE ->   (parse (statement (create_table (create_table_preamble create table (table_name (name (id t1)))) (create_specifications ( (create_specification (column_definition (name (id a)) (data_type (signed_type int)))) )) (table_creation_option (partition_by partition by (partition_by_what list columns (skip_parens /__MAXWELL__/)) (partition_definitions ( (skip_parens_inside_partition_definitions /__MAXWELL__/)))))) <EOF>)
[1] 23:44:16,308 DEBUG SchemaChange - SQL_PARSE <- "create table t1 (a int) partition by list(a) ( partition p0 values in (1,2), partition p1 values in (3,4) )"
[1] 23:44:16,308 DEBUG SchemaChange - rewrote SQL to create table t1 (a int) partition by list/__MAXWELL__/ ( partition p0 values in (1,2), partition p1 values in (3,4) )
[1] 23:44:16,308 DEBUG SchemaChange - SQL_PARSE <- "create table t1 (a int) partition by list/__MAXWELL__/ ( partition p0 values in (1,2), partition p1 values in (3,4) )"
[1] 23:44:16,308 DEBUG SchemaChange - rewrote SQL to create table t1 (a int) partition by list/__MAXWELL__/ ( /__MAXWELL__/
[1] 23:44:16,308 DEBUG SchemaChange - SQL_PARSE <- "create table t1 (a int) partition by list/__MAXWELL__/ ( /__MAXWELL__/"
[1] 23:44:16,308 DEBUG SchemaChange - SQL_PARSE ->   (parse (statement (create_table (create_table_preamble create table (table_name (name (id t1)))) (create_specifications ( (create_specification (column_definition (name (id a)) (data_type (signed_type int)))) )) (table_creation_option (partition_by partition by (partition_by_what list (skip_parens /__MAXWELL__/)) (partition_definitions ( (skip_parens_inside_partition_definitions /__MAXWELL__/)))))) <EOF>)
[1] 23:44:16,309 DEBUG SchemaChange - SQL_PARSE <- "create table t1 (a int) partition by range (MOD(a,3)) subpartition by hash(a) subpartitions 2 (partition p0 values less than (1), partition p1 values less than (2), partition p2 values less than (3), partition p3 values less than (4))"
[1] 23:44:16,309 DEBUG SchemaChange - rewrote SQL to create table t1 (a int) partition by range /__MAXWELL__/ subpartition by hash(a) subpartitions 2 (partition p0 values less than (1), partition p1 values less than (2), partition p2 values less than (3), partition p3 values less than (4))
[1] 23:44:16,309 DEBUG SchemaChange - SQL_PARSE <- "create table t1 (a int) partition by range /__MAXWELL__/ subpartition by hash(a) subpartitions 2 (partition p0 values less than (1), partition p1 values less than (2), partition p2 values less than (3), partition p3 values less than (4))"
[1] 23:44:16,309 DEBUG SchemaChange - rewrote SQL to create table t1 (a int) partition by range /__MAXWELL__/ subpartition by hash/__MAXWELL__/ subpartitions 2 (partition p0 values less than (1), partition p1 values less than (2), partition p2 values less than (3), partition p3 values less than (4))
[1] 23:44:16,309 DEBUG SchemaChange - SQL_PARSE <- "create table t1 (a int) partition by range /__MAXWELL__/ subpartition by hash/__MAXWELL__/ subpartitions 2 (partition p0 values less than (1), partition p1 values less than (2), partition p2 values less than (3), partition p3 values less than (4))"
[1] 23:44:16,309 DEBUG SchemaChange - rewrote SQL to create table t1 (a int) partition by range /__MAXWELL__/ subpartition by hash/__MAXWELL__/ subpartitions 2 (/__MAXWELL__/
[1] 23:44:16,309 DEBUG SchemaChange - SQL_PARSE <- "create table t1 (a int) partition by range /__MAXWELL__/ subpartition by hash/__MAXWELL__/ subpartitions 2 (/__MAXWELL__/"
[1] 23:44:16,310 DEBUG SchemaChange - SQL_PARSE ->   (parse (statement (create_table (create_table_preamble create table (table_name (name (id t1)))) (create_specifications ( (create_specification (column_definition (name (id a)) (data_type (signed_type int)))) )) (table_creation_option (partition_by partition by (partition_by_what range (skip_parens /__MAXWELL__/)) (subpartition_by subpartition by (partition_by_what hash (skip_parens /__MAXWELL__/)) subpartitions 2) (partition_definitions ( (skip_parens_inside_partition_definitions /__MAXWELL__/)))))) <EOF>)
[1] 23:44:16,310 DEBUG SchemaChange - SQL_PARSE <- "create table t1 (a int) partition by range (a) ( partition p0 values less than (maxvalue))"
[1] 23:44:16,310 DEBUG SchemaChange - rewrote SQL to create table t1 (a int) partition by range /__MAXWELL__/ ( partition p0 values less than (maxvalue))
[1] 23:44:16,310 DEBUG SchemaChange - SQL_PARSE <- "create table t1 (a int) partition by range /__MAXWELL__/ ( partition p0 values less than (maxvalue))"
[1] 23:44:16,310 DEBUG SchemaChange - rewrote SQL to create table t1 (a int) partition by range /__MAXWELL__/ ( /__MAXWELL__/
[1] 23:44:16,310 DEBUG SchemaChange - SQL_PARSE <- "create table t1 (a int) partition by range /__MAXWELL__/ ( /__MAXWELL__/"
[1] 23:44:16,310 DEBUG SchemaChange - SQL_PARSE ->   (parse (statement (create_table (create_table_preamble create table (table_name (name (id t1)))) (create_specifications ( (create_specification (column_definition (name (id a)) (data_type (signed_type int)))) )) (table_creation_option (partition_by partition by (partition_by_what range (skip_parens /__MAXWELL__/)) (partition_definitions ( (skip_parens_inside_partition_definitions /__MAXWELL__/)))))) <EOF>)
[1] 23:44:16,310 DEBUG SchemaChange - SQL_PARSE <- "create table t1 (a int) partition by range (a) ( partition p0 values less than(10), partition p1 values less than (20), partition p2 values less than (25))"
[1] 23:44:16,310 DEBUG SchemaChange - rewrote SQL to create table t1 (a int) partition by range /__MAXWELL__/ ( partition p0 values less than(10), partition p1 values less than (20), partition p2 values less than (25))
[1] 23:44:16,310 DEBUG SchemaChange - SQL_PARSE <- "create table t1 (a int) partition by range /__MAXWELL__/ ( partition p0 values less than(10), partition p1 values less than (20), partition p2 values less than (25))"
[1] 23:44:16,311 DEBUG SchemaChange - rewrote SQL to create table t1 (a int) partition by range /__MAXWELL__/ ( /__MAXWELL__/
[1] 23:44:16,311 DEBUG SchemaChange - SQL_PARSE <- "create table t1 (a int) partition by range /__MAXWELL__/ ( /__MAXWELL__/"
[1] 23:44:16,311 DEBUG SchemaChange - SQL_PARSE ->   (parse (statement (create_table (create_table_preamble create table (table_name (name (id t1)))) (create_specifications ( (create_specification (column_definition (name (id a)) (data_type (signed_type int)))) )) (table_creation_option (partition_by partition by (partition_by_what range (skip_parens /__MAXWELL__/)) (partition_definitions ( (skip_parens_inside_partition_definitions /__MAXWELL__/)))))) <EOF>)
[1] 23:44:16,311 DEBUG SchemaChange - SQL_PARSE <- "create table t1 (a int) partition by range (a) (partition p0 values less than (1))"
[1] 23:44:16,311 DEBUG SchemaChange - rewrote SQL to create table t1 (a int) partition by range /__MAXWELL__/ (partition p0 values less than (1))
[1] 23:44:16,311 DEBUG SchemaChange - SQL_PARSE <- "create table t1 (a int) partition by range /__MAXWELL__/ (partition p0 values less than (1))"
[1] 23:44:16,312 DEBUG SchemaChange - rewrote SQL to create table t1 (a int) partition by range /__MAXWELL__/ (/__MAXWELL__/
[1] 23:44:16,312 DEBUG SchemaChange - SQL_PARSE <- "create table t1 (a int) partition by range /__MAXWELL__/ (/__MAXWELL__/"
[1] 23:44:16,312 DEBUG SchemaChange - SQL_PARSE ->   (parse (statement (create_table (create_table_preamble create table (table_name (name (id t1)))) (create_specifications ( (create_specification (column_definition (name (id a)) (data_type (signed_type int)))) )) (table_creation_option (partition_by partition by (partition_by_what range (skip_parens /__MAXWELL__/)) (partition_definitions ( (skip_parens_inside_partition_definitions /__MAXWELL__/)))))) <EOF>)
[1] 23:44:16,312 DEBUG SchemaChange - SQL_PARSE <- "create table t1 (a int) partition by range (a) subpartition by hash (a) (partition p0 values less than (100))"
[1] 23:44:16,312 DEBUG SchemaChange - rewrote SQL to create table t1 (a int) partition by range /__MAXWELL__/ subpartition by hash (a) (partition p0 values less than (100))
[1] 23:44:16,312 DEBUG SchemaChange - SQL_PARSE <- "create table t1 (a int) partition by range /__MAXWELL__/ subpartition by hash (a) (partition p0 values less than (100))"
[1] 23:44:16,312 DEBUG SchemaChange - rewrote SQL to create table t1 (a int) partition by range /__MAXWELL__/ subpartition by hash /__MAXWELL__/ (partition p0 values less than (100))
[1] 23:44:16,312 DEBUG SchemaChange - SQL_PARSE <- "create table t1 (a int) partition by range /__MAXWELL__/ subpartition by hash /__MAXWELL__/ (partition p0 values less than (100))"
[1] 23:44:16,313 DEBUG SchemaChange - rewrote SQL to create table t1 (a int) partition by range /__MAXWELL__/ subpartition by hash /__MAXWELL__/ (/__MAXWELL__/
[1] 23:44:16,313 DEBUG SchemaChange - SQL_PARSE <- "create table t1 (a int) partition by range /__MAXWELL__/ subpartition by hash /__MAXWELL__/ (/__MAXWELL__/"
[1] 23:44:16,313 DEBUG SchemaChange - SQL_PARSE ->   (parse (statement (create_table (create_table_preamble create table (table_name (name (id t1)))) (create_specifications ( (create_specification (column_definition (name (id a)) (data_type (signed_type int)))) )) (table_creation_option (partition_by partition by (partition_by_what range (skip_parens /__MAXWELL__/)) (subpartition_by subpartition by (partition_by_what hash (skip_parens /__MAXWELL__/))) (partition_definitions ( (skip_parens_inside_partition_definitions /__MAXWELL__/)))))) <EOF>)
[1] 23:44:16,313 DEBUG SchemaChange - SQL_PARSE <- "create table t1 (a int) partition by range (a) subpartition by key (a) (partition p0 values less than (1))"
[1] 23:44:16,313 DEBUG SchemaChange - rewrote SQL to create table t1 (a int) partition by range /__MAXWELL__/ subpartition by key (a) (partition p0 values less than (1))
[1] 23:44:16,313 DEBUG SchemaChange - SQL_PARSE <- "create table t1 (a int) partition by range /__MAXWELL__/ subpartition by key (a) (partition p0 values less than (1))"
[1] 23:44:16,313 DEBUG SchemaChange - rewrote SQL to create table t1 (a int) partition by range /__MAXWELL__/ subpartition by key /__MAXWELL__/ (partition p0 values less than (1))
[1] 23:44:16,313 DEBUG SchemaChange - SQL_PARSE <- "create table t1 (a int) partition by range /__MAXWELL__/ subpartition by key /__MAXWELL__/ (partition p0 values less than (1))"
[1] 23:44:16,313 DEBUG SchemaChange - rewrote SQL to create table t1 (a int) partition by range /__MAXWELL__/ subpartition by key /__MAXWELL__/ (/__MAXWELL__/
[1] 23:44:16,313 DEBUG SchemaChange - SQL_PARSE <- "create table t1 (a int) partition by range /__MAXWELL__/ subpartition by key /__MAXWELL__/ (/__MAXWELL__/"
[1] 23:44:16,314 DEBUG SchemaChange - SQL_PARSE ->   (parse (statement (create_table (create_table_preamble create table (table_name (name (id t1)))) (create_specifications ( (create_specification (column_definition (name (id a)) (data_type (signed_type int)))) )) (table_creation_option (partition_by partition by (partition_by_what range (skip_parens /__MAXWELL__/)) (subpartition_by subpartition by (partition_by_what key (skip_parens /__MAXWELL__/))) (partition_definitions ( (skip_parens_inside_partition_definitions /__MAXWELL__/)))))) <EOF>)
[1] 23:44:16,314 DEBUG SchemaChange - SQL_PARSE <- "create table t1 (a int) partition by range (a) subpartition by key (a) (partition p0 values less than (10) (subpartition sp00, subpartition sp01), partition p1 values less than (20) (subpartition sp10, subpartition sp11))"
[1] 23:44:16,314 DEBUG SchemaChange - rewrote SQL to create table t1 (a int) partition by range /__MAXWELL__/ subpartition by key (a) (partition p0 values less than (10) (subpartition sp00, subpartition sp01), partition p1 values less than (20) (subpartition sp10, subpartition sp11))
[1] 23:44:16,314 DEBUG SchemaChange - SQL_PARSE <- "create table t1 (a int) partition by range /__MAXWELL__/ subpartition by key (a) (partition p0 values less than (10) (subpartition sp00, subpartition sp01), partition p1 values less than (20) (subpartition sp10, subpartition sp11))"
[1] 23:44:16,314 DEBUG SchemaChange - rewrote SQL to create table t1 (a int) partition by range /__MAXWELL__/ subpartition by key /__MAXWELL__/ (partition p0 values less than (10) (subpartition sp00, subpartition sp01), partition p1 values less than (20) (subpartition sp10, subpartition sp11))
[1] 23:44:16,314 DEBUG SchemaChange - SQL_PARSE <- "create table t1 (a int) partition by range /__MAXWELL__/ subpartition by key /__MAXWELL__/ (partition p0 values less than (10) (subpartition sp00, subpartition sp01), partition p1 values less than (20) (subpartition sp10, subpartition sp11))"
[1] 23:44:16,314 DEBUG SchemaChange - rewrote SQL to create table t1 (a int) partition by range /__MAXWELL__/ subpartition by key /__MAXWELL__/ (/__MAXWELL__/
[1] 23:44:16,314 DEBUG SchemaChange - SQL_PARSE <- "create table t1 (a int) partition by range /__MAXWELL__/ subpartition by key /__MAXWELL__/ (/__MAXWELL__/"
[1] 23:44:16,314 DEBUG SchemaChange - SQL_PARSE ->   (parse (statement (create_table (create_table_preamble create table (table_name (name (id t1)))) (create_specifications ( (create_specification (column_definition (name (id a)) (data_type (signed_type int)))) )) (table_creation_option (partition_by partition by (partition_by_what range (skip_parens /__MAXWELL__/)) (subpartition_by subpartition by (partition_by_what key (skip_parens /__MAXWELL__/))) (partition_definitions ( (skip_parens_inside_partition_definitions /__MAXWELL__/)))))) <EOF>)
[1] 23:44:16,314 DEBUG SchemaChange - SQL_PARSE <- "create table t1 (a int) partition by range(a) ( partition p0 values less than (64), partition p1 values less than (128), partition p2 values less than (255) )"
[1] 23:44:16,315 DEBUG SchemaChange - rewrote SQL to create table t1 (a int) partition by range/__MAXWELL__/ ( partition p0 values less than (64), partition p1 values less than (128), partition p2 values less than (255) )
[1] 23:44:16,315 DEBUG SchemaChange - SQL_PARSE <- "create table t1 (a int) partition by range/__MAXWELL__/ ( partition p0 values less than (64), partition p1 values less than (128), partition p2 values less than (255) )"
[1] 23:44:16,315 DEBUG SchemaChange - rewrote SQL to create table t1 (a int) partition by range/__MAXWELL__/ ( /__MAXWELL__/
[1] 23:44:16,315 DEBUG SchemaChange - SQL_PARSE <- "create table t1 (a int) partition by range/__MAXWELL__/ ( /__MAXWELL__/"
[1] 23:44:16,315 DEBUG SchemaChange - SQL_PARSE ->   (parse (statement (create_table (create_table_preamble create table (table_name (name (id t1)))) (create_specifications ( (create_specification (column_definition (name (id a)) (data_type (signed_type int)))) )) (table_creation_option (partition_by partition by (partition_by_what range (skip_parens /__MAXWELL__/)) (partition_definitions ( (skip_parens_inside_partition_definitions /__MAXWELL__/)))))) <EOF>)
[1] 23:44:16,315 DEBUG SchemaChange - SQL_PARSE <- "create table t1 (a int) partition by range(a+0) ( partition p0 values less than (64), partition p1 values less than (128), partition p2 values less than (255) )"
[1] 23:44:16,315 DEBUG SchemaChange - rewrote SQL to create table t1 (a int) partition by range/__MAXWELL__/ ( partition p0 values less than (64), partition p1 values less than (128), partition p2 values less than (255) )
[1] 23:44:16,315 DEBUG SchemaChange - SQL_PARSE <- "create table t1 (a int) partition by range/__MAXWELL__/ ( partition p0 values less than (64), partition p1 values less than (128), partition p2 values less than (255) )"
[1] 23:44:16,315 DEBUG SchemaChange - rewrote SQL to create table t1 (a int) partition by range/__MAXWELL__/ ( /__MAXWELL__/
[1] 23:44:16,315 DEBUG SchemaChange - SQL_PARSE <- "create table t1 (a int) partition by range/__MAXWELL__/ ( /__MAXWELL__/"
[1] 23:44:16,315 DEBUG SchemaChange - SQL_PARSE ->   (parse (statement (create_table (create_table_preamble create table (table_name (name (id t1)))) (create_specifications ( (create_specification (column_definition (name (id a)) (data_type (signed_type int)))) )) (table_creation_option (partition_by partition by (partition_by_what range (skip_parens /__MAXWELL__/)) (partition_definitions ( (skip_parens_inside_partition_definitions /__MAXWELL__/)))))) <EOF>)
[1] 23:44:16,316 DEBUG SchemaChange - SQL_PARSE <- "create table t1 (a int, b char(10), c varchar(25), d datetime) partition by range columns(a,b,c,d) subpartition by hash (to_seconds(d)) subpartitions 4 ( partition p0 values less than (1, '0', MAXVALUE, '1900-01-01'), partition p1 values less than (1, 'a', MAXVALUE, '1999-01-01'), partition p2 values less than (1, 'b', MAXVALUE, MAXVALUE), partition p3 values less than (1, MAXVALUE, MAXVALUE, MAXVALUE))"
[1] 23:44:16,316 DEBUG SchemaChange - rewrote SQL to create table t1 (a int, b char(10), c varchar(25), d datetime) partition by range columns/__MAXWELL__/ subpartition by hash (to_seconds(d)) subpartitions 4 ( partition p0 values less than (1, '0', MAXVALUE, '1900-01-01'), partition p1 values less than (1, 'a', MAXVALUE, '1999-01-01'), partition p2 values less than (1, 'b', MAXVALUE, MAXVALUE), partition p3 values less than (1, MAXVALUE, MAXVALUE, MAXVALUE))
[1] 23:44:16,316 DEBUG SchemaChange - SQL_PARSE <- "create table t1 (a int, b char(10), c varchar(25), d datetime) partition by range columns/__MAXWELL__/ subpartition by hash (to_seconds(d)) subpartitions 4 ( partition p0 values less than (1, '0', MAXVALUE, '1900-01-01'), partition p1 values less than (1, 'a', MAXVALUE, '1999-01-01'), partition p2 values less than (1, 'b', MAXVALUE, MAXVALUE), partition p3 values less than (1, MAXVALUE, MAXVALUE, MAXVALUE))"
[1] 23:44:16,316 DEBUG SchemaChange - rewrote SQL to create table t1 (a int, b char(10), c varchar(25), d datetime) partition by range columns/__MAXWELL__/ subpartition by hash /__MAXWELL__/ subpartitions 4 ( partition p0 values less than (1, '0', MAXVALUE, '1900-01-01'), partition p1 values less than (1, 'a', MAXVALUE, '1999-01-01'), partition p2 values less than (1, 'b', MAXVALUE, MAXVALUE), partition p3 values less than (1, MAXVALUE, MAXVALUE, MAXVALUE))
[1] 23:44:16,316 DEBUG SchemaChange - SQL_PARSE <- "create table t1 (a int, b char(10), c varchar(25), d datetime) partition by range columns/__MAXWELL__/ subpartition by hash /__MAXWELL__/ subpartitions 4 ( partition p0 values less than (1, '0', MAXVALUE, '1900-01-01'), partition p1 values less than (1, 'a', MAXVALUE, '1999-01-01'), partition p2 values less than (1, 'b', MAXVALUE, MAXVALUE), partition p3 values less than (1, MAXVALUE, MAXVALUE, MAXVALUE))"
[1] 23:44:16,317 DEBUG SchemaChange - rewrote SQL to create table t1 (a int, b char(10), c varchar(25), d datetime) partition by range columns/__MAXWELL__/ subpartition by hash /__MAXWELL__/ subpartitions 4 ( /__MAXWELL__/
[1] 23:44:16,317 DEBUG SchemaChange - SQL_PARSE <- "create table t1 (a int, b char(10), c varchar(25), d datetime) partition by range columns/__MAXWELL__/ subpartition by hash /__MAXWELL__/ subpartitions 4 ( /__MAXWELL__/"
[1] 23:44:16,317 DEBUG SchemaChange - SQL_PARSE ->   (parse (statement (create_table (create_table_preamble create table (table_name (name (id t1)))) (create_specifications ( (create_specification (column_definition (name (id a)) (data_type (signed_type int)))) , (create_specification (column_definition (name (id b)) (data_type (string_type char (length ( 10 )))))) , (create_specification (column_definition (name (id c)) (data_type (string_type varchar (length ( 25 )))))) , (create_specification (column_definition (name (id d)) (data_type (generic_type datetime)))) )) (table_creation_option (partition_by partition by (partition_by_what range columns (skip_parens /__MAXWELL__/)) (subpartition_by subpartition by (partition_by_what hash (skip_parens /__MAXWELL__/)) subpartitions 4) (partition_definitions ( (skip_parens_inside_partition_definitions /__MAXWELL__/)))))) <EOF>)
[1] 23:44:16,317 DEBUG SchemaChange - SQL_PARSE <- "create table t1 (a int, b char(10), c varchar(5), d int) partition by range columns(a,b,c) subpartition by key (c,d) subpartitions 3 ( partition p0 values less than (1,'abc','abc'), partition p1 values less than (2,'abc','abc'), partition p2 values less than (3,'abc','abc'), partition p3 values less than (4,'abc','abc'))"
[1] 23:44:16,317 DEBUG SchemaChange - rewrote SQL to create table t1 (a int, b char(10), c varchar(5), d int) partition by range columns/__MAXWELL__/ subpartition by key (c,d) subpartitions 3 ( partition p0 values less than (1,'abc','abc'), partition p1 values less than (2,'abc','abc'), partition p2 values less than (3,'abc','abc'), partition p3 values less than (4,'abc','abc'))
[1] 23:44:16,317 DEBUG SchemaChange - SQL_PARSE <- "create table t1 (a int, b char(10), c varchar(5), d int) partition by range columns/__MAXWELL__/ subpartition by key (c,d) subpartitions 3 ( partition p0 values less than (1,'abc','abc'), partition p1 values less than (2,'abc','abc'), partition p2 values less than (3,'abc','abc'), partition p3 values less than (4,'abc','abc'))"
[1] 23:44:16,318 DEBUG SchemaChange - rewrote SQL to create table t1 (a int, b char(10), c varchar(5), d int) partition by range columns/__MAXWELL__/ subpartition by key /__MAXWELL__/ subpartitions 3 ( partition p0 values less than (1,'abc','abc'), partition p1 values less than (2,'abc','abc'), partition p2 values less than (3,'abc','abc'), partition p3 values less than (4,'abc','abc'))
[1] 23:44:16,318 DEBUG SchemaChange - SQL_PARSE <- "create table t1 (a int, b char(10), c varchar(5), d int) partition by range columns/__MAXWELL__/ subpartition by key /__MAXWELL__/ subpartitions 3 ( partition p0 values less than (1,'abc','abc'), partition p1 values less than (2,'abc','abc'), partition p2 values less than (3,'abc','abc'), partition p3 values less than (4,'abc','abc'))"
[1] 23:44:16,318 DEBUG SchemaChange - rewrote SQL to create table t1 (a int, b char(10), c varchar(5), d int) partition by range columns/__MAXWELL__/ subpartition by key /__MAXWELL__/ subpartitions 3 ( /__MAXWELL__/
[1] 23:44:16,318 DEBUG SchemaChange - SQL_PARSE <- "create table t1 (a int, b char(10), c varchar(5), d int) partition by range columns/__MAXWELL__/ subpartition by key /__MAXWELL__/ subpartitions 3 ( /__MAXWELL__/"
[1] 23:44:16,319 DEBUG SchemaChange - SQL_PARSE ->   (parse (statement (create_table (create_table_preamble create table (table_name (name (id t1)))) (create_specifications ( (create_specification (column_definition (name (id a)) (data_type (signed_type int)))) , (create_specification (column_definition (name (id b)) (data_type (string_type char (length ( 10 )))))) , (create_specification (column_definition (name (id c)) (data_type (string_type varchar (length ( 5 )))))) , (create_specification (column_definition (name (id d)) (data_type (signed_type int)))) )) (table_creation_option (partition_by partition by (partition_by_what range columns (skip_parens /__MAXWELL__/)) (subpartition_by subpartition by (partition_by_what key (skip_parens /__MAXWELL__/)) subpartitions 3) (partition_definitions ( (skip_parens_inside_partition_definitions /__MAXWELL__/)))))) <EOF>)
[1] 23:44:16,319 DEBUG SchemaChange - SQL_PARSE <- "create table t1 (a int, b char(20)) partition by range columns(b) (partition p0 values less than ("b"))"
[1] 23:44:16,319 DEBUG SchemaChange - rewrote SQL to create table t1 (a int, b char(20)) partition by range columns/__MAXWELL__/ (partition p0 values less than ("b"))
[1] 23:44:16,319 DEBUG SchemaChange - SQL_PARSE <- "create table t1 (a int, b char(20)) partition by range columns/__MAXWELL__/ (partition p0 values less than ("b"))"
[1] 23:44:16,319 DEBUG SchemaChange - rewrote SQL to create table t1 (a int, b char(20)) partition by range columns/__MAXWELL__/ (/__MAXWELL__/
[1] 23:44:16,319 DEBUG SchemaChange - SQL_PARSE <- "create table t1 (a int, b char(20)) partition by range columns/__MAXWELL__/ (/__MAXWELL__/"
[1] 23:44:16,319 DEBUG SchemaChange - SQL_PARSE ->   (parse (statement (create_table (create_table_preamble create table (table_name (name (id t1)))) (create_specifications ( (create_specification (column_definition (name (id a)) (data_type (signed_type int)))) , (create_specification (column_definition (name (id b)) (data_type (string_type char (length ( 20 )))))) )) (table_creation_option (partition_by partition by (partition_by_what range columns (skip_parens /__MAXWELL__/)) (partition_definitions ( (skip_parens_inside_partition_definitions /__MAXWELL__/)))))) <EOF>)
[1] 23:44:16,319 DEBUG SchemaChange - SQL_PARSE <- "create table t1 (a int, b int not null) partition by list(a)  subpartition by hash(b) subpartitions 2 ( partition p0 values in (1), partition p1 values in (2), partition p2 values in (3), partition pn values in (NULL) )"
[1] 23:44:16,320 DEBUG SchemaChange - rewrote SQL to create table t1 (a int, b int not null) partition by list/__MAXWELL__/  subpartition by hash(b) subpartitions 2 ( partition p0 values in (1), partition p1 values in (2), partition p2 values in (3), partition pn values in (NULL) )
[1] 23:44:16,320 DEBUG SchemaChange - SQL_PARSE <- "create table t1 (a int, b int not null) partition by list/__MAXWELL__/  subpartition by hash(b) subpartitions 2 ( partition p0 values in (1), partition p1 values in (2), partition p2 values in (3), partition pn values in (NULL) )"
[1] 23:44:16,320 DEBUG SchemaChange - rewrote SQL to create table t1 (a int, b int not null) partition by list/__MAXWELL__/  subpartition by hash/__MAXWELL__/ subpartitions 2 ( partition p0 values in (1), partition p1 values in (2), partition p2 values in (3), partition pn values in (NULL) )
[1] 23:44:16,320 DEBUG SchemaChange - SQL_PARSE <- "create table t1 (a int, b int not null) partition by list/__MAXWELL__/  subpartition by hash/__MAXWELL__/ subpartitions 2 ( partition p0 values in (1), partition p1 values in (2), partition p2 values in (3), partition pn values in (NULL) )"
[1] 23:44:16,320 DEBUG SchemaChange - rewrote SQL to create table t1 (a int, b int not null) partition by list/__MAXWELL__/  subpartition by hash/__MAXWELL__/ subpartitions 2 ( /__MAXWELL__/
[1] 23:44:16,320 DEBUG SchemaChange - SQL_PARSE <- "create table t1 (a int, b int not null) partition by list/__MAXWELL__/  subpartition by hash/__MAXWELL__/ subpartitions 2 ( /__MAXWELL__/"
[1] 23:44:16,320 DEBUG SchemaChange - SQL_PARSE ->   (parse (statement (create_table (create_table_preamble create table (table_name (name (id t1)))) (create_specifications ( (create_specification (column_definition (name (id a)) (data_type (signed_type int)))) , (create_specification (column_definition (name (id b)) (data_type (signed_type int (column_options (nullability not null)))))) )) (table_creation_option (partition_by partition by (partition_by_what list (skip_parens /__MAXWELL__/)) (subpartition_by subpartition by (partition_by_what hash (skip_parens /__MAXWELL__/)) subpartitions 2) (partition_definitions ( (skip_parens_inside_partition_definitions /__MAXWELL__/)))))) <EOF>)
[1] 23:44:16,320 DEBUG SchemaChange - SQL_PARSE <- "create table t1 (a int, b int)  partition by list(a) subpartition by hash(b) subpartitions 20  ( partition p0 values in (0), partition p1 values in (1), partition p2 values in (2), partition p3 values in (3) )"
[1] 23:44:16,321 DEBUG SchemaChange - rewrote SQL to create table t1 (a int, b int)  partition by list/__MAXWELL__/ subpartition by hash(b) subpartitions 20  ( partition p0 values in (0), partition p1 values in (1), partition p2 values in (2), partition p3 values in (3) )
[1] 23:44:16,321 DEBUG SchemaChange - SQL_PARSE <- "create table t1 (a int, b int)  partition by list/__MAXWELL__/ subpartition by hash(b) subpartitions 20  ( partition p0 values in (0), partition p1 values in (1), partition p2 values in (2), partition p3 values in (3) )"
[1] 23:44:16,321 DEBUG SchemaChange - rewrote SQL to create table t1 (a int, b int)  partition by list/__MAXWELL__/ subpartition by hash/__MAXWELL__/ subpartitions 20  ( partition p0 values in (0), partition p1 values in (1), partition p2 values in (2), partition p3 values in (3) )
[1] 23:44:16,321 DEBUG SchemaChange - SQL_PARSE <- "create table t1 (a int, b int)  partition by list/__MAXWELL__/ subpartition by hash/__MAXWELL__/ subpartitions 20  ( partition p0 values in (0), partition p1 values in (1), partition p2 values in (2), partition p3 values in (3) )"
[1] 23:44:16,321 DEBUG SchemaChange - rewrote SQL to create table t1 (a int, b int)  partition by list/__MAXWELL__/ subpartition by hash/__MAXWELL__/ subpartitions 20  ( /__MAXWELL__/
[1] 23:44:16,321 DEBUG SchemaChange - SQL_PARSE <- "create table t1 (a int, b int)  partition by list/__MAXWELL__/ subpartition by hash/__MAXWELL__/ subpartitions 20  ( /__MAXWELL__/"
[1] 23:44:16,321 DEBUG SchemaChange - SQL_PARSE ->   (parse (statement (create_table (create_table_preamble create table (table_name (name (id t1)))) (create_specifications ( (create_specification (column_definition (name (id a)) (data_type (signed_type int)))) , (create_specification (column_definition (name (id b)) (data_type (signed_type int)))) )) (table_creation_option (partition_by partition by (partition_by_what list (skip_parens /__MAXWELL__/)) (subpartition_by subpartition by (partition_by_what hash (skip_parens /__MAXWELL__/)) subpartitions 20) (partition_definitions ( (skip_parens_inside_partition_definitions /__MAXWELL__/)))))) <EOF>)
[1] 23:44:16,321 DEBUG SchemaChange - SQL_PARSE <- "create table t1 (a int, b int) partition by list (a) (partition p1 values in (1), partition p2 values in (2))"
[1] 23:44:16,322 DEBUG SchemaChange - rewrote SQL to create table t1 (a int, b int) partition by list /__MAXWELL__/ (partition p1 values in (1), partition p2 values in (2))
[1] 23:44:16,322 DEBUG SchemaChange - SQL_PARSE <- "create table t1 (a int, b int) partition by list /__MAXWELL__/ (partition p1 values in (1), partition p2 values in (2))"
[1] 23:44:16,322 DEBUG SchemaChange - rewrote SQL to create table t1 (a int, b int) partition by list /__MAXWELL__/ (/__MAXWELL__/
[1] 23:44:16,322 DEBUG SchemaChange - SQL_PARSE <- "create table t1 (a int, b int) partition by list /__MAXWELL__/ (/__MAXWELL__/"
[1] 23:44:16,322 DEBUG SchemaChange - SQL_PARSE ->   (parse (statement (create_table (create_table_preamble create table (table_name (name (id t1)))) (create_specifications ( (create_specification (column_definition (name (id a)) (data_type (signed_type int)))) , (create_specification (column_definition (name (id b)) (data_type (signed_type int)))) )) (table_creation_option (partition_by partition by (partition_by_what list (skip_parens /__MAXWELL__/)) (partition_definitions ( (skip_parens_inside_partition_definitions /__MAXWELL__/)))))) <EOF>)
[1] 23:44:16,322 DEBUG SchemaChange - SQL_PARSE <- "create table t1 (a int, b int) partition by list columns (a,b) ( partition p0 values in ((0,0)))"
[1] 23:44:16,322 DEBUG SchemaChange - rewrote SQL to create table t1 (a int, b int) partition by list columns /__MAXWELL__/ ( partition p0 values in ((0,0)))
[1] 23:44:16,322 DEBUG SchemaChange - SQL_PARSE <- "create table t1 (a int, b int) partition by list columns /__MAXWELL__/ ( partition p0 values in ((0,0)))"
[1] 23:44:16,322 DEBUG SchemaChange - rewrote SQL to create table t1 (a int, b int) partition by list columns /__MAXWELL__/ ( /__MAXWELL__/
[1] 23:44:16,322 DEBUG SchemaChange - SQL_PARSE <- "create table t1 (a int, b int) partition by list columns /__MAXWELL__/ ( /__MAXWELL__/"
[1] 23:44:16,322 DEBUG SchemaChange - SQL_PARSE ->   (parse (statement (create_table (create_table_preamble create table (table_name (name (id t1)))) (create_specifications ( (create_specification (column_definition (name (id a)) (data_type (signed_type int)))) , (create_specification (column_definition (name (id b)) (data_type (signed_type int)))) )) (table_creation_option (partition_by partition by (partition_by_what list columns (skip_parens /__MAXWELL__/)) (partition_definitions ( (skip_parens_inside_partition_definitions /__MAXWELL__/)))))) <EOF>)
[1] 23:44:16,323 DEBUG SchemaChange - SQL_PARSE <- "create table t1 (a int, b int) partition by list columns(a,b) ( partition p0 values in ((1, NULL), (2, NULL), (NULL, NULL)), partition p1 values in ((1,1), (2,2)), partition p2 values in ((3, NULL), (NULL, 1)))"
[1] 23:44:16,323 DEBUG SchemaChange - rewrote SQL to create table t1 (a int, b int) partition by list columns/__MAXWELL__/ ( partition p0 values in ((1, NULL), (2, NULL), (NULL, NULL)), partition p1 values in ((1,1), (2,2)), partition p2 values in ((3, NULL), (NULL, 1)))
[1] 23:44:16,323 DEBUG SchemaChange - SQL_PARSE <- "create table t1 (a int, b int) partition by list columns/__MAXWELL__/ ( partition p0 values in ((1, NULL), (2, NULL), (NULL, NULL)), partition p1 values in ((1,1), (2,2)), partition p2 values in ((3, NULL), (NULL, 1)))"
[1] 23:44:16,323 DEBUG SchemaChange - rewrote SQL to create table t1 (a int, b int) partition by list columns/__MAXWELL__/ ( /__MAXWELL__/
[1] 23:44:16,323 DEBUG SchemaChange - SQL_PARSE <- "create table t1 (a int, b int) partition by list columns/__MAXWELL__/ ( /__MAXWELL__/"
[1] 23:44:16,323 DEBUG SchemaChange - SQL_PARSE ->   (parse (statement (create_table (create_table_preamble create table (table_name (name (id t1)))) (create_specifications ( (create_specification (column_definition (name (id a)) (data_type (signed_type int)))) , (create_specification (column_definition (name (id b)) (data_type (signed_type int)))) )) (table_creation_option (partition_by partition by (partition_by_what list columns (skip_parens /__MAXWELL__/)) (partition_definitions ( (skip_parens_inside_partition_definitions /__MAXWELL__/)))))) <EOF>)
[1] 23:44:16,323 DEBUG SchemaChange - SQL_PARSE <- "create table t1 (a int, b int) partition by list columns(a,b) subpartition by hash (b) subpartitions 2 (partition p0 values in ((0,0), (1,1)), partition p1 values in ((1000,1000)))"
[1] 23:44:16,323 DEBUG SchemaChange - rewrote SQL to create table t1 (a int, b int) partition by list columns/__MAXWELL__/ subpartition by hash (b) subpartitions 2 (partition p0 values in ((0,0), (1,1)), partition p1 values in ((1000,1000)))
[1] 23:44:16,323 DEBUG SchemaChange - SQL_PARSE <- "create table t1 (a int, b int) partition by list columns/__MAXWELL__/ subpartition by hash (b) subpartitions 2 (partition p0 values in ((0,0), (1,1)), partition p1 values in ((1000,1000)))"
[1] 23:44:16,324 DEBUG SchemaChange - rewrote SQL to create table t1 (a int, b int) partition by list columns/__MAXWELL__/ subpartition by hash /__MAXWELL__/ subpartitions 2 (partition p0 values in ((0,0), (1,1)), partition p1 values in ((1000,1000)))
[1] 23:44:16,324 DEBUG SchemaChange - SQL_PARSE <- "create table t1 (a int, b int) partition by list columns/__MAXWELL__/ subpartition by hash /__MAXWELL__/ subpartitions 2 (partition p0 values in ((0,0), (1,1)), partition p1 values in ((1000,1000)))"
[1] 23:44:16,324 DEBUG SchemaChange - rewrote SQL to create table t1 (a int, b int) partition by list columns/__MAXWELL__/ subpartition by hash /__MAXWELL__/ subpartitions 2 (/__MAXWELL__/
[1] 23:44:16,324 DEBUG SchemaChange - SQL_PARSE <- "create table t1 (a int, b int) partition by list columns/__MAXWELL__/ subpartition by hash /__MAXWELL__/ subpartitions 2 (/__MAXWELL__/"
[1] 23:44:16,324 DEBUG SchemaChange - SQL_PARSE ->   (parse (statement (create_table (create_table_preamble create table (table_name (name (id t1)))) (create_specifications ( (create_specification (column_definition (name (id a)) (data_type (signed_type int)))) , (create_specification (column_definition (name (id b)) (data_type (signed_type int)))) )) (table_creation_option (partition_by partition by (partition_by_what list columns (skip_parens /__MAXWELL__/)) (subpartition_by subpartition by (partition_by_what hash (skip_parens /__MAXWELL__/)) subpartitions 2) (partition_definitions ( (skip_parens_inside_partition_definitions /__MAXWELL__/)))))) <EOF>)
[1] 23:44:16,324 DEBUG SchemaChange - SQL_PARSE <- "create table t1 (a int, b int) partition by range columns(a,b) (partition p0 values less than (1, 0), partition p1 values less than (2, maxvalue), partition p2 values less than (3, 3), partition p3 values less than (10, maxvalue))"
[1] 23:44:16,324 DEBUG SchemaChange - rewrote SQL to create table t1 (a int, b int) partition by range columns/__MAXWELL__/ (partition p0 values less than (1, 0), partition p1 values less than (2, maxvalue), partition p2 values less than (3, 3), partition p3 values less than (10, maxvalue))
[1] 23:44:16,324 DEBUG SchemaChange - SQL_PARSE <- "create table t1 (a int, b int) partition by range columns/__MAXWELL__/ (partition p0 values less than (1, 0), partition p1 values less than (2, maxvalue), partition p2 values less than (3, 3), partition p3 values less than (10, maxvalue))"
[1] 23:44:16,324 DEBUG SchemaChange - rewrote SQL to create table t1 (a int, b int) partition by range columns/__MAXWELL__/ (/__MAXWELL__/
[1] 23:44:16,324 DEBUG SchemaChange - SQL_PARSE <- "create table t1 (a int, b int) partition by range columns/__MAXWELL__/ (/__MAXWELL__/"
[1] 23:44:16,325 DEBUG SchemaChange - SQL_PARSE ->   (parse (statement (create_table (create_table_preamble create table (table_name (name (id t1)))) (create_specifications ( (create_specification (column_definition (name (id a)) (data_type (signed_type int)))) , (create_specification (column_definition (name (id b)) (data_type (signed_type int)))) )) (table_creation_option (partition_by partition by (partition_by_what range columns (skip_parens /__MAXWELL__/)) (partition_definitions ( (skip_parens_inside_partition_definitions /__MAXWELL__/)))))) <EOF>)
[1] 23:44:16,325 DEBUG SchemaChange - SQL_PARSE <- "create table t1 (a int, b int) partition by range columns(a,b) (partition p0 values less than (maxvalue, 10))"
[1] 23:44:16,325 DEBUG SchemaChange - rewrote SQL to create table t1 (a int, b int) partition by range columns/__MAXWELL__/ (partition p0 values less than (maxvalue, 10))
[1] 23:44:16,325 DEBUG SchemaChange - SQL_PARSE <- "create table t1 (a int, b int) partition by range columns/__MAXWELL__/ (partition p0 values less than (maxvalue, 10))"
[1] 23:44:16,325 DEBUG SchemaChange - rewrote SQL to create table t1 (a int, b int) partition by range columns/__MAXWELL__/ (/__MAXWELL__/
[1] 23:44:16,325 DEBUG SchemaChange - SQL_PARSE <- "create table t1 (a int, b int) partition by range columns/__MAXWELL__/ (/__MAXWELL__/"
[1] 23:44:16,325 DEBUG SchemaChange - SQL_PARSE ->   (parse (statement (create_table (create_table_preamble create table (table_name (name (id t1)))) (create_specifications ( (create_specification (column_definition (name (id a)) (data_type (signed_type int)))) , (create_specification (column_definition (name (id b)) (data_type (signed_type int)))) )) (table_creation_option (partition_by partition by (partition_by_what range columns (skip_parens /__MAXWELL__/)) (partition_definitions ( (skip_parens_inside_partition_definitions /__MAXWELL__/)))))) <EOF>)
[1] 23:44:16,325 DEBUG SchemaChange - SQL_PARSE <- "create table t1 (a int, b int) partition by range columns(a,b) (partition p0 values less than (maxvalue,maxvalue))"
[1] 23:44:16,325 DEBUG SchemaChange - rewrote SQL to create table t1 (a int, b int) partition by range columns/__MAXWELL__/ (partition p0 values less than (maxvalue,maxvalue))
[1] 23:44:16,325 DEBUG SchemaChange - SQL_PARSE <- "create table t1 (a int, b int) partition by range columns/__MAXWELL__/ (partition p0 values less than (maxvalue,maxvalue))"
[1] 23:44:16,325 DEBUG SchemaChange - rewrote SQL to create table t1 (a int, b int) partition by range columns/__MAXWELL__/ (/__MAXWELL__/
[1] 23:44:16,325 DEBUG SchemaChange - SQL_PARSE <- "create table t1 (a int, b int) partition by range columns/__MAXWELL__/ (/__MAXWELL__/"
[1] 23:44:16,326 DEBUG SchemaChange - SQL_PARSE ->   (parse (statement (create_table (create_table_preamble create table (table_name (name (id t1)))) (create_specifications ( (create_specification (column_definition (name (id a)) (data_type (signed_type int)))) , (create_specification (column_definition (name (id b)) (data_type (signed_type int)))) )) (table_creation_option (partition_by partition by (partition_by_what range columns (skip_parens /__MAXWELL__/)) (partition_definitions ( (skip_parens_inside_partition_definitions /__MAXWELL__/)))))) <EOF>)
[1] 23:44:16,326 DEBUG SchemaChange - SQL_PARSE <- "create table t1 (a int, b int) partition by range columns(a,b) (partition p2 values less than (99,99), partition p1 values less than (99,999))"
[1] 23:44:16,326 DEBUG SchemaChange - rewrote SQL to create table t1 (a int, b int) partition by range columns/__MAXWELL__/ (partition p2 values less than (99,99), partition p1 values less than (99,999))
[1] 23:44:16,326 DEBUG SchemaChange - SQL_PARSE <- "create table t1 (a int, b int) partition by range columns/__MAXWELL__/ (partition p2 values less than (99,99), partition p1 values less than (99,999))"
[1] 23:44:16,326 DEBUG SchemaChange - rewrote SQL to create table t1 (a int, b int) partition by range columns/__MAXWELL__/ (/__MAXWELL__/
[1] 23:44:16,326 DEBUG SchemaChange - SQL_PARSE <- "create table t1 (a int, b int) partition by range columns/__MAXWELL__/ (/__MAXWELL__/"
[1] 23:44:16,326 DEBUG SchemaChange - SQL_PARSE ->   (parse (statement (create_table (create_table_preamble create table (table_name (name (id t1)))) (create_specifications ( (create_specification (column_definition (name (id a)) (data_type (signed_type int)))) , (create_specification (column_definition (name (id b)) (data_type (signed_type int)))) )) (table_creation_option (partition_by partition by (partition_by_what range columns (skip_parens /__MAXWELL__/)) (partition_definitions ( (skip_parens_inside_partition_definitions /__MAXWELL__/)))))) <EOF>)
[1] 23:44:16,326 DEBUG SchemaChange - SQL_PARSE <- "create table t1 (a int, b int, key(a)) partition by list (a) ( partition p0 values in (1), partition p1 values in (2))"
[1] 23:44:16,326 DEBUG SchemaChange - rewrote SQL to create table t1 (a int, b int, key(a)) partition by list /__MAXWELL__/ ( partition p0 values in (1), partition p1 values in (2))
[1] 23:44:16,326 DEBUG SchemaChange - SQL_PARSE <- "create table t1 (a int, b int, key(a)) partition by list /__MAXWELL__/ ( partition p0 values in (1), partition p1 values in (2))"
[1] 23:44:16,327 DEBUG SchemaChange - rewrote SQL to create table t1 (a int, b int, key(a)) partition by list /__MAXWELL__/ ( /__MAXWELL__/
[1] 23:44:16,327 DEBUG SchemaChange - SQL_PARSE <- "create table t1 (a int, b int, key(a)) partition by list /__MAXWELL__/ ( /__MAXWELL__/"
[1] 23:44:16,327 DEBUG SchemaChange - SQL_PARSE ->   (parse (statement (create_table (create_table_preamble create table (table_name (name (id t1)))) (create_specifications ( (create_specification (column_definition (name (id a)) (data_type (signed_type int)))) , (create_specification (column_definition (name (id b)) (data_type (signed_type int)))) , (create_specification (index_definition (index_type_1 (index_or_key key) (index_column_list ( (index_columns (index_column (name (id a)))) ))))) )) (table_creation_option (partition_by partition by (partition_by_what list (skip_parens /__MAXWELL__/)) (partition_definitions ( (skip_parens_inside_partition_definitions /__MAXWELL__/)))))) <EOF>)
[1] 23:44:16,327 DEBUG SchemaChange - SQL_PARSE <- "create table t1 (a int, b varchar(2), c int) partition by range columns (a, b, c) (partition p0 values less than (1, 'A', 1), partition p1 values less than (1, 'B', 1))"
[1] 23:44:16,327 DEBUG SchemaChange - rewrote SQL to create table t1 (a int, b varchar(2), c int) partition by range columns /__MAXWELL__/ (partition p0 values less than (1, 'A', 1), partition p1 values less than (1, 'B', 1))
[1] 23:44:16,327 DEBUG SchemaChange - SQL_PARSE <- "create table t1 (a int, b varchar(2), c int) partition by range columns /__MAXWELL__/ (partition p0 values less than (1, 'A', 1), partition p1 values less than (1, 'B', 1))"
[1] 23:44:16,327 DEBUG SchemaChange - rewrote SQL to create table t1 (a int, b varchar(2), c int) partition by range columns /__MAXWELL__/ (/__MAXWELL__/
[1] 23:44:16,327 DEBUG SchemaChange - SQL_PARSE <- "create table t1 (a int, b varchar(2), c int) partition by range columns /__MAXWELL__/ (/__MAXWELL__/"
[1] 23:44:16,328 DEBUG SchemaChange - SQL_PARSE ->   (parse (statement (create_table (create_table_preamble create table (table_name (name (id t1)))) (create_specifications ( (create_specification (column_definition (name (id a)) (data_type (signed_type int)))) , (create_specification (column_definition (name (id b)) (data_type (string_type varchar (length ( 2 )))))) , (create_specification (column_definition (name (id c)) (data_type (signed_type int)))) )) (table_creation_option (partition_by partition by (partition_by_what range columns (skip_parens /__MAXWELL__/)) (partition_definitions ( (skip_parens_inside_partition_definitions /__MAXWELL__/)))))) <EOF>)
[1] 23:44:16,328 DEBUG SchemaChange - SQL_PARSE <- "create table t1 (a int, index(a)) partition by hash(a)"
[1] 23:44:16,328 DEBUG SchemaChange - rewrote SQL to create table t1 (a int, index(a)) partition by hash/__MAXWELL__/
[1] 23:44:16,328 DEBUG SchemaChange - SQL_PARSE <- "create table t1 (a int, index(a)) partition by hash/__MAXWELL__/"
[1] 23:44:16,328 DEBUG SchemaChange - SQL_PARSE ->   (parse (statement (create_table (create_table_preamble create table (table_name (name (id t1)))) (create_specifications ( (create_specification (column_definition (name (id a)) (data_type (signed_type int)))) , (create_specification (index_definition (index_type_1 (index_or_key index) (index_column_list ( (index_columns (index_column (name (id a)))) ))))) )) (table_creation_option (partition_by partition by (partition_by_what hash (skip_parens /__MAXWELL__/)))))) <EOF>)
[1] 23:44:16,328 DEBUG SchemaChange - SQL_PARSE <- "create table t1 (a int,b int, c int) partition by list(a) partitions 2 (partition x123 values in (11, 12), partition x234 values in (5, 1))"
[1] 23:44:16,328 DEBUG SchemaChange - rewrote SQL to create table t1 (a int,b int, c int) partition by list/__MAXWELL__/ partitions 2 (partition x123 values in (11, 12), partition x234 values in (5, 1))
[1] 23:44:16,328 DEBUG SchemaChange - SQL_PARSE <- "create table t1 (a int,b int, c int) partition by list/__MAXWELL__/ partitions 2 (partition x123 values in (11, 12), partition x234 values in (5, 1))"
[1] 23:44:16,329 DEBUG SchemaChange - rewrote SQL to create table t1 (a int,b int, c int) partition by list/__MAXWELL__/ partitions 2 (/__MAXWELL__/
[1] 23:44:16,329 DEBUG SchemaChange - SQL_PARSE <- "create table t1 (a int,b int, c int) partition by list/__MAXWELL__/ partitions 2 (/__MAXWELL__/"
[1] 23:44:16,329 DEBUG SchemaChange - SQL_PARSE ->   (parse (statement (create_table (create_table_preamble create table (table_name (name (id t1)))) (create_specifications ( (create_specification (column_definition (name (id a)) (data_type (signed_type int)))) , (create_specification (column_definition (name (id b)) (data_type (signed_type int)))) , (create_specification (column_definition (name (id c)) (data_type (signed_type int)))) )) (table_creation_option (partition_by partition by (partition_by_what list (skip_parens /__MAXWELL__/)) (partition_count partitions 2) (partition_definitions ( (skip_parens_inside_partition_definitions /__MAXWELL__/)))))) <EOF>)
[1] 23:44:16,329 DEBUG SchemaChange - SQL_PARSE <- "create table t1 (a int,b int, c int) partition by list(a) partitions 2 (partition x123 values in (11, 12), partition x234 values in (NULL, 1))"
[1] 23:44:16,329 DEBUG SchemaChange - rewrote SQL to create table t1 (a int,b int, c int) partition by list/__MAXWELL__/ partitions 2 (partition x123 values in (11, 12), partition x234 values in (NULL, 1))
[1] 23:44:16,329 DEBUG SchemaChange - SQL_PARSE <- "create table t1 (a int,b int, c int) partition by list/__MAXWELL__/ partitions 2 (partition x123 values in (11, 12), partition x234 values in (NULL, 1))"
[1] 23:44:16,329 DEBUG SchemaChange - rewrote SQL to create table t1 (a int,b int, c int) partition by list/__MAXWELL__/ partitions 2 (/__MAXWELL__/
[1] 23:44:16,329 DEBUG SchemaChange - SQL_PARSE <- "create table t1 (a int,b int, c int) partition by list/__MAXWELL__/ partitions 2 (/__MAXWELL__/"
[1] 23:44:16,329 DEBUG SchemaChange - SQL_PARSE ->   (parse (statement (create_table (create_table_preamble create table (table_name (name (id t1)))) (create_specifications ( (create_specification (column_definition (name (id a)) (data_type (signed_type int)))) , (create_specification (column_definition (name (id b)) (data_type (signed_type int)))) , (create_specification (column_definition (name (id c)) (data_type (signed_type int)))) )) (table_creation_option (partition_by partition by (partition_by_what list (skip_parens /__MAXWELL__/)) (partition_count partitions 2) (partition_definitions ( (skip_parens_inside_partition_definitions /__MAXWELL__/)))))) <EOF>)
[1] 23:44:16,329 DEBUG SchemaChange - SQL_PARSE <- "create table t1 (a int,b int,c int,key(a,b)) partition by range (a) partitions 3 (partition x1 values less than (0) tablespace ts1, partition x2 values less than (10) tablespace ts2, partition x3 values less than maxvalue tablespace ts3)"
[1] 23:44:16,330 DEBUG SchemaChange - rewrote SQL to create table t1 (a int,b int,c int,key(a,b)) partition by range /__MAXWELL__/ partitions 3 (partition x1 values less than (0) tablespace ts1, partition x2 values less than (10) tablespace ts2, partition x3 values less than maxvalue tablespace ts3)
[1] 23:44:16,330 DEBUG SchemaChange - SQL_PARSE <- "create table t1 (a int,b int,c int,key(a,b)) partition by range /__MAXWELL__/ partitions 3 (partition x1 values less than (0) tablespace ts1, partition x2 values less than (10) tablespace ts2, partition x3 values less than maxvalue tablespace ts3)"
[1] 23:44:16,330 DEBUG SchemaChange - rewrote SQL to create table t1 (a int,b int,c int,key(a,b)) partition by range /__MAXWELL__/ partitions 3 (/__MAXWELL__/
[1] 23:44:16,330 DEBUG SchemaChange - SQL_PARSE <- "create table t1 (a int,b int,c int,key(a,b)) partition by range /__MAXWELL__/ partitions 3 (/__MAXWELL__/"
[1] 23:44:16,330 DEBUG SchemaChange - SQL_PARSE ->   (parse (statement (create_table (create_table_preamble create table (table_name (name (id t1)))) (create_specifications ( (create_specification (column_definition (name (id a)) (data_type (signed_type int)))) , (create_specification (column_definition (name (id b)) (data_type (signed_type int)))) , (create_specification (column_definition (name (id c)) (data_type (signed_type int)))) , (create_specification (index_definition (index_type_1 (index_or_key key) (index_column_list ( (index_columns (index_column (name (id a))) , (index_column (name (id b)))) ))))) )) (table_creation_option (partition_by partition by (partition_by_what range (skip_parens /__MAXWELL__/)) (partition_count partitions 3) (partition_definitions ( (skip_parens_inside_partition_definitions /__MAXWELL__/)))))) <EOF>)
[1] 23:44:16,330 DEBUG SchemaChange - SQL_PARSE <- "create table t1 (a integer) partition by range (a) ( partition p0 values less than (4), partition p1 values less than (100))"
[1] 23:44:16,331 DEBUG SchemaChange - rewrote SQL to create table t1 (a integer) partition by range /__MAXWELL__/ ( partition p0 values less than (4), partition p1 values less than (100))
[1] 23:44:16,331 DEBUG SchemaChange - SQL_PARSE <- "create table t1 (a integer) partition by range /__MAXWELL__/ ( partition p0 values less than (4), partition p1 values less than (100))"
[1] 23:44:16,331 DEBUG SchemaChange - rewrote SQL to create table t1 (a integer) partition by range /__MAXWELL__/ ( /__MAXWELL__/
[1] 23:44:16,331 DEBUG SchemaChange - SQL_PARSE <- "create table t1 (a integer) partition by range /__MAXWELL__/ ( /__MAXWELL__/"
[1] 23:44:16,331 DEBUG SchemaChange - SQL_PARSE ->   (parse (statement (create_table (create_table_preamble create table (table_name (name (id t1)))) (create_specifications ( (create_specification (column_definition (name (id a)) (data_type (signed_type integer)))) )) (table_creation_option (partition_by partition by (partition_by_what range (skip_parens /__MAXWELL__/)) (partition_definitions ( (skip_parens_inside_partition_definitions /__MAXWELL__/)))))) <EOF>)
[1] 23:44:16,331 DEBUG SchemaChange - SQL_PARSE <- "create table t1 (a mediumint not null) partition by key (a)"
[1] 23:44:16,331 DEBUG SchemaChange - rewrote SQL to create table t1 (a mediumint not null) partition by key /__MAXWELL__/
[1] 23:44:16,331 DEBUG SchemaChange - SQL_PARSE <- "create table t1 (a mediumint not null) partition by key /__MAXWELL__/"
[1] 23:44:16,331 DEBUG SchemaChange - SQL_PARSE ->   (parse (statement (create_table (create_table_preamble create table (table_name (name (id t1)))) (create_specifications ( (create_specification (column_definition (name (id a)) (data_type (signed_type mediumint (column_options (nullability not null)))))) )) (table_creation_option (partition_by partition by (partition_by_what key (skip_parens /__MAXWELL__/)))))) <EOF>)
[1] 23:44:16,331 DEBUG SchemaChange - SQL_PARSE <- "create table t1 (a mediumint) partition by key (a)"
[1] 23:44:16,332 DEBUG SchemaChange - rewrote SQL to create table t1 (a mediumint) partition by key /__MAXWELL__/
[1] 23:44:16,332 DEBUG SchemaChange - SQL_PARSE <- "create table t1 (a mediumint) partition by key /__MAXWELL__/"
[1] 23:44:16,332 DEBUG SchemaChange - SQL_PARSE ->   (parse (statement (create_table (create_table_preamble create table (table_name (name (id t1)))) (create_specifications ( (create_specification (column_definition (name (id a)) (data_type (signed_type mediumint)))) )) (table_creation_option (partition_by partition by (partition_by_what key (skip_parens /__MAXWELL__/)))))) <EOF>)
[1] 23:44:16,332 DEBUG SchemaChange - SQL_PARSE <- "create table t1 (a set('A','B','C','D','E','F','G','H','I','J','K','L') not null, primary key(a)) engine='MyISAM'  partition by key (a) ( partition pa1 max_rows=20 min_rows=2, partition pa2 max_rows=30 min_rows=3, partition pa3 max_rows=30 min_rows=4, partition pa4 max_rows=40 min_rows=2)"
[1] 23:44:16,332 DEBUG SchemaChange - rewrote SQL to create table t1 (a set('A','B','C','D','E','F','G','H','I','J','K','L') not null, primary key(a)) engine='MyISAM'  partition by key /__MAXWELL__/ ( partition pa1 max_rows=20 min_rows=2, partition pa2 max_rows=30 min_rows=3, partition pa3 max_rows=30 min_rows=4, partition pa4 max_rows=40 min_rows=2)
[1] 23:44:16,332 DEBUG SchemaChange - SQL_PARSE <- "create table t1 (a set('A','B','C','D','E','F','G','H','I','J','K','L') not null, primary key(a)) engine='MyISAM'  partition by key /__MAXWELL__/ ( partition pa1 max_rows=20 min_rows=2, partition pa2 max_rows=30 min_rows=3, partition pa3 max_rows=30 min_rows=4, partition pa4 max_rows=40 min_rows=2)"
[1] 23:44:16,333 DEBUG SchemaChange - rewrote SQL to create table t1 (a set('A','B','C','D','E','F','G','H','I','J','K','L') not null, primary key(a)) engine='MyISAM'  partition by key /__MAXWELL__/ ( /__MAXWELL__/
[1] 23:44:16,333 DEBUG SchemaChange - SQL_PARSE <- "create table t1 (a set('A','B','C','D','E','F','G','H','I','J','K','L') not null, primary key(a)) engine='MyISAM'  partition by key /__MAXWELL__/ ( /__MAXWELL__/"
[1] 23:44:16,333 DEBUG SchemaChange - SQL_PARSE ->   (parse (statement (create_table (create_table_preamble create table (table_name (name (id t1)))) (create_specifications ( (create_specification (column_definition (name (id a)) (data_type (enumerated_type set ( (enumerated_values (enum_value (string_literal 'A')) , (enum_value (string_literal 'B')) , (enum_value (string_literal 'C')) , (enum_value (string_literal 'D')) , (enum_value (string_literal 'E')) , (enum_value (string_literal 'F')) , (enum_value (string_literal 'G')) , (enum_value (string_literal 'H')) , (enum_value (string_literal 'I')) , (enum_value (string_literal 'J')) , (enum_value (string_literal 'K')) , (enum_value (string_literal 'L'))) ) (column_options (nullability not null)))))) , (create_specification (index_definition (index_type_pk primary key (index_column_list ( (index_columns (index_column (name (id a)))) ))))) )) (table_creation_option (creation_engine engine = (string_literal 'MyISAM'))) (table_creation_option (partition_by partition by (partition_by_what key (skip_parens /__MAXWELL__/)) (partition_definitions ( (skip_parens_inside_partition_definitions /__MAXWELL__/)))))) <EOF>)
[1] 23:44:16,333 DEBUG SchemaChange - SQL_PARSE <- "create table t1 (a set('y','n') not null) partition by key (a)"
[1] 23:44:16,333 DEBUG SchemaChange - rewrote SQL to create table t1 (a set('y','n') not null) partition by key /__MAXWELL__/
[1] 23:44:16,333 DEBUG SchemaChange - SQL_PARSE <- "create table t1 (a set('y','n') not null) partition by key /__MAXWELL__/"
[1] 23:44:16,334 DEBUG SchemaChange - SQL_PARSE ->   (parse (statement (create_table (create_table_preamble create table (table_name (name (id t1)))) (create_specifications ( (create_specification (column_definition (name (id a)) (data_type (enumerated_type set ( (enumerated_values (enum_value (string_literal 'y')) , (enum_value (string_literal 'n'))) ) (column_options (nullability not null)))))) )) (table_creation_option (partition_by partition by (partition_by_what key (skip_parens /__MAXWELL__/)))))) <EOF>)
[1] 23:44:16,334 DEBUG SchemaChange - SQL_PARSE <- "create table t1 (a set('y','n')) partition by key (a)"
[1] 23:44:16,334 DEBUG SchemaChange - rewrote SQL to create table t1 (a set('y','n')) partition by key /__MAXWELL__/
[1] 23:44:16,334 DEBUG SchemaChange - SQL_PARSE <- "create table t1 (a set('y','n')) partition by key /__MAXWELL__/"
[1] 23:44:16,334 DEBUG SchemaChange - SQL_PARSE ->   (parse (statement (create_table (create_table_preamble create table (table_name (name (id t1)))) (create_specifications ( (create_specification (column_definition (name (id a)) (data_type (enumerated_type set ( (enumerated_values (enum_value (string_literal 'y')) , (enum_value (string_literal 'n'))) ))))) )) (table_creation_option (partition_by partition by (partition_by_what key (skip_parens /__MAXWELL__/)))))) <EOF>)
[1] 23:44:16,334 DEBUG SchemaChange - SQL_PARSE <- "create table t1 (a smallint not null) partition by key (a)"
[1] 23:44:16,334 DEBUG SchemaChange - rewrote SQL to create table t1 (a smallint not null) partition by key /__MAXWELL__/
[1] 23:44:16,334 DEBUG SchemaChange - SQL_PARSE <- "create table t1 (a smallint not null) partition by key /__MAXWELL__/"
[1] 23:44:16,334 DEBUG SchemaChange - SQL_PARSE ->   (parse (statement (create_table (create_table_preamble create table (table_name (name (id t1)))) (create_specifications ( (create_specification (column_definition (name (id a)) (data_type (signed_type smallint (column_options (nullability not null)))))) )) (table_creation_option (partition_by partition by (partition_by_what key (skip_parens /__MAXWELL__/)))))) <EOF>)
[1] 23:44:16,335 DEBUG SchemaChange - SQL_PARSE <- "create table t1 (a smallint) partition by key (a)"
[1] 23:44:16,335 DEBUG SchemaChange - rewrote SQL to create table t1 (a smallint) partition by key /__MAXWELL__/
[1] 23:44:16,335 DEBUG SchemaChange - SQL_PARSE <- "create table t1 (a smallint) partition by key /__MAXWELL__/"
[1] 23:44:16,335 DEBUG SchemaChange - SQL_PARSE ->   (parse (statement (create_table (create_table_preamble create table (table_name (name (id t1)))) (create_specifications ( (create_specification (column_definition (name (id a)) (data_type (signed_type smallint)))) )) (table_creation_option (partition_by partition by (partition_by_what key (skip_parens /__MAXWELL__/)))))) <EOF>)
[1] 23:44:16,335 DEBUG SchemaChange - SQL_PARSE <- "create table t1 (a time not null) partition by key (a)"
[1] 23:44:16,335 DEBUG SchemaChange - rewrote SQL to create table t1 (a time not null) partition by key /__MAXWELL__/
[1] 23:44:16,335 DEBUG SchemaChange - SQL_PARSE <- "create table t1 (a time not null) partition by key /__MAXWELL__/"
[1] 23:44:16,335 DEBUG SchemaChange - SQL_PARSE ->   (parse (statement (create_table (create_table_preamble create table (table_name (name (id t1)))) (create_specifications ( (create_specification (column_definition (name (id a)) (data_type (generic_type time (column_options (nullability not null)))))) )) (table_creation_option (partition_by partition by (partition_by_what key (skip_parens /__MAXWELL__/)))))) <EOF>)
[1] 23:44:16,335 DEBUG SchemaChange - SQL_PARSE <- "create table t1 (a time not null, primary key(a)) engine='MyISAM'  partition by key (a) ( partition pa1 max_rows=20 min_rows=2, partition pa2 max_rows=30 min_rows=3, partition pa3 max_rows=30 min_rows=4, partition pa4 max_rows=40 min_rows=2)"
[1] 23:44:16,336 DEBUG SchemaChange - rewrote SQL to create table t1 (a time not null, primary key(a)) engine='MyISAM'  partition by key /__MAXWELL__/ ( partition pa1 max_rows=20 min_rows=2, partition pa2 max_rows=30 min_rows=3, partition pa3 max_rows=30 min_rows=4, partition pa4 max_rows=40 min_rows=2)
[1] 23:44:16,336 DEBUG SchemaChange - SQL_PARSE <- "create table t1 (a time not null, primary key(a)) engine='MyISAM'  partition by key /__MAXWELL__/ ( partition pa1 max_rows=20 min_rows=2, partition pa2 max_rows=30 min_rows=3, partition pa3 max_rows=30 min_rows=4, partition pa4 max_rows=40 min_rows=2)"
[1] 23:44:16,336 DEBUG SchemaChange - rewrote SQL to create table t1 (a time not null, primary key(a)) engine='MyISAM'  partition by key /__MAXWELL__/ ( /__MAXWELL__/
[1] 23:44:16,336 DEBUG SchemaChange - SQL_PARSE <- "create table t1 (a time not null, primary key(a)) engine='MyISAM'  partition by key /__MAXWELL__/ ( /__MAXWELL__/"
[1] 23:44:16,336 DEBUG SchemaChange - SQL_PARSE ->   (parse (statement (create_table (create_table_preamble create table (table_name (name (id t1)))) (create_specifications ( (create_specification (column_definition (name (id a)) (data_type (generic_type time (column_options (nullability not null)))))) , (create_specification (index_definition (index_type_pk primary key (index_column_list ( (index_columns (index_column (name (id a)))) ))))) )) (table_creation_option (creation_engine engine = (string_literal 'MyISAM'))) (table_creation_option (partition_by partition by (partition_by_what key (skip_parens /__MAXWELL__/)) (partition_definitions ( (skip_parens_inside_partition_definitions /__MAXWELL__/)))))) <EOF>)
[1] 23:44:16,336 DEBUG SchemaChange - SQL_PARSE <- "create table t1 (a time) partition by key (a)"
[1] 23:44:16,336 DEBUG SchemaChange - rewrote SQL to create table t1 (a time) partition by key /__MAXWELL__/
[1] 23:44:16,336 DEBUG SchemaChange - SQL_PARSE <- "create table t1 (a time) partition by key /__MAXWELL__/"
[1] 23:44:16,336 DEBUG SchemaChange - SQL_PARSE ->   (parse (statement (create_table (create_table_preamble create table (table_name (name (id t1)))) (create_specifications ( (create_specification (column_definition (name (id a)) (data_type (generic_type time)))) )) (table_creation_option (partition_by partition by (partition_by_what key (skip_parens /__MAXWELL__/)))))) <EOF>)
[1] 23:44:16,336 DEBUG SchemaChange - SQL_PARSE <- "create table t1 (a timestamp not null) partition by key (a)"
[1] 23:44:16,337 DEBUG SchemaChange - rewrote SQL to create table t1 (a timestamp not null) partition by key /__MAXWELL__/
[1] 23:44:16,337 DEBUG SchemaChange - SQL_PARSE <- "create table t1 (a timestamp not null) partition by key /__MAXWELL__/"
[1] 23:44:16,337 DEBUG SchemaChange - SQL_PARSE ->   (parse (statement (create_table (create_table_preamble create table (table_name (name (id t1)))) (create_specifications ( (create_specification (column_definition (name (id a)) (data_type (generic_type timestamp (column_options (nullability not null)))))) )) (table_creation_option (partition_by partition by (partition_by_what key (skip_parens /__MAXWELL__/)))))) <EOF>)
[1] 23:44:16,337 DEBUG SchemaChange - SQL_PARSE <- "create table t1 (a timestamp not null, primary key(a)) engine='MyISAM'  partition by key (a) ( partition pa1 max_rows=20 min_rows=2, partition pa2 max_rows=30 min_rows=3, partition pa3 max_rows=30 min_rows=4, partition pa4 max_rows=40 min_rows=2)"
[1] 23:44:16,337 DEBUG SchemaChange - rewrote SQL to create table t1 (a timestamp not null, primary key(a)) engine='MyISAM'  partition by key /__MAXWELL__/ ( partition pa1 max_rows=20 min_rows=2, partition pa2 max_rows=30 min_rows=3, partition pa3 max_rows=30 min_rows=4, partition pa4 max_rows=40 min_rows=2)
[1] 23:44:16,337 DEBUG SchemaChange - SQL_PARSE <- "create table t1 (a timestamp not null, primary key(a)) engine='MyISAM'  partition by key /__MAXWELL__/ ( partition pa1 max_rows=20 min_rows=2, partition pa2 max_rows=30 min_rows=3, partition pa3 max_rows=30 min_rows=4, partition pa4 max_rows=40 min_rows=2)"
[1] 23:44:16,337 DEBUG SchemaChange - rewrote SQL to create table t1 (a timestamp not null, primary key(a)) engine='MyISAM'  partition by key /__MAXWELL__/ ( /__MAXWELL__/
[1] 23:44:16,337 DEBUG SchemaChange - SQL_PARSE <- "create table t1 (a timestamp not null, primary key(a)) engine='MyISAM'  partition by key /__MAXWELL__/ ( /__MAXWELL__/"
[1] 23:44:16,337 DEBUG SchemaChange - SQL_PARSE ->   (parse (statement (create_table (create_table_preamble create table (table_name (name (id t1)))) (create_specifications ( (create_specification (column_definition (name (id a)) (data_type (generic_type timestamp (column_options (nullability not null)))))) , (create_specification (index_definition (index_type_pk primary key (index_column_list ( (index_columns (index_column (name (id a)))) ))))) )) (table_creation_option (creation_engine engine = (string_literal 'MyISAM'))) (table_creation_option (partition_by partition by (partition_by_what key (skip_parens /__MAXWELL__/)) (partition_definitions ( (skip_parens_inside_partition_definitions /__MAXWELL__/)))))) <EOF>)
[1] 23:44:16,337 DEBUG SchemaChange - SQL_PARSE <- "create table t1 (a timestamp null) partition by key (a)"
[1] 23:44:16,338 DEBUG SchemaChange - rewrote SQL to create table t1 (a timestamp null) partition by key /__MAXWELL__/
[1] 23:44:16,338 DEBUG SchemaChange - SQL_PARSE <- "create table t1 (a timestamp null) partition by key /__MAXWELL__/"
[1] 23:44:16,338 DEBUG SchemaChange - SQL_PARSE ->   (parse (statement (create_table (create_table_preamble create table (table_name (name (id t1)))) (create_specifications ( (create_specification (column_definition (name (id a)) (data_type (generic_type timestamp (column_options (nullability null)))))) )) (table_creation_option (partition_by partition by (partition_by_what key (skip_parens /__MAXWELL__/)))))) <EOF>)
[1] 23:44:16,338 DEBUG SchemaChange - SQL_PARSE <- "create table t1 (a tinyint not null) partition by key (a)"
[1] 23:44:16,338 DEBUG SchemaChange - rewrote SQL to create table t1 (a tinyint not null) partition by key /__MAXWELL__/
[1] 23:44:16,338 DEBUG SchemaChange - SQL_PARSE <- "create table t1 (a tinyint not null) partition by key /__MAXWELL__/"
[1] 23:44:16,338 DEBUG SchemaChange - SQL_PARSE ->   (parse (statement (create_table (create_table_preamble create table (table_name (name (id t1)))) (create_specifications ( (create_specification (column_definition (name (id a)) (data_type (signed_type tinyint (column_options (nullability not null)))))) )) (table_creation_option (partition_by partition by (partition_by_what key (skip_parens /__MAXWELL__/)))))) <EOF>)
[1] 23:44:16,338 DEBUG SchemaChange - SQL_PARSE <- "create table t1 (a tinyint) partition by key (a)"
[1] 23:44:16,338 DEBUG SchemaChange - rewrote SQL to create table t1 (a tinyint) partition by key /__MAXWELL__/
[1] 23:44:16,338 DEBUG SchemaChange - SQL_PARSE <- "create table t1 (a tinyint) partition by key /__MAXWELL__/"
[1] 23:44:16,339 DEBUG SchemaChange - SQL_PARSE ->   (parse (statement (create_table (create_table_preamble create table (table_name (name (id t1)))) (create_specifications ( (create_specification (column_definition (name (id a)) (data_type (signed_type tinyint)))) )) (table_creation_option (partition_by partition by (partition_by_what key (skip_parens /__MAXWELL__/)))))) <EOF>)
[1] 23:44:16,339 DEBUG SchemaChange - SQL_PARSE <- "create table t1 (a varbinary(767) not null, primary key(a)) engine='MyISAM'  partition by key (a) ( partition pa1 max_rows=20 min_rows=2, partition pa2 max_rows=30 min_rows=3, partition pa3 max_rows=30 min_rows=4, partition pa4 max_rows=40 min_rows=2)"
[1] 23:44:16,339 DEBUG SchemaChange - rewrote SQL to create table t1 (a varbinary(767) not null, primary key(a)) engine='MyISAM'  partition by key /__MAXWELL__/ ( partition pa1 max_rows=20 min_rows=2, partition pa2 max_rows=30 min_rows=3, partition pa3 max_rows=30 min_rows=4, partition pa4 max_rows=40 min_rows=2)
[1] 23:44:16,339 DEBUG SchemaChange - SQL_PARSE <- "create table t1 (a varbinary(767) not null, primary key(a)) engine='MyISAM'  partition by key /__MAXWELL__/ ( partition pa1 max_rows=20 min_rows=2, partition pa2 max_rows=30 min_rows=3, partition pa3 max_rows=30 min_rows=4, partition pa4 max_rows=40 min_rows=2)"
[1] 23:44:16,340 DEBUG SchemaChange - rewrote SQL to create table t1 (a varbinary(767) not null, primary key(a)) engine='MyISAM'  partition by key /__MAXWELL__/ ( /__MAXWELL__/
[1] 23:44:16,340 DEBUG SchemaChange - SQL_PARSE <- "create table t1 (a varbinary(767) not null, primary key(a)) engine='MyISAM'  partition by key /__MAXWELL__/ ( /__MAXWELL__/"
[1] 23:44:16,340 DEBUG SchemaChange - SQL_PARSE ->   (parse (statement (create_table (create_table_preamble create table (table_name (name (id t1)))) (create_specifications ( (create_specification (column_definition (name (id a)) (data_type (generic_type varbinary (length ( 767 )) (column_options (nullability not null)))))) , (create_specification (index_definition (index_type_pk primary key (index_column_list ( (index_columns (index_column (name (id a)))) ))))) )) (table_creation_option (creation_engine engine = (string_literal 'MyISAM'))) (table_creation_option (partition_by partition by (partition_by_what key (skip_parens /__MAXWELL__/)) (partition_definitions ( (skip_parens_inside_partition_definitions /__MAXWELL__/)))))) <EOF>)
[1] 23:44:16,340 DEBUG SchemaChange - SQL_PARSE <- "create table t1 (a varchar(1) character set latin1 collate latin1_general_ci) partition by range columns(a) ( partition p0 values less than ('a'), partition p1 values less than ('b'), partition p2 values less than ('c'), partition p3 values less than ('d'))"
[1] 23:44:16,340 DEBUG SchemaChange - rewrote SQL to create table t1 (a varchar(1) character set latin1 collate latin1_general_ci) partition by range columns/__MAXWELL__/ ( partition p0 values less than ('a'), partition p1 values less than ('b'), partition p2 values less than ('c'), partition p3 values less than ('d'))
[1] 23:44:16,340 DEBUG SchemaChange - SQL_PARSE <- "create table t1 (a varchar(1) character set latin1 collate latin1_general_ci) partition by range columns/__MAXWELL__/ ( partition p0 values less than ('a'), partition p1 values less than ('b'), partition p2 values less than ('c'), partition p3 values less than ('d'))"
[1] 23:44:16,340 DEBUG SchemaChange - rewrote SQL to create table t1 (a varchar(1) character set latin1 collate latin1_general_ci) partition by range columns/__MAXWELL__/ ( /__MAXWELL__/
[1] 23:44:16,340 DEBUG SchemaChange - SQL_PARSE <- "create table t1 (a varchar(1) character set latin1 collate latin1_general_ci) partition by range columns/__MAXWELL__/ ( /__MAXWELL__/"
[1] 23:44:16,341 DEBUG SchemaChange - SQL_PARSE ->   (parse (statement (create_table (create_table_preamble create table (table_name (name (id t1)))) (create_specifications ( (create_specification (column_definition (name (id a)) (data_type (string_type varchar (length ( 1 )) (column_options (charset_def (character_set character set (charset_name latin1)))) (column_options (collation collate latin1_general_ci)))))) )) (table_creation_option (partition_by partition by (partition_by_what range columns (skip_parens /__MAXWELL__/)) (partition_definitions ( (skip_parens_inside_partition_definitions /__MAXWELL__/)))))) <EOF>)
[1] 23:44:16,341 DEBUG SchemaChange - SQL_PARSE <- "create table t1 (a varchar(10) character set latin1 not null) partition by key (a)"
[1] 23:44:16,341 DEBUG SchemaChange - rewrote SQL to create table t1 (a varchar(10) character set latin1 not null) partition by key /__MAXWELL__/
[1] 23:44:16,341 DEBUG SchemaChange - SQL_PARSE <- "create table t1 (a varchar(10) character set latin1 not null) partition by key /__MAXWELL__/"
[1] 23:44:16,341 DEBUG SchemaChange - SQL_PARSE ->   (parse (statement (create_table (create_table_preamble create table (table_name (name (id t1)))) (create_specifications ( (create_specification (column_definition (name (id a)) (data_type (string_type varchar (length ( 10 )) (column_options (charset_def (character_set character set (charset_name latin1)))) (column_options (nullability not null)))))) )) (table_creation_option (partition_by partition by (partition_by_what key (skip_parens /__MAXWELL__/)))))) <EOF>)
[1] 23:44:16,341 DEBUG SchemaChange - SQL_PARSE <- "create table t1 (a varchar(10) character set latin1) partition by key (a)"
[1] 23:44:16,341 DEBUG SchemaChange - rewrote SQL to create table t1 (a varchar(10) character set latin1) partition by key /__MAXWELL__/
[1] 23:44:16,341 DEBUG SchemaChange - SQL_PARSE <- "create table t1 (a varchar(10) character set latin1) partition by key /__MAXWELL__/"
[1] 23:44:16,341 DEBUG SchemaChange - SQL_PARSE ->   (parse (statement (create_table (create_table_preamble create table (table_name (name (id t1)))) (create_specifications ( (create_specification (column_definition (name (id a)) (data_type (string_type varchar (length ( 10 )) (column_options (charset_def (character_set character set (charset_name latin1)))))))) )) (table_creation_option (partition_by partition by (partition_by_what key (skip_parens /__MAXWELL__/)))))) <EOF>)
[1] 23:44:16,341 DEBUG SchemaChange - SQL_PARSE <- "create table t1 (a varchar(10) character set utf8 not null) partition by key (a)"
[1] 23:44:16,342 DEBUG SchemaChange - rewrote SQL to create table t1 (a varchar(10) character set utf8 not null) partition by key /__MAXWELL__/
[1] 23:44:16,342 DEBUG SchemaChange - SQL_PARSE <- "create table t1 (a varchar(10) character set utf8 not null) partition by key /__MAXWELL__/"
[1] 23:44:16,342 DEBUG SchemaChange - SQL_PARSE ->   (parse (statement (create_table (create_table_preamble create table (table_name (name (id t1)))) (create_specifications ( (create_specification (column_definition (name (id a)) (data_type (string_type varchar (length ( 10 )) (column_options (charset_def (character_set character set (charset_name utf8)))) (column_options (nullability not null)))))) )) (table_creation_option (partition_by partition by (partition_by_what key (skip_parens /__MAXWELL__/)))))) <EOF>)
[1] 23:44:16,342 DEBUG SchemaChange - SQL_PARSE <- "create table t1 (a varchar(10) character set utf8) partition by key (a)"
[1] 23:44:16,342 DEBUG SchemaChange - rewrote SQL to create table t1 (a varchar(10) character set utf8) partition by key /__MAXWELL__/
[1] 23:44:16,342 DEBUG SchemaChange - SQL_PARSE <- "create table t1 (a varchar(10) character set utf8) partition by key /__MAXWELL__/"
[1] 23:44:16,342 DEBUG SchemaChange - SQL_PARSE ->   (parse (statement (create_table (create_table_preamble create table (table_name (name (id t1)))) (create_specifications ( (create_specification (column_definition (name (id a)) (data_type (string_type varchar (length ( 10 )) (column_options (charset_def (character_set character set (charset_name utf8)))))))) )) (table_creation_option (partition_by partition by (partition_by_what key (skip_parens /__MAXWELL__/)))))) <EOF>)
[1] 23:44:16,342 DEBUG SchemaChange - SQL_PARSE <- "create table t1 (a varchar(1023) character set utf8 collate utf8_spanish2_ci) partition by range columns(a) ( partition p0 values less than ('CZ'), partition p1 values less than ('CH'), partition p2 values less than ('D'))"
[1] 23:44:16,343 DEBUG SchemaChange - rewrote SQL to create table t1 (a varchar(1023) character set utf8 collate utf8_spanish2_ci) partition by range columns/__MAXWELL__/ ( partition p0 values less than ('CZ'), partition p1 values less than ('CH'), partition p2 values less than ('D'))
[1] 23:44:16,343 DEBUG SchemaChange - SQL_PARSE <- "create table t1 (a varchar(1023) character set utf8 collate utf8_spanish2_ci) partition by range columns/__MAXWELL__/ ( partition p0 values less than ('CZ'), partition p1 values less than ('CH'), partition p2 values less than ('D'))"
[1] 23:44:16,343 DEBUG SchemaChange - rewrote SQL to create table t1 (a varchar(1023) character set utf8 collate utf8_spanish2_ci) partition by range columns/__MAXWELL__/ ( /__MAXWELL__/
[1] 23:44:16,343 DEBUG SchemaChange - SQL_PARSE <- "create table t1 (a varchar(1023) character set utf8 collate utf8_spanish2_ci) partition by range columns/__MAXWELL__/ ( /__MAXWELL__/"
[1] 23:44:16,343 DEBUG SchemaChange - SQL_PARSE ->   (parse (statement (create_table (create_table_preamble create table (table_name (name (id t1)))) (create_specifications ( (create_specification (column_definition (name (id a)) (data_type (string_type varchar (length ( 1023 )) (column_options (charset_def (character_set character set (charset_name utf8)))) (column_options (collation collate utf8_spanish2_ci)))))) )) (table_creation_option (partition_by partition by (partition_by_what range columns (skip_parens /__MAXWELL__/)) (partition_definitions ( (skip_parens_inside_partition_definitions /__MAXWELL__/)))))) <EOF>)
[1] 23:44:16,343 DEBUG SchemaChange - SQL_PARSE <- "create table t1 (a varchar(2) character set cp1250) partition by list columns (a) ( partition p0 values in (0x80))"
[1] 23:44:16,343 DEBUG SchemaChange - rewrote SQL to create table t1 (a varchar(2) character set cp1250) partition by list columns /__MAXWELL__/ ( partition p0 values in (0x80))
[1] 23:44:16,343 DEBUG SchemaChange - SQL_PARSE <- "create table t1 (a varchar(2) character set cp1250) partition by list columns /__MAXWELL__/ ( partition p0 values in (0x80))"
[1] 23:44:16,343 DEBUG SchemaChange - rewrote SQL to create table t1 (a varchar(2) character set cp1250) partition by list columns /__MAXWELL__/ ( /__MAXWELL__/
[1] 23:44:16,343 DEBUG SchemaChange - SQL_PARSE <- "create table t1 (a varchar(2) character set cp1250) partition by list columns /__MAXWELL__/ ( /__MAXWELL__/"
[1] 23:44:16,344 DEBUG SchemaChange - SQL_PARSE ->   (parse (statement (create_table (create_table_preamble create table (table_name (name (id t1)))) (create_specifications ( (create_specification (column_definition (name (id a)) (data_type (string_type varchar (length ( 2 )) (column_options (charset_def (character_set character set (charset_name cp1250)))))))) )) (table_creation_option (partition_by partition by (partition_by_what list columns (skip_parens /__MAXWELL__/)) (partition_definitions ( (skip_parens_inside_partition_definitions /__MAXWELL__/)))))) <EOF>)
[1] 23:44:16,344 DEBUG SchemaChange - SQL_PARSE <- "create table t1 (a varchar(2) character set cp1250) partition by list columns (a) ( partition p0 values in (0x81))"
[1] 23:44:16,344 DEBUG SchemaChange - rewrote SQL to create table t1 (a varchar(2) character set cp1250) partition by list columns /__MAXWELL__/ ( partition p0 values in (0x81))
[1] 23:44:16,344 DEBUG SchemaChange - SQL_PARSE <- "create table t1 (a varchar(2) character set cp1250) partition by list columns /__MAXWELL__/ ( partition p0 values in (0x81))"
[1] 23:44:16,344 DEBUG SchemaChange - rewrote SQL to create table t1 (a varchar(2) character set cp1250) partition by list columns /__MAXWELL__/ ( /__MAXWELL__/
[1] 23:44:16,344 DEBUG SchemaChange - SQL_PARSE <- "create table t1 (a varchar(2) character set cp1250) partition by list columns /__MAXWELL__/ ( /__MAXWELL__/"
[1] 23:44:16,344 DEBUG SchemaChange - SQL_PARSE ->   (parse (statement (create_table (create_table_preamble create table (table_name (name (id t1)))) (create_specifications ( (create_specification (column_definition (name (id a)) (data_type (string_type varchar (length ( 2 )) (column_options (charset_def (character_set character set (charset_name cp1250)))))))) )) (table_creation_option (partition_by partition by (partition_by_what list columns (skip_parens /__MAXWELL__/)) (partition_definitions ( (skip_parens_inside_partition_definitions /__MAXWELL__/)))))) <EOF>)
[1] 23:44:16,344 DEBUG SchemaChange - SQL_PARSE <- "create table t1 (a varchar(2) character set latin1, b varchar(2) character set latin1) partition by list columns(a,b) (partition p0 values in (('a','a')))"
[1] 23:44:16,345 DEBUG SchemaChange - rewrote SQL to create table t1 (a varchar(2) character set latin1, b varchar(2) character set latin1) partition by list columns/__MAXWELL__/ (partition p0 values in (('a','a')))
[1] 23:44:16,345 DEBUG SchemaChange - SQL_PARSE <- "create table t1 (a varchar(2) character set latin1, b varchar(2) character set latin1) partition by list columns/__MAXWELL__/ (partition p0 values in (('a','a')))"
[1] 23:44:16,345 DEBUG SchemaChange - rewrote SQL to create table t1 (a varchar(2) character set latin1, b varchar(2) character set latin1) partition by list columns/__MAXWELL__/ (/__MAXWELL__/
[1] 23:44:16,345 DEBUG SchemaChange - SQL_PARSE <- "create table t1 (a varchar(2) character set latin1, b varchar(2) character set latin1) partition by list columns/__MAXWELL__/ (/__MAXWELL__/"
[1] 23:44:16,346 DEBUG SchemaChange - SQL_PARSE ->   (parse (statement (create_table (create_table_preamble create table (table_name (name (id t1)))) (create_specifications ( (create_specification (column_definition (name (id a)) (data_type (string_type varchar (length ( 2 )) (column_options (charset_def (character_set character set (charset_name latin1)))))))) , (create_specification (column_definition (name (id b)) (data_type (string_type varchar (length ( 2 )) (column_options (charset_def (character_set character set (charset_name latin1)))))))) )) (table_creation_option (partition_by partition by (partition_by_what list columns (skip_parens /__MAXWELL__/)) (partition_definitions ( (skip_parens_inside_partition_definitions /__MAXWELL__/)))))) <EOF>)
[1] 23:44:16,346 DEBUG SchemaChange - SQL_PARSE <- "create table t1 (a varchar(2) character set ucs2) partition by list columns (a) (partition p0 values in (0x2020), partition p1 values in (''))"
[1] 23:44:16,346 DEBUG SchemaChange - rewrote SQL to create table t1 (a varchar(2) character set ucs2) partition by list columns /__MAXWELL__/ (partition p0 values in (0x2020), partition p1 values in (''))
[1] 23:44:16,346 DEBUG SchemaChange - SQL_PARSE <- "create table t1 (a varchar(2) character set ucs2) partition by list columns /__MAXWELL__/ (partition p0 values in (0x2020), partition p1 values in (''))"
[1] 23:44:16,346 DEBUG SchemaChange - rewrote SQL to create table t1 (a varchar(2) character set ucs2) partition by list columns /__MAXWELL__/ (/__MAXWELL__/
[1] 23:44:16,346 DEBUG SchemaChange - SQL_PARSE <- "create table t1 (a varchar(2) character set ucs2) partition by list columns /__MAXWELL__/ (/__MAXWELL__/"
[1] 23:44:16,347 DEBUG SchemaChange - SQL_PARSE ->   (parse (statement (create_table (create_table_preamble create table (table_name (name (id t1)))) (create_specifications ( (create_specification (column_definition (name (id a)) (data_type (string_type varchar (length ( 2 )) (column_options (charset_def (character_set character set (charset_name ucs2)))))))) )) (table_creation_option (partition_by partition by (partition_by_what list columns (skip_parens /__MAXWELL__/)) (partition_definitions ( (skip_parens_inside_partition_definitions /__MAXWELL__/)))))) <EOF>)
[1] 23:44:16,347 DEBUG SchemaChange - SQL_PARSE <- "create table t1 (a varchar(300) character set latin1 not null) partition by key (a)"
[1] 23:44:16,347 DEBUG SchemaChange - rewrote SQL to create table t1 (a varchar(300) character set latin1 not null) partition by key /__MAXWELL__/
[1] 23:44:16,347 DEBUG SchemaChange - SQL_PARSE <- "create table t1 (a varchar(300) character set latin1 not null) partition by key /__MAXWELL__/"
[1] 23:44:16,347 DEBUG SchemaChange - SQL_PARSE ->   (parse (statement (create_table (create_table_preamble create table (table_name (name (id t1)))) (create_specifications ( (create_specification (column_definition (name (id a)) (data_type (string_type varchar (length ( 300 )) (column_options (charset_def (character_set character set (charset_name latin1)))) (column_options (nullability not null)))))) )) (table_creation_option (partition_by partition by (partition_by_what key (skip_parens /__MAXWELL__/)))))) <EOF>)
[1] 23:44:16,347 DEBUG SchemaChange - SQL_PARSE <- "create table t1 (a varchar(300) character set latin1) partition by key (a)"
[1] 23:44:16,347 DEBUG SchemaChange - rewrote SQL to create table t1 (a varchar(300) character set latin1) partition by key /__MAXWELL__/
[1] 23:44:16,347 DEBUG SchemaChange - SQL_PARSE <- "create table t1 (a varchar(300) character set latin1) partition by key /__MAXWELL__/"
[1] 23:44:16,347 DEBUG SchemaChange - SQL_PARSE ->   (parse (statement (create_table (create_table_preamble create table (table_name (name (id t1)))) (create_specifications ( (create_specification (column_definition (name (id a)) (data_type (string_type varchar (length ( 300 )) (column_options (charset_def (character_set character set (charset_name latin1)))))))) )) (table_creation_option (partition_by partition by (partition_by_what key (skip_parens /__MAXWELL__/)))))) <EOF>)
[1] 23:44:16,347 DEBUG SchemaChange - SQL_PARSE <- "create table t1 (a varchar(300) character set utf8 not null) partition by key (a)"
[1] 23:44:16,348 DEBUG SchemaChange - rewrote SQL to create table t1 (a varchar(300) character set utf8 not null) partition by key /__MAXWELL__/
[1] 23:44:16,348 DEBUG SchemaChange - SQL_PARSE <- "create table t1 (a varchar(300) character set utf8 not null) partition by key /__MAXWELL__/"
[1] 23:44:16,348 DEBUG SchemaChange - SQL_PARSE ->   (parse (statement (create_table (create_table_preamble create table (table_name (name (id t1)))) (create_specifications ( (create_specification (column_definition (name (id a)) (data_type (string_type varchar (length ( 300 )) (column_options (charset_def (character_set character set (charset_name utf8)))) (column_options (nullability not null)))))) )) (table_creation_option (partition_by partition by (partition_by_what key (skip_parens /__MAXWELL__/)))))) <EOF>)
[1] 23:44:16,348 DEBUG SchemaChange - SQL_PARSE <- "create table t1 (a varchar(300) character set utf8) partition by key (a)"
[1] 23:44:16,348 DEBUG SchemaChange - rewrote SQL to create table t1 (a varchar(300) character set utf8) partition by key /__MAXWELL__/
[1] 23:44:16,348 DEBUG SchemaChange - SQL_PARSE <- "create table t1 (a varchar(300) character set utf8) partition by key /__MAXWELL__/"
[1] 23:44:16,348 DEBUG SchemaChange - SQL_PARSE ->   (parse (statement (create_table (create_table_preamble create table (table_name (name (id t1)))) (create_specifications ( (create_specification (column_definition (name (id a)) (data_type (string_type varchar (length ( 300 )) (column_options (charset_def (character_set character set (charset_name utf8)))))))) )) (table_creation_option (partition_by partition by (partition_by_what key (skip_parens /__MAXWELL__/)))))) <EOF>)
[1] 23:44:16,348 DEBUG SchemaChange - SQL_PARSE <- "create table t1 (a varchar(3068)) partition by key (a)"
[1] 23:44:16,348 DEBUG SchemaChange - rewrote SQL to create table t1 (a varchar(3068)) partition by key /__MAXWELL__/
[1] 23:44:16,348 DEBUG SchemaChange - SQL_PARSE <- "create table t1 (a varchar(3068)) partition by key /__MAXWELL__/"
[1] 23:44:16,348 DEBUG SchemaChange - SQL_PARSE ->   (parse (statement (create_table (create_table_preamble create table (table_name (name (id t1)))) (create_specifications ( (create_specification (column_definition (name (id a)) (data_type (string_type varchar (length ( 3068 )))))) )) (table_creation_option (partition_by partition by (partition_by_what key (skip_parens /__MAXWELL__/)))))) <EOF>)
[1] 23:44:16,348 DEBUG SchemaChange - SQL_PARSE <- "create table t1 (a varchar(3069)) partition by key (a)"
[1] 23:44:16,349 DEBUG SchemaChange - rewrote SQL to create table t1 (a varchar(3069)) partition by key /__MAXWELL__/
[1] 23:44:16,349 DEBUG SchemaChange - SQL_PARSE <- "create table t1 (a varchar(3069)) partition by key /__MAXWELL__/"
[1] 23:44:16,349 DEBUG SchemaChange - SQL_PARSE ->   (parse (statement (create_table (create_table_preamble create table (table_name (name (id t1)))) (create_specifications ( (create_specification (column_definition (name (id a)) (data_type (string_type varchar (length ( 3069 )))))) )) (table_creation_option (partition_by partition by (partition_by_what key (skip_parens /__MAXWELL__/)))))) <EOF>)
[1] 23:44:16,349 DEBUG SchemaChange - SQL_PARSE <- "create table t1 (a varchar(3070) not null) partition by key (a)"
[1] 23:44:16,349 DEBUG SchemaChange - rewrote SQL to create table t1 (a varchar(3070) not null) partition by key /__MAXWELL__/
[1] 23:44:16,349 DEBUG SchemaChange - SQL_PARSE <- "create table t1 (a varchar(3070) not null) partition by key /__MAXWELL__/"
[1] 23:44:16,349 DEBUG SchemaChange - SQL_PARSE ->   (parse (statement (create_table (create_table_preamble create table (table_name (name (id t1)))) (create_specifications ( (create_specification (column_definition (name (id a)) (data_type (string_type varchar (length ( 3070 )) (column_options (nullability not null)))))) )) (table_creation_option (partition_by partition by (partition_by_what key (skip_parens /__MAXWELL__/)))))) <EOF>)
[1] 23:44:16,349 DEBUG SchemaChange - SQL_PARSE <- "create table t1 (a varchar(5) character set ucs2 collate ucs2_bin) partition by range columns (a) (partition p0 values less than (0x0041))"
[1] 23:44:16,349 DEBUG SchemaChange - rewrote SQL to create table t1 (a varchar(5) character set ucs2 collate ucs2_bin) partition by range columns /__MAXWELL__/ (partition p0 values less than (0x0041))
[1] 23:44:16,349 DEBUG SchemaChange - SQL_PARSE <- "create table t1 (a varchar(5) character set ucs2 collate ucs2_bin) partition by range columns /__MAXWELL__/ (partition p0 values less than (0x0041))"
[1] 23:44:16,350 DEBUG SchemaChange - rewrote SQL to create table t1 (a varchar(5) character set ucs2 collate ucs2_bin) partition by range columns /__MAXWELL__/ (/__MAXWELL__/
[1] 23:44:16,350 DEBUG SchemaChange - SQL_PARSE <- "create table t1 (a varchar(5) character set ucs2 collate ucs2_bin) partition by range columns /__MAXWELL__/ (/__MAXWELL__/"
[1] 23:44:16,350 DEBUG SchemaChange - SQL_PARSE ->   (parse (statement (create_table (create_table_preamble create table (table_name (name (id t1)))) (create_specifications ( (create_specification (column_definition (name (id a)) (data_type (string_type varchar (length ( 5 )) (column_options (charset_def (character_set character set (charset_name ucs2)))) (column_options (collation collate ucs2_bin)))))) )) (table_creation_option (partition_by partition by (partition_by_what range columns (skip_parens /__MAXWELL__/)) (partition_definitions ( (skip_parens_inside_partition_definitions /__MAXWELL__/)))))) <EOF>)
[1] 23:44:16,350 DEBUG SchemaChange - SQL_PARSE <- "create table t1 (a varchar(5)) engine=innodb partition by range columns(a) ( partition p0 values less than ('m'), partition p1 values less than ('za'))"
[1] 23:44:16,350 DEBUG SchemaChange - rewrote SQL to create table t1 (a varchar(5)) engine=innodb partition by range columns/__MAXWELL__/ ( partition p0 values less than ('m'), partition p1 values less than ('za'))
[1] 23:44:16,350 DEBUG SchemaChange - SQL_PARSE <- "create table t1 (a varchar(5)) engine=innodb partition by range columns/__MAXWELL__/ ( partition p0 values less than ('m'), partition p1 values less than ('za'))"
[1] 23:44:16,350 DEBUG SchemaChange - rewrote SQL to create table t1 (a varchar(5)) engine=innodb partition by range columns/__MAXWELL__/ ( /__MAXWELL__/
[1] 23:44:16,350 DEBUG SchemaChange - SQL_PARSE <- "create table t1 (a varchar(5)) engine=innodb partition by range columns/__MAXWELL__/ ( /__MAXWELL__/"
[1] 23:44:16,350 DEBUG SchemaChange - SQL_PARSE ->   (parse (statement (create_table (create_table_preamble create table (table_name (name (id t1)))) (create_specifications ( (create_specification (column_definition (name (id a)) (data_type (string_type varchar (length ( 5 )))))) )) (table_creation_option (creation_engine engine = (id innodb))) (table_creation_option (partition_by partition by (partition_by_what range columns (skip_parens /__MAXWELL__/)) (partition_definitions ( (skip_parens_inside_partition_definitions /__MAXWELL__/)))))) <EOF>)
[1] 23:44:16,350 DEBUG SchemaChange - SQL_PARSE <- "create table t1 (a varchar(5)) engine=memory partition by range columns(a) ( partition p0 values less than ('m'), partition p1 values less than ('za'))"
[1] 23:44:16,351 DEBUG SchemaChange - rewrote SQL to create table t1 (a varchar(5)) engine=memory partition by range columns/__MAXWELL__/ ( partition p0 values less than ('m'), partition p1 values less than ('za'))
[1] 23:44:16,351 DEBUG SchemaChange - SQL_PARSE <- "create table t1 (a varchar(5)) engine=memory partition by range columns/__MAXWELL__/ ( partition p0 values less than ('m'), partition p1 values less than ('za'))"
[1] 23:44:16,351 DEBUG SchemaChange - rewrote SQL to create table t1 (a varchar(5)) engine=memory partition by range columns/__MAXWELL__/ ( /__MAXWELL__/
[1] 23:44:16,351 DEBUG SchemaChange - SQL_PARSE <- "create table t1 (a varchar(5)) engine=memory partition by range columns/__MAXWELL__/ ( /__MAXWELL__/"
[1] 23:44:16,351 DEBUG SchemaChange - SQL_PARSE ->   (parse (statement (create_table (create_table_preamble create table (table_name (name (id t1)))) (create_specifications ( (create_specification (column_definition (name (id a)) (data_type (string_type varchar (length ( 5 )))))) )) (table_creation_option (creation_engine engine = memory)) (table_creation_option (partition_by partition by (partition_by_what range columns (skip_parens /__MAXWELL__/)) (partition_definitions ( (skip_parens_inside_partition_definitions /__MAXWELL__/)))))) <EOF>)
[1] 23:44:16,351 DEBUG SchemaChange - SQL_PARSE <- "create table t1 (a varchar(5)) engine=myisam partition by range columns(a) ( partition p0 values less than ('m'), partition p1 values less than ('za'))"
[1] 23:44:16,351 DEBUG SchemaChange - rewrote SQL to create table t1 (a varchar(5)) engine=myisam partition by range columns/__MAXWELL__/ ( partition p0 values less than ('m'), partition p1 values less than ('za'))
[1] 23:44:16,351 DEBUG SchemaChange - SQL_PARSE <- "create table t1 (a varchar(5)) engine=myisam partition by range columns/__MAXWELL__/ ( partition p0 values less than ('m'), partition p1 values less than ('za'))"
[1] 23:44:16,352 DEBUG SchemaChange - rewrote SQL to create table t1 (a varchar(5)) engine=myisam partition by range columns/__MAXWELL__/ ( /__MAXWELL__/
[1] 23:44:16,352 DEBUG SchemaChange - SQL_PARSE <- "create table t1 (a varchar(5)) engine=myisam partition by range columns/__MAXWELL__/ ( /__MAXWELL__/"
[1] 23:44:16,352 DEBUG SchemaChange - SQL_PARSE ->   (parse (statement (create_table (create_table_preamble create table (table_name (name (id t1)))) (create_specifications ( (create_specification (column_definition (name (id a)) (data_type (string_type varchar (length ( 5 )))))) )) (table_creation_option (creation_engine engine = (id myisam))) (table_creation_option (partition_by partition by (partition_by_what range columns (skip_parens /__MAXWELL__/)) (partition_definitions ( (skip_parens_inside_partition_definitions /__MAXWELL__/)))))) <EOF>)
[1] 23:44:16,352 DEBUG SchemaChange - SQL_PARSE <- "create table t1 (a varchar(5), b int signed, c varchar(10), d datetime) partition by range columns(b,c) subpartition by hash(to_seconds(d)) ( partition p0 values less than (2, 'b'), partition p1 values less than (4, 'd'), partition p2 values less than (10, 'za'))"
[1] 23:44:16,352 DEBUG SchemaChange - rewrote SQL to create table t1 (a varchar(5), b int signed, c varchar(10), d datetime) partition by range columns/__MAXWELL__/ subpartition by hash(to_seconds(d)) ( partition p0 values less than (2, 'b'), partition p1 values less than (4, 'd'), partition p2 values less than (10, 'za'))
[1] 23:44:16,352 DEBUG SchemaChange - SQL_PARSE <- "create table t1 (a varchar(5), b int signed, c varchar(10), d datetime) partition by range columns/__MAXWELL__/ subpartition by hash(to_seconds(d)) ( partition p0 values less than (2, 'b'), partition p1 values less than (4, 'd'), partition p2 values less than (10, 'za'))"
[1] 23:44:16,352 DEBUG SchemaChange - rewrote SQL to create table t1 (a varchar(5), b int signed, c varchar(10), d datetime) partition by range columns/__MAXWELL__/ subpartition by hash/__MAXWELL__/ ( partition p0 values less than (2, 'b'), partition p1 values less than (4, 'd'), partition p2 values less than (10, 'za'))
[1] 23:44:16,352 DEBUG SchemaChange - SQL_PARSE <- "create table t1 (a varchar(5), b int signed, c varchar(10), d datetime) partition by range columns/__MAXWELL__/ subpartition by hash/__MAXWELL__/ ( partition p0 values less than (2, 'b'), partition p1 values less than (4, 'd'), partition p2 values less than (10, 'za'))"
[1] 23:44:16,353 DEBUG SchemaChange - rewrote SQL to create table t1 (a varchar(5), b int signed, c varchar(10), d datetime) partition by range columns/__MAXWELL__/ subpartition by hash/__MAXWELL__/ ( /__MAXWELL__/
[1] 23:44:16,353 DEBUG SchemaChange - SQL_PARSE <- "create table t1 (a varchar(5), b int signed, c varchar(10), d datetime) partition by range columns/__MAXWELL__/ subpartition by hash/__MAXWELL__/ ( /__MAXWELL__/"
[1] 23:44:16,353 DEBUG SchemaChange - SQL_PARSE ->   (parse (statement (create_table (create_table_preamble create table (table_name (name (id t1)))) (create_specifications ( (create_specification (column_definition (name (id a)) (data_type (string_type varchar (length ( 5 )))))) , (create_specification (column_definition (name (id b)) (data_type (signed_type int (int_flags signed))))) , (create_specification (column_definition (name (id c)) (data_type (string_type varchar (length ( 10 )))))) , (create_specification (column_definition (name (id d)) (data_type (generic_type datetime)))) )) (table_creation_option (partition_by partition by (partition_by_what range columns (skip_parens /__MAXWELL__/)) (subpartition_by subpartition by (partition_by_what hash (skip_parens /__MAXWELL__/))) (partition_definitions ( (skip_parens_inside_partition_definitions /__MAXWELL__/)))))) <EOF>)
[1] 23:44:16,353 DEBUG SchemaChange - SQL_PARSE <- "create table t1 (a varchar(767) not null, primary key(a)) engine='MyISAM'  partition by key (a) ( partition pa1 max_rows=20 min_rows=2, partition pa2 max_rows=30 min_rows=3, partition pa3 max_rows=30 min_rows=4, partition pa4 max_rows=40 min_rows=2)"
[1] 23:44:16,353 DEBUG SchemaChange - rewrote SQL to create table t1 (a varchar(767) not null, primary key(a)) engine='MyISAM'  partition by key /__MAXWELL__/ ( partition pa1 max_rows=20 min_rows=2, partition pa2 max_rows=30 min_rows=3, partition pa3 max_rows=30 min_rows=4, partition pa4 max_rows=40 min_rows=2)
[1] 23:44:16,353 DEBUG SchemaChange - SQL_PARSE <- "create table t1 (a varchar(767) not null, primary key(a)) engine='MyISAM'  partition by key /__MAXWELL__/ ( partition pa1 max_rows=20 min_rows=2, partition pa2 max_rows=30 min_rows=3, partition pa3 max_rows=30 min_rows=4, partition pa4 max_rows=40 min_rows=2)"
[1] 23:44:16,353 DEBUG SchemaChange - rewrote SQL to create table t1 (a varchar(767) not null, primary key(a)) engine='MyISAM'  partition by key /__MAXWELL__/ ( /__MAXWELL__/
[1] 23:44:16,353 DEBUG SchemaChange - SQL_PARSE <- "create table t1 (a varchar(767) not null, primary key(a)) engine='MyISAM'  partition by key /__MAXWELL__/ ( /__MAXWELL__/"
[1] 23:44:16,354 DEBUG SchemaChange - SQL_PARSE ->   (parse (statement (create_table (create_table_preamble create table (table_name (name (id t1)))) (create_specifications ( (create_specification (column_definition (name (id a)) (data_type (string_type varchar (length ( 767 )) (column_options (nullability not null)))))) , (create_specification (index_definition (index_type_pk primary key (index_column_list ( (index_columns (index_column (name (id a)))) ))))) )) (table_creation_option (creation_engine engine = (string_literal 'MyISAM'))) (table_creation_option (partition_by partition by (partition_by_what key (skip_parens /__MAXWELL__/)) (partition_definitions ( (skip_parens_inside_partition_definitions /__MAXWELL__/)))))) <EOF>)
[1] 23:44:16,354 DEBUG SchemaChange - SQL_PARSE <- "create table t1 (a year not null) partition by key (a)"
[1] 23:44:16,354 DEBUG SchemaChange - rewrote SQL to create table t1 (a year not null) partition by key /__MAXWELL__/
[1] 23:44:16,354 DEBUG SchemaChange - SQL_PARSE <- "create table t1 (a year not null) partition by key /__MAXWELL__/"
[1] 23:44:16,354 DEBUG SchemaChange - SQL_PARSE ->   (parse (statement (create_table (create_table_preamble create table (table_name (name (id t1)))) (create_specifications ( (create_specification (column_definition (name (id a)) (data_type (generic_type year (column_options (nullability not null)))))) )) (table_creation_option (partition_by partition by (partition_by_what key (skip_parens /__MAXWELL__/)))))) <EOF>)
[1] 23:44:16,354 DEBUG SchemaChange - SQL_PARSE <- "create table t1 (a year not null, primary key(a)) engine='MyISAM'  partition by key (a) ( partition pa1 max_rows=20 min_rows=2, partition pa2 max_rows=30 min_rows=3, partition pa3 max_rows=30 min_rows=4, partition pa4 max_rows=40 min_rows=2)"
[1] 23:44:16,354 DEBUG SchemaChange - rewrote SQL to create table t1 (a year not null, primary key(a)) engine='MyISAM'  partition by key /__MAXWELL__/ ( partition pa1 max_rows=20 min_rows=2, partition pa2 max_rows=30 min_rows=3, partition pa3 max_rows=30 min_rows=4, partition pa4 max_rows=40 min_rows=2)
[1] 23:44:16,354 DEBUG SchemaChange - SQL_PARSE <- "create table t1 (a year not null, primary key(a)) engine='MyISAM'  partition by key /__MAXWELL__/ ( partition pa1 max_rows=20 min_rows=2, partition pa2 max_rows=30 min_rows=3, partition pa3 max_rows=30 min_rows=4, partition pa4 max_rows=40 min_rows=2)"
[1] 23:44:16,355 DEBUG SchemaChange - rewrote SQL to create table t1 (a year not null, primary key(a)) engine='MyISAM'  partition by key /__MAXWELL__/ ( /__MAXWELL__/
[1] 23:44:16,355 DEBUG SchemaChange - SQL_PARSE <- "create table t1 (a year not null, primary key(a)) engine='MyISAM'  partition by key /__MAXWELL__/ ( /__MAXWELL__/"
[1] 23:44:16,355 DEBUG SchemaChange - SQL_PARSE ->   (parse (statement (create_table (create_table_preamble create table (table_name (name (id t1)))) (create_specifications ( (create_specification (column_definition (name (id a)) (data_type (generic_type year (column_options (nullability not null)))))) , (create_specification (index_definition (index_type_pk primary key (index_column_list ( (index_columns (index_column (name (id a)))) ))))) )) (table_creation_option (creation_engine engine = (string_literal 'MyISAM'))) (table_creation_option (partition_by partition by (partition_by_what key (skip_parens /__MAXWELL__/)) (partition_definitions ( (skip_parens_inside_partition_definitions /__MAXWELL__/)))))) <EOF>)
[1] 23:44:16,355 DEBUG SchemaChange - SQL_PARSE <- "create table t1 (a year) partition by key (a)"
[1] 23:44:16,355 DEBUG SchemaChange - rewrote SQL to create table t1 (a year) partition by key /__MAXWELL__/
[1] 23:44:16,355 DEBUG SchemaChange - SQL_PARSE <- "create table t1 (a year) partition by key /__MAXWELL__/"
[1] 23:44:16,356 DEBUG SchemaChange - SQL_PARSE ->   (parse (statement (create_table (create_table_preamble create table (table_name (name (id t1)))) (create_specifications ( (create_specification (column_definition (name (id a)) (data_type (generic_type year)))) )) (table_creation_option (partition_by partition by (partition_by_what key (skip_parens /__MAXWELL__/)))))) <EOF>)
[1] 23:44:16,356 DEBUG SchemaChange - SQL_PARSE <- "create table t1 (c1 int DEFAULT NULL, c2 varchar (30) DEFAULT NULL, c3 date DEFAULT NULL) engine = myisam partition by hash (to_days(c3)) partitions 12"
[1] 23:44:16,356 DEBUG SchemaChange - rewrote SQL to create table t1 (c1 int DEFAULT NULL, c2 varchar (30) DEFAULT NULL, c3 date DEFAULT NULL) engine = myisam partition by hash /__MAXWELL__/ partitions 12
[1] 23:44:16,356 DEBUG SchemaChange - SQL_PARSE <- "create table t1 (c1 int DEFAULT NULL, c2 varchar (30) DEFAULT NULL, c3 date DEFAULT NULL) engine = myisam partition by hash /__MAXWELL__/ partitions 12"
[1] 23:44:16,356 DEBUG SchemaChange - SQL_PARSE ->   (parse (statement (create_table (create_table_preamble create table (table_name (name (id t1)))) (create_specifications ( (create_specification (column_definition (name (id c1)) (data_type (signed_type int (column_options (default_value DEFAULT (literal_with_weirdo_multistring NULL))))))) , (create_specification (column_definition (name (id c2)) (data_type (string_type varchar (length ( 30 )) (column_options (default_value DEFAULT (literal_with_weirdo_multistring NULL))))))) , (create_specification (column_definition (name (id c3)) (data_type (generic_type date (column_options (default_value DEFAULT (literal_with_weirdo_multistring NULL))))))) )) (table_creation_option (creation_engine engine = (id myisam))) (table_creation_option (partition_by partition by (partition_by_what hash (skip_parens /__MAXWELL__/)) (partition_count partitions 12))))) <EOF>)
[1] 23:44:16,356 DEBUG SchemaChange - SQL_PARSE <- "create table t1 (c1 varchar(255),c2 tinyint,primary key(c1)) partition by key (c1) partitions 10"
[1] 23:44:16,357 DEBUG SchemaChange - rewrote SQL to create table t1 (c1 varchar(255),c2 tinyint,primary key(c1)) partition by key /__MAXWELL__/ partitions 10
[1] 23:44:16,357 DEBUG SchemaChange - SQL_PARSE <- "create table t1 (c1 varchar(255),c2 tinyint,primary key(c1)) partition by key /__MAXWELL__/ partitions 10"
[1] 23:44:16,357 DEBUG SchemaChange - SQL_PARSE ->   (parse (statement (create_table (create_table_preamble create table (table_name (name (id t1)))) (create_specifications ( (create_specification (column_definition (name (id c1)) (data_type (string_type varchar (length ( 255 )))))) , (create_specification (column_definition (name (id c2)) (data_type (signed_type tinyint)))) , (create_specification (index_definition (index_type_pk primary key (index_column_list ( (index_columns (index_column (name (id c1)))) ))))) )) (table_creation_option (partition_by partition by (partition_by_what key (skip_parens /__MAXWELL__/)) (partition_count partitions 10))))) <EOF>)
[1] 23:44:16,357 DEBUG SchemaChange - SQL_PARSE <- "create table t1 (col1 date) engine='MYISAM'  partition by range(day(col1))  (partition p0 values less than (15), partition p1 values less than maxvalue)"
[1] 23:44:16,357 DEBUG SchemaChange - rewrote SQL to create table t1 (col1 date) engine='MYISAM'  partition by range/__MAXWELL__/  (partition p0 values less than (15), partition p1 values less than maxvalue)
[1] 23:44:16,357 DEBUG SchemaChange - SQL_PARSE <- "create table t1 (col1 date) engine='MYISAM'  partition by range/__MAXWELL__/  (partition p0 values less than (15), partition p1 values less than maxvalue)"
[1] 23:44:16,357 DEBUG SchemaChange - rewrote SQL to create table t1 (col1 date) engine='MYISAM'  partition by range/__MAXWELL__/  (/__MAXWELL__/
[1] 23:44:16,357 DEBUG SchemaChange - SQL_PARSE <- "create table t1 (col1 date) engine='MYISAM'  partition by range/__MAXWELL__/  (/__MAXWELL__/"
[1] 23:44:16,358 DEBUG SchemaChange - SQL_PARSE ->   (parse (statement (create_table (create_table_preamble create table (table_name (name (id t1)))) (create_specifications ( (create_specification (column_definition (name (id col1)) (data_type (generic_type date)))) )) (table_creation_option (creation_engine engine = (string_literal 'MYISAM'))) (table_creation_option (partition_by partition by (partition_by_what range (skip_parens /__MAXWELL__/)) (partition_definitions ( (skip_parens_inside_partition_definitions /__MAXWELL__/)))))) <EOF>)
[1] 23:44:16,358 DEBUG SchemaChange - SQL_PARSE <- "create table t1 (col1 date) engine='MYISAM'  partition by range(dayofmonth(col1))  (partition p0 values less than (15), partition p1 values less than maxvalue)"
[1] 23:44:16,367 DEBUG SchemaChange - rewrote SQL to create table t1 (col1 date) engine='MYISAM'  partition by range/__MAXWELL__/  (partition p0 values less than (15), partition p1 values less than maxvalue)
[1] 23:44:16,367 DEBUG SchemaChange - SQL_PARSE <- "create table t1 (col1 date) engine='MYISAM'  partition by range/__MAXWELL__/  (partition p0 values less than (15), partition p1 values less than maxvalue)"
[1] 23:44:16,368 DEBUG SchemaChange - rewrote SQL to create table t1 (col1 date) engine='MYISAM'  partition by range/__MAXWELL__/  (/__MAXWELL__/
[1] 23:44:16,368 DEBUG SchemaChange - SQL_PARSE <- "create table t1 (col1 date) engine='MYISAM'  partition by range/__MAXWELL__/  (/__MAXWELL__/"
[1] 23:44:16,368 DEBUG SchemaChange - SQL_PARSE ->   (parse (statement (create_table (create_table_preamble create table (table_name (name (id t1)))) (create_specifications ( (create_specification (column_definition (name (id col1)) (data_type (generic_type date)))) )) (table_creation_option (creation_engine engine = (string_literal 'MYISAM'))) (table_creation_option (partition_by partition by (partition_by_what range (skip_parens /__MAXWELL__/)) (partition_definitions ( (skip_parens_inside_partition_definitions /__MAXWELL__/)))))) <EOF>)
[1] 23:44:16,368 DEBUG SchemaChange - SQL_PARSE <- "create table t1 (col1 date) engine='MYISAM'  partition by range(dayofweek(col1))  (partition p0 values less than (15), partition p1 values less than maxvalue)"
[1] 23:44:16,369 DEBUG SchemaChange - rewrote SQL to create table t1 (col1 date) engine='MYISAM'  partition by range/__MAXWELL__/  (partition p0 values less than (15), partition p1 values less than maxvalue)
[1] 23:44:16,369 DEBUG SchemaChange - SQL_PARSE <- "create table t1 (col1 date) engine='MYISAM'  partition by range/__MAXWELL__/  (partition p0 values less than (15), partition p1 values less than maxvalue)"
[1] 23:44:16,370 DEBUG SchemaChange - rewrote SQL to create table t1 (col1 date) engine='MYISAM'  partition by range/__MAXWELL__/  (/__MAXWELL__/
[1] 23:44:16,370 DEBUG SchemaChange - SQL_PARSE <- "create table t1 (col1 date) engine='MYISAM'  partition by range/__MAXWELL__/  (/__MAXWELL__/"
[1] 23:44:16,370 DEBUG SchemaChange - SQL_PARSE ->   (parse (statement (create_table (create_table_preamble create table (table_name (name (id t1)))) (create_specifications ( (create_specification (column_definition (name (id col1)) (data_type (generic_type date)))) )) (table_creation_option (creation_engine engine = (string_literal 'MYISAM'))) (table_creation_option (partition_by partition by (partition_by_what range (skip_parens /__MAXWELL__/)) (partition_definitions ( (skip_parens_inside_partition_definitions /__MAXWELL__/)))))) <EOF>)
[1] 23:44:16,370 DEBUG SchemaChange - SQL_PARSE <- "create table t1 (col1 date) engine='MYISAM'  partition by range(dayofyear(col1))  (partition p0 values less than (15), partition p1 values less than maxvalue)"
[1] 23:44:16,370 DEBUG SchemaChange - rewrote SQL to create table t1 (col1 date) engine='MYISAM'  partition by range/__MAXWELL__/  (partition p0 values less than (15), partition p1 values less than maxvalue)
[1] 23:44:16,370 DEBUG SchemaChange - SQL_PARSE <- "create table t1 (col1 date) engine='MYISAM'  partition by range/__MAXWELL__/  (partition p0 values less than (15), partition p1 values less than maxvalue)"
[1] 23:44:16,370 DEBUG SchemaChange - rewrote SQL to create table t1 (col1 date) engine='MYISAM'  partition by range/__MAXWELL__/  (/__MAXWELL__/
[1] 23:44:16,370 DEBUG SchemaChange - SQL_PARSE <- "create table t1 (col1 date) engine='MYISAM'  partition by range/__MAXWELL__/  (/__MAXWELL__/"
[1] 23:44:16,370 DEBUG SchemaChange - SQL_PARSE ->   (parse (statement (create_table (create_table_preamble create table (table_name (name (id t1)))) (create_specifications ( (create_specification (column_definition (name (id col1)) (data_type (generic_type date)))) )) (table_creation_option (creation_engine engine = (string_literal 'MYISAM'))) (table_creation_option (partition_by partition by (partition_by_what range (skip_parens /__MAXWELL__/)) (partition_definitions ( (skip_parens_inside_partition_definitions /__MAXWELL__/)))))) <EOF>)
[1] 23:44:16,371 DEBUG SchemaChange - SQL_PARSE <- "create table t1 (col1 date) engine='MYISAM'  partition by range(extract(month from col1))  (partition p0 values less than (15), partition p1 values less than maxvalue)"
[1] 23:44:16,371 DEBUG SchemaChange - rewrote SQL to create table t1 (col1 date) engine='MYISAM'  partition by range/__MAXWELL__/  (partition p0 values less than (15), partition p1 values less than maxvalue)
[1] 23:44:16,371 DEBUG SchemaChange - SQL_PARSE <- "create table t1 (col1 date) engine='MYISAM'  partition by range/__MAXWELL__/  (partition p0 values less than (15), partition p1 values less than maxvalue)"
[1] 23:44:16,371 DEBUG SchemaChange - rewrote SQL to create table t1 (col1 date) engine='MYISAM'  partition by range/__MAXWELL__/  (/__MAXWELL__/
[1] 23:44:16,371 DEBUG SchemaChange - SQL_PARSE <- "create table t1 (col1 date) engine='MYISAM'  partition by range/__MAXWELL__/  (/__MAXWELL__/"
[1] 23:44:16,371 DEBUG SchemaChange - SQL_PARSE ->   (parse (statement (create_table (create_table_preamble create table (table_name (name (id t1)))) (create_specifications ( (create_specification (column_definition (name (id col1)) (data_type (generic_type date)))) )) (table_creation_option (creation_engine engine = (string_literal 'MYISAM'))) (table_creation_option (partition_by partition by (partition_by_what range (skip_parens /__MAXWELL__/)) (partition_definitions ( (skip_parens_inside_partition_definitions /__MAXWELL__/)))))) <EOF>)
[1] 23:44:16,371 DEBUG SchemaChange - SQL_PARSE <- "create table t1 (col1 date) engine='MYISAM'  partition by range(month(col1))  (partition p0 values less than (15), partition p1 values less than maxvalue)"
[1] 23:44:16,371 DEBUG SchemaChange - rewrote SQL to create table t1 (col1 date) engine='MYISAM'  partition by range/__MAXWELL__/  (partition p0 values less than (15), partition p1 values less than maxvalue)
[1] 23:44:16,371 DEBUG SchemaChange - SQL_PARSE <- "create table t1 (col1 date) engine='MYISAM'  partition by range/__MAXWELL__/  (partition p0 values less than (15), partition p1 values less than maxvalue)"
[1] 23:44:16,371 DEBUG SchemaChange - rewrote SQL to create table t1 (col1 date) engine='MYISAM'  partition by range/__MAXWELL__/  (/__MAXWELL__/
[1] 23:44:16,371 DEBUG SchemaChange - SQL_PARSE <- "create table t1 (col1 date) engine='MYISAM'  partition by range/__MAXWELL__/  (/__MAXWELL__/"
[1] 23:44:16,372 DEBUG SchemaChange - SQL_PARSE ->   (parse (statement (create_table (create_table_preamble create table (table_name (name (id t1)))) (create_specifications ( (create_specification (column_definition (name (id col1)) (data_type (generic_type date)))) )) (table_creation_option (creation_engine engine = (string_literal 'MYISAM'))) (table_creation_option (partition_by partition by (partition_by_what range (skip_parens /__MAXWELL__/)) (partition_definitions ( (skip_parens_inside_partition_definitions /__MAXWELL__/)))))) <EOF>)
[1] 23:44:16,372 DEBUG SchemaChange - SQL_PARSE <- "create table t1 (col1 date) engine='MYISAM'  partition by range(quarter(col1))  (partition p0 values less than (15), partition p1 values less than maxvalue)"
[1] 23:44:16,372 DEBUG SchemaChange - rewrote SQL to create table t1 (col1 date) engine='MYISAM'  partition by range/__MAXWELL__/  (partition p0 values less than (15), partition p1 values less than maxvalue)
[1] 23:44:16,372 DEBUG SchemaChange - SQL_PARSE <- "create table t1 (col1 date) engine='MYISAM'  partition by range/__MAXWELL__/  (partition p0 values less than (15), partition p1 values less than maxvalue)"
[1] 23:44:16,372 DEBUG SchemaChange - rewrote SQL to create table t1 (col1 date) engine='MYISAM'  partition by range/__MAXWELL__/  (/__MAXWELL__/
[1] 23:44:16,372 DEBUG SchemaChange - SQL_PARSE <- "create table t1 (col1 date) engine='MYISAM'  partition by range/__MAXWELL__/  (/__MAXWELL__/"
[1] 23:44:16,372 DEBUG SchemaChange - SQL_PARSE ->   (parse (statement (create_table (create_table_preamble create table (table_name (name (id t1)))) (create_specifications ( (create_specification (column_definition (name (id col1)) (data_type (generic_type date)))) )) (table_creation_option (creation_engine engine = (string_literal 'MYISAM'))) (table_creation_option (partition_by partition by (partition_by_what range (skip_parens /__MAXWELL__/)) (partition_definitions ( (skip_parens_inside_partition_definitions /__MAXWELL__/)))))) <EOF>)
[1] 23:44:16,372 DEBUG SchemaChange - SQL_PARSE <- "create table t1 (col1 date) engine='MYISAM'  partition by range(weekday(col1))  (partition p0 values less than (15), partition p1 values less than maxvalue)"
[1] 23:44:16,372 DEBUG SchemaChange - rewrote SQL to create table t1 (col1 date) engine='MYISAM'  partition by range/__MAXWELL__/  (partition p0 values less than (15), partition p1 values less than maxvalue)
[1] 23:44:16,372 DEBUG SchemaChange - SQL_PARSE <- "create table t1 (col1 date) engine='MYISAM'  partition by range/__MAXWELL__/  (partition p0 values less than (15), partition p1 values less than maxvalue)"
[1] 23:44:16,372 DEBUG SchemaChange - rewrote SQL to create table t1 (col1 date) engine='MYISAM'  partition by range/__MAXWELL__/  (/__MAXWELL__/
[1] 23:44:16,372 DEBUG SchemaChange - SQL_PARSE <- "create table t1 (col1 date) engine='MYISAM'  partition by range/__MAXWELL__/  (/__MAXWELL__/"
[1] 23:44:16,373 DEBUG SchemaChange - SQL_PARSE ->   (parse (statement (create_table (create_table_preamble create table (table_name (name (id t1)))) (create_specifications ( (create_specification (column_definition (name (id col1)) (data_type (generic_type date)))) )) (table_creation_option (creation_engine engine = (string_literal 'MYISAM'))) (table_creation_option (partition_by partition by (partition_by_what range (skip_parens /__MAXWELL__/)) (partition_definitions ( (skip_parens_inside_partition_definitions /__MAXWELL__/)))))) <EOF>)
[1] 23:44:16,373 DEBUG SchemaChange - SQL_PARSE <- "create table t1 (col1 date) engine='MYISAM'  partition by range(year(col1)-1990)  (partition p0 values less than (15), partition p1 values less than maxvalue)"
[1] 23:44:16,373 DEBUG SchemaChange - rewrote SQL to create table t1 (col1 date) engine='MYISAM'  partition by range/__MAXWELL__/  (partition p0 values less than (15), partition p1 values less than maxvalue)
[1] 23:44:16,373 DEBUG SchemaChange - SQL_PARSE <- "create table t1 (col1 date) engine='MYISAM'  partition by range/__MAXWELL__/  (partition p0 values less than (15), partition p1 values less than maxvalue)"
[1] 23:44:16,373 DEBUG SchemaChange - rewrote SQL to create table t1 (col1 date) engine='MYISAM'  partition by range/__MAXWELL__/  (/__MAXWELL__/
[1] 23:44:16,373 DEBUG SchemaChange - SQL_PARSE <- "create table t1 (col1 date) engine='MYISAM'  partition by range/__MAXWELL__/  (/__MAXWELL__/"
[1] 23:44:16,373 DEBUG SchemaChange - SQL_PARSE ->   (parse (statement (create_table (create_table_preamble create table (table_name (name (id t1)))) (create_specifications ( (create_specification (column_definition (name (id col1)) (data_type (generic_type date)))) )) (table_creation_option (creation_engine engine = (string_literal 'MYISAM'))) (table_creation_option (partition_by partition by (partition_by_what range (skip_parens /__MAXWELL__/)) (partition_definitions ( (skip_parens_inside_partition_definitions /__MAXWELL__/)))))) <EOF>)
[1] 23:44:16,373 DEBUG SchemaChange - SQL_PARSE <- "create table t1 (col1 date) engine='MYISAM'  partition by range(yearweek(col1)-200600)  (partition p0 values less than (15), partition p1 values less than maxvalue)"
[1] 23:44:16,373 DEBUG SchemaChange - rewrote SQL to create table t1 (col1 date) engine='MYISAM'  partition by range/__MAXWELL__/  (partition p0 values less than (15), partition p1 values less than maxvalue)
[1] 23:44:16,373 DEBUG SchemaChange - SQL_PARSE <- "create table t1 (col1 date) engine='MYISAM'  partition by range/__MAXWELL__/  (partition p0 values less than (15), partition p1 values less than maxvalue)"
[1] 23:44:16,374 DEBUG SchemaChange - rewrote SQL to create table t1 (col1 date) engine='MYISAM'  partition by range/__MAXWELL__/  (/__MAXWELL__/
[1] 23:44:16,374 DEBUG SchemaChange - SQL_PARSE <- "create table t1 (col1 date) engine='MYISAM'  partition by range/__MAXWELL__/  (/__MAXWELL__/"
[1] 23:44:16,374 DEBUG SchemaChange - SQL_PARSE ->   (parse (statement (create_table (create_table_preamble create table (table_name (name (id t1)))) (create_specifications ( (create_specification (column_definition (name (id col1)) (data_type (generic_type date)))) )) (table_creation_option (creation_engine engine = (string_literal 'MYISAM'))) (table_creation_option (partition_by partition by (partition_by_what range (skip_parens /__MAXWELL__/)) (partition_definitions ( (skip_parens_inside_partition_definitions /__MAXWELL__/)))))) <EOF>)
[1] 23:44:16,374 DEBUG SchemaChange - SQL_PARSE <- "create table t1 (col1 datetime) partition by range(datediff(col1,col1)) (partition p0 values less than (10), partition p1 values less than (30))"
[1] 23:44:16,374 DEBUG SchemaChange - rewrote SQL to create table t1 (col1 datetime) partition by range/__MAXWELL__/ (partition p0 values less than (10), partition p1 values less than (30))
[1] 23:44:16,374 DEBUG SchemaChange - SQL_PARSE <- "create table t1 (col1 datetime) partition by range/__MAXWELL__/ (partition p0 values less than (10), partition p1 values less than (30))"
[1] 23:44:16,374 DEBUG SchemaChange - rewrote SQL to create table t1 (col1 datetime) partition by range/__MAXWELL__/ (/__MAXWELL__/
[1] 23:44:16,374 DEBUG SchemaChange - SQL_PARSE <- "create table t1 (col1 datetime) partition by range/__MAXWELL__/ (/__MAXWELL__/"
[1] 23:44:16,374 DEBUG SchemaChange - SQL_PARSE ->   (parse (statement (create_table (create_table_preamble create table (table_name (name (id t1)))) (create_specifications ( (create_specification (column_definition (name (id col1)) (data_type (generic_type datetime)))) )) (table_creation_option (partition_by partition by (partition_by_what range (skip_parens /__MAXWELL__/)) (partition_definitions ( (skip_parens_inside_partition_definitions /__MAXWELL__/)))))) <EOF>)
[1] 23:44:16,374 DEBUG SchemaChange - SQL_PARSE <- "create table t1 (col1 int) engine='MYISAM'  partition by range(abs(col1))  (partition p0 values less than (15), partition p1 values less than maxvalue)"
[1] 23:44:16,375 DEBUG SchemaChange - rewrote SQL to create table t1 (col1 int) engine='MYISAM'  partition by range/__MAXWELL__/  (partition p0 values less than (15), partition p1 values less than maxvalue)
[1] 23:44:16,375 DEBUG SchemaChange - SQL_PARSE <- "create table t1 (col1 int) engine='MYISAM'  partition by range/__MAXWELL__/  (partition p0 values less than (15), partition p1 values less than maxvalue)"
[1] 23:44:16,375 DEBUG SchemaChange - rewrote SQL to create table t1 (col1 int) engine='MYISAM'  partition by range/__MAXWELL__/  (/__MAXWELL__/
[1] 23:44:16,375 DEBUG SchemaChange - SQL_PARSE <- "create table t1 (col1 int) engine='MYISAM'  partition by range/__MAXWELL__/  (/__MAXWELL__/"
[1] 23:44:16,375 DEBUG SchemaChange - SQL_PARSE ->   (parse (statement (create_table (create_table_preamble create table (table_name (name (id t1)))) (create_specifications ( (create_specification (column_definition (name (id col1)) (data_type (signed_type int)))) )) (table_creation_option (creation_engine engine = (string_literal 'MYISAM'))) (table_creation_option (partition_by partition by (partition_by_what range (skip_parens /__MAXWELL__/)) (partition_definitions ( (skip_parens_inside_partition_definitions /__MAXWELL__/)))))) <EOF>)
[1] 23:44:16,375 DEBUG SchemaChange - SQL_PARSE <- "create table t1 (col1 int) engine='MYISAM'  partition by range(mod(col1,10))  (partition p0 values less than (15), partition p1 values less than maxvalue)"
[1] 23:44:16,375 DEBUG SchemaChange - rewrote SQL to create table t1 (col1 int) engine='MYISAM'  partition by range/__MAXWELL__/  (partition p0 values less than (15), partition p1 values less than maxvalue)
[1] 23:44:16,375 DEBUG SchemaChange - SQL_PARSE <- "create table t1 (col1 int) engine='MYISAM'  partition by range/__MAXWELL__/  (partition p0 values less than (15), partition p1 values less than maxvalue)"
[1] 23:44:16,375 DEBUG SchemaChange - rewrote SQL to create table t1 (col1 int) engine='MYISAM'  partition by range/__MAXWELL__/  (/__MAXWELL__/
[1] 23:44:16,375 DEBUG SchemaChange - SQL_PARSE <- "create table t1 (col1 int) engine='MYISAM'  partition by range/__MAXWELL__/  (/__MAXWELL__/"
[1] 23:44:16,375 DEBUG SchemaChange - SQL_PARSE ->   (parse (statement (create_table (create_table_preamble create table (table_name (name (id t1)))) (create_specifications ( (create_specification (column_definition (name (id col1)) (data_type (signed_type int)))) )) (table_creation_option (creation_engine engine = (string_literal 'MYISAM'))) (table_creation_option (partition_by partition by (partition_by_what range (skip_parens /__MAXWELL__/)) (partition_definitions ( (skip_parens_inside_partition_definitions /__MAXWELL__/)))))) <EOF>)
[1] 23:44:16,375 DEBUG SchemaChange - SQL_PARSE <- "create table t1 (col1 time) engine='MYISAM'  partition by range(hour(col1))  (partition p0 values less than (15), partition p1 values less than maxvalue)"
[1] 23:44:16,376 DEBUG SchemaChange - rewrote SQL to create table t1 (col1 time) engine='MYISAM'  partition by range/__MAXWELL__/  (partition p0 values less than (15), partition p1 values less than maxvalue)
[1] 23:44:16,376 DEBUG SchemaChange - SQL_PARSE <- "create table t1 (col1 time) engine='MYISAM'  partition by range/__MAXWELL__/  (partition p0 values less than (15), partition p1 values less than maxvalue)"
[1] 23:44:16,376 DEBUG SchemaChange - rewrote SQL to create table t1 (col1 time) engine='MYISAM'  partition by range/__MAXWELL__/  (/__MAXWELL__/
[1] 23:44:16,376 DEBUG SchemaChange - SQL_PARSE <- "create table t1 (col1 time) engine='MYISAM'  partition by range/__MAXWELL__/  (/__MAXWELL__/"
[1] 23:44:16,376 DEBUG SchemaChange - SQL_PARSE ->   (parse (statement (create_table (create_table_preamble create table (table_name (name (id t1)))) (create_specifications ( (create_specification (column_definition (name (id col1)) (data_type (generic_type time)))) )) (table_creation_option (creation_engine engine = (string_literal 'MYISAM'))) (table_creation_option (partition_by partition by (partition_by_what range (skip_parens /__MAXWELL__/)) (partition_definitions ( (skip_parens_inside_partition_definitions /__MAXWELL__/)))))) <EOF>)
[1] 23:44:16,376 DEBUG SchemaChange - SQL_PARSE <- "create table t1 (col1 time) engine='MYISAM'  partition by range(microsecond(col1))  (partition p0 values less than (15), partition p1 values less than maxvalue)"
[1] 23:44:16,376 DEBUG SchemaChange - rewrote SQL to create table t1 (col1 time) engine='MYISAM'  partition by range/__MAXWELL__/  (partition p0 values less than (15), partition p1 values less than maxvalue)
[1] 23:44:16,376 DEBUG SchemaChange - SQL_PARSE <- "create table t1 (col1 time) engine='MYISAM'  partition by range/__MAXWELL__/  (partition p0 values less than (15), partition p1 values less than maxvalue)"
[1] 23:44:16,376 DEBUG SchemaChange - rewrote SQL to create table t1 (col1 time) engine='MYISAM'  partition by range/__MAXWELL__/  (/__MAXWELL__/
[1] 23:44:16,376 DEBUG SchemaChange - SQL_PARSE <- "create table t1 (col1 time) engine='MYISAM'  partition by range/__MAXWELL__/  (/__MAXWELL__/"
[1] 23:44:16,377 DEBUG SchemaChange - SQL_PARSE ->   (parse (statement (create_table (create_table_preamble create table (table_name (name (id t1)))) (create_specifications ( (create_specification (column_definition (name (id col1)) (data_type (generic_type time)))) )) (table_creation_option (creation_engine engine = (string_literal 'MYISAM'))) (table_creation_option (partition_by partition by (partition_by_what range (skip_parens /__MAXWELL__/)) (partition_definitions ( (skip_parens_inside_partition_definitions /__MAXWELL__/)))))) <EOF>)
[1] 23:44:16,377 DEBUG SchemaChange - SQL_PARSE <- "create table t1 (col1 time) engine='MYISAM'  partition by range(minute(col1))  (partition p0 values less than (15), partition p1 values less than maxvalue)"
[1] 23:44:16,377 DEBUG SchemaChange - rewrote SQL to create table t1 (col1 time) engine='MYISAM'  partition by range/__MAXWELL__/  (partition p0 values less than (15), partition p1 values less than maxvalue)
[1] 23:44:16,377 DEBUG SchemaChange - SQL_PARSE <- "create table t1 (col1 time) engine='MYISAM'  partition by range/__MAXWELL__/  (partition p0 values less than (15), partition p1 values less than maxvalue)"
[1] 23:44:16,377 DEBUG SchemaChange - rewrote SQL to create table t1 (col1 time) engine='MYISAM'  partition by range/__MAXWELL__/  (/__MAXWELL__/
[1] 23:44:16,377 DEBUG SchemaChange - SQL_PARSE <- "create table t1 (col1 time) engine='MYISAM'  partition by range/__MAXWELL__/  (/__MAXWELL__/"
[1] 23:44:16,377 DEBUG SchemaChange - SQL_PARSE ->   (parse (statement (create_table (create_table_preamble create table (table_name (name (id t1)))) (create_specifications ( (create_specification (column_definition (name (id col1)) (data_type (generic_type time)))) )) (table_creation_option (creation_engine engine = (string_literal 'MYISAM'))) (table_creation_option (partition_by partition by (partition_by_what range (skip_parens /__MAXWELL__/)) (partition_definitions ( (skip_parens_inside_partition_definitions /__MAXWELL__/)))))) <EOF>)
[1] 23:44:16,377 DEBUG SchemaChange - SQL_PARSE <- "create table t1 (col1 time) engine='MYISAM'  partition by range(second(col1))  (partition p0 values less than (15), partition p1 values less than maxvalue)"
[1] 23:44:16,377 DEBUG SchemaChange - rewrote SQL to create table t1 (col1 time) engine='MYISAM'  partition by range/__MAXWELL__/  (partition p0 values less than (15), partition p1 values less than maxvalue)
[1] 23:44:16,377 DEBUG SchemaChange - SQL_PARSE <- "create table t1 (col1 time) engine='MYISAM'  partition by range/__MAXWELL__/  (partition p0 values less than (15), partition p1 values less than maxvalue)"
[1] 23:44:16,378 DEBUG SchemaChange - rewrote SQL to create table t1 (col1 time) engine='MYISAM'  partition by range/__MAXWELL__/  (/__MAXWELL__/
[1] 23:44:16,378 DEBUG SchemaChange - SQL_PARSE <- "create table t1 (col1 time) engine='MYISAM'  partition by range/__MAXWELL__/  (/__MAXWELL__/"
[1] 23:44:16,378 DEBUG SchemaChange - SQL_PARSE ->   (parse (statement (create_table (create_table_preamble create table (table_name (name (id t1)))) (create_specifications ( (create_specification (column_definition (name (id col1)) (data_type (generic_type time)))) )) (table_creation_option (creation_engine engine = (string_literal 'MYISAM'))) (table_creation_option (partition_by partition by (partition_by_what range (skip_parens /__MAXWELL__/)) (partition_definitions ( (skip_parens_inside_partition_definitions /__MAXWELL__/)))))) <EOF>)
[1] 23:44:16,378 DEBUG SchemaChange - SQL_PARSE <- "create table t1 (d date) partition by range columns(d) ( partition p0 values less than ('1999-01-01'), partition p1 values less than ('2000-01-01'))"
[1] 23:44:16,378 DEBUG SchemaChange - rewrote SQL to create table t1 (d date) partition by range columns/__MAXWELL__/ ( partition p0 values less than ('1999-01-01'), partition p1 values less than ('2000-01-01'))
[1] 23:44:16,378 DEBUG SchemaChange - SQL_PARSE <- "create table t1 (d date) partition by range columns/__MAXWELL__/ ( partition p0 values less than ('1999-01-01'), partition p1 values less than ('2000-01-01'))"
[1] 23:44:16,378 DEBUG SchemaChange - rewrote SQL to create table t1 (d date) partition by range columns/__MAXWELL__/ ( /__MAXWELL__/
[1] 23:44:16,378 DEBUG SchemaChange - SQL_PARSE <- "create table t1 (d date) partition by range columns/__MAXWELL__/ ( /__MAXWELL__/"
[1] 23:44:16,378 DEBUG SchemaChange - SQL_PARSE ->   (parse (statement (create_table (create_table_preamble create table (table_name (name (id t1)))) (create_specifications ( (create_specification (column_definition (name (id d)) (data_type (generic_type date)))) )) (table_creation_option (partition_by partition by (partition_by_what range columns (skip_parens /__MAXWELL__/)) (partition_definitions ( (skip_parens_inside_partition_definitions /__MAXWELL__/)))))) <EOF>)
[1] 23:44:16,378 DEBUG SchemaChange - SQL_PARSE <- "create table t1 (d date) partition by range columns(d) ( partition p0 values less than ('2000-01-01'), partition p1 values less than ('2009-01-01'))"
[1] 23:44:16,378 DEBUG SchemaChange - rewrote SQL to create table t1 (d date) partition by range columns/__MAXWELL__/ ( partition p0 values less than ('2000-01-01'), partition p1 values less than ('2009-01-01'))
[1] 23:44:16,378 DEBUG SchemaChange - SQL_PARSE <- "create table t1 (d date) partition by range columns/__MAXWELL__/ ( partition p0 values less than ('2000-01-01'), partition p1 values less than ('2009-01-01'))"
[1] 23:44:16,379 DEBUG SchemaChange - rewrote SQL to create table t1 (d date) partition by range columns/__MAXWELL__/ ( /__MAXWELL__/
[1] 23:44:16,379 DEBUG SchemaChange - SQL_PARSE <- "create table t1 (d date) partition by range columns/__MAXWELL__/ ( /__MAXWELL__/"
[1] 23:44:16,379 DEBUG SchemaChange - SQL_PARSE ->   (parse (statement (create_table (create_table_preamble create table (table_name (name (id t1)))) (create_specifications ( (create_specification (column_definition (name (id d)) (data_type (generic_type date)))) )) (table_creation_option (partition_by partition by (partition_by_what range columns (skip_parens /__MAXWELL__/)) (partition_definitions ( (skip_parens_inside_partition_definitions /__MAXWELL__/)))))) <EOF>)
[1] 23:44:16,379 DEBUG SchemaChange - SQL_PARSE <- "create table t1 (d date) partition by range columns(d) ( partition p0 values less than ('2000-01-01'), partition p1 values less than ('3000-01-01'))"
[1] 23:44:16,379 DEBUG SchemaChange - rewrote SQL to create table t1 (d date) partition by range columns/__MAXWELL__/ ( partition p0 values less than ('2000-01-01'), partition p1 values less than ('3000-01-01'))
[1] 23:44:16,379 DEBUG SchemaChange - SQL_PARSE <- "create table t1 (d date) partition by range columns/__MAXWELL__/ ( partition p0 values less than ('2000-01-01'), partition p1 values less than ('3000-01-01'))"
[1] 23:44:16,379 DEBUG SchemaChange - rewrote SQL to create table t1 (d date) partition by range columns/__MAXWELL__/ ( /__MAXWELL__/
[1] 23:44:16,379 DEBUG SchemaChange - SQL_PARSE <- "create table t1 (d date) partition by range columns/__MAXWELL__/ ( /__MAXWELL__/"
[1] 23:44:16,379 DEBUG SchemaChange - SQL_PARSE ->   (parse (statement (create_table (create_table_preamble create table (table_name (name (id t1)))) (create_specifications ( (create_specification (column_definition (name (id d)) (data_type (generic_type date)))) )) (table_creation_option (partition_by partition by (partition_by_what range columns (skip_parens /__MAXWELL__/)) (partition_definitions ( (skip_parens_inside_partition_definitions /__MAXWELL__/)))))) <EOF>)
[1] 23:44:16,379 DEBUG SchemaChange - SQL_PARSE <- "create table t1 (f1 date) partition by linear hash(month(f1)) partitions 3"
[1] 23:44:16,379 DEBUG SchemaChange - rewrote SQL to create table t1 (f1 date) partition by linear hash/__MAXWELL__/ partitions 3
[1] 23:44:16,379 DEBUG SchemaChange - SQL_PARSE <- "create table t1 (f1 date) partition by linear hash/__MAXWELL__/ partitions 3"
[1] 23:44:16,379 DEBUG SchemaChange - SQL_PARSE ->   (parse (statement (create_table (create_table_preamble create table (table_name (name (id t1)))) (create_specifications ( (create_specification (column_definition (name (id f1)) (data_type (generic_type date)))) )) (table_creation_option (partition_by partition by (partition_by_what linear hash (skip_parens /__MAXWELL__/)) (partition_count partitions 3))))) <EOF>)
[1] 23:44:16,380 DEBUG SchemaChange - SQL_PARSE <- "create table t1 (f1 int key) partition by key(f1) partitions 2"
[1] 23:44:16,380 DEBUG SchemaChange - rewrote SQL to create table t1 (f1 int key) partition by key/__MAXWELL__/ partitions 2
[1] 23:44:16,380 DEBUG SchemaChange - SQL_PARSE <- "create table t1 (f1 int key) partition by key/__MAXWELL__/ partitions 2"
[1] 23:44:16,380 DEBUG SchemaChange - SQL_PARSE ->   (parse (statement (create_table (create_table_preamble create table (table_name (name (id t1)))) (create_specifications ( (create_specification (column_definition (name (id f1)) (data_type (signed_type int (column_options key))))) )) (table_creation_option (partition_by partition by (partition_by_what key (skip_parens /__MAXWELL__/)) (partition_count partitions 2))))) <EOF>)
[1] 23:44:16,380 DEBUG SchemaChange - SQL_PARSE <- "create table t1 (f1 int) partition by list(f1 div 2) ( partition p1 values in (1), partition p2 values in (NULL), partition p3 values in (2), partition p4 values in (3), partition p5 values in (4) )"
[1] 23:44:16,380 DEBUG SchemaChange - rewrote SQL to create table t1 (f1 int) partition by list/__MAXWELL__/ ( partition p1 values in (1), partition p2 values in (NULL), partition p3 values in (2), partition p4 values in (3), partition p5 values in (4) )
[1] 23:44:16,380 DEBUG SchemaChange - SQL_PARSE <- "create table t1 (f1 int) partition by list/__MAXWELL__/ ( partition p1 values in (1), partition p2 values in (NULL), partition p3 values in (2), partition p4 values in (3), partition p5 values in (4) )"
[1] 23:44:16,380 DEBUG SchemaChange - rewrote SQL to create table t1 (f1 int) partition by list/__MAXWELL__/ ( /__MAXWELL__/
[1] 23:44:16,380 DEBUG SchemaChange - SQL_PARSE <- "create table t1 (f1 int) partition by list/__MAXWELL__/ ( /__MAXWELL__/"
[1] 23:44:16,380 DEBUG SchemaChange - SQL_PARSE ->   (parse (statement (create_table (create_table_preamble create table (table_name (name (id t1)))) (create_specifications ( (create_specification (column_definition (name (id f1)) (data_type (signed_type int)))) )) (table_creation_option (partition_by partition by (partition_by_what list (skip_parens /__MAXWELL__/)) (partition_definitions ( (skip_parens_inside_partition_definitions /__MAXWELL__/)))))) <EOF>)
[1] 23:44:16,380 DEBUG SchemaChange - SQL_PARSE <- "create table t1 (f1 integer) engine= ARCHIVE partition by list(f1) ( partition p1 values in (1), partition p2 values in (NULL), partition p3 values in (2), partition p4 values in (3), partition p5 values in (4) )"
[1] 23:44:16,381 DEBUG SchemaChange - rewrote SQL to create table t1 (f1 integer) engine= ARCHIVE partition by list/__MAXWELL__/ ( partition p1 values in (1), partition p2 values in (NULL), partition p3 values in (2), partition p4 values in (3), partition p5 values in (4) )
[1] 23:44:16,381 DEBUG SchemaChange - SQL_PARSE <- "create table t1 (f1 integer) engine= ARCHIVE partition by list/__MAXWELL__/ ( partition p1 values in (1), partition p2 values in (NULL), partition p3 values in (2), partition p4 values in (3), partition p5 values in (4) )"
[1] 23:44:16,381 DEBUG SchemaChange - rewrote SQL to create table t1 (f1 integer) engine= ARCHIVE partition by list/__MAXWELL__/ ( /__MAXWELL__/
[1] 23:44:16,381 DEBUG SchemaChange - SQL_PARSE <- "create table t1 (f1 integer) engine= ARCHIVE partition by list/__MAXWELL__/ ( /__MAXWELL__/"
[1] 23:44:16,381 DEBUG SchemaChange - SQL_PARSE ->   (parse (statement (create_table (create_table_preamble create table (table_name (name (id t1)))) (create_specifications ( (create_specification (column_definition (name (id f1)) (data_type (signed_type integer)))) )) (table_creation_option (creation_engine engine = (id ARCHIVE))) (table_creation_option (partition_by partition by (partition_by_what list (skip_parens /__MAXWELL__/)) (partition_definitions ( (skip_parens_inside_partition_definitions /__MAXWELL__/)))))) <EOF>)
[1] 23:44:16,381 DEBUG SchemaChange - SQL_PARSE <- "create table t1 (f1 integer) partition by list(f1) ( partition p1 values in (1), partition p2 values in (NULL), partition p3 values in (2), partition p4 values in (3), partition p5 values in (4) )"
[1] 23:44:16,381 DEBUG SchemaChange - rewrote SQL to create table t1 (f1 integer) partition by list/__MAXWELL__/ ( partition p1 values in (1), partition p2 values in (NULL), partition p3 values in (2), partition p4 values in (3), partition p5 values in (4) )
[1] 23:44:16,381 DEBUG SchemaChange - SQL_PARSE <- "create table t1 (f1 integer) partition by list/__MAXWELL__/ ( partition p1 values in (1), partition p2 values in (NULL), partition p3 values in (2), partition p4 values in (3), partition p5 values in (4) )"
[1] 23:44:16,381 DEBUG SchemaChange - rewrote SQL to create table t1 (f1 integer) partition by list/__MAXWELL__/ ( /__MAXWELL__/
[1] 23:44:16,381 DEBUG SchemaChange - SQL_PARSE <- "create table t1 (f1 integer) partition by list/__MAXWELL__/ ( /__MAXWELL__/"
[1] 23:44:16,381 DEBUG SchemaChange - SQL_PARSE ->   (parse (statement (create_table (create_table_preamble create table (table_name (name (id t1)))) (create_specifications ( (create_specification (column_definition (name (id f1)) (data_type (signed_type integer)))) )) (table_creation_option (partition_by partition by (partition_by_what list (skip_parens /__MAXWELL__/)) (partition_definitions ( (skip_parens_inside_partition_definitions /__MAXWELL__/)))))) <EOF>)
[1] 23:44:16,381 DEBUG SchemaChange - SQL_PARSE <- "create table t1 (f1 integer) partition by list(f1) (partition p1 values in (1), partition p2 values in (null))"
[1] 23:44:16,382 DEBUG SchemaChange - rewrote SQL to create table t1 (f1 integer) partition by list/__MAXWELL__/ (partition p1 values in (1), partition p2 values in (null))
[1] 23:44:16,382 DEBUG SchemaChange - SQL_PARSE <- "create table t1 (f1 integer) partition by list/__MAXWELL__/ (partition p1 values in (1), partition p2 values in (null))"
[1] 23:44:16,382 DEBUG SchemaChange - rewrote SQL to create table t1 (f1 integer) partition by list/__MAXWELL__/ (/__MAXWELL__/
[1] 23:44:16,382 DEBUG SchemaChange - SQL_PARSE <- "create table t1 (f1 integer) partition by list/__MAXWELL__/ (/__MAXWELL__/"
[1] 23:44:16,382 DEBUG SchemaChange - SQL_PARSE ->   (parse (statement (create_table (create_table_preamble create table (table_name (name (id t1)))) (create_specifications ( (create_specification (column_definition (name (id f1)) (data_type (signed_type integer)))) )) (table_creation_option (partition_by partition by (partition_by_what list (skip_parens /__MAXWELL__/)) (partition_definitions ( (skip_parens_inside_partition_definitions /__MAXWELL__/)))))) <EOF>)
[1] 23:44:16,382 DEBUG SchemaChange - SQL_PARSE <- "create table t1 (f1 integer) partition by range(f1) (partition p1 values less than (0), partition p2 values less than (10))"
[1] 23:44:16,382 DEBUG SchemaChange - rewrote SQL to create table t1 (f1 integer) partition by range/__MAXWELL__/ (partition p1 values less than (0), partition p2 values less than (10))
[1] 23:44:16,382 DEBUG SchemaChange - SQL_PARSE <- "create table t1 (f1 integer) partition by range/__MAXWELL__/ (partition p1 values less than (0), partition p2 values less than (10))"
[1] 23:44:16,382 DEBUG SchemaChange - rewrote SQL to create table t1 (f1 integer) partition by range/__MAXWELL__/ (/__MAXWELL__/
[1] 23:44:16,382 DEBUG SchemaChange - SQL_PARSE <- "create table t1 (f1 integer) partition by range/__MAXWELL__/ (/__MAXWELL__/"
[1] 23:44:16,382 DEBUG SchemaChange - SQL_PARSE ->   (parse (statement (create_table (create_table_preamble create table (table_name (name (id t1)))) (create_specifications ( (create_specification (column_definition (name (id f1)) (data_type (signed_type integer)))) )) (table_creation_option (partition_by partition by (partition_by_what range (skip_parens /__MAXWELL__/)) (partition_definitions ( (skip_parens_inside_partition_definitions /__MAXWELL__/)))))) <EOF>)
[1] 23:44:16,382 DEBUG SchemaChange - SQL_PARSE <- "create table t1 (f1 integer,f2 integer, f3 varchar(10), primary key(f1,f2)) partition by range(f1) subpartition by hash(f2) subpartitions 2 (partition p1 values less than (0), partition p2 values less than (2), partition p3 values less than (2147483647))"
[1] 23:44:16,383 DEBUG SchemaChange - rewrote SQL to create table t1 (f1 integer,f2 integer, f3 varchar(10), primary key(f1,f2)) partition by range/__MAXWELL__/ subpartition by hash(f2) subpartitions 2 (partition p1 values less than (0), partition p2 values less than (2), partition p3 values less than (2147483647))
[1] 23:44:16,383 DEBUG SchemaChange - SQL_PARSE <- "create table t1 (f1 integer,f2 integer, f3 varchar(10), primary key(f1,f2)) partition by range/__MAXWELL__/ subpartition by hash(f2) subpartitions 2 (partition p1 values less than (0), partition p2 values less than (2), partition p3 values less than (2147483647))"
[1] 23:44:16,383 DEBUG SchemaChange - rewrote SQL to create table t1 (f1 integer,f2 integer, f3 varchar(10), primary key(f1,f2)) partition by range/__MAXWELL__/ subpartition by hash/__MAXWELL__/ subpartitions 2 (partition p1 values less than (0), partition p2 values less than (2), partition p3 values less than (2147483647))
[1] 23:44:16,383 DEBUG SchemaChange - SQL_PARSE <- "create table t1 (f1 integer,f2 integer, f3 varchar(10), primary key(f1,f2)) partition by range/__MAXWELL__/ subpartition by hash/__MAXWELL__/ subpartitions 2 (partition p1 values less than (0), partition p2 values less than (2), partition p3 values less than (2147483647))"
[1] 23:44:16,383 DEBUG SchemaChange - rewrote SQL to create table t1 (f1 integer,f2 integer, f3 varchar(10), primary key(f1,f2)) partition by range/__MAXWELL__/ subpartition by hash/__MAXWELL__/ subpartitions 2 (/__MAXWELL__/
[1] 23:44:16,383 DEBUG SchemaChange - SQL_PARSE <- "create table t1 (f1 integer,f2 integer, f3 varchar(10), primary key(f1,f2)) partition by range/__MAXWELL__/ subpartition by hash/__MAXWELL__/ subpartitions 2 (/__MAXWELL__/"
[1] 23:44:16,383 DEBUG SchemaChange - SQL_PARSE ->   (parse (statement (create_table (create_table_preamble create table (table_name (name (id t1)))) (create_specifications ( (create_specification (column_definition (name (id f1)) (data_type (signed_type integer)))) , (create_specification (column_definition (name (id f2)) (data_type (signed_type integer)))) , (create_specification (column_definition (name (id f3)) (data_type (string_type varchar (length ( 10 )))))) , (create_specification (index_definition (index_type_pk primary key (index_column_list ( (index_columns (index_column (name (id f1))) , (index_column (name (id f2)))) ))))) )) (table_creation_option (partition_by partition by (partition_by_what range (skip_parens /__MAXWELL__/)) (subpartition_by subpartition by (partition_by_what hash (skip_parens /__MAXWELL__/)) subpartitions 2) (partition_definitions ( (skip_parens_inside_partition_definitions /__MAXWELL__/)))))) <EOF>)
[1] 23:44:16,383 DEBUG SchemaChange - SQL_PARSE <- "create table t1 (f1 integer,f2 integer, unique index(f1)) partition by range(f1 div 2) subpartition by hash(f1) subpartitions 2 (partition partb values less than (2), partition parte values less than (4), partition partf values less than (10000))"
[1] 23:44:16,384 DEBUG SchemaChange - rewrote SQL to create table t1 (f1 integer,f2 integer, unique index(f1)) partition by range/__MAXWELL__/ subpartition by hash(f1) subpartitions 2 (partition partb values less than (2), partition parte values less than (4), partition partf values less than (10000))
[1] 23:44:16,384 DEBUG SchemaChange - SQL_PARSE <- "create table t1 (f1 integer,f2 integer, unique index(f1)) partition by range/__MAXWELL__/ subpartition by hash(f1) subpartitions 2 (partition partb values less than (2), partition parte values less than (4), partition partf values less than (10000))"
[1] 23:44:16,384 DEBUG SchemaChange - rewrote SQL to create table t1 (f1 integer,f2 integer, unique index(f1)) partition by range/__MAXWELL__/ subpartition by hash/__MAXWELL__/ subpartitions 2 (partition partb values less than (2), partition parte values less than (4), partition partf values less than (10000))
[1] 23:44:16,384 DEBUG SchemaChange - SQL_PARSE <- "create table t1 (f1 integer,f2 integer, unique index(f1)) partition by range/__MAXWELL__/ subpartition by hash/__MAXWELL__/ subpartitions 2 (partition partb values less than (2), partition parte values less than (4), partition partf values less than (10000))"
[1] 23:44:16,384 DEBUG SchemaChange - rewrote SQL to create table t1 (f1 integer,f2 integer, unique index(f1)) partition by range/__MAXWELL__/ subpartition by hash/__MAXWELL__/ subpartitions 2 (/__MAXWELL__/
[1] 23:44:16,384 DEBUG SchemaChange - SQL_PARSE <- "create table t1 (f1 integer,f2 integer, unique index(f1)) partition by range/__MAXWELL__/ subpartition by hash/__MAXWELL__/ subpartitions 2 (/__MAXWELL__/"
[1] 23:44:16,384 DEBUG SchemaChange - SQL_PARSE ->   (parse (statement (create_table (create_table_preamble create table (table_name (name (id t1)))) (create_specifications ( (create_specification (column_definition (name (id f1)) (data_type (signed_type integer)))) , (create_specification (column_definition (name (id f2)) (data_type (signed_type integer)))) , (create_specification (index_definition (index_type_3 unique (index_or_key index) (index_column_list ( (index_columns (index_column (name (id f1)))) ))))) )) (table_creation_option (partition_by partition by (partition_by_what range (skip_parens /__MAXWELL__/)) (subpartition_by subpartition by (partition_by_what hash (skip_parens /__MAXWELL__/)) subpartitions 2) (partition_definitions ( (skip_parens_inside_partition_definitions /__MAXWELL__/)))))) <EOF>)
[1] 23:44:16,384 DEBUG SchemaChange - SQL_PARSE <- "create table t1 (f1 smallint) partition by list (f1) (partition p0 values in (null))"
[1] 23:44:16,384 DEBUG SchemaChange - rewrote SQL to create table t1 (f1 smallint) partition by list /__MAXWELL__/ (partition p0 values in (null))
[1] 23:44:16,384 DEBUG SchemaChange - SQL_PARSE <- "create table t1 (f1 smallint) partition by list /__MAXWELL__/ (partition p0 values in (null))"
[1] 23:44:16,384 DEBUG SchemaChange - rewrote SQL to create table t1 (f1 smallint) partition by list /__MAXWELL__/ (/__MAXWELL__/
[1] 23:44:16,384 DEBUG SchemaChange - SQL_PARSE <- "create table t1 (f1 smallint) partition by list /__MAXWELL__/ (/__MAXWELL__/"
[1] 23:44:16,385 DEBUG SchemaChange - SQL_PARSE ->   (parse (statement (create_table (create_table_preamble create table (table_name (name (id t1)))) (create_specifications ( (create_specification (column_definition (name (id f1)) (data_type (signed_type smallint)))) )) (table_creation_option (partition_by partition by (partition_by_what list (skip_parens /__MAXWELL__/)) (partition_definitions ( (skip_parens_inside_partition_definitions /__MAXWELL__/)))))) <EOF>)
[1] 23:44:16,385 DEBUG SchemaChange - SQL_PARSE <- "create table t1 (f1 smallint) partition by range (f1) (partition p0 values less than (0))"
[1] 23:44:16,385 DEBUG SchemaChange - rewrote SQL to create table t1 (f1 smallint) partition by range /__MAXWELL__/ (partition p0 values less than (0))
[1] 23:44:16,385 DEBUG SchemaChange - SQL_PARSE <- "create table t1 (f1 smallint) partition by range /__MAXWELL__/ (partition p0 values less than (0))"
[1] 23:44:16,385 DEBUG SchemaChange - rewrote SQL to create table t1 (f1 smallint) partition by range /__MAXWELL__/ (/__MAXWELL__/
[1] 23:44:16,385 DEBUG SchemaChange - SQL_PARSE <- "create table t1 (f1 smallint) partition by range /__MAXWELL__/ (/__MAXWELL__/"
[1] 23:44:16,385 DEBUG SchemaChange - SQL_PARSE ->   (parse (statement (create_table (create_table_preamble create table (table_name (name (id t1)))) (create_specifications ( (create_specification (column_definition (name (id f1)) (data_type (signed_type smallint)))) )) (table_creation_option (partition_by partition by (partition_by_what range (skip_parens /__MAXWELL__/)) (partition_definitions ( (skip_parens_inside_partition_definitions /__MAXWELL__/)))))) <EOF>)
[1] 23:44:16,385 DEBUG SchemaChange - SQL_PARSE <- "create table t1 (f_int1 int(11) default null) engine = memory partition by range (f_int1) subpartition by hash (f_int1) (partition part1 values less than (1000) (subpartition subpart11 engine = memory))"
[1] 23:44:16,385 DEBUG SchemaChange - rewrote SQL to create table t1 (f_int1 int(11) default null) engine = memory partition by range /__MAXWELL__/ subpartition by hash (f_int1) (partition part1 values less than (1000) (subpartition subpart11 engine = memory))
[1] 23:44:16,385 DEBUG SchemaChange - SQL_PARSE <- "create table t1 (f_int1 int(11) default null) engine = memory partition by range /__MAXWELL__/ subpartition by hash (f_int1) (partition part1 values less than (1000) (subpartition subpart11 engine = memory))"
[1] 23:44:16,385 DEBUG SchemaChange - rewrote SQL to create table t1 (f_int1 int(11) default null) engine = memory partition by range /__MAXWELL__/ subpartition by hash /__MAXWELL__/ (partition part1 values less than (1000) (subpartition subpart11 engine = memory))
[1] 23:44:16,385 DEBUG SchemaChange - SQL_PARSE <- "create table t1 (f_int1 int(11) default null) engine = memory partition by range /__MAXWELL__/ subpartition by hash /__MAXWELL__/ (partition part1 values less than (1000) (subpartition subpart11 engine = memory))"
[1] 23:44:16,386 DEBUG SchemaChange - rewrote SQL to create table t1 (f_int1 int(11) default null) engine = memory partition by range /__MAXWELL__/ subpartition by hash /__MAXWELL__/ (/__MAXWELL__/
[1] 23:44:16,386 DEBUG SchemaChange - SQL_PARSE <- "create table t1 (f_int1 int(11) default null) engine = memory partition by range /__MAXWELL__/ subpartition by hash /__MAXWELL__/ (/__MAXWELL__/"
[1] 23:44:16,386 DEBUG SchemaChange - SQL_PARSE ->   (parse (statement (create_table (create_table_preamble create table (table_name (name (id t1)))) (create_specifications ( (create_specification (column_definition (name (id f_int1)) (data_type (signed_type int (length ( 11 )) (column_options (default_value default (literal_with_weirdo_multistring null))))))) )) (table_creation_option (creation_engine engine = memory)) (table_creation_option (partition_by partition by (partition_by_what range (skip_parens /__MAXWELL__/)) (subpartition_by subpartition by (partition_by_what hash (skip_parens /__MAXWELL__/))) (partition_definitions ( (skip_parens_inside_partition_definitions /__MAXWELL__/)))))) <EOF>)
[1] 23:44:16,386 DEBUG SchemaChange - SQL_PARSE <- "create table t1 (f_int1 integer) partition by list(abs(mod(f_int1,2))) subpartition by hash(f_int1) subpartitions 2 ( partition part1 values in (0), partition part2 values in (1), partition part4 values in (null) )"
[1] 23:44:16,386 DEBUG SchemaChange - rewrote SQL to create table t1 (f_int1 integer) partition by list/__MAXWELL__/ subpartition by hash(f_int1) subpartitions 2 ( partition part1 values in (0), partition part2 values in (1), partition part4 values in (null) )
[1] 23:44:16,386 DEBUG SchemaChange - SQL_PARSE <- "create table t1 (f_int1 integer) partition by list/__MAXWELL__/ subpartition by hash(f_int1) subpartitions 2 ( partition part1 values in (0), partition part2 values in (1), partition part4 values in (null) )"
[1] 23:44:16,386 DEBUG SchemaChange - rewrote SQL to create table t1 (f_int1 integer) partition by list/__MAXWELL__/ subpartition by hash/__MAXWELL__/ subpartitions 2 ( partition part1 values in (0), partition part2 values in (1), partition part4 values in (null) )
[1] 23:44:16,386 DEBUG SchemaChange - SQL_PARSE <- "create table t1 (f_int1 integer) partition by list/__MAXWELL__/ subpartition by hash/__MAXWELL__/ subpartitions 2 ( partition part1 values in (0), partition part2 values in (1), partition part4 values in (null) )"
[1] 23:44:16,386 DEBUG SchemaChange - rewrote SQL to create table t1 (f_int1 integer) partition by list/__MAXWELL__/ subpartition by hash/__MAXWELL__/ subpartitions 2 ( /__MAXWELL__/
[1] 23:44:16,386 DEBUG SchemaChange - SQL_PARSE <- "create table t1 (f_int1 integer) partition by list/__MAXWELL__/ subpartition by hash/__MAXWELL__/ subpartitions 2 ( /__MAXWELL__/"
[1] 23:44:16,387 DEBUG SchemaChange - SQL_PARSE ->   (parse (statement (create_table (create_table_preamble create table (table_name (name (id t1)))) (create_specifications ( (create_specification (column_definition (name (id f_int1)) (data_type (signed_type integer)))) )) (table_creation_option (partition_by partition by (partition_by_what list (skip_parens /__MAXWELL__/)) (subpartition_by subpartition by (partition_by_what hash (skip_parens /__MAXWELL__/)) subpartitions 2) (partition_definitions ( (skip_parens_inside_partition_definitions /__MAXWELL__/)))))) <EOF>)
[1] 23:44:16,387 DEBUG SchemaChange - SQL_PARSE <- "create table t1 (f_int1 integer, f_int2 integer, primary key (f_int1)) partition by hash(f_int1) partitions 2"
[1] 23:44:16,387 DEBUG SchemaChange - rewrote SQL to create table t1 (f_int1 integer, f_int2 integer, primary key (f_int1)) partition by hash/__MAXWELL__/ partitions 2
[1] 23:44:16,387 DEBUG SchemaChange - SQL_PARSE <- "create table t1 (f_int1 integer, f_int2 integer, primary key (f_int1)) partition by hash/__MAXWELL__/ partitions 2"
[1] 23:44:16,387 DEBUG SchemaChange - SQL_PARSE ->   (parse (statement (create_table (create_table_preamble create table (table_name (name (id t1)))) (create_specifications ( (create_specification (column_definition (name (id f_int1)) (data_type (signed_type integer)))) , (create_specification (column_definition (name (id f_int2)) (data_type (signed_type integer)))) , (create_specification (index_definition (index_type_pk primary key (index_column_list ( (index_columns (index_column (name (id f_int1)))) ))))) )) (table_creation_option (partition_by partition by (partition_by_what hash (skip_parens /__MAXWELL__/)) (partition_count partitions 2))))) <EOF>)
[1] 23:44:16,387 DEBUG SchemaChange - SQL_PARSE <- "create table t1 (i int ) ENGINE = MyISAM partition by range (i) ( partition p01 values less than (1000) data directory='/not/existing'     index directory='/not/existing' )"
[1] 23:44:16,387 DEBUG SchemaChange - rewrote SQL to create table t1 (i int ) ENGINE = MyISAM partition by range /__MAXWELL__/ ( partition p01 values less than (1000) data directory='/not/existing'     index directory='/not/existing' )
[1] 23:44:16,387 DEBUG SchemaChange - SQL_PARSE <- "create table t1 (i int ) ENGINE = MyISAM partition by range /__MAXWELL__/ ( partition p01 values less than (1000) data directory='/not/existing'     index directory='/not/existing' )"
[1] 23:44:16,388 DEBUG SchemaChange - rewrote SQL to create table t1 (i int ) ENGINE = MyISAM partition by range /__MAXWELL__/ ( /__MAXWELL__/
[1] 23:44:16,388 DEBUG SchemaChange - SQL_PARSE <- "create table t1 (i int ) ENGINE = MyISAM partition by range /__MAXWELL__/ ( /__MAXWELL__/"
[1] 23:44:16,388 DEBUG SchemaChange - SQL_PARSE ->   (parse (statement (create_table (create_table_preamble create table (table_name (name (id t1)))) (create_specifications ( (create_specification (column_definition (name (id i)) (data_type (signed_type int)))) )) (table_creation_option (creation_engine ENGINE = (id MyISAM))) (table_creation_option (partition_by partition by (partition_by_what range (skip_parens /__MAXWELL__/)) (partition_definitions ( (skip_parens_inside_partition_definitions /__MAXWELL__/)))))) <EOF>)
[1] 23:44:16,388 DEBUG SchemaChange - SQL_PARSE <- "create table t1 (i int ) partition by range (i) ( partition p01 values less than (1000) data directory='/not/existing'   index directory='/not/existing' )"
[1] 23:44:16,388 DEBUG SchemaChange - rewrote SQL to create table t1 (i int ) partition by range /__MAXWELL__/ ( partition p01 values less than (1000) data directory='/not/existing'   index directory='/not/existing' )
[1] 23:44:16,388 DEBUG SchemaChange - SQL_PARSE <- "create table t1 (i int ) partition by range /__MAXWELL__/ ( partition p01 values less than (1000) data directory='/not/existing'   index directory='/not/existing' )"
[1] 23:44:16,388 DEBUG SchemaChange - rewrote SQL to create table t1 (i int ) partition by range /__MAXWELL__/ ( /__MAXWELL__/
[1] 23:44:16,388 DEBUG SchemaChange - SQL_PARSE <- "create table t1 (i int ) partition by range /__MAXWELL__/ ( /__MAXWELL__/"
[1] 23:44:16,389 DEBUG SchemaChange - SQL_PARSE ->   (parse (statement (create_table (create_table_preamble create table (table_name (name (id t1)))) (create_specifications ( (create_specification (column_definition (name (id i)) (data_type (signed_type int)))) )) (table_creation_option (partition_by partition by (partition_by_what range (skip_parens /__MAXWELL__/)) (partition_definitions ( (skip_parens_inside_partition_definitions /__MAXWELL__/)))))) <EOF>)
[1] 23:44:16,389 DEBUG SchemaChange - SQL_PARSE <- "create table t1 (i int) partition by list (i) (partition p0 values in (1), partition p1 values in (2,3), partition p2 values in (4,5))"
[1] 23:44:16,389 DEBUG SchemaChange - rewrote SQL to create table t1 (i int) partition by list /__MAXWELL__/ (partition p0 values in (1), partition p1 values in (2,3), partition p2 values in (4,5))
[1] 23:44:16,389 DEBUG SchemaChange - SQL_PARSE <- "create table t1 (i int) partition by list /__MAXWELL__/ (partition p0 values in (1), partition p1 values in (2,3), partition p2 values in (4,5))"
[1] 23:44:16,389 DEBUG SchemaChange - rewrote SQL to create table t1 (i int) partition by list /__MAXWELL__/ (/__MAXWELL__/
[1] 23:44:16,389 DEBUG SchemaChange - SQL_PARSE <- "create table t1 (i int) partition by list /__MAXWELL__/ (/__MAXWELL__/"
[1] 23:44:16,389 DEBUG SchemaChange - SQL_PARSE ->   (parse (statement (create_table (create_table_preamble create table (table_name (name (id t1)))) (create_specifications ( (create_specification (column_definition (name (id i)) (data_type (signed_type int)))) )) (table_creation_option (partition_by partition by (partition_by_what list (skip_parens /__MAXWELL__/)) (partition_definitions ( (skip_parens_inside_partition_definitions /__MAXWELL__/)))))) <EOF>)
[1] 23:44:16,389 DEBUG SchemaChange - SQL_PARSE <- "create table t1 (int_column int, char_column char(5)) PARTITION BY RANGE (int_column) subpartition by key (char_column) subpartitions 2 (PARTITION p1 VALUES LESS THAN (5) ENGINE = InnoDB)"
[1] 23:44:16,389 DEBUG SchemaChange - rewrote SQL to create table t1 (int_column int, char_column char(5)) PARTITION BY RANGE /__MAXWELL__/ subpartition by key (char_column) subpartitions 2 (PARTITION p1 VALUES LESS THAN (5) ENGINE = InnoDB)
[1] 23:44:16,389 DEBUG SchemaChange - SQL_PARSE <- "create table t1 (int_column int, char_column char(5)) PARTITION BY RANGE /__MAXWELL__/ subpartition by key (char_column) subpartitions 2 (PARTITION p1 VALUES LESS THAN (5) ENGINE = InnoDB)"
[1] 23:44:16,390 DEBUG SchemaChange - rewrote SQL to create table t1 (int_column int, char_column char(5)) PARTITION BY RANGE /__MAXWELL__/ subpartition by key /__MAXWELL__/ subpartitions 2 (PARTITION p1 VALUES LESS THAN (5) ENGINE = InnoDB)
[1] 23:44:16,390 DEBUG SchemaChange - SQL_PARSE <- "create table t1 (int_column int, char_column char(5)) PARTITION BY RANGE /__MAXWELL__/ subpartition by key /__MAXWELL__/ subpartitions 2 (PARTITION p1 VALUES LESS THAN (5) ENGINE = InnoDB)"
[1] 23:44:16,390 DEBUG SchemaChange - rewrote SQL to create table t1 (int_column int, char_column char(5)) PARTITION BY RANGE /__MAXWELL__/ subpartition by key /__MAXWELL__/ subpartitions 2 (/__MAXWELL__/
[1] 23:44:16,390 DEBUG SchemaChange - SQL_PARSE <- "create table t1 (int_column int, char_column char(5)) PARTITION BY RANGE /__MAXWELL__/ subpartition by key /__MAXWELL__/ subpartitions 2 (/__MAXWELL__/"
[1] 23:44:16,390 DEBUG SchemaChange - SQL_PARSE ->   (parse (statement (create_table (create_table_preamble create table (table_name (name (id t1)))) (create_specifications ( (create_specification (column_definition (name (id int_column)) (data_type (signed_type int)))) , (create_specification (column_definition (name (id char_column)) (data_type (string_type char (length ( 5 )))))) )) (table_creation_option (partition_by PARTITION BY (partition_by_what RANGE (skip_parens /__MAXWELL__/)) (subpartition_by subpartition by (partition_by_what key (skip_parens /__MAXWELL__/)) subpartitions 2) (partition_definitions ( (skip_parens_inside_partition_definitions /__MAXWELL__/)))))) <EOF>)
[1] 23:44:16,390 DEBUG SchemaChange - SQL_PARSE <- "create table t1 (s1 bigint) partition by list (s1) (partition p1 values in (-9223372036854775808))"
[1] 23:44:16,390 DEBUG SchemaChange - rewrote SQL to create table t1 (s1 bigint) partition by list /__MAXWELL__/ (partition p1 values in (-9223372036854775808))
[1] 23:44:16,390 DEBUG SchemaChange - SQL_PARSE <- "create table t1 (s1 bigint) partition by list /__MAXWELL__/ (partition p1 values in (-9223372036854775808))"
[1] 23:44:16,390 DEBUG SchemaChange - rewrote SQL to create table t1 (s1 bigint) partition by list /__MAXWELL__/ (/__MAXWELL__/
[1] 23:44:16,390 DEBUG SchemaChange - SQL_PARSE <- "create table t1 (s1 bigint) partition by list /__MAXWELL__/ (/__MAXWELL__/"
[1] 23:44:16,390 DEBUG SchemaChange - SQL_PARSE ->   (parse (statement (create_table (create_table_preamble create table (table_name (name (id t1)))) (create_specifications ( (create_specification (column_definition (name (id s1)) (data_type (signed_type bigint)))) )) (table_creation_option (partition_by partition by (partition_by_what list (skip_parens /__MAXWELL__/)) (partition_definitions ( (skip_parens_inside_partition_definitions /__MAXWELL__/)))))) <EOF>)
[1] 23:44:16,390 DEBUG SchemaChange - SQL_PARSE <- "create table t1 (s1 int auto_increment primary key) partition by list (s1) (partition p1 values in (1), partition p2 values in (2), partition p3 values in (3))"
[1] 23:44:16,391 DEBUG SchemaChange - rewrote SQL to create table t1 (s1 int auto_increment primary key) partition by list /__MAXWELL__/ (partition p1 values in (1), partition p2 values in (2), partition p3 values in (3))
[1] 23:44:16,391 DEBUG SchemaChange - SQL_PARSE <- "create table t1 (s1 int auto_increment primary key) partition by list /__MAXWELL__/ (partition p1 values in (1), partition p2 values in (2), partition p3 values in (3))"
[1] 23:44:16,391 DEBUG SchemaChange - rewrote SQL to create table t1 (s1 int auto_increment primary key) partition by list /__MAXWELL__/ (/__MAXWELL__/
[1] 23:44:16,391 DEBUG SchemaChange - SQL_PARSE <- "create table t1 (s1 int auto_increment primary key) partition by list /__MAXWELL__/ (/__MAXWELL__/"
[1] 23:44:16,391 DEBUG SchemaChange - SQL_PARSE ->   (parse (statement (create_table (create_table_preamble create table (table_name (name (id t1)))) (create_specifications ( (create_specification (column_definition (name (id s1)) (data_type (signed_type int (column_options auto_increment) (column_options (primary_key primary key)))))) )) (table_creation_option (partition_by partition by (partition_by_what list (skip_parens /__MAXWELL__/)) (partition_definitions ( (skip_parens_inside_partition_definitions /__MAXWELL__/)))))) <EOF>)
[1] 23:44:16,391 DEBUG SchemaChange - SQL_PARSE <- "create table t1 (s1 int) partition by hash (s1)"
[1] 23:44:16,391 DEBUG SchemaChange - rewrote SQL to create table t1 (s1 int) partition by hash /__MAXWELL__/
[1] 23:44:16,391 DEBUG SchemaChange - SQL_PARSE <- "create table t1 (s1 int) partition by hash /__MAXWELL__/"
[1] 23:44:16,391 DEBUG SchemaChange - SQL_PARSE ->   (parse (statement (create_table (create_table_preamble create table (table_name (name (id t1)))) (create_specifications ( (create_specification (column_definition (name (id s1)) (data_type (signed_type int)))) )) (table_creation_option (partition_by partition by (partition_by_what hash (skip_parens /__MAXWELL__/)))))) <EOF>)
[1] 23:44:16,391 DEBUG SchemaChange - SQL_PARSE <- "create table t1 (s1 int) partition by hash(s1) partitions 2"
[1] 23:44:16,391 DEBUG SchemaChange - rewrote SQL to create table t1 (s1 int) partition by hash/__MAXWELL__/ partitions 2
[1] 23:44:16,391 DEBUG SchemaChange - SQL_PARSE <- "create table t1 (s1 int) partition by hash/__MAXWELL__/ partitions 2"
[1] 23:44:16,391 DEBUG SchemaChange - SQL_PARSE ->   (parse (statement (create_table (create_table_preamble create table (table_name (name (id t1)))) (create_specifications ( (create_specification (column_definition (name (id s1)) (data_type (signed_type int)))) )) (table_creation_option (partition_by partition by (partition_by_what hash (skip_parens /__MAXWELL__/)) (partition_count partitions 2))))) <EOF>)
[1] 23:44:16,392 DEBUG SchemaChange - SQL_PARSE <- "create table t1 (s1 int) partition by list (s1)  (partition p1 values in (0),  partition p2 values in (1),  partition p3 values in (null))"
[1] 23:44:16,392 DEBUG SchemaChange - rewrote SQL to create table t1 (s1 int) partition by list /__MAXWELL__/  (partition p1 values in (0),  partition p2 values in (1),  partition p3 values in (null))
[1] 23:44:16,392 DEBUG SchemaChange - SQL_PARSE <- "create table t1 (s1 int) partition by list /__MAXWELL__/  (partition p1 values in (0),  partition p2 values in (1),  partition p3 values in (null))"
[1] 23:44:16,392 DEBUG SchemaChange - rewrote SQL to create table t1 (s1 int) partition by list /__MAXWELL__/  (/__MAXWELL__/
[1] 23:44:16,392 DEBUG SchemaChange - SQL_PARSE <- "create table t1 (s1 int) partition by list /__MAXWELL__/  (/__MAXWELL__/"
[1] 23:44:16,392 DEBUG SchemaChange - SQL_PARSE ->   (parse (statement (create_table (create_table_preamble create table (table_name (name (id t1)))) (create_specifications ( (create_specification (column_definition (name (id s1)) (data_type (signed_type int)))) )) (table_creation_option (partition_by partition by (partition_by_what list (skip_parens /__MAXWELL__/)) (partition_definitions ( (skip_parens_inside_partition_definitions /__MAXWELL__/)))))) <EOF>)
[1] 23:44:16,392 DEBUG SchemaChange - SQL_PARSE <- "create table t1 (s1 int) partition by list (s1) (partition c values in (1), partition Ç values in (3))"
[1] 23:44:16,392 DEBUG SchemaChange - rewrote SQL to create table t1 (s1 int) partition by list /__MAXWELL__/ (partition c values in (1), partition Ç values in (3))
[1] 23:44:16,392 DEBUG SchemaChange - SQL_PARSE <- "create table t1 (s1 int) partition by list /__MAXWELL__/ (partition c values in (1), partition Ç values in (3))"
[1] 23:44:16,393 DEBUG SchemaChange - rewrote SQL to create table t1 (s1 int) partition by list /__MAXWELL__/ (/__MAXWELL__/
[1] 23:44:16,393 DEBUG SchemaChange - SQL_PARSE <- "create table t1 (s1 int) partition by list /__MAXWELL__/ (/__MAXWELL__/"
[1] 23:44:16,393 DEBUG SchemaChange - SQL_PARSE ->   (parse (statement (create_table (create_table_preamble create table (table_name (name (id t1)))) (create_specifications ( (create_specification (column_definition (name (id s1)) (data_type (signed_type int)))) )) (table_creation_option (partition_by partition by (partition_by_what list (skip_parens /__MAXWELL__/)) (partition_definitions ( (skip_parens_inside_partition_definitions /__MAXWELL__/)))))) <EOF>)
[1] 23:44:16,393 DEBUG SchemaChange - SQL_PARSE <- "create table t1 (s1 int) partition by range(s1)  (partition pa1 values less than (10), partition pa2 values less than MAXVALUE)"
[1] 23:44:16,393 DEBUG SchemaChange - rewrote SQL to create table t1 (s1 int) partition by range/__MAXWELL__/  (partition pa1 values less than (10), partition pa2 values less than MAXVALUE)
[1] 23:44:16,393 DEBUG SchemaChange - SQL_PARSE <- "create table t1 (s1 int) partition by range/__MAXWELL__/  (partition pa1 values less than (10), partition pa2 values less than MAXVALUE)"
[1] 23:44:16,393 DEBUG SchemaChange - rewrote SQL to create table t1 (s1 int) partition by range/__MAXWELL__/  (/__MAXWELL__/
[1] 23:44:16,393 DEBUG SchemaChange - SQL_PARSE <- "create table t1 (s1 int) partition by range/__MAXWELL__/  (/__MAXWELL__/"
[1] 23:44:16,393 DEBUG SchemaChange - SQL_PARSE ->   (parse (statement (create_table (create_table_preamble create table (table_name (name (id t1)))) (create_specifications ( (create_specification (column_definition (name (id s1)) (data_type (signed_type int)))) )) (table_creation_option (partition_by partition by (partition_by_what range (skip_parens /__MAXWELL__/)) (partition_definitions ( (skip_parens_inside_partition_definitions /__MAXWELL__/)))))) <EOF>)
[1] 23:44:16,393 DEBUG SchemaChange - SQL_PARSE <- "create table t1 (s1 int, unique (s1)) partition by list (s1) (partition x1 VALUES in (10), partition x2 values in (20))"
[1] 23:44:16,394 DEBUG SchemaChange - rewrote SQL to create table t1 (s1 int, unique (s1)) partition by list /__MAXWELL__/ (partition x1 VALUES in (10), partition x2 values in (20))
[1] 23:44:16,394 DEBUG SchemaChange - SQL_PARSE <- "create table t1 (s1 int, unique (s1)) partition by list /__MAXWELL__/ (partition x1 VALUES in (10), partition x2 values in (20))"
[1] 23:44:16,394 DEBUG SchemaChange - rewrote SQL to create table t1 (s1 int, unique (s1)) partition by list /__MAXWELL__/ (/__MAXWELL__/
[1] 23:44:16,394 DEBUG SchemaChange - SQL_PARSE <- "create table t1 (s1 int, unique (s1)) partition by list /__MAXWELL__/ (/__MAXWELL__/"
[1] 23:44:16,394 DEBUG SchemaChange - SQL_PARSE ->   (parse (statement (create_table (create_table_preamble create table (table_name (name (id t1)))) (create_specifications ( (create_specification (column_definition (name (id s1)) (data_type (signed_type int)))) , (create_specification (index_definition (index_type_3 unique (index_column_list ( (index_columns (index_column (name (id s1)))) ))))) )) (table_creation_option (partition_by partition by (partition_by_what list (skip_parens /__MAXWELL__/)) (partition_definitions ( (skip_parens_inside_partition_definitions /__MAXWELL__/)))))) <EOF>)
[1] 23:44:16,394 DEBUG SchemaChange - SQL_PARSE <- "create table t1 (s1 mediumint,s2 mediumint) partition by list (s2) (partition p1 values in (0), partition p2 values in (1))"
[1] 23:44:16,394 DEBUG SchemaChange - rewrote SQL to create table t1 (s1 mediumint,s2 mediumint) partition by list /__MAXWELL__/ (partition p1 values in (0), partition p2 values in (1))
[1] 23:44:16,394 DEBUG SchemaChange - SQL_PARSE <- "create table t1 (s1 mediumint,s2 mediumint) partition by list /__MAXWELL__/ (partition p1 values in (0), partition p2 values in (1))"
[1] 23:44:16,395 DEBUG SchemaChange - rewrote SQL to create table t1 (s1 mediumint,s2 mediumint) partition by list /__MAXWELL__/ (/__MAXWELL__/
[1] 23:44:16,395 DEBUG SchemaChange - SQL_PARSE <- "create table t1 (s1 mediumint,s2 mediumint) partition by list /__MAXWELL__/ (/__MAXWELL__/"
[1] 23:44:16,395 DEBUG SchemaChange - SQL_PARSE ->   (parse (statement (create_table (create_table_preamble create table (table_name (name (id t1)))) (create_specifications ( (create_specification (column_definition (name (id s1)) (data_type (signed_type mediumint)))) , (create_specification (column_definition (name (id s2)) (data_type (signed_type mediumint)))) )) (table_creation_option (partition_by partition by (partition_by_what list (skip_parens /__MAXWELL__/)) (partition_definitions ( (skip_parens_inside_partition_definitions /__MAXWELL__/)))))) <EOF>)
[1] 23:44:16,395 DEBUG SchemaChange - SQL_PARSE <- "create table t1 (s1 timestamp on update current_timestamp, s2 int) partition by key(s1) partitions 3"
[1] 23:44:16,395 DEBUG SchemaChange - rewrote SQL to create table t1 (s1 timestamp on update current_timestamp, s2 int) partition by key/__MAXWELL__/ partitions 3
[1] 23:44:16,395 DEBUG SchemaChange - SQL_PARSE <- "create table t1 (s1 timestamp on update current_timestamp, s2 int) partition by key/__MAXWELL__/ partitions 3"
[1] 23:44:16,395 DEBUG SchemaChange - SQL_PARSE ->   (parse (statement (create_table (create_table_preamble create table (table_name (name (id t1)))) (create_specifications ( (create_specification (column_definition (name (id s1)) (data_type (generic_type timestamp (column_options on update current_timestamp))))) , (create_specification (column_definition (name (id s2)) (data_type (signed_type int)))) )) (table_creation_option (partition_by partition by (partition_by_what key (skip_parens /__MAXWELL__/)) (partition_count partitions 3))))) <EOF>)
[1] 23:44:16,395 DEBUG SchemaChange - SQL_PARSE <- "create table t1 (s1 varchar(15)) partition by key (s1)"
[1] 23:44:16,396 DEBUG SchemaChange - rewrote SQL to create table t1 (s1 varchar(15)) partition by key /__MAXWELL__/
[1] 23:44:16,396 DEBUG SchemaChange - SQL_PARSE <- "create table t1 (s1 varchar(15)) partition by key /__MAXWELL__/"
[1] 23:44:16,396 DEBUG SchemaChange - SQL_PARSE ->   (parse (statement (create_table (create_table_preamble create table (table_name (name (id t1)))) (create_specifications ( (create_specification (column_definition (name (id s1)) (data_type (string_type varchar (length ( 15 )))))) )) (table_creation_option (partition_by partition by (partition_by_what key (skip_parens /__MAXWELL__/)))))) <EOF>)
[1] 23:44:16,396 DEBUG SchemaChange - SQL_PARSE <- "create table t1(a bigint unsigned not null) partition by range(a+0) ( partition p1 values less than (10), partition p2 values less than (20), partition p3 values less than (2305561538531885056), partition p4 values less than (2305561538531950591) )"
[1] 23:44:16,396 DEBUG SchemaChange - rewrote SQL to create table t1(a bigint unsigned not null) partition by range/__MAXWELL__/ ( partition p1 values less than (10), partition p2 values less than (20), partition p3 values less than (2305561538531885056), partition p4 values less than (2305561538531950591) )
[1] 23:44:16,396 DEBUG SchemaChange - SQL_PARSE <- "create table t1(a bigint unsigned not null) partition by range/__MAXWELL__/ ( partition p1 values less than (10), partition p2 values less than (20), partition p3 values less than (2305561538531885056), partition p4 values less than (2305561538531950591) )"
[1] 23:44:16,396 DEBUG SchemaChange - rewrote SQL to create table t1(a bigint unsigned not null) partition by range/__MAXWELL__/ ( /__MAXWELL__/
[1] 23:44:16,396 DEBUG SchemaChange - SQL_PARSE <- "create table t1(a bigint unsigned not null) partition by range/__MAXWELL__/ ( /__MAXWELL__/"
[1] 23:44:16,396 DEBUG SchemaChange - SQL_PARSE ->   (parse (statement (create_table (create_table_preamble create table (table_name (name (id t1)))) (create_specifications ( (create_specification (column_definition (name (id a)) (data_type (signed_type bigint (int_flags unsigned) (column_options (nullability not null)))))) )) (table_creation_option (partition_by partition by (partition_by_what range (skip_parens /__MAXWELL__/)) (partition_definitions ( (skip_parens_inside_partition_definitions /__MAXWELL__/)))))) <EOF>)
[1] 23:44:16,396 DEBUG SchemaChange - SQL_PARSE <- "create table t1(a int auto_increment primary key) partition by key(a) partitions 2"
[1] 23:44:16,396 DEBUG SchemaChange - rewrote SQL to create table t1(a int auto_increment primary key) partition by key/__MAXWELL__/ partitions 2
[1] 23:44:16,397 DEBUG SchemaChange - SQL_PARSE <- "create table t1(a int auto_increment primary key) partition by key/__MAXWELL__/ partitions 2"
[1] 23:44:16,397 DEBUG SchemaChange - SQL_PARSE ->   (parse (statement (create_table (create_table_preamble create table (table_name (name (id t1)))) (create_specifications ( (create_specification (column_definition (name (id a)) (data_type (signed_type int (column_options auto_increment) (column_options (primary_key primary key)))))) )) (table_creation_option (partition_by partition by (partition_by_what key (skip_parens /__MAXWELL__/)) (partition_count partitions 2))))) <EOF>)
[1] 23:44:16,397 DEBUG SchemaChange - SQL_PARSE <- "create table t1(a int auto_increment, b int, primary key (b, a))  partition by hash(b) partitions 2"
[1] 23:44:16,397 DEBUG SchemaChange - rewrote SQL to create table t1(a int auto_increment, b int, primary key (b, a))  partition by hash/__MAXWELL__/ partitions 2
[1] 23:44:16,397 DEBUG SchemaChange - SQL_PARSE <- "create table t1(a int auto_increment, b int, primary key (b, a))  partition by hash/__MAXWELL__/ partitions 2"
[1] 23:44:16,397 DEBUG SchemaChange - SQL_PARSE ->   (parse (statement (create_table (create_table_preamble create table (table_name (name (id t1)))) (create_specifications ( (create_specification (column_definition (name (id a)) (data_type (signed_type int (column_options auto_increment))))) , (create_specification (column_definition (name (id b)) (data_type (signed_type int)))) , (create_specification (index_definition (index_type_pk primary key (index_column_list ( (index_columns (index_column (name (id b))) , (index_column (name (id a)))) ))))) )) (table_creation_option (partition_by partition by (partition_by_what hash (skip_parens /__MAXWELL__/)) (partition_count partitions 2))))) <EOF>)
[1] 23:44:16,397 DEBUG SchemaChange - SQL_PARSE <- "create table t2 ( a int not null, b int not null ) partition by key(a,b) partitions 2"
[1] 23:44:16,397 DEBUG SchemaChange - rewrote SQL to create table t2 ( a int not null, b int not null ) partition by key/__MAXWELL__/ partitions 2
[1] 23:44:16,397 DEBUG SchemaChange - SQL_PARSE <- "create table t2 ( a int not null, b int not null ) partition by key/__MAXWELL__/ partitions 2"
[1] 23:44:16,397 DEBUG SchemaChange - SQL_PARSE ->   (parse (statement (create_table (create_table_preamble create table (table_name (name (id t2)))) (create_specifications ( (create_specification (column_definition (name (id a)) (data_type (signed_type int (column_options (nullability not null)))))) , (create_specification (column_definition (name (id b)) (data_type (signed_type int (column_options (nullability not null)))))) )) (table_creation_option (partition_by partition by (partition_by_what key (skip_parens /__MAXWELL__/)) (partition_count partitions 2))))) <EOF>)
[1] 23:44:16,397 DEBUG SchemaChange - SQL_PARSE <- "create table t2 (a binary(255) not null, primary key(a)) engine='MyISAM'  partition by key (a) partitions 27"
[1] 23:44:16,398 DEBUG SchemaChange - rewrote SQL to create table t2 (a binary(255) not null, primary key(a)) engine='MyISAM'  partition by key /__MAXWELL__/ partitions 27
[1] 23:44:16,398 DEBUG SchemaChange - SQL_PARSE <- "create table t2 (a binary(255) not null, primary key(a)) engine='MyISAM'  partition by key /__MAXWELL__/ partitions 27"
[1] 23:44:16,398 DEBUG SchemaChange - SQL_PARSE ->   (parse (statement (create_table (create_table_preamble create table (table_name (name (id t2)))) (create_specifications ( (create_specification (column_definition (name (id a)) (data_type (generic_type binary (length ( 255 )) (column_options (nullability not null)))))) , (create_specification (index_definition (index_type_pk primary key (index_column_list ( (index_columns (index_column (name (id a)))) ))))) )) (table_creation_option (creation_engine engine = (string_literal 'MyISAM'))) (table_creation_option (partition_by partition by (partition_by_what key (skip_parens /__MAXWELL__/)) (partition_count partitions 27))))) <EOF>)
[1] 23:44:16,398 DEBUG SchemaChange - SQL_PARSE <- "create table t2 (a bit, primary key (a)) engine='MyISAM'  partition by key (a) partitions 4"
[1] 23:44:16,398 DEBUG SchemaChange - rewrote SQL to create table t2 (a bit, primary key (a)) engine='MyISAM'  partition by key /__MAXWELL__/ partitions 4
[1] 23:44:16,398 DEBUG SchemaChange - SQL_PARSE <- "create table t2 (a bit, primary key (a)) engine='MyISAM'  partition by key /__MAXWELL__/ partitions 4"
[1] 23:44:16,398 DEBUG SchemaChange - SQL_PARSE ->   (parse (statement (create_table (create_table_preamble create table (table_name (name (id t2)))) (create_specifications ( (create_specification (column_definition (name (id a)) (data_type (generic_type bit)))) , (create_specification (index_definition (index_type_pk primary key (index_column_list ( (index_columns (index_column (name (id a)))) ))))) )) (table_creation_option (creation_engine engine = (string_literal 'MyISAM'))) (table_creation_option (partition_by partition by (partition_by_what key (skip_parens /__MAXWELL__/)) (partition_count partitions 4))))) <EOF>)
[1] 23:44:16,398 DEBUG SchemaChange - SQL_PARSE <- "create table t2 (a char(255) not null, primary key(a)) engine='MyISAM'  partition by key (a) partitions 27"
[1] 23:44:16,399 DEBUG SchemaChange - rewrote SQL to create table t2 (a char(255) not null, primary key(a)) engine='MyISAM'  partition by key /__MAXWELL__/ partitions 27
[1] 23:44:16,399 DEBUG SchemaChange - SQL_PARSE <- "create table t2 (a char(255) not null, primary key(a)) engine='MyISAM'  partition by key /__MAXWELL__/ partitions 27"
[1] 23:44:16,399 DEBUG SchemaChange - SQL_PARSE ->   (parse (statement (create_table (create_table_preamble create table (table_name (name (id t2)))) (create_specifications ( (create_specification (column_definition (name (id a)) (data_type (string_type char (length ( 255 )) (column_options (nullability not null)))))) , (create_specification (index_definition (index_type_pk primary key (index_column_list ( (index_columns (index_column (name (id a)))) ))))) )) (table_creation_option (creation_engine engine = (string_literal 'MyISAM'))) (table_creation_option (partition_by partition by (partition_by_what key (skip_parens /__MAXWELL__/)) (partition_count partitions 27))))) <EOF>)
[1] 23:44:16,399 DEBUG SchemaChange - SQL_PARSE <- "create table t2 (a date not null, primary key(a)) engine='MyISAM'  partition by key (a) partitions 12"
[1] 23:44:16,399 DEBUG SchemaChange - rewrote SQL to create table t2 (a date not null, primary key(a)) engine='MyISAM'  partition by key /__MAXWELL__/ partitions 12
[1] 23:44:16,400 DEBUG SchemaChange - SQL_PARSE <- "create table t2 (a date not null, primary key(a)) engine='MyISAM'  partition by key /__MAXWELL__/ partitions 12"
[1] 23:44:16,400 DEBUG SchemaChange - SQL_PARSE ->   (parse (statement (create_table (create_table_preamble create table (table_name (name (id t2)))) (create_specifications ( (create_specification (column_definition (name (id a)) (data_type (generic_type date (column_options (nullability not null)))))) , (create_specification (index_definition (index_type_pk primary key (index_column_list ( (index_columns (index_column (name (id a)))) ))))) )) (table_creation_option (creation_engine engine = (string_literal 'MyISAM'))) (table_creation_option (partition_by partition by (partition_by_what key (skip_parens /__MAXWELL__/)) (partition_count partitions 12))))) <EOF>)
[1] 23:44:16,400 DEBUG SchemaChange - SQL_PARSE <- "create table t2 (a datetime not null, primary key(a)) engine='MyISAM'  partition by key (a) partitions 12"
[1] 23:44:16,400 DEBUG SchemaChange - rewrote SQL to create table t2 (a datetime not null, primary key(a)) engine='MyISAM'  partition by key /__MAXWELL__/ partitions 12
[1] 23:44:16,400 DEBUG SchemaChange - SQL_PARSE <- "create table t2 (a datetime not null, primary key(a)) engine='MyISAM'  partition by key /__MAXWELL__/ partitions 12"
[1] 23:44:16,400 DEBUG SchemaChange - SQL_PARSE ->   (parse (statement (create_table (create_table_preamble create table (table_name (name (id t2)))) (create_specifications ( (create_specification (column_definition (name (id a)) (data_type (generic_type datetime (column_options (nullability not null)))))) , (create_specification (index_definition (index_type_pk primary key (index_column_list ( (index_columns (index_column (name (id a)))) ))))) )) (table_creation_option (creation_engine engine = (string_literal 'MyISAM'))) (table_creation_option (partition_by partition by (partition_by_what key (skip_parens /__MAXWELL__/)) (partition_count partitions 12))))) <EOF>)
[1] 23:44:16,400 DEBUG SchemaChange - SQL_PARSE <- "create table t2 (a double not null, primary key(a)) engine='MYISAM'  partition by key (a) partitions 10"
[1] 23:44:16,401 DEBUG SchemaChange - rewrote SQL to create table t2 (a double not null, primary key(a)) engine='MYISAM'  partition by key /__MAXWELL__/ partitions 10
[1] 23:44:16,401 DEBUG SchemaChange - SQL_PARSE <- "create table t2 (a double not null, primary key(a)) engine='MYISAM'  partition by key /__MAXWELL__/ partitions 10"
[1] 23:44:16,401 DEBUG SchemaChange - SQL_PARSE ->   (parse (statement (create_table (create_table_preamble create table (table_name (name (id t2)))) (create_specifications ( (create_specification (column_definition (name (id a)) (data_type (signed_type double (column_options (nullability not null)))))) , (create_specification (index_definition (index_type_pk primary key (index_column_list ( (index_columns (index_column (name (id a)))) ))))) )) (table_creation_option (creation_engine engine = (string_literal 'MYISAM'))) (table_creation_option (partition_by partition by (partition_by_what key (skip_parens /__MAXWELL__/)) (partition_count partitions 10))))) <EOF>)
[1] 23:44:16,401 DEBUG SchemaChange - SQL_PARSE <- "create table t2 (a enum ( '1','2','3','4','5','6','7','8','9','0', 'A','B','C','D','E','F','G','H','I','J','K','L', 'M','N','O','P','Q','R','S','T','U','V','W','X', 'Y','Z' ) not null, primary key(a)) engine='MyISAM'  partition by key (a) partitions 27"
[1] 23:44:16,402 DEBUG SchemaChange - rewrote SQL to create table t2 (a enum ( '1','2','3','4','5','6','7','8','9','0', 'A','B','C','D','E','F','G','H','I','J','K','L', 'M','N','O','P','Q','R','S','T','U','V','W','X', 'Y','Z' ) not null, primary key(a)) engine='MyISAM'  partition by key /__MAXWELL__/ partitions 27
[1] 23:44:16,402 DEBUG SchemaChange - SQL_PARSE <- "create table t2 (a enum ( '1','2','3','4','5','6','7','8','9','0', 'A','B','C','D','E','F','G','H','I','J','K','L', 'M','N','O','P','Q','R','S','T','U','V','W','X', 'Y','Z' ) not null, primary key(a)) engine='MyISAM'  partition by key /__MAXWELL__/ partitions 27"
[1] 23:44:16,402 DEBUG SchemaChange - SQL_PARSE ->   (parse (statement (create_table (create_table_preamble create table (table_name (name (id t2)))) (create_specifications ( (create_specification (column_definition (name (id a)) (data_type (enumerated_type enum ( (enumerated_values (enum_value (string_literal '1')) , (enum_value (string_literal '2')) , (enum_value (string_literal '3')) , (enum_value (string_literal '4')) , (enum_value (string_literal '5')) , (enum_value (string_literal '6')) , (enum_value (string_literal '7')) , (enum_value (string_literal '8')) , (enum_value (string_literal '9')) , (enum_value (string_literal '0')) , (enum_value (string_literal 'A')) , (enum_value (string_literal 'B')) , (enum_value (string_literal 'C')) , (enum_value (string_literal 'D')) , (enum_value (string_literal 'E')) , (enum_value (string_literal 'F')) , (enum_value (string_literal 'G')) , (enum_value (string_literal 'H')) , (enum_value (string_literal 'I')) , (enum_value (string_literal 'J')) , (enum_value (string_literal 'K')) , (enum_value (string_literal 'L')) , (enum_value (string_literal 'M')) , (enum_value (string_literal 'N')) , (enum_value (string_literal 'O')) , (enum_value (string_literal 'P')) , (enum_value (string_literal 'Q')) , (enum_value (string_literal 'R')) , (enum_value (string_literal 'S')) , (enum_value (string_literal 'T')) , (enum_value (string_literal 'U')) , (enum_value (string_literal 'V')) , (enum_value (string_literal 'W')) , (enum_value (string_literal 'X')) , (enum_value (string_literal 'Y')) , (enum_value (string_literal 'Z'))) ) (column_options (nullability not null)))))) , (create_specification (index_definition (index_type_pk primary key (index_column_list ( (index_columns (index_column (name (id a)))) ))))) )) (table_creation_option (creation_engine engine = (string_literal 'MyISAM'))) (table_creation_option (partition_by partition by (partition_by_what key (skip_parens /__MAXWELL__/)) (partition_count partitions 27))))) <EOF>)
[1] 23:44:16,402 DEBUG SchemaChange - SQL_PARSE <- "create table t2 (a float not null, primary key(a)) engine='MYISAM'  partition by key (a) partitions 10"
[1] 23:44:16,403 DEBUG SchemaChange - rewrote SQL to create table t2 (a float not null, primary key(a)) engine='MYISAM'  partition by key /__MAXWELL__/ partitions 10
[1] 23:44:16,403 DEBUG SchemaChange - SQL_PARSE <- "create table t2 (a float not null, primary key(a)) engine='MYISAM'  partition by key /__MAXWELL__/ partitions 10"
[1] 23:44:16,403 DEBUG SchemaChange - SQL_PARSE ->   (parse (statement (create_table (create_table_preamble create table (table_name (name (id t2)))) (create_specifications ( (create_specification (column_definition (name (id a)) (data_type (signed_type float (column_options (nullability not null)))))) , (create_specification (index_definition (index_type_pk primary key (index_column_list ( (index_columns (index_column (name (id a)))) ))))) )) (table_creation_option (creation_engine engine = (string_literal 'MYISAM'))) (table_creation_option (partition_by partition by (partition_by_what key (skip_parens /__MAXWELL__/)) (partition_count partitions 10))))) <EOF>)
[1] 23:44:16,403 DEBUG SchemaChange - SQL_PARSE <- "create table t2 (a int not null) partition by range(a) ( partition p0 values less than (10), partition p1 values less than (20), partition p2 values less than (30), partition p3 values less than (40), partition p4 values less than (50), partition p5 values less than (60), partition p6 values less than (70) )"
[1] 23:44:16,403 DEBUG SchemaChange - rewrote SQL to create table t2 (a int not null) partition by range/__MAXWELL__/ ( partition p0 values less than (10), partition p1 values less than (20), partition p2 values less than (30), partition p3 values less than (40), partition p4 values less than (50), partition p5 values less than (60), partition p6 values less than (70) )
[1] 23:44:16,403 DEBUG SchemaChange - SQL_PARSE <- "create table t2 (a int not null) partition by range/__MAXWELL__/ ( partition p0 values less than (10), partition p1 values less than (20), partition p2 values less than (30), partition p3 values less than (40), partition p4 values less than (50), partition p5 values less than (60), partition p6 values less than (70) )"
[1] 23:44:16,403 DEBUG SchemaChange - rewrote SQL to create table t2 (a int not null) partition by range/__MAXWELL__/ ( /__MAXWELL__/
[1] 23:44:16,403 DEBUG SchemaChange - SQL_PARSE <- "create table t2 (a int not null) partition by range/__MAXWELL__/ ( /__MAXWELL__/"
[1] 23:44:16,403 DEBUG SchemaChange - SQL_PARSE ->   (parse (statement (create_table (create_table_preamble create table (table_name (name (id t2)))) (create_specifications ( (create_specification (column_definition (name (id a)) (data_type (signed_type int (column_options (nullability not null)))))) )) (table_creation_option (partition_by partition by (partition_by_what range (skip_parens /__MAXWELL__/)) (partition_definitions ( (skip_parens_inside_partition_definitions /__MAXWELL__/)))))) <EOF>)
[1] 23:44:16,403 DEBUG SchemaChange - SQL_PARSE <- "create table t2 (a int not null,b int not null,c int not null, primary key(a,b)) partition by range (a) partitions 3 (partition x1 values less than (5) tablespace ts1, partition x2 values less than (10) tablespace ts2, partition x3 values less than maxvalue tablespace ts3)"
[1] 23:44:16,404 DEBUG SchemaChange - rewrote SQL to create table t2 (a int not null,b int not null,c int not null, primary key(a,b)) partition by range /__MAXWELL__/ partitions 3 (partition x1 values less than (5) tablespace ts1, partition x2 values less than (10) tablespace ts2, partition x3 values less than maxvalue tablespace ts3)
[1] 23:44:16,404 DEBUG SchemaChange - SQL_PARSE <- "create table t2 (a int not null,b int not null,c int not null, primary key(a,b)) partition by range /__MAXWELL__/ partitions 3 (partition x1 values less than (5) tablespace ts1, partition x2 values less than (10) tablespace ts2, partition x3 values less than maxvalue tablespace ts3)"
[1] 23:44:16,404 DEBUG SchemaChange - rewrote SQL to create table t2 (a int not null,b int not null,c int not null, primary key(a,b)) partition by range /__MAXWELL__/ partitions 3 (/__MAXWELL__/
[1] 23:44:16,404 DEBUG SchemaChange - SQL_PARSE <- "create table t2 (a int not null,b int not null,c int not null, primary key(a,b)) partition by range /__MAXWELL__/ partitions 3 (/__MAXWELL__/"
[1] 23:44:16,404 DEBUG SchemaChange - SQL_PARSE ->   (parse (statement (create_table (create_table_preamble create table (table_name (name (id t2)))) (create_specifications ( (create_specification (column_definition (name (id a)) (data_type (signed_type int (column_options (nullability not null)))))) , (create_specification (column_definition (name (id b)) (data_type (signed_type int (column_options (nullability not null)))))) , (create_specification (column_definition (name (id c)) (data_type (signed_type int (column_options (nullability not null)))))) , (create_specification (index_definition (index_type_pk primary key (index_column_list ( (index_columns (index_column (name (id a))) , (index_column (name (id b)))) ))))) )) (table_creation_option (partition_by partition by (partition_by_what range (skip_parens /__MAXWELL__/)) (partition_count partitions 3) (partition_definitions ( (skip_parens_inside_partition_definitions /__MAXWELL__/)))))) <EOF>)
[1] 23:44:16,404 DEBUG SchemaChange - SQL_PARSE <- "create table t2 (a int not null,b int not null,c int not null,primary key (a,b)) partition by range (a) subpartition by key (a) ( partition x1 values less than (1) ( subpartition x11 tablespace t1, subpartition x12 tablespace t2), partition x2 values less than (5) ( subpartition x21 tablespace t1, subpartition x22 tablespace t2) )"
[1] 23:44:16,405 DEBUG SchemaChange - rewrote SQL to create table t2 (a int not null,b int not null,c int not null,primary key (a,b)) partition by range /__MAXWELL__/ subpartition by key (a) ( partition x1 values less than (1) ( subpartition x11 tablespace t1, subpartition x12 tablespace t2), partition x2 values less than (5) ( subpartition x21 tablespace t1, subpartition x22 tablespace t2) )
[1] 23:44:16,405 DEBUG SchemaChange - SQL_PARSE <- "create table t2 (a int not null,b int not null,c int not null,primary key (a,b)) partition by range /__MAXWELL__/ subpartition by key (a) ( partition x1 values less than (1) ( subpartition x11 tablespace t1, subpartition x12 tablespace t2), partition x2 values less than (5) ( subpartition x21 tablespace t1, subpartition x22 tablespace t2) )"
[1] 23:44:16,405 DEBUG SchemaChange - rewrote SQL to create table t2 (a int not null,b int not null,c int not null,primary key (a,b)) partition by range /__MAXWELL__/ subpartition by key /__MAXWELL__/ ( partition x1 values less than (1) ( subpartition x11 tablespace t1, subpartition x12 tablespace t2), partition x2 values less than (5) ( subpartition x21 tablespace t1, subpartition x22 tablespace t2) )
[1] 23:44:16,405 DEBUG SchemaChange - SQL_PARSE <- "create table t2 (a int not null,b int not null,c int not null,primary key (a,b)) partition by range /__MAXWELL__/ subpartition by key /__MAXWELL__/ ( partition x1 values less than (1) ( subpartition x11 tablespace t1, subpartition x12 tablespace t2), partition x2 values less than (5) ( subpartition x21 tablespace t1, subpartition x22 tablespace t2) )"
[1] 23:44:16,405 DEBUG SchemaChange - rewrote SQL to create table t2 (a int not null,b int not null,c int not null,primary key (a,b)) partition by range /__MAXWELL__/ subpartition by key /__MAXWELL__/ ( /__MAXWELL__/
[1] 23:44:16,405 DEBUG SchemaChange - SQL_PARSE <- "create table t2 (a int not null,b int not null,c int not null,primary key (a,b)) partition by range /__MAXWELL__/ subpartition by key /__MAXWELL__/ ( /__MAXWELL__/"
[1] 23:44:16,406 DEBUG SchemaChange - SQL_PARSE ->   (parse (statement (create_table (create_table_preamble create table (table_name (name (id t2)))) (create_specifications ( (create_specification (column_definition (name (id a)) (data_type (signed_type int (column_options (nullability not null)))))) , (create_specification (column_definition (name (id b)) (data_type (signed_type int (column_options (nullability not null)))))) , (create_specification (column_definition (name (id c)) (data_type (signed_type int (column_options (nullability not null)))))) , (create_specification (index_definition (index_type_pk primary key (index_column_list ( (index_columns (index_column (name (id a))) , (index_column (name (id b)))) ))))) )) (table_creation_option (partition_by partition by (partition_by_what range (skip_parens /__MAXWELL__/)) (subpartition_by subpartition by (partition_by_what key (skip_parens /__MAXWELL__/))) (partition_definitions ( (skip_parens_inside_partition_definitions /__MAXWELL__/)))))) <EOF>)
[1] 23:44:16,406 DEBUG SchemaChange - SQL_PARSE <- "create table t2 (a int) partition by range(a+0) ( partition p0 values less than (64), partition p1 values less than (128), partition p2 values less than (255) )"
[1] 23:44:16,406 DEBUG SchemaChange - rewrote SQL to create table t2 (a int) partition by range/__MAXWELL__/ ( partition p0 values less than (64), partition p1 values less than (128), partition p2 values less than (255) )
[1] 23:44:16,406 DEBUG SchemaChange - SQL_PARSE <- "create table t2 (a int) partition by range/__MAXWELL__/ ( partition p0 values less than (64), partition p1 values less than (128), partition p2 values less than (255) )"
[1] 23:44:16,406 DEBUG SchemaChange - rewrote SQL to create table t2 (a int) partition by range/__MAXWELL__/ ( /__MAXWELL__/
[1] 23:44:16,406 DEBUG SchemaChange - SQL_PARSE <- "create table t2 (a int) partition by range/__MAXWELL__/ ( /__MAXWELL__/"
[1] 23:44:16,406 DEBUG SchemaChange - SQL_PARSE ->   (parse (statement (create_table (create_table_preamble create table (table_name (name (id t2)))) (create_specifications ( (create_specification (column_definition (name (id a)) (data_type (signed_type int)))) )) (table_creation_option (partition_by partition by (partition_by_what range (skip_parens /__MAXWELL__/)) (partition_definitions ( (skip_parens_inside_partition_definitions /__MAXWELL__/)))))) <EOF>)
[1] 23:44:16,406 DEBUG SchemaChange - SQL_PARSE <- "create table t2 (a int, b int) partition by LIST(a) subpartition by HASH(b) subpartitions 40 ( partition p_0_long_partition_name values in(1), partition p_1_long_partition_name values in(2))"
[1] 23:44:16,406 DEBUG SchemaChange - rewrote SQL to create table t2 (a int, b int) partition by LIST/__MAXWELL__/ subpartition by HASH(b) subpartitions 40 ( partition p_0_long_partition_name values in(1), partition p_1_long_partition_name values in(2))
[1] 23:44:16,406 DEBUG SchemaChange - SQL_PARSE <- "create table t2 (a int, b int) partition by LIST/__MAXWELL__/ subpartition by HASH(b) subpartitions 40 ( partition p_0_long_partition_name values in(1), partition p_1_long_partition_name values in(2))"
[1] 23:44:16,407 DEBUG SchemaChange - rewrote SQL to create table t2 (a int, b int) partition by LIST/__MAXWELL__/ subpartition by HASH/__MAXWELL__/ subpartitions 40 ( partition p_0_long_partition_name values in(1), partition p_1_long_partition_name values in(2))
[1] 23:44:16,407 DEBUG SchemaChange - SQL_PARSE <- "create table t2 (a int, b int) partition by LIST/__MAXWELL__/ subpartition by HASH/__MAXWELL__/ subpartitions 40 ( partition p_0_long_partition_name values in(1), partition p_1_long_partition_name values in(2))"
[1] 23:44:16,407 DEBUG SchemaChange - rewrote SQL to create table t2 (a int, b int) partition by LIST/__MAXWELL__/ subpartition by HASH/__MAXWELL__/ subpartitions 40 ( /__MAXWELL__/
[1] 23:44:16,407 DEBUG SchemaChange - SQL_PARSE <- "create table t2 (a int, b int) partition by LIST/__MAXWELL__/ subpartition by HASH/__MAXWELL__/ subpartitions 40 ( /__MAXWELL__/"
[1] 23:44:16,407 DEBUG SchemaChange - SQL_PARSE ->   (parse (statement (create_table (create_table_preamble create table (table_name (name (id t2)))) (create_specifications ( (create_specification (column_definition (name (id a)) (data_type (signed_type int)))) , (create_specification (column_definition (name (id b)) (data_type (signed_type int)))) )) (table_creation_option (partition_by partition by (partition_by_what LIST (skip_parens /__MAXWELL__/)) (subpartition_by subpartition by (partition_by_what HASH (skip_parens /__MAXWELL__/)) subpartitions 40) (partition_definitions ( (skip_parens_inside_partition_definitions /__MAXWELL__/)))))) <EOF>)
[1] 23:44:16,407 DEBUG SchemaChange - SQL_PARSE <- "create table t2 (a set ( '1','2','3','4','5','6','7','8','9','0', 'A','B','C','D','E','F','G','H','I','J','K','L', 'M','N','O','P','Q','R','S','T','U','V','W','X', 'Y','Z' ) not null, primary key(a)) engine='MyISAM'  partition by key (a) partitions 27"
[1] 23:44:16,407 DEBUG SchemaChange - rewrote SQL to create table t2 (a set ( '1','2','3','4','5','6','7','8','9','0', 'A','B','C','D','E','F','G','H','I','J','K','L', 'M','N','O','P','Q','R','S','T','U','V','W','X', 'Y','Z' ) not null, primary key(a)) engine='MyISAM'  partition by key /__MAXWELL__/ partitions 27
[1] 23:44:16,408 DEBUG SchemaChange - SQL_PARSE <- "create table t2 (a set ( '1','2','3','4','5','6','7','8','9','0', 'A','B','C','D','E','F','G','H','I','J','K','L', 'M','N','O','P','Q','R','S','T','U','V','W','X', 'Y','Z' ) not null, primary key(a)) engine='MyISAM'  partition by key /__MAXWELL__/ partitions 27"
[1] 23:44:16,408 DEBUG SchemaChange - SQL_PARSE ->   (parse (statement (create_table (create_table_preamble create table (table_name (name (id t2)))) (create_specifications ( (create_specification (column_definition (name (id a)) (data_type (enumerated_type set ( (enumerated_values (enum_value (string_literal '1')) , (enum_value (string_literal '2')) , (enum_value (string_literal '3')) , (enum_value (string_literal '4')) , (enum_value (string_literal '5')) , (enum_value (string_literal '6')) , (enum_value (string_literal '7')) , (enum_value (string_literal '8')) , (enum_value (string_literal '9')) , (enum_value (string_literal '0')) , (enum_value (string_literal 'A')) , (enum_value (string_literal 'B')) , (enum_value (string_literal 'C')) , (enum_value (string_literal 'D')) , (enum_value (string_literal 'E')) , (enum_value (string_literal 'F')) , (enum_value (string_literal 'G')) , (enum_value (string_literal 'H')) , (enum_value (string_literal 'I')) , (enum_value (string_literal 'J')) , (enum_value (string_literal 'K')) , (enum_value (string_literal 'L')) , (enum_value (string_literal 'M')) , (enum_value (string_literal 'N')) , (enum_value (string_literal 'O')) , (enum_value (string_literal 'P')) , (enum_value (string_literal 'Q')) , (enum_value (string_literal 'R')) , (enum_value (string_literal 'S')) , (enum_value (string_literal 'T')) , (enum_value (string_literal 'U')) , (enum_value (string_literal 'V')) , (enum_value (string_literal 'W')) , (enum_value (string_literal 'X')) , (enum_value (string_literal 'Y')) , (enum_value (string_literal 'Z'))) ) (column_options (nullability not null)))))) , (create_specification (index_definition (index_type_pk primary key (index_column_list ( (index_columns (index_column (name (id a)))) ))))) )) (table_creation_option (creation_engine engine = (string_literal 'MyISAM'))) (table_creation_option (partition_by partition by (partition_by_what key (skip_parens /__MAXWELL__/)) (partition_count partitions 27))))) <EOF>)
[1] 23:44:16,408 DEBUG SchemaChange - SQL_PARSE <- "create table t2 (a time not null, primary key(a)) engine='MyISAM'  partition by key (a) partitions 12"
[1] 23:44:16,408 DEBUG SchemaChange - rewrote SQL to create table t2 (a time not null, primary key(a)) engine='MyISAM'  partition by key /__MAXWELL__/ partitions 12
[1] 23:44:16,408 DEBUG SchemaChange - SQL_PARSE <- "create table t2 (a time not null, primary key(a)) engine='MyISAM'  partition by key /__MAXWELL__/ partitions 12"
[1] 23:44:16,408 DEBUG SchemaChange - SQL_PARSE ->   (parse (statement (create_table (create_table_preamble create table (table_name (name (id t2)))) (create_specifications ( (create_specification (column_definition (name (id a)) (data_type (generic_type time (column_options (nullability not null)))))) , (create_specification (index_definition (index_type_pk primary key (index_column_list ( (index_columns (index_column (name (id a)))) ))))) )) (table_creation_option (creation_engine engine = (string_literal 'MyISAM'))) (table_creation_option (partition_by partition by (partition_by_what key (skip_parens /__MAXWELL__/)) (partition_count partitions 12))))) <EOF>)
[1] 23:44:16,408 DEBUG SchemaChange - SQL_PARSE <- "create table t2 (a timestamp not null, primary key(a)) engine='MyISAM'  partition by key (a) partitions 12"
[1] 23:44:16,409 DEBUG SchemaChange - rewrote SQL to create table t2 (a timestamp not null, primary key(a)) engine='MyISAM'  partition by key /__MAXWELL__/ partitions 12
[1] 23:44:16,409 DEBUG SchemaChange - SQL_PARSE <- "create table t2 (a timestamp not null, primary key(a)) engine='MyISAM'  partition by key /__MAXWELL__/ partitions 12"
[1] 23:44:16,409 DEBUG SchemaChange - SQL_PARSE ->   (parse (statement (create_table (create_table_preamble create table (table_name (name (id t2)))) (create_specifications ( (create_specification (column_definition (name (id a)) (data_type (generic_type timestamp (column_options (nullability not null)))))) , (create_specification (index_definition (index_type_pk primary key (index_column_list ( (index_columns (index_column (name (id a)))) ))))) )) (table_creation_option (creation_engine engine = (string_literal 'MyISAM'))) (table_creation_option (partition_by partition by (partition_by_what key (skip_parens /__MAXWELL__/)) (partition_count partitions 12))))) <EOF>)
[1] 23:44:16,409 DEBUG SchemaChange - SQL_PARSE <- "create table t2 (a varbinary(767) not null, primary key(a)) engine='MyISAM'  partition by key (a) partitions 30"
[1] 23:44:16,409 DEBUG SchemaChange - rewrote SQL to create table t2 (a varbinary(767) not null, primary key(a)) engine='MyISAM'  partition by key /__MAXWELL__/ partitions 30
[1] 23:44:16,409 DEBUG SchemaChange - SQL_PARSE <- "create table t2 (a varbinary(767) not null, primary key(a)) engine='MyISAM'  partition by key /__MAXWELL__/ partitions 30"
[1] 23:44:16,409 DEBUG SchemaChange - SQL_PARSE ->   (parse (statement (create_table (create_table_preamble create table (table_name (name (id t2)))) (create_specifications ( (create_specification (column_definition (name (id a)) (data_type (generic_type varbinary (length ( 767 )) (column_options (nullability not null)))))) , (create_specification (index_definition (index_type_pk primary key (index_column_list ( (index_columns (index_column (name (id a)))) ))))) )) (table_creation_option (creation_engine engine = (string_literal 'MyISAM'))) (table_creation_option (partition_by partition by (partition_by_what key (skip_parens /__MAXWELL__/)) (partition_count partitions 30))))) <EOF>)
[1] 23:44:16,409 DEBUG SchemaChange - SQL_PARSE <- "create table t2 (a varchar(767) not null, primary key(a)) engine='MyISAM'  partition by key (a) partitions 27"
[1] 23:44:16,409 DEBUG SchemaChange - rewrote SQL to create table t2 (a varchar(767) not null, primary key(a)) engine='MyISAM'  partition by key /__MAXWELL__/ partitions 27
[1] 23:44:16,409 DEBUG SchemaChange - SQL_PARSE <- "create table t2 (a varchar(767) not null, primary key(a)) engine='MyISAM'  partition by key /__MAXWELL__/ partitions 27"
[1] 23:44:16,410 DEBUG SchemaChange - SQL_PARSE ->   (parse (statement (create_table (create_table_preamble create table (table_name (name (id t2)))) (create_specifications ( (create_specification (column_definition (name (id a)) (data_type (string_type varchar (length ( 767 )) (column_options (nullability not null)))))) , (create_specification (index_definition (index_type_pk primary key (index_column_list ( (index_columns (index_column (name (id a)))) ))))) )) (table_creation_option (creation_engine engine = (string_literal 'MyISAM'))) (table_creation_option (partition_by partition by (partition_by_what key (skip_parens /__MAXWELL__/)) (partition_count partitions 27))))) <EOF>)
[1] 23:44:16,410 DEBUG SchemaChange - SQL_PARSE <- "create table t2 (a year not null, primary key(a)) engine='MyISAM'  partition by key (a) partitions 12"
[1] 23:44:16,410 DEBUG SchemaChange - rewrote SQL to create table t2 (a year not null, primary key(a)) engine='MyISAM'  partition by key /__MAXWELL__/ partitions 12
[1] 23:44:16,410 DEBUG SchemaChange - SQL_PARSE <- "create table t2 (a year not null, primary key(a)) engine='MyISAM'  partition by key /__MAXWELL__/ partitions 12"
[1] 23:44:16,410 DEBUG SchemaChange - SQL_PARSE ->   (parse (statement (create_table (create_table_preamble create table (table_name (name (id t2)))) (create_specifications ( (create_specification (column_definition (name (id a)) (data_type (generic_type year (column_options (nullability not null)))))) , (create_specification (index_definition (index_type_pk primary key (index_column_list ( (index_columns (index_column (name (id a)))) ))))) )) (table_creation_option (creation_engine engine = (string_literal 'MyISAM'))) (table_creation_option (partition_by partition by (partition_by_what key (skip_parens /__MAXWELL__/)) (partition_count partitions 12))))) <EOF>)
[1] 23:44:16,410 DEBUG SchemaChange - SQL_PARSE <- "create table t2 (col1 date) engine='MYISAM'  partition by list(day(col1))  (partition p0 values in (0,1,2,3,4,5,6,7,8,9,10), partition p1 values in (11,12,13,14,15,16,17,18,19,20), partition p2 values in (21,22,23,24,25,26,27,28,29,30), partition p3 values in (31,32,33,34,35,36,37,38,39,40), partition p4 values in (41,42,43,44,45,46,47,48,49,50), partition p5 values in (51,52,53,54,55,56,57,58,59,60) )"
[1] 23:44:16,410 DEBUG SchemaChange - rewrote SQL to create table t2 (col1 date) engine='MYISAM'  partition by list/__MAXWELL__/  (partition p0 values in (0,1,2,3,4,5,6,7,8,9,10), partition p1 values in (11,12,13,14,15,16,17,18,19,20), partition p2 values in (21,22,23,24,25,26,27,28,29,30), partition p3 values in (31,32,33,34,35,36,37,38,39,40), partition p4 values in (41,42,43,44,45,46,47,48,49,50), partition p5 values in (51,52,53,54,55,56,57,58,59,60) )
[1] 23:44:16,410 DEBUG SchemaChange - SQL_PARSE <- "create table t2 (col1 date) engine='MYISAM'  partition by list/__MAXWELL__/  (partition p0 values in (0,1,2,3,4,5,6,7,8,9,10), partition p1 values in (11,12,13,14,15,16,17,18,19,20), partition p2 values in (21,22,23,24,25,26,27,28,29,30), partition p3 values in (31,32,33,34,35,36,37,38,39,40), partition p4 values in (41,42,43,44,45,46,47,48,49,50), partition p5 values in (51,52,53,54,55,56,57,58,59,60) )"
[1] 23:44:16,411 DEBUG SchemaChange - rewrote SQL to create table t2 (col1 date) engine='MYISAM'  partition by list/__MAXWELL__/  (/__MAXWELL__/
[1] 23:44:16,411 DEBUG SchemaChange - SQL_PARSE <- "create table t2 (col1 date) engine='MYISAM'  partition by list/__MAXWELL__/  (/__MAXWELL__/"
[1] 23:44:16,411 DEBUG SchemaChange - SQL_PARSE ->   (parse (statement (create_table (create_table_preamble create table (table_name (name (id t2)))) (create_specifications ( (create_specification (column_definition (name (id col1)) (data_type (generic_type date)))) )) (table_creation_option (creation_engine engine = (string_literal 'MYISAM'))) (table_creation_option (partition_by partition by (partition_by_what list (skip_parens /__MAXWELL__/)) (partition_definitions ( (skip_parens_inside_partition_definitions /__MAXWELL__/)))))) <EOF>)
[1] 23:44:16,411 DEBUG SchemaChange - SQL_PARSE <- "create table t2 (col1 date) engine='MYISAM'  partition by list(dayofmonth(col1))  (partition p0 values in (0,1,2,3,4,5,6,7,8,9,10), partition p1 values in (11,12,13,14,15,16,17,18,19,20), partition p2 values in (21,22,23,24,25,26,27,28,29,30), partition p3 values in (31,32,33,34,35,36,37,38,39,40), partition p4 values in (41,42,43,44,45,46,47,48,49,50), partition p5 values in (51,52,53,54,55,56,57,58,59,60) )"
[1] 23:44:16,411 DEBUG SchemaChange - rewrote SQL to create table t2 (col1 date) engine='MYISAM'  partition by list/__MAXWELL__/  (partition p0 values in (0,1,2,3,4,5,6,7,8,9,10), partition p1 values in (11,12,13,14,15,16,17,18,19,20), partition p2 values in (21,22,23,24,25,26,27,28,29,30), partition p3 values in (31,32,33,34,35,36,37,38,39,40), partition p4 values in (41,42,43,44,45,46,47,48,49,50), partition p5 values in (51,52,53,54,55,56,57,58,59,60) )
[1] 23:44:16,411 DEBUG SchemaChange - SQL_PARSE <- "create table t2 (col1 date) engine='MYISAM'  partition by list/__MAXWELL__/  (partition p0 values in (0,1,2,3,4,5,6,7,8,9,10), partition p1 values in (11,12,13,14,15,16,17,18,19,20), partition p2 values in (21,22,23,24,25,26,27,28,29,30), partition p3 values in (31,32,33,34,35,36,37,38,39,40), partition p4 values in (41,42,43,44,45,46,47,48,49,50), partition p5 values in (51,52,53,54,55,56,57,58,59,60) )"
[1] 23:44:16,411 DEBUG SchemaChange - rewrote SQL to create table t2 (col1 date) engine='MYISAM'  partition by list/__MAXWELL__/  (/__MAXWELL__/
[1] 23:44:16,411 DEBUG SchemaChange - SQL_PARSE <- "create table t2 (col1 date) engine='MYISAM'  partition by list/__MAXWELL__/  (/__MAXWELL__/"
[1] 23:44:16,412 DEBUG SchemaChange - SQL_PARSE ->   (parse (statement (create_table (create_table_preamble create table (table_name (name (id t2)))) (create_specifications ( (create_specification (column_definition (name (id col1)) (data_type (generic_type date)))) )) (table_creation_option (creation_engine engine = (string_literal 'MYISAM'))) (table_creation_option (partition_by partition by (partition_by_what list (skip_parens /__MAXWELL__/)) (partition_definitions ( (skip_parens_inside_partition_definitions /__MAXWELL__/)))))) <EOF>)
[1] 23:44:16,412 DEBUG SchemaChange - SQL_PARSE <- "create table t2 (col1 date) engine='MYISAM'  partition by list(dayofweek(col1))  (partition p0 values in (0,1,2,3,4,5,6,7,8,9,10), partition p1 values in (11,12,13,14,15,16,17,18,19,20), partition p2 values in (21,22,23,24,25,26,27,28,29,30), partition p3 values in (31,32,33,34,35,36,37,38,39,40), partition p4 values in (41,42,43,44,45,46,47,48,49,50), partition p5 values in (51,52,53,54,55,56,57,58,59,60) )"
[1] 23:44:16,412 DEBUG SchemaChange - rewrote SQL to create table t2 (col1 date) engine='MYISAM'  partition by list/__MAXWELL__/  (partition p0 values in (0,1,2,3,4,5,6,7,8,9,10), partition p1 values in (11,12,13,14,15,16,17,18,19,20), partition p2 values in (21,22,23,24,25,26,27,28,29,30), partition p3 values in (31,32,33,34,35,36,37,38,39,40), partition p4 values in (41,42,43,44,45,46,47,48,49,50), partition p5 values in (51,52,53,54,55,56,57,58,59,60) )
[1] 23:44:16,412 DEBUG SchemaChange - SQL_PARSE <- "create table t2 (col1 date) engine='MYISAM'  partition by list/__MAXWELL__/  (partition p0 values in (0,1,2,3,4,5,6,7,8,9,10), partition p1 values in (11,12,13,14,15,16,17,18,19,20), partition p2 values in (21,22,23,24,25,26,27,28,29,30), partition p3 values in (31,32,33,34,35,36,37,38,39,40), partition p4 values in (41,42,43,44,45,46,47,48,49,50), partition p5 values in (51,52,53,54,55,56,57,58,59,60) )"
[1] 23:44:16,412 DEBUG SchemaChange - rewrote SQL to create table t2 (col1 date) engine='MYISAM'  partition by list/__MAXWELL__/  (/__MAXWELL__/
[1] 23:44:16,412 DEBUG SchemaChange - SQL_PARSE <- "create table t2 (col1 date) engine='MYISAM'  partition by list/__MAXWELL__/  (/__MAXWELL__/"
[1] 23:44:16,412 DEBUG SchemaChange - SQL_PARSE ->   (parse (statement (create_table (create_table_preamble create table (table_name (name (id t2)))) (create_specifications ( (create_specification (column_definition (name (id col1)) (data_type (generic_type date)))) )) (table_creation_option (creation_engine engine = (string_literal 'MYISAM'))) (table_creation_option (partition_by partition by (partition_by_what list (skip_parens /__MAXWELL__/)) (partition_definitions ( (skip_parens_inside_partition_definitions /__MAXWELL__/)))))) <EOF>)
[1] 23:44:16,412 DEBUG SchemaChange - SQL_PARSE <- "create table t2 (col1 date) engine='MYISAM'  partition by list(dayofyear(col1))  (partition p0 values in (0,1,2,3,4,5,6,7,8,9,10), partition p1 values in (11,12,13,14,15,16,17,18,19,20), partition p2 values in (21,22,23,24,25,26,27,28,29,30), partition p3 values in (31,32,33,34,35,36,37,38,39,40), partition p4 values in (41,42,43,44,45,46,47,48,49,50), partition p5 values in (51,52,53,54,55,56,57,58,59,60) )"
[1] 23:44:16,413 DEBUG SchemaChange - rewrote SQL to create table t2 (col1 date) engine='MYISAM'  partition by list/__MAXWELL__/  (partition p0 values in (0,1,2,3,4,5,6,7,8,9,10), partition p1 values in (11,12,13,14,15,16,17,18,19,20), partition p2 values in (21,22,23,24,25,26,27,28,29,30), partition p3 values in (31,32,33,34,35,36,37,38,39,40), partition p4 values in (41,42,43,44,45,46,47,48,49,50), partition p5 values in (51,52,53,54,55,56,57,58,59,60) )
[1] 23:44:16,413 DEBUG SchemaChange - SQL_PARSE <- "create table t2 (col1 date) engine='MYISAM'  partition by list/__MAXWELL__/  (partition p0 values in (0,1,2,3,4,5,6,7,8,9,10), partition p1 values in (11,12,13,14,15,16,17,18,19,20), partition p2 values in (21,22,23,24,25,26,27,28,29,30), partition p3 values in (31,32,33,34,35,36,37,38,39,40), partition p4 values in (41,42,43,44,45,46,47,48,49,50), partition p5 values in (51,52,53,54,55,56,57,58,59,60) )"
[1] 23:44:16,413 DEBUG SchemaChange - rewrote SQL to create table t2 (col1 date) engine='MYISAM'  partition by list/__MAXWELL__/  (/__MAXWELL__/
[1] 23:44:16,413 DEBUG SchemaChange - SQL_PARSE <- "create table t2 (col1 date) engine='MYISAM'  partition by list/__MAXWELL__/  (/__MAXWELL__/"
[1] 23:44:16,413 DEBUG SchemaChange - SQL_PARSE ->   (parse (statement (create_table (create_table_preamble create table (table_name (name (id t2)))) (create_specifications ( (create_specification (column_definition (name (id col1)) (data_type (generic_type date)))) )) (table_creation_option (creation_engine engine = (string_literal 'MYISAM'))) (table_creation_option (partition_by partition by (partition_by_what list (skip_parens /__MAXWELL__/)) (partition_definitions ( (skip_parens_inside_partition_definitions /__MAXWELL__/)))))) <EOF>)
[1] 23:44:16,413 DEBUG SchemaChange - SQL_PARSE <- "create table t2 (col1 date) engine='MYISAM'  partition by list(extract(month from col1))  (partition p0 values in (0,1,2,3,4,5,6,7,8,9,10), partition p1 values in (11,12,13,14,15,16,17,18,19,20), partition p2 values in (21,22,23,24,25,26,27,28,29,30), partition p3 values in (31,32,33,34,35,36,37,38,39,40), partition p4 values in (41,42,43,44,45,46,47,48,49,50), partition p5 values in (51,52,53,54,55,56,57,58,59,60) )"
[1] 23:44:16,413 DEBUG SchemaChange - rewrote SQL to create table t2 (col1 date) engine='MYISAM'  partition by list/__MAXWELL__/  (partition p0 values in (0,1,2,3,4,5,6,7,8,9,10), partition p1 values in (11,12,13,14,15,16,17,18,19,20), partition p2 values in (21,22,23,24,25,26,27,28,29,30), partition p3 values in (31,32,33,34,35,36,37,38,39,40), partition p4 values in (41,42,43,44,45,46,47,48,49,50), partition p5 values in (51,52,53,54,55,56,57,58,59,60) )
[1] 23:44:16,413 DEBUG SchemaChange - SQL_PARSE <- "create table t2 (col1 date) engine='MYISAM'  partition by list/__MAXWELL__/  (partition p0 values in (0,1,2,3,4,5,6,7,8,9,10), partition p1 values in (11,12,13,14,15,16,17,18,19,20), partition p2 values in (21,22,23,24,25,26,27,28,29,30), partition p3 values in (31,32,33,34,35,36,37,38,39,40), partition p4 values in (41,42,43,44,45,46,47,48,49,50), partition p5 values in (51,52,53,54,55,56,57,58,59,60) )"
[1] 23:44:16,414 DEBUG SchemaChange - rewrote SQL to create table t2 (col1 date) engine='MYISAM'  partition by list/__MAXWELL__/  (/__MAXWELL__/
[1] 23:44:16,414 DEBUG SchemaChange - SQL_PARSE <- "create table t2 (col1 date) engine='MYISAM'  partition by list/__MAXWELL__/  (/__MAXWELL__/"
[1] 23:44:16,414 DEBUG SchemaChange - SQL_PARSE ->   (parse (statement (create_table (create_table_preamble create table (table_name (name (id t2)))) (create_specifications ( (create_specification (column_definition (name (id col1)) (data_type (generic_type date)))) )) (table_creation_option (creation_engine engine = (string_literal 'MYISAM'))) (table_creation_option (partition_by partition by (partition_by_what list (skip_parens /__MAXWELL__/)) (partition_definitions ( (skip_parens_inside_partition_definitions /__MAXWELL__/)))))) <EOF>)
[1] 23:44:16,414 DEBUG SchemaChange - SQL_PARSE <- "create table t2 (col1 date) engine='MYISAM'  partition by list(month(col1))  (partition p0 values in (0,1,2,3,4,5,6,7,8,9,10), partition p1 values in (11,12,13,14,15,16,17,18,19,20), partition p2 values in (21,22,23,24,25,26,27,28,29,30), partition p3 values in (31,32,33,34,35,36,37,38,39,40), partition p4 values in (41,42,43,44,45,46,47,48,49,50), partition p5 values in (51,52,53,54,55,56,57,58,59,60) )"
[1] 23:44:16,414 DEBUG SchemaChange - rewrote SQL to create table t2 (col1 date) engine='MYISAM'  partition by list/__MAXWELL__/  (partition p0 values in (0,1,2,3,4,5,6,7,8,9,10), partition p1 values in (11,12,13,14,15,16,17,18,19,20), partition p2 values in (21,22,23,24,25,26,27,28,29,30), partition p3 values in (31,32,33,34,35,36,37,38,39,40), partition p4 values in (41,42,43,44,45,46,47,48,49,50), partition p5 values in (51,52,53,54,55,56,57,58,59,60) )
[1] 23:44:16,414 DEBUG SchemaChange - SQL_PARSE <- "create table t2 (col1 date) engine='MYISAM'  partition by list/__MAXWELL__/  (partition p0 values in (0,1,2,3,4,5,6,7,8,9,10), partition p1 values in (11,12,13,14,15,16,17,18,19,20), partition p2 values in (21,22,23,24,25,26,27,28,29,30), partition p3 values in (31,32,33,34,35,36,37,38,39,40), partition p4 values in (41,42,43,44,45,46,47,48,49,50), partition p5 values in (51,52,53,54,55,56,57,58,59,60) )"
[1] 23:44:16,415 DEBUG SchemaChange - rewrote SQL to create table t2 (col1 date) engine='MYISAM'  partition by list/__MAXWELL__/  (/__MAXWELL__/
[1] 23:44:16,415 DEBUG SchemaChange - SQL_PARSE <- "create table t2 (col1 date) engine='MYISAM'  partition by list/__MAXWELL__/  (/__MAXWELL__/"
[1] 23:44:16,415 DEBUG SchemaChange - SQL_PARSE ->   (parse (statement (create_table (create_table_preamble create table (table_name (name (id t2)))) (create_specifications ( (create_specification (column_definition (name (id col1)) (data_type (generic_type date)))) )) (table_creation_option (creation_engine engine = (string_literal 'MYISAM'))) (table_creation_option (partition_by partition by (partition_by_what list (skip_parens /__MAXWELL__/)) (partition_definitions ( (skip_parens_inside_partition_definitions /__MAXWELL__/)))))) <EOF>)
[1] 23:44:16,415 DEBUG SchemaChange - SQL_PARSE <- "create table t2 (col1 date) engine='MYISAM'  partition by list(quarter(col1))  (partition p0 values in (0,1,2,3,4,5,6,7,8,9,10), partition p1 values in (11,12,13,14,15,16,17,18,19,20), partition p2 values in (21,22,23,24,25,26,27,28,29,30), partition p3 values in (31,32,33,34,35,36,37,38,39,40), partition p4 values in (41,42,43,44,45,46,47,48,49,50), partition p5 values in (51,52,53,54,55,56,57,58,59,60) )"
[1] 23:44:16,415 DEBUG SchemaChange - rewrote SQL to create table t2 (col1 date) engine='MYISAM'  partition by list/__MAXWELL__/  (partition p0 values in (0,1,2,3,4,5,6,7,8,9,10), partition p1 values in (11,12,13,14,15,16,17,18,19,20), partition p2 values in (21,22,23,24,25,26,27,28,29,30), partition p3 values in (31,32,33,34,35,36,37,38,39,40), partition p4 values in (41,42,43,44,45,46,47,48,49,50), partition p5 values in (51,52,53,54,55,56,57,58,59,60) )
[1] 23:44:16,415 DEBUG SchemaChange - SQL_PARSE <- "create table t2 (col1 date) engine='MYISAM'  partition by list/__MAXWELL__/  (partition p0 values in (0,1,2,3,4,5,6,7,8,9,10), partition p1 values in (11,12,13,14,15,16,17,18,19,20), partition p2 values in (21,22,23,24,25,26,27,28,29,30), partition p3 values in (31,32,33,34,35,36,37,38,39,40), partition p4 values in (41,42,43,44,45,46,47,48,49,50), partition p5 values in (51,52,53,54,55,56,57,58,59,60) )"
[1] 23:44:16,416 DEBUG SchemaChange - rewrote SQL to create table t2 (col1 date) engine='MYISAM'  partition by list/__MAXWELL__/  (/__MAXWELL__/
[1] 23:44:16,416 DEBUG SchemaChange - SQL_PARSE <- "create table t2 (col1 date) engine='MYISAM'  partition by list/__MAXWELL__/  (/__MAXWELL__/"
[1] 23:44:16,416 DEBUG SchemaChange - SQL_PARSE ->   (parse (statement (create_table (create_table_preamble create table (table_name (name (id t2)))) (create_specifications ( (create_specification (column_definition (name (id col1)) (data_type (generic_type date)))) )) (table_creation_option (creation_engine engine = (string_literal 'MYISAM'))) (table_creation_option (partition_by partition by (partition_by_what list (skip_parens /__MAXWELL__/)) (partition_definitions ( (skip_parens_inside_partition_definitions /__MAXWELL__/)))))) <EOF>)
[1] 23:44:16,416 DEBUG SchemaChange - SQL_PARSE <- "create table t2 (col1 date) engine='MYISAM'  partition by list(weekday(col1))  (partition p0 values in (0,1,2,3,4,5,6,7,8,9,10), partition p1 values in (11,12,13,14,15,16,17,18,19,20), partition p2 values in (21,22,23,24,25,26,27,28,29,30), partition p3 values in (31,32,33,34,35,36,37,38,39,40), partition p4 values in (41,42,43,44,45,46,47,48,49,50), partition p5 values in (51,52,53,54,55,56,57,58,59,60) )"
[1] 23:44:16,417 DEBUG SchemaChange - rewrote SQL to create table t2 (col1 date) engine='MYISAM'  partition by list/__MAXWELL__/  (partition p0 values in (0,1,2,3,4,5,6,7,8,9,10), partition p1 values in (11,12,13,14,15,16,17,18,19,20), partition p2 values in (21,22,23,24,25,26,27,28,29,30), partition p3 values in (31,32,33,34,35,36,37,38,39,40), partition p4 values in (41,42,43,44,45,46,47,48,49,50), partition p5 values in (51,52,53,54,55,56,57,58,59,60) )
[1] 23:44:16,417 DEBUG SchemaChange - SQL_PARSE <- "create table t2 (col1 date) engine='MYISAM'  partition by list/__MAXWELL__/  (partition p0 values in (0,1,2,3,4,5,6,7,8,9,10), partition p1 values in (11,12,13,14,15,16,17,18,19,20), partition p2 values in (21,22,23,24,25,26,27,28,29,30), partition p3 values in (31,32,33,34,35,36,37,38,39,40), partition p4 values in (41,42,43,44,45,46,47,48,49,50), partition p5 values in (51,52,53,54,55,56,57,58,59,60) )"
[1] 23:44:16,417 DEBUG SchemaChange - rewrote SQL to create table t2 (col1 date) engine='MYISAM'  partition by list/__MAXWELL__/  (/__MAXWELL__/
[1] 23:44:16,417 DEBUG SchemaChange - SQL_PARSE <- "create table t2 (col1 date) engine='MYISAM'  partition by list/__MAXWELL__/  (/__MAXWELL__/"
[1] 23:44:16,417 DEBUG SchemaChange - SQL_PARSE ->   (parse (statement (create_table (create_table_preamble create table (table_name (name (id t2)))) (create_specifications ( (create_specification (column_definition (name (id col1)) (data_type (generic_type date)))) )) (table_creation_option (creation_engine engine = (string_literal 'MYISAM'))) (table_creation_option (partition_by partition by (partition_by_what list (skip_parens /__MAXWELL__/)) (partition_definitions ( (skip_parens_inside_partition_definitions /__MAXWELL__/)))))) <EOF>)
[1] 23:44:16,417 DEBUG SchemaChange - SQL_PARSE <- "create table t2 (col1 date) engine='MYISAM'  partition by list(year(col1)-1990)  (partition p0 values in (0,1,2,3,4,5,6,7,8,9,10), partition p1 values in (11,12,13,14,15,16,17,18,19,20), partition p2 values in (21,22,23,24,25,26,27,28,29,30), partition p3 values in (31,32,33,34,35,36,37,38,39,40), partition p4 values in (41,42,43,44,45,46,47,48,49,50), partition p5 values in (51,52,53,54,55,56,57,58,59,60) )"
[1] 23:44:16,418 DEBUG SchemaChange - rewrote SQL to create table t2 (col1 date) engine='MYISAM'  partition by list/__MAXWELL__/  (partition p0 values in (0,1,2,3,4,5,6,7,8,9,10), partition p1 values in (11,12,13,14,15,16,17,18,19,20), partition p2 values in (21,22,23,24,25,26,27,28,29,30), partition p3 values in (31,32,33,34,35,36,37,38,39,40), partition p4 values in (41,42,43,44,45,46,47,48,49,50), partition p5 values in (51,52,53,54,55,56,57,58,59,60) )
[1] 23:44:16,418 DEBUG SchemaChange - SQL_PARSE <- "create table t2 (col1 date) engine='MYISAM'  partition by list/__MAXWELL__/  (partition p0 values in (0,1,2,3,4,5,6,7,8,9,10), partition p1 values in (11,12,13,14,15,16,17,18,19,20), partition p2 values in (21,22,23,24,25,26,27,28,29,30), partition p3 values in (31,32,33,34,35,36,37,38,39,40), partition p4 values in (41,42,43,44,45,46,47,48,49,50), partition p5 values in (51,52,53,54,55,56,57,58,59,60) )"
[1] 23:44:16,418 DEBUG SchemaChange - rewrote SQL to create table t2 (col1 date) engine='MYISAM'  partition by list/__MAXWELL__/  (/__MAXWELL__/
[1] 23:44:16,418 DEBUG SchemaChange - SQL_PARSE <- "create table t2 (col1 date) engine='MYISAM'  partition by list/__MAXWELL__/  (/__MAXWELL__/"
[1] 23:44:16,418 DEBUG SchemaChange - SQL_PARSE ->   (parse (statement (create_table (create_table_preamble create table (table_name (name (id t2)))) (create_specifications ( (create_specification (column_definition (name (id col1)) (data_type (generic_type date)))) )) (table_creation_option (creation_engine engine = (string_literal 'MYISAM'))) (table_creation_option (partition_by partition by (partition_by_what list (skip_parens /__MAXWELL__/)) (partition_definitions ( (skip_parens_inside_partition_definitions /__MAXWELL__/)))))) <EOF>)
[1] 23:44:16,418 DEBUG SchemaChange - SQL_PARSE <- "create table t2 (col1 date) engine='MYISAM'  partition by list(yearweek(col1)-200600)  (partition p0 values in (0,1,2,3,4,5,6,7,8,9,10), partition p1 values in (11,12,13,14,15,16,17,18,19,20), partition p2 values in (21,22,23,24,25,26,27,28,29,30), partition p3 values in (31,32,33,34,35,36,37,38,39,40), partition p4 values in (41,42,43,44,45,46,47,48,49,50), partition p5 values in (51,52,53,54,55,56,57,58,59,60) )"
[1] 23:44:16,419 DEBUG SchemaChange - rewrote SQL to create table t2 (col1 date) engine='MYISAM'  partition by list/__MAXWELL__/  (partition p0 values in (0,1,2,3,4,5,6,7,8,9,10), partition p1 values in (11,12,13,14,15,16,17,18,19,20), partition p2 values in (21,22,23,24,25,26,27,28,29,30), partition p3 values in (31,32,33,34,35,36,37,38,39,40), partition p4 values in (41,42,43,44,45,46,47,48,49,50), partition p5 values in (51,52,53,54,55,56,57,58,59,60) )
[1] 23:44:16,419 DEBUG SchemaChange - SQL_PARSE <- "create table t2 (col1 date) engine='MYISAM'  partition by list/__MAXWELL__/  (partition p0 values in (0,1,2,3,4,5,6,7,8,9,10), partition p1 values in (11,12,13,14,15,16,17,18,19,20), partition p2 values in (21,22,23,24,25,26,27,28,29,30), partition p3 values in (31,32,33,34,35,36,37,38,39,40), partition p4 values in (41,42,43,44,45,46,47,48,49,50), partition p5 values in (51,52,53,54,55,56,57,58,59,60) )"
[1] 23:44:16,419 DEBUG SchemaChange - rewrote SQL to create table t2 (col1 date) engine='MYISAM'  partition by list/__MAXWELL__/  (/__MAXWELL__/
[1] 23:44:16,419 DEBUG SchemaChange - SQL_PARSE <- "create table t2 (col1 date) engine='MYISAM'  partition by list/__MAXWELL__/  (/__MAXWELL__/"
[1] 23:44:16,419 DEBUG SchemaChange - SQL_PARSE ->   (parse (statement (create_table (create_table_preamble create table (table_name (name (id t2)))) (create_specifications ( (create_specification (column_definition (name (id col1)) (data_type (generic_type date)))) )) (table_creation_option (creation_engine engine = (string_literal 'MYISAM'))) (table_creation_option (partition_by partition by (partition_by_what list (skip_parens /__MAXWELL__/)) (partition_definitions ( (skip_parens_inside_partition_definitions /__MAXWELL__/)))))) <EOF>)
[1] 23:44:16,419 DEBUG SchemaChange - SQL_PARSE <- "create table t2 (col1 int) engine='MYISAM'  partition by list(abs(col1))  (partition p0 values in (0,1,2,3,4,5,6,7,8,9,10), partition p1 values in (11,12,13,14,15,16,17,18,19,20), partition p2 values in (21,22,23,24,25,26,27,28,29,30), partition p3 values in (31,32,33,34,35,36,37,38,39,40), partition p4 values in (41,42,43,44,45,46,47,48,49,50), partition p5 values in (51,52,53,54,55,56,57,58,59,60) )"
[1] 23:44:16,419 DEBUG SchemaChange - rewrote SQL to create table t2 (col1 int) engine='MYISAM'  partition by list/__MAXWELL__/  (partition p0 values in (0,1,2,3,4,5,6,7,8,9,10), partition p1 values in (11,12,13,14,15,16,17,18,19,20), partition p2 values in (21,22,23,24,25,26,27,28,29,30), partition p3 values in (31,32,33,34,35,36,37,38,39,40), partition p4 values in (41,42,43,44,45,46,47,48,49,50), partition p5 values in (51,52,53,54,55,56,57,58,59,60) )
[1] 23:44:16,419 DEBUG SchemaChange - SQL_PARSE <- "create table t2 (col1 int) engine='MYISAM'  partition by list/__MAXWELL__/  (partition p0 values in (0,1,2,3,4,5,6,7,8,9,10), partition p1 values in (11,12,13,14,15,16,17,18,19,20), partition p2 values in (21,22,23,24,25,26,27,28,29,30), partition p3 values in (31,32,33,34,35,36,37,38,39,40), partition p4 values in (41,42,43,44,45,46,47,48,49,50), partition p5 values in (51,52,53,54,55,56,57,58,59,60) )"
[1] 23:44:16,420 DEBUG SchemaChange - rewrote SQL to create table t2 (col1 int) engine='MYISAM'  partition by list/__MAXWELL__/  (/__MAXWELL__/
[1] 23:44:16,420 DEBUG SchemaChange - SQL_PARSE <- "create table t2 (col1 int) engine='MYISAM'  partition by list/__MAXWELL__/  (/__MAXWELL__/"
[1] 23:44:16,420 DEBUG SchemaChange - SQL_PARSE ->   (parse (statement (create_table (create_table_preamble create table (table_name (name (id t2)))) (create_specifications ( (create_specification (column_definition (name (id col1)) (data_type (signed_type int)))) )) (table_creation_option (creation_engine engine = (string_literal 'MYISAM'))) (table_creation_option (partition_by partition by (partition_by_what list (skip_parens /__MAXWELL__/)) (partition_definitions ( (skip_parens_inside_partition_definitions /__MAXWELL__/)))))) <EOF>)
[1] 23:44:16,420 DEBUG SchemaChange - SQL_PARSE <- "create table t2 (col1 int) engine='MYISAM'  partition by list(mod(col1,10))  (partition p0 values in (0,1,2,3,4,5,6,7,8,9,10), partition p1 values in (11,12,13,14,15,16,17,18,19,20), partition p2 values in (21,22,23,24,25,26,27,28,29,30), partition p3 values in (31,32,33,34,35,36,37,38,39,40), partition p4 values in (41,42,43,44,45,46,47,48,49,50), partition p5 values in (51,52,53,54,55,56,57,58,59,60) )"
[1] 23:44:16,420 DEBUG SchemaChange - rewrote SQL to create table t2 (col1 int) engine='MYISAM'  partition by list/__MAXWELL__/  (partition p0 values in (0,1,2,3,4,5,6,7,8,9,10), partition p1 values in (11,12,13,14,15,16,17,18,19,20), partition p2 values in (21,22,23,24,25,26,27,28,29,30), partition p3 values in (31,32,33,34,35,36,37,38,39,40), partition p4 values in (41,42,43,44,45,46,47,48,49,50), partition p5 values in (51,52,53,54,55,56,57,58,59,60) )
[1] 23:44:16,420 DEBUG SchemaChange - SQL_PARSE <- "create table t2 (col1 int) engine='MYISAM'  partition by list/__MAXWELL__/  (partition p0 values in (0,1,2,3,4,5,6,7,8,9,10), partition p1 values in (11,12,13,14,15,16,17,18,19,20), partition p2 values in (21,22,23,24,25,26,27,28,29,30), partition p3 values in (31,32,33,34,35,36,37,38,39,40), partition p4 values in (41,42,43,44,45,46,47,48,49,50), partition p5 values in (51,52,53,54,55,56,57,58,59,60) )"
[1] 23:44:16,421 DEBUG SchemaChange - rewrote SQL to create table t2 (col1 int) engine='MYISAM'  partition by list/__MAXWELL__/  (/__MAXWELL__/
[1] 23:44:16,421 DEBUG SchemaChange - SQL_PARSE <- "create table t2 (col1 int) engine='MYISAM'  partition by list/__MAXWELL__/  (/__MAXWELL__/"
[1] 23:44:16,421 DEBUG SchemaChange - SQL_PARSE ->   (parse (statement (create_table (create_table_preamble create table (table_name (name (id t2)))) (create_specifications ( (create_specification (column_definition (name (id col1)) (data_type (signed_type int)))) )) (table_creation_option (creation_engine engine = (string_literal 'MYISAM'))) (table_creation_option (partition_by partition by (partition_by_what list (skip_parens /__MAXWELL__/)) (partition_definitions ( (skip_parens_inside_partition_definitions /__MAXWELL__/)))))) <EOF>)
[1] 23:44:16,421 DEBUG SchemaChange - SQL_PARSE <- "create table t2 (col1 time) engine='MYISAM'  partition by list(hour(col1))  (partition p0 values in (0,1,2,3,4,5,6,7,8,9,10), partition p1 values in (11,12,13,14,15,16,17,18,19,20), partition p2 values in (21,22,23,24,25,26,27,28,29,30), partition p3 values in (31,32,33,34,35,36,37,38,39,40), partition p4 values in (41,42,43,44,45,46,47,48,49,50), partition p5 values in (51,52,53,54,55,56,57,58,59,60) )"
[1] 23:44:16,421 DEBUG SchemaChange - rewrote SQL to create table t2 (col1 time) engine='MYISAM'  partition by list/__MAXWELL__/  (partition p0 values in (0,1,2,3,4,5,6,7,8,9,10), partition p1 values in (11,12,13,14,15,16,17,18,19,20), partition p2 values in (21,22,23,24,25,26,27,28,29,30), partition p3 values in (31,32,33,34,35,36,37,38,39,40), partition p4 values in (41,42,43,44,45,46,47,48,49,50), partition p5 values in (51,52,53,54,55,56,57,58,59,60) )
[1] 23:44:16,421 DEBUG SchemaChange - SQL_PARSE <- "create table t2 (col1 time) engine='MYISAM'  partition by list/__MAXWELL__/  (partition p0 values in (0,1,2,3,4,5,6,7,8,9,10), partition p1 values in (11,12,13,14,15,16,17,18,19,20), partition p2 values in (21,22,23,24,25,26,27,28,29,30), partition p3 values in (31,32,33,34,35,36,37,38,39,40), partition p4 values in (41,42,43,44,45,46,47,48,49,50), partition p5 values in (51,52,53,54,55,56,57,58,59,60) )"
[1] 23:44:16,421 DEBUG SchemaChange - rewrote SQL to create table t2 (col1 time) engine='MYISAM'  partition by list/__MAXWELL__/  (/__MAXWELL__/
[1] 23:44:16,421 DEBUG SchemaChange - SQL_PARSE <- "create table t2 (col1 time) engine='MYISAM'  partition by list/__MAXWELL__/  (/__MAXWELL__/"
[1] 23:44:16,422 DEBUG SchemaChange - SQL_PARSE ->   (parse (statement (create_table (create_table_preamble create table (table_name (name (id t2)))) (create_specifications ( (create_specification (column_definition (name (id col1)) (data_type (generic_type time)))) )) (table_creation_option (creation_engine engine = (string_literal 'MYISAM'))) (table_creation_option (partition_by partition by (partition_by_what list (skip_parens /__MAXWELL__/)) (partition_definitions ( (skip_parens_inside_partition_definitions /__MAXWELL__/)))))) <EOF>)
[1] 23:44:16,422 DEBUG SchemaChange - SQL_PARSE <- "create table t2 (col1 time) engine='MYISAM'  partition by list(microsecond(col1))  (partition p0 values in (0,1,2,3,4,5,6,7,8,9,10), partition p1 values in (11,12,13,14,15,16,17,18,19,20), partition p2 values in (21,22,23,24,25,26,27,28,29,30), partition p3 values in (31,32,33,34,35,36,37,38,39,40), partition p4 values in (41,42,43,44,45,46,47,48,49,50), partition p5 values in (51,52,53,54,55,56,57,58,59,60) )"
[1] 23:44:16,422 DEBUG SchemaChange - rewrote SQL to create table t2 (col1 time) engine='MYISAM'  partition by list/__MAXWELL__/  (partition p0 values in (0,1,2,3,4,5,6,7,8,9,10), partition p1 values in (11,12,13,14,15,16,17,18,19,20), partition p2 values in (21,22,23,24,25,26,27,28,29,30), partition p3 values in (31,32,33,34,35,36,37,38,39,40), partition p4 values in (41,42,43,44,45,46,47,48,49,50), partition p5 values in (51,52,53,54,55,56,57,58,59,60) )
[1] 23:44:16,422 DEBUG SchemaChange - SQL_PARSE <- "create table t2 (col1 time) engine='MYISAM'  partition by list/__MAXWELL__/  (partition p0 values in (0,1,2,3,4,5,6,7,8,9,10), partition p1 values in (11,12,13,14,15,16,17,18,19,20), partition p2 values in (21,22,23,24,25,26,27,28,29,30), partition p3 values in (31,32,33,34,35,36,37,38,39,40), partition p4 values in (41,42,43,44,45,46,47,48,49,50), partition p5 values in (51,52,53,54,55,56,57,58,59,60) )"
[1] 23:44:16,422 DEBUG SchemaChange - rewrote SQL to create table t2 (col1 time) engine='MYISAM'  partition by list/__MAXWELL__/  (/__MAXWELL__/
[1] 23:44:16,422 DEBUG SchemaChange - SQL_PARSE <- "create table t2 (col1 time) engine='MYISAM'  partition by list/__MAXWELL__/  (/__MAXWELL__/"
[1] 23:44:16,422 DEBUG SchemaChange - SQL_PARSE ->   (parse (statement (create_table (create_table_preamble create table (table_name (name (id t2)))) (create_specifications ( (create_specification (column_definition (name (id col1)) (data_type (generic_type time)))) )) (table_creation_option (creation_engine engine = (string_literal 'MYISAM'))) (table_creation_option (partition_by partition by (partition_by_what list (skip_parens /__MAXWELL__/)) (partition_definitions ( (skip_parens_inside_partition_definitions /__MAXWELL__/)))))) <EOF>)
[1] 23:44:16,423 DEBUG SchemaChange - SQL_PARSE <- "create table t2 (col1 time) engine='MYISAM'  partition by list(minute(col1))  (partition p0 values in (0,1,2,3,4,5,6,7,8,9,10), partition p1 values in (11,12,13,14,15,16,17,18,19,20), partition p2 values in (21,22,23,24,25,26,27,28,29,30), partition p3 values in (31,32,33,34,35,36,37,38,39,40), partition p4 values in (41,42,43,44,45,46,47,48,49,50), partition p5 values in (51,52,53,54,55,56,57,58,59,60) )"
[1] 23:44:16,423 DEBUG SchemaChange - rewrote SQL to create table t2 (col1 time) engine='MYISAM'  partition by list/__MAXWELL__/  (partition p0 values in (0,1,2,3,4,5,6,7,8,9,10), partition p1 values in (11,12,13,14,15,16,17,18,19,20), partition p2 values in (21,22,23,24,25,26,27,28,29,30), partition p3 values in (31,32,33,34,35,36,37,38,39,40), partition p4 values in (41,42,43,44,45,46,47,48,49,50), partition p5 values in (51,52,53,54,55,56,57,58,59,60) )
[1] 23:44:16,423 DEBUG SchemaChange - SQL_PARSE <- "create table t2 (col1 time) engine='MYISAM'  partition by list/__MAXWELL__/  (partition p0 values in (0,1,2,3,4,5,6,7,8,9,10), partition p1 values in (11,12,13,14,15,16,17,18,19,20), partition p2 values in (21,22,23,24,25,26,27,28,29,30), partition p3 values in (31,32,33,34,35,36,37,38,39,40), partition p4 values in (41,42,43,44,45,46,47,48,49,50), partition p5 values in (51,52,53,54,55,56,57,58,59,60) )"
[1] 23:44:16,423 DEBUG SchemaChange - rewrote SQL to create table t2 (col1 time) engine='MYISAM'  partition by list/__MAXWELL__/  (/__MAXWELL__/
[1] 23:44:16,423 DEBUG SchemaChange - SQL_PARSE <- "create table t2 (col1 time) engine='MYISAM'  partition by list/__MAXWELL__/  (/__MAXWELL__/"
[1] 23:44:16,424 DEBUG SchemaChange - SQL_PARSE ->   (parse (statement (create_table (create_table_preamble create table (table_name (name (id t2)))) (create_specifications ( (create_specification (column_definition (name (id col1)) (data_type (generic_type time)))) )) (table_creation_option (creation_engine engine = (string_literal 'MYISAM'))) (table_creation_option (partition_by partition by (partition_by_what list (skip_parens /__MAXWELL__/)) (partition_definitions ( (skip_parens_inside_partition_definitions /__MAXWELL__/)))))) <EOF>)
[1] 23:44:16,424 DEBUG SchemaChange - SQL_PARSE <- "create table t2 (col1 time) engine='MYISAM'  partition by list(second(col1))  (partition p0 values in (0,1,2,3,4,5,6,7,8,9,10), partition p1 values in (11,12,13,14,15,16,17,18,19,20), partition p2 values in (21,22,23,24,25,26,27,28,29,30), partition p3 values in (31,32,33,34,35,36,37,38,39,40), partition p4 values in (41,42,43,44,45,46,47,48,49,50), partition p5 values in (51,52,53,54,55,56,57,58,59,60) )"
[1] 23:44:16,424 DEBUG SchemaChange - rewrote SQL to create table t2 (col1 time) engine='MYISAM'  partition by list/__MAXWELL__/  (partition p0 values in (0,1,2,3,4,5,6,7,8,9,10), partition p1 values in (11,12,13,14,15,16,17,18,19,20), partition p2 values in (21,22,23,24,25,26,27,28,29,30), partition p3 values in (31,32,33,34,35,36,37,38,39,40), partition p4 values in (41,42,43,44,45,46,47,48,49,50), partition p5 values in (51,52,53,54,55,56,57,58,59,60) )
[1] 23:44:16,424 DEBUG SchemaChange - SQL_PARSE <- "create table t2 (col1 time) engine='MYISAM'  partition by list/__MAXWELL__/  (partition p0 values in (0,1,2,3,4,5,6,7,8,9,10), partition p1 values in (11,12,13,14,15,16,17,18,19,20), partition p2 values in (21,22,23,24,25,26,27,28,29,30), partition p3 values in (31,32,33,34,35,36,37,38,39,40), partition p4 values in (41,42,43,44,45,46,47,48,49,50), partition p5 values in (51,52,53,54,55,56,57,58,59,60) )"
[1] 23:44:16,424 DEBUG SchemaChange - rewrote SQL to create table t2 (col1 time) engine='MYISAM'  partition by list/__MAXWELL__/  (/__MAXWELL__/
[1] 23:44:16,424 DEBUG SchemaChange - SQL_PARSE <- "create table t2 (col1 time) engine='MYISAM'  partition by list/__MAXWELL__/  (/__MAXWELL__/"
[1] 23:44:16,425 DEBUG SchemaChange - SQL_PARSE ->   (parse (statement (create_table (create_table_preamble create table (table_name (name (id t2)))) (create_specifications ( (create_specification (column_definition (name (id col1)) (data_type (generic_type time)))) )) (table_creation_option (creation_engine engine = (string_literal 'MYISAM'))) (table_creation_option (partition_by partition by (partition_by_what list (skip_parens /__MAXWELL__/)) (partition_definitions ( (skip_parens_inside_partition_definitions /__MAXWELL__/)))))) <EOF>)
[1] 23:44:16,425 DEBUG SchemaChange - SQL_PARSE <- "create table t2 (col1 time) engine='MYISAM'  partition by list(time_to_sec(col1)-(time_to_sec(col1)-20))  (partition p0 values in (0,1,2,3,4,5,6,7,8,9,10), partition p1 values in (11,12,13,14,15,16,17,18,19,20), partition p2 values in (21,22,23,24,25,26,27,28,29,30), partition p3 values in (31,32,33,34,35,36,37,38,39,40), partition p4 values in (41,42,43,44,45,46,47,48,49,50), partition p5 values in (51,52,53,54,55,56,57,58,59,60) )"
[1] 23:44:16,425 DEBUG SchemaChange - rewrote SQL to create table t2 (col1 time) engine='MYISAM'  partition by list/__MAXWELL__/  (partition p0 values in (0,1,2,3,4,5,6,7,8,9,10), partition p1 values in (11,12,13,14,15,16,17,18,19,20), partition p2 values in (21,22,23,24,25,26,27,28,29,30), partition p3 values in (31,32,33,34,35,36,37,38,39,40), partition p4 values in (41,42,43,44,45,46,47,48,49,50), partition p5 values in (51,52,53,54,55,56,57,58,59,60) )
[1] 23:44:16,425 DEBUG SchemaChange - SQL_PARSE <- "create table t2 (col1 time) engine='MYISAM'  partition by list/__MAXWELL__/  (partition p0 values in (0,1,2,3,4,5,6,7,8,9,10), partition p1 values in (11,12,13,14,15,16,17,18,19,20), partition p2 values in (21,22,23,24,25,26,27,28,29,30), partition p3 values in (31,32,33,34,35,36,37,38,39,40), partition p4 values in (41,42,43,44,45,46,47,48,49,50), partition p5 values in (51,52,53,54,55,56,57,58,59,60) )"
[1] 23:44:16,425 DEBUG SchemaChange - rewrote SQL to create table t2 (col1 time) engine='MYISAM'  partition by list/__MAXWELL__/  (/__MAXWELL__/
[1] 23:44:16,425 DEBUG SchemaChange - SQL_PARSE <- "create table t2 (col1 time) engine='MYISAM'  partition by list/__MAXWELL__/  (/__MAXWELL__/"
[1] 23:44:16,426 DEBUG SchemaChange - SQL_PARSE ->   (parse (statement (create_table (create_table_preamble create table (table_name (name (id t2)))) (create_specifications ( (create_specification (column_definition (name (id col1)) (data_type (generic_type time)))) )) (table_creation_option (creation_engine engine = (string_literal 'MYISAM'))) (table_creation_option (partition_by partition by (partition_by_what list (skip_parens /__MAXWELL__/)) (partition_definitions ( (skip_parens_inside_partition_definitions /__MAXWELL__/)))))) <EOF>)
[1] 23:44:16,426 DEBUG SchemaChange - SQL_PARSE <- "create table t2 (i int ) ENGINE = MyISAM partition by range (i) ( partition p01 values less than (1000) data directory="/Users/ben/src/mysql-server/mysql-test/var/tmp"     index directory="/Users/ben/src/mysql-server/mysql-test/var/tmp" )"
[1] 23:44:16,426 DEBUG SchemaChange - rewrote SQL to create table t2 (i int ) ENGINE = MyISAM partition by range /__MAXWELL__/ ( partition p01 values less than (1000) data directory="/Users/ben/src/mysql-server/mysql-test/var/tmp"     index directory="/Users/ben/src/mysql-server/mysql-test/var/tmp" )
[1] 23:44:16,426 DEBUG SchemaChange - SQL_PARSE <- "create table t2 (i int ) ENGINE = MyISAM partition by range /__MAXWELL__/ ( partition p01 values less than (1000) data directory="/Users/ben/src/mysql-server/mysql-test/var/tmp"     index directory="/Users/ben/src/mysql-server/mysql-test/var/tmp" )"
[1] 23:44:16,426 DEBUG SchemaChange - rewrote SQL to create table t2 (i int ) ENGINE = MyISAM partition by range /__MAXWELL__/ ( /__MAXWELL__/
[1] 23:44:16,426 DEBUG SchemaChange - SQL_PARSE <- "create table t2 (i int ) ENGINE = MyISAM partition by range /__MAXWELL__/ ( /__MAXWELL__/"
[1] 23:44:16,426 DEBUG SchemaChange - SQL_PARSE ->   (parse (statement (create_table (create_table_preamble create table (table_name (name (id t2)))) (create_specifications ( (create_specification (column_definition (name (id i)) (data_type (signed_type int)))) )) (table_creation_option (creation_engine ENGINE = (id MyISAM))) (table_creation_option (partition_by partition by (partition_by_what range (skip_parens /__MAXWELL__/)) (partition_definitions ( (skip_parens_inside_partition_definitions /__MAXWELL__/)))))) <EOF>)
[1] 23:44:16,426 DEBUG SchemaChange - SQL_PARSE <- "create table t2 (i int ) partition by range (i) ( partition p01 values less than (1000) data directory="/Users/ben/src/mysql-server/mysql-test/var/tmp/"  index directory="/Users/ben/src/mysql-server/mysql-test/var/tmp/" )"
[1] 23:44:16,427 DEBUG SchemaChange - rewrote SQL to create table t2 (i int ) partition by range /__MAXWELL__/ ( partition p01 values less than (1000) data directory="/Users/ben/src/mysql-server/mysql-test/var/tmp/"  index directory="/Users/ben/src/mysql-server/mysql-test/var/tmp/" )
[1] 23:44:16,427 DEBUG SchemaChange - SQL_PARSE <- "create table t2 (i int ) partition by range /__MAXWELL__/ ( partition p01 values less than (1000) data directory="/Users/ben/src/mysql-server/mysql-test/var/tmp/"  index directory="/Users/ben/src/mysql-server/mysql-test/var/tmp/" )"
[1] 23:44:16,427 DEBUG SchemaChange - rewrote SQL to create table t2 (i int ) partition by range /__MAXWELL__/ ( /__MAXWELL__/
[1] 23:44:16,427 DEBUG SchemaChange - SQL_PARSE <- "create table t2 (i int ) partition by range /__MAXWELL__/ ( /__MAXWELL__/"
[1] 23:44:16,427 DEBUG SchemaChange - SQL_PARSE ->   (parse (statement (create_table (create_table_preamble create table (table_name (name (id t2)))) (create_specifications ( (create_specification (column_definition (name (id i)) (data_type (signed_type int)))) )) (table_creation_option (partition_by partition by (partition_by_what range (skip_parens /__MAXWELL__/)) (partition_definitions ( (skip_parens_inside_partition_definitions /__MAXWELL__/)))))) <EOF>)
[1] 23:44:16,427 DEBUG SchemaChange - SQL_PARSE <- "create table t2 (s1 int not null auto_increment, primary key (s1)) partition by list (s1) (partition p1 values in (1),partition p2 values in (2),partition p3 values in (3),partition p4 values in (4))"
[1] 23:44:16,427 DEBUG SchemaChange - rewrote SQL to create table t2 (s1 int not null auto_increment, primary key (s1)) partition by list /__MAXWELL__/ (partition p1 values in (1),partition p2 values in (2),partition p3 values in (3),partition p4 values in (4))
[1] 23:44:16,427 DEBUG SchemaChange - SQL_PARSE <- "create table t2 (s1 int not null auto_increment, primary key (s1)) partition by list /__MAXWELL__/ (partition p1 values in (1),partition p2 values in (2),partition p3 values in (3),partition p4 values in (4))"
[1] 23:44:16,427 DEBUG SchemaChange - rewrote SQL to create table t2 (s1 int not null auto_increment, primary key (s1)) partition by list /__MAXWELL__/ (/__MAXWELL__/
[1] 23:44:16,427 DEBUG SchemaChange - SQL_PARSE <- "create table t2 (s1 int not null auto_increment, primary key (s1)) partition by list /__MAXWELL__/ (/__MAXWELL__/"
[1] 23:44:16,428 DEBUG SchemaChange - SQL_PARSE ->   (parse (statement (create_table (create_table_preamble create table (table_name (name (id t2)))) (create_specifications ( (create_specification (column_definition (name (id s1)) (data_type (signed_type int (column_options (nullability not null)) (column_options auto_increment))))) , (create_specification (index_definition (index_type_pk primary key (index_column_list ( (index_columns (index_column (name (id s1)))) ))))) )) (table_creation_option (partition_by partition by (partition_by_what list (skip_parens /__MAXWELL__/)) (partition_definitions ( (skip_parens_inside_partition_definitions /__MAXWELL__/)))))) <EOF>)
[1] 23:44:16,428 DEBUG SchemaChange - SQL_PARSE <- "create table t3 ( a int ) partition by range (a*1) (  partition p0 values less than (10), partition p1 values less than (20) )"
[1] 23:44:16,428 DEBUG SchemaChange - rewrote SQL to create table t3 ( a int ) partition by range /__MAXWELL__/ (  partition p0 values less than (10), partition p1 values less than (20) )
[1] 23:44:16,428 DEBUG SchemaChange - SQL_PARSE <- "create table t3 ( a int ) partition by range /__MAXWELL__/ (  partition p0 values less than (10), partition p1 values less than (20) )"
[1] 23:44:16,429 DEBUG SchemaChange - rewrote SQL to create table t3 ( a int ) partition by range /__MAXWELL__/ (  /__MAXWELL__/
[1] 23:44:16,429 DEBUG SchemaChange - SQL_PARSE <- "create table t3 ( a int ) partition by range /__MAXWELL__/ (  /__MAXWELL__/"
[1] 23:44:16,429 DEBUG SchemaChange - SQL_PARSE ->   (parse (statement (create_table (create_table_preamble create table (table_name (name (id t3)))) (create_specifications ( (create_specification (column_definition (name (id a)) (data_type (signed_type int)))) )) (table_creation_option (partition_by partition by (partition_by_what range (skip_parens /__MAXWELL__/)) (partition_definitions ( (skip_parens_inside_partition_definitions /__MAXWELL__/)))))) <EOF>)
[1] 23:44:16,429 DEBUG SchemaChange - SQL_PARSE <- "create table t3 (a bit(8), primary key (a)) engine='MyISAM'  partition by range (a) subpartition by key (a) subpartitions 2 ( partition pa1 values less than (3), partition pa2 values less than (16), partition pa3 values less than (64), partition pa4 values less than (256))"
[1] 23:44:16,429 DEBUG SchemaChange - rewrote SQL to create table t3 (a bit(8), primary key (a)) engine='MyISAM'  partition by range /__MAXWELL__/ subpartition by key (a) subpartitions 2 ( partition pa1 values less than (3), partition pa2 values less than (16), partition pa3 values less than (64), partition pa4 values less than (256))
[1] 23:44:16,429 DEBUG SchemaChange - SQL_PARSE <- "create table t3 (a bit(8), primary key (a)) engine='MyISAM'  partition by range /__MAXWELL__/ subpartition by key (a) subpartitions 2 ( partition pa1 values less than (3), partition pa2 values less than (16), partition pa3 values less than (64), partition pa4 values less than (256))"
[1] 23:44:16,429 DEBUG SchemaChange - rewrote SQL to create table t3 (a bit(8), primary key (a)) engine='MyISAM'  partition by range /__MAXWELL__/ subpartition by key /__MAXWELL__/ subpartitions 2 ( partition pa1 values less than (3), partition pa2 values less than (16), partition pa3 values less than (64), partition pa4 values less than (256))
[1] 23:44:16,429 DEBUG SchemaChange - SQL_PARSE <- "create table t3 (a bit(8), primary key (a)) engine='MyISAM'  partition by range /__MAXWELL__/ subpartition by key /__MAXWELL__/ subpartitions 2 ( partition pa1 values less than (3), partition pa2 values less than (16), partition pa3 values less than (64), partition pa4 values less than (256))"
[1] 23:44:16,430 DEBUG SchemaChange - rewrote SQL to create table t3 (a bit(8), primary key (a)) engine='MyISAM'  partition by range /__MAXWELL__/ subpartition by key /__MAXWELL__/ subpartitions 2 ( /__MAXWELL__/
[1] 23:44:16,430 DEBUG SchemaChange - SQL_PARSE <- "create table t3 (a bit(8), primary key (a)) engine='MyISAM'  partition by range /__MAXWELL__/ subpartition by key /__MAXWELL__/ subpartitions 2 ( /__MAXWELL__/"
[1] 23:44:16,430 DEBUG SchemaChange - SQL_PARSE ->   (parse (statement (create_table (create_table_preamble create table (table_name (name (id t3)))) (create_specifications ( (create_specification (column_definition (name (id a)) (data_type (generic_type bit (length ( 8 )))))) , (create_specification (index_definition (index_type_pk primary key (index_column_list ( (index_columns (index_column (name (id a)))) ))))) )) (table_creation_option (creation_engine engine = (string_literal 'MyISAM'))) (table_creation_option (partition_by partition by (partition_by_what range (skip_parens /__MAXWELL__/)) (subpartition_by subpartition by (partition_by_what key (skip_parens /__MAXWELL__/)) subpartitions 2) (partition_definitions ( (skip_parens_inside_partition_definitions /__MAXWELL__/)))))) <EOF>)
[1] 23:44:16,430 DEBUG SchemaChange - SQL_PARSE <- "create table t3 (a date not null, primary key(a)) engine='MyISAM'  partition by range (month(a)) subpartition by key (a) subpartitions 3 ( partition quarter1 values less than (4), partition quarter2 values less than (7), partition quarter3 values less than (10),  partition quarter4 values less than (13) )"
[1] 23:44:16,430 DEBUG SchemaChange - rewrote SQL to create table t3 (a date not null, primary key(a)) engine='MyISAM'  partition by range /__MAXWELL__/ subpartition by key (a) subpartitions 3 ( partition quarter1 values less than (4), partition quarter2 values less than (7), partition quarter3 values less than (10),  partition quarter4 values less than (13) )
[1] 23:44:16,430 DEBUG SchemaChange - SQL_PARSE <- "create table t3 (a date not null, primary key(a)) engine='MyISAM'  partition by range /__MAXWELL__/ subpartition by key (a) subpartitions 3 ( partition quarter1 values less than (4), partition quarter2 values less than (7), partition quarter3 values less than (10),  partition quarter4 values less than (13) )"
[1] 23:44:16,430 DEBUG SchemaChange - rewrote SQL to create table t3 (a date not null, primary key(a)) engine='MyISAM'  partition by range /__MAXWELL__/ subpartition by key /__MAXWELL__/ subpartitions 3 ( partition quarter1 values less than (4), partition quarter2 values less than (7), partition quarter3 values less than (10),  partition quarter4 values less than (13) )
[1] 23:44:16,430 DEBUG SchemaChange - SQL_PARSE <- "create table t3 (a date not null, primary key(a)) engine='MyISAM'  partition by range /__MAXWELL__/ subpartition by key /__MAXWELL__/ subpartitions 3 ( partition quarter1 values less than (4), partition quarter2 values less than (7), partition quarter3 values less than (10),  partition quarter4 values less than (13) )"
[1] 23:44:16,431 DEBUG SchemaChange - rewrote SQL to create table t3 (a date not null, primary key(a)) engine='MyISAM'  partition by range /__MAXWELL__/ subpartition by key /__MAXWELL__/ subpartitions 3 ( /__MAXWELL__/
[1] 23:44:16,431 DEBUG SchemaChange - SQL_PARSE <- "create table t3 (a date not null, primary key(a)) engine='MyISAM'  partition by range /__MAXWELL__/ subpartition by key /__MAXWELL__/ subpartitions 3 ( /__MAXWELL__/"
[1] 23:44:16,431 DEBUG SchemaChange - SQL_PARSE ->   (parse (statement (create_table (create_table_preamble create table (table_name (name (id t3)))) (create_specifications ( (create_specification (column_definition (name (id a)) (data_type (generic_type date (column_options (nullability not null)))))) , (create_specification (index_definition (index_type_pk primary key (index_column_list ( (index_columns (index_column (name (id a)))) ))))) )) (table_creation_option (creation_engine engine = (string_literal 'MyISAM'))) (table_creation_option (partition_by partition by (partition_by_what range (skip_parens /__MAXWELL__/)) (subpartition_by subpartition by (partition_by_what key (skip_parens /__MAXWELL__/)) subpartitions 3) (partition_definitions ( (skip_parens_inside_partition_definitions /__MAXWELL__/)))))) <EOF>)
[1] 23:44:16,431 DEBUG SchemaChange - SQL_PARSE <- "create table t3 (a datetime not null, primary key(a)) engine='MyISAM'  partition by range (month(a)) subpartition by key (a) subpartitions 3 ( partition quarter1 values less than (4), partition quarter2 values less than (7), partition quarter3 values less than (10),  partition quarter4 values less than (13) )"
[1] 23:44:16,431 DEBUG SchemaChange - rewrote SQL to create table t3 (a datetime not null, primary key(a)) engine='MyISAM'  partition by range /__MAXWELL__/ subpartition by key (a) subpartitions 3 ( partition quarter1 values less than (4), partition quarter2 values less than (7), partition quarter3 values less than (10),  partition quarter4 values less than (13) )
[1] 23:44:16,431 DEBUG SchemaChange - SQL_PARSE <- "create table t3 (a datetime not null, primary key(a)) engine='MyISAM'  partition by range /__MAXWELL__/ subpartition by key (a) subpartitions 3 ( partition quarter1 values less than (4), partition quarter2 values less than (7), partition quarter3 values less than (10),  partition quarter4 values less than (13) )"
[1] 23:44:16,431 DEBUG SchemaChange - rewrote SQL to create table t3 (a datetime not null, primary key(a)) engine='MyISAM'  partition by range /__MAXWELL__/ subpartition by key /__MAXWELL__/ subpartitions 3 ( partition quarter1 values less than (4), partition quarter2 values less than (7), partition quarter3 values less than (10),  partition quarter4 values less than (13) )
[1] 23:44:16,432 DEBUG SchemaChange - SQL_PARSE <- "create table t3 (a datetime not null, primary key(a)) engine='MyISAM'  partition by range /__MAXWELL__/ subpartition by key /__MAXWELL__/ subpartitions 3 ( partition quarter1 values less than (4), partition quarter2 values less than (7), partition quarter3 values less than (10),  partition quarter4 values less than (13) )"
[1] 23:44:16,432 DEBUG SchemaChange - rewrote SQL to create table t3 (a datetime not null, primary key(a)) engine='MyISAM'  partition by range /__MAXWELL__/ subpartition by key /__MAXWELL__/ subpartitions 3 ( /__MAXWELL__/
[1] 23:44:16,432 DEBUG SchemaChange - SQL_PARSE <- "create table t3 (a datetime not null, primary key(a)) engine='MyISAM'  partition by range /__MAXWELL__/ subpartition by key /__MAXWELL__/ subpartitions 3 ( /__MAXWELL__/"
[1] 23:44:16,432 DEBUG SchemaChange - SQL_PARSE ->   (parse (statement (create_table (create_table_preamble create table (table_name (name (id t3)))) (create_specifications ( (create_specification (column_definition (name (id a)) (data_type (generic_type datetime (column_options (nullability not null)))))) , (create_specification (index_definition (index_type_pk primary key (index_column_list ( (index_columns (index_column (name (id a)))) ))))) )) (table_creation_option (creation_engine engine = (string_literal 'MyISAM'))) (table_creation_option (partition_by partition by (partition_by_what range (skip_parens /__MAXWELL__/)) (subpartition_by subpartition by (partition_by_what key (skip_parens /__MAXWELL__/)) subpartitions 3) (partition_definitions ( (skip_parens_inside_partition_definitions /__MAXWELL__/)))))) <EOF>)
[1] 23:44:16,432 DEBUG SchemaChange - SQL_PARSE <- "create table t3 (a int, b int)  partition by list(a) subpartition by hash(b) subpartitions 4 ( partition p0 values in (1), partition p1 values in (2), partition p2 values in (3), partition p3 values in (4) )"
[1] 23:44:16,432 DEBUG SchemaChange - rewrote SQL to create table t3 (a int, b int)  partition by list/__MAXWELL__/ subpartition by hash(b) subpartitions 4 ( partition p0 values in (1), partition p1 values in (2), partition p2 values in (3), partition p3 values in (4) )
[1] 23:44:16,433 DEBUG SchemaChange - SQL_PARSE <- "create table t3 (a int, b int)  partition by list/__MAXWELL__/ subpartition by hash(b) subpartitions 4 ( partition p0 values in (1), partition p1 values in (2), partition p2 values in (3), partition p3 values in (4) )"
[1] 23:44:16,433 DEBUG SchemaChange - rewrote SQL to create table t3 (a int, b int)  partition by list/__MAXWELL__/ subpartition by hash/__MAXWELL__/ subpartitions 4 ( partition p0 values in (1), partition p1 values in (2), partition p2 values in (3), partition p3 values in (4) )
[1] 23:44:16,433 DEBUG SchemaChange - SQL_PARSE <- "create table t3 (a int, b int)  partition by list/__MAXWELL__/ subpartition by hash/__MAXWELL__/ subpartitions 4 ( partition p0 values in (1), partition p1 values in (2), partition p2 values in (3), partition p3 values in (4) )"
[1] 23:44:16,433 DEBUG SchemaChange - rewrote SQL to create table t3 (a int, b int)  partition by list/__MAXWELL__/ subpartition by hash/__MAXWELL__/ subpartitions 4 ( /__MAXWELL__/
[1] 23:44:16,433 DEBUG SchemaChange - SQL_PARSE <- "create table t3 (a int, b int)  partition by list/__MAXWELL__/ subpartition by hash/__MAXWELL__/ subpartitions 4 ( /__MAXWELL__/"
[1] 23:44:16,433 DEBUG SchemaChange - SQL_PARSE ->   (parse (statement (create_table (create_table_preamble create table (table_name (name (id t3)))) (create_specifications ( (create_specification (column_definition (name (id a)) (data_type (signed_type int)))) , (create_specification (column_definition (name (id b)) (data_type (signed_type int)))) )) (table_creation_option (partition_by partition by (partition_by_what list (skip_parens /__MAXWELL__/)) (subpartition_by subpartition by (partition_by_what hash (skip_parens /__MAXWELL__/)) subpartitions 4) (partition_definitions ( (skip_parens_inside_partition_definitions /__MAXWELL__/)))))) <EOF>)
[1] 23:44:16,433 DEBUG SchemaChange - SQL_PARSE <- "create table t3 (a time not null, primary key(a)) engine='MyISAM'  partition by range (second(a)) subpartition by key (a) subpartitions 3 ( partition quarter1 values less than (16), partition quarter2 values less than (31), partition quarter3 values less than (46),  partition quarter4 values less than (61) )"
[1] 23:44:16,434 DEBUG SchemaChange - rewrote SQL to create table t3 (a time not null, primary key(a)) engine='MyISAM'  partition by range /__MAXWELL__/ subpartition by key (a) subpartitions 3 ( partition quarter1 values less than (16), partition quarter2 values less than (31), partition quarter3 values less than (46),  partition quarter4 values less than (61) )
[1] 23:44:16,434 DEBUG SchemaChange - SQL_PARSE <- "create table t3 (a time not null, primary key(a)) engine='MyISAM'  partition by range /__MAXWELL__/ subpartition by key (a) subpartitions 3 ( partition quarter1 values less than (16), partition quarter2 values less than (31), partition quarter3 values less than (46),  partition quarter4 values less than (61) )"
[1] 23:44:16,434 DEBUG SchemaChange - rewrote SQL to create table t3 (a time not null, primary key(a)) engine='MyISAM'  partition by range /__MAXWELL__/ subpartition by key /__MAXWELL__/ subpartitions 3 ( partition quarter1 values less than (16), partition quarter2 values less than (31), partition quarter3 values less than (46),  partition quarter4 values less than (61) )
[1] 23:44:16,434 DEBUG SchemaChange - SQL_PARSE <- "create table t3 (a time not null, primary key(a)) engine='MyISAM'  partition by range /__MAXWELL__/ subpartition by key /__MAXWELL__/ subpartitions 3 ( partition quarter1 values less than (16), partition quarter2 values less than (31), partition quarter3 values less than (46),  partition quarter4 values less than (61) )"
[1] 23:44:16,434 DEBUG SchemaChange - rewrote SQL to create table t3 (a time not null, primary key(a)) engine='MyISAM'  partition by range /__MAXWELL__/ subpartition by key /__MAXWELL__/ subpartitions 3 ( /__MAXWELL__/
[1] 23:44:16,434 DEBUG SchemaChange - SQL_PARSE <- "create table t3 (a time not null, primary key(a)) engine='MyISAM'  partition by range /__MAXWELL__/ subpartition by key /__MAXWELL__/ subpartitions 3 ( /__MAXWELL__/"
[1] 23:44:16,434 DEBUG SchemaChange - SQL_PARSE ->   (parse (statement (create_table (create_table_preamble create table (table_name (name (id t3)))) (create_specifications ( (create_specification (column_definition (name (id a)) (data_type (generic_type time (column_options (nullability not null)))))) , (create_specification (index_definition (index_type_pk primary key (index_column_list ( (index_columns (index_column (name (id a)))) ))))) )) (table_creation_option (creation_engine engine = (string_literal 'MyISAM'))) (table_creation_option (partition_by partition by (partition_by_what range (skip_parens /__MAXWELL__/)) (subpartition_by subpartition by (partition_by_what key (skip_parens /__MAXWELL__/)) subpartitions 3) (partition_definitions ( (skip_parens_inside_partition_definitions /__MAXWELL__/)))))) <EOF>)
[1] 23:44:16,434 DEBUG SchemaChange - SQL_PARSE <- "create table t3 (col1 date) engine='MYISAM'  partition by hash(day(col1))"
[1] 23:44:16,434 DEBUG SchemaChange - rewrote SQL to create table t3 (col1 date) engine='MYISAM'  partition by hash/__MAXWELL__/
[1] 23:44:16,434 DEBUG SchemaChange - SQL_PARSE <- "create table t3 (col1 date) engine='MYISAM'  partition by hash/__MAXWELL__/"
[1] 23:44:16,435 DEBUG SchemaChange - SQL_PARSE ->   (parse (statement (create_table (create_table_preamble create table (table_name (name (id t3)))) (create_specifications ( (create_specification (column_definition (name (id col1)) (data_type (generic_type date)))) )) (table_creation_option (creation_engine engine = (string_literal 'MYISAM'))) (table_creation_option (partition_by partition by (partition_by_what hash (skip_parens /__MAXWELL__/)))))) <EOF>)
[1] 23:44:16,435 DEBUG SchemaChange - SQL_PARSE <- "create table t3 (col1 date) engine='MYISAM'  partition by hash(dayofmonth(col1))"
[1] 23:44:16,435 DEBUG SchemaChange - rewrote SQL to create table t3 (col1 date) engine='MYISAM'  partition by hash/__MAXWELL__/
[1] 23:44:16,435 DEBUG SchemaChange - SQL_PARSE <- "create table t3 (col1 date) engine='MYISAM'  partition by hash/__MAXWELL__/"
[1] 23:44:16,435 DEBUG SchemaChange - SQL_PARSE ->   (parse (statement (create_table (create_table_preamble create table (table_name (name (id t3)))) (create_specifications ( (create_specification (column_definition (name (id col1)) (data_type (generic_type date)))) )) (table_creation_option (creation_engine engine = (string_literal 'MYISAM'))) (table_creation_option (partition_by partition by (partition_by_what hash (skip_parens /__MAXWELL__/)))))) <EOF>)
[1] 23:44:16,435 DEBUG SchemaChange - SQL_PARSE <- "create table t3 (col1 date) engine='MYISAM'  partition by hash(dayofweek(col1))"
[1] 23:44:16,435 DEBUG SchemaChange - rewrote SQL to create table t3 (col1 date) engine='MYISAM'  partition by hash/__MAXWELL__/
[1] 23:44:16,435 DEBUG SchemaChange - SQL_PARSE <- "create table t3 (col1 date) engine='MYISAM'  partition by hash/__MAXWELL__/"
[1] 23:44:16,435 DEBUG SchemaChange - SQL_PARSE ->   (parse (statement (create_table (create_table_preamble create table (table_name (name (id t3)))) (create_specifications ( (create_specification (column_definition (name (id col1)) (data_type (generic_type date)))) )) (table_creation_option (creation_engine engine = (string_literal 'MYISAM'))) (table_creation_option (partition_by partition by (partition_by_what hash (skip_parens /__MAXWELL__/)))))) <EOF>)
[1] 23:44:16,435 DEBUG SchemaChange - SQL_PARSE <- "create table t3 (col1 date) engine='MYISAM'  partition by hash(dayofyear(col1))"
[1] 23:44:16,435 DEBUG SchemaChange - rewrote SQL to create table t3 (col1 date) engine='MYISAM'  partition by hash/__MAXWELL__/
[1] 23:44:16,435 DEBUG SchemaChange - SQL_PARSE <- "create table t3 (col1 date) engine='MYISAM'  partition by hash/__MAXWELL__/"
[1] 23:44:16,436 DEBUG SchemaChange - SQL_PARSE ->   (parse (statement (create_table (create_table_preamble create table (table_name (name (id t3)))) (create_specifications ( (create_specification (column_definition (name (id col1)) (data_type (generic_type date)))) )) (table_creation_option (creation_engine engine = (string_literal 'MYISAM'))) (table_creation_option (partition_by partition by (partition_by_what hash (skip_parens /__MAXWELL__/)))))) <EOF>)
[1] 23:44:16,436 DEBUG SchemaChange - SQL_PARSE <- "create table t3 (col1 date) engine='MYISAM'  partition by hash(extract(month from col1))"
[1] 23:44:16,436 DEBUG SchemaChange - rewrote SQL to create table t3 (col1 date) engine='MYISAM'  partition by hash/__MAXWELL__/
[1] 23:44:16,436 DEBUG SchemaChange - SQL_PARSE <- "create table t3 (col1 date) engine='MYISAM'  partition by hash/__MAXWELL__/"
[1] 23:44:16,436 DEBUG SchemaChange - SQL_PARSE ->   (parse (statement (create_table (create_table_preamble create table (table_name (name (id t3)))) (create_specifications ( (create_specification (column_definition (name (id col1)) (data_type (generic_type date)))) )) (table_creation_option (creation_engine engine = (string_literal 'MYISAM'))) (table_creation_option (partition_by partition by (partition_by_what hash (skip_parens /__MAXWELL__/)))))) <EOF>)
[1] 23:44:16,436 DEBUG SchemaChange - SQL_PARSE <- "create table t3 (col1 date) engine='MYISAM'  partition by hash(month(col1))"
[1] 23:44:16,436 DEBUG SchemaChange - rewrote SQL to create table t3 (col1 date) engine='MYISAM'  partition by hash/__MAXWELL__/
[1] 23:44:16,436 DEBUG SchemaChange - SQL_PARSE <- "create table t3 (col1 date) engine='MYISAM'  partition by hash/__MAXWELL__/"
[1] 23:44:16,436 DEBUG SchemaChange - SQL_PARSE ->   (parse (statement (create_table (create_table_preamble create table (table_name (name (id t3)))) (create_specifications ( (create_specification (column_definition (name (id col1)) (data_type (generic_type date)))) )) (table_creation_option (creation_engine engine = (string_literal 'MYISAM'))) (table_creation_option (partition_by partition by (partition_by_what hash (skip_parens /__MAXWELL__/)))))) <EOF>)
[1] 23:44:16,436 DEBUG SchemaChange - SQL_PARSE <- "create table t3 (col1 date) engine='MYISAM'  partition by hash(quarter(col1))"
[1] 23:44:16,436 DEBUG SchemaChange - rewrote SQL to create table t3 (col1 date) engine='MYISAM'  partition by hash/__MAXWELL__/
[1] 23:44:16,436 DEBUG SchemaChange - SQL_PARSE <- "create table t3 (col1 date) engine='MYISAM'  partition by hash/__MAXWELL__/"
[1] 23:44:16,436 DEBUG SchemaChange - SQL_PARSE ->   (parse (statement (create_table (create_table_preamble create table (table_name (name (id t3)))) (create_specifications ( (create_specification (column_definition (name (id col1)) (data_type (generic_type date)))) )) (table_creation_option (creation_engine engine = (string_literal 'MYISAM'))) (table_creation_option (partition_by partition by (partition_by_what hash (skip_parens /__MAXWELL__/)))))) <EOF>)
[1] 23:44:16,436 DEBUG SchemaChange - SQL_PARSE <- "create table t3 (col1 date) engine='MYISAM'  partition by hash(weekday(col1))"
[1] 23:44:16,437 DEBUG SchemaChange - rewrote SQL to create table t3 (col1 date) engine='MYISAM'  partition by hash/__MAXWELL__/
[1] 23:44:16,437 DEBUG SchemaChange - SQL_PARSE <- "create table t3 (col1 date) engine='MYISAM'  partition by hash/__MAXWELL__/"
[1] 23:44:16,437 DEBUG SchemaChange - SQL_PARSE ->   (parse (statement (create_table (create_table_preamble create table (table_name (name (id t3)))) (create_specifications ( (create_specification (column_definition (name (id col1)) (data_type (generic_type date)))) )) (table_creation_option (creation_engine engine = (string_literal 'MYISAM'))) (table_creation_option (partition_by partition by (partition_by_what hash (skip_parens /__MAXWELL__/)))))) <EOF>)
[1] 23:44:16,437 DEBUG SchemaChange - SQL_PARSE <- "create table t3 (col1 date) engine='MYISAM'  partition by hash(year(col1)-1990)"
[1] 23:44:16,437 DEBUG SchemaChange - rewrote SQL to create table t3 (col1 date) engine='MYISAM'  partition by hash/__MAXWELL__/
[1] 23:44:16,437 DEBUG SchemaChange - SQL_PARSE <- "create table t3 (col1 date) engine='MYISAM'  partition by hash/__MAXWELL__/"
[1] 23:44:16,437 DEBUG SchemaChange - SQL_PARSE ->   (parse (statement (create_table (create_table_preamble create table (table_name (name (id t3)))) (create_specifications ( (create_specification (column_definition (name (id col1)) (data_type (generic_type date)))) )) (table_creation_option (creation_engine engine = (string_literal 'MYISAM'))) (table_creation_option (partition_by partition by (partition_by_what hash (skip_parens /__MAXWELL__/)))))) <EOF>)
[1] 23:44:16,437 DEBUG SchemaChange - SQL_PARSE <- "create table t3 (col1 date) engine='MYISAM'  partition by hash(yearweek(col1)-200600)"
[1] 23:44:16,437 DEBUG SchemaChange - rewrote SQL to create table t3 (col1 date) engine='MYISAM'  partition by hash/__MAXWELL__/
[1] 23:44:16,437 DEBUG SchemaChange - SQL_PARSE <- "create table t3 (col1 date) engine='MYISAM'  partition by hash/__MAXWELL__/"
[1] 23:44:16,437 DEBUG SchemaChange - SQL_PARSE ->   (parse (statement (create_table (create_table_preamble create table (table_name (name (id t3)))) (create_specifications ( (create_specification (column_definition (name (id col1)) (data_type (generic_type date)))) )) (table_creation_option (creation_engine engine = (string_literal 'MYISAM'))) (table_creation_option (partition_by partition by (partition_by_what hash (skip_parens /__MAXWELL__/)))))) <EOF>)
[1] 23:44:16,437 DEBUG SchemaChange - SQL_PARSE <- "create table t3 (col1 int) engine='MYISAM'  partition by hash(abs(col1))"
[1] 23:44:16,438 DEBUG SchemaChange - rewrote SQL to create table t3 (col1 int) engine='MYISAM'  partition by hash/__MAXWELL__/
[1] 23:44:16,438 DEBUG SchemaChange - SQL_PARSE <- "create table t3 (col1 int) engine='MYISAM'  partition by hash/__MAXWELL__/"
[1] 23:44:16,438 DEBUG SchemaChange - SQL_PARSE ->   (parse (statement (create_table (create_table_preamble create table (table_name (name (id t3)))) (create_specifications ( (create_specification (column_definition (name (id col1)) (data_type (signed_type int)))) )) (table_creation_option (creation_engine engine = (string_literal 'MYISAM'))) (table_creation_option (partition_by partition by (partition_by_what hash (skip_parens /__MAXWELL__/)))))) <EOF>)
[1] 23:44:16,438 DEBUG SchemaChange - SQL_PARSE <- "create table t3 (col1 int) engine='MYISAM'  partition by hash(mod(col1,10))"
[1] 23:44:16,438 DEBUG SchemaChange - rewrote SQL to create table t3 (col1 int) engine='MYISAM'  partition by hash/__MAXWELL__/
[1] 23:44:16,438 DEBUG SchemaChange - SQL_PARSE <- "create table t3 (col1 int) engine='MYISAM'  partition by hash/__MAXWELL__/"
[1] 23:44:16,438 DEBUG SchemaChange - SQL_PARSE ->   (parse (statement (create_table (create_table_preamble create table (table_name (name (id t3)))) (create_specifications ( (create_specification (column_definition (name (id col1)) (data_type (signed_type int)))) )) (table_creation_option (creation_engine engine = (string_literal 'MYISAM'))) (table_creation_option (partition_by partition by (partition_by_what hash (skip_parens /__MAXWELL__/)))))) <EOF>)
[1] 23:44:16,438 DEBUG SchemaChange - SQL_PARSE <- "create table t3 (col1 time) engine='MYISAM'  partition by hash(hour(col1))"
[1] 23:44:16,438 DEBUG SchemaChange - rewrote SQL to create table t3 (col1 time) engine='MYISAM'  partition by hash/__MAXWELL__/
[1] 23:44:16,438 DEBUG SchemaChange - SQL_PARSE <- "create table t3 (col1 time) engine='MYISAM'  partition by hash/__MAXWELL__/"
[1] 23:44:16,438 DEBUG SchemaChange - SQL_PARSE ->   (parse (statement (create_table (create_table_preamble create table (table_name (name (id t3)))) (create_specifications ( (create_specification (column_definition (name (id col1)) (data_type (generic_type time)))) )) (table_creation_option (creation_engine engine = (string_literal 'MYISAM'))) (table_creation_option (partition_by partition by (partition_by_what hash (skip_parens /__MAXWELL__/)))))) <EOF>)
[1] 23:44:16,439 DEBUG SchemaChange - SQL_PARSE <- "create table t3 (col1 time) engine='MYISAM'  partition by hash(microsecond(col1))"
[1] 23:44:16,439 DEBUG SchemaChange - rewrote SQL to create table t3 (col1 time) engine='MYISAM'  partition by hash/__MAXWELL__/
[1] 23:44:16,439 DEBUG SchemaChange - SQL_PARSE <- "create table t3 (col1 time) engine='MYISAM'  partition by hash/__MAXWELL__/"
[1] 23:44:16,439 DEBUG SchemaChange - SQL_PARSE ->   (parse (statement (create_table (create_table_preamble create table (table_name (name (id t3)))) (create_specifications ( (create_specification (column_definition (name (id col1)) (data_type (generic_type time)))) )) (table_creation_option (creation_engine engine = (string_literal 'MYISAM'))) (table_creation_option (partition_by partition by (partition_by_what hash (skip_parens /__MAXWELL__/)))))) <EOF>)
[1] 23:44:16,439 DEBUG SchemaChange - SQL_PARSE <- "create table t3 (col1 time) engine='MYISAM'  partition by hash(minute(col1))"
[1] 23:44:16,439 DEBUG SchemaChange - rewrote SQL to create table t3 (col1 time) engine='MYISAM'  partition by hash/__MAXWELL__/
[1] 23:44:16,439 DEBUG SchemaChange - SQL_PARSE <- "create table t3 (col1 time) engine='MYISAM'  partition by hash/__MAXWELL__/"
[1] 23:44:16,439 DEBUG SchemaChange - SQL_PARSE ->   (parse (statement (create_table (create_table_preamble create table (table_name (name (id t3)))) (create_specifications ( (create_specification (column_definition (name (id col1)) (data_type (generic_type time)))) )) (table_creation_option (creation_engine engine = (string_literal 'MYISAM'))) (table_creation_option (partition_by partition by (partition_by_what hash (skip_parens /__MAXWELL__/)))))) <EOF>)
[1] 23:44:16,439 DEBUG SchemaChange - SQL_PARSE <- "create table t3 (col1 time) engine='MYISAM'  partition by hash(second(col1))"
[1] 23:44:16,439 DEBUG SchemaChange - rewrote SQL to create table t3 (col1 time) engine='MYISAM'  partition by hash/__MAXWELL__/
[1] 23:44:16,439 DEBUG SchemaChange - SQL_PARSE <- "create table t3 (col1 time) engine='MYISAM'  partition by hash/__MAXWELL__/"
[1] 23:44:16,439 DEBUG SchemaChange - SQL_PARSE ->   (parse (statement (create_table (create_table_preamble create table (table_name (name (id t3)))) (create_specifications ( (create_specification (column_definition (name (id col1)) (data_type (generic_type time)))) )) (table_creation_option (creation_engine engine = (string_literal 'MYISAM'))) (table_creation_option (partition_by partition by (partition_by_what hash (skip_parens /__MAXWELL__/)))))) <EOF>)
[1] 23:44:16,439 DEBUG SchemaChange - SQL_PARSE <- "create table t3 (col1 time) engine='MYISAM'  partition by hash(time_to_sec(col1)-(time_to_sec(col1)-20))"
[1] 23:44:16,440 DEBUG SchemaChange - rewrote SQL to create table t3 (col1 time) engine='MYISAM'  partition by hash/__MAXWELL__/
[1] 23:44:16,440 DEBUG SchemaChange - SQL_PARSE <- "create table t3 (col1 time) engine='MYISAM'  partition by hash/__MAXWELL__/"
[1] 23:44:16,440 DEBUG SchemaChange - SQL_PARSE ->   (parse (statement (create_table (create_table_preamble create table (table_name (name (id t3)))) (create_specifications ( (create_specification (column_definition (name (id col1)) (data_type (generic_type time)))) )) (table_creation_option (creation_engine engine = (string_literal 'MYISAM'))) (table_creation_option (partition_by partition by (partition_by_what hash (skip_parens /__MAXWELL__/)))))) <EOF>)
[1] 23:44:16,440 DEBUG SchemaChange - SQL_PARSE <- "create table t3 (f1 date) partition by hash(month(f1)) partitions 3"
[1] 23:44:16,440 DEBUG SchemaChange - rewrote SQL to create table t3 (f1 date) partition by hash/__MAXWELL__/ partitions 3
[1] 23:44:16,440 DEBUG SchemaChange - SQL_PARSE <- "create table t3 (f1 date) partition by hash/__MAXWELL__/ partitions 3"
[1] 23:44:16,440 DEBUG SchemaChange - SQL_PARSE ->   (parse (statement (create_table (create_table_preamble create table (table_name (name (id t3)))) (create_specifications ( (create_specification (column_definition (name (id f1)) (data_type (generic_type date)))) )) (table_creation_option (partition_by partition by (partition_by_what hash (skip_parens /__MAXWELL__/)) (partition_count partitions 3))))) <EOF>)
[1] 23:44:16,440 DEBUG SchemaChange - SQL_PARSE <- "create table t4 (a bit(8), primary key (a)) engine='MyISAM'  partition by list (a) subpartition by key (a) subpartitions 2 ( partition pa1 values in (0,1,2,3), partition pa2 values in (4,5,6,7,8,9,10,11,12,13,14,15,16), partition pa3 values in (17,18,19,20,21,22,23,24,25,26,27,28,29,30,31,32))"
[1] 23:44:16,440 DEBUG SchemaChange - rewrote SQL to create table t4 (a bit(8), primary key (a)) engine='MyISAM'  partition by list /__MAXWELL__/ subpartition by key (a) subpartitions 2 ( partition pa1 values in (0,1,2,3), partition pa2 values in (4,5,6,7,8,9,10,11,12,13,14,15,16), partition pa3 values in (17,18,19,20,21,22,23,24,25,26,27,28,29,30,31,32))
[1] 23:44:16,440 DEBUG SchemaChange - SQL_PARSE <- "create table t4 (a bit(8), primary key (a)) engine='MyISAM'  partition by list /__MAXWELL__/ subpartition by key (a) subpartitions 2 ( partition pa1 values in (0,1,2,3), partition pa2 values in (4,5,6,7,8,9,10,11,12,13,14,15,16), partition pa3 values in (17,18,19,20,21,22,23,24,25,26,27,28,29,30,31,32))"
[1] 23:44:16,441 DEBUG SchemaChange - rewrote SQL to create table t4 (a bit(8), primary key (a)) engine='MyISAM'  partition by list /__MAXWELL__/ subpartition by key /__MAXWELL__/ subpartitions 2 ( partition pa1 values in (0,1,2,3), partition pa2 values in (4,5,6,7,8,9,10,11,12,13,14,15,16), partition pa3 values in (17,18,19,20,21,22,23,24,25,26,27,28,29,30,31,32))
[1] 23:44:16,441 DEBUG SchemaChange - SQL_PARSE <- "create table t4 (a bit(8), primary key (a)) engine='MyISAM'  partition by list /__MAXWELL__/ subpartition by key /__MAXWELL__/ subpartitions 2 ( partition pa1 values in (0,1,2,3), partition pa2 values in (4,5,6,7,8,9,10,11,12,13,14,15,16), partition pa3 values in (17,18,19,20,21,22,23,24,25,26,27,28,29,30,31,32))"
[1] 23:44:16,441 DEBUG SchemaChange - rewrote SQL to create table t4 (a bit(8), primary key (a)) engine='MyISAM'  partition by list /__MAXWELL__/ subpartition by key /__MAXWELL__/ subpartitions 2 ( /__MAXWELL__/
[1] 23:44:16,441 DEBUG SchemaChange - SQL_PARSE <- "create table t4 (a bit(8), primary key (a)) engine='MyISAM'  partition by list /__MAXWELL__/ subpartition by key /__MAXWELL__/ subpartitions 2 ( /__MAXWELL__/"
[1] 23:44:16,441 DEBUG SchemaChange - SQL_PARSE ->   (parse (statement (create_table (create_table_preamble create table (table_name (name (id t4)))) (create_specifications ( (create_specification (column_definition (name (id a)) (data_type (generic_type bit (length ( 8 )))))) , (create_specification (index_definition (index_type_pk primary key (index_column_list ( (index_columns (index_column (name (id a)))) ))))) )) (table_creation_option (creation_engine engine = (string_literal 'MyISAM'))) (table_creation_option (partition_by partition by (partition_by_what list (skip_parens /__MAXWELL__/)) (subpartition_by subpartition by (partition_by_what key (skip_parens /__MAXWELL__/)) subpartitions 2) (partition_definitions ( (skip_parens_inside_partition_definitions /__MAXWELL__/)))))) <EOF>)
[1] 23:44:16,441 DEBUG SchemaChange - SQL_PARSE <- "create table t4 (a date not null, primary key(a)) engine='MyISAM'  partition by list (month(a)) subpartition by key (a) subpartitions 3 ( partition quarter1 values in (1,2,3), partition quarter2 values in (4,5,6), partition quarter3 values in (7,8,9),  partition quarter4 values in (10,11,12) )"
[1] 23:44:16,441 DEBUG SchemaChange - rewrote SQL to create table t4 (a date not null, primary key(a)) engine='MyISAM'  partition by list /__MAXWELL__/ subpartition by key (a) subpartitions 3 ( partition quarter1 values in (1,2,3), partition quarter2 values in (4,5,6), partition quarter3 values in (7,8,9),  partition quarter4 values in (10,11,12) )
[1] 23:44:16,441 DEBUG SchemaChange - SQL_PARSE <- "create table t4 (a date not null, primary key(a)) engine='MyISAM'  partition by list /__MAXWELL__/ subpartition by key (a) subpartitions 3 ( partition quarter1 values in (1,2,3), partition quarter2 values in (4,5,6), partition quarter3 values in (7,8,9),  partition quarter4 values in (10,11,12) )"
[1] 23:44:16,442 DEBUG SchemaChange - rewrote SQL to create table t4 (a date not null, primary key(a)) engine='MyISAM'  partition by list /__MAXWELL__/ subpartition by key /__MAXWELL__/ subpartitions 3 ( partition quarter1 values in (1,2,3), partition quarter2 values in (4,5,6), partition quarter3 values in (7,8,9),  partition quarter4 values in (10,11,12) )
[1] 23:44:16,442 DEBUG SchemaChange - SQL_PARSE <- "create table t4 (a date not null, primary key(a)) engine='MyISAM'  partition by list /__MAXWELL__/ subpartition by key /__MAXWELL__/ subpartitions 3 ( partition quarter1 values in (1,2,3), partition quarter2 values in (4,5,6), partition quarter3 values in (7,8,9),  partition quarter4 values in (10,11,12) )"
[1] 23:44:16,442 DEBUG SchemaChange - rewrote SQL to create table t4 (a date not null, primary key(a)) engine='MyISAM'  partition by list /__MAXWELL__/ subpartition by key /__MAXWELL__/ subpartitions 3 ( /__MAXWELL__/
[1] 23:44:16,442 DEBUG SchemaChange - SQL_PARSE <- "create table t4 (a date not null, primary key(a)) engine='MyISAM'  partition by list /__MAXWELL__/ subpartition by key /__MAXWELL__/ subpartitions 3 ( /__MAXWELL__/"
[1] 23:44:16,442 DEBUG SchemaChange - SQL_PARSE ->   (parse (statement (create_table (create_table_preamble create table (table_name (name (id t4)))) (create_specifications ( (create_specification (column_definition (name (id a)) (data_type (generic_type date (column_options (nullability not null)))))) , (create_specification (index_definition (index_type_pk primary key (index_column_list ( (index_columns (index_column (name (id a)))) ))))) )) (table_creation_option (creation_engine engine = (string_literal 'MyISAM'))) (table_creation_option (partition_by partition by (partition_by_what list (skip_parens /__MAXWELL__/)) (subpartition_by subpartition by (partition_by_what key (skip_parens /__MAXWELL__/)) subpartitions 3) (partition_definitions ( (skip_parens_inside_partition_definitions /__MAXWELL__/)))))) <EOF>)
[1] 23:44:16,442 DEBUG SchemaChange - SQL_PARSE <- "create table t4 (a datetime not null, primary key(a)) engine='MyISAM'  partition by list (month(a)) subpartition by key (a) subpartitions 3 ( partition quarter1 values in (1,2,3), partition quarter2 values in (4,5,6), partition quarter3 values in (7,8,9),  partition quarter4 values in (10,11,12) )"
[1] 23:44:16,442 DEBUG SchemaChange - rewrote SQL to create table t4 (a datetime not null, primary key(a)) engine='MyISAM'  partition by list /__MAXWELL__/ subpartition by key (a) subpartitions 3 ( partition quarter1 values in (1,2,3), partition quarter2 values in (4,5,6), partition quarter3 values in (7,8,9),  partition quarter4 values in (10,11,12) )
[1] 23:44:16,442 DEBUG SchemaChange - SQL_PARSE <- "create table t4 (a datetime not null, primary key(a)) engine='MyISAM'  partition by list /__MAXWELL__/ subpartition by key (a) subpartitions 3 ( partition quarter1 values in (1,2,3), partition quarter2 values in (4,5,6), partition quarter3 values in (7,8,9),  partition quarter4 values in (10,11,12) )"
[1] 23:44:16,443 DEBUG SchemaChange - rewrote SQL to create table t4 (a datetime not null, primary key(a)) engine='MyISAM'  partition by list /__MAXWELL__/ subpartition by key /__MAXWELL__/ subpartitions 3 ( partition quarter1 values in (1,2,3), partition quarter2 values in (4,5,6), partition quarter3 values in (7,8,9),  partition quarter4 values in (10,11,12) )
[1] 23:44:16,443 DEBUG SchemaChange - SQL_PARSE <- "create table t4 (a datetime not null, primary key(a)) engine='MyISAM'  partition by list /__MAXWELL__/ subpartition by key /__MAXWELL__/ subpartitions 3 ( partition quarter1 values in (1,2,3), partition quarter2 values in (4,5,6), partition quarter3 values in (7,8,9),  partition quarter4 values in (10,11,12) )"
[1] 23:44:16,443 DEBUG SchemaChange - rewrote SQL to create table t4 (a datetime not null, primary key(a)) engine='MyISAM'  partition by list /__MAXWELL__/ subpartition by key /__MAXWELL__/ subpartitions 3 ( /__MAXWELL__/
[1] 23:44:16,443 DEBUG SchemaChange - SQL_PARSE <- "create table t4 (a datetime not null, primary key(a)) engine='MyISAM'  partition by list /__MAXWELL__/ subpartition by key /__MAXWELL__/ subpartitions 3 ( /__MAXWELL__/"
[1] 23:44:16,443 DEBUG SchemaChange - SQL_PARSE ->   (parse (statement (create_table (create_table_preamble create table (table_name (name (id t4)))) (create_specifications ( (create_specification (column_definition (name (id a)) (data_type (generic_type datetime (column_options (nullability not null)))))) , (create_specification (index_definition (index_type_pk primary key (index_column_list ( (index_columns (index_column (name (id a)))) ))))) )) (table_creation_option (creation_engine engine = (string_literal 'MyISAM'))) (table_creation_option (partition_by partition by (partition_by_what list (skip_parens /__MAXWELL__/)) (subpartition_by subpartition by (partition_by_what key (skip_parens /__MAXWELL__/)) subpartitions 3) (partition_definitions ( (skip_parens_inside_partition_definitions /__MAXWELL__/)))))) <EOF>)
[1] 23:44:16,443 DEBUG SchemaChange - SQL_PARSE <- "create table t4 (a int not null, b int not null) partition by LIST (a+b) ( partition p0 values in (12), partition p1 values in (14) )"
[1] 23:44:16,443 DEBUG SchemaChange - rewrote SQL to create table t4 (a int not null, b int not null) partition by LIST /__MAXWELL__/ ( partition p0 values in (12), partition p1 values in (14) )
[1] 23:44:16,443 DEBUG SchemaChange - SQL_PARSE <- "create table t4 (a int not null, b int not null) partition by LIST /__MAXWELL__/ ( partition p0 values in (12), partition p1 values in (14) )"
[1] 23:44:16,443 DEBUG SchemaChange - rewrote SQL to create table t4 (a int not null, b int not null) partition by LIST /__MAXWELL__/ ( /__MAXWELL__/
[1] 23:44:16,443 DEBUG SchemaChange - SQL_PARSE <- "create table t4 (a int not null, b int not null) partition by LIST /__MAXWELL__/ ( /__MAXWELL__/"
[1] 23:44:16,444 DEBUG SchemaChange - SQL_PARSE ->   (parse (statement (create_table (create_table_preamble create table (table_name (name (id t4)))) (create_specifications ( (create_specification (column_definition (name (id a)) (data_type (signed_type int (column_options (nullability not null)))))) , (create_specification (column_definition (name (id b)) (data_type (signed_type int (column_options (nullability not null)))))) )) (table_creation_option (partition_by partition by (partition_by_what LIST (skip_parens /__MAXWELL__/)) (partition_definitions ( (skip_parens_inside_partition_definitions /__MAXWELL__/)))))) <EOF>)
[1] 23:44:16,444 DEBUG SchemaChange - SQL_PARSE <- "create table t4 (a time not null, primary key(a)) engine='MyISAM'  partition by list (second(a)) subpartition by key (a) subpartitions 3 ( partition quarter1 values in (1,2,3,4,5,6,7,8,9,10,11,12,13,14,15), partition quarter2 values in (16,17,18,19,20,21,22,23,24,25,26,27,28,29,30), partition quarter3 values in (31,32,33,34,35,36,37,38,39,40,41,42,43,44,45),  partition quarter4 values in (46,47,48,49,50,51,52,53,54,55,56,57,58,59,60) )"
[1] 23:44:16,444 DEBUG SchemaChange - rewrote SQL to create table t4 (a time not null, primary key(a)) engine='MyISAM'  partition by list /__MAXWELL__/ subpartition by key (a) subpartitions 3 ( partition quarter1 values in (1,2,3,4,5,6,7,8,9,10,11,12,13,14,15), partition quarter2 values in (16,17,18,19,20,21,22,23,24,25,26,27,28,29,30), partition quarter3 values in (31,32,33,34,35,36,37,38,39,40,41,42,43,44,45),  partition quarter4 values in (46,47,48,49,50,51,52,53,54,55,56,57,58,59,60) )
[1] 23:44:16,444 DEBUG SchemaChange - SQL_PARSE <- "create table t4 (a time not null, primary key(a)) engine='MyISAM'  partition by list /__MAXWELL__/ subpartition by key (a) subpartitions 3 ( partition quarter1 values in (1,2,3,4,5,6,7,8,9,10,11,12,13,14,15), partition quarter2 values in (16,17,18,19,20,21,22,23,24,25,26,27,28,29,30), partition quarter3 values in (31,32,33,34,35,36,37,38,39,40,41,42,43,44,45),  partition quarter4 values in (46,47,48,49,50,51,52,53,54,55,56,57,58,59,60) )"
[1] 23:44:16,444 DEBUG SchemaChange - rewrote SQL to create table t4 (a time not null, primary key(a)) engine='MyISAM'  partition by list /__MAXWELL__/ subpartition by key /__MAXWELL__/ subpartitions 3 ( partition quarter1 values in (1,2,3,4,5,6,7,8,9,10,11,12,13,14,15), partition quarter2 values in (16,17,18,19,20,21,22,23,24,25,26,27,28,29,30), partition quarter3 values in (31,32,33,34,35,36,37,38,39,40,41,42,43,44,45),  partition quarter4 values in (46,47,48,49,50,51,52,53,54,55,56,57,58,59,60) )
[1] 23:44:16,444 DEBUG SchemaChange - SQL_PARSE <- "create table t4 (a time not null, primary key(a)) engine='MyISAM'  partition by list /__MAXWELL__/ subpartition by key /__MAXWELL__/ subpartitions 3 ( partition quarter1 values in (1,2,3,4,5,6,7,8,9,10,11,12,13,14,15), partition quarter2 values in (16,17,18,19,20,21,22,23,24,25,26,27,28,29,30), partition quarter3 values in (31,32,33,34,35,36,37,38,39,40,41,42,43,44,45),  partition quarter4 values in (46,47,48,49,50,51,52,53,54,55,56,57,58,59,60) )"
[1] 23:44:16,445 DEBUG SchemaChange - rewrote SQL to create table t4 (a time not null, primary key(a)) engine='MyISAM'  partition by list /__MAXWELL__/ subpartition by key /__MAXWELL__/ subpartitions 3 ( /__MAXWELL__/
[1] 23:44:16,445 DEBUG SchemaChange - SQL_PARSE <- "create table t4 (a time not null, primary key(a)) engine='MyISAM'  partition by list /__MAXWELL__/ subpartition by key /__MAXWELL__/ subpartitions 3 ( /__MAXWELL__/"
[1] 23:44:16,445 DEBUG SchemaChange - SQL_PARSE ->   (parse (statement (create_table (create_table_preamble create table (table_name (name (id t4)))) (create_specifications ( (create_specification (column_definition (name (id a)) (data_type (generic_type time (column_options (nullability not null)))))) , (create_specification (index_definition (index_type_pk primary key (index_column_list ( (index_columns (index_column (name (id a)))) ))))) )) (table_creation_option (creation_engine engine = (string_literal 'MyISAM'))) (table_creation_option (partition_by partition by (partition_by_what list (skip_parens /__MAXWELL__/)) (subpartition_by subpartition by (partition_by_what key (skip_parens /__MAXWELL__/)) subpartitions 3) (partition_definitions ( (skip_parens_inside_partition_definitions /__MAXWELL__/)))))) <EOF>)
[1] 23:44:16,445 DEBUG SchemaChange - SQL_PARSE <- "create table t4 (colint int, col1 date) engine='MYISAM'  partition by range(colint)  subpartition by hash(day(col1)) subpartitions 2  (partition p0 values less than (15), partition p1 values less than maxvalue)"
[1] 23:44:16,445 DEBUG SchemaChange - rewrote SQL to create table t4 (colint int, col1 date) engine='MYISAM'  partition by range/__MAXWELL__/  subpartition by hash(day(col1)) subpartitions 2  (partition p0 values less than (15), partition p1 values less than maxvalue)
[1] 23:44:16,445 DEBUG SchemaChange - SQL_PARSE <- "create table t4 (colint int, col1 date) engine='MYISAM'  partition by range/__MAXWELL__/  subpartition by hash(day(col1)) subpartitions 2  (partition p0 values less than (15), partition p1 values less than maxvalue)"
[1] 23:44:16,445 DEBUG SchemaChange - rewrote SQL to create table t4 (colint int, col1 date) engine='MYISAM'  partition by range/__MAXWELL__/  subpartition by hash/__MAXWELL__/ subpartitions 2  (partition p0 values less than (15), partition p1 values less than maxvalue)
[1] 23:44:16,445 DEBUG SchemaChange - SQL_PARSE <- "create table t4 (colint int, col1 date) engine='MYISAM'  partition by range/__MAXWELL__/  subpartition by hash/__MAXWELL__/ subpartitions 2  (partition p0 values less than (15), partition p1 values less than maxvalue)"
[1] 23:44:16,445 DEBUG SchemaChange - rewrote SQL to create table t4 (colint int, col1 date) engine='MYISAM'  partition by range/__MAXWELL__/  subpartition by hash/__MAXWELL__/ subpartitions 2  (/__MAXWELL__/
[1] 23:44:16,445 DEBUG SchemaChange - SQL_PARSE <- "create table t4 (colint int, col1 date) engine='MYISAM'  partition by range/__MAXWELL__/  subpartition by hash/__MAXWELL__/ subpartitions 2  (/__MAXWELL__/"
[1] 23:44:16,446 DEBUG SchemaChange - SQL_PARSE ->   (parse (statement (create_table (create_table_preamble create table (table_name (name (id t4)))) (create_specifications ( (create_specification (column_definition (name (id colint)) (data_type (signed_type int)))) , (create_specification (column_definition (name (id col1)) (data_type (generic_type date)))) )) (table_creation_option (creation_engine engine = (string_literal 'MYISAM'))) (table_creation_option (partition_by partition by (partition_by_what range (skip_parens /__MAXWELL__/)) (subpartition_by subpartition by (partition_by_what hash (skip_parens /__MAXWELL__/)) subpartitions 2) (partition_definitions ( (skip_parens_inside_partition_definitions /__MAXWELL__/)))))) <EOF>)
[1] 23:44:16,446 DEBUG SchemaChange - SQL_PARSE <- "create table t4 (colint int, col1 date) engine='MYISAM'  partition by range(colint)  subpartition by hash(dayofmonth(col1)) subpartitions 2  (partition p0 values less than (15), partition p1 values less than maxvalue)"
[1] 23:44:16,446 DEBUG SchemaChange - rewrote SQL to create table t4 (colint int, col1 date) engine='MYISAM'  partition by range/__MAXWELL__/  subpartition by hash(dayofmonth(col1)) subpartitions 2  (partition p0 values less than (15), partition p1 values less than maxvalue)
[1] 23:44:16,446 DEBUG SchemaChange - SQL_PARSE <- "create table t4 (colint int, col1 date) engine='MYISAM'  partition by range/__MAXWELL__/  subpartition by hash(dayofmonth(col1)) subpartitions 2  (partition p0 values less than (15), partition p1 values less than maxvalue)"
[1] 23:44:16,446 DEBUG SchemaChange - rewrote SQL to create table t4 (colint int, col1 date) engine='MYISAM'  partition by range/__MAXWELL__/  subpartition by hash/__MAXWELL__/ subpartitions 2  (partition p0 values less than (15), partition p1 values less than maxvalue)
[1] 23:44:16,446 DEBUG SchemaChange - SQL_PARSE <- "create table t4 (colint int, col1 date) engine='MYISAM'  partition by range/__MAXWELL__/  subpartition by hash/__MAXWELL__/ subpartitions 2  (partition p0 values less than (15), partition p1 values less than maxvalue)"
[1] 23:44:16,446 DEBUG SchemaChange - rewrote SQL to create table t4 (colint int, col1 date) engine='MYISAM'  partition by range/__MAXWELL__/  subpartition by hash/__MAXWELL__/ subpartitions 2  (/__MAXWELL__/
[1] 23:44:16,446 DEBUG SchemaChange - SQL_PARSE <- "create table t4 (colint int, col1 date) engine='MYISAM'  partition by range/__MAXWELL__/  subpartition by hash/__MAXWELL__/ subpartitions 2  (/__MAXWELL__/"
[1] 23:44:16,447 DEBUG SchemaChange - SQL_PARSE ->   (parse (statement (create_table (create_table_preamble create table (table_name (name (id t4)))) (create_specifications ( (create_specification (column_definition (name (id colint)) (data_type (signed_type int)))) , (create_specification (column_definition (name (id col1)) (data_type (generic_type date)))) )) (table_creation_option (creation_engine engine = (string_literal 'MYISAM'))) (table_creation_option (partition_by partition by (partition_by_what range (skip_parens /__MAXWELL__/)) (subpartition_by subpartition by (partition_by_what hash (skip_parens /__MAXWELL__/)) subpartitions 2) (partition_definitions ( (skip_parens_inside_partition_definitions /__MAXWELL__/)))))) <EOF>)
[1] 23:44:16,447 DEBUG SchemaChange - SQL_PARSE <- "create table t4 (colint int, col1 date) engine='MYISAM'  partition by range(colint)  subpartition by hash(dayofweek(col1)) subpartitions 2  (partition p0 values less than (15), partition p1 values less than maxvalue)"
[1] 23:44:16,447 DEBUG SchemaChange - rewrote SQL to create table t4 (colint int, col1 date) engine='MYISAM'  partition by range/__MAXWELL__/  subpartition by hash(dayofweek(col1)) subpartitions 2  (partition p0 values less than (15), partition p1 values less than maxvalue)
[1] 23:44:16,447 DEBUG SchemaChange - SQL_PARSE <- "create table t4 (colint int, col1 date) engine='MYISAM'  partition by range/__MAXWELL__/  subpartition by hash(dayofweek(col1)) subpartitions 2  (partition p0 values less than (15), partition p1 values less than maxvalue)"
[1] 23:44:16,447 DEBUG SchemaChange - rewrote SQL to create table t4 (colint int, col1 date) engine='MYISAM'  partition by range/__MAXWELL__/  subpartition by hash/__MAXWELL__/ subpartitions 2  (partition p0 values less than (15), partition p1 values less than maxvalue)
[1] 23:44:16,447 DEBUG SchemaChange - SQL_PARSE <- "create table t4 (colint int, col1 date) engine='MYISAM'  partition by range/__MAXWELL__/  subpartition by hash/__MAXWELL__/ subpartitions 2  (partition p0 values less than (15), partition p1 values less than maxvalue)"
[1] 23:44:16,447 DEBUG SchemaChange - rewrote SQL to create table t4 (colint int, col1 date) engine='MYISAM'  partition by range/__MAXWELL__/  subpartition by hash/__MAXWELL__/ subpartitions 2  (/__MAXWELL__/
[1] 23:44:16,447 DEBUG SchemaChange - SQL_PARSE <- "create table t4 (colint int, col1 date) engine='MYISAM'  partition by range/__MAXWELL__/  subpartition by hash/__MAXWELL__/ subpartitions 2  (/__MAXWELL__/"
[1] 23:44:16,447 DEBUG SchemaChange - SQL_PARSE ->   (parse (statement (create_table (create_table_preamble create table (table_name (name (id t4)))) (create_specifications ( (create_specification (column_definition (name (id colint)) (data_type (signed_type int)))) , (create_specification (column_definition (name (id col1)) (data_type (generic_type date)))) )) (table_creation_option (creation_engine engine = (string_literal 'MYISAM'))) (table_creation_option (partition_by partition by (partition_by_what range (skip_parens /__MAXWELL__/)) (subpartition_by subpartition by (partition_by_what hash (skip_parens /__MAXWELL__/)) subpartitions 2) (partition_definitions ( (skip_parens_inside_partition_definitions /__MAXWELL__/)))))) <EOF>)
[1] 23:44:16,447 DEBUG SchemaChange - SQL_PARSE <- "create table t4 (colint int, col1 date) engine='MYISAM'  partition by range(colint)  subpartition by hash(dayofyear(col1)) subpartitions 2  (partition p0 values less than (15), partition p1 values less than maxvalue)"
[1] 23:44:16,448 DEBUG SchemaChange - rewrote SQL to create table t4 (colint int, col1 date) engine='MYISAM'  partition by range/__MAXWELL__/  subpartition by hash(dayofyear(col1)) subpartitions 2  (partition p0 values less than (15), partition p1 values less than maxvalue)
[1] 23:44:16,448 DEBUG SchemaChange - SQL_PARSE <- "create table t4 (colint int, col1 date) engine='MYISAM'  partition by range/__MAXWELL__/  subpartition by hash(dayofyear(col1)) subpartitions 2  (partition p0 values less than (15), partition p1 values less than maxvalue)"
[1] 23:44:16,448 DEBUG SchemaChange - rewrote SQL to create table t4 (colint int, col1 date) engine='MYISAM'  partition by range/__MAXWELL__/  subpartition by hash/__MAXWELL__/ subpartitions 2  (partition p0 values less than (15), partition p1 values less than maxvalue)
[1] 23:44:16,448 DEBUG SchemaChange - SQL_PARSE <- "create table t4 (colint int, col1 date) engine='MYISAM'  partition by range/__MAXWELL__/  subpartition by hash/__MAXWELL__/ subpartitions 2  (partition p0 values less than (15), partition p1 values less than maxvalue)"
[1] 23:44:16,448 DEBUG SchemaChange - rewrote SQL to create table t4 (colint int, col1 date) engine='MYISAM'  partition by range/__MAXWELL__/  subpartition by hash/__MAXWELL__/ subpartitions 2  (/__MAXWELL__/
[1] 23:44:16,448 DEBUG SchemaChange - SQL_PARSE <- "create table t4 (colint int, col1 date) engine='MYISAM'  partition by range/__MAXWELL__/  subpartition by hash/__MAXWELL__/ subpartitions 2  (/__MAXWELL__/"
[1] 23:44:16,448 DEBUG SchemaChange - SQL_PARSE ->   (parse (statement (create_table (create_table_preamble create table (table_name (name (id t4)))) (create_specifications ( (create_specification (column_definition (name (id colint)) (data_type (signed_type int)))) , (create_specification (column_definition (name (id col1)) (data_type (generic_type date)))) )) (table_creation_option (creation_engine engine = (string_literal 'MYISAM'))) (table_creation_option (partition_by partition by (partition_by_what range (skip_parens /__MAXWELL__/)) (subpartition_by subpartition by (partition_by_what hash (skip_parens /__MAXWELL__/)) subpartitions 2) (partition_definitions ( (skip_parens_inside_partition_definitions /__MAXWELL__/)))))) <EOF>)
[1] 23:44:16,448 DEBUG SchemaChange - SQL_PARSE <- "create table t4 (colint int, col1 date) engine='MYISAM'  partition by range(colint)  subpartition by hash(extract(month from col1)) subpartitions 2  (partition p0 values less than (15), partition p1 values less than maxvalue)"
[1] 23:44:16,449 DEBUG SchemaChange - rewrote SQL to create table t4 (colint int, col1 date) engine='MYISAM'  partition by range/__MAXWELL__/  subpartition by hash(extract(month from col1)) subpartitions 2  (partition p0 values less than (15), partition p1 values less than maxvalue)
[1] 23:44:16,449 DEBUG SchemaChange - SQL_PARSE <- "create table t4 (colint int, col1 date) engine='MYISAM'  partition by range/__MAXWELL__/  subpartition by hash(extract(month from col1)) subpartitions 2  (partition p0 values less than (15), partition p1 values less than maxvalue)"
[1] 23:44:16,449 DEBUG SchemaChange - rewrote SQL to create table t4 (colint int, col1 date) engine='MYISAM'  partition by range/__MAXWELL__/  subpartition by hash/__MAXWELL__/ subpartitions 2  (partition p0 values less than (15), partition p1 values less than maxvalue)
[1] 23:44:16,449 DEBUG SchemaChange - SQL_PARSE <- "create table t4 (colint int, col1 date) engine='MYISAM'  partition by range/__MAXWELL__/  subpartition by hash/__MAXWELL__/ subpartitions 2  (partition p0 values less than (15), partition p1 values less than maxvalue)"
[1] 23:44:16,449 DEBUG SchemaChange - rewrote SQL to create table t4 (colint int, col1 date) engine='MYISAM'  partition by range/__MAXWELL__/  subpartition by hash/__MAXWELL__/ subpartitions 2  (/__MAXWELL__/
[1] 23:44:16,449 DEBUG SchemaChange - SQL_PARSE <- "create table t4 (colint int, col1 date) engine='MYISAM'  partition by range/__MAXWELL__/  subpartition by hash/__MAXWELL__/ subpartitions 2  (/__MAXWELL__/"
[1] 23:44:16,449 DEBUG SchemaChange - SQL_PARSE ->   (parse (statement (create_table (create_table_preamble create table (table_name (name (id t4)))) (create_specifications ( (create_specification (column_definition (name (id colint)) (data_type (signed_type int)))) , (create_specification (column_definition (name (id col1)) (data_type (generic_type date)))) )) (table_creation_option (creation_engine engine = (string_literal 'MYISAM'))) (table_creation_option (partition_by partition by (partition_by_what range (skip_parens /__MAXWELL__/)) (subpartition_by subpartition by (partition_by_what hash (skip_parens /__MAXWELL__/)) subpartitions 2) (partition_definitions ( (skip_parens_inside_partition_definitions /__MAXWELL__/)))))) <EOF>)
[1] 23:44:16,449 DEBUG SchemaChange - SQL_PARSE <- "create table t4 (colint int, col1 date) engine='MYISAM'  partition by range(colint)  subpartition by hash(month(col1)) subpartitions 2  (partition p0 values less than (15), partition p1 values less than maxvalue)"
[1] 23:44:16,450 DEBUG SchemaChange - rewrote SQL to create table t4 (colint int, col1 date) engine='MYISAM'  partition by range/__MAXWELL__/  subpartition by hash(month(col1)) subpartitions 2  (partition p0 values less than (15), partition p1 values less than maxvalue)
[1] 23:44:16,450 DEBUG SchemaChange - SQL_PARSE <- "create table t4 (colint int, col1 date) engine='MYISAM'  partition by range/__MAXWELL__/  subpartition by hash(month(col1)) subpartitions 2  (partition p0 values less than (15), partition p1 values less than maxvalue)"
[1] 23:44:16,450 DEBUG SchemaChange - rewrote SQL to create table t4 (colint int, col1 date) engine='MYISAM'  partition by range/__MAXWELL__/  subpartition by hash/__MAXWELL__/ subpartitions 2  (partition p0 values less than (15), partition p1 values less than maxvalue)
[1] 23:44:16,450 DEBUG SchemaChange - SQL_PARSE <- "create table t4 (colint int, col1 date) engine='MYISAM'  partition by range/__MAXWELL__/  subpartition by hash/__MAXWELL__/ subpartitions 2  (partition p0 values less than (15), partition p1 values less than maxvalue)"
[1] 23:44:16,450 DEBUG SchemaChange - rewrote SQL to create table t4 (colint int, col1 date) engine='MYISAM'  partition by range/__MAXWELL__/  subpartition by hash/__MAXWELL__/ subpartitions 2  (/__MAXWELL__/
[1] 23:44:16,450 DEBUG SchemaChange - SQL_PARSE <- "create table t4 (colint int, col1 date) engine='MYISAM'  partition by range/__MAXWELL__/  subpartition by hash/__MAXWELL__/ subpartitions 2  (/__MAXWELL__/"
[1] 23:44:16,451 DEBUG SchemaChange - SQL_PARSE ->   (parse (statement (create_table (create_table_preamble create table (table_name (name (id t4)))) (create_specifications ( (create_specification (column_definition (name (id colint)) (data_type (signed_type int)))) , (create_specification (column_definition (name (id col1)) (data_type (generic_type date)))) )) (table_creation_option (creation_engine engine = (string_literal 'MYISAM'))) (table_creation_option (partition_by partition by (partition_by_what range (skip_parens /__MAXWELL__/)) (subpartition_by subpartition by (partition_by_what hash (skip_parens /__MAXWELL__/)) subpartitions 2) (partition_definitions ( (skip_parens_inside_partition_definitions /__MAXWELL__/)))))) <EOF>)
[1] 23:44:16,451 DEBUG SchemaChange - SQL_PARSE <- "create table t4 (colint int, col1 date) engine='MYISAM'  partition by range(colint)  subpartition by hash(quarter(col1)) subpartitions 2  (partition p0 values less than (15), partition p1 values less than maxvalue)"
[1] 23:44:16,451 DEBUG SchemaChange - rewrote SQL to create table t4 (colint int, col1 date) engine='MYISAM'  partition by range/__MAXWELL__/  subpartition by hash(quarter(col1)) subpartitions 2  (partition p0 values less than (15), partition p1 values less than maxvalue)
[1] 23:44:16,451 DEBUG SchemaChange - SQL_PARSE <- "create table t4 (colint int, col1 date) engine='MYISAM'  partition by range/__MAXWELL__/  subpartition by hash(quarter(col1)) subpartitions 2  (partition p0 values less than (15), partition p1 values less than maxvalue)"
[1] 23:44:16,451 DEBUG SchemaChange - rewrote SQL to create table t4 (colint int, col1 date) engine='MYISAM'  partition by range/__MAXWELL__/  subpartition by hash/__MAXWELL__/ subpartitions 2  (partition p0 values less than (15), partition p1 values less than maxvalue)
[1] 23:44:16,451 DEBUG SchemaChange - SQL_PARSE <- "create table t4 (colint int, col1 date) engine='MYISAM'  partition by range/__MAXWELL__/  subpartition by hash/__MAXWELL__/ subpartitions 2  (partition p0 values less than (15), partition p1 values less than maxvalue)"
[1] 23:44:16,452 DEBUG SchemaChange - rewrote SQL to create table t4 (colint int, col1 date) engine='MYISAM'  partition by range/__MAXWELL__/  subpartition by hash/__MAXWELL__/ subpartitions 2  (/__MAXWELL__/
[1] 23:44:16,452 DEBUG SchemaChange - SQL_PARSE <- "create table t4 (colint int, col1 date) engine='MYISAM'  partition by range/__MAXWELL__/  subpartition by hash/__MAXWELL__/ subpartitions 2  (/__MAXWELL__/"
[1] 23:44:16,452 DEBUG SchemaChange - SQL_PARSE ->   (parse (statement (create_table (create_table_preamble create table (table_name (name (id t4)))) (create_specifications ( (create_specification (column_definition (name (id colint)) (data_type (signed_type int)))) , (create_specification (column_definition (name (id col1)) (data_type (generic_type date)))) )) (table_creation_option (creation_engine engine = (string_literal 'MYISAM'))) (table_creation_option (partition_by partition by (partition_by_what range (skip_parens /__MAXWELL__/)) (subpartition_by subpartition by (partition_by_what hash (skip_parens /__MAXWELL__/)) subpartitions 2) (partition_definitions ( (skip_parens_inside_partition_definitions /__MAXWELL__/)))))) <EOF>)
[1] 23:44:16,452 DEBUG SchemaChange - SQL_PARSE <- "create table t4 (colint int, col1 date) engine='MYISAM'  partition by range(colint)  subpartition by hash(weekday(col1)) subpartitions 2  (partition p0 values less than (15), partition p1 values less than maxvalue)"
[1] 23:44:16,452 DEBUG SchemaChange - rewrote SQL to create table t4 (colint int, col1 date) engine='MYISAM'  partition by range/__MAXWELL__/  subpartition by hash(weekday(col1)) subpartitions 2  (partition p0 values less than (15), partition p1 values less than maxvalue)
[1] 23:44:16,452 DEBUG SchemaChange - SQL_PARSE <- "create table t4 (colint int, col1 date) engine='MYISAM'  partition by range/__MAXWELL__/  subpartition by hash(weekday(col1)) subpartitions 2  (partition p0 values less than (15), partition p1 values less than maxvalue)"
[1] 23:44:16,452 DEBUG SchemaChange - rewrote SQL to create table t4 (colint int, col1 date) engine='MYISAM'  partition by range/__MAXWELL__/  subpartition by hash/__MAXWELL__/ subpartitions 2  (partition p0 values less than (15), partition p1 values less than maxvalue)
[1] 23:44:16,452 DEBUG SchemaChange - SQL_PARSE <- "create table t4 (colint int, col1 date) engine='MYISAM'  partition by range/__MAXWELL__/  subpartition by hash/__MAXWELL__/ subpartitions 2  (partition p0 values less than (15), partition p1 values less than maxvalue)"
[1] 23:44:16,453 DEBUG SchemaChange - rewrote SQL to create table t4 (colint int, col1 date) engine='MYISAM'  partition by range/__MAXWELL__/  subpartition by hash/__MAXWELL__/ subpartitions 2  (/__MAXWELL__/
[1] 23:44:16,453 DEBUG SchemaChange - SQL_PARSE <- "create table t4 (colint int, col1 date) engine='MYISAM'  partition by range/__MAXWELL__/  subpartition by hash/__MAXWELL__/ subpartitions 2  (/__MAXWELL__/"
[1] 23:44:16,453 DEBUG SchemaChange - SQL_PARSE ->   (parse (statement (create_table (create_table_preamble create table (table_name (name (id t4)))) (create_specifications ( (create_specification (column_definition (name (id colint)) (data_type (signed_type int)))) , (create_specification (column_definition (name (id col1)) (data_type (generic_type date)))) )) (table_creation_option (creation_engine engine = (string_literal 'MYISAM'))) (table_creation_option (partition_by partition by (partition_by_what range (skip_parens /__MAXWELL__/)) (subpartition_by subpartition by (partition_by_what hash (skip_parens /__MAXWELL__/)) subpartitions 2) (partition_definitions ( (skip_parens_inside_partition_definitions /__MAXWELL__/)))))) <EOF>)
[1] 23:44:16,453 DEBUG SchemaChange - SQL_PARSE <- "create table t4 (colint int, col1 date) engine='MYISAM'  partition by range(colint)  subpartition by hash(year(col1)-1990) subpartitions 2  (partition p0 values less than (15), partition p1 values less than maxvalue)"
[1] 23:44:16,453 DEBUG SchemaChange - rewrote SQL to create table t4 (colint int, col1 date) engine='MYISAM'  partition by range/__MAXWELL__/  subpartition by hash(year(col1)-1990) subpartitions 2  (partition p0 values less than (15), partition p1 values less than maxvalue)
[1] 23:44:16,453 DEBUG SchemaChange - SQL_PARSE <- "create table t4 (colint int, col1 date) engine='MYISAM'  partition by range/__MAXWELL__/  subpartition by hash(year(col1)-1990) subpartitions 2  (partition p0 values less than (15), partition p1 values less than maxvalue)"
[1] 23:44:16,453 DEBUG SchemaChange - rewrote SQL to create table t4 (colint int, col1 date) engine='MYISAM'  partition by range/__MAXWELL__/  subpartition by hash/__MAXWELL__/ subpartitions 2  (partition p0 values less than (15), partition p1 values less than maxvalue)
[1] 23:44:16,453 DEBUG SchemaChange - SQL_PARSE <- "create table t4 (colint int, col1 date) engine='MYISAM'  partition by range/__MAXWELL__/  subpartition by hash/__MAXWELL__/ subpartitions 2  (partition p0 values less than (15), partition p1 values less than maxvalue)"
[1] 23:44:16,453 DEBUG SchemaChange - rewrote SQL to create table t4 (colint int, col1 date) engine='MYISAM'  partition by range/__MAXWELL__/  subpartition by hash/__MAXWELL__/ subpartitions 2  (/__MAXWELL__/
[1] 23:44:16,453 DEBUG SchemaChange - SQL_PARSE <- "create table t4 (colint int, col1 date) engine='MYISAM'  partition by range/__MAXWELL__/  subpartition by hash/__MAXWELL__/ subpartitions 2  (/__MAXWELL__/"
[1] 23:44:16,454 DEBUG SchemaChange - SQL_PARSE ->   (parse (statement (create_table (create_table_preamble create table (table_name (name (id t4)))) (create_specifications ( (create_specification (column_definition (name (id colint)) (data_type (signed_type int)))) , (create_specification (column_definition (name (id col1)) (data_type (generic_type date)))) )) (table_creation_option (creation_engine engine = (string_literal 'MYISAM'))) (table_creation_option (partition_by partition by (partition_by_what range (skip_parens /__MAXWELL__/)) (subpartition_by subpartition by (partition_by_what hash (skip_parens /__MAXWELL__/)) subpartitions 2) (partition_definitions ( (skip_parens_inside_partition_definitions /__MAXWELL__/)))))) <EOF>)
[1] 23:44:16,454 DEBUG SchemaChange - SQL_PARSE <- "create table t4 (colint int, col1 date) engine='MYISAM'  partition by range(colint)  subpartition by hash(yearweek(col1)-200600) subpartitions 2  (partition p0 values less than (15), partition p1 values less than maxvalue)"
[1] 23:44:16,454 DEBUG SchemaChange - rewrote SQL to create table t4 (colint int, col1 date) engine='MYISAM'  partition by range/__MAXWELL__/  subpartition by hash(yearweek(col1)-200600) subpartitions 2  (partition p0 values less than (15), partition p1 values less than maxvalue)
[1] 23:44:16,454 DEBUG SchemaChange - SQL_PARSE <- "create table t4 (colint int, col1 date) engine='MYISAM'  partition by range/__MAXWELL__/  subpartition by hash(yearweek(col1)-200600) subpartitions 2  (partition p0 values less than (15), partition p1 values less than maxvalue)"
[1] 23:44:16,454 DEBUG SchemaChange - rewrote SQL to create table t4 (colint int, col1 date) engine='MYISAM'  partition by range/__MAXWELL__/  subpartition by hash/__MAXWELL__/ subpartitions 2  (partition p0 values less than (15), partition p1 values less than maxvalue)
[1] 23:44:16,454 DEBUG SchemaChange - SQL_PARSE <- "create table t4 (colint int, col1 date) engine='MYISAM'  partition by range/__MAXWELL__/  subpartition by hash/__MAXWELL__/ subpartitions 2  (partition p0 values less than (15), partition p1 values less than maxvalue)"
[1] 23:44:16,454 DEBUG SchemaChange - rewrote SQL to create table t4 (colint int, col1 date) engine='MYISAM'  partition by range/__MAXWELL__/  subpartition by hash/__MAXWELL__/ subpartitions 2  (/__MAXWELL__/
[1] 23:44:16,454 DEBUG SchemaChange - SQL_PARSE <- "create table t4 (colint int, col1 date) engine='MYISAM'  partition by range/__MAXWELL__/  subpartition by hash/__MAXWELL__/ subpartitions 2  (/__MAXWELL__/"
[1] 23:44:16,454 DEBUG SchemaChange - SQL_PARSE ->   (parse (statement (create_table (create_table_preamble create table (table_name (name (id t4)))) (create_specifications ( (create_specification (column_definition (name (id colint)) (data_type (signed_type int)))) , (create_specification (column_definition (name (id col1)) (data_type (generic_type date)))) )) (table_creation_option (creation_engine engine = (string_literal 'MYISAM'))) (table_creation_option (partition_by partition by (partition_by_what range (skip_parens /__MAXWELL__/)) (subpartition_by subpartition by (partition_by_what hash (skip_parens /__MAXWELL__/)) subpartitions 2) (partition_definitions ( (skip_parens_inside_partition_definitions /__MAXWELL__/)))))) <EOF>)
[1] 23:44:16,455 DEBUG SchemaChange - SQL_PARSE <- "create table t4 (colint int, col1 int) engine='MYISAM'  partition by range(colint)  subpartition by hash(abs(col1)) subpartitions 2  (partition p0 values less than (15), partition p1 values less than maxvalue)"
[1] 23:44:16,455 DEBUG SchemaChange - rewrote SQL to create table t4 (colint int, col1 int) engine='MYISAM'  partition by range/__MAXWELL__/  subpartition by hash(abs(col1)) subpartitions 2  (partition p0 values less than (15), partition p1 values less than maxvalue)
[1] 23:44:16,455 DEBUG SchemaChange - SQL_PARSE <- "create table t4 (colint int, col1 int) engine='MYISAM'  partition by range/__MAXWELL__/  subpartition by hash(abs(col1)) subpartitions 2  (partition p0 values less than (15), partition p1 values less than maxvalue)"
[1] 23:44:16,455 DEBUG SchemaChange - rewrote SQL to create table t4 (colint int, col1 int) engine='MYISAM'  partition by range/__MAXWELL__/  subpartition by hash/__MAXWELL__/ subpartitions 2  (partition p0 values less than (15), partition p1 values less than maxvalue)
[1] 23:44:16,455 DEBUG SchemaChange - SQL_PARSE <- "create table t4 (colint int, col1 int) engine='MYISAM'  partition by range/__MAXWELL__/  subpartition by hash/__MAXWELL__/ subpartitions 2  (partition p0 values less than (15), partition p1 values less than maxvalue)"
[1] 23:44:16,455 DEBUG SchemaChange - rewrote SQL to create table t4 (colint int, col1 int) engine='MYISAM'  partition by range/__MAXWELL__/  subpartition by hash/__MAXWELL__/ subpartitions 2  (/__MAXWELL__/
[1] 23:44:16,455 DEBUG SchemaChange - SQL_PARSE <- "create table t4 (colint int, col1 int) engine='MYISAM'  partition by range/__MAXWELL__/  subpartition by hash/__MAXWELL__/ subpartitions 2  (/__MAXWELL__/"
[1] 23:44:16,455 DEBUG SchemaChange - SQL_PARSE ->   (parse (statement (create_table (create_table_preamble create table (table_name (name (id t4)))) (create_specifications ( (create_specification (column_definition (name (id colint)) (data_type (signed_type int)))) , (create_specification (column_definition (name (id col1)) (data_type (signed_type int)))) )) (table_creation_option (creation_engine engine = (string_literal 'MYISAM'))) (table_creation_option (partition_by partition by (partition_by_what range (skip_parens /__MAXWELL__/)) (subpartition_by subpartition by (partition_by_what hash (skip_parens /__MAXWELL__/)) subpartitions 2) (partition_definitions ( (skip_parens_inside_partition_definitions /__MAXWELL__/)))))) <EOF>)
[1] 23:44:16,455 DEBUG SchemaChange - SQL_PARSE <- "create table t4 (colint int, col1 int) engine='MYISAM'  partition by range(colint)  subpartition by hash(mod(col1,10)) subpartitions 2  (partition p0 values less than (15), partition p1 values less than maxvalue)"
[1] 23:44:16,456 DEBUG SchemaChange - rewrote SQL to create table t4 (colint int, col1 int) engine='MYISAM'  partition by range/__MAXWELL__/  subpartition by hash(mod(col1,10)) subpartitions 2  (partition p0 values less than (15), partition p1 values less than maxvalue)
[1] 23:44:16,456 DEBUG SchemaChange - SQL_PARSE <- "create table t4 (colint int, col1 int) engine='MYISAM'  partition by range/__MAXWELL__/  subpartition by hash(mod(col1,10)) subpartitions 2  (partition p0 values less than (15), partition p1 values less than maxvalue)"
[1] 23:44:16,456 DEBUG SchemaChange - rewrote SQL to create table t4 (colint int, col1 int) engine='MYISAM'  partition by range/__MAXWELL__/  subpartition by hash/__MAXWELL__/ subpartitions 2  (partition p0 values less than (15), partition p1 values less than maxvalue)
[1] 23:44:16,456 DEBUG SchemaChange - SQL_PARSE <- "create table t4 (colint int, col1 int) engine='MYISAM'  partition by range/__MAXWELL__/  subpartition by hash/__MAXWELL__/ subpartitions 2  (partition p0 values less than (15), partition p1 values less than maxvalue)"
[1] 23:44:16,456 DEBUG SchemaChange - rewrote SQL to create table t4 (colint int, col1 int) engine='MYISAM'  partition by range/__MAXWELL__/  subpartition by hash/__MAXWELL__/ subpartitions 2  (/__MAXWELL__/
[1] 23:44:16,456 DEBUG SchemaChange - SQL_PARSE <- "create table t4 (colint int, col1 int) engine='MYISAM'  partition by range/__MAXWELL__/  subpartition by hash/__MAXWELL__/ subpartitions 2  (/__MAXWELL__/"
[1] 23:44:16,456 DEBUG SchemaChange - SQL_PARSE ->   (parse (statement (create_table (create_table_preamble create table (table_name (name (id t4)))) (create_specifications ( (create_specification (column_definition (name (id colint)) (data_type (signed_type int)))) , (create_specification (column_definition (name (id col1)) (data_type (signed_type int)))) )) (table_creation_option (creation_engine engine = (string_literal 'MYISAM'))) (table_creation_option (partition_by partition by (partition_by_what range (skip_parens /__MAXWELL__/)) (subpartition_by subpartition by (partition_by_what hash (skip_parens /__MAXWELL__/)) subpartitions 2) (partition_definitions ( (skip_parens_inside_partition_definitions /__MAXWELL__/)))))) <EOF>)
[1] 23:44:16,456 DEBUG SchemaChange - SQL_PARSE <- "create table t4 (colint int, col1 time) engine='MYISAM'  partition by range(colint)  subpartition by hash(hour(col1)) subpartitions 2  (partition p0 values less than (15), partition p1 values less than maxvalue)"
[1] 23:44:16,456 DEBUG SchemaChange - rewrote SQL to create table t4 (colint int, col1 time) engine='MYISAM'  partition by range/__MAXWELL__/  subpartition by hash(hour(col1)) subpartitions 2  (partition p0 values less than (15), partition p1 values less than maxvalue)
[1] 23:44:16,456 DEBUG SchemaChange - SQL_PARSE <- "create table t4 (colint int, col1 time) engine='MYISAM'  partition by range/__MAXWELL__/  subpartition by hash(hour(col1)) subpartitions 2  (partition p0 values less than (15), partition p1 values less than maxvalue)"
[1] 23:44:16,457 DEBUG SchemaChange - rewrote SQL to create table t4 (colint int, col1 time) engine='MYISAM'  partition by range/__MAXWELL__/  subpartition by hash/__MAXWELL__/ subpartitions 2  (partition p0 values less than (15), partition p1 values less than maxvalue)
[1] 23:44:16,457 DEBUG SchemaChange - SQL_PARSE <- "create table t4 (colint int, col1 time) engine='MYISAM'  partition by range/__MAXWELL__/  subpartition by hash/__MAXWELL__/ subpartitions 2  (partition p0 values less than (15), partition p1 values less than maxvalue)"
[1] 23:44:16,457 DEBUG SchemaChange - rewrote SQL to create table t4 (colint int, col1 time) engine='MYISAM'  partition by range/__MAXWELL__/  subpartition by hash/__MAXWELL__/ subpartitions 2  (/__MAXWELL__/
[1] 23:44:16,457 DEBUG SchemaChange - SQL_PARSE <- "create table t4 (colint int, col1 time) engine='MYISAM'  partition by range/__MAXWELL__/  subpartition by hash/__MAXWELL__/ subpartitions 2  (/__MAXWELL__/"
[1] 23:44:16,457 DEBUG SchemaChange - SQL_PARSE ->   (parse (statement (create_table (create_table_preamble create table (table_name (name (id t4)))) (create_specifications ( (create_specification (column_definition (name (id colint)) (data_type (signed_type int)))) , (create_specification (column_definition (name (id col1)) (data_type (generic_type time)))) )) (table_creation_option (creation_engine engine = (string_literal 'MYISAM'))) (table_creation_option (partition_by partition by (partition_by_what range (skip_parens /__MAXWELL__/)) (subpartition_by subpartition by (partition_by_what hash (skip_parens /__MAXWELL__/)) subpartitions 2) (partition_definitions ( (skip_parens_inside_partition_definitions /__MAXWELL__/)))))) <EOF>)
[1] 23:44:16,457 DEBUG SchemaChange - SQL_PARSE <- "create table t4 (colint int, col1 time) engine='MYISAM'  partition by range(colint)  subpartition by hash(microsecond(col1)) subpartitions 2  (partition p0 values less than (15), partition p1 values less than maxvalue)"
[1] 23:44:16,457 DEBUG SchemaChange - rewrote SQL to create table t4 (colint int, col1 time) engine='MYISAM'  partition by range/__MAXWELL__/  subpartition by hash(microsecond(col1)) subpartitions 2  (partition p0 values less than (15), partition p1 values less than maxvalue)
[1] 23:44:16,457 DEBUG SchemaChange - SQL_PARSE <- "create table t4 (colint int, col1 time) engine='MYISAM'  partition by range/__MAXWELL__/  subpartition by hash(microsecond(col1)) subpartitions 2  (partition p0 values less than (15), partition p1 values less than maxvalue)"
[1] 23:44:16,457 DEBUG SchemaChange - rewrote SQL to create table t4 (colint int, col1 time) engine='MYISAM'  partition by range/__MAXWELL__/  subpartition by hash/__MAXWELL__/ subpartitions 2  (partition p0 values less than (15), partition p1 values less than maxvalue)
[1] 23:44:16,457 DEBUG SchemaChange - SQL_PARSE <- "create table t4 (colint int, col1 time) engine='MYISAM'  partition by range/__MAXWELL__/  subpartition by hash/__MAXWELL__/ subpartitions 2  (partition p0 values less than (15), partition p1 values less than maxvalue)"
[1] 23:44:16,458 DEBUG SchemaChange - rewrote SQL to create table t4 (colint int, col1 time) engine='MYISAM'  partition by range/__MAXWELL__/  subpartition by hash/__MAXWELL__/ subpartitions 2  (/__MAXWELL__/
[1] 23:44:16,458 DEBUG SchemaChange - SQL_PARSE <- "create table t4 (colint int, col1 time) engine='MYISAM'  partition by range/__MAXWELL__/  subpartition by hash/__MAXWELL__/ subpartitions 2  (/__MAXWELL__/"
[1] 23:44:16,458 DEBUG SchemaChange - SQL_PARSE ->   (parse (statement (create_table (create_table_preamble create table (table_name (name (id t4)))) (create_specifications ( (create_specification (column_definition (name (id colint)) (data_type (signed_type int)))) , (create_specification (column_definition (name (id col1)) (data_type (generic_type time)))) )) (table_creation_option (creation_engine engine = (string_literal 'MYISAM'))) (table_creation_option (partition_by partition by (partition_by_what range (skip_parens /__MAXWELL__/)) (subpartition_by subpartition by (partition_by_what hash (skip_parens /__MAXWELL__/)) subpartitions 2) (partition_definitions ( (skip_parens_inside_partition_definitions /__MAXWELL__/)))))) <EOF>)
[1] 23:44:16,458 DEBUG SchemaChange - SQL_PARSE <- "create table t4 (colint int, col1 time) engine='MYISAM'  partition by range(colint)  subpartition by hash(minute(col1)) subpartitions 2  (partition p0 values less than (15), partition p1 values less than maxvalue)"
[1] 23:44:16,458 DEBUG SchemaChange - rewrote SQL to create table t4 (colint int, col1 time) engine='MYISAM'  partition by range/__MAXWELL__/  subpartition by hash(minute(col1)) subpartitions 2  (partition p0 values less than (15), partition p1 values less than maxvalue)
[1] 23:44:16,458 DEBUG SchemaChange - SQL_PARSE <- "create table t4 (colint int, col1 time) engine='MYISAM'  partition by range/__MAXWELL__/  subpartition by hash(minute(col1)) subpartitions 2  (partition p0 values less than (15), partition p1 values less than maxvalue)"
[1] 23:44:16,458 DEBUG SchemaChange - rewrote SQL to create table t4 (colint int, col1 time) engine='MYISAM'  partition by range/__MAXWELL__/  subpartition by hash/__MAXWELL__/ subpartitions 2  (partition p0 values less than (15), partition p1 values less than maxvalue)
[1] 23:44:16,458 DEBUG SchemaChange - SQL_PARSE <- "create table t4 (colint int, col1 time) engine='MYISAM'  partition by range/__MAXWELL__/  subpartition by hash/__MAXWELL__/ subpartitions 2  (partition p0 values less than (15), partition p1 values less than maxvalue)"
[1] 23:44:16,458 DEBUG SchemaChange - rewrote SQL to create table t4 (colint int, col1 time) engine='MYISAM'  partition by range/__MAXWELL__/  subpartition by hash/__MAXWELL__/ subpartitions 2  (/__MAXWELL__/
[1] 23:44:16,458 DEBUG SchemaChange - SQL_PARSE <- "create table t4 (colint int, col1 time) engine='MYISAM'  partition by range/__MAXWELL__/  subpartition by hash/__MAXWELL__/ subpartitions 2  (/__MAXWELL__/"
[1] 23:44:16,459 DEBUG SchemaChange - SQL_PARSE ->   (parse (statement (create_table (create_table_preamble create table (table_name (name (id t4)))) (create_specifications ( (create_specification (column_definition (name (id colint)) (data_type (signed_type int)))) , (create_specification (column_definition (name (id col1)) (data_type (generic_type time)))) )) (table_creation_option (creation_engine engine = (string_literal 'MYISAM'))) (table_creation_option (partition_by partition by (partition_by_what range (skip_parens /__MAXWELL__/)) (subpartition_by subpartition by (partition_by_what hash (skip_parens /__MAXWELL__/)) subpartitions 2) (partition_definitions ( (skip_parens_inside_partition_definitions /__MAXWELL__/)))))) <EOF>)
[1] 23:44:16,459 DEBUG SchemaChange - SQL_PARSE <- "create table t4 (colint int, col1 time) engine='MYISAM'  partition by range(colint)  subpartition by hash(second(col1)) subpartitions 2  (partition p0 values less than (15), partition p1 values less than maxvalue)"
[1] 23:44:16,459 DEBUG SchemaChange - rewrote SQL to create table t4 (colint int, col1 time) engine='MYISAM'  partition by range/__MAXWELL__/  subpartition by hash(second(col1)) subpartitions 2  (partition p0 values less than (15), partition p1 values less than maxvalue)
[1] 23:44:16,459 DEBUG SchemaChange - SQL_PARSE <- "create table t4 (colint int, col1 time) engine='MYISAM'  partition by range/__MAXWELL__/  subpartition by hash(second(col1)) subpartitions 2  (partition p0 values less than (15), partition p1 values less than maxvalue)"
[1] 23:44:16,459 DEBUG SchemaChange - rewrote SQL to create table t4 (colint int, col1 time) engine='MYISAM'  partition by range/__MAXWELL__/  subpartition by hash/__MAXWELL__/ subpartitions 2  (partition p0 values less than (15), partition p1 values less than maxvalue)
[1] 23:44:16,459 DEBUG SchemaChange - SQL_PARSE <- "create table t4 (colint int, col1 time) engine='MYISAM'  partition by range/__MAXWELL__/  subpartition by hash/__MAXWELL__/ subpartitions 2  (partition p0 values less than (15), partition p1 values less than maxvalue)"
[1] 23:44:16,459 DEBUG SchemaChange - rewrote SQL to create table t4 (colint int, col1 time) engine='MYISAM'  partition by range/__MAXWELL__/  subpartition by hash/__MAXWELL__/ subpartitions 2  (/__MAXWELL__/
[1] 23:44:16,459 DEBUG SchemaChange - SQL_PARSE <- "create table t4 (colint int, col1 time) engine='MYISAM'  partition by range/__MAXWELL__/  subpartition by hash/__MAXWELL__/ subpartitions 2  (/__MAXWELL__/"
[1] 23:44:16,459 DEBUG SchemaChange - SQL_PARSE ->   (parse (statement (create_table (create_table_preamble create table (table_name (name (id t4)))) (create_specifications ( (create_specification (column_definition (name (id colint)) (data_type (signed_type int)))) , (create_specification (column_definition (name (id col1)) (data_type (generic_type time)))) )) (table_creation_option (creation_engine engine = (string_literal 'MYISAM'))) (table_creation_option (partition_by partition by (partition_by_what range (skip_parens /__MAXWELL__/)) (subpartition_by subpartition by (partition_by_what hash (skip_parens /__MAXWELL__/)) subpartitions 2) (partition_definitions ( (skip_parens_inside_partition_definitions /__MAXWELL__/)))))) <EOF>)
[1] 23:44:16,459 DEBUG SchemaChange - SQL_PARSE <- "create table t4 (colint int, col1 time) engine='MYISAM'  partition by range(colint)  subpartition by hash(time_to_sec(col1)-(time_to_sec(col1)-20)) subpartitions 2  (partition p0 values less than (15), partition p1 values less than maxvalue)"
[1] 23:44:16,460 DEBUG SchemaChange - rewrote SQL to create table t4 (colint int, col1 time) engine='MYISAM'  partition by range/__MAXWELL__/  subpartition by hash(time_to_sec(col1)-(time_to_sec(col1)-20)) subpartitions 2  (partition p0 values less than (15), partition p1 values less than maxvalue)
[1] 23:44:16,460 DEBUG SchemaChange - SQL_PARSE <- "create table t4 (colint int, col1 time) engine='MYISAM'  partition by range/__MAXWELL__/  subpartition by hash(time_to_sec(col1)-(time_to_sec(col1)-20)) subpartitions 2  (partition p0 values less than (15), partition p1 values less than maxvalue)"
[1] 23:44:16,460 DEBUG SchemaChange - rewrote SQL to create table t4 (colint int, col1 time) engine='MYISAM'  partition by range/__MAXWELL__/  subpartition by hash/__MAXWELL__/ subpartitions 2  (partition p0 values less than (15), partition p1 values less than maxvalue)
[1] 23:44:16,460 DEBUG SchemaChange - SQL_PARSE <- "create table t4 (colint int, col1 time) engine='MYISAM'  partition by range/__MAXWELL__/  subpartition by hash/__MAXWELL__/ subpartitions 2  (partition p0 values less than (15), partition p1 values less than maxvalue)"
[1] 23:44:16,460 DEBUG SchemaChange - rewrote SQL to create table t4 (colint int, col1 time) engine='MYISAM'  partition by range/__MAXWELL__/  subpartition by hash/__MAXWELL__/ subpartitions 2  (/__MAXWELL__/
[1] 23:44:16,460 DEBUG SchemaChange - SQL_PARSE <- "create table t4 (colint int, col1 time) engine='MYISAM'  partition by range/__MAXWELL__/  subpartition by hash/__MAXWELL__/ subpartitions 2  (/__MAXWELL__/"
[1] 23:44:16,460 DEBUG SchemaChange - SQL_PARSE ->   (parse (statement (create_table (create_table_preamble create table (table_name (name (id t4)))) (create_specifications ( (create_specification (column_definition (name (id colint)) (data_type (signed_type int)))) , (create_specification (column_definition (name (id col1)) (data_type (generic_type time)))) )) (table_creation_option (creation_engine engine = (string_literal 'MYISAM'))) (table_creation_option (partition_by partition by (partition_by_what range (skip_parens /__MAXWELL__/)) (subpartition_by subpartition by (partition_by_what hash (skip_parens /__MAXWELL__/)) subpartitions 2) (partition_definitions ( (skip_parens_inside_partition_definitions /__MAXWELL__/)))))) <EOF>)
[1] 23:44:16,460 DEBUG SchemaChange - SQL_PARSE <- "create table t4 (f1 date, f2 int) partition by key(f1,f2) partitions 3"
[1] 23:44:16,460 DEBUG SchemaChange - rewrote SQL to create table t4 (f1 date, f2 int) partition by key/__MAXWELL__/ partitions 3
[1] 23:44:16,460 DEBUG SchemaChange - SQL_PARSE <- "create table t4 (f1 date, f2 int) partition by key/__MAXWELL__/ partitions 3"
[1] 23:44:16,460 DEBUG SchemaChange - SQL_PARSE ->   (parse (statement (create_table (create_table_preamble create table (table_name (name (id t4)))) (create_specifications ( (create_specification (column_definition (name (id f1)) (data_type (generic_type date)))) , (create_specification (column_definition (name (id f2)) (data_type (signed_type int)))) )) (table_creation_option (partition_by partition by (partition_by_what key (skip_parens /__MAXWELL__/)) (partition_count partitions 3))))) <EOF>)
[1] 23:44:16,460 DEBUG SchemaChange - SQL_PARSE <- "create table t5 (a int not null, b int not null,  c int not null, d int not null)  partition by LIST(a+b) subpartition by HASH (c+d) subpartitions 2 ( partition p0 values in (12), partition p1 values in (14) )"
[1] 23:44:16,461 DEBUG SchemaChange - rewrote SQL to create table t5 (a int not null, b int not null,  c int not null, d int not null)  partition by LIST/__MAXWELL__/ subpartition by HASH (c+d) subpartitions 2 ( partition p0 values in (12), partition p1 values in (14) )
[1] 23:44:16,461 DEBUG SchemaChange - SQL_PARSE <- "create table t5 (a int not null, b int not null,  c int not null, d int not null)  partition by LIST/__MAXWELL__/ subpartition by HASH (c+d) subpartitions 2 ( partition p0 values in (12), partition p1 values in (14) )"
[1] 23:44:16,461 DEBUG SchemaChange - rewrote SQL to create table t5 (a int not null, b int not null,  c int not null, d int not null)  partition by LIST/__MAXWELL__/ subpartition by HASH /__MAXWELL__/ subpartitions 2 ( partition p0 values in (12), partition p1 values in (14) )
[1] 23:44:16,461 DEBUG SchemaChange - SQL_PARSE <- "create table t5 (a int not null, b int not null,  c int not null, d int not null)  partition by LIST/__MAXWELL__/ subpartition by HASH /__MAXWELL__/ subpartitions 2 ( partition p0 values in (12), partition p1 values in (14) )"
[1] 23:44:16,461 DEBUG SchemaChange - rewrote SQL to create table t5 (a int not null, b int not null,  c int not null, d int not null)  partition by LIST/__MAXWELL__/ subpartition by HASH /__MAXWELL__/ subpartitions 2 ( /__MAXWELL__/
[1] 23:44:16,461 DEBUG SchemaChange - SQL_PARSE <- "create table t5 (a int not null, b int not null,  c int not null, d int not null)  partition by LIST/__MAXWELL__/ subpartition by HASH /__MAXWELL__/ subpartitions 2 ( /__MAXWELL__/"
[1] 23:44:16,461 DEBUG SchemaChange - SQL_PARSE ->   (parse (statement (create_table (create_table_preamble create table (table_name (name (id t5)))) (create_specifications ( (create_specification (column_definition (name (id a)) (data_type (signed_type int (column_options (nullability not null)))))) , (create_specification (column_definition (name (id b)) (data_type (signed_type int (column_options (nullability not null)))))) , (create_specification (column_definition (name (id c)) (data_type (signed_type int (column_options (nullability not null)))))) , (create_specification (column_definition (name (id d)) (data_type (signed_type int (column_options (nullability not null)))))) )) (table_creation_option (partition_by partition by (partition_by_what LIST (skip_parens /__MAXWELL__/)) (subpartition_by subpartition by (partition_by_what HASH (skip_parens /__MAXWELL__/)) subpartitions 2) (partition_definitions ( (skip_parens_inside_partition_definitions /__MAXWELL__/)))))) <EOF>)
[1] 23:44:16,461 DEBUG SchemaChange - SQL_PARSE <- "create table t5 (colint int, col1 date) engine='MYISAM'  partition by list(colint) subpartition by hash(day(col1)) subpartitions 2  (partition p0 values in (1,2,3,4,5,6,7,8,9,10), partition p1 values in (11,12,13,14,15,16,17,18,19,20), partition p2 values in (21,22,23,24,25,26,27,28,29,30), partition p3 values in (31,32,33,34,35,36,37,38,39,40), partition p4 values in (41,42,43,44,45,46,47,48,49,50), partition p5 values in (51,52,53,54,55,56,57,58,59,60) )"
[1] 23:44:16,462 DEBUG SchemaChange - rewrote SQL to create table t5 (colint int, col1 date) engine='MYISAM'  partition by list/__MAXWELL__/ subpartition by hash(day(col1)) subpartitions 2  (partition p0 values in (1,2,3,4,5,6,7,8,9,10), partition p1 values in (11,12,13,14,15,16,17,18,19,20), partition p2 values in (21,22,23,24,25,26,27,28,29,30), partition p3 values in (31,32,33,34,35,36,37,38,39,40), partition p4 values in (41,42,43,44,45,46,47,48,49,50), partition p5 values in (51,52,53,54,55,56,57,58,59,60) )
[1] 23:44:16,462 DEBUG SchemaChange - SQL_PARSE <- "create table t5 (colint int, col1 date) engine='MYISAM'  partition by list/__MAXWELL__/ subpartition by hash(day(col1)) subpartitions 2  (partition p0 values in (1,2,3,4,5,6,7,8,9,10), partition p1 values in (11,12,13,14,15,16,17,18,19,20), partition p2 values in (21,22,23,24,25,26,27,28,29,30), partition p3 values in (31,32,33,34,35,36,37,38,39,40), partition p4 values in (41,42,43,44,45,46,47,48,49,50), partition p5 values in (51,52,53,54,55,56,57,58,59,60) )"
[1] 23:44:16,462 DEBUG SchemaChange - rewrote SQL to create table t5 (colint int, col1 date) engine='MYISAM'  partition by list/__MAXWELL__/ subpartition by hash/__MAXWELL__/ subpartitions 2  (partition p0 values in (1,2,3,4,5,6,7,8,9,10), partition p1 values in (11,12,13,14,15,16,17,18,19,20), partition p2 values in (21,22,23,24,25,26,27,28,29,30), partition p3 values in (31,32,33,34,35,36,37,38,39,40), partition p4 values in (41,42,43,44,45,46,47,48,49,50), partition p5 values in (51,52,53,54,55,56,57,58,59,60) )
[1] 23:44:16,462 DEBUG SchemaChange - SQL_PARSE <- "create table t5 (colint int, col1 date) engine='MYISAM'  partition by list/__MAXWELL__/ subpartition by hash/__MAXWELL__/ subpartitions 2  (partition p0 values in (1,2,3,4,5,6,7,8,9,10), partition p1 values in (11,12,13,14,15,16,17,18,19,20), partition p2 values in (21,22,23,24,25,26,27,28,29,30), partition p3 values in (31,32,33,34,35,36,37,38,39,40), partition p4 values in (41,42,43,44,45,46,47,48,49,50), partition p5 values in (51,52,53,54,55,56,57,58,59,60) )"
[1] 23:44:16,462 DEBUG SchemaChange - rewrote SQL to create table t5 (colint int, col1 date) engine='MYISAM'  partition by list/__MAXWELL__/ subpartition by hash/__MAXWELL__/ subpartitions 2  (/__MAXWELL__/
[1] 23:44:16,462 DEBUG SchemaChange - SQL_PARSE <- "create table t5 (colint int, col1 date) engine='MYISAM'  partition by list/__MAXWELL__/ subpartition by hash/__MAXWELL__/ subpartitions 2  (/__MAXWELL__/"
[1] 23:44:16,462 DEBUG SchemaChange - SQL_PARSE ->   (parse (statement (create_table (create_table_preamble create table (table_name (name (id t5)))) (create_specifications ( (create_specification (column_definition (name (id colint)) (data_type (signed_type int)))) , (create_specification (column_definition (name (id col1)) (data_type (generic_type date)))) )) (table_creation_option (creation_engine engine = (string_literal 'MYISAM'))) (table_creation_option (partition_by partition by (partition_by_what list (skip_parens /__MAXWELL__/)) (subpartition_by subpartition by (partition_by_what hash (skip_parens /__MAXWELL__/)) subpartitions 2) (partition_definitions ( (skip_parens_inside_partition_definitions /__MAXWELL__/)))))) <EOF>)
[1] 23:44:16,463 DEBUG SchemaChange - SQL_PARSE <- "create table t5 (colint int, col1 date) engine='MYISAM'  partition by list(colint) subpartition by hash(dayofmonth(col1)) subpartitions 2  (partition p0 values in (1,2,3,4,5,6,7,8,9,10), partition p1 values in (11,12,13,14,15,16,17,18,19,20), partition p2 values in (21,22,23,24,25,26,27,28,29,30), partition p3 values in (31,32,33,34,35,36,37,38,39,40), partition p4 values in (41,42,43,44,45,46,47,48,49,50), partition p5 values in (51,52,53,54,55,56,57,58,59,60) )"
[1] 23:44:16,463 DEBUG SchemaChange - rewrote SQL to create table t5 (colint int, col1 date) engine='MYISAM'  partition by list/__MAXWELL__/ subpartition by hash(dayofmonth(col1)) subpartitions 2  (partition p0 values in (1,2,3,4,5,6,7,8,9,10), partition p1 values in (11,12,13,14,15,16,17,18,19,20), partition p2 values in (21,22,23,24,25,26,27,28,29,30), partition p3 values in (31,32,33,34,35,36,37,38,39,40), partition p4 values in (41,42,43,44,45,46,47,48,49,50), partition p5 values in (51,52,53,54,55,56,57,58,59,60) )
[1] 23:44:16,463 DEBUG SchemaChange - SQL_PARSE <- "create table t5 (colint int, col1 date) engine='MYISAM'  partition by list/__MAXWELL__/ subpartition by hash(dayofmonth(col1)) subpartitions 2  (partition p0 values in (1,2,3,4,5,6,7,8,9,10), partition p1 values in (11,12,13,14,15,16,17,18,19,20), partition p2 values in (21,22,23,24,25,26,27,28,29,30), partition p3 values in (31,32,33,34,35,36,37,38,39,40), partition p4 values in (41,42,43,44,45,46,47,48,49,50), partition p5 values in (51,52,53,54,55,56,57,58,59,60) )"
[1] 23:44:16,463 DEBUG SchemaChange - rewrote SQL to create table t5 (colint int, col1 date) engine='MYISAM'  partition by list/__MAXWELL__/ subpartition by hash/__MAXWELL__/ subpartitions 2  (partition p0 values in (1,2,3,4,5,6,7,8,9,10), partition p1 values in (11,12,13,14,15,16,17,18,19,20), partition p2 values in (21,22,23,24,25,26,27,28,29,30), partition p3 values in (31,32,33,34,35,36,37,38,39,40), partition p4 values in (41,42,43,44,45,46,47,48,49,50), partition p5 values in (51,52,53,54,55,56,57,58,59,60) )
[1] 23:44:16,463 DEBUG SchemaChange - SQL_PARSE <- "create table t5 (colint int, col1 date) engine='MYISAM'  partition by list/__MAXWELL__/ subpartition by hash/__MAXWELL__/ subpartitions 2  (partition p0 values in (1,2,3,4,5,6,7,8,9,10), partition p1 values in (11,12,13,14,15,16,17,18,19,20), partition p2 values in (21,22,23,24,25,26,27,28,29,30), partition p3 values in (31,32,33,34,35,36,37,38,39,40), partition p4 values in (41,42,43,44,45,46,47,48,49,50), partition p5 values in (51,52,53,54,55,56,57,58,59,60) )"
[1] 23:44:16,463 DEBUG SchemaChange - rewrote SQL to create table t5 (colint int, col1 date) engine='MYISAM'  partition by list/__MAXWELL__/ subpartition by hash/__MAXWELL__/ subpartitions 2  (/__MAXWELL__/
[1] 23:44:16,463 DEBUG SchemaChange - SQL_PARSE <- "create table t5 (colint int, col1 date) engine='MYISAM'  partition by list/__MAXWELL__/ subpartition by hash/__MAXWELL__/ subpartitions 2  (/__MAXWELL__/"
[1] 23:44:16,464 DEBUG SchemaChange - SQL_PARSE ->   (parse (statement (create_table (create_table_preamble create table (table_name (name (id t5)))) (create_specifications ( (create_specification (column_definition (name (id colint)) (data_type (signed_type int)))) , (create_specification (column_definition (name (id col1)) (data_type (generic_type date)))) )) (table_creation_option (creation_engine engine = (string_literal 'MYISAM'))) (table_creation_option (partition_by partition by (partition_by_what list (skip_parens /__MAXWELL__/)) (subpartition_by subpartition by (partition_by_what hash (skip_parens /__MAXWELL__/)) subpartitions 2) (partition_definitions ( (skip_parens_inside_partition_definitions /__MAXWELL__/)))))) <EOF>)
[1] 23:44:16,464 DEBUG SchemaChange - SQL_PARSE <- "create table t5 (colint int, col1 date) engine='MYISAM'  partition by list(colint) subpartition by hash(dayofweek(col1)) subpartitions 2  (partition p0 values in (1,2,3,4,5,6,7,8,9,10), partition p1 values in (11,12,13,14,15,16,17,18,19,20), partition p2 values in (21,22,23,24,25,26,27,28,29,30), partition p3 values in (31,32,33,34,35,36,37,38,39,40), partition p4 values in (41,42,43,44,45,46,47,48,49,50), partition p5 values in (51,52,53,54,55,56,57,58,59,60) )"
[1] 23:44:16,465 DEBUG SchemaChange - rewrote SQL to create table t5 (colint int, col1 date) engine='MYISAM'  partition by list/__MAXWELL__/ subpartition by hash(dayofweek(col1)) subpartitions 2  (partition p0 values in (1,2,3,4,5,6,7,8,9,10), partition p1 values in (11,12,13,14,15,16,17,18,19,20), partition p2 values in (21,22,23,24,25,26,27,28,29,30), partition p3 values in (31,32,33,34,35,36,37,38,39,40), partition p4 values in (41,42,43,44,45,46,47,48,49,50), partition p5 values in (51,52,53,54,55,56,57,58,59,60) )
[1] 23:44:16,465 DEBUG SchemaChange - SQL_PARSE <- "create table t5 (colint int, col1 date) engine='MYISAM'  partition by list/__MAXWELL__/ subpartition by hash(dayofweek(col1)) subpartitions 2  (partition p0 values in (1,2,3,4,5,6,7,8,9,10), partition p1 values in (11,12,13,14,15,16,17,18,19,20), partition p2 values in (21,22,23,24,25,26,27,28,29,30), partition p3 values in (31,32,33,34,35,36,37,38,39,40), partition p4 values in (41,42,43,44,45,46,47,48,49,50), partition p5 values in (51,52,53,54,55,56,57,58,59,60) )"
[1] 23:44:16,465 DEBUG SchemaChange - rewrote SQL to create table t5 (colint int, col1 date) engine='MYISAM'  partition by list/__MAXWELL__/ subpartition by hash/__MAXWELL__/ subpartitions 2  (partition p0 values in (1,2,3,4,5,6,7,8,9,10), partition p1 values in (11,12,13,14,15,16,17,18,19,20), partition p2 values in (21,22,23,24,25,26,27,28,29,30), partition p3 values in (31,32,33,34,35,36,37,38,39,40), partition p4 values in (41,42,43,44,45,46,47,48,49,50), partition p5 values in (51,52,53,54,55,56,57,58,59,60) )
[1] 23:44:16,465 DEBUG SchemaChange - SQL_PARSE <- "create table t5 (colint int, col1 date) engine='MYISAM'  partition by list/__MAXWELL__/ subpartition by hash/__MAXWELL__/ subpartitions 2  (partition p0 values in (1,2,3,4,5,6,7,8,9,10), partition p1 values in (11,12,13,14,15,16,17,18,19,20), partition p2 values in (21,22,23,24,25,26,27,28,29,30), partition p3 values in (31,32,33,34,35,36,37,38,39,40), partition p4 values in (41,42,43,44,45,46,47,48,49,50), partition p5 values in (51,52,53,54,55,56,57,58,59,60) )"
[1] 23:44:16,466 DEBUG SchemaChange - rewrote SQL to create table t5 (colint int, col1 date) engine='MYISAM'  partition by list/__MAXWELL__/ subpartition by hash/__MAXWELL__/ subpartitions 2  (/__MAXWELL__/
[1] 23:44:16,466 DEBUG SchemaChange - SQL_PARSE <- "create table t5 (colint int, col1 date) engine='MYISAM'  partition by list/__MAXWELL__/ subpartition by hash/__MAXWELL__/ subpartitions 2  (/__MAXWELL__/"
[1] 23:44:16,466 DEBUG SchemaChange - SQL_PARSE ->   (parse (statement (create_table (create_table_preamble create table (table_name (name (id t5)))) (create_specifications ( (create_specification (column_definition (name (id colint)) (data_type (signed_type int)))) , (create_specification (column_definition (name (id col1)) (data_type (generic_type date)))) )) (table_creation_option (creation_engine engine = (string_literal 'MYISAM'))) (table_creation_option (partition_by partition by (partition_by_what list (skip_parens /__MAXWELL__/)) (subpartition_by subpartition by (partition_by_what hash (skip_parens /__MAXWELL__/)) subpartitions 2) (partition_definitions ( (skip_parens_inside_partition_definitions /__MAXWELL__/)))))) <EOF>)
[1] 23:44:16,466 DEBUG SchemaChange - SQL_PARSE <- "create table t5 (colint int, col1 date) engine='MYISAM'  partition by list(colint) subpartition by hash(dayofyear(col1)) subpartitions 2  (partition p0 values in (1,2,3,4,5,6,7,8,9,10), partition p1 values in (11,12,13,14,15,16,17,18,19,20), partition p2 values in (21,22,23,24,25,26,27,28,29,30), partition p3 values in (31,32,33,34,35,36,37,38,39,40), partition p4 values in (41,42,43,44,45,46,47,48,49,50), partition p5 values in (51,52,53,54,55,56,57,58,59,60) )"
[1] 23:44:16,466 DEBUG SchemaChange - rewrote SQL to create table t5 (colint int, col1 date) engine='MYISAM'  partition by list/__MAXWELL__/ subpartition by hash(dayofyear(col1)) subpartitions 2  (partition p0 values in (1,2,3,4,5,6,7,8,9,10), partition p1 values in (11,12,13,14,15,16,17,18,19,20), partition p2 values in (21,22,23,24,25,26,27,28,29,30), partition p3 values in (31,32,33,34,35,36,37,38,39,40), partition p4 values in (41,42,43,44,45,46,47,48,49,50), partition p5 values in (51,52,53,54,55,56,57,58,59,60) )
[1] 23:44:16,466 DEBUG SchemaChange - SQL_PARSE <- "create table t5 (colint int, col1 date) engine='MYISAM'  partition by list/__MAXWELL__/ subpartition by hash(dayofyear(col1)) subpartitions 2  (partition p0 values in (1,2,3,4,5,6,7,8,9,10), partition p1 values in (11,12,13,14,15,16,17,18,19,20), partition p2 values in (21,22,23,24,25,26,27,28,29,30), partition p3 values in (31,32,33,34,35,36,37,38,39,40), partition p4 values in (41,42,43,44,45,46,47,48,49,50), partition p5 values in (51,52,53,54,55,56,57,58,59,60) )"
[1] 23:44:16,467 DEBUG SchemaChange - rewrote SQL to create table t5 (colint int, col1 date) engine='MYISAM'  partition by list/__MAXWELL__/ subpartition by hash/__MAXWELL__/ subpartitions 2  (partition p0 values in (1,2,3,4,5,6,7,8,9,10), partition p1 values in (11,12,13,14,15,16,17,18,19,20), partition p2 values in (21,22,23,24,25,26,27,28,29,30), partition p3 values in (31,32,33,34,35,36,37,38,39,40), partition p4 values in (41,42,43,44,45,46,47,48,49,50), partition p5 values in (51,52,53,54,55,56,57,58,59,60) )
[1] 23:44:16,467 DEBUG SchemaChange - SQL_PARSE <- "create table t5 (colint int, col1 date) engine='MYISAM'  partition by list/__MAXWELL__/ subpartition by hash/__MAXWELL__/ subpartitions 2  (partition p0 values in (1,2,3,4,5,6,7,8,9,10), partition p1 values in (11,12,13,14,15,16,17,18,19,20), partition p2 values in (21,22,23,24,25,26,27,28,29,30), partition p3 values in (31,32,33,34,35,36,37,38,39,40), partition p4 values in (41,42,43,44,45,46,47,48,49,50), partition p5 values in (51,52,53,54,55,56,57,58,59,60) )"
[1] 23:44:16,467 DEBUG SchemaChange - rewrote SQL to create table t5 (colint int, col1 date) engine='MYISAM'  partition by list/__MAXWELL__/ subpartition by hash/__MAXWELL__/ subpartitions 2  (/__MAXWELL__/
[1] 23:44:16,467 DEBUG SchemaChange - SQL_PARSE <- "create table t5 (colint int, col1 date) engine='MYISAM'  partition by list/__MAXWELL__/ subpartition by hash/__MAXWELL__/ subpartitions 2  (/__MAXWELL__/"
[1] 23:44:16,467 DEBUG SchemaChange - SQL_PARSE ->   (parse (statement (create_table (create_table_preamble create table (table_name (name (id t5)))) (create_specifications ( (create_specification (column_definition (name (id colint)) (data_type (signed_type int)))) , (create_specification (column_definition (name (id col1)) (data_type (generic_type date)))) )) (table_creation_option (creation_engine engine = (string_literal 'MYISAM'))) (table_creation_option (partition_by partition by (partition_by_what list (skip_parens /__MAXWELL__/)) (subpartition_by subpartition by (partition_by_what hash (skip_parens /__MAXWELL__/)) subpartitions 2) (partition_definitions ( (skip_parens_inside_partition_definitions /__MAXWELL__/)))))) <EOF>)
[1] 23:44:16,467 DEBUG SchemaChange - SQL_PARSE <- "create table t5 (colint int, col1 date) engine='MYISAM'  partition by list(colint) subpartition by hash(extract(month from col1)) subpartitions 2  (partition p0 values in (1,2,3,4,5,6,7,8,9,10), partition p1 values in (11,12,13,14,15,16,17,18,19,20), partition p2 values in (21,22,23,24,25,26,27,28,29,30), partition p3 values in (31,32,33,34,35,36,37,38,39,40), partition p4 values in (41,42,43,44,45,46,47,48,49,50), partition p5 values in (51,52,53,54,55,56,57,58,59,60) )"
[1] 23:44:16,468 DEBUG SchemaChange - rewrote SQL to create table t5 (colint int, col1 date) engine='MYISAM'  partition by list/__MAXWELL__/ subpartition by hash(extract(month from col1)) subpartitions 2  (partition p0 values in (1,2,3,4,5,6,7,8,9,10), partition p1 values in (11,12,13,14,15,16,17,18,19,20), partition p2 values in (21,22,23,24,25,26,27,28,29,30), partition p3 values in (31,32,33,34,35,36,37,38,39,40), partition p4 values in (41,42,43,44,45,46,47,48,49,50), partition p5 values in (51,52,53,54,55,56,57,58,59,60) )
[1] 23:44:16,468 DEBUG SchemaChange - SQL_PARSE <- "create table t5 (colint int, col1 date) engine='MYISAM'  partition by list/__MAXWELL__/ subpartition by hash(extract(month from col1)) subpartitions 2  (partition p0 values in (1,2,3,4,5,6,7,8,9,10), partition p1 values in (11,12,13,14,15,16,17,18,19,20), partition p2 values in (21,22,23,24,25,26,27,28,29,30), partition p3 values in (31,32,33,34,35,36,37,38,39,40), partition p4 values in (41,42,43,44,45,46,47,48,49,50), partition p5 values in (51,52,53,54,55,56,57,58,59,60) )"
[1] 23:44:16,468 DEBUG SchemaChange - rewrote SQL to create table t5 (colint int, col1 date) engine='MYISAM'  partition by list/__MAXWELL__/ subpartition by hash/__MAXWELL__/ subpartitions 2  (partition p0 values in (1,2,3,4,5,6,7,8,9,10), partition p1 values in (11,12,13,14,15,16,17,18,19,20), partition p2 values in (21,22,23,24,25,26,27,28,29,30), partition p3 values in (31,32,33,34,35,36,37,38,39,40), partition p4 values in (41,42,43,44,45,46,47,48,49,50), partition p5 values in (51,52,53,54,55,56,57,58,59,60) )
[1] 23:44:16,468 DEBUG SchemaChange - SQL_PARSE <- "create table t5 (colint int, col1 date) engine='MYISAM'  partition by list/__MAXWELL__/ subpartition by hash/__MAXWELL__/ subpartitions 2  (partition p0 values in (1,2,3,4,5,6,7,8,9,10), partition p1 values in (11,12,13,14,15,16,17,18,19,20), partition p2 values in (21,22,23,24,25,26,27,28,29,30), partition p3 values in (31,32,33,34,35,36,37,38,39,40), partition p4 values in (41,42,43,44,45,46,47,48,49,50), partition p5 values in (51,52,53,54,55,56,57,58,59,60) )"
[1] 23:44:16,468 DEBUG SchemaChange - rewrote SQL to create table t5 (colint int, col1 date) engine='MYISAM'  partition by list/__MAXWELL__/ subpartition by hash/__MAXWELL__/ subpartitions 2  (/__MAXWELL__/
[1] 23:44:16,468 DEBUG SchemaChange - SQL_PARSE <- "create table t5 (colint int, col1 date) engine='MYISAM'  partition by list/__MAXWELL__/ subpartition by hash/__MAXWELL__/ subpartitions 2  (/__MAXWELL__/"
[1] 23:44:16,468 DEBUG SchemaChange - SQL_PARSE ->   (parse (statement (create_table (create_table_preamble create table (table_name (name (id t5)))) (create_specifications ( (create_specification (column_definition (name (id colint)) (data_type (signed_type int)))) , (create_specification (column_definition (name (id col1)) (data_type (generic_type date)))) )) (table_creation_option (creation_engine engine = (string_literal 'MYISAM'))) (table_creation_option (partition_by partition by (partition_by_what list (skip_parens /__MAXWELL__/)) (subpartition_by subpartition by (partition_by_what hash (skip_parens /__MAXWELL__/)) subpartitions 2) (partition_definitions ( (skip_parens_inside_partition_definitions /__MAXWELL__/)))))) <EOF>)
[1] 23:44:16,469 DEBUG SchemaChange - SQL_PARSE <- "create table t5 (colint int, col1 date) engine='MYISAM'  partition by list(colint) subpartition by hash(month(col1)) subpartitions 2  (partition p0 values in (1,2,3,4,5,6,7,8,9,10), partition p1 values in (11,12,13,14,15,16,17,18,19,20), partition p2 values in (21,22,23,24,25,26,27,28,29,30), partition p3 values in (31,32,33,34,35,36,37,38,39,40), partition p4 values in (41,42,43,44,45,46,47,48,49,50), partition p5 values in (51,52,53,54,55,56,57,58,59,60) )"
[1] 23:44:16,469 DEBUG SchemaChange - rewrote SQL to create table t5 (colint int, col1 date) engine='MYISAM'  partition by list/__MAXWELL__/ subpartition by hash(month(col1)) subpartitions 2  (partition p0 values in (1,2,3,4,5,6,7,8,9,10), partition p1 values in (11,12,13,14,15,16,17,18,19,20), partition p2 values in (21,22,23,24,25,26,27,28,29,30), partition p3 values in (31,32,33,34,35,36,37,38,39,40), partition p4 values in (41,42,43,44,45,46,47,48,49,50), partition p5 values in (51,52,53,54,55,56,57,58,59,60) )
[1] 23:44:16,469 DEBUG SchemaChange - SQL_PARSE <- "create table t5 (colint int, col1 date) engine='MYISAM'  partition by list/__MAXWELL__/ subpartition by hash(month(col1)) subpartitions 2  (partition p0 values in (1,2,3,4,5,6,7,8,9,10), partition p1 values in (11,12,13,14,15,16,17,18,19,20), partition p2 values in (21,22,23,24,25,26,27,28,29,30), partition p3 values in (31,32,33,34,35,36,37,38,39,40), partition p4 values in (41,42,43,44,45,46,47,48,49,50), partition p5 values in (51,52,53,54,55,56,57,58,59,60) )"
[1] 23:44:16,469 DEBUG SchemaChange - rewrote SQL to create table t5 (colint int, col1 date) engine='MYISAM'  partition by list/__MAXWELL__/ subpartition by hash/__MAXWELL__/ subpartitions 2  (partition p0 values in (1,2,3,4,5,6,7,8,9,10), partition p1 values in (11,12,13,14,15,16,17,18,19,20), partition p2 values in (21,22,23,24,25,26,27,28,29,30), partition p3 values in (31,32,33,34,35,36,37,38,39,40), partition p4 values in (41,42,43,44,45,46,47,48,49,50), partition p5 values in (51,52,53,54,55,56,57,58,59,60) )
[1] 23:44:16,469 DEBUG SchemaChange - SQL_PARSE <- "create table t5 (colint int, col1 date) engine='MYISAM'  partition by list/__MAXWELL__/ subpartition by hash/__MAXWELL__/ subpartitions 2  (partition p0 values in (1,2,3,4,5,6,7,8,9,10), partition p1 values in (11,12,13,14,15,16,17,18,19,20), partition p2 values in (21,22,23,24,25,26,27,28,29,30), partition p3 values in (31,32,33,34,35,36,37,38,39,40), partition p4 values in (41,42,43,44,45,46,47,48,49,50), partition p5 values in (51,52,53,54,55,56,57,58,59,60) )"
[1] 23:44:16,470 DEBUG SchemaChange - rewrote SQL to create table t5 (colint int, col1 date) engine='MYISAM'  partition by list/__MAXWELL__/ subpartition by hash/__MAXWELL__/ subpartitions 2  (/__MAXWELL__/
[1] 23:44:16,470 DEBUG SchemaChange - SQL_PARSE <- "create table t5 (colint int, col1 date) engine='MYISAM'  partition by list/__MAXWELL__/ subpartition by hash/__MAXWELL__/ subpartitions 2  (/__MAXWELL__/"
[1] 23:44:16,470 DEBUG SchemaChange - SQL_PARSE ->   (parse (statement (create_table (create_table_preamble create table (table_name (name (id t5)))) (create_specifications ( (create_specification (column_definition (name (id colint)) (data_type (signed_type int)))) , (create_specification (column_definition (name (id col1)) (data_type (generic_type date)))) )) (table_creation_option (creation_engine engine = (string_literal 'MYISAM'))) (table_creation_option (partition_by partition by (partition_by_what list (skip_parens /__MAXWELL__/)) (subpartition_by subpartition by (partition_by_what hash (skip_parens /__MAXWELL__/)) subpartitions 2) (partition_definitions ( (skip_parens_inside_partition_definitions /__MAXWELL__/)))))) <EOF>)
[1] 23:44:16,470 DEBUG SchemaChange - SQL_PARSE <- "create table t5 (colint int, col1 date) engine='MYISAM'  partition by list(colint) subpartition by hash(quarter(col1)) subpartitions 2  (partition p0 values in (1,2,3,4,5,6,7,8,9,10), partition p1 values in (11,12,13,14,15,16,17,18,19,20), partition p2 values in (21,22,23,24,25,26,27,28,29,30), partition p3 values in (31,32,33,34,35,36,37,38,39,40), partition p4 values in (41,42,43,44,45,46,47,48,49,50), partition p5 values in (51,52,53,54,55,56,57,58,59,60) )"
[1] 23:44:16,470 DEBUG SchemaChange - rewrote SQL to create table t5 (colint int, col1 date) engine='MYISAM'  partition by list/__MAXWELL__/ subpartition by hash(quarter(col1)) subpartitions 2  (partition p0 values in (1,2,3,4,5,6,7,8,9,10), partition p1 values in (11,12,13,14,15,16,17,18,19,20), partition p2 values in (21,22,23,24,25,26,27,28,29,30), partition p3 values in (31,32,33,34,35,36,37,38,39,40), partition p4 values in (41,42,43,44,45,46,47,48,49,50), partition p5 values in (51,52,53,54,55,56,57,58,59,60) )
[1] 23:44:16,470 DEBUG SchemaChange - SQL_PARSE <- "create table t5 (colint int, col1 date) engine='MYISAM'  partition by list/__MAXWELL__/ subpartition by hash(quarter(col1)) subpartitions 2  (partition p0 values in (1,2,3,4,5,6,7,8,9,10), partition p1 values in (11,12,13,14,15,16,17,18,19,20), partition p2 values in (21,22,23,24,25,26,27,28,29,30), partition p3 values in (31,32,33,34,35,36,37,38,39,40), partition p4 values in (41,42,43,44,45,46,47,48,49,50), partition p5 values in (51,52,53,54,55,56,57,58,59,60) )"
[1] 23:44:16,471 DEBUG SchemaChange - rewrote SQL to create table t5 (colint int, col1 date) engine='MYISAM'  partition by list/__MAXWELL__/ subpartition by hash/__MAXWELL__/ subpartitions 2  (partition p0 values in (1,2,3,4,5,6,7,8,9,10), partition p1 values in (11,12,13,14,15,16,17,18,19,20), partition p2 values in (21,22,23,24,25,26,27,28,29,30), partition p3 values in (31,32,33,34,35,36,37,38,39,40), partition p4 values in (41,42,43,44,45,46,47,48,49,50), partition p5 values in (51,52,53,54,55,56,57,58,59,60) )
[1] 23:44:16,471 DEBUG SchemaChange - SQL_PARSE <- "create table t5 (colint int, col1 date) engine='MYISAM'  partition by list/__MAXWELL__/ subpartition by hash/__MAXWELL__/ subpartitions 2  (partition p0 values in (1,2,3,4,5,6,7,8,9,10), partition p1 values in (11,12,13,14,15,16,17,18,19,20), partition p2 values in (21,22,23,24,25,26,27,28,29,30), partition p3 values in (31,32,33,34,35,36,37,38,39,40), partition p4 values in (41,42,43,44,45,46,47,48,49,50), partition p5 values in (51,52,53,54,55,56,57,58,59,60) )"
[1] 23:44:16,471 DEBUG SchemaChange - rewrote SQL to create table t5 (colint int, col1 date) engine='MYISAM'  partition by list/__MAXWELL__/ subpartition by hash/__MAXWELL__/ subpartitions 2  (/__MAXWELL__/
[1] 23:44:16,471 DEBUG SchemaChange - SQL_PARSE <- "create table t5 (colint int, col1 date) engine='MYISAM'  partition by list/__MAXWELL__/ subpartition by hash/__MAXWELL__/ subpartitions 2  (/__MAXWELL__/"
[1] 23:44:16,471 DEBUG SchemaChange - SQL_PARSE ->   (parse (statement (create_table (create_table_preamble create table (table_name (name (id t5)))) (create_specifications ( (create_specification (column_definition (name (id colint)) (data_type (signed_type int)))) , (create_specification (column_definition (name (id col1)) (data_type (generic_type date)))) )) (table_creation_option (creation_engine engine = (string_literal 'MYISAM'))) (table_creation_option (partition_by partition by (partition_by_what list (skip_parens /__MAXWELL__/)) (subpartition_by subpartition by (partition_by_what hash (skip_parens /__MAXWELL__/)) subpartitions 2) (partition_definitions ( (skip_parens_inside_partition_definitions /__MAXWELL__/)))))) <EOF>)
[1] 23:44:16,471 DEBUG SchemaChange - SQL_PARSE <- "create table t5 (colint int, col1 date) engine='MYISAM'  partition by list(colint) subpartition by hash(weekday(col1)) subpartitions 2  (partition p0 values in (1,2,3,4,5,6,7,8,9,10), partition p1 values in (11,12,13,14,15,16,17,18,19,20), partition p2 values in (21,22,23,24,25,26,27,28,29,30), partition p3 values in (31,32,33,34,35,36,37,38,39,40), partition p4 values in (41,42,43,44,45,46,47,48,49,50), partition p5 values in (51,52,53,54,55,56,57,58,59,60) )"
[1] 23:44:16,472 DEBUG SchemaChange - rewrote SQL to create table t5 (colint int, col1 date) engine='MYISAM'  partition by list/__MAXWELL__/ subpartition by hash(weekday(col1)) subpartitions 2  (partition p0 values in (1,2,3,4,5,6,7,8,9,10), partition p1 values in (11,12,13,14,15,16,17,18,19,20), partition p2 values in (21,22,23,24,25,26,27,28,29,30), partition p3 values in (31,32,33,34,35,36,37,38,39,40), partition p4 values in (41,42,43,44,45,46,47,48,49,50), partition p5 values in (51,52,53,54,55,56,57,58,59,60) )
[1] 23:44:16,472 DEBUG SchemaChange - SQL_PARSE <- "create table t5 (colint int, col1 date) engine='MYISAM'  partition by list/__MAXWELL__/ subpartition by hash(weekday(col1)) subpartitions 2  (partition p0 values in (1,2,3,4,5,6,7,8,9,10), partition p1 values in (11,12,13,14,15,16,17,18,19,20), partition p2 values in (21,22,23,24,25,26,27,28,29,30), partition p3 values in (31,32,33,34,35,36,37,38,39,40), partition p4 values in (41,42,43,44,45,46,47,48,49,50), partition p5 values in (51,52,53,54,55,56,57,58,59,60) )"
[1] 23:44:16,472 DEBUG SchemaChange - rewrote SQL to create table t5 (colint int, col1 date) engine='MYISAM'  partition by list/__MAXWELL__/ subpartition by hash/__MAXWELL__/ subpartitions 2  (partition p0 values in (1,2,3,4,5,6,7,8,9,10), partition p1 values in (11,12,13,14,15,16,17,18,19,20), partition p2 values in (21,22,23,24,25,26,27,28,29,30), partition p3 values in (31,32,33,34,35,36,37,38,39,40), partition p4 values in (41,42,43,44,45,46,47,48,49,50), partition p5 values in (51,52,53,54,55,56,57,58,59,60) )
[1] 23:44:16,472 DEBUG SchemaChange - SQL_PARSE <- "create table t5 (colint int, col1 date) engine='MYISAM'  partition by list/__MAXWELL__/ subpartition by hash/__MAXWELL__/ subpartitions 2  (partition p0 values in (1,2,3,4,5,6,7,8,9,10), partition p1 values in (11,12,13,14,15,16,17,18,19,20), partition p2 values in (21,22,23,24,25,26,27,28,29,30), partition p3 values in (31,32,33,34,35,36,37,38,39,40), partition p4 values in (41,42,43,44,45,46,47,48,49,50), partition p5 values in (51,52,53,54,55,56,57,58,59,60) )"
[1] 23:44:16,472 DEBUG SchemaChange - rewrote SQL to create table t5 (colint int, col1 date) engine='MYISAM'  partition by list/__MAXWELL__/ subpartition by hash/__MAXWELL__/ subpartitions 2  (/__MAXWELL__/
[1] 23:44:16,472 DEBUG SchemaChange - SQL_PARSE <- "create table t5 (colint int, col1 date) engine='MYISAM'  partition by list/__MAXWELL__/ subpartition by hash/__MAXWELL__/ subpartitions 2  (/__MAXWELL__/"
[1] 23:44:16,472 DEBUG SchemaChange - SQL_PARSE ->   (parse (statement (create_table (create_table_preamble create table (table_name (name (id t5)))) (create_specifications ( (create_specification (column_definition (name (id colint)) (data_type (signed_type int)))) , (create_specification (column_definition (name (id col1)) (data_type (generic_type date)))) )) (table_creation_option (creation_engine engine = (string_literal 'MYISAM'))) (table_creation_option (partition_by partition by (partition_by_what list (skip_parens /__MAXWELL__/)) (subpartition_by subpartition by (partition_by_what hash (skip_parens /__MAXWELL__/)) subpartitions 2) (partition_definitions ( (skip_parens_inside_partition_definitions /__MAXWELL__/)))))) <EOF>)
[1] 23:44:16,472 DEBUG SchemaChange - SQL_PARSE <- "create table t5 (colint int, col1 date) engine='MYISAM'  partition by list(colint) subpartition by hash(year(col1)-1990) subpartitions 2  (partition p0 values in (1,2,3,4,5,6,7,8,9,10), partition p1 values in (11,12,13,14,15,16,17,18,19,20), partition p2 values in (21,22,23,24,25,26,27,28,29,30), partition p3 values in (31,32,33,34,35,36,37,38,39,40), partition p4 values in (41,42,43,44,45,46,47,48,49,50), partition p5 values in (51,52,53,54,55,56,57,58,59,60) )"
[1] 23:44:16,473 DEBUG SchemaChange - rewrote SQL to create table t5 (colint int, col1 date) engine='MYISAM'  partition by list/__MAXWELL__/ subpartition by hash(year(col1)-1990) subpartitions 2  (partition p0 values in (1,2,3,4,5,6,7,8,9,10), partition p1 values in (11,12,13,14,15,16,17,18,19,20), partition p2 values in (21,22,23,24,25,26,27,28,29,30), partition p3 values in (31,32,33,34,35,36,37,38,39,40), partition p4 values in (41,42,43,44,45,46,47,48,49,50), partition p5 values in (51,52,53,54,55,56,57,58,59,60) )
[1] 23:44:16,473 DEBUG SchemaChange - SQL_PARSE <- "create table t5 (colint int, col1 date) engine='MYISAM'  partition by list/__MAXWELL__/ subpartition by hash(year(col1)-1990) subpartitions 2  (partition p0 values in (1,2,3,4,5,6,7,8,9,10), partition p1 values in (11,12,13,14,15,16,17,18,19,20), partition p2 values in (21,22,23,24,25,26,27,28,29,30), partition p3 values in (31,32,33,34,35,36,37,38,39,40), partition p4 values in (41,42,43,44,45,46,47,48,49,50), partition p5 values in (51,52,53,54,55,56,57,58,59,60) )"
[1] 23:44:16,473 DEBUG SchemaChange - rewrote SQL to create table t5 (colint int, col1 date) engine='MYISAM'  partition by list/__MAXWELL__/ subpartition by hash/__MAXWELL__/ subpartitions 2  (partition p0 values in (1,2,3,4,5,6,7,8,9,10), partition p1 values in (11,12,13,14,15,16,17,18,19,20), partition p2 values in (21,22,23,24,25,26,27,28,29,30), partition p3 values in (31,32,33,34,35,36,37,38,39,40), partition p4 values in (41,42,43,44,45,46,47,48,49,50), partition p5 values in (51,52,53,54,55,56,57,58,59,60) )
[1] 23:44:16,473 DEBUG SchemaChange - SQL_PARSE <- "create table t5 (colint int, col1 date) engine='MYISAM'  partition by list/__MAXWELL__/ subpartition by hash/__MAXWELL__/ subpartitions 2  (partition p0 values in (1,2,3,4,5,6,7,8,9,10), partition p1 values in (11,12,13,14,15,16,17,18,19,20), partition p2 values in (21,22,23,24,25,26,27,28,29,30), partition p3 values in (31,32,33,34,35,36,37,38,39,40), partition p4 values in (41,42,43,44,45,46,47,48,49,50), partition p5 values in (51,52,53,54,55,56,57,58,59,60) )"
[1] 23:44:16,473 DEBUG SchemaChange - rewrote SQL to create table t5 (colint int, col1 date) engine='MYISAM'  partition by list/__MAXWELL__/ subpartition by hash/__MAXWELL__/ subpartitions 2  (/__MAXWELL__/
[1] 23:44:16,473 DEBUG SchemaChange - SQL_PARSE <- "create table t5 (colint int, col1 date) engine='MYISAM'  partition by list/__MAXWELL__/ subpartition by hash/__MAXWELL__/ subpartitions 2  (/__MAXWELL__/"
[1] 23:44:16,473 DEBUG SchemaChange - SQL_PARSE ->   (parse (statement (create_table (create_table_preamble create table (table_name (name (id t5)))) (create_specifications ( (create_specification (column_definition (name (id colint)) (data_type (signed_type int)))) , (create_specification (column_definition (name (id col1)) (data_type (generic_type date)))) )) (table_creation_option (creation_engine engine = (string_literal 'MYISAM'))) (table_creation_option (partition_by partition by (partition_by_what list (skip_parens /__MAXWELL__/)) (subpartition_by subpartition by (partition_by_what hash (skip_parens /__MAXWELL__/)) subpartitions 2) (partition_definitions ( (skip_parens_inside_partition_definitions /__MAXWELL__/)))))) <EOF>)
[1] 23:44:16,474 DEBUG SchemaChange - SQL_PARSE <- "create table t5 (colint int, col1 date) engine='MYISAM'  partition by list(colint) subpartition by hash(yearweek(col1)-200600) subpartitions 2  (partition p0 values in (1,2,3,4,5,6,7,8,9,10), partition p1 values in (11,12,13,14,15,16,17,18,19,20), partition p2 values in (21,22,23,24,25,26,27,28,29,30), partition p3 values in (31,32,33,34,35,36,37,38,39,40), partition p4 values in (41,42,43,44,45,46,47,48,49,50), partition p5 values in (51,52,53,54,55,56,57,58,59,60) )"
[1] 23:44:16,474 DEBUG SchemaChange - rewrote SQL to create table t5 (colint int, col1 date) engine='MYISAM'  partition by list/__MAXWELL__/ subpartition by hash(yearweek(col1)-200600) subpartitions 2  (partition p0 values in (1,2,3,4,5,6,7,8,9,10), partition p1 values in (11,12,13,14,15,16,17,18,19,20), partition p2 values in (21,22,23,24,25,26,27,28,29,30), partition p3 values in (31,32,33,34,35,36,37,38,39,40), partition p4 values in (41,42,43,44,45,46,47,48,49,50), partition p5 values in (51,52,53,54,55,56,57,58,59,60) )
[1] 23:44:16,474 DEBUG SchemaChange - SQL_PARSE <- "create table t5 (colint int, col1 date) engine='MYISAM'  partition by list/__MAXWELL__/ subpartition by hash(yearweek(col1)-200600) subpartitions 2  (partition p0 values in (1,2,3,4,5,6,7,8,9,10), partition p1 values in (11,12,13,14,15,16,17,18,19,20), partition p2 values in (21,22,23,24,25,26,27,28,29,30), partition p3 values in (31,32,33,34,35,36,37,38,39,40), partition p4 values in (41,42,43,44,45,46,47,48,49,50), partition p5 values in (51,52,53,54,55,56,57,58,59,60) )"
[1] 23:44:16,474 DEBUG SchemaChange - rewrote SQL to create table t5 (colint int, col1 date) engine='MYISAM'  partition by list/__MAXWELL__/ subpartition by hash/__MAXWELL__/ subpartitions 2  (partition p0 values in (1,2,3,4,5,6,7,8,9,10), partition p1 values in (11,12,13,14,15,16,17,18,19,20), partition p2 values in (21,22,23,24,25,26,27,28,29,30), partition p3 values in (31,32,33,34,35,36,37,38,39,40), partition p4 values in (41,42,43,44,45,46,47,48,49,50), partition p5 values in (51,52,53,54,55,56,57,58,59,60) )
[1] 23:44:16,474 DEBUG SchemaChange - SQL_PARSE <- "create table t5 (colint int, col1 date) engine='MYISAM'  partition by list/__MAXWELL__/ subpartition by hash/__MAXWELL__/ subpartitions 2  (partition p0 values in (1,2,3,4,5,6,7,8,9,10), partition p1 values in (11,12,13,14,15,16,17,18,19,20), partition p2 values in (21,22,23,24,25,26,27,28,29,30), partition p3 values in (31,32,33,34,35,36,37,38,39,40), partition p4 values in (41,42,43,44,45,46,47,48,49,50), partition p5 values in (51,52,53,54,55,56,57,58,59,60) )"
[1] 23:44:16,474 DEBUG SchemaChange - rewrote SQL to create table t5 (colint int, col1 date) engine='MYISAM'  partition by list/__MAXWELL__/ subpartition by hash/__MAXWELL__/ subpartitions 2  (/__MAXWELL__/
[1] 23:44:16,474 DEBUG SchemaChange - SQL_PARSE <- "create table t5 (colint int, col1 date) engine='MYISAM'  partition by list/__MAXWELL__/ subpartition by hash/__MAXWELL__/ subpartitions 2  (/__MAXWELL__/"
[1] 23:44:16,475 DEBUG SchemaChange - SQL_PARSE ->   (parse (statement (create_table (create_table_preamble create table (table_name (name (id t5)))) (create_specifications ( (create_specification (column_definition (name (id colint)) (data_type (signed_type int)))) , (create_specification (column_definition (name (id col1)) (data_type (generic_type date)))) )) (table_creation_option (creation_engine engine = (string_literal 'MYISAM'))) (table_creation_option (partition_by partition by (partition_by_what list (skip_parens /__MAXWELL__/)) (subpartition_by subpartition by (partition_by_what hash (skip_parens /__MAXWELL__/)) subpartitions 2) (partition_definitions ( (skip_parens_inside_partition_definitions /__MAXWELL__/)))))) <EOF>)
[1] 23:44:16,475 DEBUG SchemaChange - SQL_PARSE <- "create table t5 (colint int, col1 int) engine='MYISAM'  partition by list(colint) subpartition by hash(abs(col1)) subpartitions 2  (partition p0 values in (1,2,3,4,5,6,7,8,9,10), partition p1 values in (11,12,13,14,15,16,17,18,19,20), partition p2 values in (21,22,23,24,25,26,27,28,29,30), partition p3 values in (31,32,33,34,35,36,37,38,39,40), partition p4 values in (41,42,43,44,45,46,47,48,49,50), partition p5 values in (51,52,53,54,55,56,57,58,59,60) )"
[1] 23:44:16,475 DEBUG SchemaChange - rewrote SQL to create table t5 (colint int, col1 int) engine='MYISAM'  partition by list/__MAXWELL__/ subpartition by hash(abs(col1)) subpartitions 2  (partition p0 values in (1,2,3,4,5,6,7,8,9,10), partition p1 values in (11,12,13,14,15,16,17,18,19,20), partition p2 values in (21,22,23,24,25,26,27,28,29,30), partition p3 values in (31,32,33,34,35,36,37,38,39,40), partition p4 values in (41,42,43,44,45,46,47,48,49,50), partition p5 values in (51,52,53,54,55,56,57,58,59,60) )
[1] 23:44:16,475 DEBUG SchemaChange - SQL_PARSE <- "create table t5 (colint int, col1 int) engine='MYISAM'  partition by list/__MAXWELL__/ subpartition by hash(abs(col1)) subpartitions 2  (partition p0 values in (1,2,3,4,5,6,7,8,9,10), partition p1 values in (11,12,13,14,15,16,17,18,19,20), partition p2 values in (21,22,23,24,25,26,27,28,29,30), partition p3 values in (31,32,33,34,35,36,37,38,39,40), partition p4 values in (41,42,43,44,45,46,47,48,49,50), partition p5 values in (51,52,53,54,55,56,57,58,59,60) )"
[1] 23:44:16,475 DEBUG SchemaChange - rewrote SQL to create table t5 (colint int, col1 int) engine='MYISAM'  partition by list/__MAXWELL__/ subpartition by hash/__MAXWELL__/ subpartitions 2  (partition p0 values in (1,2,3,4,5,6,7,8,9,10), partition p1 values in (11,12,13,14,15,16,17,18,19,20), partition p2 values in (21,22,23,24,25,26,27,28,29,30), partition p3 values in (31,32,33,34,35,36,37,38,39,40), partition p4 values in (41,42,43,44,45,46,47,48,49,50), partition p5 values in (51,52,53,54,55,56,57,58,59,60) )
[1] 23:44:16,475 DEBUG SchemaChange - SQL_PARSE <- "create table t5 (colint int, col1 int) engine='MYISAM'  partition by list/__MAXWELL__/ subpartition by hash/__MAXWELL__/ subpartitions 2  (partition p0 values in (1,2,3,4,5,6,7,8,9,10), partition p1 values in (11,12,13,14,15,16,17,18,19,20), partition p2 values in (21,22,23,24,25,26,27,28,29,30), partition p3 values in (31,32,33,34,35,36,37,38,39,40), partition p4 values in (41,42,43,44,45,46,47,48,49,50), partition p5 values in (51,52,53,54,55,56,57,58,59,60) )"
[1] 23:44:16,476 DEBUG SchemaChange - rewrote SQL to create table t5 (colint int, col1 int) engine='MYISAM'  partition by list/__MAXWELL__/ subpartition by hash/__MAXWELL__/ subpartitions 2  (/__MAXWELL__/
[1] 23:44:16,476 DEBUG SchemaChange - SQL_PARSE <- "create table t5 (colint int, col1 int) engine='MYISAM'  partition by list/__MAXWELL__/ subpartition by hash/__MAXWELL__/ subpartitions 2  (/__MAXWELL__/"
[1] 23:44:16,476 DEBUG SchemaChange - SQL_PARSE ->   (parse (statement (create_table (create_table_preamble create table (table_name (name (id t5)))) (create_specifications ( (create_specification (column_definition (name (id colint)) (data_type (signed_type int)))) , (create_specification (column_definition (name (id col1)) (data_type (signed_type int)))) )) (table_creation_option (creation_engine engine = (string_literal 'MYISAM'))) (table_creation_option (partition_by partition by (partition_by_what list (skip_parens /__MAXWELL__/)) (subpartition_by subpartition by (partition_by_what hash (skip_parens /__MAXWELL__/)) subpartitions 2) (partition_definitions ( (skip_parens_inside_partition_definitions /__MAXWELL__/)))))) <EOF>)
[1] 23:44:16,476 DEBUG SchemaChange - SQL_PARSE <- "create table t5 (colint int, col1 int) engine='MYISAM'  partition by list(colint) subpartition by hash(mod(col1,10)) subpartitions 2  (partition p0 values in (1,2,3,4,5,6,7,8,9,10), partition p1 values in (11,12,13,14,15,16,17,18,19,20), partition p2 values in (21,22,23,24,25,26,27,28,29,30), partition p3 values in (31,32,33,34,35,36,37,38,39,40), partition p4 values in (41,42,43,44,45,46,47,48,49,50), partition p5 values in (51,52,53,54,55,56,57,58,59,60) )"
[1] 23:44:16,476 DEBUG SchemaChange - rewrote SQL to create table t5 (colint int, col1 int) engine='MYISAM'  partition by list/__MAXWELL__/ subpartition by hash(mod(col1,10)) subpartitions 2  (partition p0 values in (1,2,3,4,5,6,7,8,9,10), partition p1 values in (11,12,13,14,15,16,17,18,19,20), partition p2 values in (21,22,23,24,25,26,27,28,29,30), partition p3 values in (31,32,33,34,35,36,37,38,39,40), partition p4 values in (41,42,43,44,45,46,47,48,49,50), partition p5 values in (51,52,53,54,55,56,57,58,59,60) )
[1] 23:44:16,476 DEBUG SchemaChange - SQL_PARSE <- "create table t5 (colint int, col1 int) engine='MYISAM'  partition by list/__MAXWELL__/ subpartition by hash(mod(col1,10)) subpartitions 2  (partition p0 values in (1,2,3,4,5,6,7,8,9,10), partition p1 values in (11,12,13,14,15,16,17,18,19,20), partition p2 values in (21,22,23,24,25,26,27,28,29,30), partition p3 values in (31,32,33,34,35,36,37,38,39,40), partition p4 values in (41,42,43,44,45,46,47,48,49,50), partition p5 values in (51,52,53,54,55,56,57,58,59,60) )"
[1] 23:44:16,476 DEBUG SchemaChange - rewrote SQL to create table t5 (colint int, col1 int) engine='MYISAM'  partition by list/__MAXWELL__/ subpartition by hash/__MAXWELL__/ subpartitions 2  (partition p0 values in (1,2,3,4,5,6,7,8,9,10), partition p1 values in (11,12,13,14,15,16,17,18,19,20), partition p2 values in (21,22,23,24,25,26,27,28,29,30), partition p3 values in (31,32,33,34,35,36,37,38,39,40), partition p4 values in (41,42,43,44,45,46,47,48,49,50), partition p5 values in (51,52,53,54,55,56,57,58,59,60) )
[1] 23:44:16,476 DEBUG SchemaChange - SQL_PARSE <- "create table t5 (colint int, col1 int) engine='MYISAM'  partition by list/__MAXWELL__/ subpartition by hash/__MAXWELL__/ subpartitions 2  (partition p0 values in (1,2,3,4,5,6,7,8,9,10), partition p1 values in (11,12,13,14,15,16,17,18,19,20), partition p2 values in (21,22,23,24,25,26,27,28,29,30), partition p3 values in (31,32,33,34,35,36,37,38,39,40), partition p4 values in (41,42,43,44,45,46,47,48,49,50), partition p5 values in (51,52,53,54,55,56,57,58,59,60) )"
[1] 23:44:16,477 DEBUG SchemaChange - rewrote SQL to create table t5 (colint int, col1 int) engine='MYISAM'  partition by list/__MAXWELL__/ subpartition by hash/__MAXWELL__/ subpartitions 2  (/__MAXWELL__/
[1] 23:44:16,477 DEBUG SchemaChange - SQL_PARSE <- "create table t5 (colint int, col1 int) engine='MYISAM'  partition by list/__MAXWELL__/ subpartition by hash/__MAXWELL__/ subpartitions 2  (/__MAXWELL__/"
[1] 23:44:16,477 DEBUG SchemaChange - SQL_PARSE ->   (parse (statement (create_table (create_table_preamble create table (table_name (name (id t5)))) (create_specifications ( (create_specification (column_definition (name (id colint)) (data_type (signed_type int)))) , (create_specification (column_definition (name (id col1)) (data_type (signed_type int)))) )) (table_creation_option (creation_engine engine = (string_literal 'MYISAM'))) (table_creation_option (partition_by partition by (partition_by_what list (skip_parens /__MAXWELL__/)) (subpartition_by subpartition by (partition_by_what hash (skip_parens /__MAXWELL__/)) subpartitions 2) (partition_definitions ( (skip_parens_inside_partition_definitions /__MAXWELL__/)))))) <EOF>)
[1] 23:44:16,477 DEBUG SchemaChange - SQL_PARSE <- "create table t5 (colint int, col1 time) engine='MYISAM'  partition by list(colint) subpartition by hash(hour(col1)) subpartitions 2  (partition p0 values in (1,2,3,4,5,6,7,8,9,10), partition p1 values in (11,12,13,14,15,16,17,18,19,20), partition p2 values in (21,22,23,24,25,26,27,28,29,30), partition p3 values in (31,32,33,34,35,36,37,38,39,40), partition p4 values in (41,42,43,44,45,46,47,48,49,50), partition p5 values in (51,52,53,54,55,56,57,58,59,60) )"
[1] 23:44:16,477 DEBUG SchemaChange - rewrote SQL to create table t5 (colint int, col1 time) engine='MYISAM'  partition by list/__MAXWELL__/ subpartition by hash(hour(col1)) subpartitions 2  (partition p0 values in (1,2,3,4,5,6,7,8,9,10), partition p1 values in (11,12,13,14,15,16,17,18,19,20), partition p2 values in (21,22,23,24,25,26,27,28,29,30), partition p3 values in (31,32,33,34,35,36,37,38,39,40), partition p4 values in (41,42,43,44,45,46,47,48,49,50), partition p5 values in (51,52,53,54,55,56,57,58,59,60) )
[1] 23:44:16,477 DEBUG SchemaChange - SQL_PARSE <- "create table t5 (colint int, col1 time) engine='MYISAM'  partition by list/__MAXWELL__/ subpartition by hash(hour(col1)) subpartitions 2  (partition p0 values in (1,2,3,4,5,6,7,8,9,10), partition p1 values in (11,12,13,14,15,16,17,18,19,20), partition p2 values in (21,22,23,24,25,26,27,28,29,30), partition p3 values in (31,32,33,34,35,36,37,38,39,40), partition p4 values in (41,42,43,44,45,46,47,48,49,50), partition p5 values in (51,52,53,54,55,56,57,58,59,60) )"
[1] 23:44:16,477 DEBUG SchemaChange - rewrote SQL to create table t5 (colint int, col1 time) engine='MYISAM'  partition by list/__MAXWELL__/ subpartition by hash/__MAXWELL__/ subpartitions 2  (partition p0 values in (1,2,3,4,5,6,7,8,9,10), partition p1 values in (11,12,13,14,15,16,17,18,19,20), partition p2 values in (21,22,23,24,25,26,27,28,29,30), partition p3 values in (31,32,33,34,35,36,37,38,39,40), partition p4 values in (41,42,43,44,45,46,47,48,49,50), partition p5 values in (51,52,53,54,55,56,57,58,59,60) )
[1] 23:44:16,477 DEBUG SchemaChange - SQL_PARSE <- "create table t5 (colint int, col1 time) engine='MYISAM'  partition by list/__MAXWELL__/ subpartition by hash/__MAXWELL__/ subpartitions 2  (partition p0 values in (1,2,3,4,5,6,7,8,9,10), partition p1 values in (11,12,13,14,15,16,17,18,19,20), partition p2 values in (21,22,23,24,25,26,27,28,29,30), partition p3 values in (31,32,33,34,35,36,37,38,39,40), partition p4 values in (41,42,43,44,45,46,47,48,49,50), partition p5 values in (51,52,53,54,55,56,57,58,59,60) )"
[1] 23:44:16,478 DEBUG SchemaChange - rewrote SQL to create table t5 (colint int, col1 time) engine='MYISAM'  partition by list/__MAXWELL__/ subpartition by hash/__MAXWELL__/ subpartitions 2  (/__MAXWELL__/
[1] 23:44:16,478 DEBUG SchemaChange - SQL_PARSE <- "create table t5 (colint int, col1 time) engine='MYISAM'  partition by list/__MAXWELL__/ subpartition by hash/__MAXWELL__/ subpartitions 2  (/__MAXWELL__/"
[1] 23:44:16,478 DEBUG SchemaChange - SQL_PARSE ->   (parse (statement (create_table (create_table_preamble create table (table_name (name (id t5)))) (create_specifications ( (create_specification (column_definition (name (id colint)) (data_type (signed_type int)))) , (create_specification (column_definition (name (id col1)) (data_type (generic_type time)))) )) (table_creation_option (creation_engine engine = (string_literal 'MYISAM'))) (table_creation_option (partition_by partition by (partition_by_what list (skip_parens /__MAXWELL__/)) (subpartition_by subpartition by (partition_by_what hash (skip_parens /__MAXWELL__/)) subpartitions 2) (partition_definitions ( (skip_parens_inside_partition_definitions /__MAXWELL__/)))))) <EOF>)
[1] 23:44:16,478 DEBUG SchemaChange - SQL_PARSE <- "create table t5 (colint int, col1 time) engine='MYISAM'  partition by list(colint) subpartition by hash(microsecond(col1)) subpartitions 2  (partition p0 values in (1,2,3,4,5,6,7,8,9,10), partition p1 values in (11,12,13,14,15,16,17,18,19,20), partition p2 values in (21,22,23,24,25,26,27,28,29,30), partition p3 values in (31,32,33,34,35,36,37,38,39,40), partition p4 values in (41,42,43,44,45,46,47,48,49,50), partition p5 values in (51,52,53,54,55,56,57,58,59,60) )"
[1] 23:44:16,478 DEBUG SchemaChange - rewrote SQL to create table t5 (colint int, col1 time) engine='MYISAM'  partition by list/__MAXWELL__/ subpartition by hash(microsecond(col1)) subpartitions 2  (partition p0 values in (1,2,3,4,5,6,7,8,9,10), partition p1 values in (11,12,13,14,15,16,17,18,19,20), partition p2 values in (21,22,23,24,25,26,27,28,29,30), partition p3 values in (31,32,33,34,35,36,37,38,39,40), partition p4 values in (41,42,43,44,45,46,47,48,49,50), partition p5 values in (51,52,53,54,55,56,57,58,59,60) )
[1] 23:44:16,478 DEBUG SchemaChange - SQL_PARSE <- "create table t5 (colint int, col1 time) engine='MYISAM'  partition by list/__MAXWELL__/ subpartition by hash(microsecond(col1)) subpartitions 2  (partition p0 values in (1,2,3,4,5,6,7,8,9,10), partition p1 values in (11,12,13,14,15,16,17,18,19,20), partition p2 values in (21,22,23,24,25,26,27,28,29,30), partition p3 values in (31,32,33,34,35,36,37,38,39,40), partition p4 values in (41,42,43,44,45,46,47,48,49,50), partition p5 values in (51,52,53,54,55,56,57,58,59,60) )"
[1] 23:44:16,479 DEBUG SchemaChange - rewrote SQL to create table t5 (colint int, col1 time) engine='MYISAM'  partition by list/__MAXWELL__/ subpartition by hash/__MAXWELL__/ subpartitions 2  (partition p0 values in (1,2,3,4,5,6,7,8,9,10), partition p1 values in (11,12,13,14,15,16,17,18,19,20), partition p2 values in (21,22,23,24,25,26,27,28,29,30), partition p3 values in (31,32,33,34,35,36,37,38,39,40), partition p4 values in (41,42,43,44,45,46,47,48,49,50), partition p5 values in (51,52,53,54,55,56,57,58,59,60) )
[1] 23:44:16,479 DEBUG SchemaChange - SQL_PARSE <- "create table t5 (colint int, col1 time) engine='MYISAM'  partition by list/__MAXWELL__/ subpartition by hash/__MAXWELL__/ subpartitions 2  (partition p0 values in (1,2,3,4,5,6,7,8,9,10), partition p1 values in (11,12,13,14,15,16,17,18,19,20), partition p2 values in (21,22,23,24,25,26,27,28,29,30), partition p3 values in (31,32,33,34,35,36,37,38,39,40), partition p4 values in (41,42,43,44,45,46,47,48,49,50), partition p5 values in (51,52,53,54,55,56,57,58,59,60) )"
[1] 23:44:16,479 DEBUG SchemaChange - rewrote SQL to create table t5 (colint int, col1 time) engine='MYISAM'  partition by list/__MAXWELL__/ subpartition by hash/__MAXWELL__/ subpartitions 2  (/__MAXWELL__/
[1] 23:44:16,479 DEBUG SchemaChange - SQL_PARSE <- "create table t5 (colint int, col1 time) engine='MYISAM'  partition by list/__MAXWELL__/ subpartition by hash/__MAXWELL__/ subpartitions 2  (/__MAXWELL__/"
[1] 23:44:16,479 DEBUG SchemaChange - SQL_PARSE ->   (parse (statement (create_table (create_table_preamble create table (table_name (name (id t5)))) (create_specifications ( (create_specification (column_definition (name (id colint)) (data_type (signed_type int)))) , (create_specification (column_definition (name (id col1)) (data_type (generic_type time)))) )) (table_creation_option (creation_engine engine = (string_literal 'MYISAM'))) (table_creation_option (partition_by partition by (partition_by_what list (skip_parens /__MAXWELL__/)) (subpartition_by subpartition by (partition_by_what hash (skip_parens /__MAXWELL__/)) subpartitions 2) (partition_definitions ( (skip_parens_inside_partition_definitions /__MAXWELL__/)))))) <EOF>)
[1] 23:44:16,479 DEBUG SchemaChange - SQL_PARSE <- "create table t5 (colint int, col1 time) engine='MYISAM'  partition by list(colint) subpartition by hash(minute(col1)) subpartitions 2  (partition p0 values in (1,2,3,4,5,6,7,8,9,10), partition p1 values in (11,12,13,14,15,16,17,18,19,20), partition p2 values in (21,22,23,24,25,26,27,28,29,30), partition p3 values in (31,32,33,34,35,36,37,38,39,40), partition p4 values in (41,42,43,44,45,46,47,48,49,50), partition p5 values in (51,52,53,54,55,56,57,58,59,60) )"
[1] 23:44:16,480 DEBUG SchemaChange - rewrote SQL to create table t5 (colint int, col1 time) engine='MYISAM'  partition by list/__MAXWELL__/ subpartition by hash(minute(col1)) subpartitions 2  (partition p0 values in (1,2,3,4,5,6,7,8,9,10), partition p1 values in (11,12,13,14,15,16,17,18,19,20), partition p2 values in (21,22,23,24,25,26,27,28,29,30), partition p3 values in (31,32,33,34,35,36,37,38,39,40), partition p4 values in (41,42,43,44,45,46,47,48,49,50), partition p5 values in (51,52,53,54,55,56,57,58,59,60) )
[1] 23:44:16,480 DEBUG SchemaChange - SQL_PARSE <- "create table t5 (colint int, col1 time) engine='MYISAM'  partition by list/__MAXWELL__/ subpartition by hash(minute(col1)) subpartitions 2  (partition p0 values in (1,2,3,4,5,6,7,8,9,10), partition p1 values in (11,12,13,14,15,16,17,18,19,20), partition p2 values in (21,22,23,24,25,26,27,28,29,30), partition p3 values in (31,32,33,34,35,36,37,38,39,40), partition p4 values in (41,42,43,44,45,46,47,48,49,50), partition p5 values in (51,52,53,54,55,56,57,58,59,60) )"
[1] 23:44:16,480 DEBUG SchemaChange - rewrote SQL to create table t5 (colint int, col1 time) engine='MYISAM'  partition by list/__MAXWELL__/ subpartition by hash/__MAXWELL__/ subpartitions 2  (partition p0 values in (1,2,3,4,5,6,7,8,9,10), partition p1 values in (11,12,13,14,15,16,17,18,19,20), partition p2 values in (21,22,23,24,25,26,27,28,29,30), partition p3 values in (31,32,33,34,35,36,37,38,39,40), partition p4 values in (41,42,43,44,45,46,47,48,49,50), partition p5 values in (51,52,53,54,55,56,57,58,59,60) )
[1] 23:44:16,480 DEBUG SchemaChange - SQL_PARSE <- "create table t5 (colint int, col1 time) engine='MYISAM'  partition by list/__MAXWELL__/ subpartition by hash/__MAXWELL__/ subpartitions 2  (partition p0 values in (1,2,3,4,5,6,7,8,9,10), partition p1 values in (11,12,13,14,15,16,17,18,19,20), partition p2 values in (21,22,23,24,25,26,27,28,29,30), partition p3 values in (31,32,33,34,35,36,37,38,39,40), partition p4 values in (41,42,43,44,45,46,47,48,49,50), partition p5 values in (51,52,53,54,55,56,57,58,59,60) )"
[1] 23:44:16,480 DEBUG SchemaChange - rewrote SQL to create table t5 (colint int, col1 time) engine='MYISAM'  partition by list/__MAXWELL__/ subpartition by hash/__MAXWELL__/ subpartitions 2  (/__MAXWELL__/
[1] 23:44:16,480 DEBUG SchemaChange - SQL_PARSE <- "create table t5 (colint int, col1 time) engine='MYISAM'  partition by list/__MAXWELL__/ subpartition by hash/__MAXWELL__/ subpartitions 2  (/__MAXWELL__/"
[1] 23:44:16,481 DEBUG SchemaChange - SQL_PARSE ->   (parse (statement (create_table (create_table_preamble create table (table_name (name (id t5)))) (create_specifications ( (create_specification (column_definition (name (id colint)) (data_type (signed_type int)))) , (create_specification (column_definition (name (id col1)) (data_type (generic_type time)))) )) (table_creation_option (creation_engine engine = (string_literal 'MYISAM'))) (table_creation_option (partition_by partition by (partition_by_what list (skip_parens /__MAXWELL__/)) (subpartition_by subpartition by (partition_by_what hash (skip_parens /__MAXWELL__/)) subpartitions 2) (partition_definitions ( (skip_parens_inside_partition_definitions /__MAXWELL__/)))))) <EOF>)
[1] 23:44:16,481 DEBUG SchemaChange - SQL_PARSE <- "create table t5 (colint int, col1 time) engine='MYISAM'  partition by list(colint) subpartition by hash(second(col1)) subpartitions 2  (partition p0 values in (1,2,3,4,5,6,7,8,9,10), partition p1 values in (11,12,13,14,15,16,17,18,19,20), partition p2 values in (21,22,23,24,25,26,27,28,29,30), partition p3 values in (31,32,33,34,35,36,37,38,39,40), partition p4 values in (41,42,43,44,45,46,47,48,49,50), partition p5 values in (51,52,53,54,55,56,57,58,59,60) )"
[1] 23:44:16,481 DEBUG SchemaChange - rewrote SQL to create table t5 (colint int, col1 time) engine='MYISAM'  partition by list/__MAXWELL__/ subpartition by hash(second(col1)) subpartitions 2  (partition p0 values in (1,2,3,4,5,6,7,8,9,10), partition p1 values in (11,12,13,14,15,16,17,18,19,20), partition p2 values in (21,22,23,24,25,26,27,28,29,30), partition p3 values in (31,32,33,34,35,36,37,38,39,40), partition p4 values in (41,42,43,44,45,46,47,48,49,50), partition p5 values in (51,52,53,54,55,56,57,58,59,60) )
[1] 23:44:16,481 DEBUG SchemaChange - SQL_PARSE <- "create table t5 (colint int, col1 time) engine='MYISAM'  partition by list/__MAXWELL__/ subpartition by hash(second(col1)) subpartitions 2  (partition p0 values in (1,2,3,4,5,6,7,8,9,10), partition p1 values in (11,12,13,14,15,16,17,18,19,20), partition p2 values in (21,22,23,24,25,26,27,28,29,30), partition p3 values in (31,32,33,34,35,36,37,38,39,40), partition p4 values in (41,42,43,44,45,46,47,48,49,50), partition p5 values in (51,52,53,54,55,56,57,58,59,60) )"
[1] 23:44:16,481 DEBUG SchemaChange - rewrote SQL to create table t5 (colint int, col1 time) engine='MYISAM'  partition by list/__MAXWELL__/ subpartition by hash/__MAXWELL__/ subpartitions 2  (partition p0 values in (1,2,3,4,5,6,7,8,9,10), partition p1 values in (11,12,13,14,15,16,17,18,19,20), partition p2 values in (21,22,23,24,25,26,27,28,29,30), partition p3 values in (31,32,33,34,35,36,37,38,39,40), partition p4 values in (41,42,43,44,45,46,47,48,49,50), partition p5 values in (51,52,53,54,55,56,57,58,59,60) )
[1] 23:44:16,481 DEBUG SchemaChange - SQL_PARSE <- "create table t5 (colint int, col1 time) engine='MYISAM'  partition by list/__MAXWELL__/ subpartition by hash/__MAXWELL__/ subpartitions 2  (partition p0 values in (1,2,3,4,5,6,7,8,9,10), partition p1 values in (11,12,13,14,15,16,17,18,19,20), partition p2 values in (21,22,23,24,25,26,27,28,29,30), partition p3 values in (31,32,33,34,35,36,37,38,39,40), partition p4 values in (41,42,43,44,45,46,47,48,49,50), partition p5 values in (51,52,53,54,55,56,57,58,59,60) )"
[1] 23:44:16,481 DEBUG SchemaChange - rewrote SQL to create table t5 (colint int, col1 time) engine='MYISAM'  partition by list/__MAXWELL__/ subpartition by hash/__MAXWELL__/ subpartitions 2  (/__MAXWELL__/
[1] 23:44:16,481 DEBUG SchemaChange - SQL_PARSE <- "create table t5 (colint int, col1 time) engine='MYISAM'  partition by list/__MAXWELL__/ subpartition by hash/__MAXWELL__/ subpartitions 2  (/__MAXWELL__/"
[1] 23:44:16,482 DEBUG SchemaChange - SQL_PARSE ->   (parse (statement (create_table (create_table_preamble create table (table_name (name (id t5)))) (create_specifications ( (create_specification (column_definition (name (id colint)) (data_type (signed_type int)))) , (create_specification (column_definition (name (id col1)) (data_type (generic_type time)))) )) (table_creation_option (creation_engine engine = (string_literal 'MYISAM'))) (table_creation_option (partition_by partition by (partition_by_what list (skip_parens /__MAXWELL__/)) (subpartition_by subpartition by (partition_by_what hash (skip_parens /__MAXWELL__/)) subpartitions 2) (partition_definitions ( (skip_parens_inside_partition_definitions /__MAXWELL__/)))))) <EOF>)
[1] 23:44:16,482 DEBUG SchemaChange - SQL_PARSE <- "create table t5 (colint int, col1 time) engine='MYISAM'  partition by list(colint) subpartition by hash(time_to_sec(col1)-(time_to_sec(col1)-20)) subpartitions 2  (partition p0 values in (1,2,3,4,5,6,7,8,9,10), partition p1 values in (11,12,13,14,15,16,17,18,19,20), partition p2 values in (21,22,23,24,25,26,27,28,29,30), partition p3 values in (31,32,33,34,35,36,37,38,39,40), partition p4 values in (41,42,43,44,45,46,47,48,49,50), partition p5 values in (51,52,53,54,55,56,57,58,59,60) )"
[1] 23:44:16,482 DEBUG SchemaChange - rewrote SQL to create table t5 (colint int, col1 time) engine='MYISAM'  partition by list/__MAXWELL__/ subpartition by hash(time_to_sec(col1)-(time_to_sec(col1)-20)) subpartitions 2  (partition p0 values in (1,2,3,4,5,6,7,8,9,10), partition p1 values in (11,12,13,14,15,16,17,18,19,20), partition p2 values in (21,22,23,24,25,26,27,28,29,30), partition p3 values in (31,32,33,34,35,36,37,38,39,40), partition p4 values in (41,42,43,44,45,46,47,48,49,50), partition p5 values in (51,52,53,54,55,56,57,58,59,60) )
[1] 23:44:16,482 DEBUG SchemaChange - SQL_PARSE <- "create table t5 (colint int, col1 time) engine='MYISAM'  partition by list/__MAXWELL__/ subpartition by hash(time_to_sec(col1)-(time_to_sec(col1)-20)) subpartitions 2  (partition p0 values in (1,2,3,4,5,6,7,8,9,10), partition p1 values in (11,12,13,14,15,16,17,18,19,20), partition p2 values in (21,22,23,24,25,26,27,28,29,30), partition p3 values in (31,32,33,34,35,36,37,38,39,40), partition p4 values in (41,42,43,44,45,46,47,48,49,50), partition p5 values in (51,52,53,54,55,56,57,58,59,60) )"
[1] 23:44:16,482 DEBUG SchemaChange - rewrote SQL to create table t5 (colint int, col1 time) engine='MYISAM'  partition by list/__MAXWELL__/ subpartition by hash/__MAXWELL__/ subpartitions 2  (partition p0 values in (1,2,3,4,5,6,7,8,9,10), partition p1 values in (11,12,13,14,15,16,17,18,19,20), partition p2 values in (21,22,23,24,25,26,27,28,29,30), partition p3 values in (31,32,33,34,35,36,37,38,39,40), partition p4 values in (41,42,43,44,45,46,47,48,49,50), partition p5 values in (51,52,53,54,55,56,57,58,59,60) )
[1] 23:44:16,482 DEBUG SchemaChange - SQL_PARSE <- "create table t5 (colint int, col1 time) engine='MYISAM'  partition by list/__MAXWELL__/ subpartition by hash/__MAXWELL__/ subpartitions 2  (partition p0 values in (1,2,3,4,5,6,7,8,9,10), partition p1 values in (11,12,13,14,15,16,17,18,19,20), partition p2 values in (21,22,23,24,25,26,27,28,29,30), partition p3 values in (31,32,33,34,35,36,37,38,39,40), partition p4 values in (41,42,43,44,45,46,47,48,49,50), partition p5 values in (51,52,53,54,55,56,57,58,59,60) )"
[1] 23:44:16,483 DEBUG SchemaChange - rewrote SQL to create table t5 (colint int, col1 time) engine='MYISAM'  partition by list/__MAXWELL__/ subpartition by hash/__MAXWELL__/ subpartitions 2  (/__MAXWELL__/
[1] 23:44:16,483 DEBUG SchemaChange - SQL_PARSE <- "create table t5 (colint int, col1 time) engine='MYISAM'  partition by list/__MAXWELL__/ subpartition by hash/__MAXWELL__/ subpartitions 2  (/__MAXWELL__/"
[1] 23:44:16,483 DEBUG SchemaChange - SQL_PARSE ->   (parse (statement (create_table (create_table_preamble create table (table_name (name (id t5)))) (create_specifications ( (create_specification (column_definition (name (id colint)) (data_type (signed_type int)))) , (create_specification (column_definition (name (id col1)) (data_type (generic_type time)))) )) (table_creation_option (creation_engine engine = (string_literal 'MYISAM'))) (table_creation_option (partition_by partition by (partition_by_what list (skip_parens /__MAXWELL__/)) (subpartition_by subpartition by (partition_by_what hash (skip_parens /__MAXWELL__/)) subpartitions 2) (partition_definitions ( (skip_parens_inside_partition_definitions /__MAXWELL__/)))))) <EOF>)
[1] 23:44:16,483 DEBUG SchemaChange - SQL_PARSE <- "create table t6 (a int not null) partition by LIST(a) ( partition p1 values in (1), partition p3 values in (3), partition p5 values in (5), partition p7 values in (7), partition p9 values in (9) )"
[1] 23:44:16,483 DEBUG SchemaChange - rewrote SQL to create table t6 (a int not null) partition by LIST/__MAXWELL__/ ( partition p1 values in (1), partition p3 values in (3), partition p5 values in (5), partition p7 values in (7), partition p9 values in (9) )
[1] 23:44:16,483 DEBUG SchemaChange - SQL_PARSE <- "create table t6 (a int not null) partition by LIST/__MAXWELL__/ ( partition p1 values in (1), partition p3 values in (3), partition p5 values in (5), partition p7 values in (7), partition p9 values in (9) )"
[1] 23:44:16,484 DEBUG SchemaChange - rewrote SQL to create table t6 (a int not null) partition by LIST/__MAXWELL__/ ( /__MAXWELL__/
[1] 23:44:16,484 DEBUG SchemaChange - SQL_PARSE <- "create table t6 (a int not null) partition by LIST/__MAXWELL__/ ( /__MAXWELL__/"
[1] 23:44:16,484 DEBUG SchemaChange - SQL_PARSE ->   (parse (statement (create_table (create_table_preamble create table (table_name (name (id t6)))) (create_specifications ( (create_specification (column_definition (name (id a)) (data_type (signed_type int (column_options (nullability not null)))))) )) (table_creation_option (partition_by partition by (partition_by_what LIST (skip_parens /__MAXWELL__/)) (partition_definitions ( (skip_parens_inside_partition_definitions /__MAXWELL__/)))))) <EOF>)
[1] 23:44:16,484 DEBUG SchemaChange - SQL_PARSE <- "create table t6 (a int unsigned not null) partition by LIST(a) ( partition p1 values in (1), partition p3 values in (3), partition p5 values in (5), partition p7 values in (7), partition p9 values in (9) )"
[1] 23:44:16,484 DEBUG SchemaChange - rewrote SQL to create table t6 (a int unsigned not null) partition by LIST/__MAXWELL__/ ( partition p1 values in (1), partition p3 values in (3), partition p5 values in (5), partition p7 values in (7), partition p9 values in (9) )
[1] 23:44:16,484 DEBUG SchemaChange - SQL_PARSE <- "create table t6 (a int unsigned not null) partition by LIST/__MAXWELL__/ ( partition p1 values in (1), partition p3 values in (3), partition p5 values in (5), partition p7 values in (7), partition p9 values in (9) )"
[1] 23:44:16,484 DEBUG SchemaChange - rewrote SQL to create table t6 (a int unsigned not null) partition by LIST/__MAXWELL__/ ( /__MAXWELL__/
[1] 23:44:16,484 DEBUG SchemaChange - SQL_PARSE <- "create table t6 (a int unsigned not null) partition by LIST/__MAXWELL__/ ( /__MAXWELL__/"
[1] 23:44:16,485 DEBUG SchemaChange - SQL_PARSE ->   (parse (statement (create_table (create_table_preamble create table (table_name (name (id t6)))) (create_specifications ( (create_specification (column_definition (name (id a)) (data_type (signed_type int (int_flags unsigned) (column_options (nullability not null)))))) )) (table_creation_option (partition_by partition by (partition_by_what LIST (skip_parens /__MAXWELL__/)) (partition_definitions ( (skip_parens_inside_partition_definitions /__MAXWELL__/)))))) <EOF>)
[1] 23:44:16,485 DEBUG SchemaChange - SQL_PARSE <- "create table t6 (colint int, col1 date) engine='MYISAM'  partition by range(colint)  (partition p0 values less than (day('2006-12-21')), partition p1 values less than maxvalue)"
[1] 23:44:16,485 DEBUG SchemaChange - rewrote SQL to create table t6 (colint int, col1 date) engine='MYISAM'  partition by range/__MAXWELL__/  (partition p0 values less than (day('2006-12-21')), partition p1 values less than maxvalue)
[1] 23:44:16,485 DEBUG SchemaChange - SQL_PARSE <- "create table t6 (colint int, col1 date) engine='MYISAM'  partition by range/__MAXWELL__/  (partition p0 values less than (day('2006-12-21')), partition p1 values less than maxvalue)"
[1] 23:44:16,485 DEBUG SchemaChange - rewrote SQL to create table t6 (colint int, col1 date) engine='MYISAM'  partition by range/__MAXWELL__/  (/__MAXWELL__/
[1] 23:44:16,485 DEBUG SchemaChange - SQL_PARSE <- "create table t6 (colint int, col1 date) engine='MYISAM'  partition by range/__MAXWELL__/  (/__MAXWELL__/"
[1] 23:44:16,485 DEBUG SchemaChange - SQL_PARSE ->   (parse (statement (create_table (create_table_preamble create table (table_name (name (id t6)))) (create_specifications ( (create_specification (column_definition (name (id colint)) (data_type (signed_type int)))) , (create_specification (column_definition (name (id col1)) (data_type (generic_type date)))) )) (table_creation_option (creation_engine engine = (string_literal 'MYISAM'))) (table_creation_option (partition_by partition by (partition_by_what range (skip_parens /__MAXWELL__/)) (partition_definitions ( (skip_parens_inside_partition_definitions /__MAXWELL__/)))))) <EOF>)
[1] 23:44:16,485 DEBUG SchemaChange - SQL_PARSE <- "create table t6 (colint int, col1 date) engine='MYISAM'  partition by range(colint)  (partition p0 values less than (dayofmonth('2006-12-24')), partition p1 values less than maxvalue)"
[1] 23:44:16,485 DEBUG SchemaChange - rewrote SQL to create table t6 (colint int, col1 date) engine='MYISAM'  partition by range/__MAXWELL__/  (partition p0 values less than (dayofmonth('2006-12-24')), partition p1 values less than maxvalue)
[1] 23:44:16,485 DEBUG SchemaChange - SQL_PARSE <- "create table t6 (colint int, col1 date) engine='MYISAM'  partition by range/__MAXWELL__/  (partition p0 values less than (dayofmonth('2006-12-24')), partition p1 values less than maxvalue)"
[1] 23:44:16,486 DEBUG SchemaChange - rewrote SQL to create table t6 (colint int, col1 date) engine='MYISAM'  partition by range/__MAXWELL__/  (/__MAXWELL__/
[1] 23:44:16,486 DEBUG SchemaChange - SQL_PARSE <- "create table t6 (colint int, col1 date) engine='MYISAM'  partition by range/__MAXWELL__/  (/__MAXWELL__/"
[1] 23:44:16,486 DEBUG SchemaChange - SQL_PARSE ->   (parse (statement (create_table (create_table_preamble create table (table_name (name (id t6)))) (create_specifications ( (create_specification (column_definition (name (id colint)) (data_type (signed_type int)))) , (create_specification (column_definition (name (id col1)) (data_type (generic_type date)))) )) (table_creation_option (creation_engine engine = (string_literal 'MYISAM'))) (table_creation_option (partition_by partition by (partition_by_what range (skip_parens /__MAXWELL__/)) (partition_definitions ( (skip_parens_inside_partition_definitions /__MAXWELL__/)))))) <EOF>)
[1] 23:44:16,486 DEBUG SchemaChange - SQL_PARSE <- "create table t6 (colint int, col1 date) engine='MYISAM'  partition by range(colint)  (partition p0 values less than (dayofweek('2006-12-24')), partition p1 values less than maxvalue)"
[1] 23:44:16,486 DEBUG SchemaChange - rewrote SQL to create table t6 (colint int, col1 date) engine='MYISAM'  partition by range/__MAXWELL__/  (partition p0 values less than (dayofweek('2006-12-24')), partition p1 values less than maxvalue)
[1] 23:44:16,486 DEBUG SchemaChange - SQL_PARSE <- "create table t6 (colint int, col1 date) engine='MYISAM'  partition by range/__MAXWELL__/  (partition p0 values less than (dayofweek('2006-12-24')), partition p1 values less than maxvalue)"
[1] 23:44:16,486 DEBUG SchemaChange - rewrote SQL to create table t6 (colint int, col1 date) engine='MYISAM'  partition by range/__MAXWELL__/  (/__MAXWELL__/
[1] 23:44:16,486 DEBUG SchemaChange - SQL_PARSE <- "create table t6 (colint int, col1 date) engine='MYISAM'  partition by range/__MAXWELL__/  (/__MAXWELL__/"
[1] 23:44:16,486 DEBUG SchemaChange - SQL_PARSE ->   (parse (statement (create_table (create_table_preamble create table (table_name (name (id t6)))) (create_specifications ( (create_specification (column_definition (name (id colint)) (data_type (signed_type int)))) , (create_specification (column_definition (name (id col1)) (data_type (generic_type date)))) )) (table_creation_option (creation_engine engine = (string_literal 'MYISAM'))) (table_creation_option (partition_by partition by (partition_by_what range (skip_parens /__MAXWELL__/)) (partition_definitions ( (skip_parens_inside_partition_definitions /__MAXWELL__/)))))) <EOF>)
[1] 23:44:16,486 DEBUG SchemaChange - SQL_PARSE <- "create table t6 (colint int, col1 date) engine='MYISAM'  partition by range(colint)  (partition p0 values less than (dayofyear('2006-12-25')), partition p1 values less than maxvalue)"
[1] 23:44:16,487 DEBUG SchemaChange - rewrote SQL to create table t6 (colint int, col1 date) engine='MYISAM'  partition by range/__MAXWELL__/  (partition p0 values less than (dayofyear('2006-12-25')), partition p1 values less than maxvalue)
[1] 23:44:16,487 DEBUG SchemaChange - SQL_PARSE <- "create table t6 (colint int, col1 date) engine='MYISAM'  partition by range/__MAXWELL__/  (partition p0 values less than (dayofyear('2006-12-25')), partition p1 values less than maxvalue)"
[1] 23:44:16,487 DEBUG SchemaChange - rewrote SQL to create table t6 (colint int, col1 date) engine='MYISAM'  partition by range/__MAXWELL__/  (/__MAXWELL__/
[1] 23:44:16,487 DEBUG SchemaChange - SQL_PARSE <- "create table t6 (colint int, col1 date) engine='MYISAM'  partition by range/__MAXWELL__/  (/__MAXWELL__/"
[1] 23:44:16,487 DEBUG SchemaChange - SQL_PARSE ->   (parse (statement (create_table (create_table_preamble create table (table_name (name (id t6)))) (create_specifications ( (create_specification (column_definition (name (id colint)) (data_type (signed_type int)))) , (create_specification (column_definition (name (id col1)) (data_type (generic_type date)))) )) (table_creation_option (creation_engine engine = (string_literal 'MYISAM'))) (table_creation_option (partition_by partition by (partition_by_what range (skip_parens /__MAXWELL__/)) (partition_definitions ( (skip_parens_inside_partition_definitions /__MAXWELL__/)))))) <EOF>)
[1] 23:44:16,487 DEBUG SchemaChange - SQL_PARSE <- "create table t6 (colint int, col1 date) engine='MYISAM'  partition by range(colint)  (partition p0 values less than (extract(year from '1998-11-23')), partition p1 values less than maxvalue)"
[1] 23:44:16,487 DEBUG SchemaChange - rewrote SQL to create table t6 (colint int, col1 date) engine='MYISAM'  partition by range/__MAXWELL__/  (partition p0 values less than (extract(year from '1998-11-23')), partition p1 values less than maxvalue)
[1] 23:44:16,487 DEBUG SchemaChange - SQL_PARSE <- "create table t6 (colint int, col1 date) engine='MYISAM'  partition by range/__MAXWELL__/  (partition p0 values less than (extract(year from '1998-11-23')), partition p1 values less than maxvalue)"
[1] 23:44:16,488 DEBUG SchemaChange - rewrote SQL to create table t6 (colint int, col1 date) engine='MYISAM'  partition by range/__MAXWELL__/  (/__MAXWELL__/
[1] 23:44:16,488 DEBUG SchemaChange - SQL_PARSE <- "create table t6 (colint int, col1 date) engine='MYISAM'  partition by range/__MAXWELL__/  (/__MAXWELL__/"
[1] 23:44:16,488 DEBUG SchemaChange - SQL_PARSE ->   (parse (statement (create_table (create_table_preamble create table (table_name (name (id t6)))) (create_specifications ( (create_specification (column_definition (name (id colint)) (data_type (signed_type int)))) , (create_specification (column_definition (name (id col1)) (data_type (generic_type date)))) )) (table_creation_option (creation_engine engine = (string_literal 'MYISAM'))) (table_creation_option (partition_by partition by (partition_by_what range (skip_parens /__MAXWELL__/)) (partition_definitions ( (skip_parens_inside_partition_definitions /__MAXWELL__/)))))) <EOF>)
[1] 23:44:16,488 DEBUG SchemaChange - SQL_PARSE <- "create table t6 (colint int, col1 date) engine='MYISAM'  partition by range(colint)  (partition p0 values less than (month('2006-10-14')), partition p1 values less than maxvalue)"
[1] 23:44:16,488 DEBUG SchemaChange - rewrote SQL to create table t6 (colint int, col1 date) engine='MYISAM'  partition by range/__MAXWELL__/  (partition p0 values less than (month('2006-10-14')), partition p1 values less than maxvalue)
[1] 23:44:16,488 DEBUG SchemaChange - SQL_PARSE <- "create table t6 (colint int, col1 date) engine='MYISAM'  partition by range/__MAXWELL__/  (partition p0 values less than (month('2006-10-14')), partition p1 values less than maxvalue)"
[1] 23:44:16,488 DEBUG SchemaChange - rewrote SQL to create table t6 (colint int, col1 date) engine='MYISAM'  partition by range/__MAXWELL__/  (/__MAXWELL__/
[1] 23:44:16,488 DEBUG SchemaChange - SQL_PARSE <- "create table t6 (colint int, col1 date) engine='MYISAM'  partition by range/__MAXWELL__/  (/__MAXWELL__/"
[1] 23:44:16,488 DEBUG SchemaChange - SQL_PARSE ->   (parse (statement (create_table (create_table_preamble create table (table_name (name (id t6)))) (create_specifications ( (create_specification (column_definition (name (id colint)) (data_type (signed_type int)))) , (create_specification (column_definition (name (id col1)) (data_type (generic_type date)))) )) (table_creation_option (creation_engine engine = (string_literal 'MYISAM'))) (table_creation_option (partition_by partition by (partition_by_what range (skip_parens /__MAXWELL__/)) (partition_definitions ( (skip_parens_inside_partition_definitions /__MAXWELL__/)))))) <EOF>)
[1] 23:44:16,488 DEBUG SchemaChange - SQL_PARSE <- "create table t6 (colint int, col1 date) engine='MYISAM'  partition by range(colint)  (partition p0 values less than (quarter('2006-10-14')), partition p1 values less than maxvalue)"
[1] 23:44:16,488 DEBUG SchemaChange - rewrote SQL to create table t6 (colint int, col1 date) engine='MYISAM'  partition by range/__MAXWELL__/  (partition p0 values less than (quarter('2006-10-14')), partition p1 values less than maxvalue)
[1] 23:44:16,488 DEBUG SchemaChange - SQL_PARSE <- "create table t6 (colint int, col1 date) engine='MYISAM'  partition by range/__MAXWELL__/  (partition p0 values less than (quarter('2006-10-14')), partition p1 values less than maxvalue)"
[1] 23:44:16,489 DEBUG SchemaChange - rewrote SQL to create table t6 (colint int, col1 date) engine='MYISAM'  partition by range/__MAXWELL__/  (/__MAXWELL__/
[1] 23:44:16,489 DEBUG SchemaChange - SQL_PARSE <- "create table t6 (colint int, col1 date) engine='MYISAM'  partition by range/__MAXWELL__/  (/__MAXWELL__/"
[1] 23:44:16,489 DEBUG SchemaChange - SQL_PARSE ->   (parse (statement (create_table (create_table_preamble create table (table_name (name (id t6)))) (create_specifications ( (create_specification (column_definition (name (id colint)) (data_type (signed_type int)))) , (create_specification (column_definition (name (id col1)) (data_type (generic_type date)))) )) (table_creation_option (creation_engine engine = (string_literal 'MYISAM'))) (table_creation_option (partition_by partition by (partition_by_what range (skip_parens /__MAXWELL__/)) (partition_definitions ( (skip_parens_inside_partition_definitions /__MAXWELL__/)))))) <EOF>)
[1] 23:44:16,489 DEBUG SchemaChange - SQL_PARSE <- "create table t6 (colint int, col1 date) engine='MYISAM'  partition by range(colint)  (partition p0 values less than (weekday('2006-10-14')), partition p1 values less than maxvalue)"
[1] 23:44:16,489 DEBUG SchemaChange - rewrote SQL to create table t6 (colint int, col1 date) engine='MYISAM'  partition by range/__MAXWELL__/  (partition p0 values less than (weekday('2006-10-14')), partition p1 values less than maxvalue)
[1] 23:44:16,489 DEBUG SchemaChange - SQL_PARSE <- "create table t6 (colint int, col1 date) engine='MYISAM'  partition by range/__MAXWELL__/  (partition p0 values less than (weekday('2006-10-14')), partition p1 values less than maxvalue)"
[1] 23:44:16,489 DEBUG SchemaChange - rewrote SQL to create table t6 (colint int, col1 date) engine='MYISAM'  partition by range/__MAXWELL__/  (/__MAXWELL__/
[1] 23:44:16,489 DEBUG SchemaChange - SQL_PARSE <- "create table t6 (colint int, col1 date) engine='MYISAM'  partition by range/__MAXWELL__/  (/__MAXWELL__/"
[1] 23:44:16,489 DEBUG SchemaChange - SQL_PARSE ->   (parse (statement (create_table (create_table_preamble create table (table_name (name (id t6)))) (create_specifications ( (create_specification (column_definition (name (id colint)) (data_type (signed_type int)))) , (create_specification (column_definition (name (id col1)) (data_type (generic_type date)))) )) (table_creation_option (creation_engine engine = (string_literal 'MYISAM'))) (table_creation_option (partition_by partition by (partition_by_what range (skip_parens /__MAXWELL__/)) (partition_definitions ( (skip_parens_inside_partition_definitions /__MAXWELL__/)))))) <EOF>)
[1] 23:44:16,489 DEBUG SchemaChange - SQL_PARSE <- "create table t6 (colint int, col1 date) engine='MYISAM'  partition by range(colint)  (partition p0 values less than (year('2005-10-14')-1990), partition p1 values less than maxvalue)"
[1] 23:44:16,490 DEBUG SchemaChange - rewrote SQL to create table t6 (colint int, col1 date) engine='MYISAM'  partition by range/__MAXWELL__/  (partition p0 values less than (year('2005-10-14')-1990), partition p1 values less than maxvalue)
[1] 23:44:16,490 DEBUG SchemaChange - SQL_PARSE <- "create table t6 (colint int, col1 date) engine='MYISAM'  partition by range/__MAXWELL__/  (partition p0 values less than (year('2005-10-14')-1990), partition p1 values less than maxvalue)"
[1] 23:44:16,490 DEBUG SchemaChange - rewrote SQL to create table t6 (colint int, col1 date) engine='MYISAM'  partition by range/__MAXWELL__/  (/__MAXWELL__/
[1] 23:44:16,490 DEBUG SchemaChange - SQL_PARSE <- "create table t6 (colint int, col1 date) engine='MYISAM'  partition by range/__MAXWELL__/  (/__MAXWELL__/"
[1] 23:44:16,490 DEBUG SchemaChange - SQL_PARSE ->   (parse (statement (create_table (create_table_preamble create table (table_name (name (id t6)))) (create_specifications ( (create_specification (column_definition (name (id colint)) (data_type (signed_type int)))) , (create_specification (column_definition (name (id col1)) (data_type (generic_type date)))) )) (table_creation_option (creation_engine engine = (string_literal 'MYISAM'))) (table_creation_option (partition_by partition by (partition_by_what range (skip_parens /__MAXWELL__/)) (partition_definitions ( (skip_parens_inside_partition_definitions /__MAXWELL__/)))))) <EOF>)
[1] 23:44:16,490 DEBUG SchemaChange - SQL_PARSE <- "create table t6 (colint int, col1 date) engine='MYISAM'  partition by range(colint)  (partition p0 values less than (yearweek('2006-10-14')-200600), partition p1 values less than maxvalue)"
[1] 23:44:16,490 DEBUG SchemaChange - rewrote SQL to create table t6 (colint int, col1 date) engine='MYISAM'  partition by range/__MAXWELL__/  (partition p0 values less than (yearweek('2006-10-14')-200600), partition p1 values less than maxvalue)
[1] 23:44:16,490 DEBUG SchemaChange - SQL_PARSE <- "create table t6 (colint int, col1 date) engine='MYISAM'  partition by range/__MAXWELL__/  (partition p0 values less than (yearweek('2006-10-14')-200600), partition p1 values less than maxvalue)"
[1] 23:44:16,490 DEBUG SchemaChange - rewrote SQL to create table t6 (colint int, col1 date) engine='MYISAM'  partition by range/__MAXWELL__/  (/__MAXWELL__/
[1] 23:44:16,490 DEBUG SchemaChange - SQL_PARSE <- "create table t6 (colint int, col1 date) engine='MYISAM'  partition by range/__MAXWELL__/  (/__MAXWELL__/"
[1] 23:44:16,490 DEBUG SchemaChange - SQL_PARSE ->   (parse (statement (create_table (create_table_preamble create table (table_name (name (id t6)))) (create_specifications ( (create_specification (column_definition (name (id colint)) (data_type (signed_type int)))) , (create_specification (column_definition (name (id col1)) (data_type (generic_type date)))) )) (table_creation_option (creation_engine engine = (string_literal 'MYISAM'))) (table_creation_option (partition_by partition by (partition_by_what range (skip_parens /__MAXWELL__/)) (partition_definitions ( (skip_parens_inside_partition_definitions /__MAXWELL__/)))))) <EOF>)
[1] 23:44:16,490 DEBUG SchemaChange - SQL_PARSE <- "create table t6 (colint int, col1 int) engine='MYISAM'  partition by range(colint)  (partition p0 values less than (abs(15)), partition p1 values less than maxvalue)"
[1] 23:44:16,491 DEBUG SchemaChange - rewrote SQL to create table t6 (colint int, col1 int) engine='MYISAM'  partition by range/__MAXWELL__/  (partition p0 values less than (abs(15)), partition p1 values less than maxvalue)
[1] 23:44:16,491 DEBUG SchemaChange - SQL_PARSE <- "create table t6 (colint int, col1 int) engine='MYISAM'  partition by range/__MAXWELL__/  (partition p0 values less than (abs(15)), partition p1 values less than maxvalue)"
[1] 23:44:16,491 DEBUG SchemaChange - rewrote SQL to create table t6 (colint int, col1 int) engine='MYISAM'  partition by range/__MAXWELL__/  (/__MAXWELL__/
[1] 23:44:16,491 DEBUG SchemaChange - SQL_PARSE <- "create table t6 (colint int, col1 int) engine='MYISAM'  partition by range/__MAXWELL__/  (/__MAXWELL__/"
[1] 23:44:16,491 DEBUG SchemaChange - SQL_PARSE ->   (parse (statement (create_table (create_table_preamble create table (table_name (name (id t6)))) (create_specifications ( (create_specification (column_definition (name (id colint)) (data_type (signed_type int)))) , (create_specification (column_definition (name (id col1)) (data_type (signed_type int)))) )) (table_creation_option (creation_engine engine = (string_literal 'MYISAM'))) (table_creation_option (partition_by partition by (partition_by_what range (skip_parens /__MAXWELL__/)) (partition_definitions ( (skip_parens_inside_partition_definitions /__MAXWELL__/)))))) <EOF>)
[1] 23:44:16,491 DEBUG SchemaChange - SQL_PARSE <- "create table t6 (colint int, col1 int) engine='MYISAM'  partition by range(colint)  (partition p0 values less than (mod(15,10)), partition p1 values less than maxvalue)"
[1] 23:44:16,491 DEBUG SchemaChange - rewrote SQL to create table t6 (colint int, col1 int) engine='MYISAM'  partition by range/__MAXWELL__/  (partition p0 values less than (mod(15,10)), partition p1 values less than maxvalue)
[1] 23:44:16,491 DEBUG SchemaChange - SQL_PARSE <- "create table t6 (colint int, col1 int) engine='MYISAM'  partition by range/__MAXWELL__/  (partition p0 values less than (mod(15,10)), partition p1 values less than maxvalue)"
[1] 23:44:16,491 DEBUG SchemaChange - rewrote SQL to create table t6 (colint int, col1 int) engine='MYISAM'  partition by range/__MAXWELL__/  (/__MAXWELL__/
[1] 23:44:16,491 DEBUG SchemaChange - SQL_PARSE <- "create table t6 (colint int, col1 int) engine='MYISAM'  partition by range/__MAXWELL__/  (/__MAXWELL__/"
[1] 23:44:16,492 DEBUG SchemaChange - SQL_PARSE ->   (parse (statement (create_table (create_table_preamble create table (table_name (name (id t6)))) (create_specifications ( (create_specification (column_definition (name (id colint)) (data_type (signed_type int)))) , (create_specification (column_definition (name (id col1)) (data_type (signed_type int)))) )) (table_creation_option (creation_engine engine = (string_literal 'MYISAM'))) (table_creation_option (partition_by partition by (partition_by_what range (skip_parens /__MAXWELL__/)) (partition_definitions ( (skip_parens_inside_partition_definitions /__MAXWELL__/)))))) <EOF>)
[1] 23:44:16,492 DEBUG SchemaChange - SQL_PARSE <- "create table t6 (colint int, col1 time) engine='MYISAM'  partition by range(colint)  (partition p0 values less than (hour('18:30')), partition p1 values less than maxvalue)"
[1] 23:44:16,492 DEBUG SchemaChange - rewrote SQL to create table t6 (colint int, col1 time) engine='MYISAM'  partition by range/__MAXWELL__/  (partition p0 values less than (hour('18:30')), partition p1 values less than maxvalue)
[1] 23:44:16,492 DEBUG SchemaChange - SQL_PARSE <- "create table t6 (colint int, col1 time) engine='MYISAM'  partition by range/__MAXWELL__/  (partition p0 values less than (hour('18:30')), partition p1 values less than maxvalue)"
[1] 23:44:16,492 DEBUG SchemaChange - rewrote SQL to create table t6 (colint int, col1 time) engine='MYISAM'  partition by range/__MAXWELL__/  (/__MAXWELL__/
[1] 23:44:16,492 DEBUG SchemaChange - SQL_PARSE <- "create table t6 (colint int, col1 time) engine='MYISAM'  partition by range/__MAXWELL__/  (/__MAXWELL__/"
[1] 23:44:16,492 DEBUG SchemaChange - SQL_PARSE ->   (parse (statement (create_table (create_table_preamble create table (table_name (name (id t6)))) (create_specifications ( (create_specification (column_definition (name (id colint)) (data_type (signed_type int)))) , (create_specification (column_definition (name (id col1)) (data_type (generic_type time)))) )) (table_creation_option (creation_engine engine = (string_literal 'MYISAM'))) (table_creation_option (partition_by partition by (partition_by_what range (skip_parens /__MAXWELL__/)) (partition_definitions ( (skip_parens_inside_partition_definitions /__MAXWELL__/)))))) <EOF>)
[1] 23:44:16,492 DEBUG SchemaChange - SQL_PARSE <- "create table t6 (colint int, col1 time) engine='MYISAM'  partition by range(colint)  (partition p0 values less than (microsecond('10:30:10.000010')), partition p1 values less than maxvalue)"
[1] 23:44:16,492 DEBUG SchemaChange - rewrote SQL to create table t6 (colint int, col1 time) engine='MYISAM'  partition by range/__MAXWELL__/  (partition p0 values less than (microsecond('10:30:10.000010')), partition p1 values less than maxvalue)
[1] 23:44:16,492 DEBUG SchemaChange - SQL_PARSE <- "create table t6 (colint int, col1 time) engine='MYISAM'  partition by range/__MAXWELL__/  (partition p0 values less than (microsecond('10:30:10.000010')), partition p1 values less than maxvalue)"
[1] 23:44:16,493 DEBUG SchemaChange - rewrote SQL to create table t6 (colint int, col1 time) engine='MYISAM'  partition by range/__MAXWELL__/  (/__MAXWELL__/
[1] 23:44:16,493 DEBUG SchemaChange - SQL_PARSE <- "create table t6 (colint int, col1 time) engine='MYISAM'  partition by range/__MAXWELL__/  (/__MAXWELL__/"
[1] 23:44:16,493 DEBUG SchemaChange - SQL_PARSE ->   (parse (statement (create_table (create_table_preamble create table (table_name (name (id t6)))) (create_specifications ( (create_specification (column_definition (name (id colint)) (data_type (signed_type int)))) , (create_specification (column_definition (name (id col1)) (data_type (generic_type time)))) )) (table_creation_option (creation_engine engine = (string_literal 'MYISAM'))) (table_creation_option (partition_by partition by (partition_by_what range (skip_parens /__MAXWELL__/)) (partition_definitions ( (skip_parens_inside_partition_definitions /__MAXWELL__/)))))) <EOF>)
[1] 23:44:16,493 DEBUG SchemaChange - SQL_PARSE <- "create table t6 (colint int, col1 time) engine='MYISAM'  partition by range(colint)  (partition p0 values less than (minute('18:30')), partition p1 values less than maxvalue)"
[1] 23:44:16,493 DEBUG SchemaChange - rewrote SQL to create table t6 (colint int, col1 time) engine='MYISAM'  partition by range/__MAXWELL__/  (partition p0 values less than (minute('18:30')), partition p1 values less than maxvalue)
[1] 23:44:16,493 DEBUG SchemaChange - SQL_PARSE <- "create table t6 (colint int, col1 time) engine='MYISAM'  partition by range/__MAXWELL__/  (partition p0 values less than (minute('18:30')), partition p1 values less than maxvalue)"
[1] 23:44:16,493 DEBUG SchemaChange - rewrote SQL to create table t6 (colint int, col1 time) engine='MYISAM'  partition by range/__MAXWELL__/  (/__MAXWELL__/
[1] 23:44:16,493 DEBUG SchemaChange - SQL_PARSE <- "create table t6 (colint int, col1 time) engine='MYISAM'  partition by range/__MAXWELL__/  (/__MAXWELL__/"
[1] 23:44:16,493 DEBUG SchemaChange - SQL_PARSE ->   (parse (statement (create_table (create_table_preamble create table (table_name (name (id t6)))) (create_specifications ( (create_specification (column_definition (name (id colint)) (data_type (signed_type int)))) , (create_specification (column_definition (name (id col1)) (data_type (generic_type time)))) )) (table_creation_option (creation_engine engine = (string_literal 'MYISAM'))) (table_creation_option (partition_by partition by (partition_by_what range (skip_parens /__MAXWELL__/)) (partition_definitions ( (skip_parens_inside_partition_definitions /__MAXWELL__/)))))) <EOF>)
[1] 23:44:16,493 DEBUG SchemaChange - SQL_PARSE <- "create table t6 (colint int, col1 time) engine='MYISAM'  partition by range(colint)  (partition p0 values less than (second('18:30:14')), partition p1 values less than maxvalue)"
[1] 23:44:16,493 DEBUG SchemaChange - rewrote SQL to create table t6 (colint int, col1 time) engine='MYISAM'  partition by range/__MAXWELL__/  (partition p0 values less than (second('18:30:14')), partition p1 values less than maxvalue)
[1] 23:44:16,493 DEBUG SchemaChange - SQL_PARSE <- "create table t6 (colint int, col1 time) engine='MYISAM'  partition by range/__MAXWELL__/  (partition p0 values less than (second('18:30:14')), partition p1 values less than maxvalue)"
[1] 23:44:16,494 DEBUG SchemaChange - rewrote SQL to create table t6 (colint int, col1 time) engine='MYISAM'  partition by range/__MAXWELL__/  (/__MAXWELL__/
[1] 23:44:16,494 DEBUG SchemaChange - SQL_PARSE <- "create table t6 (colint int, col1 time) engine='MYISAM'  partition by range/__MAXWELL__/  (/__MAXWELL__/"
[1] 23:44:16,494 DEBUG SchemaChange - SQL_PARSE ->   (parse (statement (create_table (create_table_preamble create table (table_name (name (id t6)))) (create_specifications ( (create_specification (column_definition (name (id colint)) (data_type (signed_type int)))) , (create_specification (column_definition (name (id col1)) (data_type (generic_type time)))) )) (table_creation_option (creation_engine engine = (string_literal 'MYISAM'))) (table_creation_option (partition_by partition by (partition_by_what range (skip_parens /__MAXWELL__/)) (partition_definitions ( (skip_parens_inside_partition_definitions /__MAXWELL__/)))))) <EOF>)
[1] 23:44:16,494 DEBUG SchemaChange - SQL_PARSE <- "create table t6 (colint int, col1 time) engine='MYISAM'  partition by range(colint)  (partition p0 values less than (time_to_sec('18:30:14')-(time_to_sec('17:59:59'))), partition p1 values less than maxvalue)"
[1] 23:44:16,494 DEBUG SchemaChange - rewrote SQL to create table t6 (colint int, col1 time) engine='MYISAM'  partition by range/__MAXWELL__/  (partition p0 values less than (time_to_sec('18:30:14')-(time_to_sec('17:59:59'))), partition p1 values less than maxvalue)
[1] 23:44:16,494 DEBUG SchemaChange - SQL_PARSE <- "create table t6 (colint int, col1 time) engine='MYISAM'  partition by range/__MAXWELL__/  (partition p0 values less than (time_to_sec('18:30:14')-(time_to_sec('17:59:59'))), partition p1 values less than maxvalue)"
[1] 23:44:16,494 DEBUG SchemaChange - rewrote SQL to create table t6 (colint int, col1 time) engine='MYISAM'  partition by range/__MAXWELL__/  (/__MAXWELL__/
[1] 23:44:16,494 DEBUG SchemaChange - SQL_PARSE <- "create table t6 (colint int, col1 time) engine='MYISAM'  partition by range/__MAXWELL__/  (/__MAXWELL__/"
[1] 23:44:16,494 DEBUG SchemaChange - SQL_PARSE ->   (parse (statement (create_table (create_table_preamble create table (table_name (name (id t6)))) (create_specifications ( (create_specification (column_definition (name (id colint)) (data_type (signed_type int)))) , (create_specification (column_definition (name (id col1)) (data_type (generic_type time)))) )) (table_creation_option (creation_engine engine = (string_literal 'MYISAM'))) (table_creation_option (partition_by partition by (partition_by_what range (skip_parens /__MAXWELL__/)) (partition_definitions ( (skip_parens_inside_partition_definitions /__MAXWELL__/)))))) <EOF>)
[1] 23:44:16,495 DEBUG SchemaChange - SQL_PARSE <- "create table t7 (a int not null) partition by RANGE(a) ( partition p10 values less than (10), partition p30 values less than (30), partition p50 values less than (50), partition p70 values less than (70), partition p90 values less than (90) )"
[1] 23:44:16,495 DEBUG SchemaChange - rewrote SQL to create table t7 (a int not null) partition by RANGE/__MAXWELL__/ ( partition p10 values less than (10), partition p30 values less than (30), partition p50 values less than (50), partition p70 values less than (70), partition p90 values less than (90) )
[1] 23:44:16,495 DEBUG SchemaChange - SQL_PARSE <- "create table t7 (a int not null) partition by RANGE/__MAXWELL__/ ( partition p10 values less than (10), partition p30 values less than (30), partition p50 values less than (50), partition p70 values less than (70), partition p90 values less than (90) )"
[1] 23:44:16,495 DEBUG SchemaChange - rewrote SQL to create table t7 (a int not null) partition by RANGE/__MAXWELL__/ ( /__MAXWELL__/
[1] 23:44:16,495 DEBUG SchemaChange - SQL_PARSE <- "create table t7 (a int not null) partition by RANGE/__MAXWELL__/ ( /__MAXWELL__/"
[1] 23:44:16,495 DEBUG SchemaChange - SQL_PARSE ->   (parse (statement (create_table (create_table_preamble create table (table_name (name (id t7)))) (create_specifications ( (create_specification (column_definition (name (id a)) (data_type (signed_type int (column_options (nullability not null)))))) )) (table_creation_option (partition_by partition by (partition_by_what RANGE (skip_parens /__MAXWELL__/)) (partition_definitions ( (skip_parens_inside_partition_definitions /__MAXWELL__/)))))) <EOF>)
[1] 23:44:16,495 DEBUG SchemaChange - SQL_PARSE <- "create table t7 (a int unsigned not null) partition by RANGE(a) ( partition p10 values less than (10), partition p30 values less than (30), partition p50 values less than (50), partition p70 values less than (70), partition p90 values less than (90) )"
[1] 23:44:16,495 DEBUG SchemaChange - rewrote SQL to create table t7 (a int unsigned not null) partition by RANGE/__MAXWELL__/ ( partition p10 values less than (10), partition p30 values less than (30), partition p50 values less than (50), partition p70 values less than (70), partition p90 values less than (90) )
[1] 23:44:16,495 DEBUG SchemaChange - SQL_PARSE <- "create table t7 (a int unsigned not null) partition by RANGE/__MAXWELL__/ ( partition p10 values less than (10), partition p30 values less than (30), partition p50 values less than (50), partition p70 values less than (70), partition p90 values less than (90) )"
[1] 23:44:16,496 DEBUG SchemaChange - rewrote SQL to create table t7 (a int unsigned not null) partition by RANGE/__MAXWELL__/ ( /__MAXWELL__/
[1] 23:44:16,496 DEBUG SchemaChange - SQL_PARSE <- "create table t7 (a int unsigned not null) partition by RANGE/__MAXWELL__/ ( /__MAXWELL__/"
[1] 23:44:16,496 DEBUG SchemaChange - SQL_PARSE ->   (parse (statement (create_table (create_table_preamble create table (table_name (name (id t7)))) (create_specifications ( (create_specification (column_definition (name (id a)) (data_type (signed_type int (int_flags unsigned) (column_options (nullability not null)))))) )) (table_creation_option (partition_by partition by (partition_by_what RANGE (skip_parens /__MAXWELL__/)) (partition_definitions ( (skip_parens_inside_partition_definitions /__MAXWELL__/)))))) <EOF>)
[1] 23:44:16,496 DEBUG SchemaChange - SQL_PARSE <- "create table t8 (a date not null) partition by RANGE(YEAR(a)) ( partition p0 values less than (1980), partition p1 values less than (1990), partition p2 values less than (2000) )"
[1] 23:44:16,496 DEBUG SchemaChange - rewrote SQL to create table t8 (a date not null) partition by RANGE/__MAXWELL__/ ( partition p0 values less than (1980), partition p1 values less than (1990), partition p2 values less than (2000) )
[1] 23:44:16,496 DEBUG SchemaChange - SQL_PARSE <- "create table t8 (a date not null) partition by RANGE/__MAXWELL__/ ( partition p0 values less than (1980), partition p1 values less than (1990), partition p2 values less than (2000) )"
[1] 23:44:16,496 DEBUG SchemaChange - rewrote SQL to create table t8 (a date not null) partition by RANGE/__MAXWELL__/ ( /__MAXWELL__/
[1] 23:44:16,496 DEBUG SchemaChange - SQL_PARSE <- "create table t8 (a date not null) partition by RANGE/__MAXWELL__/ ( /__MAXWELL__/"
[1] 23:44:16,496 DEBUG SchemaChange - SQL_PARSE ->   (parse (statement (create_table (create_table_preamble create table (table_name (name (id t8)))) (create_specifications ( (create_specification (column_definition (name (id a)) (data_type (generic_type date (column_options (nullability not null)))))) )) (table_creation_option (partition_by partition by (partition_by_what RANGE (skip_parens /__MAXWELL__/)) (partition_definitions ( (skip_parens_inside_partition_definitions /__MAXWELL__/)))))) <EOF>)
[1] 23:44:16,496 DEBUG SchemaChange - SQL_PARSE <- "ALTER TABLE t1 REPAIR PARTITION ALL;"
[1] 23:44:16,497 DEBUG SchemaChange - SQL_PARSE ->   (parse (statement (alter_table (alter_table_preamble ALTER TABLE (table_name (name (id t1)))) (alter_partition_specification REPAIR PARTITION (partition_names (id ALL))))) <EOF>)
[1] 23:44:16,497 DEBUG SchemaChange - SQL_PARSE <- "ALTER TABLE t1 CHECK PARTITION ALL;"
[1] 23:44:16,497 DEBUG SchemaChange - SQL_PARSE ->   (parse (statement (alter_table (alter_table_preamble ALTER TABLE (table_name (name (id t1)))) (alter_partition_specification CHECK PARTITION (partition_names (id ALL))))) <EOF>)
[1] 23:44:16,497 DEBUG SchemaChange - SQL_PARSE <- "ALTER TABLE t1 OPTIMIZE PARTITION ALL;"
[1] 23:44:16,497 DEBUG SchemaChange - SQL_PARSE ->   (parse (statement (alter_table (alter_table_preamble ALTER TABLE (table_name (name (id t1)))) (alter_partition_specification OPTIMIZE PARTITION (partition_names (id ALL))))) <EOF>)
[1] 23:44:16,497 DEBUG SchemaChange - SQL_PARSE <- "ALTER TABLE t1 ANALYZE PARTITION ALL;"
[1] 23:44:16,497 DEBUG SchemaChange - SQL_PARSE ->   (parse (statement (alter_table (alter_table_preamble ALTER TABLE (table_name (name (id t1)))) (alter_partition_specification ANALYZE PARTITION (partition_names (id ALL))))) <EOF>)
[1] 23:44:16,497 DEBUG SchemaChange - SQL_PARSE <- "ALTER TABLE t1 REBUILD PARTITION ALL;"
[1] 23:44:16,497 DEBUG SchemaChange - SQL_PARSE ->   (parse (statement (alter_table (alter_table_preamble ALTER TABLE (table_name (name (id t1)))) (alter_partition_specification REBUILD PARTITION (partition_names (id ALL))))) <EOF>)
[1] 23:44:16,497 DEBUG SchemaChange - SQL_PARSE <- "ALTER TABLE t1 TRUNCATE PARTITION ALL;"
[1] 23:44:16,497 DEBUG SchemaChange - SQL_PARSE ->   (parse (statement (alter_table (alter_table_preamble ALTER TABLE (table_name (name (id t1)))) (alter_partition_specification TRUNCATE PARTITION (partition_names (id ALL))))) <EOF>)
[1] 23:44:16,497 DEBUG SchemaChange - SQL_PARSE <- "ALTER TABLE t1 PARTITION BY KEY(joined) PARTITIONS 2;"
[1] 23:44:16,498 DEBUG SchemaChange - rewrote SQL to ALTER TABLE t1 PARTITION BY KEY/__MAXWELL__/ PARTITIONS 2
[1] 23:44:16,498 DEBUG SchemaChange - SQL_PARSE <- "ALTER TABLE t1 PARTITION BY KEY/__MAXWELL__/ PARTITIONS 2"
[1] 23:44:16,499 DEBUG SchemaChange - SQL_PARSE ->   (parse (statement (alter_table (alter_table_preamble ALTER TABLE (table_name (name (id t1)))) (alter_specifications (alter_specification (table_creation_option (partition_by PARTITION BY (partition_by_what KEY (skip_parens /__MAXWELL__/)) (partition_count PARTITIONS 2))))))) <EOF>)
[1] 23:44:16,499 DEBUG SchemaChange - SQL_PARSE <- "ALTER TABLE t1 PARTITION BY LIST (YEAR(dt)) ( PARTITION d1 VALUES IN (1991, 1994), PARTITION d2 VALUES IN (1993), PARTITION d3 VALUES IN (1992, 1995, 1996));"
[1] 23:44:16,500 DEBUG SchemaChange - rewrote SQL to ALTER TABLE t1 PARTITION BY LIST /__MAXWELL__/ ( PARTITION d1 VALUES IN (1991, 1994), PARTITION d2 VALUES IN (1993), PARTITION d3 VALUES IN (1992, 1995, 1996))
[1] 23:44:16,500 DEBUG SchemaChange - SQL_PARSE <- "ALTER TABLE t1 PARTITION BY LIST /__MAXWELL__/ ( PARTITION d1 VALUES IN (1991, 1994), PARTITION d2 VALUES IN (1993), PARTITION d3 VALUES IN (1992, 1995, 1996))"
[1] 23:44:16,501 DEBUG SchemaChange - rewrote SQL to ALTER TABLE t1 PARTITION BY LIST /__MAXWELL__/ ( /__MAXWELL__/
[1] 23:44:16,501 DEBUG SchemaChange - SQL_PARSE <- "ALTER TABLE t1 PARTITION BY LIST /__MAXWELL__/ ( /__MAXWELL__/"
[1] 23:44:16,502 DEBUG SchemaChange - SQL_PARSE ->   (parse (statement (alter_table (alter_table_preamble ALTER TABLE (table_name (name (id t1)))) (alter_specifications (alter_specification (table_creation_option (partition_by PARTITION BY (partition_by_what LIST (skip_parens /__MAXWELL__/)) (partition_definitions ( (skip_parens_inside_partition_definitions /__MAXWELL__/)))))))) <EOF>)
[1] 23:44:16,502 DEBUG SchemaChange - SQL_PARSE <- "ALTER TABLE t1 PARTITION BY HASH (a) (PARTITION p0 ENGINE=Memory, PARTITION p1 ENGINE=NonExistentEngine);"
[1] 23:44:16,503 DEBUG SchemaChange - rewrote SQL to ALTER TABLE t1 PARTITION BY HASH /__MAXWELL__/ (PARTITION p0 ENGINE=Memory, PARTITION p1 ENGINE=NonExistentEngine)
[1] 23:44:16,503 DEBUG SchemaChange - SQL_PARSE <- "ALTER TABLE t1 PARTITION BY HASH /__MAXWELL__/ (PARTITION p0 ENGINE=Memory, PARTITION p1 ENGINE=NonExistentEngine)"
[1] 23:44:16,503 DEBUG SchemaChange - rewrote SQL to ALTER TABLE t1 PARTITION BY HASH /__MAXWELL__/ (/__MAXWELL__/
[1] 23:44:16,503 DEBUG SchemaChange - SQL_PARSE <- "ALTER TABLE t1 PARTITION BY HASH /__MAXWELL__/ (/__MAXWELL__/"
[1] 23:44:16,504 DEBUG SchemaChange - SQL_PARSE ->   (parse (statement (alter_table (alter_table_preamble ALTER TABLE (table_name (name (id t1)))) (alter_specifications (alter_specification (table_creation_option (partition_by PARTITION BY (partition_by_what HASH (skip_parens /__MAXWELL__/)) (partition_definitions ( (skip_parens_inside_partition_definitions /__MAXWELL__/)))))))) <EOF>)
[1] 23:44:16,504 DEBUG SchemaChange - SQL_PARSE <- "ALTER TABLE gl_partitioned PARTITION BY HASH (thread_id) PARTITIONS 10"
[1] 23:44:16,504 DEBUG SchemaChange - rewrote SQL to ALTER TABLE gl_partitioned PARTITION BY HASH /__MAXWELL__/ PARTITIONS 10
[1] 23:44:16,504 DEBUG SchemaChange - SQL_PARSE <- "ALTER TABLE gl_partitioned PARTITION BY HASH /__MAXWELL__/ PARTITIONS 10"
[1] 23:44:16,504 DEBUG SchemaChange - SQL_PARSE ->   (parse (statement (alter_table (alter_table_preamble ALTER TABLE (table_name (name (id gl_partitioned)))) (alter_specifications (alter_specification (table_creation_option (partition_by PARTITION BY (partition_by_what HASH (skip_parens /__MAXWELL__/)) (partition_count PARTITIONS 10))))))) <EOF>)
[1] 23:44:16,505 DEBUG SchemaChange - SQL_PARSE <- "ALTER TABLE t1 REORGANIZE PARTITION p0 INTO (partition p1 VALUES LESS THAN (1) DATA DIRECTORY = '/Users/ben/src/mysql-server/mysql-test/var/tmp' INDEX DIRECTORY = '/Users/ben/src/mysql-server/mysql-test/var/tmp' (SUBPARTITION subpart10, SUBPARTITION subpart11), partition p2 VALUES LESS THAN (2) DATA DIRECTORY = '/Users/ben/src/mysql-server/mysql-test/var/tmp' INDEX DIRECTORY = '/Users/ben/src/mysql-server/mysql-test/var/tmp' (SUBPARTITION subpart20, SUBPARTITION subpart21))"
[1] 23:44:16,505 DEBUG SchemaChange - rewrote SQL to ALTER TABLE t1 REORGANIZE PARTITION p0 INTO /__MAXWELL__/
[1] 23:44:16,505 DEBUG SchemaChange - SQL_PARSE <- "ALTER TABLE t1 REORGANIZE PARTITION p0 INTO /__MAXWELL__/"
[1] 23:44:16,505 DEBUG SchemaChange - SQL_PARSE ->   (parse (statement (alter_table (alter_table_preamble ALTER TABLE (table_name (name (id t1)))) (alter_partition_specification REORGANIZE PARTITION (partition_names (id p0)) INTO (skip_parens /__MAXWELL__/)))) <EOF>)
[1] 23:44:16,505 DEBUG SchemaChange - SQL_PARSE <- "ALTER TABLE t1 partition by hash (a + 3) partitions 3 (partition x1 tablespace ts1, partition x2 tablespace ts2, partition x3 tablespace ts3)"
[1] 23:44:16,505 DEBUG SchemaChange - rewrote SQL to ALTER TABLE t1 partition by hash /__MAXWELL__/ partitions 3 (partition x1 tablespace ts1, partition x2 tablespace ts2, partition x3 tablespace ts3)
[1] 23:44:16,505 DEBUG SchemaChange - SQL_PARSE <- "ALTER TABLE t1 partition by hash /__MAXWELL__/ partitions 3 (partition x1 tablespace ts1, partition x2 tablespace ts2, partition x3 tablespace ts3)"
[1] 23:44:16,505 DEBUG SchemaChange - rewrote SQL to ALTER TABLE t1 partition by hash /__MAXWELL__/ partitions 3 (/__MAXWELL__/
[1] 23:44:16,506 DEBUG SchemaChange - SQL_PARSE <- "ALTER TABLE t1 partition by hash /__MAXWELL__/ partitions 3 (/__MAXWELL__/"
[1] 23:44:16,506 DEBUG SchemaChange - SQL_PARSE ->   (parse (statement (alter_table (alter_table_preamble ALTER TABLE (table_name (name (id t1)))) (alter_specifications (alter_specification (table_creation_option (partition_by partition by (partition_by_what hash (skip_parens /__MAXWELL__/)) (partition_count partitions 3) (partition_definitions ( (skip_parens_inside_partition_definitions /__MAXWELL__/)))))))) <EOF>)
[1] 23:44:16,506 DEBUG SchemaChange - SQL_PARSE <- "ALTER TABLE t1 partition by list(a) partitions 2 (partition x123 values in (1,5,6), partition x234 values in (4,7,8))"
[1] 23:44:16,506 DEBUG SchemaChange - rewrote SQL to ALTER TABLE t1 partition by list/__MAXWELL__/ partitions 2 (partition x123 values in (1,5,6), partition x234 values in (4,7,8))
[1] 23:44:16,506 DEBUG SchemaChange - SQL_PARSE <- "ALTER TABLE t1 partition by list/__MAXWELL__/ partitions 2 (partition x123 values in (1,5,6), partition x234 values in (4,7,8))"
[1] 23:44:16,506 DEBUG SchemaChange - rewrote SQL to ALTER TABLE t1 partition by list/__MAXWELL__/ partitions 2 (/__MAXWELL__/
[1] 23:44:16,506 DEBUG SchemaChange - SQL_PARSE <- "ALTER TABLE t1 partition by list/__MAXWELL__/ partitions 2 (/__MAXWELL__/"
[1] 23:44:16,507 DEBUG SchemaChange - SQL_PARSE ->   (parse (statement (alter_table (alter_table_preamble ALTER TABLE (table_name (name (id t1)))) (alter_specifications (alter_specification (table_creation_option (partition_by partition by (partition_by_what list (skip_parens /__MAXWELL__/)) (partition_count partitions 2) (partition_definitions ( (skip_parens_inside_partition_definitions /__MAXWELL__/)))))))) <EOF>)
[1] 23:44:16,507 DEBUG SchemaChange - SQL_PARSE <- "ALTER TABLE t1 partition by range (a) partitions 3 (partition x1 values less than (5) tablespace ts1, partition x2 values less than (10) tablespace ts2, partition x3 values less than (15) tablespace ts3)"
[1] 23:44:16,507 DEBUG SchemaChange - rewrote SQL to ALTER TABLE t1 partition by range /__MAXWELL__/ partitions 3 (partition x1 values less than (5) tablespace ts1, partition x2 values less than (10) tablespace ts2, partition x3 values less than (15) tablespace ts3)
[1] 23:44:16,507 DEBUG SchemaChange - SQL_PARSE <- "ALTER TABLE t1 partition by range /__MAXWELL__/ partitions 3 (partition x1 values less than (5) tablespace ts1, partition x2 values less than (10) tablespace ts2, partition x3 values less than (15) tablespace ts3)"
[1] 23:44:16,508 DEBUG SchemaChange - rewrote SQL to ALTER TABLE t1 partition by range /__MAXWELL__/ partitions 3 (/__MAXWELL__/
[1] 23:44:16,508 DEBUG SchemaChange - SQL_PARSE <- "ALTER TABLE t1 partition by range /__MAXWELL__/ partitions 3 (/__MAXWELL__/"
[1] 23:44:16,508 DEBUG SchemaChange - SQL_PARSE ->   (parse (statement (alter_table (alter_table_preamble ALTER TABLE (table_name (name (id t1)))) (alter_specifications (alter_specification (table_creation_option (partition_by partition by (partition_by_what range (skip_parens /__MAXWELL__/)) (partition_count partitions 3) (partition_definitions ( (skip_parens_inside_partition_definitions /__MAXWELL__/)))))))) <EOF>)
[1] 23:44:16,508 DEBUG SchemaChange - SQL_PARSE <- "ALTER TABLE t1 partition by range (a) partitions 3 (partition x1 values less than (5) tablespace ts1, partition x2 values less than (10) tablespace ts2, partition x3 values less than maxvalue tablespace ts3)"
[1] 23:44:16,508 DEBUG SchemaChange - rewrote SQL to ALTER TABLE t1 partition by range /__MAXWELL__/ partitions 3 (partition x1 values less than (5) tablespace ts1, partition x2 values less than (10) tablespace ts2, partition x3 values less than maxvalue tablespace ts3)
[1] 23:44:16,508 DEBUG SchemaChange - SQL_PARSE <- "ALTER TABLE t1 partition by range /__MAXWELL__/ partitions 3 (partition x1 values less than (5) tablespace ts1, partition x2 values less than (10) tablespace ts2, partition x3 values less than maxvalue tablespace ts3)"
[1] 23:44:16,509 DEBUG SchemaChange - rewrote SQL to ALTER TABLE t1 partition by range /__MAXWELL__/ partitions 3 (/__MAXWELL__/
[1] 23:44:16,509 DEBUG SchemaChange - SQL_PARSE <- "ALTER TABLE t1 partition by range /__MAXWELL__/ partitions 3 (/__MAXWELL__/"
[1] 23:44:16,509 DEBUG SchemaChange - SQL_PARSE ->   (parse (statement (alter_table (alter_table_preamble ALTER TABLE (table_name (name (id t1)))) (alter_specifications (alter_specification (table_creation_option (partition_by partition by (partition_by_what range (skip_parens /__MAXWELL__/)) (partition_count partitions 3) (partition_definitions ( (skip_parens_inside_partition_definitions /__MAXWELL__/)))))))) <EOF>)
[1] 23:44:16,509 DEBUG SchemaChange - SQL_PARSE <- "ALTER TABLE t1 partition by range (a) subpartition by hash (a+b) ( partition x1 values less than (1) ( subpartition x11 engine myisam nodegroup 0, subpartition x12 engine myisam nodegroup 1), partition x2 values less than (5) ( subpartition x21 engine myisam nodegroup 0, subpartition x22 engine myisam nodegroup 1) )"
[1] 23:44:16,509 DEBUG SchemaChange - rewrote SQL to ALTER TABLE t1 partition by range /__MAXWELL__/ subpartition by hash (a+b) ( partition x1 values less than (1) ( subpartition x11 engine myisam nodegroup 0, subpartition x12 engine myisam nodegroup 1), partition x2 values less than (5) ( subpartition x21 engine myisam nodegroup 0, subpartition x22 engine myisam nodegroup 1) )
[1] 23:44:16,510 DEBUG SchemaChange - SQL_PARSE <- "ALTER TABLE t1 partition by range /__MAXWELL__/ subpartition by hash (a+b) ( partition x1 values less than (1) ( subpartition x11 engine myisam nodegroup 0, subpartition x12 engine myisam nodegroup 1), partition x2 values less than (5) ( subpartition x21 engine myisam nodegroup 0, subpartition x22 engine myisam nodegroup 1) )"
[1] 23:44:16,510 DEBUG SchemaChange - rewrote SQL to ALTER TABLE t1 partition by range /__MAXWELL__/ subpartition by hash /__MAXWELL__/ ( partition x1 values less than (1) ( subpartition x11 engine myisam nodegroup 0, subpartition x12 engine myisam nodegroup 1), partition x2 values less than (5) ( subpartition x21 engine myisam nodegroup 0, subpartition x22 engine myisam nodegroup 1) )
[1] 23:44:16,510 DEBUG SchemaChange - SQL_PARSE <- "ALTER TABLE t1 partition by range /__MAXWELL__/ subpartition by hash /__MAXWELL__/ ( partition x1 values less than (1) ( subpartition x11 engine myisam nodegroup 0, subpartition x12 engine myisam nodegroup 1), partition x2 values less than (5) ( subpartition x21 engine myisam nodegroup 0, subpartition x22 engine myisam nodegroup 1) )"
[1] 23:44:16,510 DEBUG SchemaChange - rewrote SQL to ALTER TABLE t1 partition by range /__MAXWELL__/ subpartition by hash /__MAXWELL__/ ( /__MAXWELL__/
[1] 23:44:16,510 DEBUG SchemaChange - SQL_PARSE <- "ALTER TABLE t1 partition by range /__MAXWELL__/ subpartition by hash /__MAXWELL__/ ( /__MAXWELL__/"
[1] 23:44:16,511 DEBUG SchemaChange - SQL_PARSE ->   (parse (statement (alter_table (alter_table_preamble ALTER TABLE (table_name (name (id t1)))) (alter_specifications (alter_specification (table_creation_option (partition_by partition by (partition_by_what range (skip_parens /__MAXWELL__/)) (subpartition_by subpartition by (partition_by_what hash (skip_parens /__MAXWELL__/))) (partition_definitions ( (skip_parens_inside_partition_definitions /__MAXWELL__/)))))))) <EOF>)
[1] 23:44:16,511 DEBUG SchemaChange - SQL_PARSE <- "ALTER TABLE t1 partition by range (a) subpartition by hash (a+b) ( partition x1 values less than (1) ( subpartition x11 engine myisam, subpartition x12 engine myisam), partition x2 values less than (5) ( subpartition x21 engine myisam, subpartition x22 engine myisam) )"
[1] 23:44:16,511 DEBUG SchemaChange - rewrote SQL to ALTER TABLE t1 partition by range /__MAXWELL__/ subpartition by hash (a+b) ( partition x1 values less than (1) ( subpartition x11 engine myisam, subpartition x12 engine myisam), partition x2 values less than (5) ( subpartition x21 engine myisam, subpartition x22 engine myisam) )
[1] 23:44:16,511 DEBUG SchemaChange - SQL_PARSE <- "ALTER TABLE t1 partition by range /__MAXWELL__/ subpartition by hash (a+b) ( partition x1 values less than (1) ( subpartition x11 engine myisam, subpartition x12 engine myisam), partition x2 values less than (5) ( subpartition x21 engine myisam, subpartition x22 engine myisam) )"
[1] 23:44:16,511 DEBUG SchemaChange - rewrote SQL to ALTER TABLE t1 partition by range /__MAXWELL__/ subpartition by hash /__MAXWELL__/ ( partition x1 values less than (1) ( subpartition x11 engine myisam, subpartition x12 engine myisam), partition x2 values less than (5) ( subpartition x21 engine myisam, subpartition x22 engine myisam) )
[1] 23:44:16,511 DEBUG SchemaChange - SQL_PARSE <- "ALTER TABLE t1 partition by range /__MAXWELL__/ subpartition by hash /__MAXWELL__/ ( partition x1 values less than (1) ( subpartition x11 engine myisam, subpartition x12 engine myisam), partition x2 values less than (5) ( subpartition x21 engine myisam, subpartition x22 engine myisam) )"
[1] 23:44:16,512 DEBUG SchemaChange - rewrote SQL to ALTER TABLE t1 partition by range /__MAXWELL__/ subpartition by hash /__MAXWELL__/ ( /__MAXWELL__/
[1] 23:44:16,512 DEBUG SchemaChange - SQL_PARSE <- "ALTER TABLE t1 partition by range /__MAXWELL__/ subpartition by hash /__MAXWELL__/ ( /__MAXWELL__/"
[1] 23:44:16,512 DEBUG SchemaChange - SQL_PARSE ->   (parse (statement (alter_table (alter_table_preamble ALTER TABLE (table_name (name (id t1)))) (alter_specifications (alter_specification (table_creation_option (partition_by partition by (partition_by_what range (skip_parens /__MAXWELL__/)) (subpartition_by subpartition by (partition_by_what hash (skip_parens /__MAXWELL__/))) (partition_definitions ( (skip_parens_inside_partition_definitions /__MAXWELL__/)))))))) <EOF>)
[1] 23:44:16,512 DEBUG SchemaChange - SQL_PARSE <- "ALTER TABLE t1 partition by range (a) subpartition by hash (a+b) ( partition x1 values less than (1) ( subpartition x11 tablespace t1 engine myisam, subpartition x12 tablespace t2 engine myisam), partition x2 values less than (5) ( subpartition x21 tablespace t1 engine myisam, subpartition x22 tablespace t2 engine myisam) )"
[1] 23:44:16,512 DEBUG SchemaChange - rewrote SQL to ALTER TABLE t1 partition by range /__MAXWELL__/ subpartition by hash (a+b) ( partition x1 values less than (1) ( subpartition x11 tablespace t1 engine myisam, subpartition x12 tablespace t2 engine myisam), partition x2 values less than (5) ( subpartition x21 tablespace t1 engine myisam, subpartition x22 tablespace t2 engine myisam) )
[1] 23:44:16,512 DEBUG SchemaChange - SQL_PARSE <- "ALTER TABLE t1 partition by range /__MAXWELL__/ subpartition by hash (a+b) ( partition x1 values less than (1) ( subpartition x11 tablespace t1 engine myisam, subpartition x12 tablespace t2 engine myisam), partition x2 values less than (5) ( subpartition x21 tablespace t1 engine myisam, subpartition x22 tablespace t2 engine myisam) )"
[1] 23:44:16,513 DEBUG SchemaChange - rewrote SQL to ALTER TABLE t1 partition by range /__MAXWELL__/ subpartition by hash /__MAXWELL__/ ( partition x1 values less than (1) ( subpartition x11 tablespace t1 engine myisam, subpartition x12 tablespace t2 engine myisam), partition x2 values less than (5) ( subpartition x21 tablespace t1 engine myisam, subpartition x22 tablespace t2 engine myisam) )
[1] 23:44:16,513 DEBUG SchemaChange - SQL_PARSE <- "ALTER TABLE t1 partition by range /__MAXWELL__/ subpartition by hash /__MAXWELL__/ ( partition x1 values less than (1) ( subpartition x11 tablespace t1 engine myisam, subpartition x12 tablespace t2 engine myisam), partition x2 values less than (5) ( subpartition x21 tablespace t1 engine myisam, subpartition x22 tablespace t2 engine myisam) )"
[1] 23:44:16,513 DEBUG SchemaChange - rewrote SQL to ALTER TABLE t1 partition by range /__MAXWELL__/ subpartition by hash /__MAXWELL__/ ( /__MAXWELL__/
[1] 23:44:16,513 DEBUG SchemaChange - SQL_PARSE <- "ALTER TABLE t1 partition by range /__MAXWELL__/ subpartition by hash /__MAXWELL__/ ( /__MAXWELL__/"
[1] 23:44:16,513 DEBUG SchemaChange - SQL_PARSE ->   (parse (statement (alter_table (alter_table_preamble ALTER TABLE (table_name (name (id t1)))) (alter_specifications (alter_specification (table_creation_option (partition_by partition by (partition_by_what range (skip_parens /__MAXWELL__/)) (subpartition_by subpartition by (partition_by_what hash (skip_parens /__MAXWELL__/))) (partition_definitions ( (skip_parens_inside_partition_definitions /__MAXWELL__/)))))))) <EOF>)
[1] 23:44:16,513 DEBUG SchemaChange - SQL_PARSE <- "alter table t1 ENGINE = MyISAM PARTITION BY RANGE (int_column) subpartition by key (char_column) subpartitions 2 (PARTITION p1 VALUES LESS THAN (5))"
[1] 23:44:16,514 DEBUG SchemaChange - rewrote SQL to alter table t1 ENGINE = MyISAM PARTITION BY RANGE /__MAXWELL__/ subpartition by key (char_column) subpartitions 2 (PARTITION p1 VALUES LESS THAN (5))
[1] 23:44:16,514 DEBUG SchemaChange - SQL_PARSE <- "alter table t1 ENGINE = MyISAM PARTITION BY RANGE /__MAXWELL__/ subpartition by key (char_column) subpartitions 2 (PARTITION p1 VALUES LESS THAN (5))"
[1] 23:44:16,514 DEBUG SchemaChange - rewrote SQL to alter table t1 ENGINE = MyISAM PARTITION BY RANGE /__MAXWELL__/ subpartition by key /__MAXWELL__/ subpartitions 2 (PARTITION p1 VALUES LESS THAN (5))
[1] 23:44:16,514 DEBUG SchemaChange - SQL_PARSE <- "alter table t1 ENGINE = MyISAM PARTITION BY RANGE /__MAXWELL__/ subpartition by key /__MAXWELL__/ subpartitions 2 (PARTITION p1 VALUES LESS THAN (5))"
[1] 23:44:16,515 DEBUG SchemaChange - rewrote SQL to alter table t1 ENGINE = MyISAM PARTITION BY RANGE /__MAXWELL__/ subpartition by key /__MAXWELL__/ subpartitions 2 (/__MAXWELL__/
[1] 23:44:16,515 DEBUG SchemaChange - SQL_PARSE <- "alter table t1 ENGINE = MyISAM PARTITION BY RANGE /__MAXWELL__/ subpartition by key /__MAXWELL__/ subpartitions 2 (/__MAXWELL__/"
[1] 23:44:16,515 DEBUG SchemaChange - SQL_PARSE ->   (parse (statement (alter_table (alter_table_preamble alter table (table_name (name (id t1)))) (alter_specifications (alter_specification (table_creation_option (creation_engine ENGINE = (id MyISAM))) (table_creation_option (partition_by PARTITION BY (partition_by_what RANGE (skip_parens /__MAXWELL__/)) (subpartition_by subpartition by (partition_by_what key (skip_parens /__MAXWELL__/)) subpartitions 2) (partition_definitions ( (skip_parens_inside_partition_definitions /__MAXWELL__/)))))))) <EOF>)
[1] 23:44:16,516 DEBUG SchemaChange - SQL_PARSE <- "alter table t1 REORGANIZE partition p1 INTO (partition p11 values in (1,2), partition p12 values in (3,4))"
[1] 23:44:16,516 DEBUG SchemaChange - rewrote SQL to alter table t1 REORGANIZE partition p1 INTO /__MAXWELL__/
[1] 23:44:16,516 DEBUG SchemaChange - SQL_PARSE <- "alter table t1 REORGANIZE partition p1 INTO /__MAXWELL__/"
[1] 23:44:16,516 DEBUG SchemaChange - SQL_PARSE ->   (parse (statement (alter_table (alter_table_preamble alter table (table_name (name (id t1)))) (alter_partition_specification REORGANIZE partition (partition_names (id p1)) INTO (skip_parens /__MAXWELL__/)))) <EOF>)
[1] 23:44:16,516 DEBUG SchemaChange - SQL_PARSE <- "alter table t1 REORGANIZE partition p11, p12 INTO (partition p1 values in (1,2,3,4))"
[1] 23:44:16,516 DEBUG SchemaChange - rewrote SQL to alter table t1 REORGANIZE partition p11, p12 INTO /__MAXWELL__/
[1] 23:44:16,516 DEBUG SchemaChange - SQL_PARSE <- "alter table t1 REORGANIZE partition p11, p12 INTO /__MAXWELL__/"
[1] 23:44:16,516 DEBUG SchemaChange - SQL_PARSE ->   (parse (statement (alter_table (alter_table_preamble alter table (table_name (name (id t1)))) (alter_partition_specification REORGANIZE partition (partition_names (id p11) , (id p12)) INTO (skip_parens /__MAXWELL__/)))) <EOF>)
[1] 23:44:16,516 DEBUG SchemaChange - SQL_PARSE <- "alter table t1 add column b int remove partitioning"
[1] 23:44:16,517 DEBUG SchemaChange - SQL_PARSE ->   (parse (statement (alter_table (alter_table_preamble alter table (table_name (name (id t1)))) (alter_specifications (alter_specification (add_column add column (column_definition (name (id b)) (data_type (signed_type int)))))) (alter_partition_specification remove partitioning))) <EOF>)
[1] 23:44:16,517 DEBUG SchemaChange - SQL_PARSE <- "alter table t1 add partition ( partition p2 values less than (200))"
[1] 23:44:16,517 DEBUG SchemaChange - rewrote SQL to alter table t1 add partition /__MAXWELL__/
[1] 23:44:16,517 DEBUG SchemaChange - SQL_PARSE <- "alter table t1 add partition /__MAXWELL__/"
[1] 23:44:16,517 DEBUG SchemaChange - SQL_PARSE ->   (parse (statement (alter_table (alter_table_preamble alter table (table_name (name (id t1)))) (alter_partition_specification add partition (skip_parens /__MAXWELL__/)))) <EOF>)
[1] 23:44:16,517 DEBUG SchemaChange - SQL_PARSE <- "alter table t1 add partition (partition p1 values less than ('b','c','d'))"
[1] 23:44:16,517 DEBUG SchemaChange - rewrote SQL to alter table t1 add partition /__MAXWELL__/
[1] 23:44:16,517 DEBUG SchemaChange - SQL_PARSE <- "alter table t1 add partition /__MAXWELL__/"
[1] 23:44:16,517 DEBUG SchemaChange - SQL_PARSE ->   (parse (statement (alter_table (alter_table_preamble alter table (table_name (name (id t1)))) (alter_partition_specification add partition (skip_parens /__MAXWELL__/)))) <EOF>)
[1] 23:44:16,517 DEBUG SchemaChange - SQL_PARSE <- "alter table t1 add partition (partition p1 values less than (2))"
[1] 23:44:16,517 DEBUG SchemaChange - rewrote SQL to alter table t1 add partition /__MAXWELL__/
[1] 23:44:16,517 DEBUG SchemaChange - SQL_PARSE <- "alter table t1 add partition /__MAXWELL__/"
[1] 23:44:16,518 DEBUG SchemaChange - SQL_PARSE ->   (parse (statement (alter_table (alter_table_preamble alter table (table_name (name (id t1)))) (alter_partition_specification add partition (skip_parens /__MAXWELL__/)))) <EOF>)
[1] 23:44:16,518 DEBUG SchemaChange - SQL_PARSE <- "alter table t1 add partition (partition p1 values less than (200) (subpartition subpart21))"
[1] 23:44:16,518 DEBUG SchemaChange - rewrote SQL to alter table t1 add partition /__MAXWELL__/
[1] 23:44:16,518 DEBUG SchemaChange - SQL_PARSE <- "alter table t1 add partition /__MAXWELL__/"
[1] 23:44:16,518 DEBUG SchemaChange - SQL_PARSE ->   (parse (statement (alter_table (alter_table_preamble alter table (table_name (name (id t1)))) (alter_partition_specification add partition (skip_parens /__MAXWELL__/)))) <EOF>)
[1] 23:44:16,518 DEBUG SchemaChange - SQL_PARSE <- "alter table t1 add partition (partition p1)"
[1] 23:44:16,518 DEBUG SchemaChange - rewrote SQL to alter table t1 add partition /__MAXWELL__/
[1] 23:44:16,518 DEBUG SchemaChange - SQL_PARSE <- "alter table t1 add partition /__MAXWELL__/"
[1] 23:44:16,518 DEBUG SchemaChange - SQL_PARSE ->   (parse (statement (alter_table (alter_table_preamble alter table (table_name (name (id t1)))) (alter_partition_specification add partition (skip_parens /__MAXWELL__/)))) <EOF>)
[1] 23:44:16,518 DEBUG SchemaChange - SQL_PARSE <- "alter table t1 add partition (partition p2 values in (3))"
[1] 23:44:16,519 DEBUG SchemaChange - rewrote SQL to alter table t1 add partition /__MAXWELL__/
[1] 23:44:16,519 DEBUG SchemaChange - SQL_PARSE <- "alter table t1 add partition /__MAXWELL__/"
[1] 23:44:16,519 DEBUG SchemaChange - SQL_PARSE ->   (parse (statement (alter_table (alter_table_preamble alter table (table_name (name (id t1)))) (alter_partition_specification add partition (skip_parens /__MAXWELL__/)))) <EOF>)
[1] 23:44:16,519 DEBUG SchemaChange - SQL_PARSE <- "alter table t1 add partition (partition x3 values in (30))"
[1] 23:44:16,519 DEBUG SchemaChange - rewrote SQL to alter table t1 add partition /__MAXWELL__/
[1] 23:44:16,519 DEBUG SchemaChange - SQL_PARSE <- "alter table t1 add partition /__MAXWELL__/"
[1] 23:44:16,519 DEBUG SchemaChange - SQL_PARSE ->   (parse (statement (alter_table (alter_table_preamble alter table (table_name (name (id t1)))) (alter_partition_specification add partition (skip_parens /__MAXWELL__/)))) <EOF>)
[1] 23:44:16,519 DEBUG SchemaChange - SQL_PARSE <- "alter table t1 drop partition p0"
[1] 23:44:16,520 DEBUG SchemaChange - SQL_PARSE ->   (parse (statement (alter_table (alter_table_preamble alter table (table_name (name (id t1)))) (alter_partition_specification drop partition (partition_names (id p0))))) <EOF>)
[1] 23:44:16,520 DEBUG SchemaChange - SQL_PARSE <- "alter table t1 drop partition p2"
[1] 23:44:16,520 DEBUG SchemaChange - SQL_PARSE ->   (parse (statement (alter_table (alter_table_preamble alter table (table_name (name (id t1)))) (alter_partition_specification drop partition (partition_names (id p2))))) <EOF>)
[1] 23:44:16,520 DEBUG SchemaChange - SQL_PARSE <- "alter table t1 drop partition `p2`"
[1] 23:44:16,520 DEBUG SchemaChange - SQL_PARSE ->   (parse (statement (alter_table (alter_table_preamble alter table (table_name (name (id t1)))) (alter_partition_specification drop partition (partition_names (id `p2`))))) <EOF>)
[1] 23:44:16,520 DEBUG SchemaChange - SQL_PARSE <- "alter table t1 engine=heap partition by key (a) (partition p0, partition p1)"
[1] 23:44:16,521 DEBUG SchemaChange - rewrote SQL to alter table t1 engine=heap partition by key /__MAXWELL__/ (partition p0, partition p1)
[1] 23:44:16,521 DEBUG SchemaChange - SQL_PARSE <- "alter table t1 engine=heap partition by key /__MAXWELL__/ (partition p0, partition p1)"
[1] 23:44:16,521 DEBUG SchemaChange - rewrote SQL to alter table t1 engine=heap partition by key /__MAXWELL__/ (/__MAXWELL__/
[1] 23:44:16,521 DEBUG SchemaChange - SQL_PARSE <- "alter table t1 engine=heap partition by key /__MAXWELL__/ (/__MAXWELL__/"
[1] 23:44:16,522 DEBUG SchemaChange - SQL_PARSE ->   (parse (statement (alter_table (alter_table_preamble alter table (table_name (name (id t1)))) (alter_specifications (alter_specification (table_creation_option (creation_engine engine = (id heap))) (table_creation_option (partition_by partition by (partition_by_what key (skip_parens /__MAXWELL__/)) (partition_definitions ( (skip_parens_inside_partition_definitions /__MAXWELL__/)))))))) <EOF>)
[1] 23:44:16,522 DEBUG SchemaChange - SQL_PARSE <- "alter table t1 engine=heap partition by key(a) (partition p0, partition p1 engine=heap)"
[1] 23:44:16,522 DEBUG SchemaChange - rewrote SQL to alter table t1 engine=heap partition by key/__MAXWELL__/ (partition p0, partition p1 engine=heap)
[1] 23:44:16,522 DEBUG SchemaChange - SQL_PARSE <- "alter table t1 engine=heap partition by key/__MAXWELL__/ (partition p0, partition p1 engine=heap)"
[1] 23:44:16,522 DEBUG SchemaChange - rewrote SQL to alter table t1 engine=heap partition by key/__MAXWELL__/ (/__MAXWELL__/
[1] 23:44:16,522 DEBUG SchemaChange - SQL_PARSE <- "alter table t1 engine=heap partition by key/__MAXWELL__/ (/__MAXWELL__/"
[1] 23:44:16,523 DEBUG SchemaChange - SQL_PARSE ->   (parse (statement (alter_table (alter_table_preamble alter table (table_name (name (id t1)))) (alter_specifications (alter_specification (table_creation_option (creation_engine engine = (id heap))) (table_creation_option (partition_by partition by (partition_by_what key (skip_parens /__MAXWELL__/)) (partition_definitions ( (skip_parens_inside_partition_definitions /__MAXWELL__/)))))))) <EOF>)
[1] 23:44:16,523 DEBUG SchemaChange - SQL_PARSE <- "alter table t1 engine=myisam partition by key(a) (partition p0 engine=myisam, partition p1)"
[1] 23:44:16,524 DEBUG SchemaChange - rewrote SQL to alter table t1 engine=myisam partition by key/__MAXWELL__/ (partition p0 engine=myisam, partition p1)
[1] 23:44:16,524 DEBUG SchemaChange - SQL_PARSE <- "alter table t1 engine=myisam partition by key/__MAXWELL__/ (partition p0 engine=myisam, partition p1)"
[1] 23:44:16,524 DEBUG SchemaChange - rewrote SQL to alter table t1 engine=myisam partition by key/__MAXWELL__/ (/__MAXWELL__/
[1] 23:44:16,524 DEBUG SchemaChange - SQL_PARSE <- "alter table t1 engine=myisam partition by key/__MAXWELL__/ (/__MAXWELL__/"
[1] 23:44:16,524 DEBUG SchemaChange - SQL_PARSE ->   (parse (statement (alter_table (alter_table_preamble alter table (table_name (name (id t1)))) (alter_specifications (alter_specification (table_creation_option (creation_engine engine = (id myisam))) (table_creation_option (partition_by partition by (partition_by_what key (skip_parens /__MAXWELL__/)) (partition_definitions ( (skip_parens_inside_partition_definitions /__MAXWELL__/)))))))) <EOF>)
[1] 23:44:16,524 DEBUG SchemaChange - SQL_PARSE <- "alter table t1 engine=myisam, add column c int remove partitioning"
[1] 23:44:16,524 DEBUG SchemaChange - SQL_PARSE ->   (parse (statement (alter_table (alter_table_preamble alter table (table_name (name (id t1)))) (alter_specifications (alter_specification (table_creation_option (creation_engine engine = (id myisam)))) , (alter_specification (add_column add column (column_definition (name (id c)) (data_type (signed_type int)))))) (alter_partition_specification remove partitioning))) <EOF>)
[1] 23:44:16,524 DEBUG SchemaChange - SQL_PARSE <- "alter table t1 partition by key (a) (partition p0, partition p1)"
[1] 23:44:16,525 DEBUG SchemaChange - rewrote SQL to alter table t1 partition by key /__MAXWELL__/ (partition p0, partition p1)
[1] 23:44:16,525 DEBUG SchemaChange - SQL_PARSE <- "alter table t1 partition by key /__MAXWELL__/ (partition p0, partition p1)"
[1] 23:44:16,525 DEBUG SchemaChange - rewrote SQL to alter table t1 partition by key /__MAXWELL__/ (/__MAXWELL__/
[1] 23:44:16,525 DEBUG SchemaChange - SQL_PARSE <- "alter table t1 partition by key /__MAXWELL__/ (/__MAXWELL__/"
[1] 23:44:16,526 DEBUG SchemaChange - SQL_PARSE ->   (parse (statement (alter_table (alter_table_preamble alter table (table_name (name (id t1)))) (alter_specifications (alter_specification (table_creation_option (partition_by partition by (partition_by_what key (skip_parens /__MAXWELL__/)) (partition_definitions ( (skip_parens_inside_partition_definitions /__MAXWELL__/)))))))) <EOF>)
[1] 23:44:16,526 DEBUG SchemaChange - SQL_PARSE <- "alter table t1 partition by key(a) (partition p0 engine=heap, partition p1)"
[1] 23:44:16,526 DEBUG SchemaChange - rewrote SQL to alter table t1 partition by key/__MAXWELL__/ (partition p0 engine=heap, partition p1)
[1] 23:44:16,526 DEBUG SchemaChange - SQL_PARSE <- "alter table t1 partition by key/__MAXWELL__/ (partition p0 engine=heap, partition p1)"
[1] 23:44:16,526 DEBUG SchemaChange - rewrote SQL to alter table t1 partition by key/__MAXWELL__/ (/__MAXWELL__/
[1] 23:44:16,526 DEBUG SchemaChange - SQL_PARSE <- "alter table t1 partition by key/__MAXWELL__/ (/__MAXWELL__/"
[1] 23:44:16,527 DEBUG SchemaChange - SQL_PARSE ->   (parse (statement (alter_table (alter_table_preamble alter table (table_name (name (id t1)))) (alter_specifications (alter_specification (table_creation_option (partition_by partition by (partition_by_what key (skip_parens /__MAXWELL__/)) (partition_definitions ( (skip_parens_inside_partition_definitions /__MAXWELL__/)))))))) <EOF>)
[1] 23:44:16,527 DEBUG SchemaChange - SQL_PARSE <- "alter table t1 partition by key(a) (partition p0, partition p1 engine=heap)"
[1] 23:44:16,527 DEBUG SchemaChange - rewrote SQL to alter table t1 partition by key/__MAXWELL__/ (partition p0, partition p1 engine=heap)
[1] 23:44:16,527 DEBUG SchemaChange - SQL_PARSE <- "alter table t1 partition by key/__MAXWELL__/ (partition p0, partition p1 engine=heap)"
[1] 23:44:16,527 DEBUG SchemaChange - rewrote SQL to alter table t1 partition by key/__MAXWELL__/ (/__MAXWELL__/
[1] 23:44:16,527 DEBUG SchemaChange - SQL_PARSE <- "alter table t1 partition by key/__MAXWELL__/ (/__MAXWELL__/"
[1] 23:44:16,528 DEBUG SchemaChange - SQL_PARSE ->   (parse (statement (alter_table (alter_table_preamble alter table (table_name (name (id t1)))) (alter_specifications (alter_specification (table_creation_option (partition_by partition by (partition_by_what key (skip_parens /__MAXWELL__/)) (partition_definitions ( (skip_parens_inside_partition_definitions /__MAXWELL__/)))))))) <EOF>)
[1] 23:44:16,528 DEBUG SchemaChange - SQL_PARSE <- "alter table t1 partition by range (id) ( partition p0 values less than (3), partition p1 values less than maxvalue )"
[1] 23:44:16,529 DEBUG SchemaChange - rewrote SQL to alter table t1 partition by range /__MAXWELL__/ ( partition p0 values less than (3), partition p1 values less than maxvalue )
[1] 23:44:16,529 DEBUG SchemaChange - SQL_PARSE <- "alter table t1 partition by range /__MAXWELL__/ ( partition p0 values less than (3), partition p1 values less than maxvalue )"
[1] 23:44:16,529 DEBUG SchemaChange - rewrote SQL to alter table t1 partition by range /__MAXWELL__/ ( /__MAXWELL__/
[1] 23:44:16,529 DEBUG SchemaChange - SQL_PARSE <- "alter table t1 partition by range /__MAXWELL__/ ( /__MAXWELL__/"
[1] 23:44:16,530 DEBUG SchemaChange - SQL_PARSE ->   (parse (statement (alter_table (alter_table_preamble alter table (table_name (name (id t1)))) (alter_specifications (alter_specification (table_creation_option (partition_by partition by (partition_by_what range (skip_parens /__MAXWELL__/)) (partition_definitions ( (skip_parens_inside_partition_definitions /__MAXWELL__/)))))))) <EOF>)
[1] 23:44:16,530 DEBUG SchemaChange - SQL_PARSE <- "alter table t1 partition by range (year(c)) (partition p5 values less than (2000), partition p10 values less than (2010))"
[1] 23:44:16,530 DEBUG SchemaChange - rewrote SQL to alter table t1 partition by range /__MAXWELL__/ (partition p5 values less than (2000), partition p10 values less than (2010))
[1] 23:44:16,530 DEBUG SchemaChange - SQL_PARSE <- "alter table t1 partition by range /__MAXWELL__/ (partition p5 values less than (2000), partition p10 values less than (2010))"
[1] 23:44:16,530 DEBUG SchemaChange - rewrote SQL to alter table t1 partition by range /__MAXWELL__/ (/__MAXWELL__/
[1] 23:44:16,530 DEBUG SchemaChange - SQL_PARSE <- "alter table t1 partition by range /__MAXWELL__/ (/__MAXWELL__/"
[1] 23:44:16,531 DEBUG SchemaChange - SQL_PARSE ->   (parse (statement (alter_table (alter_table_preamble alter table (table_name (name (id t1)))) (alter_specifications (alter_specification (table_creation_option (partition_by partition by (partition_by_what range (skip_parens /__MAXWELL__/)) (partition_definitions ( (skip_parens_inside_partition_definitions /__MAXWELL__/)))))))) <EOF>)
[1] 23:44:16,531 DEBUG SchemaChange - SQL_PARSE <- "alter table t1 partition by range columns(b,a) (partition p0 values less than (1,2), partition p1 values less than (3,3), partition p2 values less than (9,5))"
[1] 23:44:16,531 DEBUG SchemaChange - rewrote SQL to alter table t1 partition by range columns/__MAXWELL__/ (partition p0 values less than (1,2), partition p1 values less than (3,3), partition p2 values less than (9,5))
[1] 23:44:16,531 DEBUG SchemaChange - SQL_PARSE <- "alter table t1 partition by range columns/__MAXWELL__/ (partition p0 values less than (1,2), partition p1 values less than (3,3), partition p2 values less than (9,5))"
[1] 23:44:16,531 DEBUG SchemaChange - rewrote SQL to alter table t1 partition by range columns/__MAXWELL__/ (/__MAXWELL__/
[1] 23:44:16,531 DEBUG SchemaChange - SQL_PARSE <- "alter table t1 partition by range columns/__MAXWELL__/ (/__MAXWELL__/"
[1] 23:44:16,532 DEBUG SchemaChange - SQL_PARSE ->   (parse (statement (alter_table (alter_table_preamble alter table (table_name (name (id t1)))) (alter_specifications (alter_specification (table_creation_option (partition_by partition by (partition_by_what range columns (skip_parens /__MAXWELL__/)) (partition_definitions ( (skip_parens_inside_partition_definitions /__MAXWELL__/)))))))) <EOF>)
[1] 23:44:16,532 DEBUG SchemaChange - SQL_PARSE <- "alter table t1 rebuild partition p1"
[1] 23:44:16,532 DEBUG SchemaChange - SQL_PARSE ->   (parse (statement (alter_table (alter_table_preamble alter table (table_name (name (id t1)))) (alter_partition_specification rebuild partition (partition_names (id p1))))) <EOF>)
[1] 23:44:16,532 DEBUG SchemaChange - SQL_PARSE <- "alter table t1 remove partitioning"
[1] 23:44:16,532 DEBUG SchemaChange - SQL_PARSE ->   (parse (statement (alter_table (alter_table_preamble alter table (table_name (name (id t1)))) (alter_partition_specification remove partitioning))) <EOF>)
[1] 23:44:16,532 DEBUG SchemaChange - SQL_PARSE <- "alter table t1 reorganize partition p1 into ( partition p0 values less than (4), partition p1 values less than (100))"
[1] 23:44:16,532 DEBUG SchemaChange - rewrote SQL to alter table t1 reorganize partition p1 into /__MAXWELL__/
[1] 23:44:16,532 DEBUG SchemaChange - SQL_PARSE <- "alter table t1 reorganize partition p1 into /__MAXWELL__/"
[1] 23:44:16,533 DEBUG SchemaChange - SQL_PARSE ->   (parse (statement (alter_table (alter_table_preamble alter table (table_name (name (id t1)))) (alter_partition_specification reorganize partition (partition_names (id p1)) into (skip_parens /__MAXWELL__/)))) <EOF>)
[1] 23:44:16,533 DEBUG SchemaChange - SQL_PARSE <- "alter table t1 reorganize partition p1 into (partition p1 values less than (3))"
[1] 23:44:16,533 DEBUG SchemaChange - rewrote SQL to alter table t1 reorganize partition p1 into /__MAXWELL__/
[1] 23:44:16,533 DEBUG SchemaChange - SQL_PARSE <- "alter table t1 reorganize partition p1 into /__MAXWELL__/"
[1] 23:44:16,533 DEBUG SchemaChange - SQL_PARSE ->   (parse (statement (alter_table (alter_table_preamble alter table (table_name (name (id t1)))) (alter_partition_specification reorganize partition (partition_names (id p1)) into (skip_parens /__MAXWELL__/)))) <EOF>)
[1] 23:44:16,533 DEBUG SchemaChange - SQL_PARSE <- "alter table t1 reorganize partition p1 into (partition p11 values less than (2,2), partition p12 values less than (3,3))"
[1] 23:44:16,533 DEBUG SchemaChange - rewrote SQL to alter table t1 reorganize partition p1 into /__MAXWELL__/
[1] 23:44:16,533 DEBUG SchemaChange - SQL_PARSE <- "alter table t1 reorganize partition p1 into /__MAXWELL__/"
[1] 23:44:16,533 DEBUG SchemaChange - SQL_PARSE ->   (parse (statement (alter_table (alter_table_preamble alter table (table_name (name (id t1)))) (alter_partition_specification reorganize partition (partition_names (id p1)) into (skip_parens /__MAXWELL__/)))) <EOF>)
[1] 23:44:16,533 DEBUG SchemaChange - SQL_PARSE <- "alter table t1 reorganize partition p1,p2 into ( partition p2 values less than (to_days('2009-03-01')))"
[1] 23:44:16,533 DEBUG SchemaChange - rewrote SQL to alter table t1 reorganize partition p1,p2 into /__MAXWELL__/
[1] 23:44:16,533 DEBUG SchemaChange - SQL_PARSE <- "alter table t1 reorganize partition p1,p2 into /__MAXWELL__/"
[1] 23:44:16,534 DEBUG SchemaChange - SQL_PARSE ->   (parse (statement (alter_table (alter_table_preamble alter table (table_name (name (id t1)))) (alter_partition_specification reorganize partition (partition_names (id p1) , (id p2)) into (skip_parens /__MAXWELL__/)))) <EOF>)
[1] 23:44:16,534 DEBUG SchemaChange - SQL_PARSE <- "alter table t1 reorganize partition p2 into (partition p2 values less than (30))"
[1] 23:44:16,534 DEBUG SchemaChange - rewrote SQL to alter table t1 reorganize partition p2 into /__MAXWELL__/
[1] 23:44:16,534 DEBUG SchemaChange - SQL_PARSE <- "alter table t1 reorganize partition p2 into /__MAXWELL__/"
[1] 23:44:16,534 DEBUG SchemaChange - SQL_PARSE ->   (parse (statement (alter_table (alter_table_preamble alter table (table_name (name (id t1)))) (alter_partition_specification reorganize partition (partition_names (id p2)) into (skip_parens /__MAXWELL__/)))) <EOF>)
[1] 23:44:16,534 DEBUG SchemaChange - SQL_PARSE <- "alter table t1 reorganize partition p2 into (partition p21 values less than (4,7), partition p22 values less than (9,5))"
[1] 23:44:16,534 DEBUG SchemaChange - rewrote SQL to alter table t1 reorganize partition p2 into /__MAXWELL__/
[1] 23:44:16,534 DEBUG SchemaChange - SQL_PARSE <- "alter table t1 reorganize partition p2 into /__MAXWELL__/"
[1] 23:44:16,534 DEBUG SchemaChange - SQL_PARSE ->   (parse (statement (alter_table (alter_table_preamble alter table (table_name (name (id t1)))) (alter_partition_specification reorganize partition (partition_names (id p2)) into (skip_parens /__MAXWELL__/)))) <EOF>)
[1] 23:44:16,534 DEBUG SchemaChange - SQL_PARSE <- "alter table t1 reorganize partition p5 into (partition p1 values less than (1996), partition p2 values less than (1997), partition p3 values less than (1998), partition p4 values less than (1999), partition p5 values less than (2000))"
[1] 23:44:16,534 DEBUG SchemaChange - rewrote SQL to alter table t1 reorganize partition p5 into /__MAXWELL__/
[1] 23:44:16,534 DEBUG SchemaChange - SQL_PARSE <- "alter table t1 reorganize partition p5 into /__MAXWELL__/"
[1] 23:44:16,534 DEBUG SchemaChange - SQL_PARSE ->   (parse (statement (alter_table (alter_table_preamble alter table (table_name (name (id t1)))) (alter_partition_specification reorganize partition (partition_names (id p5)) into (skip_parens /__MAXWELL__/)))) <EOF>)
[1] 23:44:16,534 DEBUG SchemaChange - SQL_PARSE <- "alter table t11 drop partition p0"
[1] 23:44:16,535 DEBUG SchemaChange - SQL_PARSE ->   (parse (statement (alter_table (alter_table_preamble alter table (table_name (name (id t11)))) (alter_partition_specification drop partition (partition_names (id p0))))) <EOF>)
[1] 23:44:16,535 DEBUG SchemaChange - SQL_PARSE <- "alter table t11 partition by range(abs(col1))  (partition p0 values less than (15), partition p1 values less than maxvalue)"
[1] 23:44:16,535 DEBUG SchemaChange - rewrote SQL to alter table t11 partition by range/__MAXWELL__/  (partition p0 values less than (15), partition p1 values less than maxvalue)
[1] 23:44:16,535 DEBUG SchemaChange - SQL_PARSE <- "alter table t11 partition by range/__MAXWELL__/  (partition p0 values less than (15), partition p1 values less than maxvalue)"
[1] 23:44:16,535 DEBUG SchemaChange - rewrote SQL to alter table t11 partition by range/__MAXWELL__/  (/__MAXWELL__/
[1] 23:44:16,535 DEBUG SchemaChange - SQL_PARSE <- "alter table t11 partition by range/__MAXWELL__/  (/__MAXWELL__/"
[1] 23:44:16,535 DEBUG SchemaChange - SQL_PARSE ->   (parse (statement (alter_table (alter_table_preamble alter table (table_name (name (id t11)))) (alter_specifications (alter_specification (table_creation_option (partition_by partition by (partition_by_what range (skip_parens /__MAXWELL__/)) (partition_definitions ( (skip_parens_inside_partition_definitions /__MAXWELL__/)))))))) <EOF>)
[1] 23:44:16,536 DEBUG SchemaChange - SQL_PARSE <- "alter table t11 partition by range(day(col1))  (partition p0 values less than (15), partition p1 values less than maxvalue)"
[1] 23:44:16,536 DEBUG SchemaChange - rewrote SQL to alter table t11 partition by range/__MAXWELL__/  (partition p0 values less than (15), partition p1 values less than maxvalue)
[1] 23:44:16,536 DEBUG SchemaChange - SQL_PARSE <- "alter table t11 partition by range/__MAXWELL__/  (partition p0 values less than (15), partition p1 values less than maxvalue)"
[1] 23:44:16,536 DEBUG SchemaChange - rewrote SQL to alter table t11 partition by range/__MAXWELL__/  (/__MAXWELL__/
[1] 23:44:16,536 DEBUG SchemaChange - SQL_PARSE <- "alter table t11 partition by range/__MAXWELL__/  (/__MAXWELL__/"
[1] 23:44:16,537 DEBUG SchemaChange - SQL_PARSE ->   (parse (statement (alter_table (alter_table_preamble alter table (table_name (name (id t11)))) (alter_specifications (alter_specification (table_creation_option (partition_by partition by (partition_by_what range (skip_parens /__MAXWELL__/)) (partition_definitions ( (skip_parens_inside_partition_definitions /__MAXWELL__/)))))))) <EOF>)
[1] 23:44:16,537 DEBUG SchemaChange - SQL_PARSE <- "alter table t11 partition by range(dayofmonth(col1))  (partition p0 values less than (15), partition p1 values less than maxvalue)"
[1] 23:44:16,537 DEBUG SchemaChange - rewrote SQL to alter table t11 partition by range/__MAXWELL__/  (partition p0 values less than (15), partition p1 values less than maxvalue)
[1] 23:44:16,537 DEBUG SchemaChange - SQL_PARSE <- "alter table t11 partition by range/__MAXWELL__/  (partition p0 values less than (15), partition p1 values less than maxvalue)"
[1] 23:44:16,538 DEBUG SchemaChange - rewrote SQL to alter table t11 partition by range/__MAXWELL__/  (/__MAXWELL__/
[1] 23:44:16,538 DEBUG SchemaChange - SQL_PARSE <- "alter table t11 partition by range/__MAXWELL__/  (/__MAXWELL__/"
[1] 23:44:16,538 DEBUG SchemaChange - SQL_PARSE ->   (parse (statement (alter_table (alter_table_preamble alter table (table_name (name (id t11)))) (alter_specifications (alter_specification (table_creation_option (partition_by partition by (partition_by_what range (skip_parens /__MAXWELL__/)) (partition_definitions ( (skip_parens_inside_partition_definitions /__MAXWELL__/)))))))) <EOF>)
[1] 23:44:16,539 DEBUG SchemaChange - SQL_PARSE <- "alter table t11 partition by range(dayofweek(col1))  (partition p0 values less than (15), partition p1 values less than maxvalue)"
[1] 23:44:16,539 DEBUG SchemaChange - rewrote SQL to alter table t11 partition by range/__MAXWELL__/  (partition p0 values less than (15), partition p1 values less than maxvalue)
[1] 23:44:16,539 DEBUG SchemaChange - SQL_PARSE <- "alter table t11 partition by range/__MAXWELL__/  (partition p0 values less than (15), partition p1 values less than maxvalue)"
[1] 23:44:16,539 DEBUG SchemaChange - rewrote SQL to alter table t11 partition by range/__MAXWELL__/  (/__MAXWELL__/
[1] 23:44:16,539 DEBUG SchemaChange - SQL_PARSE <- "alter table t11 partition by range/__MAXWELL__/  (/__MAXWELL__/"
[1] 23:44:16,539 DEBUG SchemaChange - SQL_PARSE ->   (parse (statement (alter_table (alter_table_preamble alter table (table_name (name (id t11)))) (alter_specifications (alter_specification (table_creation_option (partition_by partition by (partition_by_what range (skip_parens /__MAXWELL__/)) (partition_definitions ( (skip_parens_inside_partition_definitions /__MAXWELL__/)))))))) <EOF>)
[1] 23:44:16,539 DEBUG SchemaChange - SQL_PARSE <- "alter table t11 partition by range(dayofyear(col1))  (partition p0 values less than (15), partition p1 values less than maxvalue)"
[1] 23:44:16,540 DEBUG SchemaChange - rewrote SQL to alter table t11 partition by range/__MAXWELL__/  (partition p0 values less than (15), partition p1 values less than maxvalue)
[1] 23:44:16,540 DEBUG SchemaChange - SQL_PARSE <- "alter table t11 partition by range/__MAXWELL__/  (partition p0 values less than (15), partition p1 values less than maxvalue)"
[1] 23:44:16,540 DEBUG SchemaChange - rewrote SQL to alter table t11 partition by range/__MAXWELL__/  (/__MAXWELL__/
[1] 23:44:16,540 DEBUG SchemaChange - SQL_PARSE <- "alter table t11 partition by range/__MAXWELL__/  (/__MAXWELL__/"
[1] 23:44:16,540 DEBUG SchemaChange - SQL_PARSE ->   (parse (statement (alter_table (alter_table_preamble alter table (table_name (name (id t11)))) (alter_specifications (alter_specification (table_creation_option (partition_by partition by (partition_by_what range (skip_parens /__MAXWELL__/)) (partition_definitions ( (skip_parens_inside_partition_definitions /__MAXWELL__/)))))))) <EOF>)
[1] 23:44:16,540 DEBUG SchemaChange - SQL_PARSE <- "alter table t11 partition by range(extract(month from col1))  (partition p0 values less than (15), partition p1 values less than maxvalue)"
[1] 23:44:16,541 DEBUG SchemaChange - rewrote SQL to alter table t11 partition by range/__MAXWELL__/  (partition p0 values less than (15), partition p1 values less than maxvalue)
[1] 23:44:16,541 DEBUG SchemaChange - SQL_PARSE <- "alter table t11 partition by range/__MAXWELL__/  (partition p0 values less than (15), partition p1 values less than maxvalue)"
[1] 23:44:16,541 DEBUG SchemaChange - rewrote SQL to alter table t11 partition by range/__MAXWELL__/  (/__MAXWELL__/
[1] 23:44:16,541 DEBUG SchemaChange - SQL_PARSE <- "alter table t11 partition by range/__MAXWELL__/  (/__MAXWELL__/"
[1] 23:44:16,541 DEBUG SchemaChange - SQL_PARSE ->   (parse (statement (alter_table (alter_table_preamble alter table (table_name (name (id t11)))) (alter_specifications (alter_specification (table_creation_option (partition_by partition by (partition_by_what range (skip_parens /__MAXWELL__/)) (partition_definitions ( (skip_parens_inside_partition_definitions /__MAXWELL__/)))))))) <EOF>)
[1] 23:44:16,541 DEBUG SchemaChange - SQL_PARSE <- "alter table t11 partition by range(hour(col1))  (partition p0 values less than (15), partition p1 values less than maxvalue)"
[1] 23:44:16,542 DEBUG SchemaChange - rewrote SQL to alter table t11 partition by range/__MAXWELL__/  (partition p0 values less than (15), partition p1 values less than maxvalue)
[1] 23:44:16,542 DEBUG SchemaChange - SQL_PARSE <- "alter table t11 partition by range/__MAXWELL__/  (partition p0 values less than (15), partition p1 values less than maxvalue)"
[1] 23:44:16,543 DEBUG SchemaChange - rewrote SQL to alter table t11 partition by range/__MAXWELL__/  (/__MAXWELL__/
[1] 23:44:16,543 DEBUG SchemaChange - SQL_PARSE <- "alter table t11 partition by range/__MAXWELL__/  (/__MAXWELL__/"
[1] 23:44:16,543 DEBUG SchemaChange - SQL_PARSE ->   (parse (statement (alter_table (alter_table_preamble alter table (table_name (name (id t11)))) (alter_specifications (alter_specification (table_creation_option (partition_by partition by (partition_by_what range (skip_parens /__MAXWELL__/)) (partition_definitions ( (skip_parens_inside_partition_definitions /__MAXWELL__/)))))))) <EOF>)
[1] 23:44:16,543 DEBUG SchemaChange - SQL_PARSE <- "alter table t11 partition by range(microsecond(col1))  (partition p0 values less than (15), partition p1 values less than maxvalue)"
[1] 23:44:16,543 DEBUG SchemaChange - rewrote SQL to alter table t11 partition by range/__MAXWELL__/  (partition p0 values less than (15), partition p1 values less than maxvalue)
[1] 23:44:16,543 DEBUG SchemaChange - SQL_PARSE <- "alter table t11 partition by range/__MAXWELL__/  (partition p0 values less than (15), partition p1 values less than maxvalue)"
[1] 23:44:16,544 DEBUG SchemaChange - rewrote SQL to alter table t11 partition by range/__MAXWELL__/  (/__MAXWELL__/
[1] 23:44:16,544 DEBUG SchemaChange - SQL_PARSE <- "alter table t11 partition by range/__MAXWELL__/  (/__MAXWELL__/"
[1] 23:44:16,544 DEBUG SchemaChange - SQL_PARSE ->   (parse (statement (alter_table (alter_table_preamble alter table (table_name (name (id t11)))) (alter_specifications (alter_specification (table_creation_option (partition_by partition by (partition_by_what range (skip_parens /__MAXWELL__/)) (partition_definitions ( (skip_parens_inside_partition_definitions /__MAXWELL__/)))))))) <EOF>)
[1] 23:44:16,545 DEBUG SchemaChange - SQL_PARSE <- "alter table t11 partition by range(minute(col1))  (partition p0 values less than (15), partition p1 values less than maxvalue)"
[1] 23:44:16,545 DEBUG SchemaChange - rewrote SQL to alter table t11 partition by range/__MAXWELL__/  (partition p0 values less than (15), partition p1 values less than maxvalue)
[1] 23:44:16,545 DEBUG SchemaChange - SQL_PARSE <- "alter table t11 partition by range/__MAXWELL__/  (partition p0 values less than (15), partition p1 values less than maxvalue)"
[1] 23:44:16,546 DEBUG SchemaChange - rewrote SQL to alter table t11 partition by range/__MAXWELL__/  (/__MAXWELL__/
[1] 23:44:16,546 DEBUG SchemaChange - SQL_PARSE <- "alter table t11 partition by range/__MAXWELL__/  (/__MAXWELL__/"
[1] 23:44:16,546 DEBUG SchemaChange - SQL_PARSE ->   (parse (statement (alter_table (alter_table_preamble alter table (table_name (name (id t11)))) (alter_specifications (alter_specification (table_creation_option (partition_by partition by (partition_by_what range (skip_parens /__MAXWELL__/)) (partition_definitions ( (skip_parens_inside_partition_definitions /__MAXWELL__/)))))))) <EOF>)
[1] 23:44:16,546 DEBUG SchemaChange - SQL_PARSE <- "alter table t11 partition by range(mod(col1,10))  (partition p0 values less than (15), partition p1 values less than maxvalue)"
[1] 23:44:16,546 DEBUG SchemaChange - rewrote SQL to alter table t11 partition by range/__MAXWELL__/  (partition p0 values less than (15), partition p1 values less than maxvalue)
[1] 23:44:16,546 DEBUG SchemaChange - SQL_PARSE <- "alter table t11 partition by range/__MAXWELL__/  (partition p0 values less than (15), partition p1 values less than maxvalue)"
[1] 23:44:16,547 DEBUG SchemaChange - rewrote SQL to alter table t11 partition by range/__MAXWELL__/  (/__MAXWELL__/
[1] 23:44:16,547 DEBUG SchemaChange - SQL_PARSE <- "alter table t11 partition by range/__MAXWELL__/  (/__MAXWELL__/"
[1] 23:44:16,548 DEBUG SchemaChange - SQL_PARSE ->   (parse (statement (alter_table (alter_table_preamble alter table (table_name (name (id t11)))) (alter_specifications (alter_specification (table_creation_option (partition_by partition by (partition_by_what range (skip_parens /__MAXWELL__/)) (partition_definitions ( (skip_parens_inside_partition_definitions /__MAXWELL__/)))))))) <EOF>)
[1] 23:44:16,548 DEBUG SchemaChange - SQL_PARSE <- "alter table t11 partition by range(month(col1))  (partition p0 values less than (15), partition p1 values less than maxvalue)"
[1] 23:44:16,548 DEBUG SchemaChange - rewrote SQL to alter table t11 partition by range/__MAXWELL__/  (partition p0 values less than (15), partition p1 values less than maxvalue)
[1] 23:44:16,548 DEBUG SchemaChange - SQL_PARSE <- "alter table t11 partition by range/__MAXWELL__/  (partition p0 values less than (15), partition p1 values less than maxvalue)"
[1] 23:44:16,548 DEBUG SchemaChange - rewrote SQL to alter table t11 partition by range/__MAXWELL__/  (/__MAXWELL__/
[1] 23:44:16,548 DEBUG SchemaChange - SQL_PARSE <- "alter table t11 partition by range/__MAXWELL__/  (/__MAXWELL__/"
[1] 23:44:16,548 DEBUG SchemaChange - SQL_PARSE ->   (parse (statement (alter_table (alter_table_preamble alter table (table_name (name (id t11)))) (alter_specifications (alter_specification (table_creation_option (partition_by partition by (partition_by_what range (skip_parens /__MAXWELL__/)) (partition_definitions ( (skip_parens_inside_partition_definitions /__MAXWELL__/)))))))) <EOF>)
[1] 23:44:16,549 DEBUG SchemaChange - SQL_PARSE <- "alter table t11 partition by range(quarter(col1))  (partition p0 values less than (15), partition p1 values less than maxvalue)"
[1] 23:44:16,549 DEBUG SchemaChange - rewrote SQL to alter table t11 partition by range/__MAXWELL__/  (partition p0 values less than (15), partition p1 values less than maxvalue)
[1] 23:44:16,549 DEBUG SchemaChange - SQL_PARSE <- "alter table t11 partition by range/__MAXWELL__/  (partition p0 values less than (15), partition p1 values less than maxvalue)"
[1] 23:44:16,549 DEBUG SchemaChange - rewrote SQL to alter table t11 partition by range/__MAXWELL__/  (/__MAXWELL__/
[1] 23:44:16,549 DEBUG SchemaChange - SQL_PARSE <- "alter table t11 partition by range/__MAXWELL__/  (/__MAXWELL__/"
[1] 23:44:16,549 DEBUG SchemaChange - SQL_PARSE ->   (parse (statement (alter_table (alter_table_preamble alter table (table_name (name (id t11)))) (alter_specifications (alter_specification (table_creation_option (partition_by partition by (partition_by_what range (skip_parens /__MAXWELL__/)) (partition_definitions ( (skip_parens_inside_partition_definitions /__MAXWELL__/)))))))) <EOF>)
[1] 23:44:16,549 DEBUG SchemaChange - SQL_PARSE <- "alter table t11 partition by range(second(col1))  (partition p0 values less than (15), partition p1 values less than maxvalue)"
[1] 23:44:16,550 DEBUG SchemaChange - rewrote SQL to alter table t11 partition by range/__MAXWELL__/  (partition p0 values less than (15), partition p1 values less than maxvalue)
[1] 23:44:16,550 DEBUG SchemaChange - SQL_PARSE <- "alter table t11 partition by range/__MAXWELL__/  (partition p0 values less than (15), partition p1 values less than maxvalue)"
[1] 23:44:16,550 DEBUG SchemaChange - rewrote SQL to alter table t11 partition by range/__MAXWELL__/  (/__MAXWELL__/
[1] 23:44:16,550 DEBUG SchemaChange - SQL_PARSE <- "alter table t11 partition by range/__MAXWELL__/  (/__MAXWELL__/"
[1] 23:44:16,550 DEBUG SchemaChange - SQL_PARSE ->   (parse (statement (alter_table (alter_table_preamble alter table (table_name (name (id t11)))) (alter_specifications (alter_specification (table_creation_option (partition_by partition by (partition_by_what range (skip_parens /__MAXWELL__/)) (partition_definitions ( (skip_parens_inside_partition_definitions /__MAXWELL__/)))))))) <EOF>)
[1] 23:44:16,551 DEBUG SchemaChange - SQL_PARSE <- "alter table t11 partition by range(time_to_sec(col1)-(time_to_sec(col1)-20))  (partition p0 values less than (15), partition p1 values less than maxvalue)"
[1] 23:44:16,551 DEBUG SchemaChange - rewrote SQL to alter table t11 partition by range/__MAXWELL__/  (partition p0 values less than (15), partition p1 values less than maxvalue)
[1] 23:44:16,551 DEBUG SchemaChange - SQL_PARSE <- "alter table t11 partition by range/__MAXWELL__/  (partition p0 values less than (15), partition p1 values less than maxvalue)"
[1] 23:44:16,551 DEBUG SchemaChange - rewrote SQL to alter table t11 partition by range/__MAXWELL__/  (/__MAXWELL__/
[1] 23:44:16,551 DEBUG SchemaChange - SQL_PARSE <- "alter table t11 partition by range/__MAXWELL__/  (/__MAXWELL__/"
[1] 23:44:16,551 DEBUG SchemaChange - SQL_PARSE ->   (parse (statement (alter_table (alter_table_preamble alter table (table_name (name (id t11)))) (alter_specifications (alter_specification (table_creation_option (partition_by partition by (partition_by_what range (skip_parens /__MAXWELL__/)) (partition_definitions ( (skip_parens_inside_partition_definitions /__MAXWELL__/)))))))) <EOF>)
[1] 23:44:16,551 DEBUG SchemaChange - SQL_PARSE <- "alter table t11 partition by range(weekday(col1))  (partition p0 values less than (15), partition p1 values less than maxvalue)"
[1] 23:44:16,552 DEBUG SchemaChange - rewrote SQL to alter table t11 partition by range/__MAXWELL__/  (partition p0 values less than (15), partition p1 values less than maxvalue)
[1] 23:44:16,552 DEBUG SchemaChange - SQL_PARSE <- "alter table t11 partition by range/__MAXWELL__/  (partition p0 values less than (15), partition p1 values less than maxvalue)"
[1] 23:44:16,552 DEBUG SchemaChange - rewrote SQL to alter table t11 partition by range/__MAXWELL__/  (/__MAXWELL__/
[1] 23:44:16,552 DEBUG SchemaChange - SQL_PARSE <- "alter table t11 partition by range/__MAXWELL__/  (/__MAXWELL__/"
[1] 23:44:16,552 DEBUG SchemaChange - SQL_PARSE ->   (parse (statement (alter_table (alter_table_preamble alter table (table_name (name (id t11)))) (alter_specifications (alter_specification (table_creation_option (partition_by partition by (partition_by_what range (skip_parens /__MAXWELL__/)) (partition_definitions ( (skip_parens_inside_partition_definitions /__MAXWELL__/)))))))) <EOF>)
[1] 23:44:16,552 DEBUG SchemaChange - SQL_PARSE <- "alter table t11 partition by range(year(col1)-1990)  (partition p0 values less than (15), partition p1 values less than maxvalue)"
[1] 23:44:16,552 DEBUG SchemaChange - rewrote SQL to alter table t11 partition by range/__MAXWELL__/  (partition p0 values less than (15), partition p1 values less than maxvalue)
[1] 23:44:16,552 DEBUG SchemaChange - SQL_PARSE <- "alter table t11 partition by range/__MAXWELL__/  (partition p0 values less than (15), partition p1 values less than maxvalue)"
[1] 23:44:16,553 DEBUG SchemaChange - rewrote SQL to alter table t11 partition by range/__MAXWELL__/  (/__MAXWELL__/
[1] 23:44:16,553 DEBUG SchemaChange - SQL_PARSE <- "alter table t11 partition by range/__MAXWELL__/  (/__MAXWELL__/"
[1] 23:44:16,553 DEBUG SchemaChange - SQL_PARSE ->   (parse (statement (alter_table (alter_table_preamble alter table (table_name (name (id t11)))) (alter_specifications (alter_specification (table_creation_option (partition_by partition by (partition_by_what range (skip_parens /__MAXWELL__/)) (partition_definitions ( (skip_parens_inside_partition_definitions /__MAXWELL__/)))))))) <EOF>)
[1] 23:44:16,553 DEBUG SchemaChange - SQL_PARSE <- "alter table t11 partition by range(yearweek(col1)-200600)  (partition p0 values less than (15), partition p1 values less than maxvalue)"
[1] 23:44:16,553 DEBUG SchemaChange - rewrote SQL to alter table t11 partition by range/__MAXWELL__/  (partition p0 values less than (15), partition p1 values less than maxvalue)
[1] 23:44:16,553 DEBUG SchemaChange - SQL_PARSE <- "alter table t11 partition by range/__MAXWELL__/  (partition p0 values less than (15), partition p1 values less than maxvalue)"
[1] 23:44:16,553 DEBUG SchemaChange - rewrote SQL to alter table t11 partition by range/__MAXWELL__/  (/__MAXWELL__/
[1] 23:44:16,553 DEBUG SchemaChange - SQL_PARSE <- "alter table t11 partition by range/__MAXWELL__/  (/__MAXWELL__/"
[1] 23:44:16,554 DEBUG SchemaChange - SQL_PARSE ->   (parse (statement (alter_table (alter_table_preamble alter table (table_name (name (id t11)))) (alter_specifications (alter_specification (table_creation_option (partition_by partition by (partition_by_what range (skip_parens /__MAXWELL__/)) (partition_definitions ( (skip_parens_inside_partition_definitions /__MAXWELL__/)))))))) <EOF>)
[1] 23:44:16,554 DEBUG SchemaChange - SQL_PARSE <- "alter table t11 reorganize partition p0,p1 into (partition s1 values less than maxvalue)"
[1] 23:44:16,554 DEBUG SchemaChange - rewrote SQL to alter table t11 reorganize partition p0,p1 into /__MAXWELL__/
[1] 23:44:16,554 DEBUG SchemaChange - SQL_PARSE <- "alter table t11 reorganize partition p0,p1 into /__MAXWELL__/"
[1] 23:44:16,554 DEBUG SchemaChange - SQL_PARSE ->   (parse (statement (alter_table (alter_table_preamble alter table (table_name (name (id t11)))) (alter_partition_specification reorganize partition (partition_names (id p0) , (id p1)) into (skip_parens /__MAXWELL__/)))) <EOF>)
[1] 23:44:16,554 DEBUG SchemaChange - SQL_PARSE <- "alter table t11 reorganize partition s1 into (partition p0 values less than (15), partition p1 values less than maxvalue)"
[1] 23:44:16,554 DEBUG SchemaChange - rewrote SQL to alter table t11 reorganize partition s1 into /__MAXWELL__/
[1] 23:44:16,554 DEBUG SchemaChange - SQL_PARSE <- "alter table t11 reorganize partition s1 into /__MAXWELL__/"
[1] 23:44:16,554 DEBUG SchemaChange - SQL_PARSE ->   (parse (statement (alter_table (alter_table_preamble alter table (table_name (name (id t11)))) (alter_partition_specification reorganize partition (partition_names (id s1)) into (skip_parens /__MAXWELL__/)))) <EOF>)
[1] 23:44:16,554 DEBUG SchemaChange - SQL_PARSE <- "alter table t2 drop partition p0"
[1] 23:44:16,555 DEBUG SchemaChange - SQL_PARSE ->   (parse (statement (alter_table (alter_table_preamble alter table (table_name (name (id t2)))) (alter_partition_specification drop partition (partition_names (id p0))))) <EOF>)
[1] 23:44:16,555 DEBUG SchemaChange - SQL_PARSE <- "alter table t22 drop partition p0"
[1] 23:44:16,555 DEBUG SchemaChange - SQL_PARSE ->   (parse (statement (alter_table (alter_table_preamble alter table (table_name (name (id t22)))) (alter_partition_specification drop partition (partition_names (id p0))))) <EOF>)
[1] 23:44:16,555 DEBUG SchemaChange - SQL_PARSE <- "alter table t22 partition by list(abs(col1))  (partition p0 values in (0,1,2,3,4,5,6,7,8,9,10), partition p1 values in (11,12,13,14,15,16,17,18,19,20), partition p2 values in (21,22,23,24,25,26,27,28,29,30), partition p3 values in (31,32,33,34,35,36,37,38,39,40), partition p4 values in (41,42,43,44,45,46,47,48,49,50), partition p5 values in (51,52,53,54,55,56,57,58,59,60) )"
[1] 23:44:16,555 DEBUG SchemaChange - rewrote SQL to alter table t22 partition by list/__MAXWELL__/  (partition p0 values in (0,1,2,3,4,5,6,7,8,9,10), partition p1 values in (11,12,13,14,15,16,17,18,19,20), partition p2 values in (21,22,23,24,25,26,27,28,29,30), partition p3 values in (31,32,33,34,35,36,37,38,39,40), partition p4 values in (41,42,43,44,45,46,47,48,49,50), partition p5 values in (51,52,53,54,55,56,57,58,59,60) )
[1] 23:44:16,555 DEBUG SchemaChange - SQL_PARSE <- "alter table t22 partition by list/__MAXWELL__/  (partition p0 values in (0,1,2,3,4,5,6,7,8,9,10), partition p1 values in (11,12,13,14,15,16,17,18,19,20), partition p2 values in (21,22,23,24,25,26,27,28,29,30), partition p3 values in (31,32,33,34,35,36,37,38,39,40), partition p4 values in (41,42,43,44,45,46,47,48,49,50), partition p5 values in (51,52,53,54,55,56,57,58,59,60) )"
[1] 23:44:16,555 DEBUG SchemaChange - rewrote SQL to alter table t22 partition by list/__MAXWELL__/  (/__MAXWELL__/
[1] 23:44:16,555 DEBUG SchemaChange - SQL_PARSE <- "alter table t22 partition by list/__MAXWELL__/  (/__MAXWELL__/"
[1] 23:44:16,556 DEBUG SchemaChange - SQL_PARSE ->   (parse (statement (alter_table (alter_table_preamble alter table (table_name (name (id t22)))) (alter_specifications (alter_specification (table_creation_option (partition_by partition by (partition_by_what list (skip_parens /__MAXWELL__/)) (partition_definitions ( (skip_parens_inside_partition_definitions /__MAXWELL__/)))))))) <EOF>)
[1] 23:44:16,556 DEBUG SchemaChange - SQL_PARSE <- "alter table t22 partition by list(day(col1))  (partition p0 values in (0,1,2,3,4,5,6,7,8,9,10), partition p1 values in (11,12,13,14,15,16,17,18,19,20), partition p2 values in (21,22,23,24,25,26,27,28,29,30), partition p3 values in (31,32,33,34,35,36,37,38,39,40), partition p4 values in (41,42,43,44,45,46,47,48,49,50), partition p5 values in (51,52,53,54,55,56,57,58,59,60) )"
[1] 23:44:16,556 DEBUG SchemaChange - rewrote SQL to alter table t22 partition by list/__MAXWELL__/  (partition p0 values in (0,1,2,3,4,5,6,7,8,9,10), partition p1 values in (11,12,13,14,15,16,17,18,19,20), partition p2 values in (21,22,23,24,25,26,27,28,29,30), partition p3 values in (31,32,33,34,35,36,37,38,39,40), partition p4 values in (41,42,43,44,45,46,47,48,49,50), partition p5 values in (51,52,53,54,55,56,57,58,59,60) )
[1] 23:44:16,556 DEBUG SchemaChange - SQL_PARSE <- "alter table t22 partition by list/__MAXWELL__/  (partition p0 values in (0,1,2,3,4,5,6,7,8,9,10), partition p1 values in (11,12,13,14,15,16,17,18,19,20), partition p2 values in (21,22,23,24,25,26,27,28,29,30), partition p3 values in (31,32,33,34,35,36,37,38,39,40), partition p4 values in (41,42,43,44,45,46,47,48,49,50), partition p5 values in (51,52,53,54,55,56,57,58,59,60) )"
[1] 23:44:16,556 DEBUG SchemaChange - rewrote SQL to alter table t22 partition by list/__MAXWELL__/  (/__MAXWELL__/
[1] 23:44:16,556 DEBUG SchemaChange - SQL_PARSE <- "alter table t22 partition by list/__MAXWELL__/  (/__MAXWELL__/"
[1] 23:44:16,557 DEBUG SchemaChange - SQL_PARSE ->   (parse (statement (alter_table (alter_table_preamble alter table (table_name (name (id t22)))) (alter_specifications (alter_specification (table_creation_option (partition_by partition by (partition_by_what list (skip_parens /__MAXWELL__/)) (partition_definitions ( (skip_parens_inside_partition_definitions /__MAXWELL__/)))))))) <EOF>)
[1] 23:44:16,557 DEBUG SchemaChange - SQL_PARSE <- "alter table t22 partition by list(dayofmonth(col1))  (partition p0 values in (0,1,2,3,4,5,6,7,8,9,10), partition p1 values in (11,12,13,14,15,16,17,18,19,20), partition p2 values in (21,22,23,24,25,26,27,28,29,30), partition p3 values in (31,32,33,34,35,36,37,38,39,40), partition p4 values in (41,42,43,44,45,46,47,48,49,50), partition p5 values in (51,52,53,54,55,56,57,58,59,60) )"
[1] 23:44:16,557 DEBUG SchemaChange - rewrote SQL to alter table t22 partition by list/__MAXWELL__/  (partition p0 values in (0,1,2,3,4,5,6,7,8,9,10), partition p1 values in (11,12,13,14,15,16,17,18,19,20), partition p2 values in (21,22,23,24,25,26,27,28,29,30), partition p3 values in (31,32,33,34,35,36,37,38,39,40), partition p4 values in (41,42,43,44,45,46,47,48,49,50), partition p5 values in (51,52,53,54,55,56,57,58,59,60) )
[1] 23:44:16,557 DEBUG SchemaChange - SQL_PARSE <- "alter table t22 partition by list/__MAXWELL__/  (partition p0 values in (0,1,2,3,4,5,6,7,8,9,10), partition p1 values in (11,12,13,14,15,16,17,18,19,20), partition p2 values in (21,22,23,24,25,26,27,28,29,30), partition p3 values in (31,32,33,34,35,36,37,38,39,40), partition p4 values in (41,42,43,44,45,46,47,48,49,50), partition p5 values in (51,52,53,54,55,56,57,58,59,60) )"
[1] 23:44:16,557 DEBUG SchemaChange - rewrote SQL to alter table t22 partition by list/__MAXWELL__/  (/__MAXWELL__/
[1] 23:44:16,557 DEBUG SchemaChange - SQL_PARSE <- "alter table t22 partition by list/__MAXWELL__/  (/__MAXWELL__/"
[1] 23:44:16,557 DEBUG SchemaChange - SQL_PARSE ->   (parse (statement (alter_table (alter_table_preamble alter table (table_name (name (id t22)))) (alter_specifications (alter_specification (table_creation_option (partition_by partition by (partition_by_what list (skip_parens /__MAXWELL__/)) (partition_definitions ( (skip_parens_inside_partition_definitions /__MAXWELL__/)))))))) <EOF>)
[1] 23:44:16,558 DEBUG SchemaChange - SQL_PARSE <- "alter table t22 partition by list(dayofweek(col1))  (partition p0 values in (0,1,2,3,4,5,6,7,8,9,10), partition p1 values in (11,12,13,14,15,16,17,18,19,20), partition p2 values in (21,22,23,24,25,26,27,28,29,30), partition p3 values in (31,32,33,34,35,36,37,38,39,40), partition p4 values in (41,42,43,44,45,46,47,48,49,50), partition p5 values in (51,52,53,54,55,56,57,58,59,60) )"
[1] 23:44:16,558 DEBUG SchemaChange - rewrote SQL to alter table t22 partition by list/__MAXWELL__/  (partition p0 values in (0,1,2,3,4,5,6,7,8,9,10), partition p1 values in (11,12,13,14,15,16,17,18,19,20), partition p2 values in (21,22,23,24,25,26,27,28,29,30), partition p3 values in (31,32,33,34,35,36,37,38,39,40), partition p4 values in (41,42,43,44,45,46,47,48,49,50), partition p5 values in (51,52,53,54,55,56,57,58,59,60) )
[1] 23:44:16,558 DEBUG SchemaChange - SQL_PARSE <- "alter table t22 partition by list/__MAXWELL__/  (partition p0 values in (0,1,2,3,4,5,6,7,8,9,10), partition p1 values in (11,12,13,14,15,16,17,18,19,20), partition p2 values in (21,22,23,24,25,26,27,28,29,30), partition p3 values in (31,32,33,34,35,36,37,38,39,40), partition p4 values in (41,42,43,44,45,46,47,48,49,50), partition p5 values in (51,52,53,54,55,56,57,58,59,60) )"
[1] 23:44:16,558 DEBUG SchemaChange - rewrote SQL to alter table t22 partition by list/__MAXWELL__/  (/__MAXWELL__/
[1] 23:44:16,558 DEBUG SchemaChange - SQL_PARSE <- "alter table t22 partition by list/__MAXWELL__/  (/__MAXWELL__/"
[1] 23:44:16,558 DEBUG SchemaChange - SQL_PARSE ->   (parse (statement (alter_table (alter_table_preamble alter table (table_name (name (id t22)))) (alter_specifications (alter_specification (table_creation_option (partition_by partition by (partition_by_what list (skip_parens /__MAXWELL__/)) (partition_definitions ( (skip_parens_inside_partition_definitions /__MAXWELL__/)))))))) <EOF>)
[1] 23:44:16,559 DEBUG SchemaChange - SQL_PARSE <- "alter table t22 partition by list(dayofyear(col1))  (partition p0 values in (0,1,2,3,4,5,6,7,8,9,10), partition p1 values in (11,12,13,14,15,16,17,18,19,20), partition p2 values in (21,22,23,24,25,26,27,28,29,30), partition p3 values in (31,32,33,34,35,36,37,38,39,40), partition p4 values in (41,42,43,44,45,46,47,48,49,50), partition p5 values in (51,52,53,54,55,56,57,58,59,60) )"
[1] 23:44:16,559 DEBUG SchemaChange - rewrote SQL to alter table t22 partition by list/__MAXWELL__/  (partition p0 values in (0,1,2,3,4,5,6,7,8,9,10), partition p1 values in (11,12,13,14,15,16,17,18,19,20), partition p2 values in (21,22,23,24,25,26,27,28,29,30), partition p3 values in (31,32,33,34,35,36,37,38,39,40), partition p4 values in (41,42,43,44,45,46,47,48,49,50), partition p5 values in (51,52,53,54,55,56,57,58,59,60) )
[1] 23:44:16,559 DEBUG SchemaChange - SQL_PARSE <- "alter table t22 partition by list/__MAXWELL__/  (partition p0 values in (0,1,2,3,4,5,6,7,8,9,10), partition p1 values in (11,12,13,14,15,16,17,18,19,20), partition p2 values in (21,22,23,24,25,26,27,28,29,30), partition p3 values in (31,32,33,34,35,36,37,38,39,40), partition p4 values in (41,42,43,44,45,46,47,48,49,50), partition p5 values in (51,52,53,54,55,56,57,58,59,60) )"
[1] 23:44:16,559 DEBUG SchemaChange - rewrote SQL to alter table t22 partition by list/__MAXWELL__/  (/__MAXWELL__/
[1] 23:44:16,559 DEBUG SchemaChange - SQL_PARSE <- "alter table t22 partition by list/__MAXWELL__/  (/__MAXWELL__/"
[1] 23:44:16,559 DEBUG SchemaChange - SQL_PARSE ->   (parse (statement (alter_table (alter_table_preamble alter table (table_name (name (id t22)))) (alter_specifications (alter_specification (table_creation_option (partition_by partition by (partition_by_what list (skip_parens /__MAXWELL__/)) (partition_definitions ( (skip_parens_inside_partition_definitions /__MAXWELL__/)))))))) <EOF>)
[1] 23:44:16,560 DEBUG SchemaChange - SQL_PARSE <- "alter table t22 partition by list(extract(month from col1))  (partition p0 values in (0,1,2,3,4,5,6,7,8,9,10), partition p1 values in (11,12,13,14,15,16,17,18,19,20), partition p2 values in (21,22,23,24,25,26,27,28,29,30), partition p3 values in (31,32,33,34,35,36,37,38,39,40), partition p4 values in (41,42,43,44,45,46,47,48,49,50), partition p5 values in (51,52,53,54,55,56,57,58,59,60) )"
[1] 23:44:16,560 DEBUG SchemaChange - rewrote SQL to alter table t22 partition by list/__MAXWELL__/  (partition p0 values in (0,1,2,3,4,5,6,7,8,9,10), partition p1 values in (11,12,13,14,15,16,17,18,19,20), partition p2 values in (21,22,23,24,25,26,27,28,29,30), partition p3 values in (31,32,33,34,35,36,37,38,39,40), partition p4 values in (41,42,43,44,45,46,47,48,49,50), partition p5 values in (51,52,53,54,55,56,57,58,59,60) )
[1] 23:44:16,560 DEBUG SchemaChange - SQL_PARSE <- "alter table t22 partition by list/__MAXWELL__/  (partition p0 values in (0,1,2,3,4,5,6,7,8,9,10), partition p1 values in (11,12,13,14,15,16,17,18,19,20), partition p2 values in (21,22,23,24,25,26,27,28,29,30), partition p3 values in (31,32,33,34,35,36,37,38,39,40), partition p4 values in (41,42,43,44,45,46,47,48,49,50), partition p5 values in (51,52,53,54,55,56,57,58,59,60) )"
[1] 23:44:16,560 DEBUG SchemaChange - rewrote SQL to alter table t22 partition by list/__MAXWELL__/  (/__MAXWELL__/
[1] 23:44:16,560 DEBUG SchemaChange - SQL_PARSE <- "alter table t22 partition by list/__MAXWELL__/  (/__MAXWELL__/"
[1] 23:44:16,560 DEBUG SchemaChange - SQL_PARSE ->   (parse (statement (alter_table (alter_table_preamble alter table (table_name (name (id t22)))) (alter_specifications (alter_specification (table_creation_option (partition_by partition by (partition_by_what list (skip_parens /__MAXWELL__/)) (partition_definitions ( (skip_parens_inside_partition_definitions /__MAXWELL__/)))))))) <EOF>)
[1] 23:44:16,561 DEBUG SchemaChange - SQL_PARSE <- "alter table t22 partition by list(hour(col1))  (partition p0 values in (0,1,2,3,4,5,6,7,8,9,10), partition p1 values in (11,12,13,14,15,16,17,18,19,20), partition p2 values in (21,22,23,24,25,26,27,28,29,30), partition p3 values in (31,32,33,34,35,36,37,38,39,40), partition p4 values in (41,42,43,44,45,46,47,48,49,50), partition p5 values in (51,52,53,54,55,56,57,58,59,60) )"
[1] 23:44:16,561 DEBUG SchemaChange - rewrote SQL to alter table t22 partition by list/__MAXWELL__/  (partition p0 values in (0,1,2,3,4,5,6,7,8,9,10), partition p1 values in (11,12,13,14,15,16,17,18,19,20), partition p2 values in (21,22,23,24,25,26,27,28,29,30), partition p3 values in (31,32,33,34,35,36,37,38,39,40), partition p4 values in (41,42,43,44,45,46,47,48,49,50), partition p5 values in (51,52,53,54,55,56,57,58,59,60) )
[1] 23:44:16,561 DEBUG SchemaChange - SQL_PARSE <- "alter table t22 partition by list/__MAXWELL__/  (partition p0 values in (0,1,2,3,4,5,6,7,8,9,10), partition p1 values in (11,12,13,14,15,16,17,18,19,20), partition p2 values in (21,22,23,24,25,26,27,28,29,30), partition p3 values in (31,32,33,34,35,36,37,38,39,40), partition p4 values in (41,42,43,44,45,46,47,48,49,50), partition p5 values in (51,52,53,54,55,56,57,58,59,60) )"
[1] 23:44:16,561 DEBUG SchemaChange - rewrote SQL to alter table t22 partition by list/__MAXWELL__/  (/__MAXWELL__/
[1] 23:44:16,561 DEBUG SchemaChange - SQL_PARSE <- "alter table t22 partition by list/__MAXWELL__/  (/__MAXWELL__/"
[1] 23:44:16,561 DEBUG SchemaChange - SQL_PARSE ->   (parse (statement (alter_table (alter_table_preamble alter table (table_name (name (id t22)))) (alter_specifications (alter_specification (table_creation_option (partition_by partition by (partition_by_what list (skip_parens /__MAXWELL__/)) (partition_definitions ( (skip_parens_inside_partition_definitions /__MAXWELL__/)))))))) <EOF>)
[1] 23:44:16,561 DEBUG SchemaChange - SQL_PARSE <- "alter table t22 partition by list(microsecond(col1))  (partition p0 values in (0,1,2,3,4,5,6,7,8,9,10), partition p1 values in (11,12,13,14,15,16,17,18,19,20), partition p2 values in (21,22,23,24,25,26,27,28,29,30), partition p3 values in (31,32,33,34,35,36,37,38,39,40), partition p4 values in (41,42,43,44,45,46,47,48,49,50), partition p5 values in (51,52,53,54,55,56,57,58,59,60) )"
[1] 23:44:16,562 DEBUG SchemaChange - rewrote SQL to alter table t22 partition by list/__MAXWELL__/  (partition p0 values in (0,1,2,3,4,5,6,7,8,9,10), partition p1 values in (11,12,13,14,15,16,17,18,19,20), partition p2 values in (21,22,23,24,25,26,27,28,29,30), partition p3 values in (31,32,33,34,35,36,37,38,39,40), partition p4 values in (41,42,43,44,45,46,47,48,49,50), partition p5 values in (51,52,53,54,55,56,57,58,59,60) )
[1] 23:44:16,562 DEBUG SchemaChange - SQL_PARSE <- "alter table t22 partition by list/__MAXWELL__/  (partition p0 values in (0,1,2,3,4,5,6,7,8,9,10), partition p1 values in (11,12,13,14,15,16,17,18,19,20), partition p2 values in (21,22,23,24,25,26,27,28,29,30), partition p3 values in (31,32,33,34,35,36,37,38,39,40), partition p4 values in (41,42,43,44,45,46,47,48,49,50), partition p5 values in (51,52,53,54,55,56,57,58,59,60) )"
[1] 23:44:16,562 DEBUG SchemaChange - rewrote SQL to alter table t22 partition by list/__MAXWELL__/  (/__MAXWELL__/
[1] 23:44:16,562 DEBUG SchemaChange - SQL_PARSE <- "alter table t22 partition by list/__MAXWELL__/  (/__MAXWELL__/"
[1] 23:44:16,562 DEBUG SchemaChange - SQL_PARSE ->   (parse (statement (alter_table (alter_table_preamble alter table (table_name (name (id t22)))) (alter_specifications (alter_specification (table_creation_option (partition_by partition by (partition_by_what list (skip_parens /__MAXWELL__/)) (partition_definitions ( (skip_parens_inside_partition_definitions /__MAXWELL__/)))))))) <EOF>)
[1] 23:44:16,562 DEBUG SchemaChange - SQL_PARSE <- "alter table t22 partition by list(minute(col1))  (partition p0 values in (0,1,2,3,4,5,6,7,8,9,10), partition p1 values in (11,12,13,14,15,16,17,18,19,20), partition p2 values in (21,22,23,24,25,26,27,28,29,30), partition p3 values in (31,32,33,34,35,36,37,38,39,40), partition p4 values in (41,42,43,44,45,46,47,48,49,50), partition p5 values in (51,52,53,54,55,56,57,58,59,60) )"
[1] 23:44:16,563 DEBUG SchemaChange - rewrote SQL to alter table t22 partition by list/__MAXWELL__/  (partition p0 values in (0,1,2,3,4,5,6,7,8,9,10), partition p1 values in (11,12,13,14,15,16,17,18,19,20), partition p2 values in (21,22,23,24,25,26,27,28,29,30), partition p3 values in (31,32,33,34,35,36,37,38,39,40), partition p4 values in (41,42,43,44,45,46,47,48,49,50), partition p5 values in (51,52,53,54,55,56,57,58,59,60) )
[1] 23:44:16,563 DEBUG SchemaChange - SQL_PARSE <- "alter table t22 partition by list/__MAXWELL__/  (partition p0 values in (0,1,2,3,4,5,6,7,8,9,10), partition p1 values in (11,12,13,14,15,16,17,18,19,20), partition p2 values in (21,22,23,24,25,26,27,28,29,30), partition p3 values in (31,32,33,34,35,36,37,38,39,40), partition p4 values in (41,42,43,44,45,46,47,48,49,50), partition p5 values in (51,52,53,54,55,56,57,58,59,60) )"
[1] 23:44:16,563 DEBUG SchemaChange - rewrote SQL to alter table t22 partition by list/__MAXWELL__/  (/__MAXWELL__/
[1] 23:44:16,563 DEBUG SchemaChange - SQL_PARSE <- "alter table t22 partition by list/__MAXWELL__/  (/__MAXWELL__/"
[1] 23:44:16,563 DEBUG SchemaChange - SQL_PARSE ->   (parse (statement (alter_table (alter_table_preamble alter table (table_name (name (id t22)))) (alter_specifications (alter_specification (table_creation_option (partition_by partition by (partition_by_what list (skip_parens /__MAXWELL__/)) (partition_definitions ( (skip_parens_inside_partition_definitions /__MAXWELL__/)))))))) <EOF>)
[1] 23:44:16,563 DEBUG SchemaChange - SQL_PARSE <- "alter table t22 partition by list(mod(col1,10))  (partition p0 values in (0,1,2,3,4,5,6,7,8,9,10), partition p1 values in (11,12,13,14,15,16,17,18,19,20), partition p2 values in (21,22,23,24,25,26,27,28,29,30), partition p3 values in (31,32,33,34,35,36,37,38,39,40), partition p4 values in (41,42,43,44,45,46,47,48,49,50), partition p5 values in (51,52,53,54,55,56,57,58,59,60) )"
[1] 23:44:16,564 DEBUG SchemaChange - rewrote SQL to alter table t22 partition by list/__MAXWELL__/  (partition p0 values in (0,1,2,3,4,5,6,7,8,9,10), partition p1 values in (11,12,13,14,15,16,17,18,19,20), partition p2 values in (21,22,23,24,25,26,27,28,29,30), partition p3 values in (31,32,33,34,35,36,37,38,39,40), partition p4 values in (41,42,43,44,45,46,47,48,49,50), partition p5 values in (51,52,53,54,55,56,57,58,59,60) )
[1] 23:44:16,564 DEBUG SchemaChange - SQL_PARSE <- "alter table t22 partition by list/__MAXWELL__/  (partition p0 values in (0,1,2,3,4,5,6,7,8,9,10), partition p1 values in (11,12,13,14,15,16,17,18,19,20), partition p2 values in (21,22,23,24,25,26,27,28,29,30), partition p3 values in (31,32,33,34,35,36,37,38,39,40), partition p4 values in (41,42,43,44,45,46,47,48,49,50), partition p5 values in (51,52,53,54,55,56,57,58,59,60) )"
[1] 23:44:16,564 DEBUG SchemaChange - rewrote SQL to alter table t22 partition by list/__MAXWELL__/  (/__MAXWELL__/
[1] 23:44:16,564 DEBUG SchemaChange - SQL_PARSE <- "alter table t22 partition by list/__MAXWELL__/  (/__MAXWELL__/"
[1] 23:44:16,564 DEBUG SchemaChange - SQL_PARSE ->   (parse (statement (alter_table (alter_table_preamble alter table (table_name (name (id t22)))) (alter_specifications (alter_specification (table_creation_option (partition_by partition by (partition_by_what list (skip_parens /__MAXWELL__/)) (partition_definitions ( (skip_parens_inside_partition_definitions /__MAXWELL__/)))))))) <EOF>)
[1] 23:44:16,564 DEBUG SchemaChange - SQL_PARSE <- "alter table t22 partition by list(month(col1))  (partition p0 values in (0,1,2,3,4,5,6,7,8,9,10), partition p1 values in (11,12,13,14,15,16,17,18,19,20), partition p2 values in (21,22,23,24,25,26,27,28,29,30), partition p3 values in (31,32,33,34,35,36,37,38,39,40), partition p4 values in (41,42,43,44,45,46,47,48,49,50), partition p5 values in (51,52,53,54,55,56,57,58,59,60) )"
[1] 23:44:16,565 DEBUG SchemaChange - rewrote SQL to alter table t22 partition by list/__MAXWELL__/  (partition p0 values in (0,1,2,3,4,5,6,7,8,9,10), partition p1 values in (11,12,13,14,15,16,17,18,19,20), partition p2 values in (21,22,23,24,25,26,27,28,29,30), partition p3 values in (31,32,33,34,35,36,37,38,39,40), partition p4 values in (41,42,43,44,45,46,47,48,49,50), partition p5 values in (51,52,53,54,55,56,57,58,59,60) )
[1] 23:44:16,565 DEBUG SchemaChange - SQL_PARSE <- "alter table t22 partition by list/__MAXWELL__/  (partition p0 values in (0,1,2,3,4,5,6,7,8,9,10), partition p1 values in (11,12,13,14,15,16,17,18,19,20), partition p2 values in (21,22,23,24,25,26,27,28,29,30), partition p3 values in (31,32,33,34,35,36,37,38,39,40), partition p4 values in (41,42,43,44,45,46,47,48,49,50), partition p5 values in (51,52,53,54,55,56,57,58,59,60) )"
[1] 23:44:16,565 DEBUG SchemaChange - rewrote SQL to alter table t22 partition by list/__MAXWELL__/  (/__MAXWELL__/
[1] 23:44:16,565 DEBUG SchemaChange - SQL_PARSE <- "alter table t22 partition by list/__MAXWELL__/  (/__MAXWELL__/"
[1] 23:44:16,565 DEBUG SchemaChange - SQL_PARSE ->   (parse (statement (alter_table (alter_table_preamble alter table (table_name (name (id t22)))) (alter_specifications (alter_specification (table_creation_option (partition_by partition by (partition_by_what list (skip_parens /__MAXWELL__/)) (partition_definitions ( (skip_parens_inside_partition_definitions /__MAXWELL__/)))))))) <EOF>)
[1] 23:44:16,565 DEBUG SchemaChange - SQL_PARSE <- "alter table t22 partition by list(quarter(col1))  (partition p0 values in (0,1,2,3,4,5,6,7,8,9,10), partition p1 values in (11,12,13,14,15,16,17,18,19,20), partition p2 values in (21,22,23,24,25,26,27,28,29,30), partition p3 values in (31,32,33,34,35,36,37,38,39,40), partition p4 values in (41,42,43,44,45,46,47,48,49,50), partition p5 values in (51,52,53,54,55,56,57,58,59,60) )"
[1] 23:44:16,566 DEBUG SchemaChange - rewrote SQL to alter table t22 partition by list/__MAXWELL__/  (partition p0 values in (0,1,2,3,4,5,6,7,8,9,10), partition p1 values in (11,12,13,14,15,16,17,18,19,20), partition p2 values in (21,22,23,24,25,26,27,28,29,30), partition p3 values in (31,32,33,34,35,36,37,38,39,40), partition p4 values in (41,42,43,44,45,46,47,48,49,50), partition p5 values in (51,52,53,54,55,56,57,58,59,60) )
[1] 23:44:16,566 DEBUG SchemaChange - SQL_PARSE <- "alter table t22 partition by list/__MAXWELL__/  (partition p0 values in (0,1,2,3,4,5,6,7,8,9,10), partition p1 values in (11,12,13,14,15,16,17,18,19,20), partition p2 values in (21,22,23,24,25,26,27,28,29,30), partition p3 values in (31,32,33,34,35,36,37,38,39,40), partition p4 values in (41,42,43,44,45,46,47,48,49,50), partition p5 values in (51,52,53,54,55,56,57,58,59,60) )"
[1] 23:44:16,566 DEBUG SchemaChange - rewrote SQL to alter table t22 partition by list/__MAXWELL__/  (/__MAXWELL__/
[1] 23:44:16,566 DEBUG SchemaChange - SQL_PARSE <- "alter table t22 partition by list/__MAXWELL__/  (/__MAXWELL__/"
[1] 23:44:16,566 DEBUG SchemaChange - SQL_PARSE ->   (parse (statement (alter_table (alter_table_preamble alter table (table_name (name (id t22)))) (alter_specifications (alter_specification (table_creation_option (partition_by partition by (partition_by_what list (skip_parens /__MAXWELL__/)) (partition_definitions ( (skip_parens_inside_partition_definitions /__MAXWELL__/)))))))) <EOF>)
[1] 23:44:16,566 DEBUG SchemaChange - SQL_PARSE <- "alter table t22 partition by list(second(col1))  (partition p0 values in (0,1,2,3,4,5,6,7,8,9,10), partition p1 values in (11,12,13,14,15,16,17,18,19,20), partition p2 values in (21,22,23,24,25,26,27,28,29,30), partition p3 values in (31,32,33,34,35,36,37,38,39,40), partition p4 values in (41,42,43,44,45,46,47,48,49,50), partition p5 values in (51,52,53,54,55,56,57,58,59,60) )"
[1] 23:44:16,567 DEBUG SchemaChange - rewrote SQL to alter table t22 partition by list/__MAXWELL__/  (partition p0 values in (0,1,2,3,4,5,6,7,8,9,10), partition p1 values in (11,12,13,14,15,16,17,18,19,20), partition p2 values in (21,22,23,24,25,26,27,28,29,30), partition p3 values in (31,32,33,34,35,36,37,38,39,40), partition p4 values in (41,42,43,44,45,46,47,48,49,50), partition p5 values in (51,52,53,54,55,56,57,58,59,60) )
[1] 23:44:16,567 DEBUG SchemaChange - SQL_PARSE <- "alter table t22 partition by list/__MAXWELL__/  (partition p0 values in (0,1,2,3,4,5,6,7,8,9,10), partition p1 values in (11,12,13,14,15,16,17,18,19,20), partition p2 values in (21,22,23,24,25,26,27,28,29,30), partition p3 values in (31,32,33,34,35,36,37,38,39,40), partition p4 values in (41,42,43,44,45,46,47,48,49,50), partition p5 values in (51,52,53,54,55,56,57,58,59,60) )"
[1] 23:44:16,567 DEBUG SchemaChange - rewrote SQL to alter table t22 partition by list/__MAXWELL__/  (/__MAXWELL__/
[1] 23:44:16,567 DEBUG SchemaChange - SQL_PARSE <- "alter table t22 partition by list/__MAXWELL__/  (/__MAXWELL__/"
[1] 23:44:16,567 DEBUG SchemaChange - SQL_PARSE ->   (parse (statement (alter_table (alter_table_preamble alter table (table_name (name (id t22)))) (alter_specifications (alter_specification (table_creation_option (partition_by partition by (partition_by_what list (skip_parens /__MAXWELL__/)) (partition_definitions ( (skip_parens_inside_partition_definitions /__MAXWELL__/)))))))) <EOF>)
[1] 23:44:16,567 DEBUG SchemaChange - SQL_PARSE <- "alter table t22 partition by list(time_to_sec(col1)-(time_to_sec(col1)-20))  (partition p0 values in (0,1,2,3,4,5,6,7,8,9,10), partition p1 values in (11,12,13,14,15,16,17,18,19,20), partition p2 values in (21,22,23,24,25,26,27,28,29,30), partition p3 values in (31,32,33,34,35,36,37,38,39,40), partition p4 values in (41,42,43,44,45,46,47,48,49,50), partition p5 values in (51,52,53,54,55,56,57,58,59,60) )"
[1] 23:44:16,568 DEBUG SchemaChange - rewrote SQL to alter table t22 partition by list/__MAXWELL__/  (partition p0 values in (0,1,2,3,4,5,6,7,8,9,10), partition p1 values in (11,12,13,14,15,16,17,18,19,20), partition p2 values in (21,22,23,24,25,26,27,28,29,30), partition p3 values in (31,32,33,34,35,36,37,38,39,40), partition p4 values in (41,42,43,44,45,46,47,48,49,50), partition p5 values in (51,52,53,54,55,56,57,58,59,60) )
[1] 23:44:16,568 DEBUG SchemaChange - SQL_PARSE <- "alter table t22 partition by list/__MAXWELL__/  (partition p0 values in (0,1,2,3,4,5,6,7,8,9,10), partition p1 values in (11,12,13,14,15,16,17,18,19,20), partition p2 values in (21,22,23,24,25,26,27,28,29,30), partition p3 values in (31,32,33,34,35,36,37,38,39,40), partition p4 values in (41,42,43,44,45,46,47,48,49,50), partition p5 values in (51,52,53,54,55,56,57,58,59,60) )"
[1] 23:44:16,568 DEBUG SchemaChange - rewrote SQL to alter table t22 partition by list/__MAXWELL__/  (/__MAXWELL__/
[1] 23:44:16,568 DEBUG SchemaChange - SQL_PARSE <- "alter table t22 partition by list/__MAXWELL__/  (/__MAXWELL__/"
[1] 23:44:16,568 DEBUG SchemaChange - SQL_PARSE ->   (parse (statement (alter_table (alter_table_preamble alter table (table_name (name (id t22)))) (alter_specifications (alter_specification (table_creation_option (partition_by partition by (partition_by_what list (skip_parens /__MAXWELL__/)) (partition_definitions ( (skip_parens_inside_partition_definitions /__MAXWELL__/)))))))) <EOF>)
[1] 23:44:16,568 DEBUG SchemaChange - SQL_PARSE <- "alter table t22 partition by list(weekday(col1))  (partition p0 values in (0,1,2,3,4,5,6,7,8,9,10), partition p1 values in (11,12,13,14,15,16,17,18,19,20), partition p2 values in (21,22,23,24,25,26,27,28,29,30), partition p3 values in (31,32,33,34,35,36,37,38,39,40), partition p4 values in (41,42,43,44,45,46,47,48,49,50), partition p5 values in (51,52,53,54,55,56,57,58,59,60) )"
[1] 23:44:16,569 DEBUG SchemaChange - rewrote SQL to alter table t22 partition by list/__MAXWELL__/  (partition p0 values in (0,1,2,3,4,5,6,7,8,9,10), partition p1 values in (11,12,13,14,15,16,17,18,19,20), partition p2 values in (21,22,23,24,25,26,27,28,29,30), partition p3 values in (31,32,33,34,35,36,37,38,39,40), partition p4 values in (41,42,43,44,45,46,47,48,49,50), partition p5 values in (51,52,53,54,55,56,57,58,59,60) )
[1] 23:44:16,569 DEBUG SchemaChange - SQL_PARSE <- "alter table t22 partition by list/__MAXWELL__/  (partition p0 values in (0,1,2,3,4,5,6,7,8,9,10), partition p1 values in (11,12,13,14,15,16,17,18,19,20), partition p2 values in (21,22,23,24,25,26,27,28,29,30), partition p3 values in (31,32,33,34,35,36,37,38,39,40), partition p4 values in (41,42,43,44,45,46,47,48,49,50), partition p5 values in (51,52,53,54,55,56,57,58,59,60) )"
[1] 23:44:16,569 DEBUG SchemaChange - rewrote SQL to alter table t22 partition by list/__MAXWELL__/  (/__MAXWELL__/
[1] 23:44:16,569 DEBUG SchemaChange - SQL_PARSE <- "alter table t22 partition by list/__MAXWELL__/  (/__MAXWELL__/"
[1] 23:44:16,569 DEBUG SchemaChange - SQL_PARSE ->   (parse (statement (alter_table (alter_table_preamble alter table (table_name (name (id t22)))) (alter_specifications (alter_specification (table_creation_option (partition_by partition by (partition_by_what list (skip_parens /__MAXWELL__/)) (partition_definitions ( (skip_parens_inside_partition_definitions /__MAXWELL__/)))))))) <EOF>)
[1] 23:44:16,569 DEBUG SchemaChange - SQL_PARSE <- "alter table t22 partition by list(year(col1)-1990)  (partition p0 values in (0,1,2,3,4,5,6,7,8,9,10), partition p1 values in (11,12,13,14,15,16,17,18,19,20), partition p2 values in (21,22,23,24,25,26,27,28,29,30), partition p3 values in (31,32,33,34,35,36,37,38,39,40), partition p4 values in (41,42,43,44,45,46,47,48,49,50), partition p5 values in (51,52,53,54,55,56,57,58,59,60) )"
[1] 23:44:16,570 DEBUG SchemaChange - rewrote SQL to alter table t22 partition by list/__MAXWELL__/  (partition p0 values in (0,1,2,3,4,5,6,7,8,9,10), partition p1 values in (11,12,13,14,15,16,17,18,19,20), partition p2 values in (21,22,23,24,25,26,27,28,29,30), partition p3 values in (31,32,33,34,35,36,37,38,39,40), partition p4 values in (41,42,43,44,45,46,47,48,49,50), partition p5 values in (51,52,53,54,55,56,57,58,59,60) )
[1] 23:44:16,570 DEBUG SchemaChange - SQL_PARSE <- "alter table t22 partition by list/__MAXWELL__/  (partition p0 values in (0,1,2,3,4,5,6,7,8,9,10), partition p1 values in (11,12,13,14,15,16,17,18,19,20), partition p2 values in (21,22,23,24,25,26,27,28,29,30), partition p3 values in (31,32,33,34,35,36,37,38,39,40), partition p4 values in (41,42,43,44,45,46,47,48,49,50), partition p5 values in (51,52,53,54,55,56,57,58,59,60) )"
[1] 23:44:16,570 DEBUG SchemaChange - rewrote SQL to alter table t22 partition by list/__MAXWELL__/  (/__MAXWELL__/
[1] 23:44:16,570 DEBUG SchemaChange - SQL_PARSE <- "alter table t22 partition by list/__MAXWELL__/  (/__MAXWELL__/"
[1] 23:44:16,570 DEBUG SchemaChange - SQL_PARSE ->   (parse (statement (alter_table (alter_table_preamble alter table (table_name (name (id t22)))) (alter_specifications (alter_specification (table_creation_option (partition_by partition by (partition_by_what list (skip_parens /__MAXWELL__/)) (partition_definitions ( (skip_parens_inside_partition_definitions /__MAXWELL__/)))))))) <EOF>)
[1] 23:44:16,570 DEBUG SchemaChange - SQL_PARSE <- "alter table t22 partition by list(yearweek(col1)-200600)  (partition p0 values in (0,1,2,3,4,5,6,7,8,9,10), partition p1 values in (11,12,13,14,15,16,17,18,19,20), partition p2 values in (21,22,23,24,25,26,27,28,29,30), partition p3 values in (31,32,33,34,35,36,37,38,39,40), partition p4 values in (41,42,43,44,45,46,47,48,49,50), partition p5 values in (51,52,53,54,55,56,57,58,59,60) )"
[1] 23:44:16,571 DEBUG SchemaChange - rewrote SQL to alter table t22 partition by list/__MAXWELL__/  (partition p0 values in (0,1,2,3,4,5,6,7,8,9,10), partition p1 values in (11,12,13,14,15,16,17,18,19,20), partition p2 values in (21,22,23,24,25,26,27,28,29,30), partition p3 values in (31,32,33,34,35,36,37,38,39,40), partition p4 values in (41,42,43,44,45,46,47,48,49,50), partition p5 values in (51,52,53,54,55,56,57,58,59,60) )
[1] 23:44:16,571 DEBUG SchemaChange - SQL_PARSE <- "alter table t22 partition by list/__MAXWELL__/  (partition p0 values in (0,1,2,3,4,5,6,7,8,9,10), partition p1 values in (11,12,13,14,15,16,17,18,19,20), partition p2 values in (21,22,23,24,25,26,27,28,29,30), partition p3 values in (31,32,33,34,35,36,37,38,39,40), partition p4 values in (41,42,43,44,45,46,47,48,49,50), partition p5 values in (51,52,53,54,55,56,57,58,59,60) )"
[1] 23:44:16,571 DEBUG SchemaChange - rewrote SQL to alter table t22 partition by list/__MAXWELL__/  (/__MAXWELL__/
[1] 23:44:16,571 DEBUG SchemaChange - SQL_PARSE <- "alter table t22 partition by list/__MAXWELL__/  (/__MAXWELL__/"
[1] 23:44:16,571 DEBUG SchemaChange - SQL_PARSE ->   (parse (statement (alter_table (alter_table_preamble alter table (table_name (name (id t22)))) (alter_specifications (alter_specification (table_creation_option (partition_by partition by (partition_by_what list (skip_parens /__MAXWELL__/)) (partition_definitions ( (skip_parens_inside_partition_definitions /__MAXWELL__/)))))))) <EOF>)
[1] 23:44:16,571 DEBUG SchemaChange - SQL_PARSE <- "alter table t33 partition by hash(abs(col1))"
[1] 23:44:16,571 DEBUG SchemaChange - rewrote SQL to alter table t33 partition by hash/__MAXWELL__/
[1] 23:44:16,571 DEBUG SchemaChange - SQL_PARSE <- "alter table t33 partition by hash/__MAXWELL__/"
[1] 23:44:16,572 DEBUG SchemaChange - SQL_PARSE ->   (parse (statement (alter_table (alter_table_preamble alter table (table_name (name (id t33)))) (alter_specifications (alter_specification (table_creation_option (partition_by partition by (partition_by_what hash (skip_parens /__MAXWELL__/)))))))) <EOF>)
[1] 23:44:16,572 DEBUG SchemaChange - SQL_PARSE <- "alter table t33 partition by hash(day(col1))"
[1] 23:44:16,572 DEBUG SchemaChange - rewrote SQL to alter table t33 partition by hash/__MAXWELL__/
[1] 23:44:16,572 DEBUG SchemaChange - SQL_PARSE <- "alter table t33 partition by hash/__MAXWELL__/"
[1] 23:44:16,572 DEBUG SchemaChange - SQL_PARSE ->   (parse (statement (alter_table (alter_table_preamble alter table (table_name (name (id t33)))) (alter_specifications (alter_specification (table_creation_option (partition_by partition by (partition_by_what hash (skip_parens /__MAXWELL__/)))))))) <EOF>)
[1] 23:44:16,572 DEBUG SchemaChange - SQL_PARSE <- "alter table t33 partition by hash(dayofmonth(col1))"
[1] 23:44:16,572 DEBUG SchemaChange - rewrote SQL to alter table t33 partition by hash/__MAXWELL__/
[1] 23:44:16,572 DEBUG SchemaChange - SQL_PARSE <- "alter table t33 partition by hash/__MAXWELL__/"
[1] 23:44:16,573 DEBUG SchemaChange - SQL_PARSE ->   (parse (statement (alter_table (alter_table_preamble alter table (table_name (name (id t33)))) (alter_specifications (alter_specification (table_creation_option (partition_by partition by (partition_by_what hash (skip_parens /__MAXWELL__/)))))))) <EOF>)
[1] 23:44:16,573 DEBUG SchemaChange - SQL_PARSE <- "alter table t33 partition by hash(dayofweek(col1))"
[1] 23:44:16,573 DEBUG SchemaChange - rewrote SQL to alter table t33 partition by hash/__MAXWELL__/
[1] 23:44:16,573 DEBUG SchemaChange - SQL_PARSE <- "alter table t33 partition by hash/__MAXWELL__/"
[1] 23:44:16,573 DEBUG SchemaChange - SQL_PARSE ->   (parse (statement (alter_table (alter_table_preamble alter table (table_name (name (id t33)))) (alter_specifications (alter_specification (table_creation_option (partition_by partition by (partition_by_what hash (skip_parens /__MAXWELL__/)))))))) <EOF>)
[1] 23:44:16,573 DEBUG SchemaChange - SQL_PARSE <- "alter table t33 partition by hash(dayofyear(col1))"
[1] 23:44:16,573 DEBUG SchemaChange - rewrote SQL to alter table t33 partition by hash/__MAXWELL__/
[1] 23:44:16,573 DEBUG SchemaChange - SQL_PARSE <- "alter table t33 partition by hash/__MAXWELL__/"
[1] 23:44:16,574 DEBUG SchemaChange - SQL_PARSE ->   (parse (statement (alter_table (alter_table_preamble alter table (table_name (name (id t33)))) (alter_specifications (alter_specification (table_creation_option (partition_by partition by (partition_by_what hash (skip_parens /__MAXWELL__/)))))))) <EOF>)
[1] 23:44:16,574 DEBUG SchemaChange - SQL_PARSE <- "alter table t33 partition by hash(extract(month from col1))"
[1] 23:44:16,574 DEBUG SchemaChange - rewrote SQL to alter table t33 partition by hash/__MAXWELL__/
[1] 23:44:16,574 DEBUG SchemaChange - SQL_PARSE <- "alter table t33 partition by hash/__MAXWELL__/"
[1] 23:44:16,574 DEBUG SchemaChange - SQL_PARSE ->   (parse (statement (alter_table (alter_table_preamble alter table (table_name (name (id t33)))) (alter_specifications (alter_specification (table_creation_option (partition_by partition by (partition_by_what hash (skip_parens /__MAXWELL__/)))))))) <EOF>)
[1] 23:44:16,574 DEBUG SchemaChange - SQL_PARSE <- "alter table t33 partition by hash(hour(col1))"
[1] 23:44:16,574 DEBUG SchemaChange - rewrote SQL to alter table t33 partition by hash/__MAXWELL__/
[1] 23:44:16,574 DEBUG SchemaChange - SQL_PARSE <- "alter table t33 partition by hash/__MAXWELL__/"
[1] 23:44:16,575 DEBUG SchemaChange - SQL_PARSE ->   (parse (statement (alter_table (alter_table_preamble alter table (table_name (name (id t33)))) (alter_specifications (alter_specification (table_creation_option (partition_by partition by (partition_by_what hash (skip_parens /__MAXWELL__/)))))))) <EOF>)
[1] 23:44:16,575 DEBUG SchemaChange - SQL_PARSE <- "alter table t33 partition by hash(microsecond(col1))"
[1] 23:44:16,575 DEBUG SchemaChange - rewrote SQL to alter table t33 partition by hash/__MAXWELL__/
[1] 23:44:16,575 DEBUG SchemaChange - SQL_PARSE <- "alter table t33 partition by hash/__MAXWELL__/"
[1] 23:44:16,575 DEBUG SchemaChange - SQL_PARSE ->   (parse (statement (alter_table (alter_table_preamble alter table (table_name (name (id t33)))) (alter_specifications (alter_specification (table_creation_option (partition_by partition by (partition_by_what hash (skip_parens /__MAXWELL__/)))))))) <EOF>)
[1] 23:44:16,575 DEBUG SchemaChange - SQL_PARSE <- "alter table t33 partition by hash(minute(col1))"
[1] 23:44:16,575 DEBUG SchemaChange - rewrote SQL to alter table t33 partition by hash/__MAXWELL__/
[1] 23:44:16,575 DEBUG SchemaChange - SQL_PARSE <- "alter table t33 partition by hash/__MAXWELL__/"
[1] 23:44:16,575 DEBUG SchemaChange - SQL_PARSE ->   (parse (statement (alter_table (alter_table_preamble alter table (table_name (name (id t33)))) (alter_specifications (alter_specification (table_creation_option (partition_by partition by (partition_by_what hash (skip_parens /__MAXWELL__/)))))))) <EOF>)
[1] 23:44:16,575 DEBUG SchemaChange - SQL_PARSE <- "alter table t33 partition by hash(mod(col1,10))"
[1] 23:44:16,576 DEBUG SchemaChange - rewrote SQL to alter table t33 partition by hash/__MAXWELL__/
[1] 23:44:16,576 DEBUG SchemaChange - SQL_PARSE <- "alter table t33 partition by hash/__MAXWELL__/"
[1] 23:44:16,576 DEBUG SchemaChange - SQL_PARSE ->   (parse (statement (alter_table (alter_table_preamble alter table (table_name (name (id t33)))) (alter_specifications (alter_specification (table_creation_option (partition_by partition by (partition_by_what hash (skip_parens /__MAXWELL__/)))))))) <EOF>)
[1] 23:44:16,576 DEBUG SchemaChange - SQL_PARSE <- "alter table t33 partition by hash(month(col1))"
[1] 23:44:16,576 DEBUG SchemaChange - rewrote SQL to alter table t33 partition by hash/__MAXWELL__/
[1] 23:44:16,576 DEBUG SchemaChange - SQL_PARSE <- "alter table t33 partition by hash/__MAXWELL__/"
[1] 23:44:16,576 DEBUG SchemaChange - SQL_PARSE ->   (parse (statement (alter_table (alter_table_preamble alter table (table_name (name (id t33)))) (alter_specifications (alter_specification (table_creation_option (partition_by partition by (partition_by_what hash (skip_parens /__MAXWELL__/)))))))) <EOF>)
[1] 23:44:16,576 DEBUG SchemaChange - SQL_PARSE <- "alter table t33 partition by hash(quarter(col1))"
[1] 23:44:16,577 DEBUG SchemaChange - rewrote SQL to alter table t33 partition by hash/__MAXWELL__/
[1] 23:44:16,577 DEBUG SchemaChange - SQL_PARSE <- "alter table t33 partition by hash/__MAXWELL__/"
[1] 23:44:16,577 DEBUG SchemaChange - SQL_PARSE ->   (parse (statement (alter_table (alter_table_preamble alter table (table_name (name (id t33)))) (alter_specifications (alter_specification (table_creation_option (partition_by partition by (partition_by_what hash (skip_parens /__MAXWELL__/)))))))) <EOF>)
[1] 23:44:16,577 DEBUG SchemaChange - SQL_PARSE <- "alter table t33 partition by hash(second(col1))"
[1] 23:44:16,577 DEBUG SchemaChange - rewrote SQL to alter table t33 partition by hash/__MAXWELL__/
[1] 23:44:16,577 DEBUG SchemaChange - SQL_PARSE <- "alter table t33 partition by hash/__MAXWELL__/"
[1] 23:44:16,577 DEBUG SchemaChange - SQL_PARSE ->   (parse (statement (alter_table (alter_table_preamble alter table (table_name (name (id t33)))) (alter_specifications (alter_specification (table_creation_option (partition_by partition by (partition_by_what hash (skip_parens /__MAXWELL__/)))))))) <EOF>)
[1] 23:44:16,577 DEBUG SchemaChange - SQL_PARSE <- "alter table t33 partition by hash(time_to_sec(col1)-(time_to_sec(col1)-20))"
[1] 23:44:16,578 DEBUG SchemaChange - rewrote SQL to alter table t33 partition by hash/__MAXWELL__/
[1] 23:44:16,578 DEBUG SchemaChange - SQL_PARSE <- "alter table t33 partition by hash/__MAXWELL__/"
[1] 23:44:16,578 DEBUG SchemaChange - SQL_PARSE ->   (parse (statement (alter_table (alter_table_preamble alter table (table_name (name (id t33)))) (alter_specifications (alter_specification (table_creation_option (partition_by partition by (partition_by_what hash (skip_parens /__MAXWELL__/)))))))) <EOF>)
[1] 23:44:16,578 DEBUG SchemaChange - SQL_PARSE <- "alter table t33 partition by hash(weekday(col1))"
[1] 23:44:16,578 DEBUG SchemaChange - rewrote SQL to alter table t33 partition by hash/__MAXWELL__/
[1] 23:44:16,578 DEBUG SchemaChange - SQL_PARSE <- "alter table t33 partition by hash/__MAXWELL__/"
[1] 23:44:16,578 DEBUG SchemaChange - SQL_PARSE ->   (parse (statement (alter_table (alter_table_preamble alter table (table_name (name (id t33)))) (alter_specifications (alter_specification (table_creation_option (partition_by partition by (partition_by_what hash (skip_parens /__MAXWELL__/)))))))) <EOF>)
[1] 23:44:16,578 DEBUG SchemaChange - SQL_PARSE <- "alter table t33 partition by hash(year(col1)-1990)"
[1] 23:44:16,579 DEBUG SchemaChange - rewrote SQL to alter table t33 partition by hash/__MAXWELL__/
[1] 23:44:16,579 DEBUG SchemaChange - SQL_PARSE <- "alter table t33 partition by hash/__MAXWELL__/"
[1] 23:44:16,579 DEBUG SchemaChange - SQL_PARSE ->   (parse (statement (alter_table (alter_table_preamble alter table (table_name (name (id t33)))) (alter_specifications (alter_specification (table_creation_option (partition_by partition by (partition_by_what hash (skip_parens /__MAXWELL__/)))))))) <EOF>)
[1] 23:44:16,579 DEBUG SchemaChange - SQL_PARSE <- "alter table t33 partition by hash(yearweek(col1)-200600)"
[1] 23:44:16,579 DEBUG SchemaChange - rewrote SQL to alter table t33 partition by hash/__MAXWELL__/
[1] 23:44:16,579 DEBUG SchemaChange - SQL_PARSE <- "alter table t33 partition by hash/__MAXWELL__/"
[1] 23:44:16,579 DEBUG SchemaChange - SQL_PARSE ->   (parse (statement (alter_table (alter_table_preamble alter table (table_name (name (id t33)))) (alter_specifications (alter_specification (table_creation_option (partition_by partition by (partition_by_what hash (skip_parens /__MAXWELL__/)))))))) <EOF>)
[1] 23:44:16,579 DEBUG SchemaChange - SQL_PARSE <- "alter table t4 drop partition p0"
[1] 23:44:16,580 DEBUG SchemaChange - SQL_PARSE ->   (parse (statement (alter_table (alter_table_preamble alter table (table_name (name (id t4)))) (alter_partition_specification drop partition (partition_names (id p0))))) <EOF>)
[1] 23:44:16,580 DEBUG SchemaChange - SQL_PARSE <- "alter table t44 drop partition p0"
[1] 23:44:16,580 DEBUG SchemaChange - SQL_PARSE ->   (parse (statement (alter_table (alter_table_preamble alter table (table_name (name (id t44)))) (alter_partition_specification drop partition (partition_names (id p0))))) <EOF>)
[1] 23:44:16,580 DEBUG SchemaChange - SQL_PARSE <- "alter table t44 partition by range(colint)  subpartition by hash(abs(col1)) subpartitions 2  (partition p0 values less than (15), partition p1 values less than maxvalue)"
[1] 23:44:16,580 DEBUG SchemaChange - rewrote SQL to alter table t44 partition by range/__MAXWELL__/  subpartition by hash(abs(col1)) subpartitions 2  (partition p0 values less than (15), partition p1 values less than maxvalue)
[1] 23:44:16,580 DEBUG SchemaChange - SQL_PARSE <- "alter table t44 partition by range/__MAXWELL__/  subpartition by hash(abs(col1)) subpartitions 2  (partition p0 values less than (15), partition p1 values less than maxvalue)"
[1] 23:44:16,580 DEBUG SchemaChange - rewrote SQL to alter table t44 partition by range/__MAXWELL__/  subpartition by hash/__MAXWELL__/ subpartitions 2  (partition p0 values less than (15), partition p1 values less than maxvalue)
[1] 23:44:16,580 DEBUG SchemaChange - SQL_PARSE <- "alter table t44 partition by range/__MAXWELL__/  subpartition by hash/__MAXWELL__/ subpartitions 2  (partition p0 values less than (15), partition p1 values less than maxvalue)"
[1] 23:44:16,581 DEBUG SchemaChange - rewrote SQL to alter table t44 partition by range/__MAXWELL__/  subpartition by hash/__MAXWELL__/ subpartitions 2  (/__MAXWELL__/
[1] 23:44:16,581 DEBUG SchemaChange - SQL_PARSE <- "alter table t44 partition by range/__MAXWELL__/  subpartition by hash/__MAXWELL__/ subpartitions 2  (/__MAXWELL__/"
[1] 23:44:16,581 DEBUG SchemaChange - SQL_PARSE ->   (parse (statement (alter_table (alter_table_preamble alter table (table_name (name (id t44)))) (alter_specifications (alter_specification (table_creation_option (partition_by partition by (partition_by_what range (skip_parens /__MAXWELL__/)) (subpartition_by subpartition by (partition_by_what hash (skip_parens /__MAXWELL__/)) subpartitions 2) (partition_definitions ( (skip_parens_inside_partition_definitions /__MAXWELL__/)))))))) <EOF>)
[1] 23:44:16,581 DEBUG SchemaChange - SQL_PARSE <- "alter table t44 partition by range(colint)  subpartition by hash(day(col1)) subpartitions 2  (partition p0 values less than (15), partition p1 values less than maxvalue)"
[1] 23:44:16,581 DEBUG SchemaChange - rewrote SQL to alter table t44 partition by range/__MAXWELL__/  subpartition by hash(day(col1)) subpartitions 2  (partition p0 values less than (15), partition p1 values less than maxvalue)
[1] 23:44:16,581 DEBUG SchemaChange - SQL_PARSE <- "alter table t44 partition by range/__MAXWELL__/  subpartition by hash(day(col1)) subpartitions 2  (partition p0 values less than (15), partition p1 values less than maxvalue)"
[1] 23:44:16,582 DEBUG SchemaChange - rewrote SQL to alter table t44 partition by range/__MAXWELL__/  subpartition by hash/__MAXWELL__/ subpartitions 2  (partition p0 values less than (15), partition p1 values less than maxvalue)
[1] 23:44:16,582 DEBUG SchemaChange - SQL_PARSE <- "alter table t44 partition by range/__MAXWELL__/  subpartition by hash/__MAXWELL__/ subpartitions 2  (partition p0 values less than (15), partition p1 values less than maxvalue)"
[1] 23:44:16,582 DEBUG SchemaChange - rewrote SQL to alter table t44 partition by range/__MAXWELL__/  subpartition by hash/__MAXWELL__/ subpartitions 2  (/__MAXWELL__/
[1] 23:44:16,582 DEBUG SchemaChange - SQL_PARSE <- "alter table t44 partition by range/__MAXWELL__/  subpartition by hash/__MAXWELL__/ subpartitions 2  (/__MAXWELL__/"
[1] 23:44:16,582 DEBUG SchemaChange - SQL_PARSE ->   (parse (statement (alter_table (alter_table_preamble alter table (table_name (name (id t44)))) (alter_specifications (alter_specification (table_creation_option (partition_by partition by (partition_by_what range (skip_parens /__MAXWELL__/)) (subpartition_by subpartition by (partition_by_what hash (skip_parens /__MAXWELL__/)) subpartitions 2) (partition_definitions ( (skip_parens_inside_partition_definitions /__MAXWELL__/)))))))) <EOF>)
[1] 23:44:16,582 DEBUG SchemaChange - SQL_PARSE <- "alter table t44 partition by range(colint)  subpartition by hash(dayofmonth(col1)) subpartitions 2  (partition p0 values less than (15), partition p1 values less than maxvalue)"
[1] 23:44:16,583 DEBUG SchemaChange - rewrote SQL to alter table t44 partition by range/__MAXWELL__/  subpartition by hash(dayofmonth(col1)) subpartitions 2  (partition p0 values less than (15), partition p1 values less than maxvalue)
[1] 23:44:16,583 DEBUG SchemaChange - SQL_PARSE <- "alter table t44 partition by range/__MAXWELL__/  subpartition by hash(dayofmonth(col1)) subpartitions 2  (partition p0 values less than (15), partition p1 values less than maxvalue)"
[1] 23:44:16,583 DEBUG SchemaChange - rewrote SQL to alter table t44 partition by range/__MAXWELL__/  subpartition by hash/__MAXWELL__/ subpartitions 2  (partition p0 values less than (15), partition p1 values less than maxvalue)
[1] 23:44:16,583 DEBUG SchemaChange - SQL_PARSE <- "alter table t44 partition by range/__MAXWELL__/  subpartition by hash/__MAXWELL__/ subpartitions 2  (partition p0 values less than (15), partition p1 values less than maxvalue)"
[1] 23:44:16,583 DEBUG SchemaChange - rewrote SQL to alter table t44 partition by range/__MAXWELL__/  subpartition by hash/__MAXWELL__/ subpartitions 2  (/__MAXWELL__/
[1] 23:44:16,583 DEBUG SchemaChange - SQL_PARSE <- "alter table t44 partition by range/__MAXWELL__/  subpartition by hash/__MAXWELL__/ subpartitions 2  (/__MAXWELL__/"
[1] 23:44:16,584 DEBUG SchemaChange - SQL_PARSE ->   (parse (statement (alter_table (alter_table_preamble alter table (table_name (name (id t44)))) (alter_specifications (alter_specification (table_creation_option (partition_by partition by (partition_by_what range (skip_parens /__MAXWELL__/)) (subpartition_by subpartition by (partition_by_what hash (skip_parens /__MAXWELL__/)) subpartitions 2) (partition_definitions ( (skip_parens_inside_partition_definitions /__MAXWELL__/)))))))) <EOF>)
[1] 23:44:16,584 DEBUG SchemaChange - SQL_PARSE <- "alter table t44 partition by range(colint)  subpartition by hash(dayofweek(col1)) subpartitions 2  (partition p0 values less than (15), partition p1 values less than maxvalue)"
[1] 23:44:16,584 DEBUG SchemaChange - rewrote SQL to alter table t44 partition by range/__MAXWELL__/  subpartition by hash(dayofweek(col1)) subpartitions 2  (partition p0 values less than (15), partition p1 values less than maxvalue)
[1] 23:44:16,584 DEBUG SchemaChange - SQL_PARSE <- "alter table t44 partition by range/__MAXWELL__/  subpartition by hash(dayofweek(col1)) subpartitions 2  (partition p0 values less than (15), partition p1 values less than maxvalue)"
[1] 23:44:16,584 DEBUG SchemaChange - rewrote SQL to alter table t44 partition by range/__MAXWELL__/  subpartition by hash/__MAXWELL__/ subpartitions 2  (partition p0 values less than (15), partition p1 values less than maxvalue)
[1] 23:44:16,584 DEBUG SchemaChange - SQL_PARSE <- "alter table t44 partition by range/__MAXWELL__/  subpartition by hash/__MAXWELL__/ subpartitions 2  (partition p0 values less than (15), partition p1 values less than maxvalue)"
[1] 23:44:16,584 DEBUG SchemaChange - rewrote SQL to alter table t44 partition by range/__MAXWELL__/  subpartition by hash/__MAXWELL__/ subpartitions 2  (/__MAXWELL__/
[1] 23:44:16,584 DEBUG SchemaChange - SQL_PARSE <- "alter table t44 partition by range/__MAXWELL__/  subpartition by hash/__MAXWELL__/ subpartitions 2  (/__MAXWELL__/"
[1] 23:44:16,585 DEBUG SchemaChange - SQL_PARSE ->   (parse (statement (alter_table (alter_table_preamble alter table (table_name (name (id t44)))) (alter_specifications (alter_specification (table_creation_option (partition_by partition by (partition_by_what range (skip_parens /__MAXWELL__/)) (subpartition_by subpartition by (partition_by_what hash (skip_parens /__MAXWELL__/)) subpartitions 2) (partition_definitions ( (skip_parens_inside_partition_definitions /__MAXWELL__/)))))))) <EOF>)
[1] 23:44:16,585 DEBUG SchemaChange - SQL_PARSE <- "alter table t44 partition by range(colint)  subpartition by hash(dayofyear(col1)) subpartitions 2  (partition p0 values less than (15), partition p1 values less than maxvalue)"
[1] 23:44:16,585 DEBUG SchemaChange - rewrote SQL to alter table t44 partition by range/__MAXWELL__/  subpartition by hash(dayofyear(col1)) subpartitions 2  (partition p0 values less than (15), partition p1 values less than maxvalue)
[1] 23:44:16,585 DEBUG SchemaChange - SQL_PARSE <- "alter table t44 partition by range/__MAXWELL__/  subpartition by hash(dayofyear(col1)) subpartitions 2  (partition p0 values less than (15), partition p1 values less than maxvalue)"
[1] 23:44:16,586 DEBUG SchemaChange - rewrote SQL to alter table t44 partition by range/__MAXWELL__/  subpartition by hash/__MAXWELL__/ subpartitions 2  (partition p0 values less than (15), partition p1 values less than maxvalue)
[1] 23:44:16,586 DEBUG SchemaChange - SQL_PARSE <- "alter table t44 partition by range/__MAXWELL__/  subpartition by hash/__MAXWELL__/ subpartitions 2  (partition p0 values less than (15), partition p1 values less than maxvalue)"
[1] 23:44:16,586 DEBUG SchemaChange - rewrote SQL to alter table t44 partition by range/__MAXWELL__/  subpartition by hash/__MAXWELL__/ subpartitions 2  (/__MAXWELL__/
[1] 23:44:16,586 DEBUG SchemaChange - SQL_PARSE <- "alter table t44 partition by range/__MAXWELL__/  subpartition by hash/__MAXWELL__/ subpartitions 2  (/__MAXWELL__/"
[1] 23:44:16,587 DEBUG SchemaChange - SQL_PARSE ->   (parse (statement (alter_table (alter_table_preamble alter table (table_name (name (id t44)))) (alter_specifications (alter_specification (table_creation_option (partition_by partition by (partition_by_what range (skip_parens /__MAXWELL__/)) (subpartition_by subpartition by (partition_by_what hash (skip_parens /__MAXWELL__/)) subpartitions 2) (partition_definitions ( (skip_parens_inside_partition_definitions /__MAXWELL__/)))))))) <EOF>)
[1] 23:44:16,587 DEBUG SchemaChange - SQL_PARSE <- "alter table t44 partition by range(colint)  subpartition by hash(extract(month from col1)) subpartitions 2  (partition p0 values less than (15), partition p1 values less than maxvalue)"
[1] 23:44:16,587 DEBUG SchemaChange - rewrote SQL to alter table t44 partition by range/__MAXWELL__/  subpartition by hash(extract(month from col1)) subpartitions 2  (partition p0 values less than (15), partition p1 values less than maxvalue)
[1] 23:44:16,587 DEBUG SchemaChange - SQL_PARSE <- "alter table t44 partition by range/__MAXWELL__/  subpartition by hash(extract(month from col1)) subpartitions 2  (partition p0 values less than (15), partition p1 values less than maxvalue)"
[1] 23:44:16,587 DEBUG SchemaChange - rewrote SQL to alter table t44 partition by range/__MAXWELL__/  subpartition by hash/__MAXWELL__/ subpartitions 2  (partition p0 values less than (15), partition p1 values less than maxvalue)
[1] 23:44:16,587 DEBUG SchemaChange - SQL_PARSE <- "alter table t44 partition by range/__MAXWELL__/  subpartition by hash/__MAXWELL__/ subpartitions 2  (partition p0 values less than (15), partition p1 values less than maxvalue)"
[1] 23:44:16,587 DEBUG SchemaChange - rewrote SQL to alter table t44 partition by range/__MAXWELL__/  subpartition by hash/__MAXWELL__/ subpartitions 2  (/__MAXWELL__/
[1] 23:44:16,587 DEBUG SchemaChange - SQL_PARSE <- "alter table t44 partition by range/__MAXWELL__/  subpartition by hash/__MAXWELL__/ subpartitions 2  (/__MAXWELL__/"
[1] 23:44:16,588 DEBUG SchemaChange - SQL_PARSE ->   (parse (statement (alter_table (alter_table_preamble alter table (table_name (name (id t44)))) (alter_specifications (alter_specification (table_creation_option (partition_by partition by (partition_by_what range (skip_parens /__MAXWELL__/)) (subpartition_by subpartition by (partition_by_what hash (skip_parens /__MAXWELL__/)) subpartitions 2) (partition_definitions ( (skip_parens_inside_partition_definitions /__MAXWELL__/)))))))) <EOF>)
[1] 23:44:16,588 DEBUG SchemaChange - SQL_PARSE <- "alter table t44 partition by range(colint)  subpartition by hash(hour(col1)) subpartitions 2  (partition p0 values less than (15), partition p1 values less than maxvalue)"
[1] 23:44:16,588 DEBUG SchemaChange - rewrote SQL to alter table t44 partition by range/__MAXWELL__/  subpartition by hash(hour(col1)) subpartitions 2  (partition p0 values less than (15), partition p1 values less than maxvalue)
[1] 23:44:16,588 DEBUG SchemaChange - SQL_PARSE <- "alter table t44 partition by range/__MAXWELL__/  subpartition by hash(hour(col1)) subpartitions 2  (partition p0 values less than (15), partition p1 values less than maxvalue)"
[1] 23:44:16,589 DEBUG SchemaChange - rewrote SQL to alter table t44 partition by range/__MAXWELL__/  subpartition by hash/__MAXWELL__/ subpartitions 2  (partition p0 values less than (15), partition p1 values less than maxvalue)
[1] 23:44:16,589 DEBUG SchemaChange - SQL_PARSE <- "alter table t44 partition by range/__MAXWELL__/  subpartition by hash/__MAXWELL__/ subpartitions 2  (partition p0 values less than (15), partition p1 values less than maxvalue)"
[1] 23:44:16,589 DEBUG SchemaChange - rewrote SQL to alter table t44 partition by range/__MAXWELL__/  subpartition by hash/__MAXWELL__/ subpartitions 2  (/__MAXWELL__/
[1] 23:44:16,589 DEBUG SchemaChange - SQL_PARSE <- "alter table t44 partition by range/__MAXWELL__/  subpartition by hash/__MAXWELL__/ subpartitions 2  (/__MAXWELL__/"
[1] 23:44:16,589 DEBUG SchemaChange - SQL_PARSE ->   (parse (statement (alter_table (alter_table_preamble alter table (table_name (name (id t44)))) (alter_specifications (alter_specification (table_creation_option (partition_by partition by (partition_by_what range (skip_parens /__MAXWELL__/)) (subpartition_by subpartition by (partition_by_what hash (skip_parens /__MAXWELL__/)) subpartitions 2) (partition_definitions ( (skip_parens_inside_partition_definitions /__MAXWELL__/)))))))) <EOF>)
[1] 23:44:16,589 DEBUG SchemaChange - SQL_PARSE <- "alter table t44 partition by range(colint)  subpartition by hash(microsecond(col1)) subpartitions 2  (partition p0 values less than (15), partition p1 values less than maxvalue)"
[1] 23:44:16,590 DEBUG SchemaChange - rewrote SQL to alter table t44 partition by range/__MAXWELL__/  subpartition by hash(microsecond(col1)) subpartitions 2  (partition p0 values less than (15), partition p1 values less than maxvalue)
[1] 23:44:16,590 DEBUG SchemaChange - SQL_PARSE <- "alter table t44 partition by range/__MAXWELL__/  subpartition by hash(microsecond(col1)) subpartitions 2  (partition p0 values less than (15), partition p1 values less than maxvalue)"
[1] 23:44:16,590 DEBUG SchemaChange - rewrote SQL to alter table t44 partition by range/__MAXWELL__/  subpartition by hash/__MAXWELL__/ subpartitions 2  (partition p0 values less than (15), partition p1 values less than maxvalue)
[1] 23:44:16,590 DEBUG SchemaChange - SQL_PARSE <- "alter table t44 partition by range/__MAXWELL__/  subpartition by hash/__MAXWELL__/ subpartitions 2  (partition p0 values less than (15), partition p1 values less than maxvalue)"
[1] 23:44:16,590 DEBUG SchemaChange - rewrote SQL to alter table t44 partition by range/__MAXWELL__/  subpartition by hash/__MAXWELL__/ subpartitions 2  (/__MAXWELL__/
[1] 23:44:16,590 DEBUG SchemaChange - SQL_PARSE <- "alter table t44 partition by range/__MAXWELL__/  subpartition by hash/__MAXWELL__/ subpartitions 2  (/__MAXWELL__/"
[1] 23:44:16,590 DEBUG SchemaChange - SQL_PARSE ->   (parse (statement (alter_table (alter_table_preamble alter table (table_name (name (id t44)))) (alter_specifications (alter_specification (table_creation_option (partition_by partition by (partition_by_what range (skip_parens /__MAXWELL__/)) (subpartition_by subpartition by (partition_by_what hash (skip_parens /__MAXWELL__/)) subpartitions 2) (partition_definitions ( (skip_parens_inside_partition_definitions /__MAXWELL__/)))))))) <EOF>)
[1] 23:44:16,591 DEBUG SchemaChange - SQL_PARSE <- "alter table t44 partition by range(colint)  subpartition by hash(minute(col1)) subpartitions 2  (partition p0 values less than (15), partition p1 values less than maxvalue)"
[1] 23:44:16,591 DEBUG SchemaChange - rewrote SQL to alter table t44 partition by range/__MAXWELL__/  subpartition by hash(minute(col1)) subpartitions 2  (partition p0 values less than (15), partition p1 values less than maxvalue)
[1] 23:44:16,591 DEBUG SchemaChange - SQL_PARSE <- "alter table t44 partition by range/__MAXWELL__/  subpartition by hash(minute(col1)) subpartitions 2  (partition p0 values less than (15), partition p1 values less than maxvalue)"
[1] 23:44:16,591 DEBUG SchemaChange - rewrote SQL to alter table t44 partition by range/__MAXWELL__/  subpartition by hash/__MAXWELL__/ subpartitions 2  (partition p0 values less than (15), partition p1 values less than maxvalue)
[1] 23:44:16,591 DEBUG SchemaChange - SQL_PARSE <- "alter table t44 partition by range/__MAXWELL__/  subpartition by hash/__MAXWELL__/ subpartitions 2  (partition p0 values less than (15), partition p1 values less than maxvalue)"
[1] 23:44:16,591 DEBUG SchemaChange - rewrote SQL to alter table t44 partition by range/__MAXWELL__/  subpartition by hash/__MAXWELL__/ subpartitions 2  (/__MAXWELL__/
[1] 23:44:16,591 DEBUG SchemaChange - SQL_PARSE <- "alter table t44 partition by range/__MAXWELL__/  subpartition by hash/__MAXWELL__/ subpartitions 2  (/__MAXWELL__/"
[1] 23:44:16,592 DEBUG SchemaChange - SQL_PARSE ->   (parse (statement (alter_table (alter_table_preamble alter table (table_name (name (id t44)))) (alter_specifications (alter_specification (table_creation_option (partition_by partition by (partition_by_what range (skip_parens /__MAXWELL__/)) (subpartition_by subpartition by (partition_by_what hash (skip_parens /__MAXWELL__/)) subpartitions 2) (partition_definitions ( (skip_parens_inside_partition_definitions /__MAXWELL__/)))))))) <EOF>)
[1] 23:44:16,592 DEBUG SchemaChange - SQL_PARSE <- "alter table t44 partition by range(colint)  subpartition by hash(mod(col1,10)) subpartitions 2  (partition p0 values less than (15), partition p1 values less than maxvalue)"
[1] 23:44:16,592 DEBUG SchemaChange - rewrote SQL to alter table t44 partition by range/__MAXWELL__/  subpartition by hash(mod(col1,10)) subpartitions 2  (partition p0 values less than (15), partition p1 values less than maxvalue)
[1] 23:44:16,592 DEBUG SchemaChange - SQL_PARSE <- "alter table t44 partition by range/__MAXWELL__/  subpartition by hash(mod(col1,10)) subpartitions 2  (partition p0 values less than (15), partition p1 values less than maxvalue)"
[1] 23:44:16,592 DEBUG SchemaChange - rewrote SQL to alter table t44 partition by range/__MAXWELL__/  subpartition by hash/__MAXWELL__/ subpartitions 2  (partition p0 values less than (15), partition p1 values less than maxvalue)
[1] 23:44:16,592 DEBUG SchemaChange - SQL_PARSE <- "alter table t44 partition by range/__MAXWELL__/  subpartition by hash/__MAXWELL__/ subpartitions 2  (partition p0 values less than (15), partition p1 values less than maxvalue)"
[1] 23:44:16,592 DEBUG SchemaChange - rewrote SQL to alter table t44 partition by range/__MAXWELL__/  subpartition by hash/__MAXWELL__/ subpartitions 2  (/__MAXWELL__/
[1] 23:44:16,592 DEBUG SchemaChange - SQL_PARSE <- "alter table t44 partition by range/__MAXWELL__/  subpartition by hash/__MAXWELL__/ subpartitions 2  (/__MAXWELL__/"
[1] 23:44:16,593 DEBUG SchemaChange - SQL_PARSE ->   (parse (statement (alter_table (alter_table_preamble alter table (table_name (name (id t44)))) (alter_specifications (alter_specification (table_creation_option (partition_by partition by (partition_by_what range (skip_parens /__MAXWELL__/)) (subpartition_by subpartition by (partition_by_what hash (skip_parens /__MAXWELL__/)) subpartitions 2) (partition_definitions ( (skip_parens_inside_partition_definitions /__MAXWELL__/)))))))) <EOF>)
[1] 23:44:16,593 DEBUG SchemaChange - SQL_PARSE <- "alter table t44 partition by range(colint)  subpartition by hash(month(col1)) subpartitions 2  (partition p0 values less than (15), partition p1 values less than maxvalue)"
[1] 23:44:16,593 DEBUG SchemaChange - rewrote SQL to alter table t44 partition by range/__MAXWELL__/  subpartition by hash(month(col1)) subpartitions 2  (partition p0 values less than (15), partition p1 values less than maxvalue)
[1] 23:44:16,593 DEBUG SchemaChange - SQL_PARSE <- "alter table t44 partition by range/__MAXWELL__/  subpartition by hash(month(col1)) subpartitions 2  (partition p0 values less than (15), partition p1 values less than maxvalue)"
[1] 23:44:16,593 DEBUG SchemaChange - rewrote SQL to alter table t44 partition by range/__MAXWELL__/  subpartition by hash/__MAXWELL__/ subpartitions 2  (partition p0 values less than (15), partition p1 values less than maxvalue)
[1] 23:44:16,593 DEBUG SchemaChange - SQL_PARSE <- "alter table t44 partition by range/__MAXWELL__/  subpartition by hash/__MAXWELL__/ subpartitions 2  (partition p0 values less than (15), partition p1 values less than maxvalue)"
[1] 23:44:16,594 DEBUG SchemaChange - rewrote SQL to alter table t44 partition by range/__MAXWELL__/  subpartition by hash/__MAXWELL__/ subpartitions 2  (/__MAXWELL__/
[1] 23:44:16,594 DEBUG SchemaChange - SQL_PARSE <- "alter table t44 partition by range/__MAXWELL__/  subpartition by hash/__MAXWELL__/ subpartitions 2  (/__MAXWELL__/"
[1] 23:44:16,594 DEBUG SchemaChange - SQL_PARSE ->   (parse (statement (alter_table (alter_table_preamble alter table (table_name (name (id t44)))) (alter_specifications (alter_specification (table_creation_option (partition_by partition by (partition_by_what range (skip_parens /__MAXWELL__/)) (subpartition_by subpartition by (partition_by_what hash (skip_parens /__MAXWELL__/)) subpartitions 2) (partition_definitions ( (skip_parens_inside_partition_definitions /__MAXWELL__/)))))))) <EOF>)
[1] 23:44:16,594 DEBUG SchemaChange - SQL_PARSE <- "alter table t44 partition by range(colint)  subpartition by hash(quarter(col1)) subpartitions 2  (partition p0 values less than (15), partition p1 values less than maxvalue)"
[1] 23:44:16,594 DEBUG SchemaChange - rewrote SQL to alter table t44 partition by range/__MAXWELL__/  subpartition by hash(quarter(col1)) subpartitions 2  (partition p0 values less than (15), partition p1 values less than maxvalue)
[1] 23:44:16,594 DEBUG SchemaChange - SQL_PARSE <- "alter table t44 partition by range/__MAXWELL__/  subpartition by hash(quarter(col1)) subpartitions 2  (partition p0 values less than (15), partition p1 values less than maxvalue)"
[1] 23:44:16,595 DEBUG SchemaChange - rewrote SQL to alter table t44 partition by range/__MAXWELL__/  subpartition by hash/__MAXWELL__/ subpartitions 2  (partition p0 values less than (15), partition p1 values less than maxvalue)
[1] 23:44:16,595 DEBUG SchemaChange - SQL_PARSE <- "alter table t44 partition by range/__MAXWELL__/  subpartition by hash/__MAXWELL__/ subpartitions 2  (partition p0 values less than (15), partition p1 values less than maxvalue)"
[1] 23:44:16,595 DEBUG SchemaChange - rewrote SQL to alter table t44 partition by range/__MAXWELL__/  subpartition by hash/__MAXWELL__/ subpartitions 2  (/__MAXWELL__/
[1] 23:44:16,595 DEBUG SchemaChange - SQL_PARSE <- "alter table t44 partition by range/__MAXWELL__/  subpartition by hash/__MAXWELL__/ subpartitions 2  (/__MAXWELL__/"
[1] 23:44:16,595 DEBUG SchemaChange - SQL_PARSE ->   (parse (statement (alter_table (alter_table_preamble alter table (table_name (name (id t44)))) (alter_specifications (alter_specification (table_creation_option (partition_by partition by (partition_by_what range (skip_parens /__MAXWELL__/)) (subpartition_by subpartition by (partition_by_what hash (skip_parens /__MAXWELL__/)) subpartitions 2) (partition_definitions ( (skip_parens_inside_partition_definitions /__MAXWELL__/)))))))) <EOF>)
[1] 23:44:16,595 DEBUG SchemaChange - SQL_PARSE <- "alter table t44 partition by range(colint)  subpartition by hash(second(col1)) subpartitions 2  (partition p0 values less than (15), partition p1 values less than maxvalue)"
[1] 23:44:16,596 DEBUG SchemaChange - rewrote SQL to alter table t44 partition by range/__MAXWELL__/  subpartition by hash(second(col1)) subpartitions 2  (partition p0 values less than (15), partition p1 values less than maxvalue)
[1] 23:44:16,596 DEBUG SchemaChange - SQL_PARSE <- "alter table t44 partition by range/__MAXWELL__/  subpartition by hash(second(col1)) subpartitions 2  (partition p0 values less than (15), partition p1 values less than maxvalue)"
[1] 23:44:16,596 DEBUG SchemaChange - rewrote SQL to alter table t44 partition by range/__MAXWELL__/  subpartition by hash/__MAXWELL__/ subpartitions 2  (partition p0 values less than (15), partition p1 values less than maxvalue)
[1] 23:44:16,596 DEBUG SchemaChange - SQL_PARSE <- "alter table t44 partition by range/__MAXWELL__/  subpartition by hash/__MAXWELL__/ subpartitions 2  (partition p0 values less than (15), partition p1 values less than maxvalue)"
[1] 23:44:16,596 DEBUG SchemaChange - rewrote SQL to alter table t44 partition by range/__MAXWELL__/  subpartition by hash/__MAXWELL__/ subpartitions 2  (/__MAXWELL__/
[1] 23:44:16,596 DEBUG SchemaChange - SQL_PARSE <- "alter table t44 partition by range/__MAXWELL__/  subpartition by hash/__MAXWELL__/ subpartitions 2  (/__MAXWELL__/"
[1] 23:44:16,597 DEBUG SchemaChange - SQL_PARSE ->   (parse (statement (alter_table (alter_table_preamble alter table (table_name (name (id t44)))) (alter_specifications (alter_specification (table_creation_option (partition_by partition by (partition_by_what range (skip_parens /__MAXWELL__/)) (subpartition_by subpartition by (partition_by_what hash (skip_parens /__MAXWELL__/)) subpartitions 2) (partition_definitions ( (skip_parens_inside_partition_definitions /__MAXWELL__/)))))))) <EOF>)
[1] 23:44:16,597 DEBUG SchemaChange - SQL_PARSE <- "alter table t44 partition by range(colint)  subpartition by hash(time_to_sec(col1)-(time_to_sec(col1)-20)) subpartitions 2  (partition p0 values less than (15), partition p1 values less than maxvalue)"
[1] 23:44:16,597 DEBUG SchemaChange - rewrote SQL to alter table t44 partition by range/__MAXWELL__/  subpartition by hash(time_to_sec(col1)-(time_to_sec(col1)-20)) subpartitions 2  (partition p0 values less than (15), partition p1 values less than maxvalue)
[1] 23:44:16,597 DEBUG SchemaChange - SQL_PARSE <- "alter table t44 partition by range/__MAXWELL__/  subpartition by hash(time_to_sec(col1)-(time_to_sec(col1)-20)) subpartitions 2  (partition p0 values less than (15), partition p1 values less than maxvalue)"
[1] 23:44:16,597 DEBUG SchemaChange - rewrote SQL to alter table t44 partition by range/__MAXWELL__/  subpartition by hash/__MAXWELL__/ subpartitions 2  (partition p0 values less than (15), partition p1 values less than maxvalue)
[1] 23:44:16,597 DEBUG SchemaChange - SQL_PARSE <- "alter table t44 partition by range/__MAXWELL__/  subpartition by hash/__MAXWELL__/ subpartitions 2  (partition p0 values less than (15), partition p1 values less than maxvalue)"
[1] 23:44:16,597 DEBUG SchemaChange - rewrote SQL to alter table t44 partition by range/__MAXWELL__/  subpartition by hash/__MAXWELL__/ subpartitions 2  (/__MAXWELL__/
[1] 23:44:16,597 DEBUG SchemaChange - SQL_PARSE <- "alter table t44 partition by range/__MAXWELL__/  subpartition by hash/__MAXWELL__/ subpartitions 2  (/__MAXWELL__/"
[1] 23:44:16,598 DEBUG SchemaChange - SQL_PARSE ->   (parse (statement (alter_table (alter_table_preamble alter table (table_name (name (id t44)))) (alter_specifications (alter_specification (table_creation_option (partition_by partition by (partition_by_what range (skip_parens /__MAXWELL__/)) (subpartition_by subpartition by (partition_by_what hash (skip_parens /__MAXWELL__/)) subpartitions 2) (partition_definitions ( (skip_parens_inside_partition_definitions /__MAXWELL__/)))))))) <EOF>)
[1] 23:44:16,598 DEBUG SchemaChange - SQL_PARSE <- "alter table t44 partition by range(colint)  subpartition by hash(weekday(col1)) subpartitions 2  (partition p0 values less than (15), partition p1 values less than maxvalue)"
[1] 23:44:16,598 DEBUG SchemaChange - rewrote SQL to alter table t44 partition by range/__MAXWELL__/  subpartition by hash(weekday(col1)) subpartitions 2  (partition p0 values less than (15), partition p1 values less than maxvalue)
[1] 23:44:16,598 DEBUG SchemaChange - SQL_PARSE <- "alter table t44 partition by range/__MAXWELL__/  subpartition by hash(weekday(col1)) subpartitions 2  (partition p0 values less than (15), partition p1 values less than maxvalue)"
[1] 23:44:16,598 DEBUG SchemaChange - rewrote SQL to alter table t44 partition by range/__MAXWELL__/  subpartition by hash/__MAXWELL__/ subpartitions 2  (partition p0 values less than (15), partition p1 values less than maxvalue)
[1] 23:44:16,598 DEBUG SchemaChange - SQL_PARSE <- "alter table t44 partition by range/__MAXWELL__/  subpartition by hash/__MAXWELL__/ subpartitions 2  (partition p0 values less than (15), partition p1 values less than maxvalue)"
[1] 23:44:16,599 DEBUG SchemaChange - rewrote SQL to alter table t44 partition by range/__MAXWELL__/  subpartition by hash/__MAXWELL__/ subpartitions 2  (/__MAXWELL__/
[1] 23:44:16,599 DEBUG SchemaChange - SQL_PARSE <- "alter table t44 partition by range/__MAXWELL__/  subpartition by hash/__MAXWELL__/ subpartitions 2  (/__MAXWELL__/"
[1] 23:44:16,599 DEBUG SchemaChange - SQL_PARSE ->   (parse (statement (alter_table (alter_table_preamble alter table (table_name (name (id t44)))) (alter_specifications (alter_specification (table_creation_option (partition_by partition by (partition_by_what range (skip_parens /__MAXWELL__/)) (subpartition_by subpartition by (partition_by_what hash (skip_parens /__MAXWELL__/)) subpartitions 2) (partition_definitions ( (skip_parens_inside_partition_definitions /__MAXWELL__/)))))))) <EOF>)
[1] 23:44:16,599 DEBUG SchemaChange - SQL_PARSE <- "alter table t44 partition by range(colint)  subpartition by hash(year(col1)-1990) subpartitions 2  (partition p0 values less than (15), partition p1 values less than maxvalue)"
[1] 23:44:16,600 DEBUG SchemaChange - rewrote SQL to alter table t44 partition by range/__MAXWELL__/  subpartition by hash(year(col1)-1990) subpartitions 2  (partition p0 values less than (15), partition p1 values less than maxvalue)
[1] 23:44:16,600 DEBUG SchemaChange - SQL_PARSE <- "alter table t44 partition by range/__MAXWELL__/  subpartition by hash(year(col1)-1990) subpartitions 2  (partition p0 values less than (15), partition p1 values less than maxvalue)"
[1] 23:44:16,600 DEBUG SchemaChange - rewrote SQL to alter table t44 partition by range/__MAXWELL__/  subpartition by hash/__MAXWELL__/ subpartitions 2  (partition p0 values less than (15), partition p1 values less than maxvalue)
[1] 23:44:16,600 DEBUG SchemaChange - SQL_PARSE <- "alter table t44 partition by range/__MAXWELL__/  subpartition by hash/__MAXWELL__/ subpartitions 2  (partition p0 values less than (15), partition p1 values less than maxvalue)"
[1] 23:44:16,600 DEBUG SchemaChange - rewrote SQL to alter table t44 partition by range/__MAXWELL__/  subpartition by hash/__MAXWELL__/ subpartitions 2  (/__MAXWELL__/
[1] 23:44:16,600 DEBUG SchemaChange - SQL_PARSE <- "alter table t44 partition by range/__MAXWELL__/  subpartition by hash/__MAXWELL__/ subpartitions 2  (/__MAXWELL__/"
[1] 23:44:16,601 DEBUG SchemaChange - SQL_PARSE ->   (parse (statement (alter_table (alter_table_preamble alter table (table_name (name (id t44)))) (alter_specifications (alter_specification (table_creation_option (partition_by partition by (partition_by_what range (skip_parens /__MAXWELL__/)) (subpartition_by subpartition by (partition_by_what hash (skip_parens /__MAXWELL__/)) subpartitions 2) (partition_definitions ( (skip_parens_inside_partition_definitions /__MAXWELL__/)))))))) <EOF>)
[1] 23:44:16,601 DEBUG SchemaChange - SQL_PARSE <- "alter table t44 partition by range(colint)  subpartition by hash(yearweek(col1)-200600) subpartitions 2  (partition p0 values less than (15), partition p1 values less than maxvalue)"
[1] 23:44:16,601 DEBUG SchemaChange - rewrote SQL to alter table t44 partition by range/__MAXWELL__/  subpartition by hash(yearweek(col1)-200600) subpartitions 2  (partition p0 values less than (15), partition p1 values less than maxvalue)
[1] 23:44:16,601 DEBUG SchemaChange - SQL_PARSE <- "alter table t44 partition by range/__MAXWELL__/  subpartition by hash(yearweek(col1)-200600) subpartitions 2  (partition p0 values less than (15), partition p1 values less than maxvalue)"
[1] 23:44:16,601 DEBUG SchemaChange - rewrote SQL to alter table t44 partition by range/__MAXWELL__/  subpartition by hash/__MAXWELL__/ subpartitions 2  (partition p0 values less than (15), partition p1 values less than maxvalue)
[1] 23:44:16,601 DEBUG SchemaChange - SQL_PARSE <- "alter table t44 partition by range/__MAXWELL__/  subpartition by hash/__MAXWELL__/ subpartitions 2  (partition p0 values less than (15), partition p1 values less than maxvalue)"
[1] 23:44:16,601 DEBUG SchemaChange - rewrote SQL to alter table t44 partition by range/__MAXWELL__/  subpartition by hash/__MAXWELL__/ subpartitions 2  (/__MAXWELL__/
[1] 23:44:16,601 DEBUG SchemaChange - SQL_PARSE <- "alter table t44 partition by range/__MAXWELL__/  subpartition by hash/__MAXWELL__/ subpartitions 2  (/__MAXWELL__/"
[1] 23:44:16,602 DEBUG SchemaChange - SQL_PARSE ->   (parse (statement (alter_table (alter_table_preamble alter table (table_name (name (id t44)))) (alter_specifications (alter_specification (table_creation_option (partition_by partition by (partition_by_what range (skip_parens /__MAXWELL__/)) (subpartition_by subpartition by (partition_by_what hash (skip_parens /__MAXWELL__/)) subpartitions 2) (partition_definitions ( (skip_parens_inside_partition_definitions /__MAXWELL__/)))))))) <EOF>)
[1] 23:44:16,602 DEBUG SchemaChange - SQL_PARSE <- "alter table t5 drop partition p0"
[1] 23:44:16,602 DEBUG SchemaChange - SQL_PARSE ->   (parse (statement (alter_table (alter_table_preamble alter table (table_name (name (id t5)))) (alter_partition_specification drop partition (partition_names (id p0))))) <EOF>)
[1] 23:44:16,602 DEBUG SchemaChange - SQL_PARSE <- "alter table t55 drop partition p0"
[1] 23:44:16,602 DEBUG SchemaChange - SQL_PARSE ->   (parse (statement (alter_table (alter_table_preamble alter table (table_name (name (id t55)))) (alter_partition_specification drop partition (partition_names (id p0))))) <EOF>)
[1] 23:44:16,602 DEBUG SchemaChange - SQL_PARSE <- "alter table t55 partition by list(colint) subpartition by hash(abs(col1)) subpartitions 2  (partition p0 values in (1,2,3,4,5,6,7,8,9,10), partition p1 values in (11,12,13,14,15,16,17,18,19,20), partition p2 values in (21,22,23,24,25,26,27,28,29,30), partition p3 values in (31,32,33,34,35,36,37,38,39,40), partition p4 values in (41,42,43,44,45,46,47,48,49,50), partition p5 values in (51,52,53,54,55,56,57,58,59,60) )"
[1] 23:44:16,603 DEBUG SchemaChange - rewrote SQL to alter table t55 partition by list/__MAXWELL__/ subpartition by hash(abs(col1)) subpartitions 2  (partition p0 values in (1,2,3,4,5,6,7,8,9,10), partition p1 values in (11,12,13,14,15,16,17,18,19,20), partition p2 values in (21,22,23,24,25,26,27,28,29,30), partition p3 values in (31,32,33,34,35,36,37,38,39,40), partition p4 values in (41,42,43,44,45,46,47,48,49,50), partition p5 values in (51,52,53,54,55,56,57,58,59,60) )
[1] 23:44:16,603 DEBUG SchemaChange - SQL_PARSE <- "alter table t55 partition by list/__MAXWELL__/ subpartition by hash(abs(col1)) subpartitions 2  (partition p0 values in (1,2,3,4,5,6,7,8,9,10), partition p1 values in (11,12,13,14,15,16,17,18,19,20), partition p2 values in (21,22,23,24,25,26,27,28,29,30), partition p3 values in (31,32,33,34,35,36,37,38,39,40), partition p4 values in (41,42,43,44,45,46,47,48,49,50), partition p5 values in (51,52,53,54,55,56,57,58,59,60) )"
[1] 23:44:16,603 DEBUG SchemaChange - rewrote SQL to alter table t55 partition by list/__MAXWELL__/ subpartition by hash/__MAXWELL__/ subpartitions 2  (partition p0 values in (1,2,3,4,5,6,7,8,9,10), partition p1 values in (11,12,13,14,15,16,17,18,19,20), partition p2 values in (21,22,23,24,25,26,27,28,29,30), partition p3 values in (31,32,33,34,35,36,37,38,39,40), partition p4 values in (41,42,43,44,45,46,47,48,49,50), partition p5 values in (51,52,53,54,55,56,57,58,59,60) )
[1] 23:44:16,603 DEBUG SchemaChange - SQL_PARSE <- "alter table t55 partition by list/__MAXWELL__/ subpartition by hash/__MAXWELL__/ subpartitions 2  (partition p0 values in (1,2,3,4,5,6,7,8,9,10), partition p1 values in (11,12,13,14,15,16,17,18,19,20), partition p2 values in (21,22,23,24,25,26,27,28,29,30), partition p3 values in (31,32,33,34,35,36,37,38,39,40), partition p4 values in (41,42,43,44,45,46,47,48,49,50), partition p5 values in (51,52,53,54,55,56,57,58,59,60) )"
[1] 23:44:16,603 DEBUG SchemaChange - rewrote SQL to alter table t55 partition by list/__MAXWELL__/ subpartition by hash/__MAXWELL__/ subpartitions 2  (/__MAXWELL__/
[1] 23:44:16,603 DEBUG SchemaChange - SQL_PARSE <- "alter table t55 partition by list/__MAXWELL__/ subpartition by hash/__MAXWELL__/ subpartitions 2  (/__MAXWELL__/"
[1] 23:44:16,604 DEBUG SchemaChange - SQL_PARSE ->   (parse (statement (alter_table (alter_table_preamble alter table (table_name (name (id t55)))) (alter_specifications (alter_specification (table_creation_option (partition_by partition by (partition_by_what list (skip_parens /__MAXWELL__/)) (subpartition_by subpartition by (partition_by_what hash (skip_parens /__MAXWELL__/)) subpartitions 2) (partition_definitions ( (skip_parens_inside_partition_definitions /__MAXWELL__/)))))))) <EOF>)
[1] 23:44:16,604 DEBUG SchemaChange - SQL_PARSE <- "alter table t55 partition by list(colint) subpartition by hash(abs(col1)) subpartitions 5  (partition p0 values in (1,2,3,4,5,6,7,8,9,10), partition p1 values in (11,12,13,14,15,16,17,18,19,20), partition p2 values in (21,22,23,24,25,26,27,28,29,30), partition p3 values in (31,32,33,34,35,36,37,38,39,40), partition p4 values in (41,42,43,44,45,46,47,48,49,50), partition p5 values in (51,52,53,54,55,56,57,58,59,60) )"
[1] 23:44:16,604 DEBUG SchemaChange - rewrote SQL to alter table t55 partition by list/__MAXWELL__/ subpartition by hash(abs(col1)) subpartitions 5  (partition p0 values in (1,2,3,4,5,6,7,8,9,10), partition p1 values in (11,12,13,14,15,16,17,18,19,20), partition p2 values in (21,22,23,24,25,26,27,28,29,30), partition p3 values in (31,32,33,34,35,36,37,38,39,40), partition p4 values in (41,42,43,44,45,46,47,48,49,50), partition p5 values in (51,52,53,54,55,56,57,58,59,60) )
[1] 23:44:16,604 DEBUG SchemaChange - SQL_PARSE <- "alter table t55 partition by list/__MAXWELL__/ subpartition by hash(abs(col1)) subpartitions 5  (partition p0 values in (1,2,3,4,5,6,7,8,9,10), partition p1 values in (11,12,13,14,15,16,17,18,19,20), partition p2 values in (21,22,23,24,25,26,27,28,29,30), partition p3 values in (31,32,33,34,35,36,37,38,39,40), partition p4 values in (41,42,43,44,45,46,47,48,49,50), partition p5 values in (51,52,53,54,55,56,57,58,59,60) )"
[1] 23:44:16,604 DEBUG SchemaChange - rewrote SQL to alter table t55 partition by list/__MAXWELL__/ subpartition by hash/__MAXWELL__/ subpartitions 5  (partition p0 values in (1,2,3,4,5,6,7,8,9,10), partition p1 values in (11,12,13,14,15,16,17,18,19,20), partition p2 values in (21,22,23,24,25,26,27,28,29,30), partition p3 values in (31,32,33,34,35,36,37,38,39,40), partition p4 values in (41,42,43,44,45,46,47,48,49,50), partition p5 values in (51,52,53,54,55,56,57,58,59,60) )
[1] 23:44:16,604 DEBUG SchemaChange - SQL_PARSE <- "alter table t55 partition by list/__MAXWELL__/ subpartition by hash/__MAXWELL__/ subpartitions 5  (partition p0 values in (1,2,3,4,5,6,7,8,9,10), partition p1 values in (11,12,13,14,15,16,17,18,19,20), partition p2 values in (21,22,23,24,25,26,27,28,29,30), partition p3 values in (31,32,33,34,35,36,37,38,39,40), partition p4 values in (41,42,43,44,45,46,47,48,49,50), partition p5 values in (51,52,53,54,55,56,57,58,59,60) )"
[1] 23:44:16,605 DEBUG SchemaChange - rewrote SQL to alter table t55 partition by list/__MAXWELL__/ subpartition by hash/__MAXWELL__/ subpartitions 5  (/__MAXWELL__/
[1] 23:44:16,605 DEBUG SchemaChange - SQL_PARSE <- "alter table t55 partition by list/__MAXWELL__/ subpartition by hash/__MAXWELL__/ subpartitions 5  (/__MAXWELL__/"
[1] 23:44:16,605 DEBUG SchemaChange - SQL_PARSE ->   (parse (statement (alter_table (alter_table_preamble alter table (table_name (name (id t55)))) (alter_specifications (alter_specification (table_creation_option (partition_by partition by (partition_by_what list (skip_parens /__MAXWELL__/)) (subpartition_by subpartition by (partition_by_what hash (skip_parens /__MAXWELL__/)) subpartitions 5) (partition_definitions ( (skip_parens_inside_partition_definitions /__MAXWELL__/)))))))) <EOF>)
[1] 23:44:16,605 DEBUG SchemaChange - SQL_PARSE <- "alter table t55 partition by list(colint) subpartition by hash(day(col1)) subpartitions 2  (partition p0 values in (1,2,3,4,5,6,7,8,9,10), partition p1 values in (11,12,13,14,15,16,17,18,19,20), partition p2 values in (21,22,23,24,25,26,27,28,29,30), partition p3 values in (31,32,33,34,35,36,37,38,39,40), partition p4 values in (41,42,43,44,45,46,47,48,49,50), partition p5 values in (51,52,53,54,55,56,57,58,59,60) )"
[1] 23:44:16,606 DEBUG SchemaChange - rewrote SQL to alter table t55 partition by list/__MAXWELL__/ subpartition by hash(day(col1)) subpartitions 2  (partition p0 values in (1,2,3,4,5,6,7,8,9,10), partition p1 values in (11,12,13,14,15,16,17,18,19,20), partition p2 values in (21,22,23,24,25,26,27,28,29,30), partition p3 values in (31,32,33,34,35,36,37,38,39,40), partition p4 values in (41,42,43,44,45,46,47,48,49,50), partition p5 values in (51,52,53,54,55,56,57,58,59,60) )
[1] 23:44:16,606 DEBUG SchemaChange - SQL_PARSE <- "alter table t55 partition by list/__MAXWELL__/ subpartition by hash(day(col1)) subpartitions 2  (partition p0 values in (1,2,3,4,5,6,7,8,9,10), partition p1 values in (11,12,13,14,15,16,17,18,19,20), partition p2 values in (21,22,23,24,25,26,27,28,29,30), partition p3 values in (31,32,33,34,35,36,37,38,39,40), partition p4 values in (41,42,43,44,45,46,47,48,49,50), partition p5 values in (51,52,53,54,55,56,57,58,59,60) )"
[1] 23:44:16,606 DEBUG SchemaChange - rewrote SQL to alter table t55 partition by list/__MAXWELL__/ subpartition by hash/__MAXWELL__/ subpartitions 2  (partition p0 values in (1,2,3,4,5,6,7,8,9,10), partition p1 values in (11,12,13,14,15,16,17,18,19,20), partition p2 values in (21,22,23,24,25,26,27,28,29,30), partition p3 values in (31,32,33,34,35,36,37,38,39,40), partition p4 values in (41,42,43,44,45,46,47,48,49,50), partition p5 values in (51,52,53,54,55,56,57,58,59,60) )
[1] 23:44:16,606 DEBUG SchemaChange - SQL_PARSE <- "alter table t55 partition by list/__MAXWELL__/ subpartition by hash/__MAXWELL__/ subpartitions 2  (partition p0 values in (1,2,3,4,5,6,7,8,9,10), partition p1 values in (11,12,13,14,15,16,17,18,19,20), partition p2 values in (21,22,23,24,25,26,27,28,29,30), partition p3 values in (31,32,33,34,35,36,37,38,39,40), partition p4 values in (41,42,43,44,45,46,47,48,49,50), partition p5 values in (51,52,53,54,55,56,57,58,59,60) )"
[1] 23:44:16,606 DEBUG SchemaChange - rewrote SQL to alter table t55 partition by list/__MAXWELL__/ subpartition by hash/__MAXWELL__/ subpartitions 2  (/__MAXWELL__/
[1] 23:44:16,606 DEBUG SchemaChange - SQL_PARSE <- "alter table t55 partition by list/__MAXWELL__/ subpartition by hash/__MAXWELL__/ subpartitions 2  (/__MAXWELL__/"
[1] 23:44:16,607 DEBUG SchemaChange - SQL_PARSE ->   (parse (statement (alter_table (alter_table_preamble alter table (table_name (name (id t55)))) (alter_specifications (alter_specification (table_creation_option (partition_by partition by (partition_by_what list (skip_parens /__MAXWELL__/)) (subpartition_by subpartition by (partition_by_what hash (skip_parens /__MAXWELL__/)) subpartitions 2) (partition_definitions ( (skip_parens_inside_partition_definitions /__MAXWELL__/)))))))) <EOF>)
[1] 23:44:16,607 DEBUG SchemaChange - SQL_PARSE <- "alter table t55 partition by list(colint) subpartition by hash(day(col1)) subpartitions 5  (partition p0 values in (1,2,3,4,5,6,7,8,9,10), partition p1 values in (11,12,13,14,15,16,17,18,19,20), partition p2 values in (21,22,23,24,25,26,27,28,29,30), partition p3 values in (31,32,33,34,35,36,37,38,39,40), partition p4 values in (41,42,43,44,45,46,47,48,49,50), partition p5 values in (51,52,53,54,55,56,57,58,59,60) )"
[1] 23:44:16,607 DEBUG SchemaChange - rewrote SQL to alter table t55 partition by list/__MAXWELL__/ subpartition by hash(day(col1)) subpartitions 5  (partition p0 values in (1,2,3,4,5,6,7,8,9,10), partition p1 values in (11,12,13,14,15,16,17,18,19,20), partition p2 values in (21,22,23,24,25,26,27,28,29,30), partition p3 values in (31,32,33,34,35,36,37,38,39,40), partition p4 values in (41,42,43,44,45,46,47,48,49,50), partition p5 values in (51,52,53,54,55,56,57,58,59,60) )
[1] 23:44:16,607 DEBUG SchemaChange - SQL_PARSE <- "alter table t55 partition by list/__MAXWELL__/ subpartition by hash(day(col1)) subpartitions 5  (partition p0 values in (1,2,3,4,5,6,7,8,9,10), partition p1 values in (11,12,13,14,15,16,17,18,19,20), partition p2 values in (21,22,23,24,25,26,27,28,29,30), partition p3 values in (31,32,33,34,35,36,37,38,39,40), partition p4 values in (41,42,43,44,45,46,47,48,49,50), partition p5 values in (51,52,53,54,55,56,57,58,59,60) )"
[1] 23:44:16,607 DEBUG SchemaChange - rewrote SQL to alter table t55 partition by list/__MAXWELL__/ subpartition by hash/__MAXWELL__/ subpartitions 5  (partition p0 values in (1,2,3,4,5,6,7,8,9,10), partition p1 values in (11,12,13,14,15,16,17,18,19,20), partition p2 values in (21,22,23,24,25,26,27,28,29,30), partition p3 values in (31,32,33,34,35,36,37,38,39,40), partition p4 values in (41,42,43,44,45,46,47,48,49,50), partition p5 values in (51,52,53,54,55,56,57,58,59,60) )
[1] 23:44:16,607 DEBUG SchemaChange - SQL_PARSE <- "alter table t55 partition by list/__MAXWELL__/ subpartition by hash/__MAXWELL__/ subpartitions 5  (partition p0 values in (1,2,3,4,5,6,7,8,9,10), partition p1 values in (11,12,13,14,15,16,17,18,19,20), partition p2 values in (21,22,23,24,25,26,27,28,29,30), partition p3 values in (31,32,33,34,35,36,37,38,39,40), partition p4 values in (41,42,43,44,45,46,47,48,49,50), partition p5 values in (51,52,53,54,55,56,57,58,59,60) )"
[1] 23:44:16,608 DEBUG SchemaChange - rewrote SQL to alter table t55 partition by list/__MAXWELL__/ subpartition by hash/__MAXWELL__/ subpartitions 5  (/__MAXWELL__/
[1] 23:44:16,608 DEBUG SchemaChange - SQL_PARSE <- "alter table t55 partition by list/__MAXWELL__/ subpartition by hash/__MAXWELL__/ subpartitions 5  (/__MAXWELL__/"
[1] 23:44:16,608 DEBUG SchemaChange - SQL_PARSE ->   (parse (statement (alter_table (alter_table_preamble alter table (table_name (name (id t55)))) (alter_specifications (alter_specification (table_creation_option (partition_by partition by (partition_by_what list (skip_parens /__MAXWELL__/)) (subpartition_by subpartition by (partition_by_what hash (skip_parens /__MAXWELL__/)) subpartitions 5) (partition_definitions ( (skip_parens_inside_partition_definitions /__MAXWELL__/)))))))) <EOF>)
[1] 23:44:16,608 DEBUG SchemaChange - SQL_PARSE <- "alter table t55 partition by list(colint) subpartition by hash(dayofmonth(col1)) subpartitions 2  (partition p0 values in (1,2,3,4,5,6,7,8,9,10), partition p1 values in (11,12,13,14,15,16,17,18,19,20), partition p2 values in (21,22,23,24,25,26,27,28,29,30), partition p3 values in (31,32,33,34,35,36,37,38,39,40), partition p4 values in (41,42,43,44,45,46,47,48,49,50), partition p5 values in (51,52,53,54,55,56,57,58,59,60) )"
[1] 23:44:16,609 DEBUG SchemaChange - rewrote SQL to alter table t55 partition by list/__MAXWELL__/ subpartition by hash(dayofmonth(col1)) subpartitions 2  (partition p0 values in (1,2,3,4,5,6,7,8,9,10), partition p1 values in (11,12,13,14,15,16,17,18,19,20), partition p2 values in (21,22,23,24,25,26,27,28,29,30), partition p3 values in (31,32,33,34,35,36,37,38,39,40), partition p4 values in (41,42,43,44,45,46,47,48,49,50), partition p5 values in (51,52,53,54,55,56,57,58,59,60) )
[1] 23:44:16,609 DEBUG SchemaChange - SQL_PARSE <- "alter table t55 partition by list/__MAXWELL__/ subpartition by hash(dayofmonth(col1)) subpartitions 2  (partition p0 values in (1,2,3,4,5,6,7,8,9,10), partition p1 values in (11,12,13,14,15,16,17,18,19,20), partition p2 values in (21,22,23,24,25,26,27,28,29,30), partition p3 values in (31,32,33,34,35,36,37,38,39,40), partition p4 values in (41,42,43,44,45,46,47,48,49,50), partition p5 values in (51,52,53,54,55,56,57,58,59,60) )"
[1] 23:44:16,609 DEBUG SchemaChange - rewrote SQL to alter table t55 partition by list/__MAXWELL__/ subpartition by hash/__MAXWELL__/ subpartitions 2  (partition p0 values in (1,2,3,4,5,6,7,8,9,10), partition p1 values in (11,12,13,14,15,16,17,18,19,20), partition p2 values in (21,22,23,24,25,26,27,28,29,30), partition p3 values in (31,32,33,34,35,36,37,38,39,40), partition p4 values in (41,42,43,44,45,46,47,48,49,50), partition p5 values in (51,52,53,54,55,56,57,58,59,60) )
[1] 23:44:16,609 DEBUG SchemaChange - SQL_PARSE <- "alter table t55 partition by list/__MAXWELL__/ subpartition by hash/__MAXWELL__/ subpartitions 2  (partition p0 values in (1,2,3,4,5,6,7,8,9,10), partition p1 values in (11,12,13,14,15,16,17,18,19,20), partition p2 values in (21,22,23,24,25,26,27,28,29,30), partition p3 values in (31,32,33,34,35,36,37,38,39,40), partition p4 values in (41,42,43,44,45,46,47,48,49,50), partition p5 values in (51,52,53,54,55,56,57,58,59,60) )"
[1] 23:44:16,609 DEBUG SchemaChange - rewrote SQL to alter table t55 partition by list/__MAXWELL__/ subpartition by hash/__MAXWELL__/ subpartitions 2  (/__MAXWELL__/
[1] 23:44:16,609 DEBUG SchemaChange - SQL_PARSE <- "alter table t55 partition by list/__MAXWELL__/ subpartition by hash/__MAXWELL__/ subpartitions 2  (/__MAXWELL__/"
[1] 23:44:16,610 DEBUG SchemaChange - SQL_PARSE ->   (parse (statement (alter_table (alter_table_preamble alter table (table_name (name (id t55)))) (alter_specifications (alter_specification (table_creation_option (partition_by partition by (partition_by_what list (skip_parens /__MAXWELL__/)) (subpartition_by subpartition by (partition_by_what hash (skip_parens /__MAXWELL__/)) subpartitions 2) (partition_definitions ( (skip_parens_inside_partition_definitions /__MAXWELL__/)))))))) <EOF>)
[1] 23:44:16,610 DEBUG SchemaChange - SQL_PARSE <- "alter table t55 partition by list(colint) subpartition by hash(dayofmonth(col1)) subpartitions 5  (partition p0 values in (1,2,3,4,5,6,7,8,9,10), partition p1 values in (11,12,13,14,15,16,17,18,19,20), partition p2 values in (21,22,23,24,25,26,27,28,29,30), partition p3 values in (31,32,33,34,35,36,37,38,39,40), partition p4 values in (41,42,43,44,45,46,47,48,49,50), partition p5 values in (51,52,53,54,55,56,57,58,59,60) )"
[1] 23:44:16,610 DEBUG SchemaChange - rewrote SQL to alter table t55 partition by list/__MAXWELL__/ subpartition by hash(dayofmonth(col1)) subpartitions 5  (partition p0 values in (1,2,3,4,5,6,7,8,9,10), partition p1 values in (11,12,13,14,15,16,17,18,19,20), partition p2 values in (21,22,23,24,25,26,27,28,29,30), partition p3 values in (31,32,33,34,35,36,37,38,39,40), partition p4 values in (41,42,43,44,45,46,47,48,49,50), partition p5 values in (51,52,53,54,55,56,57,58,59,60) )
[1] 23:44:16,610 DEBUG SchemaChange - SQL_PARSE <- "alter table t55 partition by list/__MAXWELL__/ subpartition by hash(dayofmonth(col1)) subpartitions 5  (partition p0 values in (1,2,3,4,5,6,7,8,9,10), partition p1 values in (11,12,13,14,15,16,17,18,19,20), partition p2 values in (21,22,23,24,25,26,27,28,29,30), partition p3 values in (31,32,33,34,35,36,37,38,39,40), partition p4 values in (41,42,43,44,45,46,47,48,49,50), partition p5 values in (51,52,53,54,55,56,57,58,59,60) )"
[1] 23:44:16,610 DEBUG SchemaChange - rewrote SQL to alter table t55 partition by list/__MAXWELL__/ subpartition by hash/__MAXWELL__/ subpartitions 5  (partition p0 values in (1,2,3,4,5,6,7,8,9,10), partition p1 values in (11,12,13,14,15,16,17,18,19,20), partition p2 values in (21,22,23,24,25,26,27,28,29,30), partition p3 values in (31,32,33,34,35,36,37,38,39,40), partition p4 values in (41,42,43,44,45,46,47,48,49,50), partition p5 values in (51,52,53,54,55,56,57,58,59,60) )
[1] 23:44:16,611 DEBUG SchemaChange - SQL_PARSE <- "alter table t55 partition by list/__MAXWELL__/ subpartition by hash/__MAXWELL__/ subpartitions 5  (partition p0 values in (1,2,3,4,5,6,7,8,9,10), partition p1 values in (11,12,13,14,15,16,17,18,19,20), partition p2 values in (21,22,23,24,25,26,27,28,29,30), partition p3 values in (31,32,33,34,35,36,37,38,39,40), partition p4 values in (41,42,43,44,45,46,47,48,49,50), partition p5 values in (51,52,53,54,55,56,57,58,59,60) )"
[1] 23:44:16,611 DEBUG SchemaChange - rewrote SQL to alter table t55 partition by list/__MAXWELL__/ subpartition by hash/__MAXWELL__/ subpartitions 5  (/__MAXWELL__/
[1] 23:44:16,611 DEBUG SchemaChange - SQL_PARSE <- "alter table t55 partition by list/__MAXWELL__/ subpartition by hash/__MAXWELL__/ subpartitions 5  (/__MAXWELL__/"
[1] 23:44:16,611 DEBUG SchemaChange - SQL_PARSE ->   (parse (statement (alter_table (alter_table_preamble alter table (table_name (name (id t55)))) (alter_specifications (alter_specification (table_creation_option (partition_by partition by (partition_by_what list (skip_parens /__MAXWELL__/)) (subpartition_by subpartition by (partition_by_what hash (skip_parens /__MAXWELL__/)) subpartitions 5) (partition_definitions ( (skip_parens_inside_partition_definitions /__MAXWELL__/)))))))) <EOF>)
[1] 23:44:16,611 DEBUG SchemaChange - SQL_PARSE <- "alter table t55 partition by list(colint) subpartition by hash(dayofweek(col1)) subpartitions 2  (partition p0 values in (1,2,3,4,5,6,7,8,9,10), partition p1 values in (11,12,13,14,15,16,17,18,19,20), partition p2 values in (21,22,23,24,25,26,27,28,29,30), partition p3 values in (31,32,33,34,35,36,37,38,39,40), partition p4 values in (41,42,43,44,45,46,47,48,49,50), partition p5 values in (51,52,53,54,55,56,57,58,59,60) )"
[1] 23:44:16,612 DEBUG SchemaChange - rewrote SQL to alter table t55 partition by list/__MAXWELL__/ subpartition by hash(dayofweek(col1)) subpartitions 2  (partition p0 values in (1,2,3,4,5,6,7,8,9,10), partition p1 values in (11,12,13,14,15,16,17,18,19,20), partition p2 values in (21,22,23,24,25,26,27,28,29,30), partition p3 values in (31,32,33,34,35,36,37,38,39,40), partition p4 values in (41,42,43,44,45,46,47,48,49,50), partition p5 values in (51,52,53,54,55,56,57,58,59,60) )
[1] 23:44:16,612 DEBUG SchemaChange - SQL_PARSE <- "alter table t55 partition by list/__MAXWELL__/ subpartition by hash(dayofweek(col1)) subpartitions 2  (partition p0 values in (1,2,3,4,5,6,7,8,9,10), partition p1 values in (11,12,13,14,15,16,17,18,19,20), partition p2 values in (21,22,23,24,25,26,27,28,29,30), partition p3 values in (31,32,33,34,35,36,37,38,39,40), partition p4 values in (41,42,43,44,45,46,47,48,49,50), partition p5 values in (51,52,53,54,55,56,57,58,59,60) )"
[1] 23:44:16,612 DEBUG SchemaChange - rewrote SQL to alter table t55 partition by list/__MAXWELL__/ subpartition by hash/__MAXWELL__/ subpartitions 2  (partition p0 values in (1,2,3,4,5,6,7,8,9,10), partition p1 values in (11,12,13,14,15,16,17,18,19,20), partition p2 values in (21,22,23,24,25,26,27,28,29,30), partition p3 values in (31,32,33,34,35,36,37,38,39,40), partition p4 values in (41,42,43,44,45,46,47,48,49,50), partition p5 values in (51,52,53,54,55,56,57,58,59,60) )
[1] 23:44:16,612 DEBUG SchemaChange - SQL_PARSE <- "alter table t55 partition by list/__MAXWELL__/ subpartition by hash/__MAXWELL__/ subpartitions 2  (partition p0 values in (1,2,3,4,5,6,7,8,9,10), partition p1 values in (11,12,13,14,15,16,17,18,19,20), partition p2 values in (21,22,23,24,25,26,27,28,29,30), partition p3 values in (31,32,33,34,35,36,37,38,39,40), partition p4 values in (41,42,43,44,45,46,47,48,49,50), partition p5 values in (51,52,53,54,55,56,57,58,59,60) )"
[1] 23:44:16,612 DEBUG SchemaChange - rewrote SQL to alter table t55 partition by list/__MAXWELL__/ subpartition by hash/__MAXWELL__/ subpartitions 2  (/__MAXWELL__/
[1] 23:44:16,612 DEBUG SchemaChange - SQL_PARSE <- "alter table t55 partition by list/__MAXWELL__/ subpartition by hash/__MAXWELL__/ subpartitions 2  (/__MAXWELL__/"
[1] 23:44:16,613 DEBUG SchemaChange - SQL_PARSE ->   (parse (statement (alter_table (alter_table_preamble alter table (table_name (name (id t55)))) (alter_specifications (alter_specification (table_creation_option (partition_by partition by (partition_by_what list (skip_parens /__MAXWELL__/)) (subpartition_by subpartition by (partition_by_what hash (skip_parens /__MAXWELL__/)) subpartitions 2) (partition_definitions ( (skip_parens_inside_partition_definitions /__MAXWELL__/)))))))) <EOF>)
[1] 23:44:16,613 DEBUG SchemaChange - SQL_PARSE <- "alter table t55 partition by list(colint) subpartition by hash(dayofweek(col1)) subpartitions 5  (partition p0 values in (1,2,3,4,5,6,7,8,9,10), partition p1 values in (11,12,13,14,15,16,17,18,19,20), partition p2 values in (21,22,23,24,25,26,27,28,29,30), partition p3 values in (31,32,33,34,35,36,37,38,39,40), partition p4 values in (41,42,43,44,45,46,47,48,49,50), partition p5 values in (51,52,53,54,55,56,57,58,59,60) )"
[1] 23:44:16,613 DEBUG SchemaChange - rewrote SQL to alter table t55 partition by list/__MAXWELL__/ subpartition by hash(dayofweek(col1)) subpartitions 5  (partition p0 values in (1,2,3,4,5,6,7,8,9,10), partition p1 values in (11,12,13,14,15,16,17,18,19,20), partition p2 values in (21,22,23,24,25,26,27,28,29,30), partition p3 values in (31,32,33,34,35,36,37,38,39,40), partition p4 values in (41,42,43,44,45,46,47,48,49,50), partition p5 values in (51,52,53,54,55,56,57,58,59,60) )
[1] 23:44:16,613 DEBUG SchemaChange - SQL_PARSE <- "alter table t55 partition by list/__MAXWELL__/ subpartition by hash(dayofweek(col1)) subpartitions 5  (partition p0 values in (1,2,3,4,5,6,7,8,9,10), partition p1 values in (11,12,13,14,15,16,17,18,19,20), partition p2 values in (21,22,23,24,25,26,27,28,29,30), partition p3 values in (31,32,33,34,35,36,37,38,39,40), partition p4 values in (41,42,43,44,45,46,47,48,49,50), partition p5 values in (51,52,53,54,55,56,57,58,59,60) )"
[1] 23:44:16,614 DEBUG SchemaChange - rewrote SQL to alter table t55 partition by list/__MAXWELL__/ subpartition by hash/__MAXWELL__/ subpartitions 5  (partition p0 values in (1,2,3,4,5,6,7,8,9,10), partition p1 values in (11,12,13,14,15,16,17,18,19,20), partition p2 values in (21,22,23,24,25,26,27,28,29,30), partition p3 values in (31,32,33,34,35,36,37,38,39,40), partition p4 values in (41,42,43,44,45,46,47,48,49,50), partition p5 values in (51,52,53,54,55,56,57,58,59,60) )
[1] 23:44:16,614 DEBUG SchemaChange - SQL_PARSE <- "alter table t55 partition by list/__MAXWELL__/ subpartition by hash/__MAXWELL__/ subpartitions 5  (partition p0 values in (1,2,3,4,5,6,7,8,9,10), partition p1 values in (11,12,13,14,15,16,17,18,19,20), partition p2 values in (21,22,23,24,25,26,27,28,29,30), partition p3 values in (31,32,33,34,35,36,37,38,39,40), partition p4 values in (41,42,43,44,45,46,47,48,49,50), partition p5 values in (51,52,53,54,55,56,57,58,59,60) )"
[1] 23:44:16,614 DEBUG SchemaChange - rewrote SQL to alter table t55 partition by list/__MAXWELL__/ subpartition by hash/__MAXWELL__/ subpartitions 5  (/__MAXWELL__/
[1] 23:44:16,614 DEBUG SchemaChange - SQL_PARSE <- "alter table t55 partition by list/__MAXWELL__/ subpartition by hash/__MAXWELL__/ subpartitions 5  (/__MAXWELL__/"
[1] 23:44:16,614 DEBUG SchemaChange - SQL_PARSE ->   (parse (statement (alter_table (alter_table_preamble alter table (table_name (name (id t55)))) (alter_specifications (alter_specification (table_creation_option (partition_by partition by (partition_by_what list (skip_parens /__MAXWELL__/)) (subpartition_by subpartition by (partition_by_what hash (skip_parens /__MAXWELL__/)) subpartitions 5) (partition_definitions ( (skip_parens_inside_partition_definitions /__MAXWELL__/)))))))) <EOF>)
[1] 23:44:16,615 DEBUG SchemaChange - SQL_PARSE <- "alter table t55 partition by list(colint) subpartition by hash(dayofyear(col1)) subpartitions 2  (partition p0 values in (1,2,3,4,5,6,7,8,9,10), partition p1 values in (11,12,13,14,15,16,17,18,19,20), partition p2 values in (21,22,23,24,25,26,27,28,29,30), partition p3 values in (31,32,33,34,35,36,37,38,39,40), partition p4 values in (41,42,43,44,45,46,47,48,49,50), partition p5 values in (51,52,53,54,55,56,57,58,59,60) )"
[1] 23:44:16,615 DEBUG SchemaChange - rewrote SQL to alter table t55 partition by list/__MAXWELL__/ subpartition by hash(dayofyear(col1)) subpartitions 2  (partition p0 values in (1,2,3,4,5,6,7,8,9,10), partition p1 values in (11,12,13,14,15,16,17,18,19,20), partition p2 values in (21,22,23,24,25,26,27,28,29,30), partition p3 values in (31,32,33,34,35,36,37,38,39,40), partition p4 values in (41,42,43,44,45,46,47,48,49,50), partition p5 values in (51,52,53,54,55,56,57,58,59,60) )
[1] 23:44:16,615 DEBUG SchemaChange - SQL_PARSE <- "alter table t55 partition by list/__MAXWELL__/ subpartition by hash(dayofyear(col1)) subpartitions 2  (partition p0 values in (1,2,3,4,5,6,7,8,9,10), partition p1 values in (11,12,13,14,15,16,17,18,19,20), partition p2 values in (21,22,23,24,25,26,27,28,29,30), partition p3 values in (31,32,33,34,35,36,37,38,39,40), partition p4 values in (41,42,43,44,45,46,47,48,49,50), partition p5 values in (51,52,53,54,55,56,57,58,59,60) )"
[1] 23:44:16,615 DEBUG SchemaChange - rewrote SQL to alter table t55 partition by list/__MAXWELL__/ subpartition by hash/__MAXWELL__/ subpartitions 2  (partition p0 values in (1,2,3,4,5,6,7,8,9,10), partition p1 values in (11,12,13,14,15,16,17,18,19,20), partition p2 values in (21,22,23,24,25,26,27,28,29,30), partition p3 values in (31,32,33,34,35,36,37,38,39,40), partition p4 values in (41,42,43,44,45,46,47,48,49,50), partition p5 values in (51,52,53,54,55,56,57,58,59,60) )
[1] 23:44:16,615 DEBUG SchemaChange - SQL_PARSE <- "alter table t55 partition by list/__MAXWELL__/ subpartition by hash/__MAXWELL__/ subpartitions 2  (partition p0 values in (1,2,3,4,5,6,7,8,9,10), partition p1 values in (11,12,13,14,15,16,17,18,19,20), partition p2 values in (21,22,23,24,25,26,27,28,29,30), partition p3 values in (31,32,33,34,35,36,37,38,39,40), partition p4 values in (41,42,43,44,45,46,47,48,49,50), partition p5 values in (51,52,53,54,55,56,57,58,59,60) )"
[1] 23:44:16,615 DEBUG SchemaChange - rewrote SQL to alter table t55 partition by list/__MAXWELL__/ subpartition by hash/__MAXWELL__/ subpartitions 2  (/__MAXWELL__/
[1] 23:44:16,615 DEBUG SchemaChange - SQL_PARSE <- "alter table t55 partition by list/__MAXWELL__/ subpartition by hash/__MAXWELL__/ subpartitions 2  (/__MAXWELL__/"
[1] 23:44:16,616 DEBUG SchemaChange - SQL_PARSE ->   (parse (statement (alter_table (alter_table_preamble alter table (table_name (name (id t55)))) (alter_specifications (alter_specification (table_creation_option (partition_by partition by (partition_by_what list (skip_parens /__MAXWELL__/)) (subpartition_by subpartition by (partition_by_what hash (skip_parens /__MAXWELL__/)) subpartitions 2) (partition_definitions ( (skip_parens_inside_partition_definitions /__MAXWELL__/)))))))) <EOF>)
[1] 23:44:16,616 DEBUG SchemaChange - SQL_PARSE <- "alter table t55 partition by list(colint) subpartition by hash(dayofyear(col1)) subpartitions 5  (partition p0 values in (1,2,3,4,5,6,7,8,9,10), partition p1 values in (11,12,13,14,15,16,17,18,19,20), partition p2 values in (21,22,23,24,25,26,27,28,29,30), partition p3 values in (31,32,33,34,35,36,37,38,39,40), partition p4 values in (41,42,43,44,45,46,47,48,49,50), partition p5 values in (51,52,53,54,55,56,57,58,59,60) )"
[1] 23:44:16,616 DEBUG SchemaChange - rewrote SQL to alter table t55 partition by list/__MAXWELL__/ subpartition by hash(dayofyear(col1)) subpartitions 5  (partition p0 values in (1,2,3,4,5,6,7,8,9,10), partition p1 values in (11,12,13,14,15,16,17,18,19,20), partition p2 values in (21,22,23,24,25,26,27,28,29,30), partition p3 values in (31,32,33,34,35,36,37,38,39,40), partition p4 values in (41,42,43,44,45,46,47,48,49,50), partition p5 values in (51,52,53,54,55,56,57,58,59,60) )
[1] 23:44:16,616 DEBUG SchemaChange - SQL_PARSE <- "alter table t55 partition by list/__MAXWELL__/ subpartition by hash(dayofyear(col1)) subpartitions 5  (partition p0 values in (1,2,3,4,5,6,7,8,9,10), partition p1 values in (11,12,13,14,15,16,17,18,19,20), partition p2 values in (21,22,23,24,25,26,27,28,29,30), partition p3 values in (31,32,33,34,35,36,37,38,39,40), partition p4 values in (41,42,43,44,45,46,47,48,49,50), partition p5 values in (51,52,53,54,55,56,57,58,59,60) )"
[1] 23:44:16,617 DEBUG SchemaChange - rewrote SQL to alter table t55 partition by list/__MAXWELL__/ subpartition by hash/__MAXWELL__/ subpartitions 5  (partition p0 values in (1,2,3,4,5,6,7,8,9,10), partition p1 values in (11,12,13,14,15,16,17,18,19,20), partition p2 values in (21,22,23,24,25,26,27,28,29,30), partition p3 values in (31,32,33,34,35,36,37,38,39,40), partition p4 values in (41,42,43,44,45,46,47,48,49,50), partition p5 values in (51,52,53,54,55,56,57,58,59,60) )
[1] 23:44:16,617 DEBUG SchemaChange - SQL_PARSE <- "alter table t55 partition by list/__MAXWELL__/ subpartition by hash/__MAXWELL__/ subpartitions 5  (partition p0 values in (1,2,3,4,5,6,7,8,9,10), partition p1 values in (11,12,13,14,15,16,17,18,19,20), partition p2 values in (21,22,23,24,25,26,27,28,29,30), partition p3 values in (31,32,33,34,35,36,37,38,39,40), partition p4 values in (41,42,43,44,45,46,47,48,49,50), partition p5 values in (51,52,53,54,55,56,57,58,59,60) )"
[1] 23:44:16,617 DEBUG SchemaChange - rewrote SQL to alter table t55 partition by list/__MAXWELL__/ subpartition by hash/__MAXWELL__/ subpartitions 5  (/__MAXWELL__/
[1] 23:44:16,617 DEBUG SchemaChange - SQL_PARSE <- "alter table t55 partition by list/__MAXWELL__/ subpartition by hash/__MAXWELL__/ subpartitions 5  (/__MAXWELL__/"
[1] 23:44:16,617 DEBUG SchemaChange - SQL_PARSE ->   (parse (statement (alter_table (alter_table_preamble alter table (table_name (name (id t55)))) (alter_specifications (alter_specification (table_creation_option (partition_by partition by (partition_by_what list (skip_parens /__MAXWELL__/)) (subpartition_by subpartition by (partition_by_what hash (skip_parens /__MAXWELL__/)) subpartitions 5) (partition_definitions ( (skip_parens_inside_partition_definitions /__MAXWELL__/)))))))) <EOF>)
[1] 23:44:16,618 DEBUG SchemaChange - SQL_PARSE <- "alter table t55 partition by list(colint) subpartition by hash(extract(month from col1)) subpartitions 2  (partition p0 values in (1,2,3,4,5,6,7,8,9,10), partition p1 values in (11,12,13,14,15,16,17,18,19,20), partition p2 values in (21,22,23,24,25,26,27,28,29,30), partition p3 values in (31,32,33,34,35,36,37,38,39,40), partition p4 values in (41,42,43,44,45,46,47,48,49,50), partition p5 values in (51,52,53,54,55,56,57,58,59,60) )"
[1] 23:44:16,618 DEBUG SchemaChange - rewrote SQL to alter table t55 partition by list/__MAXWELL__/ subpartition by hash(extract(month from col1)) subpartitions 2  (partition p0 values in (1,2,3,4,5,6,7,8,9,10), partition p1 values in (11,12,13,14,15,16,17,18,19,20), partition p2 values in (21,22,23,24,25,26,27,28,29,30), partition p3 values in (31,32,33,34,35,36,37,38,39,40), partition p4 values in (41,42,43,44,45,46,47,48,49,50), partition p5 values in (51,52,53,54,55,56,57,58,59,60) )
[1] 23:44:16,618 DEBUG SchemaChange - SQL_PARSE <- "alter table t55 partition by list/__MAXWELL__/ subpartition by hash(extract(month from col1)) subpartitions 2  (partition p0 values in (1,2,3,4,5,6,7,8,9,10), partition p1 values in (11,12,13,14,15,16,17,18,19,20), partition p2 values in (21,22,23,24,25,26,27,28,29,30), partition p3 values in (31,32,33,34,35,36,37,38,39,40), partition p4 values in (41,42,43,44,45,46,47,48,49,50), partition p5 values in (51,52,53,54,55,56,57,58,59,60) )"
[1] 23:44:16,618 DEBUG SchemaChange - rewrote SQL to alter table t55 partition by list/__MAXWELL__/ subpartition by hash/__MAXWELL__/ subpartitions 2  (partition p0 values in (1,2,3,4,5,6,7,8,9,10), partition p1 values in (11,12,13,14,15,16,17,18,19,20), partition p2 values in (21,22,23,24,25,26,27,28,29,30), partition p3 values in (31,32,33,34,35,36,37,38,39,40), partition p4 values in (41,42,43,44,45,46,47,48,49,50), partition p5 values in (51,52,53,54,55,56,57,58,59,60) )
[1] 23:44:16,618 DEBUG SchemaChange - SQL_PARSE <- "alter table t55 partition by list/__MAXWELL__/ subpartition by hash/__MAXWELL__/ subpartitions 2  (partition p0 values in (1,2,3,4,5,6,7,8,9,10), partition p1 values in (11,12,13,14,15,16,17,18,19,20), partition p2 values in (21,22,23,24,25,26,27,28,29,30), partition p3 values in (31,32,33,34,35,36,37,38,39,40), partition p4 values in (41,42,43,44,45,46,47,48,49,50), partition p5 values in (51,52,53,54,55,56,57,58,59,60) )"
[1] 23:44:16,618 DEBUG SchemaChange - rewrote SQL to alter table t55 partition by list/__MAXWELL__/ subpartition by hash/__MAXWELL__/ subpartitions 2  (/__MAXWELL__/
[1] 23:44:16,618 DEBUG SchemaChange - SQL_PARSE <- "alter table t55 partition by list/__MAXWELL__/ subpartition by hash/__MAXWELL__/ subpartitions 2  (/__MAXWELL__/"
[1] 23:44:16,619 DEBUG SchemaChange - SQL_PARSE ->   (parse (statement (alter_table (alter_table_preamble alter table (table_name (name (id t55)))) (alter_specifications (alter_specification (table_creation_option (partition_by partition by (partition_by_what list (skip_parens /__MAXWELL__/)) (subpartition_by subpartition by (partition_by_what hash (skip_parens /__MAXWELL__/)) subpartitions 2) (partition_definitions ( (skip_parens_inside_partition_definitions /__MAXWELL__/)))))))) <EOF>)
[1] 23:44:16,619 DEBUG SchemaChange - SQL_PARSE <- "alter table t55 partition by list(colint) subpartition by hash(extract(month from col1)) subpartitions 5  (partition p0 values in (1,2,3,4,5,6,7,8,9,10), partition p1 values in (11,12,13,14,15,16,17,18,19,20), partition p2 values in (21,22,23,24,25,26,27,28,29,30), partition p3 values in (31,32,33,34,35,36,37,38,39,40), partition p4 values in (41,42,43,44,45,46,47,48,49,50), partition p5 values in (51,52,53,54,55,56,57,58,59,60) )"
[1] 23:44:16,619 DEBUG SchemaChange - rewrote SQL to alter table t55 partition by list/__MAXWELL__/ subpartition by hash(extract(month from col1)) subpartitions 5  (partition p0 values in (1,2,3,4,5,6,7,8,9,10), partition p1 values in (11,12,13,14,15,16,17,18,19,20), partition p2 values in (21,22,23,24,25,26,27,28,29,30), partition p3 values in (31,32,33,34,35,36,37,38,39,40), partition p4 values in (41,42,43,44,45,46,47,48,49,50), partition p5 values in (51,52,53,54,55,56,57,58,59,60) )
[1] 23:44:16,619 DEBUG SchemaChange - SQL_PARSE <- "alter table t55 partition by list/__MAXWELL__/ subpartition by hash(extract(month from col1)) subpartitions 5  (partition p0 values in (1,2,3,4,5,6,7,8,9,10), partition p1 values in (11,12,13,14,15,16,17,18,19,20), partition p2 values in (21,22,23,24,25,26,27,28,29,30), partition p3 values in (31,32,33,34,35,36,37,38,39,40), partition p4 values in (41,42,43,44,45,46,47,48,49,50), partition p5 values in (51,52,53,54,55,56,57,58,59,60) )"
[1] 23:44:16,620 DEBUG SchemaChange - rewrote SQL to alter table t55 partition by list/__MAXWELL__/ subpartition by hash/__MAXWELL__/ subpartitions 5  (partition p0 values in (1,2,3,4,5,6,7,8,9,10), partition p1 values in (11,12,13,14,15,16,17,18,19,20), partition p2 values in (21,22,23,24,25,26,27,28,29,30), partition p3 values in (31,32,33,34,35,36,37,38,39,40), partition p4 values in (41,42,43,44,45,46,47,48,49,50), partition p5 values in (51,52,53,54,55,56,57,58,59,60) )
[1] 23:44:16,620 DEBUG SchemaChange - SQL_PARSE <- "alter table t55 partition by list/__MAXWELL__/ subpartition by hash/__MAXWELL__/ subpartitions 5  (partition p0 values in (1,2,3,4,5,6,7,8,9,10), partition p1 values in (11,12,13,14,15,16,17,18,19,20), partition p2 values in (21,22,23,24,25,26,27,28,29,30), partition p3 values in (31,32,33,34,35,36,37,38,39,40), partition p4 values in (41,42,43,44,45,46,47,48,49,50), partition p5 values in (51,52,53,54,55,56,57,58,59,60) )"
[1] 23:44:16,620 DEBUG SchemaChange - rewrote SQL to alter table t55 partition by list/__MAXWELL__/ subpartition by hash/__MAXWELL__/ subpartitions 5  (/__MAXWELL__/
[1] 23:44:16,620 DEBUG SchemaChange - SQL_PARSE <- "alter table t55 partition by list/__MAXWELL__/ subpartition by hash/__MAXWELL__/ subpartitions 5  (/__MAXWELL__/"
[1] 23:44:16,621 DEBUG SchemaChange - SQL_PARSE ->   (parse (statement (alter_table (alter_table_preamble alter table (table_name (name (id t55)))) (alter_specifications (alter_specification (table_creation_option (partition_by partition by (partition_by_what list (skip_parens /__MAXWELL__/)) (subpartition_by subpartition by (partition_by_what hash (skip_parens /__MAXWELL__/)) subpartitions 5) (partition_definitions ( (skip_parens_inside_partition_definitions /__MAXWELL__/)))))))) <EOF>)
[1] 23:44:16,621 DEBUG SchemaChange - SQL_PARSE <- "alter table t55 partition by list(colint) subpartition by hash(hour(col1)) subpartitions 2  (partition p0 values in (1,2,3,4,5,6,7,8,9,10), partition p1 values in (11,12,13,14,15,16,17,18,19,20), partition p2 values in (21,22,23,24,25,26,27,28,29,30), partition p3 values in (31,32,33,34,35,36,37,38,39,40), partition p4 values in (41,42,43,44,45,46,47,48,49,50), partition p5 values in (51,52,53,54,55,56,57,58,59,60) )"
[1] 23:44:16,621 DEBUG SchemaChange - rewrote SQL to alter table t55 partition by list/__MAXWELL__/ subpartition by hash(hour(col1)) subpartitions 2  (partition p0 values in (1,2,3,4,5,6,7,8,9,10), partition p1 values in (11,12,13,14,15,16,17,18,19,20), partition p2 values in (21,22,23,24,25,26,27,28,29,30), partition p3 values in (31,32,33,34,35,36,37,38,39,40), partition p4 values in (41,42,43,44,45,46,47,48,49,50), partition p5 values in (51,52,53,54,55,56,57,58,59,60) )
[1] 23:44:16,621 DEBUG SchemaChange - SQL_PARSE <- "alter table t55 partition by list/__MAXWELL__/ subpartition by hash(hour(col1)) subpartitions 2  (partition p0 values in (1,2,3,4,5,6,7,8,9,10), partition p1 values in (11,12,13,14,15,16,17,18,19,20), partition p2 values in (21,22,23,24,25,26,27,28,29,30), partition p3 values in (31,32,33,34,35,36,37,38,39,40), partition p4 values in (41,42,43,44,45,46,47,48,49,50), partition p5 values in (51,52,53,54,55,56,57,58,59,60) )"
[1] 23:44:16,621 DEBUG SchemaChange - rewrote SQL to alter table t55 partition by list/__MAXWELL__/ subpartition by hash/__MAXWELL__/ subpartitions 2  (partition p0 values in (1,2,3,4,5,6,7,8,9,10), partition p1 values in (11,12,13,14,15,16,17,18,19,20), partition p2 values in (21,22,23,24,25,26,27,28,29,30), partition p3 values in (31,32,33,34,35,36,37,38,39,40), partition p4 values in (41,42,43,44,45,46,47,48,49,50), partition p5 values in (51,52,53,54,55,56,57,58,59,60) )
[1] 23:44:16,621 DEBUG SchemaChange - SQL_PARSE <- "alter table t55 partition by list/__MAXWELL__/ subpartition by hash/__MAXWELL__/ subpartitions 2  (partition p0 values in (1,2,3,4,5,6,7,8,9,10), partition p1 values in (11,12,13,14,15,16,17,18,19,20), partition p2 values in (21,22,23,24,25,26,27,28,29,30), partition p3 values in (31,32,33,34,35,36,37,38,39,40), partition p4 values in (41,42,43,44,45,46,47,48,49,50), partition p5 values in (51,52,53,54,55,56,57,58,59,60) )"
[1] 23:44:16,622 DEBUG SchemaChange - rewrote SQL to alter table t55 partition by list/__MAXWELL__/ subpartition by hash/__MAXWELL__/ subpartitions 2  (/__MAXWELL__/
[1] 23:44:16,622 DEBUG SchemaChange - SQL_PARSE <- "alter table t55 partition by list/__MAXWELL__/ subpartition by hash/__MAXWELL__/ subpartitions 2  (/__MAXWELL__/"
[1] 23:44:16,622 DEBUG SchemaChange - SQL_PARSE ->   (parse (statement (alter_table (alter_table_preamble alter table (table_name (name (id t55)))) (alter_specifications (alter_specification (table_creation_option (partition_by partition by (partition_by_what list (skip_parens /__MAXWELL__/)) (subpartition_by subpartition by (partition_by_what hash (skip_parens /__MAXWELL__/)) subpartitions 2) (partition_definitions ( (skip_parens_inside_partition_definitions /__MAXWELL__/)))))))) <EOF>)
[1] 23:44:16,622 DEBUG SchemaChange - SQL_PARSE <- "alter table t55 partition by list(colint) subpartition by hash(hour(col1)) subpartitions 5  (partition p0 values in (1,2,3,4,5,6,7,8,9,10), partition p1 values in (11,12,13,14,15,16,17,18,19,20), partition p2 values in (21,22,23,24,25,26,27,28,29,30), partition p3 values in (31,32,33,34,35,36,37,38,39,40), partition p4 values in (41,42,43,44,45,46,47,48,49,50), partition p5 values in (51,52,53,54,55,56,57,58,59,60) )"
[1] 23:44:16,622 DEBUG SchemaChange - rewrote SQL to alter table t55 partition by list/__MAXWELL__/ subpartition by hash(hour(col1)) subpartitions 5  (partition p0 values in (1,2,3,4,5,6,7,8,9,10), partition p1 values in (11,12,13,14,15,16,17,18,19,20), partition p2 values in (21,22,23,24,25,26,27,28,29,30), partition p3 values in (31,32,33,34,35,36,37,38,39,40), partition p4 values in (41,42,43,44,45,46,47,48,49,50), partition p5 values in (51,52,53,54,55,56,57,58,59,60) )
[1] 23:44:16,622 DEBUG SchemaChange - SQL_PARSE <- "alter table t55 partition by list/__MAXWELL__/ subpartition by hash(hour(col1)) subpartitions 5  (partition p0 values in (1,2,3,4,5,6,7,8,9,10), partition p1 values in (11,12,13,14,15,16,17,18,19,20), partition p2 values in (21,22,23,24,25,26,27,28,29,30), partition p3 values in (31,32,33,34,35,36,37,38,39,40), partition p4 values in (41,42,43,44,45,46,47,48,49,50), partition p5 values in (51,52,53,54,55,56,57,58,59,60) )"
[1] 23:44:16,623 DEBUG SchemaChange - rewrote SQL to alter table t55 partition by list/__MAXWELL__/ subpartition by hash/__MAXWELL__/ subpartitions 5  (partition p0 values in (1,2,3,4,5,6,7,8,9,10), partition p1 values in (11,12,13,14,15,16,17,18,19,20), partition p2 values in (21,22,23,24,25,26,27,28,29,30), partition p3 values in (31,32,33,34,35,36,37,38,39,40), partition p4 values in (41,42,43,44,45,46,47,48,49,50), partition p5 values in (51,52,53,54,55,56,57,58,59,60) )
[1] 23:44:16,623 DEBUG SchemaChange - SQL_PARSE <- "alter table t55 partition by list/__MAXWELL__/ subpartition by hash/__MAXWELL__/ subpartitions 5  (partition p0 values in (1,2,3,4,5,6,7,8,9,10), partition p1 values in (11,12,13,14,15,16,17,18,19,20), partition p2 values in (21,22,23,24,25,26,27,28,29,30), partition p3 values in (31,32,33,34,35,36,37,38,39,40), partition p4 values in (41,42,43,44,45,46,47,48,49,50), partition p5 values in (51,52,53,54,55,56,57,58,59,60) )"
[1] 23:44:16,623 DEBUG SchemaChange - rewrote SQL to alter table t55 partition by list/__MAXWELL__/ subpartition by hash/__MAXWELL__/ subpartitions 5  (/__MAXWELL__/
[1] 23:44:16,623 DEBUG SchemaChange - SQL_PARSE <- "alter table t55 partition by list/__MAXWELL__/ subpartition by hash/__MAXWELL__/ subpartitions 5  (/__MAXWELL__/"
[1] 23:44:16,623 DEBUG SchemaChange - SQL_PARSE ->   (parse (statement (alter_table (alter_table_preamble alter table (table_name (name (id t55)))) (alter_specifications (alter_specification (table_creation_option (partition_by partition by (partition_by_what list (skip_parens /__MAXWELL__/)) (subpartition_by subpartition by (partition_by_what hash (skip_parens /__MAXWELL__/)) subpartitions 5) (partition_definitions ( (skip_parens_inside_partition_definitions /__MAXWELL__/)))))))) <EOF>)
[1] 23:44:16,624 DEBUG SchemaChange - SQL_PARSE <- "alter table t55 partition by list(colint) subpartition by hash(microsecond(col1)) subpartitions 2  (partition p0 values in (1,2,3,4,5,6,7,8,9,10), partition p1 values in (11,12,13,14,15,16,17,18,19,20), partition p2 values in (21,22,23,24,25,26,27,28,29,30), partition p3 values in (31,32,33,34,35,36,37,38,39,40), partition p4 values in (41,42,43,44,45,46,47,48,49,50), partition p5 values in (51,52,53,54,55,56,57,58,59,60) )"
[1] 23:44:16,624 DEBUG SchemaChange - rewrote SQL to alter table t55 partition by list/__MAXWELL__/ subpartition by hash(microsecond(col1)) subpartitions 2  (partition p0 values in (1,2,3,4,5,6,7,8,9,10), partition p1 values in (11,12,13,14,15,16,17,18,19,20), partition p2 values in (21,22,23,24,25,26,27,28,29,30), partition p3 values in (31,32,33,34,35,36,37,38,39,40), partition p4 values in (41,42,43,44,45,46,47,48,49,50), partition p5 values in (51,52,53,54,55,56,57,58,59,60) )
[1] 23:44:16,624 DEBUG SchemaChange - SQL_PARSE <- "alter table t55 partition by list/__MAXWELL__/ subpartition by hash(microsecond(col1)) subpartitions 2  (partition p0 values in (1,2,3,4,5,6,7,8,9,10), partition p1 values in (11,12,13,14,15,16,17,18,19,20), partition p2 values in (21,22,23,24,25,26,27,28,29,30), partition p3 values in (31,32,33,34,35,36,37,38,39,40), partition p4 values in (41,42,43,44,45,46,47,48,49,50), partition p5 values in (51,52,53,54,55,56,57,58,59,60) )"
[1] 23:44:16,624 DEBUG SchemaChange - rewrote SQL to alter table t55 partition by list/__MAXWELL__/ subpartition by hash/__MAXWELL__/ subpartitions 2  (partition p0 values in (1,2,3,4,5,6,7,8,9,10), partition p1 values in (11,12,13,14,15,16,17,18,19,20), partition p2 values in (21,22,23,24,25,26,27,28,29,30), partition p3 values in (31,32,33,34,35,36,37,38,39,40), partition p4 values in (41,42,43,44,45,46,47,48,49,50), partition p5 values in (51,52,53,54,55,56,57,58,59,60) )
[1] 23:44:16,624 DEBUG SchemaChange - SQL_PARSE <- "alter table t55 partition by list/__MAXWELL__/ subpartition by hash/__MAXWELL__/ subpartitions 2  (partition p0 values in (1,2,3,4,5,6,7,8,9,10), partition p1 values in (11,12,13,14,15,16,17,18,19,20), partition p2 values in (21,22,23,24,25,26,27,28,29,30), partition p3 values in (31,32,33,34,35,36,37,38,39,40), partition p4 values in (41,42,43,44,45,46,47,48,49,50), partition p5 values in (51,52,53,54,55,56,57,58,59,60) )"
[1] 23:44:16,625 DEBUG SchemaChange - rewrote SQL to alter table t55 partition by list/__MAXWELL__/ subpartition by hash/__MAXWELL__/ subpartitions 2  (/__MAXWELL__/
[1] 23:44:16,625 DEBUG SchemaChange - SQL_PARSE <- "alter table t55 partition by list/__MAXWELL__/ subpartition by hash/__MAXWELL__/ subpartitions 2  (/__MAXWELL__/"
[1] 23:44:16,625 DEBUG SchemaChange - SQL_PARSE ->   (parse (statement (alter_table (alter_table_preamble alter table (table_name (name (id t55)))) (alter_specifications (alter_specification (table_creation_option (partition_by partition by (partition_by_what list (skip_parens /__MAXWELL__/)) (subpartition_by subpartition by (partition_by_what hash (skip_parens /__MAXWELL__/)) subpartitions 2) (partition_definitions ( (skip_parens_inside_partition_definitions /__MAXWELL__/)))))))) <EOF>)
[1] 23:44:16,625 DEBUG SchemaChange - SQL_PARSE <- "alter table t55 partition by list(colint) subpartition by hash(microsecond(col1)) subpartitions 5  (partition p0 values in (1,2,3,4,5,6,7,8,9,10), partition p1 values in (11,12,13,14,15,16,17,18,19,20), partition p2 values in (21,22,23,24,25,26,27,28,29,30), partition p3 values in (31,32,33,34,35,36,37,38,39,40), partition p4 values in (41,42,43,44,45,46,47,48,49,50), partition p5 values in (51,52,53,54,55,56,57,58,59,60) )"
[1] 23:44:16,625 DEBUG SchemaChange - rewrote SQL to alter table t55 partition by list/__MAXWELL__/ subpartition by hash(microsecond(col1)) subpartitions 5  (partition p0 values in (1,2,3,4,5,6,7,8,9,10), partition p1 values in (11,12,13,14,15,16,17,18,19,20), partition p2 values in (21,22,23,24,25,26,27,28,29,30), partition p3 values in (31,32,33,34,35,36,37,38,39,40), partition p4 values in (41,42,43,44,45,46,47,48,49,50), partition p5 values in (51,52,53,54,55,56,57,58,59,60) )
[1] 23:44:16,626 DEBUG SchemaChange - SQL_PARSE <- "alter table t55 partition by list/__MAXWELL__/ subpartition by hash(microsecond(col1)) subpartitions 5  (partition p0 values in (1,2,3,4,5,6,7,8,9,10), partition p1 values in (11,12,13,14,15,16,17,18,19,20), partition p2 values in (21,22,23,24,25,26,27,28,29,30), partition p3 values in (31,32,33,34,35,36,37,38,39,40), partition p4 values in (41,42,43,44,45,46,47,48,49,50), partition p5 values in (51,52,53,54,55,56,57,58,59,60) )"
[1] 23:44:16,626 DEBUG SchemaChange - rewrote SQL to alter table t55 partition by list/__MAXWELL__/ subpartition by hash/__MAXWELL__/ subpartitions 5  (partition p0 values in (1,2,3,4,5,6,7,8,9,10), partition p1 values in (11,12,13,14,15,16,17,18,19,20), partition p2 values in (21,22,23,24,25,26,27,28,29,30), partition p3 values in (31,32,33,34,35,36,37,38,39,40), partition p4 values in (41,42,43,44,45,46,47,48,49,50), partition p5 values in (51,52,53,54,55,56,57,58,59,60) )
[1] 23:44:16,626 DEBUG SchemaChange - SQL_PARSE <- "alter table t55 partition by list/__MAXWELL__/ subpartition by hash/__MAXWELL__/ subpartitions 5  (partition p0 values in (1,2,3,4,5,6,7,8,9,10), partition p1 values in (11,12,13,14,15,16,17,18,19,20), partition p2 values in (21,22,23,24,25,26,27,28,29,30), partition p3 values in (31,32,33,34,35,36,37,38,39,40), partition p4 values in (41,42,43,44,45,46,47,48,49,50), partition p5 values in (51,52,53,54,55,56,57,58,59,60) )"
[1] 23:44:16,626 DEBUG SchemaChange - rewrote SQL to alter table t55 partition by list/__MAXWELL__/ subpartition by hash/__MAXWELL__/ subpartitions 5  (/__MAXWELL__/
[1] 23:44:16,626 DEBUG SchemaChange - SQL_PARSE <- "alter table t55 partition by list/__MAXWELL__/ subpartition by hash/__MAXWELL__/ subpartitions 5  (/__MAXWELL__/"
[1] 23:44:16,627 DEBUG SchemaChange - SQL_PARSE ->   (parse (statement (alter_table (alter_table_preamble alter table (table_name (name (id t55)))) (alter_specifications (alter_specification (table_creation_option (partition_by partition by (partition_by_what list (skip_parens /__MAXWELL__/)) (subpartition_by subpartition by (partition_by_what hash (skip_parens /__MAXWELL__/)) subpartitions 5) (partition_definitions ( (skip_parens_inside_partition_definitions /__MAXWELL__/)))))))) <EOF>)
[1] 23:44:16,627 DEBUG SchemaChange - SQL_PARSE <- "alter table t55 partition by list(colint) subpartition by hash(minute(col1)) subpartitions 2  (partition p0 values in (1,2,3,4,5,6,7,8,9,10), partition p1 values in (11,12,13,14,15,16,17,18,19,20), partition p2 values in (21,22,23,24,25,26,27,28,29,30), partition p3 values in (31,32,33,34,35,36,37,38,39,40), partition p4 values in (41,42,43,44,45,46,47,48,49,50), partition p5 values in (51,52,53,54,55,56,57,58,59,60) )"
[1] 23:44:16,627 DEBUG SchemaChange - rewrote SQL to alter table t55 partition by list/__MAXWELL__/ subpartition by hash(minute(col1)) subpartitions 2  (partition p0 values in (1,2,3,4,5,6,7,8,9,10), partition p1 values in (11,12,13,14,15,16,17,18,19,20), partition p2 values in (21,22,23,24,25,26,27,28,29,30), partition p3 values in (31,32,33,34,35,36,37,38,39,40), partition p4 values in (41,42,43,44,45,46,47,48,49,50), partition p5 values in (51,52,53,54,55,56,57,58,59,60) )
[1] 23:44:16,627 DEBUG SchemaChange - SQL_PARSE <- "alter table t55 partition by list/__MAXWELL__/ subpartition by hash(minute(col1)) subpartitions 2  (partition p0 values in (1,2,3,4,5,6,7,8,9,10), partition p1 values in (11,12,13,14,15,16,17,18,19,20), partition p2 values in (21,22,23,24,25,26,27,28,29,30), partition p3 values in (31,32,33,34,35,36,37,38,39,40), partition p4 values in (41,42,43,44,45,46,47,48,49,50), partition p5 values in (51,52,53,54,55,56,57,58,59,60) )"
[1] 23:44:16,627 DEBUG SchemaChange - rewrote SQL to alter table t55 partition by list/__MAXWELL__/ subpartition by hash/__MAXWELL__/ subpartitions 2  (partition p0 values in (1,2,3,4,5,6,7,8,9,10), partition p1 values in (11,12,13,14,15,16,17,18,19,20), partition p2 values in (21,22,23,24,25,26,27,28,29,30), partition p3 values in (31,32,33,34,35,36,37,38,39,40), partition p4 values in (41,42,43,44,45,46,47,48,49,50), partition p5 values in (51,52,53,54,55,56,57,58,59,60) )
[1] 23:44:16,627 DEBUG SchemaChange - SQL_PARSE <- "alter table t55 partition by list/__MAXWELL__/ subpartition by hash/__MAXWELL__/ subpartitions 2  (partition p0 values in (1,2,3,4,5,6,7,8,9,10), partition p1 values in (11,12,13,14,15,16,17,18,19,20), partition p2 values in (21,22,23,24,25,26,27,28,29,30), partition p3 values in (31,32,33,34,35,36,37,38,39,40), partition p4 values in (41,42,43,44,45,46,47,48,49,50), partition p5 values in (51,52,53,54,55,56,57,58,59,60) )"
[1] 23:44:16,628 DEBUG SchemaChange - rewrote SQL to alter table t55 partition by list/__MAXWELL__/ subpartition by hash/__MAXWELL__/ subpartitions 2  (/__MAXWELL__/
[1] 23:44:16,628 DEBUG SchemaChange - SQL_PARSE <- "alter table t55 partition by list/__MAXWELL__/ subpartition by hash/__MAXWELL__/ subpartitions 2  (/__MAXWELL__/"
[1] 23:44:16,628 DEBUG SchemaChange - SQL_PARSE ->   (parse (statement (alter_table (alter_table_preamble alter table (table_name (name (id t55)))) (alter_specifications (alter_specification (table_creation_option (partition_by partition by (partition_by_what list (skip_parens /__MAXWELL__/)) (subpartition_by subpartition by (partition_by_what hash (skip_parens /__MAXWELL__/)) subpartitions 2) (partition_definitions ( (skip_parens_inside_partition_definitions /__MAXWELL__/)))))))) <EOF>)
[1] 23:44:16,628 DEBUG SchemaChange - SQL_PARSE <- "alter table t55 partition by list(colint) subpartition by hash(minute(col1)) subpartitions 5  (partition p0 values in (1,2,3,4,5,6,7,8,9,10), partition p1 values in (11,12,13,14,15,16,17,18,19,20), partition p2 values in (21,22,23,24,25,26,27,28,29,30), partition p3 values in (31,32,33,34,35,36,37,38,39,40), partition p4 values in (41,42,43,44,45,46,47,48,49,50), partition p5 values in (51,52,53,54,55,56,57,58,59,60) )"
[1] 23:44:16,629 DEBUG SchemaChange - rewrote SQL to alter table t55 partition by list/__MAXWELL__/ subpartition by hash(minute(col1)) subpartitions 5  (partition p0 values in (1,2,3,4,5,6,7,8,9,10), partition p1 values in (11,12,13,14,15,16,17,18,19,20), partition p2 values in (21,22,23,24,25,26,27,28,29,30), partition p3 values in (31,32,33,34,35,36,37,38,39,40), partition p4 values in (41,42,43,44,45,46,47,48,49,50), partition p5 values in (51,52,53,54,55,56,57,58,59,60) )
[1] 23:44:16,629 DEBUG SchemaChange - SQL_PARSE <- "alter table t55 partition by list/__MAXWELL__/ subpartition by hash(minute(col1)) subpartitions 5  (partition p0 values in (1,2,3,4,5,6,7,8,9,10), partition p1 values in (11,12,13,14,15,16,17,18,19,20), partition p2 values in (21,22,23,24,25,26,27,28,29,30), partition p3 values in (31,32,33,34,35,36,37,38,39,40), partition p4 values in (41,42,43,44,45,46,47,48,49,50), partition p5 values in (51,52,53,54,55,56,57,58,59,60) )"
[1] 23:44:16,629 DEBUG SchemaChange - rewrote SQL to alter table t55 partition by list/__MAXWELL__/ subpartition by hash/__MAXWELL__/ subpartitions 5  (partition p0 values in (1,2,3,4,5,6,7,8,9,10), partition p1 values in (11,12,13,14,15,16,17,18,19,20), partition p2 values in (21,22,23,24,25,26,27,28,29,30), partition p3 values in (31,32,33,34,35,36,37,38,39,40), partition p4 values in (41,42,43,44,45,46,47,48,49,50), partition p5 values in (51,52,53,54,55,56,57,58,59,60) )
[1] 23:44:16,629 DEBUG SchemaChange - SQL_PARSE <- "alter table t55 partition by list/__MAXWELL__/ subpartition by hash/__MAXWELL__/ subpartitions 5  (partition p0 values in (1,2,3,4,5,6,7,8,9,10), partition p1 values in (11,12,13,14,15,16,17,18,19,20), partition p2 values in (21,22,23,24,25,26,27,28,29,30), partition p3 values in (31,32,33,34,35,36,37,38,39,40), partition p4 values in (41,42,43,44,45,46,47,48,49,50), partition p5 values in (51,52,53,54,55,56,57,58,59,60) )"
[1] 23:44:16,629 DEBUG SchemaChange - rewrote SQL to alter table t55 partition by list/__MAXWELL__/ subpartition by hash/__MAXWELL__/ subpartitions 5  (/__MAXWELL__/
[1] 23:44:16,629 DEBUG SchemaChange - SQL_PARSE <- "alter table t55 partition by list/__MAXWELL__/ subpartition by hash/__MAXWELL__/ subpartitions 5  (/__MAXWELL__/"
[1] 23:44:16,630 DEBUG SchemaChange - SQL_PARSE ->   (parse (statement (alter_table (alter_table_preamble alter table (table_name (name (id t55)))) (alter_specifications (alter_specification (table_creation_option (partition_by partition by (partition_by_what list (skip_parens /__MAXWELL__/)) (subpartition_by subpartition by (partition_by_what hash (skip_parens /__MAXWELL__/)) subpartitions 5) (partition_definitions ( (skip_parens_inside_partition_definitions /__MAXWELL__/)))))))) <EOF>)
[1] 23:44:16,630 DEBUG SchemaChange - SQL_PARSE <- "alter table t55 partition by list(colint) subpartition by hash(mod(col1,10)) subpartitions 2  (partition p0 values in (1,2,3,4,5,6,7,8,9,10), partition p1 values in (11,12,13,14,15,16,17,18,19,20), partition p2 values in (21,22,23,24,25,26,27,28,29,30), partition p3 values in (31,32,33,34,35,36,37,38,39,40), partition p4 values in (41,42,43,44,45,46,47,48,49,50), partition p5 values in (51,52,53,54,55,56,57,58,59,60) )"
[1] 23:44:16,630 DEBUG SchemaChange - rewrote SQL to alter table t55 partition by list/__MAXWELL__/ subpartition by hash(mod(col1,10)) subpartitions 2  (partition p0 values in (1,2,3,4,5,6,7,8,9,10), partition p1 values in (11,12,13,14,15,16,17,18,19,20), partition p2 values in (21,22,23,24,25,26,27,28,29,30), partition p3 values in (31,32,33,34,35,36,37,38,39,40), partition p4 values in (41,42,43,44,45,46,47,48,49,50), partition p5 values in (51,52,53,54,55,56,57,58,59,60) )
[1] 23:44:16,630 DEBUG SchemaChange - SQL_PARSE <- "alter table t55 partition by list/__MAXWELL__/ subpartition by hash(mod(col1,10)) subpartitions 2  (partition p0 values in (1,2,3,4,5,6,7,8,9,10), partition p1 values in (11,12,13,14,15,16,17,18,19,20), partition p2 values in (21,22,23,24,25,26,27,28,29,30), partition p3 values in (31,32,33,34,35,36,37,38,39,40), partition p4 values in (41,42,43,44,45,46,47,48,49,50), partition p5 values in (51,52,53,54,55,56,57,58,59,60) )"
[1] 23:44:16,630 DEBUG SchemaChange - rewrote SQL to alter table t55 partition by list/__MAXWELL__/ subpartition by hash/__MAXWELL__/ subpartitions 2  (partition p0 values in (1,2,3,4,5,6,7,8,9,10), partition p1 values in (11,12,13,14,15,16,17,18,19,20), partition p2 values in (21,22,23,24,25,26,27,28,29,30), partition p3 values in (31,32,33,34,35,36,37,38,39,40), partition p4 values in (41,42,43,44,45,46,47,48,49,50), partition p5 values in (51,52,53,54,55,56,57,58,59,60) )
[1] 23:44:16,630 DEBUG SchemaChange - SQL_PARSE <- "alter table t55 partition by list/__MAXWELL__/ subpartition by hash/__MAXWELL__/ subpartitions 2  (partition p0 values in (1,2,3,4,5,6,7,8,9,10), partition p1 values in (11,12,13,14,15,16,17,18,19,20), partition p2 values in (21,22,23,24,25,26,27,28,29,30), partition p3 values in (31,32,33,34,35,36,37,38,39,40), partition p4 values in (41,42,43,44,45,46,47,48,49,50), partition p5 values in (51,52,53,54,55,56,57,58,59,60) )"
[1] 23:44:16,631 DEBUG SchemaChange - rewrote SQL to alter table t55 partition by list/__MAXWELL__/ subpartition by hash/__MAXWELL__/ subpartitions 2  (/__MAXWELL__/
[1] 23:44:16,631 DEBUG SchemaChange - SQL_PARSE <- "alter table t55 partition by list/__MAXWELL__/ subpartition by hash/__MAXWELL__/ subpartitions 2  (/__MAXWELL__/"
[1] 23:44:16,631 DEBUG SchemaChange - SQL_PARSE ->   (parse (statement (alter_table (alter_table_preamble alter table (table_name (name (id t55)))) (alter_specifications (alter_specification (table_creation_option (partition_by partition by (partition_by_what list (skip_parens /__MAXWELL__/)) (subpartition_by subpartition by (partition_by_what hash (skip_parens /__MAXWELL__/)) subpartitions 2) (partition_definitions ( (skip_parens_inside_partition_definitions /__MAXWELL__/)))))))) <EOF>)
[1] 23:44:16,631 DEBUG SchemaChange - SQL_PARSE <- "alter table t55 partition by list(colint) subpartition by hash(mod(col1,10)) subpartitions 5  (partition p0 values in (1,2,3,4,5,6,7,8,9,10), partition p1 values in (11,12,13,14,15,16,17,18,19,20), partition p2 values in (21,22,23,24,25,26,27,28,29,30), partition p3 values in (31,32,33,34,35,36,37,38,39,40), partition p4 values in (41,42,43,44,45,46,47,48,49,50), partition p5 values in (51,52,53,54,55,56,57,58,59,60) )"
[1] 23:44:16,632 DEBUG SchemaChange - rewrote SQL to alter table t55 partition by list/__MAXWELL__/ subpartition by hash(mod(col1,10)) subpartitions 5  (partition p0 values in (1,2,3,4,5,6,7,8,9,10), partition p1 values in (11,12,13,14,15,16,17,18,19,20), partition p2 values in (21,22,23,24,25,26,27,28,29,30), partition p3 values in (31,32,33,34,35,36,37,38,39,40), partition p4 values in (41,42,43,44,45,46,47,48,49,50), partition p5 values in (51,52,53,54,55,56,57,58,59,60) )
[1] 23:44:16,632 DEBUG SchemaChange - SQL_PARSE <- "alter table t55 partition by list/__MAXWELL__/ subpartition by hash(mod(col1,10)) subpartitions 5  (partition p0 values in (1,2,3,4,5,6,7,8,9,10), partition p1 values in (11,12,13,14,15,16,17,18,19,20), partition p2 values in (21,22,23,24,25,26,27,28,29,30), partition p3 values in (31,32,33,34,35,36,37,38,39,40), partition p4 values in (41,42,43,44,45,46,47,48,49,50), partition p5 values in (51,52,53,54,55,56,57,58,59,60) )"
[1] 23:44:16,632 DEBUG SchemaChange - rewrote SQL to alter table t55 partition by list/__MAXWELL__/ subpartition by hash/__MAXWELL__/ subpartitions 5  (partition p0 values in (1,2,3,4,5,6,7,8,9,10), partition p1 values in (11,12,13,14,15,16,17,18,19,20), partition p2 values in (21,22,23,24,25,26,27,28,29,30), partition p3 values in (31,32,33,34,35,36,37,38,39,40), partition p4 values in (41,42,43,44,45,46,47,48,49,50), partition p5 values in (51,52,53,54,55,56,57,58,59,60) )
[1] 23:44:16,632 DEBUG SchemaChange - SQL_PARSE <- "alter table t55 partition by list/__MAXWELL__/ subpartition by hash/__MAXWELL__/ subpartitions 5  (partition p0 values in (1,2,3,4,5,6,7,8,9,10), partition p1 values in (11,12,13,14,15,16,17,18,19,20), partition p2 values in (21,22,23,24,25,26,27,28,29,30), partition p3 values in (31,32,33,34,35,36,37,38,39,40), partition p4 values in (41,42,43,44,45,46,47,48,49,50), partition p5 values in (51,52,53,54,55,56,57,58,59,60) )"
[1] 23:44:16,632 DEBUG SchemaChange - rewrote SQL to alter table t55 partition by list/__MAXWELL__/ subpartition by hash/__MAXWELL__/ subpartitions 5  (/__MAXWELL__/
[1] 23:44:16,632 DEBUG SchemaChange - SQL_PARSE <- "alter table t55 partition by list/__MAXWELL__/ subpartition by hash/__MAXWELL__/ subpartitions 5  (/__MAXWELL__/"
[1] 23:44:16,633 DEBUG SchemaChange - SQL_PARSE ->   (parse (statement (alter_table (alter_table_preamble alter table (table_name (name (id t55)))) (alter_specifications (alter_specification (table_creation_option (partition_by partition by (partition_by_what list (skip_parens /__MAXWELL__/)) (subpartition_by subpartition by (partition_by_what hash (skip_parens /__MAXWELL__/)) subpartitions 5) (partition_definitions ( (skip_parens_inside_partition_definitions /__MAXWELL__/)))))))) <EOF>)
[1] 23:44:16,633 DEBUG SchemaChange - SQL_PARSE <- "alter table t55 partition by list(colint) subpartition by hash(month(col1)) subpartitions 2  (partition p0 values in (1,2,3,4,5,6,7,8,9,10), partition p1 values in (11,12,13,14,15,16,17,18,19,20), partition p2 values in (21,22,23,24,25,26,27,28,29,30), partition p3 values in (31,32,33,34,35,36,37,38,39,40), partition p4 values in (41,42,43,44,45,46,47,48,49,50), partition p5 values in (51,52,53,54,55,56,57,58,59,60) )"
[1] 23:44:16,633 DEBUG SchemaChange - rewrote SQL to alter table t55 partition by list/__MAXWELL__/ subpartition by hash(month(col1)) subpartitions 2  (partition p0 values in (1,2,3,4,5,6,7,8,9,10), partition p1 values in (11,12,13,14,15,16,17,18,19,20), partition p2 values in (21,22,23,24,25,26,27,28,29,30), partition p3 values in (31,32,33,34,35,36,37,38,39,40), partition p4 values in (41,42,43,44,45,46,47,48,49,50), partition p5 values in (51,52,53,54,55,56,57,58,59,60) )
[1] 23:44:16,633 DEBUG SchemaChange - SQL_PARSE <- "alter table t55 partition by list/__MAXWELL__/ subpartition by hash(month(col1)) subpartitions 2  (partition p0 values in (1,2,3,4,5,6,7,8,9,10), partition p1 values in (11,12,13,14,15,16,17,18,19,20), partition p2 values in (21,22,23,24,25,26,27,28,29,30), partition p3 values in (31,32,33,34,35,36,37,38,39,40), partition p4 values in (41,42,43,44,45,46,47,48,49,50), partition p5 values in (51,52,53,54,55,56,57,58,59,60) )"
[1] 23:44:16,634 DEBUG SchemaChange - rewrote SQL to alter table t55 partition by list/__MAXWELL__/ subpartition by hash/__MAXWELL__/ subpartitions 2  (partition p0 values in (1,2,3,4,5,6,7,8,9,10), partition p1 values in (11,12,13,14,15,16,17,18,19,20), partition p2 values in (21,22,23,24,25,26,27,28,29,30), partition p3 values in (31,32,33,34,35,36,37,38,39,40), partition p4 values in (41,42,43,44,45,46,47,48,49,50), partition p5 values in (51,52,53,54,55,56,57,58,59,60) )
[1] 23:44:16,634 DEBUG SchemaChange - SQL_PARSE <- "alter table t55 partition by list/__MAXWELL__/ subpartition by hash/__MAXWELL__/ subpartitions 2  (partition p0 values in (1,2,3,4,5,6,7,8,9,10), partition p1 values in (11,12,13,14,15,16,17,18,19,20), partition p2 values in (21,22,23,24,25,26,27,28,29,30), partition p3 values in (31,32,33,34,35,36,37,38,39,40), partition p4 values in (41,42,43,44,45,46,47,48,49,50), partition p5 values in (51,52,53,54,55,56,57,58,59,60) )"
[1] 23:44:16,634 DEBUG SchemaChange - rewrote SQL to alter table t55 partition by list/__MAXWELL__/ subpartition by hash/__MAXWELL__/ subpartitions 2  (/__MAXWELL__/
[1] 23:44:16,634 DEBUG SchemaChange - SQL_PARSE <- "alter table t55 partition by list/__MAXWELL__/ subpartition by hash/__MAXWELL__/ subpartitions 2  (/__MAXWELL__/"
[1] 23:44:16,634 DEBUG SchemaChange - SQL_PARSE ->   (parse (statement (alter_table (alter_table_preamble alter table (table_name (name (id t55)))) (alter_specifications (alter_specification (table_creation_option (partition_by partition by (partition_by_what list (skip_parens /__MAXWELL__/)) (subpartition_by subpartition by (partition_by_what hash (skip_parens /__MAXWELL__/)) subpartitions 2) (partition_definitions ( (skip_parens_inside_partition_definitions /__MAXWELL__/)))))))) <EOF>)
[1] 23:44:16,634 DEBUG SchemaChange - SQL_PARSE <- "alter table t55 partition by list(colint) subpartition by hash(month(col1)) subpartitions 5  (partition p0 values in (1,2,3,4,5,6,7,8,9,10), partition p1 values in (11,12,13,14,15,16,17,18,19,20), partition p2 values in (21,22,23,24,25,26,27,28,29,30), partition p3 values in (31,32,33,34,35,36,37,38,39,40), partition p4 values in (41,42,43,44,45,46,47,48,49,50), partition p5 values in (51,52,53,54,55,56,57,58,59,60) )"
[1] 23:44:16,635 DEBUG SchemaChange - rewrote SQL to alter table t55 partition by list/__MAXWELL__/ subpartition by hash(month(col1)) subpartitions 5  (partition p0 values in (1,2,3,4,5,6,7,8,9,10), partition p1 values in (11,12,13,14,15,16,17,18,19,20), partition p2 values in (21,22,23,24,25,26,27,28,29,30), partition p3 values in (31,32,33,34,35,36,37,38,39,40), partition p4 values in (41,42,43,44,45,46,47,48,49,50), partition p5 values in (51,52,53,54,55,56,57,58,59,60) )
[1] 23:44:16,635 DEBUG SchemaChange - SQL_PARSE <- "alter table t55 partition by list/__MAXWELL__/ subpartition by hash(month(col1)) subpartitions 5  (partition p0 values in (1,2,3,4,5,6,7,8,9,10), partition p1 values in (11,12,13,14,15,16,17,18,19,20), partition p2 values in (21,22,23,24,25,26,27,28,29,30), partition p3 values in (31,32,33,34,35,36,37,38,39,40), partition p4 values in (41,42,43,44,45,46,47,48,49,50), partition p5 values in (51,52,53,54,55,56,57,58,59,60) )"
[1] 23:44:16,635 DEBUG SchemaChange - rewrote SQL to alter table t55 partition by list/__MAXWELL__/ subpartition by hash/__MAXWELL__/ subpartitions 5  (partition p0 values in (1,2,3,4,5,6,7,8,9,10), partition p1 values in (11,12,13,14,15,16,17,18,19,20), partition p2 values in (21,22,23,24,25,26,27,28,29,30), partition p3 values in (31,32,33,34,35,36,37,38,39,40), partition p4 values in (41,42,43,44,45,46,47,48,49,50), partition p5 values in (51,52,53,54,55,56,57,58,59,60) )
[1] 23:44:16,635 DEBUG SchemaChange - SQL_PARSE <- "alter table t55 partition by list/__MAXWELL__/ subpartition by hash/__MAXWELL__/ subpartitions 5  (partition p0 values in (1,2,3,4,5,6,7,8,9,10), partition p1 values in (11,12,13,14,15,16,17,18,19,20), partition p2 values in (21,22,23,24,25,26,27,28,29,30), partition p3 values in (31,32,33,34,35,36,37,38,39,40), partition p4 values in (41,42,43,44,45,46,47,48,49,50), partition p5 values in (51,52,53,54,55,56,57,58,59,60) )"
[1] 23:44:16,635 DEBUG SchemaChange - rewrote SQL to alter table t55 partition by list/__MAXWELL__/ subpartition by hash/__MAXWELL__/ subpartitions 5  (/__MAXWELL__/
[1] 23:44:16,635 DEBUG SchemaChange - SQL_PARSE <- "alter table t55 partition by list/__MAXWELL__/ subpartition by hash/__MAXWELL__/ subpartitions 5  (/__MAXWELL__/"
[1] 23:44:16,636 DEBUG SchemaChange - SQL_PARSE ->   (parse (statement (alter_table (alter_table_preamble alter table (table_name (name (id t55)))) (alter_specifications (alter_specification (table_creation_option (partition_by partition by (partition_by_what list (skip_parens /__MAXWELL__/)) (subpartition_by subpartition by (partition_by_what hash (skip_parens /__MAXWELL__/)) subpartitions 5) (partition_definitions ( (skip_parens_inside_partition_definitions /__MAXWELL__/)))))))) <EOF>)
[1] 23:44:16,636 DEBUG SchemaChange - SQL_PARSE <- "alter table t55 partition by list(colint) subpartition by hash(quarter(col1)) subpartitions 2  (partition p0 values in (1,2,3,4,5,6,7,8,9,10), partition p1 values in (11,12,13,14,15,16,17,18,19,20), partition p2 values in (21,22,23,24,25,26,27,28,29,30), partition p3 values in (31,32,33,34,35,36,37,38,39,40), partition p4 values in (41,42,43,44,45,46,47,48,49,50), partition p5 values in (51,52,53,54,55,56,57,58,59,60) )"
[1] 23:44:16,636 DEBUG SchemaChange - rewrote SQL to alter table t55 partition by list/__MAXWELL__/ subpartition by hash(quarter(col1)) subpartitions 2  (partition p0 values in (1,2,3,4,5,6,7,8,9,10), partition p1 values in (11,12,13,14,15,16,17,18,19,20), partition p2 values in (21,22,23,24,25,26,27,28,29,30), partition p3 values in (31,32,33,34,35,36,37,38,39,40), partition p4 values in (41,42,43,44,45,46,47,48,49,50), partition p5 values in (51,52,53,54,55,56,57,58,59,60) )
[1] 23:44:16,636 DEBUG SchemaChange - SQL_PARSE <- "alter table t55 partition by list/__MAXWELL__/ subpartition by hash(quarter(col1)) subpartitions 2  (partition p0 values in (1,2,3,4,5,6,7,8,9,10), partition p1 values in (11,12,13,14,15,16,17,18,19,20), partition p2 values in (21,22,23,24,25,26,27,28,29,30), partition p3 values in (31,32,33,34,35,36,37,38,39,40), partition p4 values in (41,42,43,44,45,46,47,48,49,50), partition p5 values in (51,52,53,54,55,56,57,58,59,60) )"
[1] 23:44:16,637 DEBUG SchemaChange - rewrote SQL to alter table t55 partition by list/__MAXWELL__/ subpartition by hash/__MAXWELL__/ subpartitions 2  (partition p0 values in (1,2,3,4,5,6,7,8,9,10), partition p1 values in (11,12,13,14,15,16,17,18,19,20), partition p2 values in (21,22,23,24,25,26,27,28,29,30), partition p3 values in (31,32,33,34,35,36,37,38,39,40), partition p4 values in (41,42,43,44,45,46,47,48,49,50), partition p5 values in (51,52,53,54,55,56,57,58,59,60) )
[1] 23:44:16,637 DEBUG SchemaChange - SQL_PARSE <- "alter table t55 partition by list/__MAXWELL__/ subpartition by hash/__MAXWELL__/ subpartitions 2  (partition p0 values in (1,2,3,4,5,6,7,8,9,10), partition p1 values in (11,12,13,14,15,16,17,18,19,20), partition p2 values in (21,22,23,24,25,26,27,28,29,30), partition p3 values in (31,32,33,34,35,36,37,38,39,40), partition p4 values in (41,42,43,44,45,46,47,48,49,50), partition p5 values in (51,52,53,54,55,56,57,58,59,60) )"
[1] 23:44:16,637 DEBUG SchemaChange - rewrote SQL to alter table t55 partition by list/__MAXWELL__/ subpartition by hash/__MAXWELL__/ subpartitions 2  (/__MAXWELL__/
[1] 23:44:16,637 DEBUG SchemaChange - SQL_PARSE <- "alter table t55 partition by list/__MAXWELL__/ subpartition by hash/__MAXWELL__/ subpartitions 2  (/__MAXWELL__/"
[1] 23:44:16,637 DEBUG SchemaChange - SQL_PARSE ->   (parse (statement (alter_table (alter_table_preamble alter table (table_name (name (id t55)))) (alter_specifications (alter_specification (table_creation_option (partition_by partition by (partition_by_what list (skip_parens /__MAXWELL__/)) (subpartition_by subpartition by (partition_by_what hash (skip_parens /__MAXWELL__/)) subpartitions 2) (partition_definitions ( (skip_parens_inside_partition_definitions /__MAXWELL__/)))))))) <EOF>)
[1] 23:44:16,637 DEBUG SchemaChange - SQL_PARSE <- "alter table t55 partition by list(colint) subpartition by hash(quarter(col1)) subpartitions 5  (partition p0 values in (1,2,3,4,5,6,7,8,9,10), partition p1 values in (11,12,13,14,15,16,17,18,19,20), partition p2 values in (21,22,23,24,25,26,27,28,29,30), partition p3 values in (31,32,33,34,35,36,37,38,39,40), partition p4 values in (41,42,43,44,45,46,47,48,49,50), partition p5 values in (51,52,53,54,55,56,57,58,59,60) )"
[1] 23:44:16,638 DEBUG SchemaChange - rewrote SQL to alter table t55 partition by list/__MAXWELL__/ subpartition by hash(quarter(col1)) subpartitions 5  (partition p0 values in (1,2,3,4,5,6,7,8,9,10), partition p1 values in (11,12,13,14,15,16,17,18,19,20), partition p2 values in (21,22,23,24,25,26,27,28,29,30), partition p3 values in (31,32,33,34,35,36,37,38,39,40), partition p4 values in (41,42,43,44,45,46,47,48,49,50), partition p5 values in (51,52,53,54,55,56,57,58,59,60) )
[1] 23:44:16,638 DEBUG SchemaChange - SQL_PARSE <- "alter table t55 partition by list/__MAXWELL__/ subpartition by hash(quarter(col1)) subpartitions 5  (partition p0 values in (1,2,3,4,5,6,7,8,9,10), partition p1 values in (11,12,13,14,15,16,17,18,19,20), partition p2 values in (21,22,23,24,25,26,27,28,29,30), partition p3 values in (31,32,33,34,35,36,37,38,39,40), partition p4 values in (41,42,43,44,45,46,47,48,49,50), partition p5 values in (51,52,53,54,55,56,57,58,59,60) )"
[1] 23:44:16,638 DEBUG SchemaChange - rewrote SQL to alter table t55 partition by list/__MAXWELL__/ subpartition by hash/__MAXWELL__/ subpartitions 5  (partition p0 values in (1,2,3,4,5,6,7,8,9,10), partition p1 values in (11,12,13,14,15,16,17,18,19,20), partition p2 values in (21,22,23,24,25,26,27,28,29,30), partition p3 values in (31,32,33,34,35,36,37,38,39,40), partition p4 values in (41,42,43,44,45,46,47,48,49,50), partition p5 values in (51,52,53,54,55,56,57,58,59,60) )
[1] 23:44:16,638 DEBUG SchemaChange - SQL_PARSE <- "alter table t55 partition by list/__MAXWELL__/ subpartition by hash/__MAXWELL__/ subpartitions 5  (partition p0 values in (1,2,3,4,5,6,7,8,9,10), partition p1 values in (11,12,13,14,15,16,17,18,19,20), partition p2 values in (21,22,23,24,25,26,27,28,29,30), partition p3 values in (31,32,33,34,35,36,37,38,39,40), partition p4 values in (41,42,43,44,45,46,47,48,49,50), partition p5 values in (51,52,53,54,55,56,57,58,59,60) )"
[1] 23:44:16,638 DEBUG SchemaChange - rewrote SQL to alter table t55 partition by list/__MAXWELL__/ subpartition by hash/__MAXWELL__/ subpartitions 5  (/__MAXWELL__/
[1] 23:44:16,638 DEBUG SchemaChange - SQL_PARSE <- "alter table t55 partition by list/__MAXWELL__/ subpartition by hash/__MAXWELL__/ subpartitions 5  (/__MAXWELL__/"
[1] 23:44:16,639 DEBUG SchemaChange - SQL_PARSE ->   (parse (statement (alter_table (alter_table_preamble alter table (table_name (name (id t55)))) (alter_specifications (alter_specification (table_creation_option (partition_by partition by (partition_by_what list (skip_parens /__MAXWELL__/)) (subpartition_by subpartition by (partition_by_what hash (skip_parens /__MAXWELL__/)) subpartitions 5) (partition_definitions ( (skip_parens_inside_partition_definitions /__MAXWELL__/)))))))) <EOF>)
[1] 23:44:16,639 DEBUG SchemaChange - SQL_PARSE <- "alter table t55 partition by list(colint) subpartition by hash(second(col1)) subpartitions 2  (partition p0 values in (1,2,3,4,5,6,7,8,9,10), partition p1 values in (11,12,13,14,15,16,17,18,19,20), partition p2 values in (21,22,23,24,25,26,27,28,29,30), partition p3 values in (31,32,33,34,35,36,37,38,39,40), partition p4 values in (41,42,43,44,45,46,47,48,49,50), partition p5 values in (51,52,53,54,55,56,57,58,59,60) )"
[1] 23:44:16,639 DEBUG SchemaChange - rewrote SQL to alter table t55 partition by list/__MAXWELL__/ subpartition by hash(second(col1)) subpartitions 2  (partition p0 values in (1,2,3,4,5,6,7,8,9,10), partition p1 values in (11,12,13,14,15,16,17,18,19,20), partition p2 values in (21,22,23,24,25,26,27,28,29,30), partition p3 values in (31,32,33,34,35,36,37,38,39,40), partition p4 values in (41,42,43,44,45,46,47,48,49,50), partition p5 values in (51,52,53,54,55,56,57,58,59,60) )
[1] 23:44:16,639 DEBUG SchemaChange - SQL_PARSE <- "alter table t55 partition by list/__MAXWELL__/ subpartition by hash(second(col1)) subpartitions 2  (partition p0 values in (1,2,3,4,5,6,7,8,9,10), partition p1 values in (11,12,13,14,15,16,17,18,19,20), partition p2 values in (21,22,23,24,25,26,27,28,29,30), partition p3 values in (31,32,33,34,35,36,37,38,39,40), partition p4 values in (41,42,43,44,45,46,47,48,49,50), partition p5 values in (51,52,53,54,55,56,57,58,59,60) )"
[1] 23:44:16,640 DEBUG SchemaChange - rewrote SQL to alter table t55 partition by list/__MAXWELL__/ subpartition by hash/__MAXWELL__/ subpartitions 2  (partition p0 values in (1,2,3,4,5,6,7,8,9,10), partition p1 values in (11,12,13,14,15,16,17,18,19,20), partition p2 values in (21,22,23,24,25,26,27,28,29,30), partition p3 values in (31,32,33,34,35,36,37,38,39,40), partition p4 values in (41,42,43,44,45,46,47,48,49,50), partition p5 values in (51,52,53,54,55,56,57,58,59,60) )
[1] 23:44:16,640 DEBUG SchemaChange - SQL_PARSE <- "alter table t55 partition by list/__MAXWELL__/ subpartition by hash/__MAXWELL__/ subpartitions 2  (partition p0 values in (1,2,3,4,5,6,7,8,9,10), partition p1 values in (11,12,13,14,15,16,17,18,19,20), partition p2 values in (21,22,23,24,25,26,27,28,29,30), partition p3 values in (31,32,33,34,35,36,37,38,39,40), partition p4 values in (41,42,43,44,45,46,47,48,49,50), partition p5 values in (51,52,53,54,55,56,57,58,59,60) )"
[1] 23:44:16,640 DEBUG SchemaChange - rewrote SQL to alter table t55 partition by list/__MAXWELL__/ subpartition by hash/__MAXWELL__/ subpartitions 2  (/__MAXWELL__/
[1] 23:44:16,640 DEBUG SchemaChange - SQL_PARSE <- "alter table t55 partition by list/__MAXWELL__/ subpartition by hash/__MAXWELL__/ subpartitions 2  (/__MAXWELL__/"
[1] 23:44:16,640 DEBUG SchemaChange - SQL_PARSE ->   (parse (statement (alter_table (alter_table_preamble alter table (table_name (name (id t55)))) (alter_specifications (alter_specification (table_creation_option (partition_by partition by (partition_by_what list (skip_parens /__MAXWELL__/)) (subpartition_by subpartition by (partition_by_what hash (skip_parens /__MAXWELL__/)) subpartitions 2) (partition_definitions ( (skip_parens_inside_partition_definitions /__MAXWELL__/)))))))) <EOF>)
[1] 23:44:16,640 DEBUG SchemaChange - SQL_PARSE <- "alter table t55 partition by list(colint) subpartition by hash(second(col1)) subpartitions 5  (partition p0 values in (1,2,3,4,5,6,7,8,9,10), partition p1 values in (11,12,13,14,15,16,17,18,19,20), partition p2 values in (21,22,23,24,25,26,27,28,29,30), partition p3 values in (31,32,33,34,35,36,37,38,39,40), partition p4 values in (41,42,43,44,45,46,47,48,49,50), partition p5 values in (51,52,53,54,55,56,57,58,59,60) )"
[1] 23:44:16,641 DEBUG SchemaChange - rewrote SQL to alter table t55 partition by list/__MAXWELL__/ subpartition by hash(second(col1)) subpartitions 5  (partition p0 values in (1,2,3,4,5,6,7,8,9,10), partition p1 values in (11,12,13,14,15,16,17,18,19,20), partition p2 values in (21,22,23,24,25,26,27,28,29,30), partition p3 values in (31,32,33,34,35,36,37,38,39,40), partition p4 values in (41,42,43,44,45,46,47,48,49,50), partition p5 values in (51,52,53,54,55,56,57,58,59,60) )
[1] 23:44:16,641 DEBUG SchemaChange - SQL_PARSE <- "alter table t55 partition by list/__MAXWELL__/ subpartition by hash(second(col1)) subpartitions 5  (partition p0 values in (1,2,3,4,5,6,7,8,9,10), partition p1 values in (11,12,13,14,15,16,17,18,19,20), partition p2 values in (21,22,23,24,25,26,27,28,29,30), partition p3 values in (31,32,33,34,35,36,37,38,39,40), partition p4 values in (41,42,43,44,45,46,47,48,49,50), partition p5 values in (51,52,53,54,55,56,57,58,59,60) )"
[1] 23:44:16,641 DEBUG SchemaChange - rewrote SQL to alter table t55 partition by list/__MAXWELL__/ subpartition by hash/__MAXWELL__/ subpartitions 5  (partition p0 values in (1,2,3,4,5,6,7,8,9,10), partition p1 values in (11,12,13,14,15,16,17,18,19,20), partition p2 values in (21,22,23,24,25,26,27,28,29,30), partition p3 values in (31,32,33,34,35,36,37,38,39,40), partition p4 values in (41,42,43,44,45,46,47,48,49,50), partition p5 values in (51,52,53,54,55,56,57,58,59,60) )
[1] 23:44:16,641 DEBUG SchemaChange - SQL_PARSE <- "alter table t55 partition by list/__MAXWELL__/ subpartition by hash/__MAXWELL__/ subpartitions 5  (partition p0 values in (1,2,3,4,5,6,7,8,9,10), partition p1 values in (11,12,13,14,15,16,17,18,19,20), partition p2 values in (21,22,23,24,25,26,27,28,29,30), partition p3 values in (31,32,33,34,35,36,37,38,39,40), partition p4 values in (41,42,43,44,45,46,47,48,49,50), partition p5 values in (51,52,53,54,55,56,57,58,59,60) )"
[1] 23:44:16,641 DEBUG SchemaChange - rewrote SQL to alter table t55 partition by list/__MAXWELL__/ subpartition by hash/__MAXWELL__/ subpartitions 5  (/__MAXWELL__/
[1] 23:44:16,641 DEBUG SchemaChange - SQL_PARSE <- "alter table t55 partition by list/__MAXWELL__/ subpartition by hash/__MAXWELL__/ subpartitions 5  (/__MAXWELL__/"
[1] 23:44:16,642 DEBUG SchemaChange - SQL_PARSE ->   (parse (statement (alter_table (alter_table_preamble alter table (table_name (name (id t55)))) (alter_specifications (alter_specification (table_creation_option (partition_by partition by (partition_by_what list (skip_parens /__MAXWELL__/)) (subpartition_by subpartition by (partition_by_what hash (skip_parens /__MAXWELL__/)) subpartitions 5) (partition_definitions ( (skip_parens_inside_partition_definitions /__MAXWELL__/)))))))) <EOF>)
[1] 23:44:16,642 DEBUG SchemaChange - SQL_PARSE <- "alter table t55 partition by list(colint) subpartition by hash(time_to_sec(col1)-(time_to_sec(col1)-20)) subpartitions 2  (partition p0 values in (1,2,3,4,5,6,7,8,9,10), partition p1 values in (11,12,13,14,15,16,17,18,19,20), partition p2 values in (21,22,23,24,25,26,27,28,29,30), partition p3 values in (31,32,33,34,35,36,37,38,39,40), partition p4 values in (41,42,43,44,45,46,47,48,49,50), partition p5 values in (51,52,53,54,55,56,57,58,59,60) )"
[1] 23:44:16,642 DEBUG SchemaChange - rewrote SQL to alter table t55 partition by list/__MAXWELL__/ subpartition by hash(time_to_sec(col1)-(time_to_sec(col1)-20)) subpartitions 2  (partition p0 values in (1,2,3,4,5,6,7,8,9,10), partition p1 values in (11,12,13,14,15,16,17,18,19,20), partition p2 values in (21,22,23,24,25,26,27,28,29,30), partition p3 values in (31,32,33,34,35,36,37,38,39,40), partition p4 values in (41,42,43,44,45,46,47,48,49,50), partition p5 values in (51,52,53,54,55,56,57,58,59,60) )
[1] 23:44:16,642 DEBUG SchemaChange - SQL_PARSE <- "alter table t55 partition by list/__MAXWELL__/ subpartition by hash(time_to_sec(col1)-(time_to_sec(col1)-20)) subpartitions 2  (partition p0 values in (1,2,3,4,5,6,7,8,9,10), partition p1 values in (11,12,13,14,15,16,17,18,19,20), partition p2 values in (21,22,23,24,25,26,27,28,29,30), partition p3 values in (31,32,33,34,35,36,37,38,39,40), partition p4 values in (41,42,43,44,45,46,47,48,49,50), partition p5 values in (51,52,53,54,55,56,57,58,59,60) )"
[1] 23:44:16,642 DEBUG SchemaChange - rewrote SQL to alter table t55 partition by list/__MAXWELL__/ subpartition by hash/__MAXWELL__/ subpartitions 2  (partition p0 values in (1,2,3,4,5,6,7,8,9,10), partition p1 values in (11,12,13,14,15,16,17,18,19,20), partition p2 values in (21,22,23,24,25,26,27,28,29,30), partition p3 values in (31,32,33,34,35,36,37,38,39,40), partition p4 values in (41,42,43,44,45,46,47,48,49,50), partition p5 values in (51,52,53,54,55,56,57,58,59,60) )
[1] 23:44:16,643 DEBUG SchemaChange - SQL_PARSE <- "alter table t55 partition by list/__MAXWELL__/ subpartition by hash/__MAXWELL__/ subpartitions 2  (partition p0 values in (1,2,3,4,5,6,7,8,9,10), partition p1 values in (11,12,13,14,15,16,17,18,19,20), partition p2 values in (21,22,23,24,25,26,27,28,29,30), partition p3 values in (31,32,33,34,35,36,37,38,39,40), partition p4 values in (41,42,43,44,45,46,47,48,49,50), partition p5 values in (51,52,53,54,55,56,57,58,59,60) )"
[1] 23:44:16,643 DEBUG SchemaChange - rewrote SQL to alter table t55 partition by list/__MAXWELL__/ subpartition by hash/__MAXWELL__/ subpartitions 2  (/__MAXWELL__/
[1] 23:44:16,643 DEBUG SchemaChange - SQL_PARSE <- "alter table t55 partition by list/__MAXWELL__/ subpartition by hash/__MAXWELL__/ subpartitions 2  (/__MAXWELL__/"
[1] 23:44:16,643 DEBUG SchemaChange - SQL_PARSE ->   (parse (statement (alter_table (alter_table_preamble alter table (table_name (name (id t55)))) (alter_specifications (alter_specification (table_creation_option (partition_by partition by (partition_by_what list (skip_parens /__MAXWELL__/)) (subpartition_by subpartition by (partition_by_what hash (skip_parens /__MAXWELL__/)) subpartitions 2) (partition_definitions ( (skip_parens_inside_partition_definitions /__MAXWELL__/)))))))) <EOF>)
[1] 23:44:16,643 DEBUG SchemaChange - SQL_PARSE <- "alter table t55 partition by list(colint) subpartition by hash(time_to_sec(col1)-(time_to_sec(col1)-20)) subpartitions 5  (partition p0 values in (1,2,3,4,5,6,7,8,9,10), partition p1 values in (11,12,13,14,15,16,17,18,19,20), partition p2 values in (21,22,23,24,25,26,27,28,29,30), partition p3 values in (31,32,33,34,35,36,37,38,39,40), partition p4 values in (41,42,43,44,45,46,47,48,49,50), partition p5 values in (51,52,53,54,55,56,57,58,59,60) )"
[1] 23:44:16,644 DEBUG SchemaChange - rewrote SQL to alter table t55 partition by list/__MAXWELL__/ subpartition by hash(time_to_sec(col1)-(time_to_sec(col1)-20)) subpartitions 5  (partition p0 values in (1,2,3,4,5,6,7,8,9,10), partition p1 values in (11,12,13,14,15,16,17,18,19,20), partition p2 values in (21,22,23,24,25,26,27,28,29,30), partition p3 values in (31,32,33,34,35,36,37,38,39,40), partition p4 values in (41,42,43,44,45,46,47,48,49,50), partition p5 values in (51,52,53,54,55,56,57,58,59,60) )
[1] 23:44:16,644 DEBUG SchemaChange - SQL_PARSE <- "alter table t55 partition by list/__MAXWELL__/ subpartition by hash(time_to_sec(col1)-(time_to_sec(col1)-20)) subpartitions 5  (partition p0 values in (1,2,3,4,5,6,7,8,9,10), partition p1 values in (11,12,13,14,15,16,17,18,19,20), partition p2 values in (21,22,23,24,25,26,27,28,29,30), partition p3 values in (31,32,33,34,35,36,37,38,39,40), partition p4 values in (41,42,43,44,45,46,47,48,49,50), partition p5 values in (51,52,53,54,55,56,57,58,59,60) )"
[1] 23:44:16,644 DEBUG SchemaChange - rewrote SQL to alter table t55 partition by list/__MAXWELL__/ subpartition by hash/__MAXWELL__/ subpartitions 5  (partition p0 values in (1,2,3,4,5,6,7,8,9,10), partition p1 values in (11,12,13,14,15,16,17,18,19,20), partition p2 values in (21,22,23,24,25,26,27,28,29,30), partition p3 values in (31,32,33,34,35,36,37,38,39,40), partition p4 values in (41,42,43,44,45,46,47,48,49,50), partition p5 values in (51,52,53,54,55,56,57,58,59,60) )
[1] 23:44:16,644 DEBUG SchemaChange - SQL_PARSE <- "alter table t55 partition by list/__MAXWELL__/ subpartition by hash/__MAXWELL__/ subpartitions 5  (partition p0 values in (1,2,3,4,5,6,7,8,9,10), partition p1 values in (11,12,13,14,15,16,17,18,19,20), partition p2 values in (21,22,23,24,25,26,27,28,29,30), partition p3 values in (31,32,33,34,35,36,37,38,39,40), partition p4 values in (41,42,43,44,45,46,47,48,49,50), partition p5 values in (51,52,53,54,55,56,57,58,59,60) )"
[1] 23:44:16,645 DEBUG SchemaChange - rewrote SQL to alter table t55 partition by list/__MAXWELL__/ subpartition by hash/__MAXWELL__/ subpartitions 5  (/__MAXWELL__/
[1] 23:44:16,645 DEBUG SchemaChange - SQL_PARSE <- "alter table t55 partition by list/__MAXWELL__/ subpartition by hash/__MAXWELL__/ subpartitions 5  (/__MAXWELL__/"
[1] 23:44:16,645 DEBUG SchemaChange - SQL_PARSE ->   (parse (statement (alter_table (alter_table_preamble alter table (table_name (name (id t55)))) (alter_specifications (alter_specification (table_creation_option (partition_by partition by (partition_by_what list (skip_parens /__MAXWELL__/)) (subpartition_by subpartition by (partition_by_what hash (skip_parens /__MAXWELL__/)) subpartitions 5) (partition_definitions ( (skip_parens_inside_partition_definitions /__MAXWELL__/)))))))) <EOF>)
[1] 23:44:16,645 DEBUG SchemaChange - SQL_PARSE <- "alter table t55 partition by list(colint) subpartition by hash(weekday(col1)) subpartitions 2  (partition p0 values in (1,2,3,4,5,6,7,8,9,10), partition p1 values in (11,12,13,14,15,16,17,18,19,20), partition p2 values in (21,22,23,24,25,26,27,28,29,30), partition p3 values in (31,32,33,34,35,36,37,38,39,40), partition p4 values in (41,42,43,44,45,46,47,48,49,50), partition p5 values in (51,52,53,54,55,56,57,58,59,60) )"
[1] 23:44:16,646 DEBUG SchemaChange - rewrote SQL to alter table t55 partition by list/__MAXWELL__/ subpartition by hash(weekday(col1)) subpartitions 2  (partition p0 values in (1,2,3,4,5,6,7,8,9,10), partition p1 values in (11,12,13,14,15,16,17,18,19,20), partition p2 values in (21,22,23,24,25,26,27,28,29,30), partition p3 values in (31,32,33,34,35,36,37,38,39,40), partition p4 values in (41,42,43,44,45,46,47,48,49,50), partition p5 values in (51,52,53,54,55,56,57,58,59,60) )
[1] 23:44:16,646 DEBUG SchemaChange - SQL_PARSE <- "alter table t55 partition by list/__MAXWELL__/ subpartition by hash(weekday(col1)) subpartitions 2  (partition p0 values in (1,2,3,4,5,6,7,8,9,10), partition p1 values in (11,12,13,14,15,16,17,18,19,20), partition p2 values in (21,22,23,24,25,26,27,28,29,30), partition p3 values in (31,32,33,34,35,36,37,38,39,40), partition p4 values in (41,42,43,44,45,46,47,48,49,50), partition p5 values in (51,52,53,54,55,56,57,58,59,60) )"
[1] 23:44:16,646 DEBUG SchemaChange - rewrote SQL to alter table t55 partition by list/__MAXWELL__/ subpartition by hash/__MAXWELL__/ subpartitions 2  (partition p0 values in (1,2,3,4,5,6,7,8,9,10), partition p1 values in (11,12,13,14,15,16,17,18,19,20), partition p2 values in (21,22,23,24,25,26,27,28,29,30), partition p3 values in (31,32,33,34,35,36,37,38,39,40), partition p4 values in (41,42,43,44,45,46,47,48,49,50), partition p5 values in (51,52,53,54,55,56,57,58,59,60) )
[1] 23:44:16,646 DEBUG SchemaChange - SQL_PARSE <- "alter table t55 partition by list/__MAXWELL__/ subpartition by hash/__MAXWELL__/ subpartitions 2  (partition p0 values in (1,2,3,4,5,6,7,8,9,10), partition p1 values in (11,12,13,14,15,16,17,18,19,20), partition p2 values in (21,22,23,24,25,26,27,28,29,30), partition p3 values in (31,32,33,34,35,36,37,38,39,40), partition p4 values in (41,42,43,44,45,46,47,48,49,50), partition p5 values in (51,52,53,54,55,56,57,58,59,60) )"
[1] 23:44:16,646 DEBUG SchemaChange - rewrote SQL to alter table t55 partition by list/__MAXWELL__/ subpartition by hash/__MAXWELL__/ subpartitions 2  (/__MAXWELL__/
[1] 23:44:16,646 DEBUG SchemaChange - SQL_PARSE <- "alter table t55 partition by list/__MAXWELL__/ subpartition by hash/__MAXWELL__/ subpartitions 2  (/__MAXWELL__/"
[1] 23:44:16,647 DEBUG SchemaChange - SQL_PARSE ->   (parse (statement (alter_table (alter_table_preamble alter table (table_name (name (id t55)))) (alter_specifications (alter_specification (table_creation_option (partition_by partition by (partition_by_what list (skip_parens /__MAXWELL__/)) (subpartition_by subpartition by (partition_by_what hash (skip_parens /__MAXWELL__/)) subpartitions 2) (partition_definitions ( (skip_parens_inside_partition_definitions /__MAXWELL__/)))))))) <EOF>)
[1] 23:44:16,647 DEBUG SchemaChange - SQL_PARSE <- "alter table t55 partition by list(colint) subpartition by hash(weekday(col1)) subpartitions 5  (partition p0 values in (1,2,3,4,5,6,7,8,9,10), partition p1 values in (11,12,13,14,15,16,17,18,19,20), partition p2 values in (21,22,23,24,25,26,27,28,29,30), partition p3 values in (31,32,33,34,35,36,37,38,39,40), partition p4 values in (41,42,43,44,45,46,47,48,49,50), partition p5 values in (51,52,53,54,55,56,57,58,59,60) )"
[1] 23:44:16,648 DEBUG SchemaChange - rewrote SQL to alter table t55 partition by list/__MAXWELL__/ subpartition by hash(weekday(col1)) subpartitions 5  (partition p0 values in (1,2,3,4,5,6,7,8,9,10), partition p1 values in (11,12,13,14,15,16,17,18,19,20), partition p2 values in (21,22,23,24,25,26,27,28,29,30), partition p3 values in (31,32,33,34,35,36,37,38,39,40), partition p4 values in (41,42,43,44,45,46,47,48,49,50), partition p5 values in (51,52,53,54,55,56,57,58,59,60) )
[1] 23:44:16,648 DEBUG SchemaChange - SQL_PARSE <- "alter table t55 partition by list/__MAXWELL__/ subpartition by hash(weekday(col1)) subpartitions 5  (partition p0 values in (1,2,3,4,5,6,7,8,9,10), partition p1 values in (11,12,13,14,15,16,17,18,19,20), partition p2 values in (21,22,23,24,25,26,27,28,29,30), partition p3 values in (31,32,33,34,35,36,37,38,39,40), partition p4 values in (41,42,43,44,45,46,47,48,49,50), partition p5 values in (51,52,53,54,55,56,57,58,59,60) )"
[1] 23:44:16,648 DEBUG SchemaChange - rewrote SQL to alter table t55 partition by list/__MAXWELL__/ subpartition by hash/__MAXWELL__/ subpartitions 5  (partition p0 values in (1,2,3,4,5,6,7,8,9,10), partition p1 values in (11,12,13,14,15,16,17,18,19,20), partition p2 values in (21,22,23,24,25,26,27,28,29,30), partition p3 values in (31,32,33,34,35,36,37,38,39,40), partition p4 values in (41,42,43,44,45,46,47,48,49,50), partition p5 values in (51,52,53,54,55,56,57,58,59,60) )
[1] 23:44:16,648 DEBUG SchemaChange - SQL_PARSE <- "alter table t55 partition by list/__MAXWELL__/ subpartition by hash/__MAXWELL__/ subpartitions 5  (partition p0 values in (1,2,3,4,5,6,7,8,9,10), partition p1 values in (11,12,13,14,15,16,17,18,19,20), partition p2 values in (21,22,23,24,25,26,27,28,29,30), partition p3 values in (31,32,33,34,35,36,37,38,39,40), partition p4 values in (41,42,43,44,45,46,47,48,49,50), partition p5 values in (51,52,53,54,55,56,57,58,59,60) )"
[1] 23:44:16,649 DEBUG SchemaChange - rewrote SQL to alter table t55 partition by list/__MAXWELL__/ subpartition by hash/__MAXWELL__/ subpartitions 5  (/__MAXWELL__/
[1] 23:44:16,649 DEBUG SchemaChange - SQL_PARSE <- "alter table t55 partition by list/__MAXWELL__/ subpartition by hash/__MAXWELL__/ subpartitions 5  (/__MAXWELL__/"
[1] 23:44:16,650 DEBUG SchemaChange - SQL_PARSE ->   (parse (statement (alter_table (alter_table_preamble alter table (table_name (name (id t55)))) (alter_specifications (alter_specification (table_creation_option (partition_by partition by (partition_by_what list (skip_parens /__MAXWELL__/)) (subpartition_by subpartition by (partition_by_what hash (skip_parens /__MAXWELL__/)) subpartitions 5) (partition_definitions ( (skip_parens_inside_partition_definitions /__MAXWELL__/)))))))) <EOF>)
[1] 23:44:16,650 DEBUG SchemaChange - SQL_PARSE <- "alter table t55 partition by list(colint) subpartition by hash(year(col1)-1990) subpartitions 2  (partition p0 values in (1,2,3,4,5,6,7,8,9,10), partition p1 values in (11,12,13,14,15,16,17,18,19,20), partition p2 values in (21,22,23,24,25,26,27,28,29,30), partition p3 values in (31,32,33,34,35,36,37,38,39,40), partition p4 values in (41,42,43,44,45,46,47,48,49,50), partition p5 values in (51,52,53,54,55,56,57,58,59,60) )"
[1] 23:44:16,651 DEBUG SchemaChange - rewrote SQL to alter table t55 partition by list/__MAXWELL__/ subpartition by hash(year(col1)-1990) subpartitions 2  (partition p0 values in (1,2,3,4,5,6,7,8,9,10), partition p1 values in (11,12,13,14,15,16,17,18,19,20), partition p2 values in (21,22,23,24,25,26,27,28,29,30), partition p3 values in (31,32,33,34,35,36,37,38,39,40), partition p4 values in (41,42,43,44,45,46,47,48,49,50), partition p5 values in (51,52,53,54,55,56,57,58,59,60) )
[1] 23:44:16,651 DEBUG SchemaChange - SQL_PARSE <- "alter table t55 partition by list/__MAXWELL__/ subpartition by hash(year(col1)-1990) subpartitions 2  (partition p0 values in (1,2,3,4,5,6,7,8,9,10), partition p1 values in (11,12,13,14,15,16,17,18,19,20), partition p2 values in (21,22,23,24,25,26,27,28,29,30), partition p3 values in (31,32,33,34,35,36,37,38,39,40), partition p4 values in (41,42,43,44,45,46,47,48,49,50), partition p5 values in (51,52,53,54,55,56,57,58,59,60) )"
[1] 23:44:16,651 DEBUG SchemaChange - rewrote SQL to alter table t55 partition by list/__MAXWELL__/ subpartition by hash/__MAXWELL__/ subpartitions 2  (partition p0 values in (1,2,3,4,5,6,7,8,9,10), partition p1 values in (11,12,13,14,15,16,17,18,19,20), partition p2 values in (21,22,23,24,25,26,27,28,29,30), partition p3 values in (31,32,33,34,35,36,37,38,39,40), partition p4 values in (41,42,43,44,45,46,47,48,49,50), partition p5 values in (51,52,53,54,55,56,57,58,59,60) )
[1] 23:44:16,651 DEBUG SchemaChange - SQL_PARSE <- "alter table t55 partition by list/__MAXWELL__/ subpartition by hash/__MAXWELL__/ subpartitions 2  (partition p0 values in (1,2,3,4,5,6,7,8,9,10), partition p1 values in (11,12,13,14,15,16,17,18,19,20), partition p2 values in (21,22,23,24,25,26,27,28,29,30), partition p3 values in (31,32,33,34,35,36,37,38,39,40), partition p4 values in (41,42,43,44,45,46,47,48,49,50), partition p5 values in (51,52,53,54,55,56,57,58,59,60) )"
[1] 23:44:16,652 DEBUG SchemaChange - rewrote SQL to alter table t55 partition by list/__MAXWELL__/ subpartition by hash/__MAXWELL__/ subpartitions 2  (/__MAXWELL__/
[1] 23:44:16,652 DEBUG SchemaChange - SQL_PARSE <- "alter table t55 partition by list/__MAXWELL__/ subpartition by hash/__MAXWELL__/ subpartitions 2  (/__MAXWELL__/"
[1] 23:44:16,652 DEBUG SchemaChange - SQL_PARSE ->   (parse (statement (alter_table (alter_table_preamble alter table (table_name (name (id t55)))) (alter_specifications (alter_specification (table_creation_option (partition_by partition by (partition_by_what list (skip_parens /__MAXWELL__/)) (subpartition_by subpartition by (partition_by_what hash (skip_parens /__MAXWELL__/)) subpartitions 2) (partition_definitions ( (skip_parens_inside_partition_definitions /__MAXWELL__/)))))))) <EOF>)
[1] 23:44:16,652 DEBUG SchemaChange - SQL_PARSE <- "alter table t55 partition by list(colint) subpartition by hash(year(col1)-1990) subpartitions 5  (partition p0 values in (1,2,3,4,5,6,7,8,9,10), partition p1 values in (11,12,13,14,15,16,17,18,19,20), partition p2 values in (21,22,23,24,25,26,27,28,29,30), partition p3 values in (31,32,33,34,35,36,37,38,39,40), partition p4 values in (41,42,43,44,45,46,47,48,49,50), partition p5 values in (51,52,53,54,55,56,57,58,59,60) )"
[1] 23:44:16,653 DEBUG SchemaChange - rewrote SQL to alter table t55 partition by list/__MAXWELL__/ subpartition by hash(year(col1)-1990) subpartitions 5  (partition p0 values in (1,2,3,4,5,6,7,8,9,10), partition p1 values in (11,12,13,14,15,16,17,18,19,20), partition p2 values in (21,22,23,24,25,26,27,28,29,30), partition p3 values in (31,32,33,34,35,36,37,38,39,40), partition p4 values in (41,42,43,44,45,46,47,48,49,50), partition p5 values in (51,52,53,54,55,56,57,58,59,60) )
[1] 23:44:16,653 DEBUG SchemaChange - SQL_PARSE <- "alter table t55 partition by list/__MAXWELL__/ subpartition by hash(year(col1)-1990) subpartitions 5  (partition p0 values in (1,2,3,4,5,6,7,8,9,10), partition p1 values in (11,12,13,14,15,16,17,18,19,20), partition p2 values in (21,22,23,24,25,26,27,28,29,30), partition p3 values in (31,32,33,34,35,36,37,38,39,40), partition p4 values in (41,42,43,44,45,46,47,48,49,50), partition p5 values in (51,52,53,54,55,56,57,58,59,60) )"
[1] 23:44:16,653 DEBUG SchemaChange - rewrote SQL to alter table t55 partition by list/__MAXWELL__/ subpartition by hash/__MAXWELL__/ subpartitions 5  (partition p0 values in (1,2,3,4,5,6,7,8,9,10), partition p1 values in (11,12,13,14,15,16,17,18,19,20), partition p2 values in (21,22,23,24,25,26,27,28,29,30), partition p3 values in (31,32,33,34,35,36,37,38,39,40), partition p4 values in (41,42,43,44,45,46,47,48,49,50), partition p5 values in (51,52,53,54,55,56,57,58,59,60) )
[1] 23:44:16,653 DEBUG SchemaChange - SQL_PARSE <- "alter table t55 partition by list/__MAXWELL__/ subpartition by hash/__MAXWELL__/ subpartitions 5  (partition p0 values in (1,2,3,4,5,6,7,8,9,10), partition p1 values in (11,12,13,14,15,16,17,18,19,20), partition p2 values in (21,22,23,24,25,26,27,28,29,30), partition p3 values in (31,32,33,34,35,36,37,38,39,40), partition p4 values in (41,42,43,44,45,46,47,48,49,50), partition p5 values in (51,52,53,54,55,56,57,58,59,60) )"
[1] 23:44:16,654 DEBUG SchemaChange - rewrote SQL to alter table t55 partition by list/__MAXWELL__/ subpartition by hash/__MAXWELL__/ subpartitions 5  (/__MAXWELL__/
[1] 23:44:16,654 DEBUG SchemaChange - SQL_PARSE <- "alter table t55 partition by list/__MAXWELL__/ subpartition by hash/__MAXWELL__/ subpartitions 5  (/__MAXWELL__/"
[1] 23:44:16,654 DEBUG SchemaChange - SQL_PARSE ->   (parse (statement (alter_table (alter_table_preamble alter table (table_name (name (id t55)))) (alter_specifications (alter_specification (table_creation_option (partition_by partition by (partition_by_what list (skip_parens /__MAXWELL__/)) (subpartition_by subpartition by (partition_by_what hash (skip_parens /__MAXWELL__/)) subpartitions 5) (partition_definitions ( (skip_parens_inside_partition_definitions /__MAXWELL__/)))))))) <EOF>)
[1] 23:44:16,654 DEBUG SchemaChange - SQL_PARSE <- "alter table t55 partition by list(colint) subpartition by hash(yearweek(col1)-200600) subpartitions 2  (partition p0 values in (1,2,3,4,5,6,7,8,9,10), partition p1 values in (11,12,13,14,15,16,17,18,19,20), partition p2 values in (21,22,23,24,25,26,27,28,29,30), partition p3 values in (31,32,33,34,35,36,37,38,39,40), partition p4 values in (41,42,43,44,45,46,47,48,49,50), partition p5 values in (51,52,53,54,55,56,57,58,59,60) )"
[1] 23:44:16,655 DEBUG SchemaChange - rewrote SQL to alter table t55 partition by list/__MAXWELL__/ subpartition by hash(yearweek(col1)-200600) subpartitions 2  (partition p0 values in (1,2,3,4,5,6,7,8,9,10), partition p1 values in (11,12,13,14,15,16,17,18,19,20), partition p2 values in (21,22,23,24,25,26,27,28,29,30), partition p3 values in (31,32,33,34,35,36,37,38,39,40), partition p4 values in (41,42,43,44,45,46,47,48,49,50), partition p5 values in (51,52,53,54,55,56,57,58,59,60) )
[1] 23:44:16,655 DEBUG SchemaChange - SQL_PARSE <- "alter table t55 partition by list/__MAXWELL__/ subpartition by hash(yearweek(col1)-200600) subpartitions 2  (partition p0 values in (1,2,3,4,5,6,7,8,9,10), partition p1 values in (11,12,13,14,15,16,17,18,19,20), partition p2 values in (21,22,23,24,25,26,27,28,29,30), partition p3 values in (31,32,33,34,35,36,37,38,39,40), partition p4 values in (41,42,43,44,45,46,47,48,49,50), partition p5 values in (51,52,53,54,55,56,57,58,59,60) )"
[1] 23:44:16,655 DEBUG SchemaChange - rewrote SQL to alter table t55 partition by list/__MAXWELL__/ subpartition by hash/__MAXWELL__/ subpartitions 2  (partition p0 values in (1,2,3,4,5,6,7,8,9,10), partition p1 values in (11,12,13,14,15,16,17,18,19,20), partition p2 values in (21,22,23,24,25,26,27,28,29,30), partition p3 values in (31,32,33,34,35,36,37,38,39,40), partition p4 values in (41,42,43,44,45,46,47,48,49,50), partition p5 values in (51,52,53,54,55,56,57,58,59,60) )
[1] 23:44:16,655 DEBUG SchemaChange - SQL_PARSE <- "alter table t55 partition by list/__MAXWELL__/ subpartition by hash/__MAXWELL__/ subpartitions 2  (partition p0 values in (1,2,3,4,5,6,7,8,9,10), partition p1 values in (11,12,13,14,15,16,17,18,19,20), partition p2 values in (21,22,23,24,25,26,27,28,29,30), partition p3 values in (31,32,33,34,35,36,37,38,39,40), partition p4 values in (41,42,43,44,45,46,47,48,49,50), partition p5 values in (51,52,53,54,55,56,57,58,59,60) )"
[1] 23:44:16,655 DEBUG SchemaChange - rewrote SQL to alter table t55 partition by list/__MAXWELL__/ subpartition by hash/__MAXWELL__/ subpartitions 2  (/__MAXWELL__/
[1] 23:44:16,655 DEBUG SchemaChange - SQL_PARSE <- "alter table t55 partition by list/__MAXWELL__/ subpartition by hash/__MAXWELL__/ subpartitions 2  (/__MAXWELL__/"
[1] 23:44:16,656 DEBUG SchemaChange - SQL_PARSE ->   (parse (statement (alter_table (alter_table_preamble alter table (table_name (name (id t55)))) (alter_specifications (alter_specification (table_creation_option (partition_by partition by (partition_by_what list (skip_parens /__MAXWELL__/)) (subpartition_by subpartition by (partition_by_what hash (skip_parens /__MAXWELL__/)) subpartitions 2) (partition_definitions ( (skip_parens_inside_partition_definitions /__MAXWELL__/)))))))) <EOF>)
[1] 23:44:16,656 DEBUG SchemaChange - SQL_PARSE <- "alter table t55 partition by list(colint) subpartition by hash(yearweek(col1)-200600) subpartitions 5  (partition p0 values in (1,2,3,4,5,6,7,8,9,10), partition p1 values in (11,12,13,14,15,16,17,18,19,20), partition p2 values in (21,22,23,24,25,26,27,28,29,30), partition p3 values in (31,32,33,34,35,36,37,38,39,40), partition p4 values in (41,42,43,44,45,46,47,48,49,50), partition p5 values in (51,52,53,54,55,56,57,58,59,60) )"
[1] 23:44:16,656 DEBUG SchemaChange - rewrote SQL to alter table t55 partition by list/__MAXWELL__/ subpartition by hash(yearweek(col1)-200600) subpartitions 5  (partition p0 values in (1,2,3,4,5,6,7,8,9,10), partition p1 values in (11,12,13,14,15,16,17,18,19,20), partition p2 values in (21,22,23,24,25,26,27,28,29,30), partition p3 values in (31,32,33,34,35,36,37,38,39,40), partition p4 values in (41,42,43,44,45,46,47,48,49,50), partition p5 values in (51,52,53,54,55,56,57,58,59,60) )
[1] 23:44:16,656 DEBUG SchemaChange - SQL_PARSE <- "alter table t55 partition by list/__MAXWELL__/ subpartition by hash(yearweek(col1)-200600) subpartitions 5  (partition p0 values in (1,2,3,4,5,6,7,8,9,10), partition p1 values in (11,12,13,14,15,16,17,18,19,20), partition p2 values in (21,22,23,24,25,26,27,28,29,30), partition p3 values in (31,32,33,34,35,36,37,38,39,40), partition p4 values in (41,42,43,44,45,46,47,48,49,50), partition p5 values in (51,52,53,54,55,56,57,58,59,60) )"
[1] 23:44:16,657 DEBUG SchemaChange - rewrote SQL to alter table t55 partition by list/__MAXWELL__/ subpartition by hash/__MAXWELL__/ subpartitions 5  (partition p0 values in (1,2,3,4,5,6,7,8,9,10), partition p1 values in (11,12,13,14,15,16,17,18,19,20), partition p2 values in (21,22,23,24,25,26,27,28,29,30), partition p3 values in (31,32,33,34,35,36,37,38,39,40), partition p4 values in (41,42,43,44,45,46,47,48,49,50), partition p5 values in (51,52,53,54,55,56,57,58,59,60) )
[1] 23:44:16,657 DEBUG SchemaChange - SQL_PARSE <- "alter table t55 partition by list/__MAXWELL__/ subpartition by hash/__MAXWELL__/ subpartitions 5  (partition p0 values in (1,2,3,4,5,6,7,8,9,10), partition p1 values in (11,12,13,14,15,16,17,18,19,20), partition p2 values in (21,22,23,24,25,26,27,28,29,30), partition p3 values in (31,32,33,34,35,36,37,38,39,40), partition p4 values in (41,42,43,44,45,46,47,48,49,50), partition p5 values in (51,52,53,54,55,56,57,58,59,60) )"
[1] 23:44:16,657 DEBUG SchemaChange - rewrote SQL to alter table t55 partition by list/__MAXWELL__/ subpartition by hash/__MAXWELL__/ subpartitions 5  (/__MAXWELL__/
[1] 23:44:16,657 DEBUG SchemaChange - SQL_PARSE <- "alter table t55 partition by list/__MAXWELL__/ subpartition by hash/__MAXWELL__/ subpartitions 5  (/__MAXWELL__/"
[1] 23:44:16,658 DEBUG SchemaChange - SQL_PARSE ->   (parse (statement (alter_table (alter_table_preamble alter table (table_name (name (id t55)))) (alter_specifications (alter_specification (table_creation_option (partition_by partition by (partition_by_what list (skip_parens /__MAXWELL__/)) (subpartition_by subpartition by (partition_by_what hash (skip_parens /__MAXWELL__/)) subpartitions 5) (partition_definitions ( (skip_parens_inside_partition_definitions /__MAXWELL__/)))))))) <EOF>)
[1] 23:44:16,658 DEBUG SchemaChange - SQL_PARSE <- "alter table t6 drop partition p0"
[1] 23:44:16,658 DEBUG SchemaChange - SQL_PARSE ->   (parse (statement (alter_table (alter_table_preamble alter table (table_name (name (id t6)))) (alter_partition_specification drop partition (partition_names (id p0))))) <EOF>)
[1] 23:44:16,658 DEBUG SchemaChange - SQL_PARSE <- "alter table t66 drop partition p0"
[1] 23:44:16,658 DEBUG SchemaChange - SQL_PARSE ->   (parse (statement (alter_table (alter_table_preamble alter table (table_name (name (id t66)))) (alter_partition_specification drop partition (partition_names (id p0))))) <EOF>)
[1] 23:44:16,658 DEBUG SchemaChange - SQL_PARSE <- "alter table t66 partition by range(colint)  (partition p0 values less than (abs(15)), partition p1 values less than maxvalue)"
[1] 23:44:16,658 DEBUG SchemaChange - rewrote SQL to alter table t66 partition by range/__MAXWELL__/  (partition p0 values less than (abs(15)), partition p1 values less than maxvalue)
[1] 23:44:16,658 DEBUG SchemaChange - SQL_PARSE <- "alter table t66 partition by range/__MAXWELL__/  (partition p0 values less than (abs(15)), partition p1 values less than maxvalue)"
[1] 23:44:16,658 DEBUG SchemaChange - rewrote SQL to alter table t66 partition by range/__MAXWELL__/  (/__MAXWELL__/
[1] 23:44:16,658 DEBUG SchemaChange - SQL_PARSE <- "alter table t66 partition by range/__MAXWELL__/  (/__MAXWELL__/"
[1] 23:44:16,659 DEBUG SchemaChange - SQL_PARSE ->   (parse (statement (alter_table (alter_table_preamble alter table (table_name (name (id t66)))) (alter_specifications (alter_specification (table_creation_option (partition_by partition by (partition_by_what range (skip_parens /__MAXWELL__/)) (partition_definitions ( (skip_parens_inside_partition_definitions /__MAXWELL__/)))))))) <EOF>)
[1] 23:44:16,659 DEBUG SchemaChange - SQL_PARSE <- "alter table t66 partition by range(colint)  (partition p0 values less than (day('2006-12-21')), partition p1 values less than maxvalue)"
[1] 23:44:16,659 DEBUG SchemaChange - rewrote SQL to alter table t66 partition by range/__MAXWELL__/  (partition p0 values less than (day('2006-12-21')), partition p1 values less than maxvalue)
[1] 23:44:16,659 DEBUG SchemaChange - SQL_PARSE <- "alter table t66 partition by range/__MAXWELL__/  (partition p0 values less than (day('2006-12-21')), partition p1 values less than maxvalue)"
[1] 23:44:16,659 DEBUG SchemaChange - rewrote SQL to alter table t66 partition by range/__MAXWELL__/  (/__MAXWELL__/
[1] 23:44:16,659 DEBUG SchemaChange - SQL_PARSE <- "alter table t66 partition by range/__MAXWELL__/  (/__MAXWELL__/"
[1] 23:44:16,659 DEBUG SchemaChange - SQL_PARSE ->   (parse (statement (alter_table (alter_table_preamble alter table (table_name (name (id t66)))) (alter_specifications (alter_specification (table_creation_option (partition_by partition by (partition_by_what range (skip_parens /__MAXWELL__/)) (partition_definitions ( (skip_parens_inside_partition_definitions /__MAXWELL__/)))))))) <EOF>)
[1] 23:44:16,659 DEBUG SchemaChange - SQL_PARSE <- "alter table t66 partition by range(colint)  (partition p0 values less than (dayofmonth('2006-12-24')), partition p1 values less than maxvalue)"
[1] 23:44:16,660 DEBUG SchemaChange - rewrote SQL to alter table t66 partition by range/__MAXWELL__/  (partition p0 values less than (dayofmonth('2006-12-24')), partition p1 values less than maxvalue)
[1] 23:44:16,660 DEBUG SchemaChange - SQL_PARSE <- "alter table t66 partition by range/__MAXWELL__/  (partition p0 values less than (dayofmonth('2006-12-24')), partition p1 values less than maxvalue)"
[1] 23:44:16,660 DEBUG SchemaChange - rewrote SQL to alter table t66 partition by range/__MAXWELL__/  (/__MAXWELL__/
[1] 23:44:16,660 DEBUG SchemaChange - SQL_PARSE <- "alter table t66 partition by range/__MAXWELL__/  (/__MAXWELL__/"
[1] 23:44:16,660 DEBUG SchemaChange - SQL_PARSE ->   (parse (statement (alter_table (alter_table_preamble alter table (table_name (name (id t66)))) (alter_specifications (alter_specification (table_creation_option (partition_by partition by (partition_by_what range (skip_parens /__MAXWELL__/)) (partition_definitions ( (skip_parens_inside_partition_definitions /__MAXWELL__/)))))))) <EOF>)
[1] 23:44:16,660 DEBUG SchemaChange - SQL_PARSE <- "alter table t66 partition by range(colint)  (partition p0 values less than (dayofweek('2006-12-24')), partition p1 values less than maxvalue)"
[1] 23:44:16,660 DEBUG SchemaChange - rewrote SQL to alter table t66 partition by range/__MAXWELL__/  (partition p0 values less than (dayofweek('2006-12-24')), partition p1 values less than maxvalue)
[1] 23:44:16,660 DEBUG SchemaChange - SQL_PARSE <- "alter table t66 partition by range/__MAXWELL__/  (partition p0 values less than (dayofweek('2006-12-24')), partition p1 values less than maxvalue)"
[1] 23:44:16,661 DEBUG SchemaChange - rewrote SQL to alter table t66 partition by range/__MAXWELL__/  (/__MAXWELL__/
[1] 23:44:16,661 DEBUG SchemaChange - SQL_PARSE <- "alter table t66 partition by range/__MAXWELL__/  (/__MAXWELL__/"
[1] 23:44:16,661 DEBUG SchemaChange - SQL_PARSE ->   (parse (statement (alter_table (alter_table_preamble alter table (table_name (name (id t66)))) (alter_specifications (alter_specification (table_creation_option (partition_by partition by (partition_by_what range (skip_parens /__MAXWELL__/)) (partition_definitions ( (skip_parens_inside_partition_definitions /__MAXWELL__/)))))))) <EOF>)
[1] 23:44:16,661 DEBUG SchemaChange - SQL_PARSE <- "alter table t66 partition by range(colint)  (partition p0 values less than (dayofyear('2006-12-25')), partition p1 values less than maxvalue)"
[1] 23:44:16,661 DEBUG SchemaChange - rewrote SQL to alter table t66 partition by range/__MAXWELL__/  (partition p0 values less than (dayofyear('2006-12-25')), partition p1 values less than maxvalue)
[1] 23:44:16,661 DEBUG SchemaChange - SQL_PARSE <- "alter table t66 partition by range/__MAXWELL__/  (partition p0 values less than (dayofyear('2006-12-25')), partition p1 values less than maxvalue)"
[1] 23:44:16,661 DEBUG SchemaChange - rewrote SQL to alter table t66 partition by range/__MAXWELL__/  (/__MAXWELL__/
[1] 23:44:16,661 DEBUG SchemaChange - SQL_PARSE <- "alter table t66 partition by range/__MAXWELL__/  (/__MAXWELL__/"
[1] 23:44:16,662 DEBUG SchemaChange - SQL_PARSE ->   (parse (statement (alter_table (alter_table_preamble alter table (table_name (name (id t66)))) (alter_specifications (alter_specification (table_creation_option (partition_by partition by (partition_by_what range (skip_parens /__MAXWELL__/)) (partition_definitions ( (skip_parens_inside_partition_definitions /__MAXWELL__/)))))))) <EOF>)
[1] 23:44:16,662 DEBUG SchemaChange - SQL_PARSE <- "alter table t66 partition by range(colint)  (partition p0 values less than (extract(year from '1998-11-23')), partition p1 values less than maxvalue)"
[1] 23:44:16,662 DEBUG SchemaChange - rewrote SQL to alter table t66 partition by range/__MAXWELL__/  (partition p0 values less than (extract(year from '1998-11-23')), partition p1 values less than maxvalue)
[1] 23:44:16,662 DEBUG SchemaChange - SQL_PARSE <- "alter table t66 partition by range/__MAXWELL__/  (partition p0 values less than (extract(year from '1998-11-23')), partition p1 values less than maxvalue)"
[1] 23:44:16,662 DEBUG SchemaChange - rewrote SQL to alter table t66 partition by range/__MAXWELL__/  (/__MAXWELL__/
[1] 23:44:16,662 DEBUG SchemaChange - SQL_PARSE <- "alter table t66 partition by range/__MAXWELL__/  (/__MAXWELL__/"
[1] 23:44:16,663 DEBUG SchemaChange - SQL_PARSE ->   (parse (statement (alter_table (alter_table_preamble alter table (table_name (name (id t66)))) (alter_specifications (alter_specification (table_creation_option (partition_by partition by (partition_by_what range (skip_parens /__MAXWELL__/)) (partition_definitions ( (skip_parens_inside_partition_definitions /__MAXWELL__/)))))))) <EOF>)
[1] 23:44:16,663 DEBUG SchemaChange - SQL_PARSE <- "alter table t66 partition by range(colint)  (partition p0 values less than (hour('18:30')), partition p1 values less than maxvalue)"
[1] 23:44:16,663 DEBUG SchemaChange - rewrote SQL to alter table t66 partition by range/__MAXWELL__/  (partition p0 values less than (hour('18:30')), partition p1 values less than maxvalue)
[1] 23:44:16,663 DEBUG SchemaChange - SQL_PARSE <- "alter table t66 partition by range/__MAXWELL__/  (partition p0 values less than (hour('18:30')), partition p1 values less than maxvalue)"
[1] 23:44:16,663 DEBUG SchemaChange - rewrote SQL to alter table t66 partition by range/__MAXWELL__/  (/__MAXWELL__/
[1] 23:44:16,663 DEBUG SchemaChange - SQL_PARSE <- "alter table t66 partition by range/__MAXWELL__/  (/__MAXWELL__/"
[1] 23:44:16,663 DEBUG SchemaChange - SQL_PARSE ->   (parse (statement (alter_table (alter_table_preamble alter table (table_name (name (id t66)))) (alter_specifications (alter_specification (table_creation_option (partition_by partition by (partition_by_what range (skip_parens /__MAXWELL__/)) (partition_definitions ( (skip_parens_inside_partition_definitions /__MAXWELL__/)))))))) <EOF>)
[1] 23:44:16,663 DEBUG SchemaChange - SQL_PARSE <- "alter table t66 partition by range(colint)  (partition p0 values less than (microsecond('10:30:10.000010')), partition p1 values less than maxvalue)"
[1] 23:44:16,664 DEBUG SchemaChange - rewrote SQL to alter table t66 partition by range/__MAXWELL__/  (partition p0 values less than (microsecond('10:30:10.000010')), partition p1 values less than maxvalue)
[1] 23:44:16,664 DEBUG SchemaChange - SQL_PARSE <- "alter table t66 partition by range/__MAXWELL__/  (partition p0 values less than (microsecond('10:30:10.000010')), partition p1 values less than maxvalue)"
[1] 23:44:16,664 DEBUG SchemaChange - rewrote SQL to alter table t66 partition by range/__MAXWELL__/  (/__MAXWELL__/
[1] 23:44:16,664 DEBUG SchemaChange - SQL_PARSE <- "alter table t66 partition by range/__MAXWELL__/  (/__MAXWELL__/"
[1] 23:44:16,664 DEBUG SchemaChange - SQL_PARSE ->   (parse (statement (alter_table (alter_table_preamble alter table (table_name (name (id t66)))) (alter_specifications (alter_specification (table_creation_option (partition_by partition by (partition_by_what range (skip_parens /__MAXWELL__/)) (partition_definitions ( (skip_parens_inside_partition_definitions /__MAXWELL__/)))))))) <EOF>)
[1] 23:44:16,664 DEBUG SchemaChange - SQL_PARSE <- "alter table t66 partition by range(colint)  (partition p0 values less than (minute('18:30')), partition p1 values less than maxvalue)"
[1] 23:44:16,665 DEBUG SchemaChange - rewrote SQL to alter table t66 partition by range/__MAXWELL__/  (partition p0 values less than (minute('18:30')), partition p1 values less than maxvalue)
[1] 23:44:16,665 DEBUG SchemaChange - SQL_PARSE <- "alter table t66 partition by range/__MAXWELL__/  (partition p0 values less than (minute('18:30')), partition p1 values less than maxvalue)"
[1] 23:44:16,665 DEBUG SchemaChange - rewrote SQL to alter table t66 partition by range/__MAXWELL__/  (/__MAXWELL__/
[1] 23:44:16,665 DEBUG SchemaChange - SQL_PARSE <- "alter table t66 partition by range/__MAXWELL__/  (/__MAXWELL__/"
[1] 23:44:16,665 DEBUG SchemaChange - SQL_PARSE ->   (parse (statement (alter_table (alter_table_preamble alter table (table_name (name (id t66)))) (alter_specifications (alter_specification (table_creation_option (partition_by partition by (partition_by_what range (skip_parens /__MAXWELL__/)) (partition_definitions ( (skip_parens_inside_partition_definitions /__MAXWELL__/)))))))) <EOF>)
[1] 23:44:16,665 DEBUG SchemaChange - SQL_PARSE <- "alter table t66 partition by range(colint)  (partition p0 values less than (mod(15,10)), partition p1 values less than maxvalue)"
[1] 23:44:16,665 DEBUG SchemaChange - rewrote SQL to alter table t66 partition by range/__MAXWELL__/  (partition p0 values less than (mod(15,10)), partition p1 values less than maxvalue)
[1] 23:44:16,666 DEBUG SchemaChange - SQL_PARSE <- "alter table t66 partition by range/__MAXWELL__/  (partition p0 values less than (mod(15,10)), partition p1 values less than maxvalue)"
[1] 23:44:16,666 DEBUG SchemaChange - rewrote SQL to alter table t66 partition by range/__MAXWELL__/  (/__MAXWELL__/
[1] 23:44:16,666 DEBUG SchemaChange - SQL_PARSE <- "alter table t66 partition by range/__MAXWELL__/  (/__MAXWELL__/"
[1] 23:44:16,666 DEBUG SchemaChange - SQL_PARSE ->   (parse (statement (alter_table (alter_table_preamble alter table (table_name (name (id t66)))) (alter_specifications (alter_specification (table_creation_option (partition_by partition by (partition_by_what range (skip_parens /__MAXWELL__/)) (partition_definitions ( (skip_parens_inside_partition_definitions /__MAXWELL__/)))))))) <EOF>)
[1] 23:44:16,666 DEBUG SchemaChange - SQL_PARSE <- "alter table t66 partition by range(colint)  (partition p0 values less than (month('2006-10-14')), partition p1 values less than maxvalue)"
[1] 23:44:16,666 DEBUG SchemaChange - rewrote SQL to alter table t66 partition by range/__MAXWELL__/  (partition p0 values less than (month('2006-10-14')), partition p1 values less than maxvalue)
[1] 23:44:16,666 DEBUG SchemaChange - SQL_PARSE <- "alter table t66 partition by range/__MAXWELL__/  (partition p0 values less than (month('2006-10-14')), partition p1 values less than maxvalue)"
[1] 23:44:16,666 DEBUG SchemaChange - rewrote SQL to alter table t66 partition by range/__MAXWELL__/  (/__MAXWELL__/
[1] 23:44:16,666 DEBUG SchemaChange - SQL_PARSE <- "alter table t66 partition by range/__MAXWELL__/  (/__MAXWELL__/"
[1] 23:44:16,667 DEBUG SchemaChange - SQL_PARSE ->   (parse (statement (alter_table (alter_table_preamble alter table (table_name (name (id t66)))) (alter_specifications (alter_specification (table_creation_option (partition_by partition by (partition_by_what range (skip_parens /__MAXWELL__/)) (partition_definitions ( (skip_parens_inside_partition_definitions /__MAXWELL__/)))))))) <EOF>)
[1] 23:44:16,667 DEBUG SchemaChange - SQL_PARSE <- "alter table t66 partition by range(colint)  (partition p0 values less than (quarter('2006-10-14')), partition p1 values less than maxvalue)"
[1] 23:44:16,667 DEBUG SchemaChange - rewrote SQL to alter table t66 partition by range/__MAXWELL__/  (partition p0 values less than (quarter('2006-10-14')), partition p1 values less than maxvalue)
[1] 23:44:16,667 DEBUG SchemaChange - SQL_PARSE <- "alter table t66 partition by range/__MAXWELL__/  (partition p0 values less than (quarter('2006-10-14')), partition p1 values less than maxvalue)"
[1] 23:44:16,667 DEBUG SchemaChange - rewrote SQL to alter table t66 partition by range/__MAXWELL__/  (/__MAXWELL__/
[1] 23:44:16,667 DEBUG SchemaChange - SQL_PARSE <- "alter table t66 partition by range/__MAXWELL__/  (/__MAXWELL__/"
[1] 23:44:16,668 DEBUG SchemaChange - SQL_PARSE ->   (parse (statement (alter_table (alter_table_preamble alter table (table_name (name (id t66)))) (alter_specifications (alter_specification (table_creation_option (partition_by partition by (partition_by_what range (skip_parens /__MAXWELL__/)) (partition_definitions ( (skip_parens_inside_partition_definitions /__MAXWELL__/)))))))) <EOF>)
[1] 23:44:16,668 DEBUG SchemaChange - SQL_PARSE <- "alter table t66 partition by range(colint)  (partition p0 values less than (second('18:30:14')), partition p1 values less than maxvalue)"
[1] 23:44:16,668 DEBUG SchemaChange - rewrote SQL to alter table t66 partition by range/__MAXWELL__/  (partition p0 values less than (second('18:30:14')), partition p1 values less than maxvalue)
[1] 23:44:16,668 DEBUG SchemaChange - SQL_PARSE <- "alter table t66 partition by range/__MAXWELL__/  (partition p0 values less than (second('18:30:14')), partition p1 values less than maxvalue)"
[1] 23:44:16,668 DEBUG SchemaChange - rewrote SQL to alter table t66 partition by range/__MAXWELL__/  (/__MAXWELL__/
[1] 23:44:16,668 DEBUG SchemaChange - SQL_PARSE <- "alter table t66 partition by range/__MAXWELL__/  (/__MAXWELL__/"
[1] 23:44:16,668 DEBUG SchemaChange - SQL_PARSE ->   (parse (statement (alter_table (alter_table_preamble alter table (table_name (name (id t66)))) (alter_specifications (alter_specification (table_creation_option (partition_by partition by (partition_by_what range (skip_parens /__MAXWELL__/)) (partition_definitions ( (skip_parens_inside_partition_definitions /__MAXWELL__/)))))))) <EOF>)
[1] 23:44:16,669 DEBUG SchemaChange - SQL_PARSE <- "alter table t66 partition by range(colint)  (partition p0 values less than (time_to_sec('18:30:14')-(time_to_sec('17:59:59'))), partition p1 values less than maxvalue)"
[1] 23:44:16,669 DEBUG SchemaChange - rewrote SQL to alter table t66 partition by range/__MAXWELL__/  (partition p0 values less than (time_to_sec('18:30:14')-(time_to_sec('17:59:59'))), partition p1 values less than maxvalue)
[1] 23:44:16,669 DEBUG SchemaChange - SQL_PARSE <- "alter table t66 partition by range/__MAXWELL__/  (partition p0 values less than (time_to_sec('18:30:14')-(time_to_sec('17:59:59'))), partition p1 values less than maxvalue)"
[1] 23:44:16,669 DEBUG SchemaChange - rewrote SQL to alter table t66 partition by range/__MAXWELL__/  (/__MAXWELL__/
[1] 23:44:16,669 DEBUG SchemaChange - SQL_PARSE <- "alter table t66 partition by range/__MAXWELL__/  (/__MAXWELL__/"
[1] 23:44:16,669 DEBUG SchemaChange - SQL_PARSE ->   (parse (statement (alter_table (alter_table_preamble alter table (table_name (name (id t66)))) (alter_specifications (alter_specification (table_creation_option (partition_by partition by (partition_by_what range (skip_parens /__MAXWELL__/)) (partition_definitions ( (skip_parens_inside_partition_definitions /__MAXWELL__/)))))))) <EOF>)
[1] 23:44:16,669 DEBUG SchemaChange - SQL_PARSE <- "alter table t66 partition by range(colint)  (partition p0 values less than (weekday('2006-10-14')), partition p1 values less than maxvalue)"
[1] 23:44:16,670 DEBUG SchemaChange - rewrote SQL to alter table t66 partition by range/__MAXWELL__/  (partition p0 values less than (weekday('2006-10-14')), partition p1 values less than maxvalue)
[1] 23:44:16,670 DEBUG SchemaChange - SQL_PARSE <- "alter table t66 partition by range/__MAXWELL__/  (partition p0 values less than (weekday('2006-10-14')), partition p1 values less than maxvalue)"
[1] 23:44:16,670 DEBUG SchemaChange - rewrote SQL to alter table t66 partition by range/__MAXWELL__/  (/__MAXWELL__/
[1] 23:44:16,670 DEBUG SchemaChange - SQL_PARSE <- "alter table t66 partition by range/__MAXWELL__/  (/__MAXWELL__/"
[1] 23:44:16,670 DEBUG SchemaChange - SQL_PARSE ->   (parse (statement (alter_table (alter_table_preamble alter table (table_name (name (id t66)))) (alter_specifications (alter_specification (table_creation_option (partition_by partition by (partition_by_what range (skip_parens /__MAXWELL__/)) (partition_definitions ( (skip_parens_inside_partition_definitions /__MAXWELL__/)))))))) <EOF>)
[1] 23:44:16,670 DEBUG SchemaChange - SQL_PARSE <- "alter table t66 partition by range(colint)  (partition p0 values less than (year('2005-10-14')-1990), partition p1 values less than maxvalue)"
[1] 23:44:16,670 DEBUG SchemaChange - rewrote SQL to alter table t66 partition by range/__MAXWELL__/  (partition p0 values less than (year('2005-10-14')-1990), partition p1 values less than maxvalue)
[1] 23:44:16,670 DEBUG SchemaChange - SQL_PARSE <- "alter table t66 partition by range/__MAXWELL__/  (partition p0 values less than (year('2005-10-14')-1990), partition p1 values less than maxvalue)"
[1] 23:44:16,671 DEBUG SchemaChange - rewrote SQL to alter table t66 partition by range/__MAXWELL__/  (/__MAXWELL__/
[1] 23:44:16,671 DEBUG SchemaChange - SQL_PARSE <- "alter table t66 partition by range/__MAXWELL__/  (/__MAXWELL__/"
[1] 23:44:16,671 DEBUG SchemaChange - SQL_PARSE ->   (parse (statement (alter_table (alter_table_preamble alter table (table_name (name (id t66)))) (alter_specifications (alter_specification (table_creation_option (partition_by partition by (partition_by_what range (skip_parens /__MAXWELL__/)) (partition_definitions ( (skip_parens_inside_partition_definitions /__MAXWELL__/)))))))) <EOF>)
[1] 23:44:16,671 DEBUG SchemaChange - SQL_PARSE <- "alter table t66 partition by range(colint)  (partition p0 values less than (yearweek('2006-10-14')-200600), partition p1 values less than maxvalue)"
[1] 23:44:16,671 DEBUG SchemaChange - rewrote SQL to alter table t66 partition by range/__MAXWELL__/  (partition p0 values less than (yearweek('2006-10-14')-200600), partition p1 values less than maxvalue)
[1] 23:44:16,671 DEBUG SchemaChange - SQL_PARSE <- "alter table t66 partition by range/__MAXWELL__/  (partition p0 values less than (yearweek('2006-10-14')-200600), partition p1 values less than maxvalue)"
[1] 23:44:16,671 DEBUG SchemaChange - rewrote SQL to alter table t66 partition by range/__MAXWELL__/  (/__MAXWELL__/
[1] 23:44:16,671 DEBUG SchemaChange - SQL_PARSE <- "alter table t66 partition by range/__MAXWELL__/  (/__MAXWELL__/"
[1] 23:44:16,672 DEBUG SchemaChange - SQL_PARSE ->   (parse (statement (alter_table (alter_table_preamble alter table (table_name (name (id t66)))) (alter_specifications (alter_specification (table_creation_option (partition_by partition by (partition_by_what range (skip_parens /__MAXWELL__/)) (partition_definitions ( (skip_parens_inside_partition_definitions /__MAXWELL__/)))))))) <EOF>)
[1] 23:44:16,672 DEBUG SchemaChange - SQL_PARSE <- "alter table t66 reorganize partition p0,p1 into (partition s1 values less than maxvalue)"
[1] 23:44:16,672 DEBUG SchemaChange - rewrote SQL to alter table t66 reorganize partition p0,p1 into /__MAXWELL__/
[1] 23:44:16,672 DEBUG SchemaChange - SQL_PARSE <- "alter table t66 reorganize partition p0,p1 into /__MAXWELL__/"
[1] 23:44:16,672 DEBUG SchemaChange - SQL_PARSE ->   (parse (statement (alter_table (alter_table_preamble alter table (table_name (name (id t66)))) (alter_partition_specification reorganize partition (partition_names (id p0) , (id p1)) into (skip_parens /__MAXWELL__/)))) <EOF>)
[1] 23:44:16,672 DEBUG SchemaChange - SQL_PARSE <- "alter table t66 reorganize partition s1 into (partition p0 values less than (abs(15)), partition p1 values less than maxvalue)"
[1] 23:44:16,672 DEBUG SchemaChange - rewrote SQL to alter table t66 reorganize partition s1 into /__MAXWELL__/
[1] 23:44:16,672 DEBUG SchemaChange - SQL_PARSE <- "alter table t66 reorganize partition s1 into /__MAXWELL__/"
[1] 23:44:16,672 DEBUG SchemaChange - SQL_PARSE ->   (parse (statement (alter_table (alter_table_preamble alter table (table_name (name (id t66)))) (alter_partition_specification reorganize partition (partition_names (id s1)) into (skip_parens /__MAXWELL__/)))) <EOF>)
[1] 23:44:16,672 DEBUG SchemaChange - SQL_PARSE <- "alter table t66 reorganize partition s1 into (partition p0 values less than (day('2006-12-21')), partition p1 values less than maxvalue)"
[1] 23:44:16,672 DEBUG SchemaChange - rewrote SQL to alter table t66 reorganize partition s1 into /__MAXWELL__/
[1] 23:44:16,672 DEBUG SchemaChange - SQL_PARSE <- "alter table t66 reorganize partition s1 into /__MAXWELL__/"
[1] 23:44:16,672 DEBUG SchemaChange - SQL_PARSE ->   (parse (statement (alter_table (alter_table_preamble alter table (table_name (name (id t66)))) (alter_partition_specification reorganize partition (partition_names (id s1)) into (skip_parens /__MAXWELL__/)))) <EOF>)
[1] 23:44:16,672 DEBUG SchemaChange - SQL_PARSE <- "alter table t66 reorganize partition s1 into (partition p0 values less than (dayofmonth('2006-12-24')), partition p1 values less than maxvalue)"
[1] 23:44:16,673 DEBUG SchemaChange - rewrote SQL to alter table t66 reorganize partition s1 into /__MAXWELL__/
[1] 23:44:16,673 DEBUG SchemaChange - SQL_PARSE <- "alter table t66 reorganize partition s1 into /__MAXWELL__/"
[1] 23:44:16,673 DEBUG SchemaChange - SQL_PARSE ->   (parse (statement (alter_table (alter_table_preamble alter table (table_name (name (id t66)))) (alter_partition_specification reorganize partition (partition_names (id s1)) into (skip_parens /__MAXWELL__/)))) <EOF>)
[1] 23:44:16,673 DEBUG SchemaChange - SQL_PARSE <- "alter table t66 reorganize partition s1 into (partition p0 values less than (dayofweek('2006-12-24')), partition p1 values less than maxvalue)"
[1] 23:44:16,673 DEBUG SchemaChange - rewrote SQL to alter table t66 reorganize partition s1 into /__MAXWELL__/
[1] 23:44:16,673 DEBUG SchemaChange - SQL_PARSE <- "alter table t66 reorganize partition s1 into /__MAXWELL__/"
[1] 23:44:16,673 DEBUG SchemaChange - SQL_PARSE ->   (parse (statement (alter_table (alter_table_preamble alter table (table_name (name (id t66)))) (alter_partition_specification reorganize partition (partition_names (id s1)) into (skip_parens /__MAXWELL__/)))) <EOF>)
[1] 23:44:16,673 DEBUG SchemaChange - SQL_PARSE <- "alter table t66 reorganize partition s1 into (partition p0 values less than (dayofyear('2006-12-25')), partition p1 values less than maxvalue)"
[1] 23:44:16,673 DEBUG SchemaChange - rewrote SQL to alter table t66 reorganize partition s1 into /__MAXWELL__/
[1] 23:44:16,674 DEBUG SchemaChange - SQL_PARSE <- "alter table t66 reorganize partition s1 into /__MAXWELL__/"
[1] 23:44:16,674 DEBUG SchemaChange - SQL_PARSE ->   (parse (statement (alter_table (alter_table_preamble alter table (table_name (name (id t66)))) (alter_partition_specification reorganize partition (partition_names (id s1)) into (skip_parens /__MAXWELL__/)))) <EOF>)
[1] 23:44:16,674 DEBUG SchemaChange - SQL_PARSE <- "alter table t66 reorganize partition s1 into (partition p0 values less than (extract(year from '1998-11-23')), partition p1 values less than maxvalue)"
[1] 23:44:16,674 DEBUG SchemaChange - rewrote SQL to alter table t66 reorganize partition s1 into /__MAXWELL__/
[1] 23:44:16,674 DEBUG SchemaChange - SQL_PARSE <- "alter table t66 reorganize partition s1 into /__MAXWELL__/"
[1] 23:44:16,674 DEBUG SchemaChange - SQL_PARSE ->   (parse (statement (alter_table (alter_table_preamble alter table (table_name (name (id t66)))) (alter_partition_specification reorganize partition (partition_names (id s1)) into (skip_parens /__MAXWELL__/)))) <EOF>)
[1] 23:44:16,674 DEBUG SchemaChange - SQL_PARSE <- "alter table t66 reorganize partition s1 into (partition p0 values less than (hour('18:30')), partition p1 values less than maxvalue)"
[1] 23:44:16,674 DEBUG SchemaChange - rewrote SQL to alter table t66 reorganize partition s1 into /__MAXWELL__/
[1] 23:44:16,674 DEBUG SchemaChange - SQL_PARSE <- "alter table t66 reorganize partition s1 into /__MAXWELL__/"
[1] 23:44:16,674 DEBUG SchemaChange - SQL_PARSE ->   (parse (statement (alter_table (alter_table_preamble alter table (table_name (name (id t66)))) (alter_partition_specification reorganize partition (partition_names (id s1)) into (skip_parens /__MAXWELL__/)))) <EOF>)
[1] 23:44:16,674 DEBUG SchemaChange - SQL_PARSE <- "alter table t66 reorganize partition s1 into (partition p0 values less than (microsecond('10:30:10.000010')), partition p1 values less than maxvalue)"
[1] 23:44:16,674 DEBUG SchemaChange - rewrote SQL to alter table t66 reorganize partition s1 into /__MAXWELL__/
[1] 23:44:16,674 DEBUG SchemaChange - SQL_PARSE <- "alter table t66 reorganize partition s1 into /__MAXWELL__/"
[1] 23:44:16,675 DEBUG SchemaChange - SQL_PARSE ->   (parse (statement (alter_table (alter_table_preamble alter table (table_name (name (id t66)))) (alter_partition_specification reorganize partition (partition_names (id s1)) into (skip_parens /__MAXWELL__/)))) <EOF>)
[1] 23:44:16,675 DEBUG SchemaChange - SQL_PARSE <- "alter table t66 reorganize partition s1 into (partition p0 values less than (minute('18:30')), partition p1 values less than maxvalue)"
[1] 23:44:16,675 DEBUG SchemaChange - rewrote SQL to alter table t66 reorganize partition s1 into /__MAXWELL__/
[1] 23:44:16,675 DEBUG SchemaChange - SQL_PARSE <- "alter table t66 reorganize partition s1 into /__MAXWELL__/"
[1] 23:44:16,675 DEBUG SchemaChange - SQL_PARSE ->   (parse (statement (alter_table (alter_table_preamble alter table (table_name (name (id t66)))) (alter_partition_specification reorganize partition (partition_names (id s1)) into (skip_parens /__MAXWELL__/)))) <EOF>)
[1] 23:44:16,675 DEBUG SchemaChange - SQL_PARSE <- "alter table t66 reorganize partition s1 into (partition p0 values less than (mod(15,10)), partition p1 values less than maxvalue)"
[1] 23:44:16,675 DEBUG SchemaChange - rewrote SQL to alter table t66 reorganize partition s1 into /__MAXWELL__/
[1] 23:44:16,675 DEBUG SchemaChange - SQL_PARSE <- "alter table t66 reorganize partition s1 into /__MAXWELL__/"
[1] 23:44:16,675 DEBUG SchemaChange - SQL_PARSE ->   (parse (statement (alter_table (alter_table_preamble alter table (table_name (name (id t66)))) (alter_partition_specification reorganize partition (partition_names (id s1)) into (skip_parens /__MAXWELL__/)))) <EOF>)
[1] 23:44:16,675 DEBUG SchemaChange - SQL_PARSE <- "alter table t66 reorganize partition s1 into (partition p0 values less than (month('2006-10-14')), partition p1 values less than maxvalue)"
[1] 23:44:16,675 DEBUG SchemaChange - rewrote SQL to alter table t66 reorganize partition s1 into /__MAXWELL__/
[1] 23:44:16,675 DEBUG SchemaChange - SQL_PARSE <- "alter table t66 reorganize partition s1 into /__MAXWELL__/"
[1] 23:44:16,675 DEBUG SchemaChange - SQL_PARSE ->   (parse (statement (alter_table (alter_table_preamble alter table (table_name (name (id t66)))) (alter_partition_specification reorganize partition (partition_names (id s1)) into (skip_parens /__MAXWELL__/)))) <EOF>)
[1] 23:44:16,675 DEBUG SchemaChange - SQL_PARSE <- "alter table t66 reorganize partition s1 into (partition p0 values less than (quarter('2006-10-14')), partition p1 values less than maxvalue)"
[1] 23:44:16,676 DEBUG SchemaChange - rewrote SQL to alter table t66 reorganize partition s1 into /__MAXWELL__/
[1] 23:44:16,676 DEBUG SchemaChange - SQL_PARSE <- "alter table t66 reorganize partition s1 into /__MAXWELL__/"
[1] 23:44:16,676 DEBUG SchemaChange - SQL_PARSE ->   (parse (statement (alter_table (alter_table_preamble alter table (table_name (name (id t66)))) (alter_partition_specification reorganize partition (partition_names (id s1)) into (skip_parens /__MAXWELL__/)))) <EOF>)
[1] 23:44:16,676 DEBUG SchemaChange - SQL_PARSE <- "alter table t66 reorganize partition s1 into (partition p0 values less than (second('18:30:14')), partition p1 values less than maxvalue)"
[1] 23:44:16,676 DEBUG SchemaChange - rewrote SQL to alter table t66 reorganize partition s1 into /__MAXWELL__/
[1] 23:44:16,676 DEBUG SchemaChange - SQL_PARSE <- "alter table t66 reorganize partition s1 into /__MAXWELL__/"
[1] 23:44:16,676 DEBUG SchemaChange - SQL_PARSE ->   (parse (statement (alter_table (alter_table_preamble alter table (table_name (name (id t66)))) (alter_partition_specification reorganize partition (partition_names (id s1)) into (skip_parens /__MAXWELL__/)))) <EOF>)
[1] 23:44:16,676 DEBUG SchemaChange - SQL_PARSE <- "alter table t66 reorganize partition s1 into (partition p0 values less than (time_to_sec('18:30:14')-(time_to_sec('17:59:59'))), partition p1 values less than maxvalue)"
[1] 23:44:16,676 DEBUG SchemaChange - rewrote SQL to alter table t66 reorganize partition s1 into /__MAXWELL__/
[1] 23:44:16,676 DEBUG SchemaChange - SQL_PARSE <- "alter table t66 reorganize partition s1 into /__MAXWELL__/"
[1] 23:44:16,677 DEBUG SchemaChange - SQL_PARSE ->   (parse (statement (alter_table (alter_table_preamble alter table (table_name (name (id t66)))) (alter_partition_specification reorganize partition (partition_names (id s1)) into (skip_parens /__MAXWELL__/)))) <EOF>)
[1] 23:44:16,677 DEBUG SchemaChange - SQL_PARSE <- "alter table t66 reorganize partition s1 into (partition p0 values less than (weekday('2006-10-14')), partition p1 values less than maxvalue)"
[1] 23:44:16,677 DEBUG SchemaChange - rewrote SQL to alter table t66 reorganize partition s1 into /__MAXWELL__/
[1] 23:44:16,677 DEBUG SchemaChange - SQL_PARSE <- "alter table t66 reorganize partition s1 into /__MAXWELL__/"
[1] 23:44:16,677 DEBUG SchemaChange - SQL_PARSE ->   (parse (statement (alter_table (alter_table_preamble alter table (table_name (name (id t66)))) (alter_partition_specification reorganize partition (partition_names (id s1)) into (skip_parens /__MAXWELL__/)))) <EOF>)
[1] 23:44:16,677 DEBUG SchemaChange - SQL_PARSE <- "alter table t66 reorganize partition s1 into (partition p0 values less than (year('2005-10-14')-1990), partition p1 values less than maxvalue)"
[1] 23:44:16,677 DEBUG SchemaChange - rewrote SQL to alter table t66 reorganize partition s1 into /__MAXWELL__/
[1] 23:44:16,677 DEBUG SchemaChange - SQL_PARSE <- "alter table t66 reorganize partition s1 into /__MAXWELL__/"
[1] 23:44:16,678 DEBUG SchemaChange - SQL_PARSE ->   (parse (statement (alter_table (alter_table_preamble alter table (table_name (name (id t66)))) (alter_partition_specification reorganize partition (partition_names (id s1)) into (skip_parens /__MAXWELL__/)))) <EOF>)
[1] 23:44:16,678 DEBUG SchemaChange - SQL_PARSE <- "alter table t66 reorganize partition s1 into (partition p0 values less than (yearweek('2006-10-14')-200600), partition p1 values less than maxvalue)"
[1] 23:44:16,678 DEBUG SchemaChange - rewrote SQL to alter table t66 reorganize partition s1 into /__MAXWELL__/
[1] 23:44:16,678 DEBUG SchemaChange - SQL_PARSE <- "alter table t66 reorganize partition s1 into /__MAXWELL__/"
[1] 23:44:16,678 DEBUG SchemaChange - SQL_PARSE ->   (parse (statement (alter_table (alter_table_preamble alter table (table_name (name (id t66)))) (alter_partition_specification reorganize partition (partition_names (id s1)) into (skip_parens /__MAXWELL__/)))) <EOF>)
[1] 23:44:16,678 DEBUG SchemaChange - SQL_PARSE <- "alter table tblA EXCHANGE PARTITION part_1 WITH TABLE part_2"
[1] 23:44:16,678 DEBUG SchemaChange - SQL_PARSE ->   (parse (statement (alter_table (alter_table_preamble alter table (table_name (name (id tblA)))) (alter_partition_specification EXCHANGE PARTITION part_1 WITH TABLE (table_name (name (id part_2)))))) <EOF>)
[1] 23:44:16,679 DEBUG SchemaChange - SQL_PARSE <- "alter table tblA EXCHANGE PARTITION part_1 WITH TABLE tblB.part_2"
[1] 23:44:16,679 DEBUG SchemaChange - SQL_PARSE ->   (parse (statement (alter_table (alter_table_preamble alter table (table_name (name (id tblA)))) (alter_partition_specification EXCHANGE PARTITION part_1 WITH TABLE (table_name (db_name (name (id tblB))) . (name_all_tokens (id part_2)))))) <EOF>)
[1] 23:44:16,679 DEBUG SchemaChange - SQL_PARSE <- "alter table c MODIFY column `foo` bigint(20) unsigned default 'foo' not null"
[1] 23:44:16,679 DEBUG SchemaChange - SQL_PARSE ->   (parse (statement (alter_table (alter_table_preamble alter table (table_name (name (id c)))) (alter_specifications (alter_specification (modify_column MODIFY column (column_definition (name (id `foo`)) (data_type (signed_type bigint (length ( 20 )) (int_flags unsigned) (column_options (default_value default (literal_with_weirdo_multistring (string_literal 'foo')))) (column_options (nullability not null)))))))))) <EOF>)
[1] 23:44:16,679 DEBUG SchemaChange - SQL_PARSE <- "CREATE TABLE `foo` (id varchar(1) NOT NULL character set 'foo')"
[1] 23:44:16,680 DEBUG SchemaChange - SQL_PARSE ->   (parse (statement (create_table (create_table_preamble CREATE TABLE (table_name (name (id `foo`)))) (create_specifications ( (create_specification (column_definition (name (id id)) (data_type (string_type varchar (length ( 1 )) (column_options (nullability NOT NULL)) (column_options (charset_def (character_set character set (charset_name (string_literal 'foo'))))))))) )))) <EOF>)
[1] 23:44:16,680 DEBUG SchemaChange - SQL_PARSE <- "CREATE TABLE `foo` (id varchar(1) character set 'foo' NOT NULL)"
[1] 23:44:16,680 DEBUG SchemaChange - SQL_PARSE ->   (parse (statement (create_table (create_table_preamble CREATE TABLE (table_name (name (id `foo`)))) (create_specifications ( (create_specification (column_definition (name (id id)) (data_type (string_type varchar (length ( 1 )) (column_options (charset_def (character_set character set (charset_name (string_literal 'foo'))))) (column_options (nullability NOT NULL)))))) )))) <EOF>)
[1] 23:44:16,681 DEBUG SchemaChange - SQL_PARSE <- "ALTER TABLE t1 ADD b GEOMETRY NOT NULL, ADD SPATIAL INDEX(b)"
[1] 23:44:16,681 DEBUG SchemaChange - SQL_PARSE ->   (parse (statement (alter_table (alter_table_preamble ALTER TABLE (table_name (name (id t1)))) (alter_specifications (alter_specification (add_column ADD (column_definition (name (id b)) (data_type (generic_type GEOMETRY (column_options (nullability NOT NULL))))))) , (alter_specification (ignored_alter_specifications ADD (index_definition (index_type_4 SPATIAL (index_or_key INDEX) (index_column_list ( (index_columns (index_column (name (id b)))) ))))))))) <EOF>)
[1] 23:44:16,681 DEBUG SchemaChange - SQL_PARSE <- "ALTER TABLE t1 ADD c POINT"
[1] 23:44:16,681 DEBUG SchemaChange - SQL_PARSE ->   (parse (statement (alter_table (alter_table_preamble ALTER TABLE (table_name (name (id t1)))) (alter_specifications (alter_specification (add_column ADD (column_definition (name (id c)) (data_type (generic_type POINT)))))))) <EOF>)
[1] 23:44:16,682 DEBUG SchemaChange - SQL_PARSE <- "CREATE TABLE IF NOT EXISTS slave_worker_info (   Id INTEGER UNSIGNED NOT NULL,    Relay_log_name TEXT CHARACTER SET utf8 COLLATE utf8_bin NOT NULL,    Relay_log_pos BIGINT UNSIGNED NOT NULL,    Master_log_name TEXT CHARACTER SET utf8 COLLATE utf8_bin NOT NULL,    Master_log_pos BIGINT UNSIGNED NOT NULL,    Checkpoint_relay_log_name TEXT CHARACTER SET utf8 COLLATE utf8_bin NOT NULL,    Checkpoint_relay_log_pos BIGINT UNSIGNED NOT NULL,    Checkpoint_master_log_name TEXT CHARACTER SET utf8 COLLATE utf8_bin NOT NULL,    Checkpoint_master_log_pos BIGINT UNSIGNED NOT NULL,    Checkpoint_seqno INT UNSIGNED NOT NULL,    Checkpoint_group_size INTEGER UNSIGNED NOT NULL,    Checkpoint_group_bitmap BLOB NOT NULL,    PRIMARY KEY(Id)) DEFAULT CHARSET=utf8 STATS_PERSISTENT=0 COMMENT 'Worker Information' ENGINE= INNODB"
[1] 23:44:16,683 DEBUG SchemaChange - SQL_PARSE ->   (parse (statement (create_table (create_table_preamble CREATE TABLE (if_not_exists IF NOT EXISTS) (table_name (name (id slave_worker_info)))) (create_specifications ( (create_specification (column_definition (name (id Id)) (data_type (signed_type INTEGER (int_flags UNSIGNED) (column_options (nullability NOT NULL)))))) , (create_specification (column_definition (name (id Relay_log_name)) (data_type (string_type TEXT (column_options (charset_def (character_set CHARACTER SET (charset_name utf8)))) (column_options (collation COLLATE utf8_bin)) (column_options (nullability NOT NULL)))))) , (create_specification (column_definition (name (id Relay_log_pos)) (data_type (signed_type BIGINT (int_flags UNSIGNED) (column_options (nullability NOT NULL)))))) , (create_specification (column_definition (name (id Master_log_name)) (data_type (string_type TEXT (column_options (charset_def (character_set CHARACTER SET (charset_name utf8)))) (column_options (collation COLLATE utf8_bin)) (column_options (nullability NOT NULL)))))) , (create_specification (column_definition (name (id Master_log_pos)) (data_type (signed_type BIGINT (int_flags UNSIGNED) (column_options (nullability NOT NULL)))))) , (create_specification (column_definition (name (id Checkpoint_relay_log_name)) (data_type (string_type TEXT (column_options (charset_def (character_set CHARACTER SET (charset_name utf8)))) (column_options (collation COLLATE utf8_bin)) (column_options (nullability NOT NULL)))))) , (create_specification (column_definition (name (id Checkpoint_relay_log_pos)) (data_type (signed_type BIGINT (int_flags UNSIGNED) (column_options (nullability NOT NULL)))))) , (create_specification (column_definition (name (id Checkpoint_master_log_name)) (data_type (string_type TEXT (column_options (charset_def (character_set CHARACTER SET (charset_name utf8)))) (column_options (collation COLLATE utf8_bin)) (column_options (nullability NOT NULL)))))) , (create_specification (column_definition (name (id Checkpoint_master_log_pos)) (data_type (signed_type BIGINT (int_flags UNSIGNED) (column_options (nullability NOT NULL)))))) , (create_specification (column_definition (name (id Checkpoint_seqno)) (data_type (signed_type INT (int_flags UNSIGNED) (column_options (nullability NOT NULL)))))) , (create_specification (column_definition (name (id Checkpoint_group_size)) (data_type (signed_type INTEGER (int_flags UNSIGNED) (column_options (nullability NOT NULL)))))) , (create_specification (column_definition (name (id Checkpoint_group_bitmap)) (data_type (generic_type BLOB (column_options (nullability NOT NULL)))))) , (create_specification (index_definition (index_type_pk PRIMARY KEY (index_column_list ( (index_columns (index_column (name (id Id)))) ))))) )) (table_creation_option (creation_character_set DEFAULT CHARSET = (charset_name utf8))) (table_creation_option (creation_stats_persistent STATS_PERSISTENT = 0)) (table_creation_option (creation_comment COMMENT (string_literal 'Worker Information'))) (table_creation_option (creation_engine ENGINE = (id INNODB))))) <EOF>)
[1] 23:44:16,683 DEBUG SchemaChange - SQL_PARSE <- "CREATE TABLE IF NOT EXISTS slave_worker_info (   Id INTEGER UNSIGNED NOT NULL,   Relay_log_name TEXT CHARACTER SET utf8 COLLATE utf8_bin NOT NULL,   Relay_log_pos BIGINT UNSIGNED NOT NULL,   Master_log_name TEXT CHARACTER SET utf8 COLLATE utf8_bin NOT NULL,   Master_log_pos BIGINT UNSIGNED NOT NULL,   Checkpoint_relay_log_name TEXT CHARACTER SET utf8 COLLATE utf8_bin NOT NULL,   Checkpoint_relay_log_pos BIGINT UNSIGNED NOT NULL,   Checkpoint_master_log_name TEXT CHARACTER SET utf8 COLLATE utf8_bin NOT NULL,   Checkpoint_master_log_pos BIGINT UNSIGNED NOT NULL,   Checkpoint_seqno INT UNSIGNED NOT NULL,   Checkpoint_group_size INTEGER UNSIGNED NOT NULL,   Checkpoint_group_bitmap BLOB NOT NULL,   PRIMARY KEY(Id)) DEFAULT CHARSET=utf8 STATS_PERSISTENT=0 COMMENT 'Worker Information' ENGINE= INNODB"
[1] 23:44:16,683 DEBUG SchemaChange - SQL_PARSE ->   (parse (statement (create_table (create_table_preamble CREATE TABLE (if_not_exists IF NOT EXISTS) (table_name (name (id slave_worker_info)))) (create_specifications ( (create_specification (column_definition (name (id Id)) (data_type (signed_type INTEGER (int_flags UNSIGNED) (column_options (nullability NOT NULL)))))) , (create_specification (column_definition (name (id Relay_log_name)) (data_type (string_type TEXT (column_options (charset_def (character_set CHARACTER SET (charset_name utf8)))) (column_options (collation COLLATE utf8_bin)) (column_options (nullability NOT NULL)))))) , (create_specification (column_definition (name (id Relay_log_pos)) (data_type (signed_type BIGINT (int_flags UNSIGNED) (column_options (nullability NOT NULL)))))) , (create_specification (column_definition (name (id Master_log_name)) (data_type (string_type TEXT (column_options (charset_def (character_set CHARACTER SET (charset_name utf8)))) (column_options (collation COLLATE utf8_bin)) (column_options (nullability NOT NULL)))))) , (create_specification (column_definition (name (id Master_log_pos)) (data_type (signed_type BIGINT (int_flags UNSIGNED) (column_options (nullability NOT NULL)))))) , (create_specification (column_definition (name (id Checkpoint_relay_log_name)) (data_type (string_type TEXT (column_options (charset_def (character_set CHARACTER SET (charset_name utf8)))) (column_options (collation COLLATE utf8_bin)) (column_options (nullability NOT NULL)))))) , (create_specification (column_definition (name (id Checkpoint_relay_log_pos)) (data_type (signed_type BIGINT (int_flags UNSIGNED) (column_options (nullability NOT NULL)))))) , (create_specification (column_definition (name (id Checkpoint_master_log_name)) (data_type (string_type TEXT (column_options (charset_def (character_set CHARACTER SET (charset_name utf8)))) (column_options (collation COLLATE utf8_bin)) (column_options (nullability NOT NULL)))))) , (create_specification (column_definition (name (id Checkpoint_master_log_pos)) (data_type (signed_type BIGINT (int_flags UNSIGNED) (column_options (nullability NOT NULL)))))) , (create_specification (column_definition (name (id Checkpoint_seqno)) (data_type (signed_type INT (int_flags UNSIGNED) (column_options (nullability NOT NULL)))))) , (create_specification (column_definition (name (id Checkpoint_group_size)) (data_type (signed_type INTEGER (int_flags UNSIGNED) (column_options (nullability NOT NULL)))))) , (create_specification (column_definition (name (id Checkpoint_group_bitmap)) (data_type (generic_type BLOB (column_options (nullability NOT NULL)))))) , (create_specification (index_definition (index_type_pk PRIMARY KEY (index_column_list ( (index_columns (index_column (name (id Id)))) ))))) )) (table_creation_option (creation_character_set DEFAULT CHARSET = (charset_name utf8))) (table_creation_option (creation_stats_persistent STATS_PERSISTENT = 0)) (table_creation_option (creation_comment COMMENT (string_literal 'Worker Information'))) (table_creation_option (creation_engine ENGINE = (id INNODB))))) <EOF>)
[1] 23:44:16,683 DEBUG SchemaChange - SQL_PARSE <- "CREATE TABLE `slave_worker_info` (   `Id` int(10) unsigned NOT NULL,   `Relay_log_name` text CHARACTER SET utf8 COLLATE utf8_bin NOT NULL,   `Relay_log_pos` bigint(20) unsigned NOT NULL,   `Master_log_name` text CHARACTER SET utf8 COLLATE utf8_bin NOT NULL,   `Master_log_pos` bigint(20) unsigned NOT NULL,   `Checkpoint_relay_log_name` text CHARACTER SET utf8 COLLATE utf8_bin NOT NULL,   `Checkpoint_relay_log_pos` bigint(20) unsigned NOT NULL,   `Checkpoint_master_log_name` text CHARACTER SET utf8 COLLATE utf8_bin NOT NULL,   `Checkpoint_master_log_pos` bigint(20) unsigned NOT NULL,   `Checkpoint_seqno` int(10) unsigned NOT NULL,   `Checkpoint_group_size` int(10) unsigned NOT NULL,   `Checkpoint_group_bitmap` blob NOT NULL,   PRIMARY KEY (`Id`) ) ENGINE=InnoDB DEFAULT CHARSET=utf8 STATS_PERSISTENT=0 COMMENT='Worker Information'"
[1] 23:44:16,684 DEBUG SchemaChange - SQL_PARSE ->   (parse (statement (create_table (create_table_preamble CREATE TABLE (table_name (name (id `slave_worker_info`)))) (create_specifications ( (create_specification (column_definition (name (id `Id`)) (data_type (signed_type int (length ( 10 )) (int_flags unsigned) (column_options (nullability NOT NULL)))))) , (create_specification (column_definition (name (id `Relay_log_name`)) (data_type (string_type text (column_options (charset_def (character_set CHARACTER SET (charset_name utf8)))) (column_options (collation COLLATE utf8_bin)) (column_options (nullability NOT NULL)))))) , (create_specification (column_definition (name (id `Relay_log_pos`)) (data_type (signed_type bigint (length ( 20 )) (int_flags unsigned) (column_options (nullability NOT NULL)))))) , (create_specification (column_definition (name (id `Master_log_name`)) (data_type (string_type text (column_options (charset_def (character_set CHARACTER SET (charset_name utf8)))) (column_options (collation COLLATE utf8_bin)) (column_options (nullability NOT NULL)))))) , (create_specification (column_definition (name (id `Master_log_pos`)) (data_type (signed_type bigint (length ( 20 )) (int_flags unsigned) (column_options (nullability NOT NULL)))))) , (create_specification (column_definition (name (id `Checkpoint_relay_log_name`)) (data_type (string_type text (column_options (charset_def (character_set CHARACTER SET (charset_name utf8)))) (column_options (collation COLLATE utf8_bin)) (column_options (nullability NOT NULL)))))) , (create_specification (column_definition (name (id `Checkpoint_relay_log_pos`)) (data_type (signed_type bigint (length ( 20 )) (int_flags unsigned) (column_options (nullability NOT NULL)))))) , (create_specification (column_definition (name (id `Checkpoint_master_log_name`)) (data_type (string_type text (column_options (charset_def (character_set CHARACTER SET (charset_name utf8)))) (column_options (collation COLLATE utf8_bin)) (column_options (nullability NOT NULL)))))) , (create_specification (column_definition (name (id `Checkpoint_master_log_pos`)) (data_type (signed_type bigint (length ( 20 )) (int_flags unsigned) (column_options (nullability NOT NULL)))))) , (create_specification (column_definition (name (id `Checkpoint_seqno`)) (data_type (signed_type int (length ( 10 )) (int_flags unsigned) (column_options (nullability NOT NULL)))))) , (create_specification (column_definition (name (id `Checkpoint_group_size`)) (data_type (signed_type int (length ( 10 )) (int_flags unsigned) (column_options (nullability NOT NULL)))))) , (create_specification (column_definition (name (id `Checkpoint_group_bitmap`)) (data_type (generic_type blob (column_options (nullability NOT NULL)))))) , (create_specification (index_definition (index_type_pk PRIMARY KEY (index_column_list ( (index_columns (index_column (name (id `Id`)))) ))))) )) (table_creation_option (creation_engine ENGINE = (id InnoDB))) (table_creation_option (creation_character_set DEFAULT CHARSET = (charset_name utf8))) (table_creation_option (creation_stats_persistent STATS_PERSISTENT = 0)) (table_creation_option (creation_comment COMMENT = (string_literal 'Worker Information'))))) <EOF>)
[1] 23:44:16,684 DEBUG SchemaChange - SQL_PARSE <- "CREATE TABLE `t3` (   `line` linestring NOT NULL )"
[1] 23:44:16,685 DEBUG SchemaChange - SQL_PARSE ->   (parse (statement (create_table (create_table_preamble CREATE TABLE (table_name (name (id `t3`)))) (create_specifications ( (create_specification (column_definition (name (id `line`)) (data_type (generic_type linestring (column_options (nullability NOT NULL)))))) )))) <EOF>)
[1] 23:44:16,685 DEBUG SchemaChange - SQL_PARSE <- "CREATE TABLE gis_geometry (fid INTEGER PRIMARY KEY AUTO_INCREMENT, g GEOMETRY)"
[1] 23:44:16,685 DEBUG SchemaChange - SQL_PARSE ->   (parse (statement (create_table (create_table_preamble CREATE TABLE (table_name (name (id gis_geometry)))) (create_specifications ( (create_specification (column_definition (name (id fid)) (data_type (signed_type INTEGER (column_options (primary_key PRIMARY KEY)) (column_options AUTO_INCREMENT))))) , (create_specification (column_definition (name (id g)) (data_type (generic_type GEOMETRY)))) )))) <EOF>)
[1] 23:44:16,685 DEBUG SchemaChange - SQL_PARSE <- "CREATE TABLE gis_geometrycollection  (fid INTEGER PRIMARY KEY AUTO_INCREMENT, g GEOMETRYCOLLECTION)"
[1] 23:44:16,685 DEBUG SchemaChange - SQL_PARSE ->   (parse (statement (create_table (create_table_preamble CREATE TABLE (table_name (name (id gis_geometrycollection)))) (create_specifications ( (create_specification (column_definition (name (id fid)) (data_type (signed_type INTEGER (column_options (primary_key PRIMARY KEY)) (column_options AUTO_INCREMENT))))) , (create_specification (column_definition (name (id g)) (data_type (generic_type GEOMETRYCOLLECTION)))) )))) <EOF>)
[1] 23:44:16,685 DEBUG SchemaChange - SQL_PARSE <- "CREATE TABLE gis_line  (fid INTEGER PRIMARY KEY AUTO_INCREMENT, g LINESTRING)"
[1] 23:44:16,685 DEBUG SchemaChange - SQL_PARSE ->   (parse (statement (create_table (create_table_preamble CREATE TABLE (table_name (name (id gis_line)))) (create_specifications ( (create_specification (column_definition (name (id fid)) (data_type (signed_type INTEGER (column_options (primary_key PRIMARY KEY)) (column_options AUTO_INCREMENT))))) , (create_specification (column_definition (name (id g)) (data_type (generic_type LINESTRING)))) )))) <EOF>)
[1] 23:44:16,685 DEBUG SchemaChange - SQL_PARSE <- "CREATE TABLE gis_multi_line (fid INTEGER PRIMARY KEY AUTO_INCREMENT, g MULTILINESTRING)"
[1] 23:44:16,685 DEBUG SchemaChange - SQL_PARSE ->   (parse (statement (create_table (create_table_preamble CREATE TABLE (table_name (name (id gis_multi_line)))) (create_specifications ( (create_specification (column_definition (name (id fid)) (data_type (signed_type INTEGER (column_options (primary_key PRIMARY KEY)) (column_options AUTO_INCREMENT))))) , (create_specification (column_definition (name (id g)) (data_type (generic_type MULTILINESTRING)))) )))) <EOF>)
[1] 23:44:16,685 DEBUG SchemaChange - SQL_PARSE <- "CREATE TABLE gis_multi_point (fid INTEGER PRIMARY KEY AUTO_INCREMENT, g MULTIPOINT)"
[1] 23:44:16,686 DEBUG SchemaChange - SQL_PARSE ->   (parse (statement (create_table (create_table_preamble CREATE TABLE (table_name (name (id gis_multi_point)))) (create_specifications ( (create_specification (column_definition (name (id fid)) (data_type (signed_type INTEGER (column_options (primary_key PRIMARY KEY)) (column_options AUTO_INCREMENT))))) , (create_specification (column_definition (name (id g)) (data_type (generic_type MULTIPOINT)))) )))) <EOF>)
[1] 23:44:16,686 DEBUG SchemaChange - SQL_PARSE <- "CREATE TABLE gis_multi_polygon  (fid INTEGER PRIMARY KEY AUTO_INCREMENT, g MULTIPOLYGON)"
[1] 23:44:16,686 DEBUG SchemaChange - SQL_PARSE ->   (parse (statement (create_table (create_table_preamble CREATE TABLE (table_name (name (id gis_multi_polygon)))) (create_specifications ( (create_specification (column_definition (name (id fid)) (data_type (signed_type INTEGER (column_options (primary_key PRIMARY KEY)) (column_options AUTO_INCREMENT))))) , (create_specification (column_definition (name (id g)) (data_type (generic_type MULTIPOLYGON)))) )))) <EOF>)
[1] 23:44:16,686 DEBUG SchemaChange - SQL_PARSE <- "CREATE TABLE gis_point  (fid INTEGER PRIMARY KEY AUTO_INCREMENT, g POINT)"
[1] 23:44:16,686 DEBUG SchemaChange - SQL_PARSE ->   (parse (statement (create_table (create_table_preamble CREATE TABLE (table_name (name (id gis_point)))) (create_specifications ( (create_specification (column_definition (name (id fid)) (data_type (signed_type INTEGER (column_options (primary_key PRIMARY KEY)) (column_options AUTO_INCREMENT))))) , (create_specification (column_definition (name (id g)) (data_type (generic_type POINT)))) )))) <EOF>)
[1] 23:44:16,686 DEBUG SchemaChange - SQL_PARSE <- "CREATE TABLE gis_polygon   (fid INTEGER PRIMARY KEY AUTO_INCREMENT, g POLYGON)"
[1] 23:44:16,687 DEBUG SchemaChange - SQL_PARSE ->   (parse (statement (create_table (create_table_preamble CREATE TABLE (table_name (name (id gis_polygon)))) (create_specifications ( (create_specification (column_definition (name (id fid)) (data_type (signed_type INTEGER (column_options (primary_key PRIMARY KEY)) (column_options AUTO_INCREMENT))))) , (create_specification (column_definition (name (id g)) (data_type (generic_type POLYGON)))) )))) <EOF>)
[1] 23:44:16,687 DEBUG SchemaChange - SQL_PARSE <- "CREATE TABLE t1 ( a INTEGER PRIMARY KEY AUTO_INCREMENT, gp  point, ln  linestring, pg  polygon, mp  multipoint, mln multilinestring, mpg multipolygon, gc  geometrycollection, gm  geometry )"
[1] 23:44:16,687 DEBUG SchemaChange - SQL_PARSE ->   (parse (statement (create_table (create_table_preamble CREATE TABLE (table_name (name (id t1)))) (create_specifications ( (create_specification (column_definition (name (id a)) (data_type (signed_type INTEGER (column_options (primary_key PRIMARY KEY)) (column_options AUTO_INCREMENT))))) , (create_specification (column_definition (name (id gp)) (data_type (generic_type point)))) , (create_specification (column_definition (name (id ln)) (data_type (generic_type linestring)))) , (create_specification (column_definition (name (id pg)) (data_type (generic_type polygon)))) , (create_specification (column_definition (name (id mp)) (data_type (generic_type multipoint)))) , (create_specification (column_definition (name (id mln)) (data_type (generic_type multilinestring)))) , (create_specification (column_definition (name (id mpg)) (data_type (generic_type multipolygon)))) , (create_specification (column_definition (name (id gc)) (data_type (generic_type geometrycollection)))) , (create_specification (column_definition (name (id gm)) (data_type (generic_type geometry)))) )))) <EOF>)
[1] 23:44:16,687 DEBUG SchemaChange - SQL_PARSE <- "CREATE TABLE t1 ( pk int, a varchar(1), b varchar(4), c tinyblob, d blob, e mediumblob, f longblob, g tinytext, h text, i mediumtext, j longtext, k geometry, PRIMARY KEY (pk) )"
[1] 23:44:16,688 DEBUG SchemaChange - SQL_PARSE ->   (parse (statement (create_table (create_table_preamble CREATE TABLE (table_name (name (id t1)))) (create_specifications ( (create_specification (column_definition (name (id pk)) (data_type (signed_type int)))) , (create_specification (column_definition (name (id a)) (data_type (string_type varchar (length ( 1 )))))) , (create_specification (column_definition (name (id b)) (data_type (string_type varchar (length ( 4 )))))) , (create_specification (column_definition (name (id c)) (data_type (generic_type tinyblob)))) , (create_specification (column_definition (name (id d)) (data_type (generic_type blob)))) , (create_specification (column_definition (name (id e)) (data_type (generic_type mediumblob)))) , (create_specification (column_definition (name (id f)) (data_type (generic_type longblob)))) , (create_specification (column_definition (name (id g)) (data_type (string_type tinytext)))) , (create_specification (column_definition (name (id h)) (data_type (string_type text)))) , (create_specification (column_definition (name (id i)) (data_type (string_type mediumtext)))) , (create_specification (column_definition (name (id j)) (data_type (string_type longtext)))) , (create_specification (column_definition (name (id k)) (data_type (generic_type geometry)))) , (create_specification (index_definition (index_type_pk PRIMARY KEY (index_column_list ( (index_columns (index_column (name (id pk)))) ))))) )))) <EOF>)
[1] 23:44:16,688 DEBUG SchemaChange - SQL_PARSE <- "CREATE TABLE t1 (a GEOMETRY)"
[1] 23:44:16,688 DEBUG SchemaChange - SQL_PARSE ->   (parse (statement (create_table (create_table_preamble CREATE TABLE (table_name (name (id t1)))) (create_specifications ( (create_specification (column_definition (name (id a)) (data_type (generic_type GEOMETRY)))) )))) <EOF>)
[1] 23:44:16,688 DEBUG SchemaChange - SQL_PARSE <- "CREATE TABLE t1 (line LINESTRING NOT NULL) engine=myisam"
[1] 23:44:16,688 DEBUG SchemaChange - SQL_PARSE ->   (parse (statement (create_table (create_table_preamble CREATE TABLE (table_name (name (id t1)))) (create_specifications ( (create_specification (column_definition (name (id line)) (data_type (generic_type LINESTRING (column_options (nullability NOT NULL)))))) )) (table_creation_option (creation_engine engine = (id myisam))))) <EOF>)
[1] 23:44:16,688 DEBUG SchemaChange - SQL_PARSE <- "CREATE TABLE t1 (name VARCHAR(100), square GEOMETRY)"
[1] 23:44:16,688 DEBUG SchemaChange - SQL_PARSE ->   (parse (statement (create_table (create_table_preamble CREATE TABLE (table_name (name (id t1)))) (create_specifications ( (create_specification (column_definition (name (tokens_available_for_names name)) (data_type (string_type VARCHAR (length ( 100 )))))) , (create_specification (column_definition (name (id square)) (data_type (generic_type GEOMETRY)))) )))) <EOF>)
[1] 23:44:16,688 DEBUG SchemaChange - SQL_PARSE <- "CREATE TABLE t1 (p POINT)"
[1] 23:44:16,688 DEBUG SchemaChange - SQL_PARSE ->   (parse (statement (create_table (create_table_preamble CREATE TABLE (table_name (name (id t1)))) (create_specifications ( (create_specification (column_definition (name (id p)) (data_type (generic_type POINT)))) )))) <EOF>)
[1] 23:44:16,688 DEBUG SchemaChange - SQL_PARSE <- "CREATE TABLE t1(a LINESTRING NOT NULL, SPATIAL KEY(a))"
[1] 23:44:16,688 DEBUG SchemaChange - SQL_PARSE ->   (parse (statement (create_table (create_table_preamble CREATE TABLE (table_name (name (id t1)))) (create_specifications ( (create_specification (column_definition (name (id a)) (data_type (generic_type LINESTRING (column_options (nullability NOT NULL)))))) , (create_specification (index_definition (index_type_4 SPATIAL (index_or_key KEY) (index_column_list ( (index_columns (index_column (name (id a)))) ))))) )))) <EOF>)
[1] 23:44:16,689 DEBUG SchemaChange - SQL_PARSE <- "CREATE TABLE t2 (line LINESTRING NOT NULL) engine=myisam"
[1] 23:44:16,689 DEBUG SchemaChange - SQL_PARSE ->   (parse (statement (create_table (create_table_preamble CREATE TABLE (table_name (name (id t2)))) (create_specifications ( (create_specification (column_definition (name (id line)) (data_type (generic_type LINESTRING (column_options (nullability NOT NULL)))))) )) (table_creation_option (creation_engine engine = (id myisam))))) <EOF>)
[1] 23:44:16,689 DEBUG SchemaChange - SQL_PARSE <- "CREATE TABLE t2 (p POINT, INDEX(p))"
[1] 23:44:16,689 DEBUG SchemaChange - SQL_PARSE ->   (parse (statement (create_table (create_table_preamble CREATE TABLE (table_name (name (id t2)))) (create_specifications ( (create_specification (column_definition (name (id p)) (data_type (generic_type POINT)))) , (create_specification (index_definition (index_type_1 (index_or_key INDEX) (index_column_list ( (index_columns (index_column (name (id p)))) ))))) )))) <EOF>)
[1] 23:44:16,689 DEBUG SchemaChange - SQL_PARSE <- "CREATE TABLE test.t1_1 (f1 BIGINT, f2 TEXT, f2x TEXT, f3 CHAR(10), f3x CHAR(10), f4 BIGINT, f4x BIGINT, f5 POINT, f5x POINT NOT NULL) DEFAULT CHARACTER SET latin1 COLLATE latin1_swedish_ci ENGINE = MyISAM"
[1] 23:44:16,689 DEBUG SchemaChange - SQL_PARSE ->   (parse (statement (create_table (create_table_preamble CREATE TABLE (table_name (db_name (name (id test))) . (name_all_tokens (id t1_1)))) (create_specifications ( (create_specification (column_definition (name (id f1)) (data_type (signed_type BIGINT)))) , (create_specification (column_definition (name (id f2)) (data_type (string_type TEXT)))) , (create_specification (column_definition (name (id f2x)) (data_type (string_type TEXT)))) , (create_specification (column_definition (name (id f3)) (data_type (string_type CHAR (length ( 10 )))))) , (create_specification (column_definition (name (id f3x)) (data_type (string_type CHAR (length ( 10 )))))) , (create_specification (column_definition (name (id f4)) (data_type (signed_type BIGINT)))) , (create_specification (column_definition (name (id f4x)) (data_type (signed_type BIGINT)))) , (create_specification (column_definition (name (id f5)) (data_type (generic_type POINT)))) , (create_specification (column_definition (name (id f5x)) (data_type (generic_type POINT (column_options (nullability NOT NULL)))))) )) (table_creation_option (creation_character_set DEFAULT CHARACTER SET (charset_name latin1))) (table_creation_option (creation_collation (default_collation (collation COLLATE latin1_swedish_ci)))) (table_creation_option (creation_engine ENGINE = (id MyISAM))))) <EOF>)
[1] 23:44:16,689 DEBUG SchemaChange - SQL_PARSE <- "create table t1 (a int not null, b linestring not null, unique key b (b(12)))"
[1] 23:44:16,690 DEBUG SchemaChange - SQL_PARSE ->   (parse (statement (create_table (create_table_preamble create table (table_name (name (id t1)))) (create_specifications ( (create_specification (column_definition (name (id a)) (data_type (signed_type int (column_options (nullability not null)))))) , (create_specification (column_definition (name (id b)) (data_type (generic_type linestring (column_options (nullability not null)))))) , (create_specification (index_definition (index_type_3 unique (index_or_key key) (index_name (name (id b))) (index_column_list ( (index_columns (index_column (name (id b)) (index_column_partial_def ( (index_column_partial_length 12) )))) ))))) )))) <EOF>)
[1] 23:44:16,690 DEBUG SchemaChange - SQL_PARSE <- "create table t1 (a int not null, b linestring not null, unique key b (b(12)), unique key a (a))"
[1] 23:44:16,690 DEBUG SchemaChange - SQL_PARSE ->   (parse (statement (create_table (create_table_preamble create table (table_name (name (id t1)))) (create_specifications ( (create_specification (column_definition (name (id a)) (data_type (signed_type int (column_options (nullability not null)))))) , (create_specification (column_definition (name (id b)) (data_type (generic_type linestring (column_options (nullability not null)))))) , (create_specification (index_definition (index_type_3 unique (index_or_key key) (index_name (name (id b))) (index_column_list ( (index_columns (index_column (name (id b)) (index_column_partial_def ( (index_column_partial_length 12) )))) ))))) , (create_specification (index_definition (index_type_3 unique (index_or_key key) (index_name (name (id a))) (index_column_list ( (index_columns (index_column (name (id a)))) ))))) )))) <EOF>)
[1] 23:44:16,690 DEBUG SchemaChange - SQL_PARSE <- "create table t1 (pk integer primary key auto_increment, a geometry not null)"
[1] 23:44:16,690 DEBUG SchemaChange - SQL_PARSE ->   (parse (statement (create_table (create_table_preamble create table (table_name (name (id t1)))) (create_specifications ( (create_specification (column_definition (name (id pk)) (data_type (signed_type integer (column_options (primary_key primary key)) (column_options auto_increment))))) , (create_specification (column_definition (name (id a)) (data_type (generic_type geometry (column_options (nullability not null)))))) )))) <EOF>)
[1] 23:44:16,690 DEBUG SchemaChange - SQL_PARSE <- "create table t1 (pk integer primary key auto_increment, fl geometry not null)"
[1] 23:44:16,690 DEBUG SchemaChange - SQL_PARSE ->   (parse (statement (create_table (create_table_preamble create table (table_name (name (id t1)))) (create_specifications ( (create_specification (column_definition (name (id pk)) (data_type (signed_type integer (column_options (primary_key primary key)) (column_options auto_increment))))) , (create_specification (column_definition (name (id fl)) (data_type (generic_type geometry (column_options (nullability not null)))))) )))) <EOF>)
[1] 23:44:16,690 DEBUG SchemaChange - SQL_PARSE <- "create table t1(City VARCHAR(30),Location geometry)"
[1] 23:44:16,690 DEBUG SchemaChange - SQL_PARSE ->   (parse (statement (create_table (create_table_preamble create table (table_name (name (id t1)))) (create_specifications ( (create_specification (column_definition (name (id City)) (data_type (string_type VARCHAR (length ( 30 )))))) , (create_specification (column_definition (name (id Location)) (data_type (generic_type geometry)))) )))) <EOF>)
[1] 23:44:16,690 DEBUG SchemaChange - SQL_PARSE <- "create table t1(a point)"
[1] 23:44:16,690 DEBUG SchemaChange - SQL_PARSE ->   (parse (statement (create_table (create_table_preamble create table (table_name (name (id t1)))) (create_specifications ( (create_specification (column_definition (name (id a)) (data_type (generic_type point)))) )))) <EOF>)
[1] 23:44:16,693 DEBUG SchemaChange - SQL_PARSE <- "alter table no.no add column mocha TEXT default 'hello'''''"
[1] 23:44:16,693 DEBUG SchemaChange - SQL_PARSE ->   (parse (statement (alter_table (alter_table_preamble alter table (table_name (db_name (name (tokens_available_for_names no))) . (name_all_tokens (all_tokens no)))) (alter_specifications (alter_specification (add_column add column (column_definition (name (id mocha)) (data_type (string_type TEXT (column_options (default_value default (literal_with_weirdo_multistring (string_literal 'hello''''')))))))))))) <EOF>)
[1] 23:44:16,693 DEBUG SchemaChange - SQL_PARSE <- "CREATE DATABASE if not exists `foo` -- inline comment!
 default character # another one
set='latin1' --one at the end"
[1] 23:44:16,694 DEBUG SchemaChange - SQL_PARSE ->   (parse (statement (create_database CREATE DATABASE (if_not_exists if not exists) (name (id `foo`)) (create_option (default_character_set default (charset_token character set) = (charset_name (string_literal 'latin1')))))) <EOF>)
[1] 23:44:16,694 DEBUG SchemaChange - SQL_PARSE <- "/**/ CREATE DATABASE if not exists `foo`"
[1] 23:44:16,694 DEBUG SchemaChange - SQL_PARSE ->   (parse (statement (create_database CREATE DATABASE (if_not_exists if not exists) (name (id `foo`)))) <EOF>)
[1] 23:44:16,694 DEBUG SchemaChange - SQL_PARSE <- "CREATE TABLE `bar`.`foo` (id int(11) auto_increment PRIMARY KEY) ENGINE=innodb CHARACTER SET='latin1' ROW_FORMAT=FIXED COMPRESSION='lz4'"
[1] 23:44:16,694 DEBUG SchemaChange - SQL_PARSE ->   (parse (statement (create_table (create_table_preamble CREATE TABLE (table_name (db_name (name (id `bar`))) . (name_all_tokens (id `foo`)))) (create_specifications ( (create_specification (column_definition (name (id id)) (data_type (signed_type int (length ( 11 )) (column_options auto_increment) (column_options (primary_key PRIMARY KEY)))))) )) (table_creation_option (creation_engine ENGINE = (id innodb))) (table_creation_option (creation_character_set CHARACTER SET = (charset_name (string_literal 'latin1')))) (table_creation_option (creation_row_format ROW_FORMAT = FIXED)) (table_creation_option (creation_compression COMPRESSION = (string_literal 'lz4'))))) <EOF>)
[1] 23:44:16,695 DEBUG SchemaChange - SQL_PARSE <- "CREATE TABLE foo (id boolean default true)"
[1] 23:44:16,695 DEBUG SchemaChange - SQL_PARSE ->   (parse (statement (create_table (create_table_preamble CREATE TABLE (table_name (name (id foo)))) (create_specifications ( (create_specification (column_definition (name (id id)) (data_type (generic_type boolean (column_options (default_value default (literal_with_weirdo_multistring true))))))) )))) <EOF>)
[1] 23:44:16,695 DEBUG SchemaChange - SQL_PARSE <- "CREATE TABLE foo (id boolean default false)"
[1] 23:44:16,695 DEBUG SchemaChange - SQL_PARSE ->   (parse (statement (create_table (create_table_preamble CREATE TABLE (table_name (name (id foo)))) (create_specifications ( (create_specification (column_definition (name (id id)) (data_type (generic_type boolean (column_options (default_value default (literal_with_weirdo_multistring false))))))) )))) <EOF>)
[1] 23:44:16,695 DEBUG SchemaChange - SQL_PARSE <- "CREATE DATABASE if not exists `foo` default character set='latin1'"
[1] 23:44:16,695 DEBUG SchemaChange - SQL_PARSE ->   (parse (statement (create_database CREATE DATABASE (if_not_exists if not exists) (name (id `foo`)) (create_option (default_character_set default (charset_token character set) = (charset_name (string_literal 'latin1')))))) <EOF>)
[1] 23:44:16,695 DEBUG SchemaChange - SQL_PARSE <- "alter table foo add column `int` int(11) unsigned not null AFTER `afterCol`"
[1] 23:44:16,696 DEBUG SchemaChange - SQL_PARSE ->   (parse (statement (alter_table (alter_table_preamble alter table (table_name (name (id foo)))) (alter_specifications (alter_specification (add_column add column (column_definition (name (id `int`)) (data_type (signed_type int (length ( 11 )) (int_flags unsigned) (column_options (nullability not null))))) (col_position AFTER (name (id `afterCol`)))))))) <EOF>)
[1] 23:44:16,696 DEBUG SchemaChange - SQL_PARSE <- "alter table `fie` add column baz bigINT null"
[1] 23:44:16,696 DEBUG SchemaChange - SQL_PARSE ->   (parse (statement (alter_table (alter_table_preamble alter table (table_name (name (id `fie`)))) (alter_specifications (alter_specification (add_column add column (column_definition (name (id baz)) (data_type (signed_type bigINT (column_options (nullability null)))))))))) <EOF>)
[1] 23:44:16,696 DEBUG SchemaChange - SQL_PARSE <- "CREATE TABLE test.chk (  group_name DECIMAL(8, 2) NOT NULL)  "
[1] 23:44:16,696 DEBUG SchemaChange - SQL_PARSE ->   (parse (statement (create_table (create_table_preamble CREATE TABLE (table_name (db_name (name (id test))) . (name_all_tokens (id chk)))) (create_specifications ( (create_specification (column_definition (name (id group_name)) (data_type (signed_type DECIMAL (decimal_length ( 8 , 2 )) (column_options (nullability NOT NULL)))))) )))) <EOF>)
[1] 23:44:16,696 DEBUG SchemaChange - SQL_PARSE <- "alter table c convert to character set 'latin1'"
[1] 23:44:16,696 DEBUG SchemaChange - SQL_PARSE ->   (parse (statement (alter_table (alter_table_preamble alter table (table_name (name (id c)))) (alter_specifications (alter_specification (convert_to_character_set convert to (charset_token character set) (charset_name (string_literal 'latin1'))))))) <EOF>)
[1] 23:44:16,697 DEBUG SchemaChange - SQL_PARSE <- "alter table c charset=utf8"
[1] 23:44:16,697 DEBUG SchemaChange - SQL_PARSE ->   (parse (statement (alter_table (alter_table_preamble alter table (table_name (name (id c)))) (alter_specifications (alter_specification (default_character_set (charset_token charset) = (charset_name utf8)))))) <EOF>)
[1] 23:44:16,697 DEBUG SchemaChange - SQL_PARSE <- "alter table c character set = 'utf8'"
[1] 23:44:16,697 DEBUG SchemaChange - SQL_PARSE ->   (parse (statement (alter_table (alter_table_preamble alter table (table_name (name (id c)))) (alter_specifications (alter_specification (default_character_set (charset_token character set) = (charset_name (string_literal 'utf8'))))))) <EOF>)
[1] 23:44:16,699 INFO  MysqlIsolatedServer - booting onetimeserver: C:\Users\xcvs\IdeaProjects\maxwell/src/test/onetimeserver --mysql-version=5.6 --log-slave-updates --log-bin=master --binlog_format=row --innodb_flush_log_at_trx_commit=0 --server_id=4321 --character-set-server=utf8 --sync_binlog=0 --default-time-zone=+00:00   
[1] 23:44:16,702 INFO  MysqlIsolatedServer - booting onetimeserver: C:\Users\xcvs\IdeaProjects\maxwell/src/test/onetimeserver --mysql-version=5.6 --log-slave-updates --log-bin=master --binlog_format=row --innodb_flush_log_at_trx_commit=0 --server_id=4321 --character-set-server=utf8 --sync_binlog=0 --default-time-zone=+00:00   
[1] 23:44:16,704 INFO  MysqlIsolatedServer - booting onetimeserver: C:\Users\xcvs\IdeaProjects\maxwell/src/test/onetimeserver --mysql-version=5.6 --log-slave-updates --log-bin=master --binlog_format=row --innodb_flush_log_at_trx_commit=0 --server_id=4321 --character-set-server=utf8 --sync_binlog=0 --default-time-zone=+00:00   --lower-case-table-names=1
[1] 23:44:16,706 INFO  MysqlIsolatedServer - booting onetimeserver: C:\Users\xcvs\IdeaProjects\maxwell/src/test/onetimeserver --mysql-version=5.6 --log-slave-updates --log-bin=master --binlog_format=row --innodb_flush_log_at_trx_commit=0 --server_id=4321 --character-set-server=utf8 --sync_binlog=0 --default-time-zone=+00:00   
[1] 23:44:16,709 INFO  MysqlIsolatedServer - booting onetimeserver: C:\Users\xcvs\IdeaProjects\maxwell/src/test/onetimeserver --mysql-version=5.6 --log-slave-updates --log-bin=master --binlog_format=row --innodb_flush_log_at_trx_commit=0 --server_id=4321 --character-set-server=utf8 --sync_binlog=0 --default-time-zone=+00:00   
[1] 23:44:16,711 INFO  MysqlIsolatedServer - booting onetimeserver: C:\Users\xcvs\IdeaProjects\maxwell/src/test/onetimeserver --mysql-version=5.6 --log-slave-updates --log-bin=master --binlog_format=row --innodb_flush_log_at_trx_commit=0 --server_id=4321 --character-set-server=utf8 --sync_binlog=0 --default-time-zone=+00:00   
[1] 23:44:16,714 INFO  MysqlIsolatedServer - booting onetimeserver: C:\Users\xcvs\IdeaProjects\maxwell/src/test/onetimeserver --mysql-version=5.6 --log-slave-updates --log-bin=master --binlog_format=row --innodb_flush_log_at_trx_commit=0 --server_id=4321 --character-set-server=utf8 --sync_binlog=0 --default-time-zone=+00:00   
[1] 23:44:16,718 INFO  MysqlIsolatedServer - booting onetimeserver: C:\Users\xcvs\IdeaProjects\maxwell/src/test/onetimeserver --mysql-version=5.6 --log-slave-updates --log-bin=master --binlog_format=row --innodb_flush_log_at_trx_commit=0 --server_id=4321 --character-set-server=utf8 --sync_binlog=0 --default-time-zone=+00:00   
[1] 23:44:16,836 DEBUG StoppableTaskState - task requestStop() called (in state: STOPPED)
[1] 23:44:16,946 DEBUG StoppableTaskState - task requestStop() called (in state: RUNNING)
[1] 23:44:16,955 INFO  TaskManager - Stopping 1 tasks
[1] 23:44:16,955 INFO  TaskManager - Stopping: com.zendesk.maxwell.util.TaskManagerTest$SampleTask@14b9df65
[1] 23:44:16,971 DEBUG TaskManager - Awaiting stop of: com.zendesk.maxwell.util.TaskManagerTest$SampleTask@14b9df65
[1] 23:44:16,971 INFO  TaskManager - Stopped all tasks
[1] 23:44:16,971 DEBUG TaskManager - Stop() called multiple times
[1] 23:44:16,978 INFO  TaskManager - Stopping 1 tasks
[1] 23:44:16,978 INFO  TaskManager - Stopping: com.zendesk.maxwell.util.TaskManagerTest$UnstoppableTask@759f45f1
[1] 23:44:16,978 DEBUG TaskManager - Awaiting stop of: com.zendesk.maxwell.util.TaskManagerTest$UnstoppableTask@759f45f1
[1] 23:44:16,979 INFO  TaskManager - Stopping 2 tasks
[1] 23:44:16,979 INFO  TaskManager - Stopping: com.zendesk.maxwell.util.TaskManagerTest$SampleTask@2573b149
[1] 23:44:16,979 INFO  TaskManager - Stopping: com.zendesk.maxwell.util.TaskManagerTest$SampleTask@1479ed5a
[1] 23:44:16,979 DEBUG TaskManager - Awaiting stop of: com.zendesk.maxwell.util.TaskManagerTest$SampleTask@2573b149
[1] 23:44:16,979 DEBUG TaskManager - Awaiting stop of: com.zendesk.maxwell.util.TaskManagerTest$SampleTask@1479ed5a
[1] 23:44:16,979 INFO  TaskManager - Stopped all tasks
[1] 23:48:00,558 WARN  MaxwellConfig - maxwell mysql host not specified, defaulting to localhost
[1] 23:48:01,440 INFO  Maxwell - Maxwell v?? is booting (StdoutProducer), starting at Position[BinlogPosition[XCV-bin.000004:387807], lastHeartbeat=1662553171260]
[1] 23:48:01,598 DEBUG MysqlSavedSchema - looking to restore schema at target position Position[BinlogPosition[XCV-bin.000004:387807], lastHeartbeat=1662553171260]
[1] 23:48:01,611 INFO  MysqlSavedSchema - Restoring schema id 2 (last modified at Position[BinlogPosition[XCV-bin.000002:2259603], lastHeartbeat=1662459299808])
[1] 23:48:01,735 DEBUG MysqlSavedSchema - Restoring derived schema
[1] 23:48:01,738 INFO  MysqlSavedSchema - Restoring schema id 1 (last modified at Position[BinlogPosition[XCV-bin.000002:2104452], lastHeartbeat=0])
[1] 23:48:01,738 DEBUG MysqlSavedSchema - Restoring full schema
[1] 23:48:01,764 DEBUG MysqlSavedSchema - Restoring database maxwell...
[1] 23:48:01,783 DEBUG MysqlSavedSchema - Restoring database mysql...
[1] 23:48:01,801 DEBUG MysqlSavedSchema - Restoring database sakila...
[1] 23:48:01,806 DEBUG MysqlSavedSchema - Restoring database sys...
[1] 23:48:01,807 DEBUG MysqlSavedSchema - Restoring database world...
[1] 23:48:01,808 DEBUG MysqlSavedSchema - Restored all databases
[1] 23:48:01,808 INFO  MysqlSavedSchema - beginning to play deltas...
[1] 23:48:01,813 INFO  MysqlSavedSchema - played 1 deltas in 0ms
[1] 23:48:01,849 INFO  BinlogConnectorReplicator - Setting initial binlog pos to: XCV-bin.000004:387807
[44] 23:48:01,896 INFO  BinlogConnectorReplicator - Binlog connected.
[1] 23:48:02,051 DEBUG SchemaChange - SQL_PARSE <- "CREATE SCHEMA `my_blog_db` DEFAULT CHARACTER SET utf8mb4"
[42] 23:48:02,469 DEBUG MysqlPositionStore - writing heartbeat: 1662824882456 (last heartbeat written: 1662553171260)
[1] 23:48:02,487 DEBUG SchemaChange - SQL_PARSE ->   (parse (statement (create_database CREATE SCHEMA (name (id `my_blog_db`)) (create_option (default_character_set DEFAULT (charset_token CHARACTER SET) (charset_name utf8mb4))))) <EOF>)
[1] 23:48:02,519 INFO  AbstractSchemaStore - storing schema @Position[BinlogPosition[XCV-bin.000007:234], lastHeartbeat=1662553171260] after applying "CREATE SCHEMA `my_blog_db` DEFAULT CHARACTER SET utf8mb4" to my_blog_db, new schema id is 3
[1] 23:48:02,524 DEBUG SchemaChange - SQL_PARSE <- "DROP TABLE IF EXISTS `tb_admin_user` /* generated by server */"
[1] 23:48:02,528 DEBUG SchemaChange - SQL_PARSE ->   (parse (statement (drop_table DROP TABLE (if_exists IF EXISTS) (table_name (name (id `tb_admin_user`))))) <EOF>)
[1] 23:48:02,528 DEBUG SchemaChange - SQL_PARSE <- "CREATE TABLE `tb_admin_user`  (
  `admin_user_id` int(11) NOT NULL AUTO_INCREMENT COMMENT '管理员id',
  `login_user_name` varchar(50) CHARACTER SET utf8 COLLATE utf8_general_ci NOT NULL COMMENT '管理员登陆名称',
  `login_password` varchar(50) CHARACTER SET utf8 COLLATE utf8_general_ci NOT NULL COMMENT '管理员登陆密码',
  `nick_name` varchar(50) CHARACTER SET utf8 COLLATE utf8_general_ci NOT NULL COMMENT '管理员显示昵称',
  `locked` tinyint(4) NULL DEFAULT 0 COMMENT '是否锁定 0未锁定 1已锁定无法登陆',
  PRIMARY KEY (`admin_user_id`) USING BTREE
) ENGINE = InnoDB AUTO_INCREMENT = 2 CHARACTER SET = utf8 COLLATE = utf8_general_ci COMMENT = '后台管理员信息表' ROW_FORMAT = Dynamic"
[1] 23:48:02,552 DEBUG SchemaChange - SQL_PARSE ->   (parse (statement (create_table (create_table_preamble CREATE TABLE (table_name (name (id `tb_admin_user`)))) (create_specifications ( (create_specification (column_definition (name (id `admin_user_id`)) (data_type (signed_type int (length ( 11 )) (column_options (nullability NOT NULL)) (column_options AUTO_INCREMENT) (column_options COMMENT (string_literal '管理员id')))))) , (create_specification (column_definition (name (id `login_user_name`)) (data_type (string_type varchar (length ( 50 )) (column_options (charset_def (character_set CHARACTER SET (charset_name utf8)))) (column_options (collation COLLATE utf8_general_ci)) (column_options (nullability NOT NULL)) (column_options COMMENT (string_literal '管理员登陆名称')))))) , (create_specification (column_definition (name (id `login_password`)) (data_type (string_type varchar (length ( 50 )) (column_options (charset_def (character_set CHARACTER SET (charset_name utf8)))) (column_options (collation COLLATE utf8_general_ci)) (column_options (nullability NOT NULL)) (column_options COMMENT (string_literal '管理员登陆密码')))))) , (create_specification (column_definition (name (id `nick_name`)) (data_type (string_type varchar (length ( 50 )) (column_options (charset_def (character_set CHARACTER SET (charset_name utf8)))) (column_options (collation COLLATE utf8_general_ci)) (column_options (nullability NOT NULL)) (column_options COMMENT (string_literal '管理员显示昵称')))))) , (create_specification (column_definition (name (id `locked`)) (data_type (signed_type tinyint (length ( 4 )) (column_options (nullability NULL)) (column_options (default_value DEFAULT (literal_with_weirdo_multistring (integer_literal 0)))) (column_options COMMENT (string_literal '是否锁定 0未锁定 1已锁定无法登陆')))))) , (create_specification (index_definition (index_type_pk PRIMARY KEY (index_column_list ( (index_columns (index_column (name (id `admin_user_id`)))) )) (index_options (index_type USING BTREE))))) )) (table_creation_option (creation_engine ENGINE = (id InnoDB))) (table_creation_option (creation_auto_increment AUTO_INCREMENT = (integer 2))) (table_creation_option (creation_character_set CHARACTER SET = (charset_name utf8))) (table_creation_option (creation_collation (default_collation (collation COLLATE = utf8_general_ci)))) (table_creation_option (creation_comment COMMENT = (string_literal '后台管理员信息表'))) (table_creation_option (creation_row_format ROW_FORMAT = Dynamic)))) <EOF>)
[1] 23:48:02,568 INFO  AbstractSchemaStore - storing schema @Position[BinlogPosition[XCV-bin.000007:697], lastHeartbeat=1662553171260] after applying "CREATE TABLE `tb_admin_user`  (   `admin_user_id` int(11) NOT NULL AUTO_INCREMENT COMMENT '管理员id',   `login_user_name` varchar(50) CHARACTER SET utf8 COLLATE utf8_general_ci NOT NULL COMMENT '管理员登陆名称',   `login_password` varchar(50) CHARACTER SET utf8 COLLATE utf8_general_ci NOT NULL COMMENT '管理员登陆密码',   `nick_name` varchar(50) CHARACTER SET utf8 COLLATE utf8_general_ci NOT NULL COMMENT '管理员显示昵称',   `locked` tinyint(4) NULL DEFAULT 0 COMMENT '是否锁定 0未锁定 1已锁定无法登陆',   PRIMARY KEY (`admin_user_id`) USING BTREE ) ENGINE = InnoDB AUTO_INCREMENT = 2 CHARACTER SET = utf8 COLLATE = utf8_general_ci COMMENT = '后台管理员信息表' ROW_FORMAT = Dynamic" to my_blog_db, new schema id is 4
[1] 23:48:02,586 DEBUG SchemaChange - SQL_PARSE <- "DROP TABLE IF EXISTS `tb_blog_category` /* generated by server */"
[1] 23:48:02,586 DEBUG SchemaChange - SQL_PARSE ->   (parse (statement (drop_table DROP TABLE (if_exists IF EXISTS) (table_name (name (id `tb_blog_category`))))) <EOF>)
[1] 23:48:02,587 DEBUG SchemaChange - SQL_PARSE <- "CREATE TABLE `tb_blog_category`  (
  `category_id` int(11) NOT NULL AUTO_INCREMENT COMMENT '分类表主键',
  `category_name` varchar(50) CHARACTER SET utf8 COLLATE utf8_general_ci NOT NULL COMMENT '分类的名称',
  `category_icon` varchar(50) CHARACTER SET utf8 COLLATE utf8_general_ci NULL DEFAULT NULL COMMENT '分类的图标',
  `category_rank` int(11) NOT NULL DEFAULT 1 COMMENT '分类的排序值 被使用的越多数值越大',
  `is_deleted` tinyint(4) NOT NULL DEFAULT 0 COMMENT '是否删除 0=否 1=是',
  `create_time` datetime(0) NOT NULL DEFAULT CURRENT_TIMESTAMP COMMENT '创建时间',
  PRIMARY KEY (`category_id`) USING BTREE
) ENGINE = InnoDB AUTO_INCREMENT = 26 CHARACTER SET = utf8 COLLATE = utf8_general_ci COMMENT = '博客分类' ROW_FORMAT = Dynamic"
[1] 23:48:02,593 DEBUG SchemaChange - SQL_PARSE ->   (parse (statement (create_table (create_table_preamble CREATE TABLE (table_name (name (id `tb_blog_category`)))) (create_specifications ( (create_specification (column_definition (name (id `category_id`)) (data_type (signed_type int (length ( 11 )) (column_options (nullability NOT NULL)) (column_options AUTO_INCREMENT) (column_options COMMENT (string_literal '分类表主键')))))) , (create_specification (column_definition (name (id `category_name`)) (data_type (string_type varchar (length ( 50 )) (column_options (charset_def (character_set CHARACTER SET (charset_name utf8)))) (column_options (collation COLLATE utf8_general_ci)) (column_options (nullability NOT NULL)) (column_options COMMENT (string_literal '分类的名称')))))) , (create_specification (column_definition (name (id `category_icon`)) (data_type (string_type varchar (length ( 50 )) (column_options (charset_def (character_set CHARACTER SET (charset_name utf8)))) (column_options (collation COLLATE utf8_general_ci)) (column_options (nullability NULL)) (column_options (default_value DEFAULT (literal_with_weirdo_multistring NULL))) (column_options COMMENT (string_literal '分类的图标')))))) , (create_specification (column_definition (name (id `category_rank`)) (data_type (signed_type int (length ( 11 )) (column_options (nullability NOT NULL)) (column_options (default_value DEFAULT (literal_with_weirdo_multistring (integer_literal 1)))) (column_options COMMENT (string_literal '分类的排序值 被使用的越多数值越大')))))) , (create_specification (column_definition (name (id `is_deleted`)) (data_type (signed_type tinyint (length ( 4 )) (column_options (nullability NOT NULL)) (column_options (default_value DEFAULT (literal_with_weirdo_multistring (integer_literal 0)))) (column_options COMMENT (string_literal '是否删除 0=否 1=是')))))) , (create_specification (column_definition (name (id `create_time`)) (data_type (generic_type datetime (length ( 0 )) (column_options (nullability NOT NULL)) (column_options (default_value DEFAULT CURRENT_TIMESTAMP)) (column_options COMMENT (string_literal '创建时间')))))) , (create_specification (index_definition (index_type_pk PRIMARY KEY (index_column_list ( (index_columns (index_column (name (id `category_id`)))) )) (index_options (index_type USING BTREE))))) )) (table_creation_option (creation_engine ENGINE = (id InnoDB))) (table_creation_option (creation_auto_increment AUTO_INCREMENT = (integer 26))) (table_creation_option (creation_character_set CHARACTER SET = (charset_name utf8))) (table_creation_option (creation_collation (default_collation (collation COLLATE = utf8_general_ci)))) (table_creation_option (creation_comment COMMENT = (string_literal '博客分类'))) (table_creation_option (creation_row_format ROW_FORMAT = Dynamic)))) <EOF>)
[1] 23:48:02,598 INFO  AbstractSchemaStore - storing schema @Position[BinlogPosition[XCV-bin.000007:2192], lastHeartbeat=1662553171260] after applying "CREATE TABLE `tb_blog_category`  (   `category_id` int(11) NOT NULL AUTO_INCREMENT COMMENT '分类表主键',   `category_name` varchar(50) CHARACTER SET utf8 COLLATE utf8_general_ci NOT NULL COMMENT '分类的名称',   `category_icon` varchar(50) CHARACTER SET utf8 COLLATE utf8_general_ci NULL DEFAULT NULL COMMENT '分类的图标',   `category_rank` int(11) NOT NULL DEFAULT 1 COMMENT '分类的排序值 被使用的越多数值越大',   `is_deleted` tinyint(4) NOT NULL DEFAULT 0 COMMENT '是否删除 0=否 1=是',   `create_time` datetime(0) NOT NULL DEFAULT CURRENT_TIMESTAMP COMMENT '创建时间',   PRIMARY KEY (`category_id`) USING BTREE ) ENGINE = InnoDB AUTO_INCREMENT = 26 CHARACTER SET = utf8 COLLATE = utf8_general_ci COMMENT = '博客分类' ROW_FORMAT = Dynamic" to my_blog_db, new schema id is 5
[1] 23:48:02,603 DEBUG SchemaChange - SQL_PARSE <- "DROP TABLE IF EXISTS `tb_blog_comment` /* generated by server */"
[1] 23:48:02,604 DEBUG SchemaChange - SQL_PARSE ->   (parse (statement (drop_table DROP TABLE (if_exists IF EXISTS) (table_name (name (id `tb_blog_comment`))))) <EOF>)
[1] 23:48:02,604 DEBUG SchemaChange - SQL_PARSE <- "CREATE TABLE `tb_blog_comment`  (
  `comment_id` bigint(20) NOT NULL AUTO_INCREMENT COMMENT '主键id',
  `blog_id` bigint(20) NOT NULL DEFAULT 0 COMMENT '关联的blog主键',
  `commentator` varchar(50) CHARACTER SET utf8 COLLATE utf8_general_ci NOT NULL DEFAULT '' COMMENT '评论者名称',
  `email` varchar(100) CHARACTER SET utf8 COLLATE utf8_general_ci NOT NULL DEFAULT '' COMMENT '评论人的邮箱',
  `website_url` varchar(50) CHARACTER SET utf8 COLLATE utf8_general_ci NULL DEFAULT '' COMMENT '网址',
  `comment_body` varchar(200) CHARACTER SET utf8 COLLATE utf8_general_ci NOT NULL DEFAULT '' COMMENT '评论内容',
  `comment_create_time` datetime(0) NOT NULL DEFAULT CURRENT_TIMESTAMP COMMENT '评论提交时间',
  `commentator_ip` varchar(20) CHARACTER SET utf8 COLLATE utf8_general_ci NULL DEFAULT '' COMMENT '评论时的ip地址',
  `reply_body` varchar(200) CHARACTER SET utf8 COLLATE utf8_general_ci NULL DEFAULT '' COMMENT '回复内容',
  `reply_create_time` datetime(0) NULL DEFAULT NULL COMMENT '回复时间',
  `comment_status` tinyint(4) NOT NULL DEFAULT 0 COMMENT '是否审核通过 0-未审核 1-审核通过',
  `is_deleted` tinyint(4) NOT NULL DEFAULT 0 COMMENT '是否删除 0-未删除 1-已删除',
  PRIMARY KEY (`comment_id`) USING BTREE
) ENGINE = InnoDB AUTO_INCREMENT = 11 CHARACTER SET = utf8 COLLATE = utf8_general_ci COMMENT = '评论信息表' ROW_FORMAT = Dynamic"
[1] 23:48:02,611 DEBUG SchemaChange - SQL_PARSE ->   (parse (statement (create_table (create_table_preamble CREATE TABLE (table_name (name (id `tb_blog_comment`)))) (create_specifications ( (create_specification (column_definition (name (id `comment_id`)) (data_type (signed_type bigint (length ( 20 )) (column_options (nullability NOT NULL)) (column_options AUTO_INCREMENT) (column_options COMMENT (string_literal '主键id')))))) , (create_specification (column_definition (name (id `blog_id`)) (data_type (signed_type bigint (length ( 20 )) (column_options (nullability NOT NULL)) (column_options (default_value DEFAULT (literal_with_weirdo_multistring (integer_literal 0)))) (column_options COMMENT (string_literal '关联的blog主键')))))) , (create_specification (column_definition (name (id `commentator`)) (data_type (string_type varchar (length ( 50 )) (column_options (charset_def (character_set CHARACTER SET (charset_name utf8)))) (column_options (collation COLLATE utf8_general_ci)) (column_options (nullability NOT NULL)) (column_options (default_value DEFAULT (literal_with_weirdo_multistring (string_literal '')))) (column_options COMMENT (string_literal '评论者名称')))))) , (create_specification (column_definition (name (id `email`)) (data_type (string_type varchar (length ( 100 )) (column_options (charset_def (character_set CHARACTER SET (charset_name utf8)))) (column_options (collation COLLATE utf8_general_ci)) (column_options (nullability NOT NULL)) (column_options (default_value DEFAULT (literal_with_weirdo_multistring (string_literal '')))) (column_options COMMENT (string_literal '评论人的邮箱')))))) , (create_specification (column_definition (name (id `website_url`)) (data_type (string_type varchar (length ( 50 )) (column_options (charset_def (character_set CHARACTER SET (charset_name utf8)))) (column_options (collation COLLATE utf8_general_ci)) (column_options (nullability NULL)) (column_options (default_value DEFAULT (literal_with_weirdo_multistring (string_literal '')))) (column_options COMMENT (string_literal '网址')))))) , (create_specification (column_definition (name (id `comment_body`)) (data_type (string_type varchar (length ( 200 )) (column_options (charset_def (character_set CHARACTER SET (charset_name utf8)))) (column_options (collation COLLATE utf8_general_ci)) (column_options (nullability NOT NULL)) (column_options (default_value DEFAULT (literal_with_weirdo_multistring (string_literal '')))) (column_options COMMENT (string_literal '评论内容')))))) , (create_specification (column_definition (name (id `comment_create_time`)) (data_type (generic_type datetime (length ( 0 )) (column_options (nullability NOT NULL)) (column_options (default_value DEFAULT CURRENT_TIMESTAMP)) (column_options COMMENT (string_literal '评论提交时间')))))) , (create_specification (column_definition (name (id `commentator_ip`)) (data_type (string_type varchar (length ( 20 )) (column_options (charset_def (character_set CHARACTER SET (charset_name utf8)))) (column_options (collation COLLATE utf8_general_ci)) (column_options (nullability NULL)) (column_options (default_value DEFAULT (literal_with_weirdo_multistring (string_literal '')))) (column_options COMMENT (string_literal '评论时的ip地址')))))) , (create_specification (column_definition (name (id `reply_body`)) (data_type (string_type varchar (length ( 200 )) (column_options (charset_def (character_set CHARACTER SET (charset_name utf8)))) (column_options (collation COLLATE utf8_general_ci)) (column_options (nullability NULL)) (column_options (default_value DEFAULT (literal_with_weirdo_multistring (string_literal '')))) (column_options COMMENT (string_literal '回复内容')))))) , (create_specification (column_definition (name (id `reply_create_time`)) (data_type (generic_type datetime (length ( 0 )) (column_options (nullability NULL)) (column_options (default_value DEFAULT (literal_with_weirdo_multistring NULL))) (column_options COMMENT (string_literal '回复时间')))))) , (create_specification (column_definition (name (id `comment_status`)) (data_type (signed_type tinyint (length ( 4 )) (column_options (nullability NOT NULL)) (column_options (default_value DEFAULT (literal_with_weirdo_multistring (integer_literal 0)))) (column_options COMMENT (string_literal '是否审核通过 0-未审核 1-审核通过')))))) , (create_specification (column_definition (name (id `is_deleted`)) (data_type (signed_type tinyint (length ( 4 )) (column_options (nullability NOT NULL)) (column_options (default_value DEFAULT (literal_with_weirdo_multistring (integer_literal 0)))) (column_options COMMENT (string_literal '是否删除 0-未删除 1-已删除')))))) , (create_specification (index_definition (index_type_pk PRIMARY KEY (index_column_list ( (index_columns (index_column (name (id `comment_id`)))) )) (index_options (index_type USING BTREE))))) )) (table_creation_option (creation_engine ENGINE = (id InnoDB))) (table_creation_option (creation_auto_increment AUTO_INCREMENT = (integer 11))) (table_creation_option (creation_character_set CHARACTER SET = (charset_name utf8))) (table_creation_option (creation_collation (default_collation (collation COLLATE = utf8_general_ci)))) (table_creation_option (creation_comment COMMENT = (string_literal '评论信息表'))) (table_creation_option (creation_row_format ROW_FORMAT = Dynamic)))) <EOF>)
[1] 23:48:02,616 INFO  AbstractSchemaStore - storing schema @Position[BinlogPosition[XCV-bin.000007:5088], lastHeartbeat=1662553171260] after applying "CREATE TABLE `tb_blog_comment`  (   `comment_id` bigint(20) NOT NULL AUTO_INCREMENT COMMENT '主键id',   `blog_id` bigint(20) NOT NULL DEFAULT 0 COMMENT '关联的blog主键',   `commentator` varchar(50) CHARACTER SET utf8 COLLATE utf8_general_ci NOT NULL DEFAULT '' COMMENT '评论者名称',   `email` varchar(100) CHARACTER SET utf8 COLLATE utf8_general_ci NOT NULL DEFAULT '' COMMENT '评论人的邮箱',   `website_url` varchar(50) CHARACTER SET utf8 COLLATE utf8_general_ci NULL DEFAULT '' COMMENT '网址',   `comment_body` varchar(200) CHARACTER SET utf8 COLLATE utf8_general_ci NOT NULL DEFAULT '' COMMENT '评论内容',   `comment_create_time` datetime(0) NOT NULL DEFAULT CURRENT_TIMESTAMP COMMENT '评论提交时间',   `commentator_ip` varchar(20) CHARACTER SET utf8 COLLATE utf8_general_ci NULL DEFAULT '' COMMENT '评论时的ip地址',   `reply_body` varchar(200) CHARACTER SET utf8 COLLATE utf8_general_ci NULL DEFAULT '' COMMENT '回复内容',   `reply_create_time` datetime(0) NULL DEFAULT NULL COMMENT '回复时间',   `comment_status` tinyint(4) NOT NULL DEFAULT 0 COMMENT '是否审核通过 0-未审核 1-审核通过',   `is_deleted` tinyint(4) NOT NULL DEFAULT 0 COMMENT '是否删除 0-未删除 1-已删除',   PRIMARY KEY (`comment_id`) USING BTREE ) ENGINE = InnoDB AUTO_INCREMENT = 11 CHARACTER SET = utf8 COLLATE = utf8_general_ci COMMENT = '评论信息表' ROW_FORMAT = Dynamic" to my_blog_db, new schema id is 6
[1] 23:48:02,618 DEBUG SchemaChange - SQL_PARSE <- "DROP TABLE IF EXISTS `tb_blog_config` /* generated by server */"
[1] 23:48:02,618 DEBUG SchemaChange - SQL_PARSE ->   (parse (statement (drop_table DROP TABLE (if_exists IF EXISTS) (table_name (name (id `tb_blog_config`))))) <EOF>)
[1] 23:48:02,619 DEBUG SchemaChange - SQL_PARSE <- "CREATE TABLE `tb_blog_config`  (
  `config_field` varchar(20) CHARACTER SET utf8 COLLATE utf8_general_ci NOT NULL DEFAULT '' COMMENT '字段名',
  `config_name` varchar(50) CHARACTER SET utf8 COLLATE utf8_general_ci NOT NULL COMMENT '配置名',
  `config_value` varchar(200) CHARACTER SET utf8 COLLATE utf8_general_ci NOT NULL DEFAULT '' COMMENT '配置项的值',
  `create_time` datetime(0) NOT NULL DEFAULT CURRENT_TIMESTAMP COMMENT '创建时间',
  `update_time` datetime(0) NOT NULL DEFAULT CURRENT_TIMESTAMP COMMENT '修改时间',
  PRIMARY KEY (`config_field`) USING BTREE
) ENGINE = InnoDB CHARACTER SET = utf8 COLLATE = utf8_general_ci ROW_FORMAT = Dynamic"
[1] 23:48:02,621 DEBUG SchemaChange - SQL_PARSE ->   (parse (statement (create_table (create_table_preamble CREATE TABLE (table_name (name (id `tb_blog_config`)))) (create_specifications ( (create_specification (column_definition (name (id `config_field`)) (data_type (string_type varchar (length ( 20 )) (column_options (charset_def (character_set CHARACTER SET (charset_name utf8)))) (column_options (collation COLLATE utf8_general_ci)) (column_options (nullability NOT NULL)) (column_options (default_value DEFAULT (literal_with_weirdo_multistring (string_literal '')))) (column_options COMMENT (string_literal '字段名')))))) , (create_specification (column_definition (name (id `config_name`)) (data_type (string_type varchar (length ( 50 )) (column_options (charset_def (character_set CHARACTER SET (charset_name utf8)))) (column_options (collation COLLATE utf8_general_ci)) (column_options (nullability NOT NULL)) (column_options COMMENT (string_literal '配置名')))))) , (create_specification (column_definition (name (id `config_value`)) (data_type (string_type varchar (length ( 200 )) (column_options (charset_def (character_set CHARACTER SET (charset_name utf8)))) (column_options (collation COLLATE utf8_general_ci)) (column_options (nullability NOT NULL)) (column_options (default_value DEFAULT (literal_with_weirdo_multistring (string_literal '')))) (column_options COMMENT (string_literal '配置项的值')))))) , (create_specification (column_definition (name (id `create_time`)) (data_type (generic_type datetime (length ( 0 )) (column_options (nullability NOT NULL)) (column_options (default_value DEFAULT CURRENT_TIMESTAMP)) (column_options COMMENT (string_literal '创建时间')))))) , (create_specification (column_definition (name (id `update_time`)) (data_type (generic_type datetime (length ( 0 )) (column_options (nullability NOT NULL)) (column_options (default_value DEFAULT CURRENT_TIMESTAMP)) (column_options COMMENT (string_literal '修改时间')))))) , (create_specification (index_definition (index_type_pk PRIMARY KEY (index_column_list ( (index_columns (index_column (name (id `config_field`)))) )) (index_options (index_type USING BTREE))))) )) (table_creation_option (creation_engine ENGINE = (id InnoDB))) (table_creation_option (creation_character_set CHARACTER SET = (charset_name utf8))) (table_creation_option (creation_collation (default_collation (collation COLLATE = utf8_general_ci)))) (table_creation_option (creation_row_format ROW_FORMAT = Dynamic)))) <EOF>)
[1] 23:48:02,625 INFO  AbstractSchemaStore - storing schema @Position[BinlogPosition[XCV-bin.000007:10289], lastHeartbeat=1662553171260] after applying "CREATE TABLE `tb_blog_config`  (   `config_field` varchar(20) CHARACTER SET utf8 COLLATE utf8_general_ci NOT NULL DEFAULT '' COMMENT '字段名',   `config_name` varchar(50) CHARACTER SET utf8 COLLATE utf8_general_ci NOT NULL COMMENT '配置名',   `config_value` varchar(200) CHARACTER SET utf8 COLLATE utf8_general_ci NOT NULL DEFAULT '' COMMENT '配置项的值',   `create_time` datetime(0) NOT NULL DEFAULT CURRENT_TIMESTAMP COMMENT '创建时间',   `update_time` datetime(0) NOT NULL DEFAULT CURRENT_TIMESTAMP COMMENT '修改时间',   PRIMARY KEY (`config_field`) USING BTREE ) ENGINE = InnoDB CHARACTER SET = utf8 COLLATE = utf8_general_ci ROW_FORMAT = Dynamic" to my_blog_db, new schema id is 7
[1] 23:48:02,627 DEBUG SchemaChange - SQL_PARSE <- "DROP TABLE IF EXISTS `tb_blog_info` /* generated by server */"
[1] 23:48:02,628 DEBUG SchemaChange - SQL_PARSE ->   (parse (statement (drop_table DROP TABLE (if_exists IF EXISTS) (table_name (name (id `tb_blog_info`))))) <EOF>)
[1] 23:48:02,628 DEBUG SchemaChange - SQL_PARSE <- "CREATE TABLE `tb_blog_info`  (
  `blog_id` bigint(20) NOT NULL AUTO_INCREMENT COMMENT '博客表主键id',
  `blog_title` varchar(200) CHARACTER SET utf8 COLLATE utf8_general_ci NOT NULL COMMENT '博客标题',
  `blog_sub_url` varchar(200) CHARACTER SET utf8 COLLATE utf8_general_ci NOT NULL COMMENT '博客自定义路径url',
  `blog_preface` varchar(255) CHARACTER SET utf8 COLLATE utf8_general_ci NOT NULL COMMENT '博客前言',
  `blog_content` mediumtext CHARACTER SET utf8 COLLATE utf8_general_ci NOT NULL COMMENT '博客内容',
  `blog_category_id` int(11) NOT NULL COMMENT '博客分类id',
  `blog_category_name` varchar(50) CHARACTER SET utf8 COLLATE utf8_general_ci NOT NULL COMMENT '博客分类(冗余字段)',
  `blog_tags` varchar(200) CHARACTER SET utf8 COLLATE utf8_general_ci NULL DEFAULT NULL COMMENT '博客标签(冗余字段)',
  `blog_status` tinyint(4) NOT NULL DEFAULT 0 COMMENT '0-草稿 1-发布',
  `blog_views` bigint(20) NOT NULL DEFAULT 0 COMMENT '阅读量',
  `enable_comment` tinyint(4) NOT NULL DEFAULT 0 COMMENT '0-允许评论 1-不允许评论',
  `is_deleted` tinyint(4) NOT NULL DEFAULT 0 COMMENT '是否删除 0=否 1=是',
  `create_time` datetime(0) NOT NULL DEFAULT CURRENT_TIMESTAMP COMMENT '添加时间',
  `update_time` datetime(0) NULL DEFAULT CURRENT_TIMESTAMP COMMENT '修改时间',
  PRIMARY KEY (`blog_id`) USING BTREE
) ENGINE = InnoDB AUTO_INCREMENT = 8 CHARACTER SET = utf8 COLLATE = utf8_general_ci COMMENT = '博客信息表' ROW_FORMAT = Dynamic"
[1] 23:48:02,634 DEBUG SchemaChange - SQL_PARSE ->   (parse (statement (create_table (create_table_preamble CREATE TABLE (table_name (name (id `tb_blog_info`)))) (create_specifications ( (create_specification (column_definition (name (id `blog_id`)) (data_type (signed_type bigint (length ( 20 )) (column_options (nullability NOT NULL)) (column_options AUTO_INCREMENT) (column_options COMMENT (string_literal '博客表主键id')))))) , (create_specification (column_definition (name (id `blog_title`)) (data_type (string_type varchar (length ( 200 )) (column_options (charset_def (character_set CHARACTER SET (charset_name utf8)))) (column_options (collation COLLATE utf8_general_ci)) (column_options (nullability NOT NULL)) (column_options COMMENT (string_literal '博客标题')))))) , (create_specification (column_definition (name (id `blog_sub_url`)) (data_type (string_type varchar (length ( 200 )) (column_options (charset_def (character_set CHARACTER SET (charset_name utf8)))) (column_options (collation COLLATE utf8_general_ci)) (column_options (nullability NOT NULL)) (column_options COMMENT (string_literal '博客自定义路径url')))))) , (create_specification (column_definition (name (id `blog_preface`)) (data_type (string_type varchar (length ( 255 )) (column_options (charset_def (character_set CHARACTER SET (charset_name utf8)))) (column_options (collation COLLATE utf8_general_ci)) (column_options (nullability NOT NULL)) (column_options COMMENT (string_literal '博客前言')))))) , (create_specification (column_definition (name (id `blog_content`)) (data_type (string_type mediumtext (column_options (charset_def (character_set CHARACTER SET (charset_name utf8)))) (column_options (collation COLLATE utf8_general_ci)) (column_options (nullability NOT NULL)) (column_options COMMENT (string_literal '博客内容')))))) , (create_specification (column_definition (name (id `blog_category_id`)) (data_type (signed_type int (length ( 11 )) (column_options (nullability NOT NULL)) (column_options COMMENT (string_literal '博客分类id')))))) , (create_specification (column_definition (name (id `blog_category_name`)) (data_type (string_type varchar (length ( 50 )) (column_options (charset_def (character_set CHARACTER SET (charset_name utf8)))) (column_options (collation COLLATE utf8_general_ci)) (column_options (nullability NOT NULL)) (column_options COMMENT (string_literal '博客分类(冗余字段)')))))) , (create_specification (column_definition (name (id `blog_tags`)) (data_type (string_type varchar (length ( 200 )) (column_options (charset_def (character_set CHARACTER SET (charset_name utf8)))) (column_options (collation COLLATE utf8_general_ci)) (column_options (nullability NULL)) (column_options (default_value DEFAULT (literal_with_weirdo_multistring NULL))) (column_options COMMENT (string_literal '博客标签(冗余字段)')))))) , (create_specification (column_definition (name (id `blog_status`)) (data_type (signed_type tinyint (length ( 4 )) (column_options (nullability NOT NULL)) (column_options (default_value DEFAULT (literal_with_weirdo_multistring (integer_literal 0)))) (column_options COMMENT (string_literal '0-草稿 1-发布')))))) , (create_specification (column_definition (name (id `blog_views`)) (data_type (signed_type bigint (length ( 20 )) (column_options (nullability NOT NULL)) (column_options (default_value DEFAULT (literal_with_weirdo_multistring (integer_literal 0)))) (column_options COMMENT (string_literal '阅读量')))))) , (create_specification (column_definition (name (id `enable_comment`)) (data_type (signed_type tinyint (length ( 4 )) (column_options (nullability NOT NULL)) (column_options (default_value DEFAULT (literal_with_weirdo_multistring (integer_literal 0)))) (column_options COMMENT (string_literal '0-允许评论 1-不允许评论')))))) , (create_specification (column_definition (name (id `is_deleted`)) (data_type (signed_type tinyint (length ( 4 )) (column_options (nullability NOT NULL)) (column_options (default_value DEFAULT (literal_with_weirdo_multistring (integer_literal 0)))) (column_options COMMENT (string_literal '是否删除 0=否 1=是')))))) , (create_specification (column_definition (name (id `create_time`)) (data_type (generic_type datetime (length ( 0 )) (column_options (nullability NOT NULL)) (column_options (default_value DEFAULT CURRENT_TIMESTAMP)) (column_options COMMENT (string_literal '添加时间')))))) , (create_specification (column_definition (name (id `update_time`)) (data_type (generic_type datetime (length ( 0 )) (column_options (nullability NULL)) (column_options (default_value DEFAULT CURRENT_TIMESTAMP)) (column_options COMMENT (string_literal '修改时间')))))) , (create_specification (index_definition (index_type_pk PRIMARY KEY (index_column_list ( (index_columns (index_column (name (id `blog_id`)))) )) (index_options (index_type USING BTREE))))) )) (table_creation_option (creation_engine ENGINE = (id InnoDB))) (table_creation_option (creation_auto_increment AUTO_INCREMENT = (integer 8))) (table_creation_option (creation_character_set CHARACTER SET = (charset_name utf8))) (table_creation_option (creation_collation (default_collation (collation COLLATE = utf8_general_ci)))) (table_creation_option (creation_comment COMMENT = (string_literal '博客信息表'))) (table_creation_option (creation_row_format ROW_FORMAT = Dynamic)))) <EOF>)
[1] 23:48:02,638 INFO  AbstractSchemaStore - storing schema @Position[BinlogPosition[XCV-bin.000007:14313], lastHeartbeat=1662553171260] after applying "CREATE TABLE `tb_blog_info`  (   `blog_id` bigint(20) NOT NULL AUTO_INCREMENT COMMENT '博客表主键id',   `blog_title` varchar(200) CHARACTER SET utf8 COLLATE utf8_general_ci NOT NULL COMMENT '博客标题',   `blog_sub_url` varchar(200) CHARACTER SET utf8 COLLATE utf8_general_ci NOT NULL COMMENT '博客自定义路径url',   `blog_preface` varchar(255) CHARACTER SET utf8 COLLATE utf8_general_ci NOT NULL COMMENT '博客前言',   `blog_content` mediumtext CHARACTER SET utf8 COLLATE utf8_general_ci NOT NULL COMMENT '博客内容',   `blog_category_id` int(11) NOT NULL COMMENT '博客分类id',   `blog_category_name` varchar(50) CHARACTER SET utf8 COLLATE utf8_general_ci NOT NULL COMMENT '博客分类(冗余字段)',   `blog_tags` varchar(200) CHARACTER SET utf8 COLLATE utf8_general_ci NULL DEFAULT NULL COMMENT '博客标签(冗余字段)',   `blog_status` tinyint(4) NOT NULL DEFAULT 0 COMMENT '0-草稿 1-发布',   `blog_views` bigint(20) NOT NULL DEFAULT 0 COMMENT '阅读量',   `enable_comment` tinyint(4) NOT NULL DEFAULT 0 COMMENT '0-允许评论 1-不允许评论',   `is_deleted` tinyint(4) NOT NULL DEFAULT 0 COMMENT '是否删除 0=否 1=是',   `create_time` datetime(0) NOT NULL DEFAULT CURRENT_TIMESTAMP COMMENT '添加时间',   `update_time` datetime(0) NULL DEFAULT CURRENT_TIMESTAMP COMMENT '修改时间',   PRIMARY KEY (`blog_id`) USING BTREE ) ENGINE = InnoDB AUTO_INCREMENT = 8 CHARACTER SET = utf8 COLLATE = utf8_general_ci COMMENT = '博客信息表' ROW_FORMAT = Dynamic" to my_blog_db, new schema id is 8
[1] 23:48:02,640 DEBUG SchemaChange - SQL_PARSE <- "DROP TABLE IF EXISTS `tb_blog_link` /* generated by server */"
[1] 23:48:02,640 DEBUG SchemaChange - SQL_PARSE ->   (parse (statement (drop_table DROP TABLE (if_exists IF EXISTS) (table_name (name (id `tb_blog_link`))))) <EOF>)
[1] 23:48:02,641 DEBUG SchemaChange - SQL_PARSE <- "CREATE TABLE `tb_blog_link`  (
  `link_id` int(11) NOT NULL AUTO_INCREMENT COMMENT '友链表主键id',
  `link_type` tinyint(4) NOT NULL DEFAULT 0 COMMENT '友链类别 0-友链 1-推荐 2-个人网站',
  `link_name` varchar(50) CHARACTER SET utf8 COLLATE utf8_general_ci NOT NULL COMMENT '网站名称',
  `link_url` varchar(100) CHARACTER SET utf8 COLLATE utf8_general_ci NOT NULL COMMENT '网站链接',
  `link_description` varchar(100) CHARACTER SET utf8 COLLATE utf8_general_ci NOT NULL COMMENT '网站描述',
  `link_rank` int(11) NOT NULL DEFAULT 0 COMMENT '用于列表排序',
  `is_deleted` tinyint(4) NOT NULL DEFAULT 0 COMMENT '是否删除 0-未删除 1-已删除',
  `create_time` datetime(0) NOT NULL DEFAULT CURRENT_TIMESTAMP COMMENT '添加时间',
  PRIMARY KEY (`link_id`) USING BTREE
) ENGINE = InnoDB AUTO_INCREMENT = 5 CHARACTER SET = utf8 COLLATE = utf8_general_ci COMMENT = '友情链接表' ROW_FORMAT = Dynamic"
[1] 23:48:02,643 DEBUG SchemaChange - SQL_PARSE ->   (parse (statement (create_table (create_table_preamble CREATE TABLE (table_name (name (id `tb_blog_link`)))) (create_specifications ( (create_specification (column_definition (name (id `link_id`)) (data_type (signed_type int (length ( 11 )) (column_options (nullability NOT NULL)) (column_options AUTO_INCREMENT) (column_options COMMENT (string_literal '友链表主键id')))))) , (create_specification (column_definition (name (id `link_type`)) (data_type (signed_type tinyint (length ( 4 )) (column_options (nullability NOT NULL)) (column_options (default_value DEFAULT (literal_with_weirdo_multistring (integer_literal 0)))) (column_options COMMENT (string_literal '友链类别 0-友链 1-推荐 2-个人网站')))))) , (create_specification (column_definition (name (id `link_name`)) (data_type (string_type varchar (length ( 50 )) (column_options (charset_def (character_set CHARACTER SET (charset_name utf8)))) (column_options (collation COLLATE utf8_general_ci)) (column_options (nullability NOT NULL)) (column_options COMMENT (string_literal '网站名称')))))) , (create_specification (column_definition (name (id `link_url`)) (data_type (string_type varchar (length ( 100 )) (column_options (charset_def (character_set CHARACTER SET (charset_name utf8)))) (column_options (collation COLLATE utf8_general_ci)) (column_options (nullability NOT NULL)) (column_options COMMENT (string_literal '网站链接')))))) , (create_specification (column_definition (name (id `link_description`)) (data_type (string_type varchar (length ( 100 )) (column_options (charset_def (character_set CHARACTER SET (charset_name utf8)))) (column_options (collation COLLATE utf8_general_ci)) (column_options (nullability NOT NULL)) (column_options COMMENT (string_literal '网站描述')))))) , (create_specification (column_definition (name (id `link_rank`)) (data_type (signed_type int (length ( 11 )) (column_options (nullability NOT NULL)) (column_options (default_value DEFAULT (literal_with_weirdo_multistring (integer_literal 0)))) (column_options COMMENT (string_literal '用于列表排序')))))) , (create_specification (column_definition (name (id `is_deleted`)) (data_type (signed_type tinyint (length ( 4 )) (column_options (nullability NOT NULL)) (column_options (default_value DEFAULT (literal_with_weirdo_multistring (integer_literal 0)))) (column_options COMMENT (string_literal '是否删除 0-未删除 1-已删除')))))) , (create_specification (column_definition (name (id `create_time`)) (data_type (generic_type datetime (length ( 0 )) (column_options (nullability NOT NULL)) (column_options (default_value DEFAULT CURRENT_TIMESTAMP)) (column_options COMMENT (string_literal '添加时间')))))) , (create_specification (index_definition (index_type_pk PRIMARY KEY (index_column_list ( (index_columns (index_column (name (id `link_id`)))) )) (index_options (index_type USING BTREE))))) )) (table_creation_option (creation_engine ENGINE = (id InnoDB))) (table_creation_option (creation_auto_increment AUTO_INCREMENT = (integer 5))) (table_creation_option (creation_character_set CHARACTER SET = (charset_name utf8))) (table_creation_option (creation_collation (default_collation (collation COLLATE = utf8_general_ci)))) (table_creation_option (creation_comment COMMENT = (string_literal '友情链接表'))) (table_creation_option (creation_row_format ROW_FORMAT = Dynamic)))) <EOF>)
[1] 23:48:02,647 INFO  AbstractSchemaStore - storing schema @Position[BinlogPosition[XCV-bin.000007:25402], lastHeartbeat=1662553171260] after applying "CREATE TABLE `tb_blog_link`  (   `link_id` int(11) NOT NULL AUTO_INCREMENT COMMENT '友链表主键id',   `link_type` tinyint(4) NOT NULL DEFAULT 0 COMMENT '友链类别 0-友链 1-推荐 2-个人网站',   `link_name` varchar(50) CHARACTER SET utf8 COLLATE utf8_general_ci NOT NULL COMMENT '网站名称',   `link_url` varchar(100) CHARACTER SET utf8 COLLATE utf8_general_ci NOT NULL COMMENT '网站链接',   `link_description` varchar(100) CHARACTER SET utf8 COLLATE utf8_general_ci NOT NULL COMMENT '网站描述',   `link_rank` int(11) NOT NULL DEFAULT 0 COMMENT '用于列表排序',   `is_deleted` tinyint(4) NOT NULL DEFAULT 0 COMMENT '是否删除 0-未删除 1-已删除',   `create_time` datetime(0) NOT NULL DEFAULT CURRENT_TIMESTAMP COMMENT '添加时间',   PRIMARY KEY (`link_id`) USING BTREE ) ENGINE = InnoDB AUTO_INCREMENT = 5 CHARACTER SET = utf8 COLLATE = utf8_general_ci COMMENT = '友情链接表' ROW_FORMAT = Dynamic" to my_blog_db, new schema id is 9
[1] 23:48:02,648 DEBUG SchemaChange - SQL_PARSE <- "DROP TABLE IF EXISTS `tb_blog_tag` /* generated by server */"
[1] 23:48:02,649 DEBUG SchemaChange - SQL_PARSE ->   (parse (statement (drop_table DROP TABLE (if_exists IF EXISTS) (table_name (name (id `tb_blog_tag`))))) <EOF>)
[1] 23:48:02,649 DEBUG SchemaChange - SQL_PARSE <- "CREATE TABLE `tb_blog_tag`  (
  `tag_id` int(11) NOT NULL AUTO_INCREMENT COMMENT '标签表主键id',
  `tag_name` varchar(100) CHARACTER SET utf8 COLLATE utf8_general_ci NOT NULL COMMENT '标签名称',
  `is_deleted` tinyint(4) NOT NULL DEFAULT 0 COMMENT '是否删除 0=否 1=是',
  `create_time` datetime(0) NOT NULL DEFAULT CURRENT_TIMESTAMP COMMENT '创建时间',
  PRIMARY KEY (`tag_id`) USING BTREE
) ENGINE = InnoDB AUTO_INCREMENT = 140 CHARACTER SET = utf8 COLLATE = utf8_general_ci COMMENT = '标签表' ROW_FORMAT = Dynamic"
[1] 23:48:02,650 DEBUG SchemaChange - SQL_PARSE ->   (parse (statement (create_table (create_table_preamble CREATE TABLE (table_name (name (id `tb_blog_tag`)))) (create_specifications ( (create_specification (column_definition (name (id `tag_id`)) (data_type (signed_type int (length ( 11 )) (column_options (nullability NOT NULL)) (column_options AUTO_INCREMENT) (column_options COMMENT (string_literal '标签表主键id')))))) , (create_specification (column_definition (name (id `tag_name`)) (data_type (string_type varchar (length ( 100 )) (column_options (charset_def (character_set CHARACTER SET (charset_name utf8)))) (column_options (collation COLLATE utf8_general_ci)) (column_options (nullability NOT NULL)) (column_options COMMENT (string_literal '标签名称')))))) , (create_specification (column_definition (name (id `is_deleted`)) (data_type (signed_type tinyint (length ( 4 )) (column_options (nullability NOT NULL)) (column_options (default_value DEFAULT (literal_with_weirdo_multistring (integer_literal 0)))) (column_options COMMENT (string_literal '是否删除 0=否 1=是')))))) , (create_specification (column_definition (name (id `create_time`)) (data_type (generic_type datetime (length ( 0 )) (column_options (nullability NOT NULL)) (column_options (default_value DEFAULT CURRENT_TIMESTAMP)) (column_options COMMENT (string_literal '创建时间')))))) , (create_specification (index_definition (index_type_pk PRIMARY KEY (index_column_list ( (index_columns (index_column (name (id `tag_id`)))) )) (index_options (index_type USING BTREE))))) )) (table_creation_option (creation_engine ENGINE = (id InnoDB))) (table_creation_option (creation_auto_increment AUTO_INCREMENT = (integer 140))) (table_creation_option (creation_character_set CHARACTER SET = (charset_name utf8))) (table_creation_option (creation_collation (default_collation (collation COLLATE = utf8_general_ci)))) (table_creation_option (creation_comment COMMENT = (string_literal '标签表'))) (table_creation_option (creation_row_format ROW_FORMAT = Dynamic)))) <EOF>)
[1] 23:48:02,655 INFO  AbstractSchemaStore - storing schema @Position[BinlogPosition[XCV-bin.000007:27819], lastHeartbeat=1662553171260] after applying "CREATE TABLE `tb_blog_tag`  (   `tag_id` int(11) NOT NULL AUTO_INCREMENT COMMENT '标签表主键id',   `tag_name` varchar(100) CHARACTER SET utf8 COLLATE utf8_general_ci NOT NULL COMMENT '标签名称',   `is_deleted` tinyint(4) NOT NULL DEFAULT 0 COMMENT '是否删除 0=否 1=是',   `create_time` datetime(0) NOT NULL DEFAULT CURRENT_TIMESTAMP COMMENT '创建时间',   PRIMARY KEY (`tag_id`) USING BTREE ) ENGINE = InnoDB AUTO_INCREMENT = 140 CHARACTER SET = utf8 COLLATE = utf8_general_ci COMMENT = '标签表' ROW_FORMAT = Dynamic" to my_blog_db, new schema id is 10
[1] 23:48:02,656 DEBUG SchemaChange - SQL_PARSE <- "DROP TABLE IF EXISTS `tb_blog_tag_relation` /* generated by server */"
[1] 23:48:02,656 DEBUG SchemaChange - SQL_PARSE ->   (parse (statement (drop_table DROP TABLE (if_exists IF EXISTS) (table_name (name (id `tb_blog_tag_relation`))))) <EOF>)
[1] 23:48:02,656 DEBUG SchemaChange - SQL_PARSE <- "CREATE TABLE `tb_blog_tag_relation`  (
  `relation_id` bigint(20) NOT NULL AUTO_INCREMENT COMMENT '关系表id',
  `blog_id` bigint(20) NOT NULL COMMENT '博客id',
  `tag_id` int(11) NOT NULL COMMENT '标签id',
  `create_time` datetime(0) NULL DEFAULT CURRENT_TIMESTAMP COMMENT '添加时间',
  PRIMARY KEY (`relation_id`) USING BTREE
) ENGINE = InnoDB AUTO_INCREMENT = 331 CHARACTER SET = utf8 COLLATE = utf8_general_ci COMMENT = '博客跟标签的关系表' ROW_FORMAT = Dynamic"
[1] 23:48:02,658 DEBUG SchemaChange - SQL_PARSE ->   (parse (statement (create_table (create_table_preamble CREATE TABLE (table_name (name (id `tb_blog_tag_relation`)))) (create_specifications ( (create_specification (column_definition (name (id `relation_id`)) (data_type (signed_type bigint (length ( 20 )) (column_options (nullability NOT NULL)) (column_options AUTO_INCREMENT) (column_options COMMENT (string_literal '关系表id')))))) , (create_specification (column_definition (name (id `blog_id`)) (data_type (signed_type bigint (length ( 20 )) (column_options (nullability NOT NULL)) (column_options COMMENT (string_literal '博客id')))))) , (create_specification (column_definition (name (id `tag_id`)) (data_type (signed_type int (length ( 11 )) (column_options (nullability NOT NULL)) (column_options COMMENT (string_literal '标签id')))))) , (create_specification (column_definition (name (id `create_time`)) (data_type (generic_type datetime (length ( 0 )) (column_options (nullability NULL)) (column_options (default_value DEFAULT CURRENT_TIMESTAMP)) (column_options COMMENT (string_literal '添加时间')))))) , (create_specification (index_definition (index_type_pk PRIMARY KEY (index_column_list ( (index_columns (index_column (name (id `relation_id`)))) )) (index_options (index_type USING BTREE))))) )) (table_creation_option (creation_engine ENGINE = (id InnoDB))) (table_creation_option (creation_auto_increment AUTO_INCREMENT = (integer 331))) (table_creation_option (creation_character_set CHARACTER SET = (charset_name utf8))) (table_creation_option (creation_collation (default_collation (collation COLLATE = utf8_general_ci)))) (table_creation_option (creation_comment COMMENT = (string_literal '博客跟标签的关系表'))) (table_creation_option (creation_row_format ROW_FORMAT = Dynamic)))) <EOF>)
[1] 23:48:02,661 INFO  AbstractSchemaStore - storing schema @Position[BinlogPosition[XCV-bin.000007:30129], lastHeartbeat=1662553171260] after applying "CREATE TABLE `tb_blog_tag_relation`  (   `relation_id` bigint(20) NOT NULL AUTO_INCREMENT COMMENT '关系表id',   `blog_id` bigint(20) NOT NULL COMMENT '博客id',   `tag_id` int(11) NOT NULL COMMENT '标签id',   `create_time` datetime(0) NULL DEFAULT CURRENT_TIMESTAMP COMMENT '添加时间',   PRIMARY KEY (`relation_id`) USING BTREE ) ENGINE = InnoDB AUTO_INCREMENT = 331 CHARACTER SET = utf8 COLLATE = utf8_general_ci COMMENT = '博客跟标签的关系表' ROW_FORMAT = Dynamic" to my_blog_db, new schema id is 11
[1] 23:48:02,662 DEBUG SchemaChange - SQL_PARSE <- "CREATE SCHEMA `tale` DEFAULT CHARACTER SET utf8mb4"
[1] 23:48:02,663 DEBUG SchemaChange - SQL_PARSE ->   (parse (statement (create_database CREATE SCHEMA (name (id `tale`)) (create_option (default_character_set DEFAULT (charset_token CHARACTER SET) (charset_name utf8mb4))))) <EOF>)
[1] 23:48:02,666 INFO  AbstractSchemaStore - storing schema @Position[BinlogPosition[XCV-bin.000007:31798], lastHeartbeat=1662553171260] after applying "CREATE SCHEMA `tale` DEFAULT CHARACTER SET utf8mb4" to tale, new schema id is 12
[1] 23:48:02,666 DEBUG SchemaChange - SQL_PARSE <- "DROP TABLE IF EXISTS `t_attach` /* generated by server */"
[1] 23:48:02,666 DEBUG SchemaChange - SQL_PARSE ->   (parse (statement (drop_table DROP TABLE (if_exists IF EXISTS) (table_name (name (id `t_attach`))))) <EOF>)
[1] 23:48:02,667 DEBUG SchemaChange - SQL_PARSE <- "CREATE TABLE `t_attach` (
  `id` int(11) unsigned NOT NULL AUTO_INCREMENT,
  `fname` varchar(100) NOT NULL DEFAULT '',
  `ftype` varchar(50) DEFAULT '',
  `fkey` varchar(100) NOT NULL DEFAULT '',
  `author_id` int(10) DEFAULT NULL,
  `created` int(10) NOT NULL,
  PRIMARY KEY (`id`)
) ENGINE=InnoDB AUTO_INCREMENT=2 DEFAULT CHARSET=utf8"
[1] 23:48:02,668 DEBUG SchemaChange - SQL_PARSE ->   (parse (statement (create_table (create_table_preamble CREATE TABLE (table_name (name (id `t_attach`)))) (create_specifications ( (create_specification (column_definition (name (id `id`)) (data_type (signed_type int (length ( 11 )) (int_flags unsigned) (column_options (nullability NOT NULL)) (column_options AUTO_INCREMENT))))) , (create_specification (column_definition (name (id `fname`)) (data_type (string_type varchar (length ( 100 )) (column_options (nullability NOT NULL)) (column_options (default_value DEFAULT (literal_with_weirdo_multistring (string_literal '')))))))) , (create_specification (column_definition (name (id `ftype`)) (data_type (string_type varchar (length ( 50 )) (column_options (default_value DEFAULT (literal_with_weirdo_multistring (string_literal '')))))))) , (create_specification (column_definition (name (id `fkey`)) (data_type (string_type varchar (length ( 100 )) (column_options (nullability NOT NULL)) (column_options (default_value DEFAULT (literal_with_weirdo_multistring (string_literal '')))))))) , (create_specification (column_definition (name (id `author_id`)) (data_type (signed_type int (length ( 10 )) (column_options (default_value DEFAULT (literal_with_weirdo_multistring NULL))))))) , (create_specification (column_definition (name (id `created`)) (data_type (signed_type int (length ( 10 )) (column_options (nullability NOT NULL)))))) , (create_specification (index_definition (index_type_pk PRIMARY KEY (index_column_list ( (index_columns (index_column (name (id `id`)))) ))))) )) (table_creation_option (creation_engine ENGINE = (id InnoDB))) (table_creation_option (creation_auto_increment AUTO_INCREMENT = (integer 2))) (table_creation_option (creation_character_set DEFAULT CHARSET = (charset_name utf8))))) <EOF>)
[1] 23:48:02,672 INFO  AbstractSchemaStore - storing schema @Position[BinlogPosition[XCV-bin.000007:32238], lastHeartbeat=1662553171260] after applying "CREATE TABLE `t_attach` (   `id` int(11) unsigned NOT NULL AUTO_INCREMENT,   `fname` varchar(100) NOT NULL DEFAULT '',   `ftype` varchar(50) DEFAULT '',   `fkey` varchar(100) NOT NULL DEFAULT '',   `author_id` int(10) DEFAULT NULL,   `created` int(10) NOT NULL,   PRIMARY KEY (`id`) ) ENGINE=InnoDB AUTO_INCREMENT=2 DEFAULT CHARSET=utf8" to my_blog_db, new schema id is 13
[1] 23:48:02,673 DEBUG SchemaChange - SQL_PARSE <- "/*!40000 ALTER TABLE `t_attach` DISABLE KEYS */"
[1] 23:48:02,678 DEBUG SchemaChange - SQL_PARSE ->   (parse (statement (alter_table (alter_table_preamble ALTER TABLE (table_name (name (id `t_attach`)))) (alter_specifications (alter_specification (ignored_alter_specifications DISABLE KEYS))))) <EOF>)
[1] 23:48:02,683 INFO  AbstractSchemaStore - storing schema @Position[BinlogPosition[XCV-bin.000007:32751], lastHeartbeat=1662553171260] after applying "/*!40000 ALTER TABLE `t_attach` DISABLE KEYS */" to my_blog_db, new schema id is 14
[1] 23:48:02,685 DEBUG SchemaChange - SQL_PARSE <- "/*!40000 ALTER TABLE `t_attach` ENABLE KEYS */"
[1] 23:48:02,686 DEBUG SchemaChange - SQL_PARSE ->   (parse (statement (alter_table (alter_table_preamble ALTER TABLE (table_name (name (id `t_attach`)))) (alter_specifications (alter_specification (ignored_alter_specifications ENABLE KEYS))))) <EOF>)
[1] 23:48:02,690 INFO  AbstractSchemaStore - storing schema @Position[BinlogPosition[XCV-bin.000007:33351], lastHeartbeat=1662553171260] after applying "/*!40000 ALTER TABLE `t_attach` ENABLE KEYS */" to my_blog_db, new schema id is 15
[1] 23:48:02,690 DEBUG SchemaChange - SQL_PARSE <- "DROP TABLE IF EXISTS `t_comments` /* generated by server */"
[1] 23:48:02,690 DEBUG SchemaChange - SQL_PARSE ->   (parse (statement (drop_table DROP TABLE (if_exists IF EXISTS) (table_name (name (id `t_comments`))))) <EOF>)
[1] 23:48:02,690 DEBUG SchemaChange - SQL_PARSE <- "CREATE TABLE `t_comments` (
  `coid` int(10) unsigned NOT NULL AUTO_INCREMENT,
  `cid` int(10) unsigned DEFAULT '0',
  `created` int(10) unsigned DEFAULT '0',
  `author` varchar(200) DEFAULT NULL,
  `author_id` int(10) unsigned DEFAULT '0',
  `owner_id` int(10) unsigned DEFAULT '0',
  `mail` varchar(200) DEFAULT NULL,
  `url` varchar(200) DEFAULT NULL,
  `ip` varchar(64) DEFAULT NULL,
  `agent` varchar(200) DEFAULT NULL,
  `content` text,
  `type` varchar(16) DEFAULT 'comment',
  `status` varchar(16) DEFAULT 'approved',
  `parent` int(10) unsigned DEFAULT '0',
  PRIMARY KEY (`coid`),
  KEY `cid` (`cid`),
  KEY `created` (`created`)
) ENGINE=InnoDB AUTO_INCREMENT=4 DEFAULT CHARSET=utf8"
[1] 23:48:02,694 DEBUG SchemaChange - SQL_PARSE ->   (parse (statement (create_table (create_table_preamble CREATE TABLE (table_name (name (id `t_comments`)))) (create_specifications ( (create_specification (column_definition (name (id `coid`)) (data_type (signed_type int (length ( 10 )) (int_flags unsigned) (column_options (nullability NOT NULL)) (column_options AUTO_INCREMENT))))) , (create_specification (column_definition (name (id `cid`)) (data_type (signed_type int (length ( 10 )) (int_flags unsigned) (column_options (default_value DEFAULT (literal_with_weirdo_multistring (string_literal '0')))))))) , (create_specification (column_definition (name (id `created`)) (data_type (signed_type int (length ( 10 )) (int_flags unsigned) (column_options (default_value DEFAULT (literal_with_weirdo_multistring (string_literal '0')))))))) , (create_specification (column_definition (name (id `author`)) (data_type (string_type varchar (length ( 200 )) (column_options (default_value DEFAULT (literal_with_weirdo_multistring NULL))))))) , (create_specification (column_definition (name (id `author_id`)) (data_type (signed_type int (length ( 10 )) (int_flags unsigned) (column_options (default_value DEFAULT (literal_with_weirdo_multistring (string_literal '0')))))))) , (create_specification (column_definition (name (id `owner_id`)) (data_type (signed_type int (length ( 10 )) (int_flags unsigned) (column_options (default_value DEFAULT (literal_with_weirdo_multistring (string_literal '0')))))))) , (create_specification (column_definition (name (id `mail`)) (data_type (string_type varchar (length ( 200 )) (column_options (default_value DEFAULT (literal_with_weirdo_multistring NULL))))))) , (create_specification (column_definition (name (id `url`)) (data_type (string_type varchar (length ( 200 )) (column_options (default_value DEFAULT (literal_with_weirdo_multistring NULL))))))) , (create_specification (column_definition (name (id `ip`)) (data_type (string_type varchar (length ( 64 )) (column_options (default_value DEFAULT (literal_with_weirdo_multistring NULL))))))) , (create_specification (column_definition (name (id `agent`)) (data_type (string_type varchar (length ( 200 )) (column_options (default_value DEFAULT (literal_with_weirdo_multistring NULL))))))) , (create_specification (column_definition (name (id `content`)) (data_type (string_type text)))) , (create_specification (column_definition (name (id `type`)) (data_type (string_type varchar (length ( 16 )) (column_options (default_value DEFAULT (literal_with_weirdo_multistring (string_literal 'comment')))))))) , (create_specification (column_definition (name (id `status`)) (data_type (string_type varchar (length ( 16 )) (column_options (default_value DEFAULT (literal_with_weirdo_multistring (string_literal 'approved')))))))) , (create_specification (column_definition (name (id `parent`)) (data_type (signed_type int (length ( 10 )) (int_flags unsigned) (column_options (default_value DEFAULT (literal_with_weirdo_multistring (string_literal '0')))))))) , (create_specification (index_definition (index_type_pk PRIMARY KEY (index_column_list ( (index_columns (index_column (name (id `coid`)))) ))))) , (create_specification (index_definition (index_type_1 (index_or_key KEY) (index_name (name (id `cid`))) (index_column_list ( (index_columns (index_column (name (id `cid`)))) ))))) , (create_specification (index_definition (index_type_1 (index_or_key KEY) (index_name (name (id `created`))) (index_column_list ( (index_columns (index_column (name (id `created`)))) ))))) )) (table_creation_option (creation_engine ENGINE = (id InnoDB))) (table_creation_option (creation_auto_increment AUTO_INCREMENT = (integer 4))) (table_creation_option (creation_character_set DEFAULT CHARSET = (charset_name utf8))))) <EOF>)
[1] 23:48:02,698 INFO  AbstractSchemaStore - storing schema @Position[BinlogPosition[XCV-bin.000007:33801], lastHeartbeat=1662553171260] after applying "CREATE TABLE `t_comments` (   `coid` int(10) unsigned NOT NULL AUTO_INCREMENT,   `cid` int(10) unsigned DEFAULT '0',   `created` int(10) unsigned DEFAULT '0',   `author` varchar(200) DEFAULT NULL,   `author_id` int(10) unsigned DEFAULT '0',   `owner_id` int(10) unsigned DEFAULT '0',   `mail` varchar(200) DEFAULT NULL,   `url` varchar(200) DEFAULT NULL,   `ip` varchar(64) DEFAULT NULL,   `agent` varchar(200) DEFAULT NULL,   `content` text,   `type` varchar(16) DEFAULT 'comment',   `status` varchar(16) DEFAULT 'approved',   `parent` int(10) unsigned DEFAULT '0',   PRIMARY KEY (`coid`),   KEY `cid` (`cid`),   KEY `created` (`created`) ) ENGINE=InnoDB AUTO_INCREMENT=4 DEFAULT CHARSET=utf8" to my_blog_db, new schema id is 16
[1] 23:48:02,698 DEBUG SchemaChange - SQL_PARSE <- "/*!40000 ALTER TABLE `t_comments` DISABLE KEYS */"
[1] 23:48:02,698 DEBUG SchemaChange - SQL_PARSE ->   (parse (statement (alter_table (alter_table_preamble ALTER TABLE (table_name (name (id `t_comments`)))) (alter_specifications (alter_specification (ignored_alter_specifications DISABLE KEYS))))) <EOF>)
[1] 23:48:02,704 INFO  AbstractSchemaStore - storing schema @Position[BinlogPosition[XCV-bin.000007:34671], lastHeartbeat=1662553171260] after applying "/*!40000 ALTER TABLE `t_comments` DISABLE KEYS */" to my_blog_db, new schema id is 17
[1] 23:48:02,705 DEBUG SchemaChange - SQL_PARSE <- "/*!40000 ALTER TABLE `t_comments` ENABLE KEYS */"
[1] 23:48:02,705 DEBUG SchemaChange - SQL_PARSE ->   (parse (statement (alter_table (alter_table_preamble ALTER TABLE (table_name (name (id `t_comments`)))) (alter_specifications (alter_specification (ignored_alter_specifications ENABLE KEYS))))) <EOF>)
[1] 23:48:02,709 INFO  AbstractSchemaStore - storing schema @Position[BinlogPosition[XCV-bin.000007:35581], lastHeartbeat=1662553171260] after applying "/*!40000 ALTER TABLE `t_comments` ENABLE KEYS */" to my_blog_db, new schema id is 18
[1] 23:48:02,709 DEBUG SchemaChange - SQL_PARSE <- "DROP TABLE IF EXISTS `t_contents` /* generated by server */"
[1] 23:48:02,709 DEBUG SchemaChange - SQL_PARSE ->   (parse (statement (drop_table DROP TABLE (if_exists IF EXISTS) (table_name (name (id `t_contents`))))) <EOF>)
[1] 23:48:02,710 DEBUG SchemaChange - SQL_PARSE <- "CREATE TABLE `t_contents` (
  `cid` int(10) unsigned NOT NULL AUTO_INCREMENT,
  `title` varchar(200) DEFAULT NULL,
  `slug` varchar(200) DEFAULT NULL,
  `created` int(10) unsigned DEFAULT '0',
  `modified` int(10) unsigned DEFAULT '0',
  `content` text COMMENT '内容文字',
  `author_id` int(10) unsigned DEFAULT '0',
  `type` varchar(16) DEFAULT 'post',
  `status` varchar(16) DEFAULT 'publish',
  `tags` varchar(200) DEFAULT NULL,
  `categories` varchar(200) DEFAULT NULL,
  `hits` int(10) unsigned DEFAULT '0',
  `comments_num` int(10) unsigned DEFAULT '0',
  `allow_comment` tinyint(1) DEFAULT '1',
  `allow_ping` tinyint(1) DEFAULT '1',
  `allow_feed` tinyint(1) DEFAULT '1',
  PRIMARY KEY (`cid`),
  UNIQUE KEY `slug` (`slug`),
  KEY `created` (`created`)
) ENGINE=InnoDB AUTO_INCREMENT=7 DEFAULT CHARSET=utf8"
[1] 23:48:02,712 DEBUG SchemaChange - SQL_PARSE ->   (parse (statement (create_table (create_table_preamble CREATE TABLE (table_name (name (id `t_contents`)))) (create_specifications ( (create_specification (column_definition (name (id `cid`)) (data_type (signed_type int (length ( 10 )) (int_flags unsigned) (column_options (nullability NOT NULL)) (column_options AUTO_INCREMENT))))) , (create_specification (column_definition (name (id `title`)) (data_type (string_type varchar (length ( 200 )) (column_options (default_value DEFAULT (literal_with_weirdo_multistring NULL))))))) , (create_specification (column_definition (name (id `slug`)) (data_type (string_type varchar (length ( 200 )) (column_options (default_value DEFAULT (literal_with_weirdo_multistring NULL))))))) , (create_specification (column_definition (name (id `created`)) (data_type (signed_type int (length ( 10 )) (int_flags unsigned) (column_options (default_value DEFAULT (literal_with_weirdo_multistring (string_literal '0')))))))) , (create_specification (column_definition (name (id `modified`)) (data_type (signed_type int (length ( 10 )) (int_flags unsigned) (column_options (default_value DEFAULT (literal_with_weirdo_multistring (string_literal '0')))))))) , (create_specification (column_definition (name (id `content`)) (data_type (string_type text (column_options COMMENT (string_literal '内容文字')))))) , (create_specification (column_definition (name (id `author_id`)) (data_type (signed_type int (length ( 10 )) (int_flags unsigned) (column_options (default_value DEFAULT (literal_with_weirdo_multistring (string_literal '0')))))))) , (create_specification (column_definition (name (id `type`)) (data_type (string_type varchar (length ( 16 )) (column_options (default_value DEFAULT (literal_with_weirdo_multistring (string_literal 'post')))))))) , (create_specification (column_definition (name (id `status`)) (data_type (string_type varchar (length ( 16 )) (column_options (default_value DEFAULT (literal_with_weirdo_multistring (string_literal 'publish')))))))) , (create_specification (column_definition (name (id `tags`)) (data_type (string_type varchar (length ( 200 )) (column_options (default_value DEFAULT (literal_with_weirdo_multistring NULL))))))) , (create_specification (column_definition (name (id `categories`)) (data_type (string_type varchar (length ( 200 )) (column_options (default_value DEFAULT (literal_with_weirdo_multistring NULL))))))) , (create_specification (column_definition (name (id `hits`)) (data_type (signed_type int (length ( 10 )) (int_flags unsigned) (column_options (default_value DEFAULT (literal_with_weirdo_multistring (string_literal '0')))))))) , (create_specification (column_definition (name (id `comments_num`)) (data_type (signed_type int (length ( 10 )) (int_flags unsigned) (column_options (default_value DEFAULT (literal_with_weirdo_multistring (string_literal '0')))))))) , (create_specification (column_definition (name (id `allow_comment`)) (data_type (signed_type tinyint (length ( 1 )) (column_options (default_value DEFAULT (literal_with_weirdo_multistring (string_literal '1')))))))) , (create_specification (column_definition (name (id `allow_ping`)) (data_type (signed_type tinyint (length ( 1 )) (column_options (default_value DEFAULT (literal_with_weirdo_multistring (string_literal '1')))))))) , (create_specification (column_definition (name (id `allow_feed`)) (data_type (signed_type tinyint (length ( 1 )) (column_options (default_value DEFAULT (literal_with_weirdo_multistring (string_literal '1')))))))) , (create_specification (index_definition (index_type_pk PRIMARY KEY (index_column_list ( (index_columns (index_column (name (id `cid`)))) ))))) , (create_specification (index_definition (index_type_3 UNIQUE (index_or_key KEY) (index_name (name (id `slug`))) (index_column_list ( (index_columns (index_column (name (id `slug`)))) ))))) , (create_specification (index_definition (index_type_1 (index_or_key KEY) (index_name (name (id `created`))) (index_column_list ( (index_columns (index_column (name (id `created`)))) ))))) )) (table_creation_option (creation_engine ENGINE = (id InnoDB))) (table_creation_option (creation_auto_increment AUTO_INCREMENT = (integer 7))) (table_creation_option (creation_character_set DEFAULT CHARSET = (charset_name utf8))))) <EOF>)
[1] 23:48:02,715 INFO  AbstractSchemaStore - storing schema @Position[BinlogPosition[XCV-bin.000007:36033], lastHeartbeat=1662553171260] after applying "CREATE TABLE `t_contents` (   `cid` int(10) unsigned NOT NULL AUTO_INCREMENT,   `title` varchar(200) DEFAULT NULL,   `slug` varchar(200) DEFAULT NULL,   `created` int(10) unsigned DEFAULT '0',   `modified` int(10) unsigned DEFAULT '0',   `content` text COMMENT '内容文字',   `author_id` int(10) unsigned DEFAULT '0',   `type` varchar(16) DEFAULT 'post',   `status` varchar(16) DEFAULT 'publish',   `tags` varchar(200) DEFAULT NULL,   `categories` varchar(200) DEFAULT NULL,   `hits` int(10) unsigned DEFAULT '0',   `comments_num` int(10) unsigned DEFAULT '0',   `allow_comment` tinyint(1) DEFAULT '1',   `allow_ping` tinyint(1) DEFAULT '1',   `allow_feed` tinyint(1) DEFAULT '1',   PRIMARY KEY (`cid`),   UNIQUE KEY `slug` (`slug`),   KEY `created` (`created`) ) ENGINE=InnoDB AUTO_INCREMENT=7 DEFAULT CHARSET=utf8" to my_blog_db, new schema id is 19
[1] 23:48:02,716 DEBUG SchemaChange - SQL_PARSE <- "/*!40000 ALTER TABLE `t_contents` DISABLE KEYS */"
[1] 23:48:02,716 DEBUG SchemaChange - SQL_PARSE ->   (parse (statement (alter_table (alter_table_preamble ALTER TABLE (table_name (name (id `t_contents`)))) (alter_specifications (alter_specification (ignored_alter_specifications DISABLE KEYS))))) <EOF>)
[1] 23:48:02,721 INFO  AbstractSchemaStore - storing schema @Position[BinlogPosition[XCV-bin.000007:37028], lastHeartbeat=1662553171260] after applying "/*!40000 ALTER TABLE `t_contents` DISABLE KEYS */" to my_blog_db, new schema id is 20
[1] 23:48:02,736 DEBUG SchemaChange - SQL_PARSE <- "/*!40000 ALTER TABLE `t_contents` ENABLE KEYS */"
[1] 23:48:02,737 DEBUG SchemaChange - SQL_PARSE ->   (parse (statement (alter_table (alter_table_preamble ALTER TABLE (table_name (name (id `t_contents`)))) (alter_specifications (alter_specification (ignored_alter_specifications ENABLE KEYS))))) <EOF>)
[1] 23:48:02,741 INFO  AbstractSchemaStore - storing schema @Position[BinlogPosition[XCV-bin.000007:156739], lastHeartbeat=1662553171260] after applying "/*!40000 ALTER TABLE `t_contents` ENABLE KEYS */" to my_blog_db, new schema id is 21
[1] 23:48:02,741 DEBUG SchemaChange - SQL_PARSE <- "DROP TABLE IF EXISTS `t_logs` /* generated by server */"
[1] 23:48:02,741 DEBUG SchemaChange - SQL_PARSE ->   (parse (statement (drop_table DROP TABLE (if_exists IF EXISTS) (table_name (name (id `t_logs`))))) <EOF>)
[1] 23:48:02,741 DEBUG SchemaChange - SQL_PARSE <- "CREATE TABLE `t_logs` (
  `id` int(11) unsigned NOT NULL AUTO_INCREMENT,
  `action` varchar(100) DEFAULT NULL,
  `data` varchar(2000) DEFAULT NULL,
  `author_id` int(10) DEFAULT NULL,
  `ip` varchar(20) DEFAULT NULL,
  `created` int(10) DEFAULT NULL,
  PRIMARY KEY (`id`)
) ENGINE=InnoDB AUTO_INCREMENT=29 DEFAULT CHARSET=utf8"
[1] 23:48:02,742 DEBUG SchemaChange - SQL_PARSE ->   (parse (statement (create_table (create_table_preamble CREATE TABLE (table_name (name (id `t_logs`)))) (create_specifications ( (create_specification (column_definition (name (id `id`)) (data_type (signed_type int (length ( 11 )) (int_flags unsigned) (column_options (nullability NOT NULL)) (column_options AUTO_INCREMENT))))) , (create_specification (column_definition (name (id `action`)) (data_type (string_type varchar (length ( 100 )) (column_options (default_value DEFAULT (literal_with_weirdo_multistring NULL))))))) , (create_specification (column_definition (name (id `data`)) (data_type (string_type varchar (length ( 2000 )) (column_options (default_value DEFAULT (literal_with_weirdo_multistring NULL))))))) , (create_specification (column_definition (name (id `author_id`)) (data_type (signed_type int (length ( 10 )) (column_options (default_value DEFAULT (literal_with_weirdo_multistring NULL))))))) , (create_specification (column_definition (name (id `ip`)) (data_type (string_type varchar (length ( 20 )) (column_options (default_value DEFAULT (literal_with_weirdo_multistring NULL))))))) , (create_specification (column_definition (name (id `created`)) (data_type (signed_type int (length ( 10 )) (column_options (default_value DEFAULT (literal_with_weirdo_multistring NULL))))))) , (create_specification (index_definition (index_type_pk PRIMARY KEY (index_column_list ( (index_columns (index_column (name (id `id`)))) ))))) )) (table_creation_option (creation_engine ENGINE = (id InnoDB))) (table_creation_option (creation_auto_increment AUTO_INCREMENT = (integer 29))) (table_creation_option (creation_character_set DEFAULT CHARSET = (charset_name utf8))))) <EOF>)
[1] 23:48:02,746 INFO  AbstractSchemaStore - storing schema @Position[BinlogPosition[XCV-bin.000007:157187], lastHeartbeat=1662553171260] after applying "CREATE TABLE `t_logs` (   `id` int(11) unsigned NOT NULL AUTO_INCREMENT,   `action` varchar(100) DEFAULT NULL,   `data` varchar(2000) DEFAULT NULL,   `author_id` int(10) DEFAULT NULL,   `ip` varchar(20) DEFAULT NULL,   `created` int(10) DEFAULT NULL,   PRIMARY KEY (`id`) ) ENGINE=InnoDB AUTO_INCREMENT=29 DEFAULT CHARSET=utf8" to my_blog_db, new schema id is 22
[1] 23:48:02,746 DEBUG SchemaChange - SQL_PARSE <- "/*!40000 ALTER TABLE `t_logs` DISABLE KEYS */"
[1] 23:48:02,747 DEBUG SchemaChange - SQL_PARSE ->   (parse (statement (alter_table (alter_table_preamble ALTER TABLE (table_name (name (id `t_logs`)))) (alter_specifications (alter_specification (ignored_alter_specifications DISABLE KEYS))))) <EOF>)
[1] 23:48:02,750 INFO  AbstractSchemaStore - storing schema @Position[BinlogPosition[XCV-bin.000007:157690], lastHeartbeat=1662553171260] after applying "/*!40000 ALTER TABLE `t_logs` DISABLE KEYS */" to my_blog_db, new schema id is 23
[1] 23:48:02,752 DEBUG SchemaChange - SQL_PARSE <- "/*!40000 ALTER TABLE `t_logs` ENABLE KEYS */"
[1] 23:48:02,753 DEBUG SchemaChange - SQL_PARSE ->   (parse (statement (alter_table (alter_table_preamble ALTER TABLE (table_name (name (id `t_logs`)))) (alter_specifications (alter_specification (ignored_alter_specifications ENABLE KEYS))))) <EOF>)
[1] 23:48:02,757 INFO  AbstractSchemaStore - storing schema @Position[BinlogPosition[XCV-bin.000007:160041], lastHeartbeat=1662553171260] after applying "/*!40000 ALTER TABLE `t_logs` ENABLE KEYS */" to my_blog_db, new schema id is 24
[1] 23:48:02,758 DEBUG SchemaChange - SQL_PARSE <- "DROP TABLE IF EXISTS `t_metas` /* generated by server */"
[1] 23:48:02,758 DEBUG SchemaChange - SQL_PARSE ->   (parse (statement (drop_table DROP TABLE (if_exists IF EXISTS) (table_name (name (id `t_metas`))))) <EOF>)
[1] 23:48:02,758 DEBUG SchemaChange - SQL_PARSE <- "CREATE TABLE `t_metas` (
  `mid` int(10) unsigned NOT NULL AUTO_INCREMENT,
  `name` varchar(200) DEFAULT NULL,
  `slug` varchar(200) DEFAULT NULL,
  `type` varchar(32) NOT NULL DEFAULT '',
  `description` varchar(200) DEFAULT NULL,
  `sort` int(10) unsigned DEFAULT '0',
  `parent` int(10) unsigned DEFAULT '0',
  PRIMARY KEY (`mid`),
  KEY `slug` (`slug`)
) ENGINE=InnoDB AUTO_INCREMENT=21 DEFAULT CHARSET=utf8"
[1] 23:48:02,759 DEBUG SchemaChange - SQL_PARSE ->   (parse (statement (create_table (create_table_preamble CREATE TABLE (table_name (name (id `t_metas`)))) (create_specifications ( (create_specification (column_definition (name (id `mid`)) (data_type (signed_type int (length ( 10 )) (int_flags unsigned) (column_options (nullability NOT NULL)) (column_options AUTO_INCREMENT))))) , (create_specification (column_definition (name (id `name`)) (data_type (string_type varchar (length ( 200 )) (column_options (default_value DEFAULT (literal_with_weirdo_multistring NULL))))))) , (create_specification (column_definition (name (id `slug`)) (data_type (string_type varchar (length ( 200 )) (column_options (default_value DEFAULT (literal_with_weirdo_multistring NULL))))))) , (create_specification (column_definition (name (id `type`)) (data_type (string_type varchar (length ( 32 )) (column_options (nullability NOT NULL)) (column_options (default_value DEFAULT (literal_with_weirdo_multistring (string_literal '')))))))) , (create_specification (column_definition (name (id `description`)) (data_type (string_type varchar (length ( 200 )) (column_options (default_value DEFAULT (literal_with_weirdo_multistring NULL))))))) , (create_specification (column_definition (name (id `sort`)) (data_type (signed_type int (length ( 10 )) (int_flags unsigned) (column_options (default_value DEFAULT (literal_with_weirdo_multistring (string_literal '0')))))))) , (create_specification (column_definition (name (id `parent`)) (data_type (signed_type int (length ( 10 )) (int_flags unsigned) (column_options (default_value DEFAULT (literal_with_weirdo_multistring (string_literal '0')))))))) , (create_specification (index_definition (index_type_pk PRIMARY KEY (index_column_list ( (index_columns (index_column (name (id `mid`)))) ))))) , (create_specification (index_definition (index_type_1 (index_or_key KEY) (index_name (name (id `slug`))) (index_column_list ( (index_columns (index_column (name (id `slug`)))) ))))) )) (table_creation_option (creation_engine ENGINE = (id InnoDB))) (table_creation_option (creation_auto_increment AUTO_INCREMENT = (integer 21))) (table_creation_option (creation_character_set DEFAULT CHARSET = (charset_name utf8))))) <EOF>)
[1] 23:48:02,763 INFO  AbstractSchemaStore - storing schema @Position[BinlogPosition[XCV-bin.000007:160486], lastHeartbeat=1662553171260] after applying "CREATE TABLE `t_metas` (   `mid` int(10) unsigned NOT NULL AUTO_INCREMENT,   `name` varchar(200) DEFAULT NULL,   `slug` varchar(200) DEFAULT NULL,   `type` varchar(32) NOT NULL DEFAULT '',   `description` varchar(200) DEFAULT NULL,   `sort` int(10) unsigned DEFAULT '0',   `parent` int(10) unsigned DEFAULT '0',   PRIMARY KEY (`mid`),   KEY `slug` (`slug`) ) ENGINE=InnoDB AUTO_INCREMENT=21 DEFAULT CHARSET=utf8" to my_blog_db, new schema id is 25
[1] 23:48:02,763 DEBUG SchemaChange - SQL_PARSE <- "/*!40000 ALTER TABLE `t_metas` DISABLE KEYS */"
[1] 23:48:02,764 DEBUG SchemaChange - SQL_PARSE ->   (parse (statement (alter_table (alter_table_preamble ALTER TABLE (table_name (name (id `t_metas`)))) (alter_specifications (alter_specification (ignored_alter_specifications DISABLE KEYS))))) <EOF>)
[1] 23:48:02,768 INFO  AbstractSchemaStore - storing schema @Position[BinlogPosition[XCV-bin.000007:161074], lastHeartbeat=1662553171260] after applying "/*!40000 ALTER TABLE `t_metas` DISABLE KEYS */" to my_blog_db, new schema id is 26
[1] 23:48:02,769 DEBUG SchemaChange - SQL_PARSE <- "/*!40000 ALTER TABLE `t_metas` ENABLE KEYS */"
[1] 23:48:02,769 DEBUG SchemaChange - SQL_PARSE ->   (parse (statement (alter_table (alter_table_preamble ALTER TABLE (table_name (name (id `t_metas`)))) (alter_specifications (alter_specification (ignored_alter_specifications ENABLE KEYS))))) <EOF>)
[1] 23:48:02,773 INFO  AbstractSchemaStore - storing schema @Position[BinlogPosition[XCV-bin.000007:162315], lastHeartbeat=1662553171260] after applying "/*!40000 ALTER TABLE `t_metas` ENABLE KEYS */" to my_blog_db, new schema id is 27
[1] 23:48:02,773 DEBUG SchemaChange - SQL_PARSE <- "DROP TABLE IF EXISTS `t_options` /* generated by server */"
[1] 23:48:02,773 DEBUG SchemaChange - SQL_PARSE ->   (parse (statement (drop_table DROP TABLE (if_exists IF EXISTS) (table_name (name (id `t_options`))))) <EOF>)
[1] 23:48:02,773 DEBUG SchemaChange - SQL_PARSE <- "CREATE TABLE `t_options` (
  `name` varchar(32) NOT NULL DEFAULT '',
  `value` varchar(1000) DEFAULT '',
  `description` varchar(200) DEFAULT NULL,
  PRIMARY KEY (`name`)
) ENGINE=InnoDB DEFAULT CHARSET=utf8"
[1] 23:48:02,774 DEBUG SchemaChange - SQL_PARSE ->   (parse (statement (create_table (create_table_preamble CREATE TABLE (table_name (name (id `t_options`)))) (create_specifications ( (create_specification (column_definition (name (id `name`)) (data_type (string_type varchar (length ( 32 )) (column_options (nullability NOT NULL)) (column_options (default_value DEFAULT (literal_with_weirdo_multistring (string_literal '')))))))) , (create_specification (column_definition (name (id `value`)) (data_type (string_type varchar (length ( 1000 )) (column_options (default_value DEFAULT (literal_with_weirdo_multistring (string_literal '')))))))) , (create_specification (column_definition (name (id `description`)) (data_type (string_type varchar (length ( 200 )) (column_options (default_value DEFAULT (literal_with_weirdo_multistring NULL))))))) , (create_specification (index_definition (index_type_pk PRIMARY KEY (index_column_list ( (index_columns (index_column (name (id `name`)))) ))))) )) (table_creation_option (creation_engine ENGINE = (id InnoDB))) (table_creation_option (creation_character_set DEFAULT CHARSET = (charset_name utf8))))) <EOF>)
[1] 23:48:02,778 INFO  AbstractSchemaStore - storing schema @Position[BinlogPosition[XCV-bin.000007:162763], lastHeartbeat=1662553171260] after applying "CREATE TABLE `t_options` (   `name` varchar(32) NOT NULL DEFAULT '',   `value` varchar(1000) DEFAULT '',   `description` varchar(200) DEFAULT NULL,   PRIMARY KEY (`name`) ) ENGINE=InnoDB DEFAULT CHARSET=utf8" to my_blog_db, new schema id is 28
[1] 23:48:02,778 DEBUG SchemaChange - SQL_PARSE <- "/*!40000 ALTER TABLE `t_options` DISABLE KEYS */"
[1] 23:48:02,778 DEBUG SchemaChange - SQL_PARSE ->   (parse (statement (alter_table (alter_table_preamble ALTER TABLE (table_name (name (id `t_options`)))) (alter_specifications (alter_specification (ignored_alter_specifications DISABLE KEYS))))) <EOF>)
[1] 23:48:02,782 INFO  AbstractSchemaStore - storing schema @Position[BinlogPosition[XCV-bin.000007:163147], lastHeartbeat=1662553171260] after applying "/*!40000 ALTER TABLE `t_options` DISABLE KEYS */" to my_blog_db, new schema id is 29
[1] 23:48:02,783 DEBUG SchemaChange - SQL_PARSE <- "/*!40000 ALTER TABLE `t_options` ENABLE KEYS */"
[1] 23:48:02,783 DEBUG SchemaChange - SQL_PARSE ->   (parse (statement (alter_table (alter_table_preamble ALTER TABLE (table_name (name (id `t_options`)))) (alter_specifications (alter_specification (ignored_alter_specifications ENABLE KEYS))))) <EOF>)
[1] 23:48:02,787 INFO  AbstractSchemaStore - storing schema @Position[BinlogPosition[XCV-bin.000007:163973], lastHeartbeat=1662553171260] after applying "/*!40000 ALTER TABLE `t_options` ENABLE KEYS */" to my_blog_db, new schema id is 30
[1] 23:48:02,788 DEBUG SchemaChange - SQL_PARSE <- "DROP TABLE IF EXISTS `t_relationships` /* generated by server */"
[1] 23:48:02,788 DEBUG SchemaChange - SQL_PARSE ->   (parse (statement (drop_table DROP TABLE (if_exists IF EXISTS) (table_name (name (id `t_relationships`))))) <EOF>)
[1] 23:48:02,788 DEBUG SchemaChange - SQL_PARSE <- "CREATE TABLE `t_relationships` (
  `cid` int(10) unsigned NOT NULL,
  `mid` int(10) unsigned NOT NULL,
  PRIMARY KEY (`cid`,`mid`)
) ENGINE=InnoDB DEFAULT CHARSET=utf8"
[1] 23:48:02,789 DEBUG SchemaChange - SQL_PARSE ->   (parse (statement (create_table (create_table_preamble CREATE TABLE (table_name (name (id `t_relationships`)))) (create_specifications ( (create_specification (column_definition (name (id `cid`)) (data_type (signed_type int (length ( 10 )) (int_flags unsigned) (column_options (nullability NOT NULL)))))) , (create_specification (column_definition (name (id `mid`)) (data_type (signed_type int (length ( 10 )) (int_flags unsigned) (column_options (nullability NOT NULL)))))) , (create_specification (index_definition (index_type_pk PRIMARY KEY (index_column_list ( (index_columns (index_column (name (id `cid`))) , (index_column (name (id `mid`)))) ))))) )) (table_creation_option (creation_engine ENGINE = (id InnoDB))) (table_creation_option (creation_character_set DEFAULT CHARSET = (charset_name utf8))))) <EOF>)
[1] 23:48:02,792 INFO  AbstractSchemaStore - storing schema @Position[BinlogPosition[XCV-bin.000007:164429], lastHeartbeat=1662553171260] after applying "CREATE TABLE `t_relationships` (   `cid` int(10) unsigned NOT NULL,   `mid` int(10) unsigned NOT NULL,   PRIMARY KEY (`cid`,`mid`) ) ENGINE=InnoDB DEFAULT CHARSET=utf8" to my_blog_db, new schema id is 31
[1] 23:48:02,792 DEBUG SchemaChange - SQL_PARSE <- "/*!40000 ALTER TABLE `t_relationships` DISABLE KEYS */"
[1] 23:48:02,793 DEBUG SchemaChange - SQL_PARSE ->   (parse (statement (alter_table (alter_table_preamble ALTER TABLE (table_name (name (id `t_relationships`)))) (alter_specifications (alter_specification (ignored_alter_specifications DISABLE KEYS))))) <EOF>)
[1] 23:48:02,796 INFO  AbstractSchemaStore - storing schema @Position[BinlogPosition[XCV-bin.000007:164773], lastHeartbeat=1662553171260] after applying "/*!40000 ALTER TABLE `t_relationships` DISABLE KEYS */" to my_blog_db, new schema id is 32
[1] 23:48:02,797 DEBUG SchemaChange - SQL_PARSE <- "/*!40000 ALTER TABLE `t_relationships` ENABLE KEYS */"
[1] 23:48:02,798 DEBUG SchemaChange - SQL_PARSE ->   (parse (statement (alter_table (alter_table_preamble ALTER TABLE (table_name (name (id `t_relationships`)))) (alter_specifications (alter_specification (ignored_alter_specifications ENABLE KEYS))))) <EOF>)
[1] 23:48:02,801 INFO  AbstractSchemaStore - storing schema @Position[BinlogPosition[XCV-bin.000007:165424], lastHeartbeat=1662553171260] after applying "/*!40000 ALTER TABLE `t_relationships` ENABLE KEYS */" to my_blog_db, new schema id is 33
[1] 23:48:02,802 DEBUG SchemaChange - SQL_PARSE <- "DROP TABLE IF EXISTS `t_users` /* generated by server */"
[1] 23:48:02,802 DEBUG SchemaChange - SQL_PARSE ->   (parse (statement (drop_table DROP TABLE (if_exists IF EXISTS) (table_name (name (id `t_users`))))) <EOF>)
[1] 23:48:02,802 DEBUG SchemaChange - SQL_PARSE <- "CREATE TABLE `t_users` (
  `uid` int(10) unsigned NOT NULL AUTO_INCREMENT,
  `username` varchar(32) DEFAULT NULL,
  `password` varchar(64) DEFAULT NULL,
  `email` varchar(200) DEFAULT NULL,
  `home_url` varchar(200) DEFAULT NULL,
  `screen_name` varchar(32) DEFAULT NULL,
  `created` int(10) unsigned DEFAULT '0',
  `activated` int(10) unsigned DEFAULT '0',
  `logged` int(10) unsigned DEFAULT '0',
  `group_name` varchar(16) DEFAULT 'visitor',
  PRIMARY KEY (`uid`),
  UNIQUE KEY `name` (`username`),
  UNIQUE KEY `mail` (`email`)
) ENGINE=InnoDB AUTO_INCREMENT=2 DEFAULT CHARSET=utf8"
[1] 23:48:02,803 DEBUG SchemaChange - SQL_PARSE ->   (parse (statement (create_table (create_table_preamble CREATE TABLE (table_name (name (id `t_users`)))) (create_specifications ( (create_specification (column_definition (name (id `uid`)) (data_type (signed_type int (length ( 10 )) (int_flags unsigned) (column_options (nullability NOT NULL)) (column_options AUTO_INCREMENT))))) , (create_specification (column_definition (name (id `username`)) (data_type (string_type varchar (length ( 32 )) (column_options (default_value DEFAULT (literal_with_weirdo_multistring NULL))))))) , (create_specification (column_definition (name (id `password`)) (data_type (string_type varchar (length ( 64 )) (column_options (default_value DEFAULT (literal_with_weirdo_multistring NULL))))))) , (create_specification (column_definition (name (id `email`)) (data_type (string_type varchar (length ( 200 )) (column_options (default_value DEFAULT (literal_with_weirdo_multistring NULL))))))) , (create_specification (column_definition (name (id `home_url`)) (data_type (string_type varchar (length ( 200 )) (column_options (default_value DEFAULT (literal_with_weirdo_multistring NULL))))))) , (create_specification (column_definition (name (id `screen_name`)) (data_type (string_type varchar (length ( 32 )) (column_options (default_value DEFAULT (literal_with_weirdo_multistring NULL))))))) , (create_specification (column_definition (name (id `created`)) (data_type (signed_type int (length ( 10 )) (int_flags unsigned) (column_options (default_value DEFAULT (literal_with_weirdo_multistring (string_literal '0')))))))) , (create_specification (column_definition (name (id `activated`)) (data_type (signed_type int (length ( 10 )) (int_flags unsigned) (column_options (default_value DEFAULT (literal_with_weirdo_multistring (string_literal '0')))))))) , (create_specification (column_definition (name (id `logged`)) (data_type (signed_type int (length ( 10 )) (int_flags unsigned) (column_options (default_value DEFAULT (literal_with_weirdo_multistring (string_literal '0')))))))) , (create_specification (column_definition (name (id `group_name`)) (data_type (string_type varchar (length ( 16 )) (column_options (default_value DEFAULT (literal_with_weirdo_multistring (string_literal 'visitor')))))))) , (create_specification (index_definition (index_type_pk PRIMARY KEY (index_column_list ( (index_columns (index_column (name (id `uid`)))) ))))) , (create_specification (index_definition (index_type_3 UNIQUE (index_or_key KEY) (index_name (name (id `name`))) (index_column_list ( (index_columns (index_column (name (id `username`)))) ))))) , (create_specification (index_definition (index_type_3 UNIQUE (index_or_key KEY) (index_name (name (id `mail`))) (index_column_list ( (index_columns (index_column (name (id `email`)))) ))))) )) (table_creation_option (creation_engine ENGINE = (id InnoDB))) (table_creation_option (creation_auto_increment AUTO_INCREMENT = (integer 2))) (table_creation_option (creation_character_set DEFAULT CHARSET = (charset_name utf8))))) <EOF>)
[1] 23:48:02,807 INFO  AbstractSchemaStore - storing schema @Position[BinlogPosition[XCV-bin.000007:165878], lastHeartbeat=1662553171260] after applying "CREATE TABLE `t_users` (   `uid` int(10) unsigned NOT NULL AUTO_INCREMENT,   `username` varchar(32) DEFAULT NULL,   `password` varchar(64) DEFAULT NULL,   `email` varchar(200) DEFAULT NULL,   `home_url` varchar(200) DEFAULT NULL,   `screen_name` varchar(32) DEFAULT NULL,   `created` int(10) unsigned DEFAULT '0',   `activated` int(10) unsigned DEFAULT '0',   `logged` int(10) unsigned DEFAULT '0',   `group_name` varchar(16) DEFAULT 'visitor',   PRIMARY KEY (`uid`),   UNIQUE KEY `name` (`username`),   UNIQUE KEY `mail` (`email`) ) ENGINE=InnoDB AUTO_INCREMENT=2 DEFAULT CHARSET=utf8" to my_blog_db, new schema id is 34
[1] 23:48:02,807 DEBUG SchemaChange - SQL_PARSE <- "/*!40000 ALTER TABLE `t_users` DISABLE KEYS */"
[1] 23:48:02,807 DEBUG SchemaChange - SQL_PARSE ->   (parse (statement (alter_table (alter_table_preamble ALTER TABLE (table_name (name (id `t_users`)))) (alter_specifications (alter_specification (ignored_alter_specifications DISABLE KEYS))))) <EOF>)
[1] 23:48:02,812 INFO  AbstractSchemaStore - storing schema @Position[BinlogPosition[XCV-bin.000007:166640], lastHeartbeat=1662553171260] after applying "/*!40000 ALTER TABLE `t_users` DISABLE KEYS */" to my_blog_db, new schema id is 35
[1] 23:48:02,813 DEBUG SchemaChange - SQL_PARSE <- "/*!40000 ALTER TABLE `t_users` ENABLE KEYS */"
[1] 23:48:02,814 DEBUG SchemaChange - SQL_PARSE ->   (parse (statement (alter_table (alter_table_preamble ALTER TABLE (table_name (name (id `t_users`)))) (alter_specifications (alter_specification (ignored_alter_specifications ENABLE KEYS))))) <EOF>)
[1] 23:48:02,819 INFO  AbstractSchemaStore - storing schema @Position[BinlogPosition[XCV-bin.000007:167264], lastHeartbeat=1662553171260] after applying "/*!40000 ALTER TABLE `t_users` ENABLE KEYS */" to my_blog_db, new schema id is 36
[1] 23:48:02,819 DEBUG SchemaChange - SQL_PARSE <- "DROP TABLE IF EXISTS `t_attach` /* generated by server */"
[1] 23:48:02,819 DEBUG SchemaChange - SQL_PARSE ->   (parse (statement (drop_table DROP TABLE (if_exists IF EXISTS) (table_name (name (id `t_attach`))))) <EOF>)
[1] 23:48:02,820 DEBUG SchemaChange - SQL_PARSE <- "CREATE TABLE `t_attach` (
  `id` int(11) unsigned NOT NULL AUTO_INCREMENT,
  `fname` varchar(100) NOT NULL DEFAULT '',
  `ftype` varchar(50) DEFAULT '',
  `fkey` varchar(100) NOT NULL DEFAULT '',
  `author_id` int(10) DEFAULT NULL,
  `created` int(10) NOT NULL,
  PRIMARY KEY (`id`)
) ENGINE=InnoDB AUTO_INCREMENT=2 DEFAULT CHARSET=utf8"
[1] 23:48:02,820 DEBUG SchemaChange - SQL_PARSE ->   (parse (statement (create_table (create_table_preamble CREATE TABLE (table_name (name (id `t_attach`)))) (create_specifications ( (create_specification (column_definition (name (id `id`)) (data_type (signed_type int (length ( 11 )) (int_flags unsigned) (column_options (nullability NOT NULL)) (column_options AUTO_INCREMENT))))) , (create_specification (column_definition (name (id `fname`)) (data_type (string_type varchar (length ( 100 )) (column_options (nullability NOT NULL)) (column_options (default_value DEFAULT (literal_with_weirdo_multistring (string_literal '')))))))) , (create_specification (column_definition (name (id `ftype`)) (data_type (string_type varchar (length ( 50 )) (column_options (default_value DEFAULT (literal_with_weirdo_multistring (string_literal '')))))))) , (create_specification (column_definition (name (id `fkey`)) (data_type (string_type varchar (length ( 100 )) (column_options (nullability NOT NULL)) (column_options (default_value DEFAULT (literal_with_weirdo_multistring (string_literal '')))))))) , (create_specification (column_definition (name (id `author_id`)) (data_type (signed_type int (length ( 10 )) (column_options (default_value DEFAULT (literal_with_weirdo_multistring NULL))))))) , (create_specification (column_definition (name (id `created`)) (data_type (signed_type int (length ( 10 )) (column_options (nullability NOT NULL)))))) , (create_specification (index_definition (index_type_pk PRIMARY KEY (index_column_list ( (index_columns (index_column (name (id `id`)))) ))))) )) (table_creation_option (creation_engine ENGINE = (id InnoDB))) (table_creation_option (creation_auto_increment AUTO_INCREMENT = (integer 2))) (table_creation_option (creation_character_set DEFAULT CHARSET = (charset_name utf8))))) <EOF>)
[1] 23:48:02,825 INFO  AbstractSchemaStore - storing schema @Position[BinlogPosition[XCV-bin.000007:167699], lastHeartbeat=1662553171260] after applying "CREATE TABLE `t_attach` (   `id` int(11) unsigned NOT NULL AUTO_INCREMENT,   `fname` varchar(100) NOT NULL DEFAULT '',   `ftype` varchar(50) DEFAULT '',   `fkey` varchar(100) NOT NULL DEFAULT '',   `author_id` int(10) DEFAULT NULL,   `created` int(10) NOT NULL,   PRIMARY KEY (`id`) ) ENGINE=InnoDB AUTO_INCREMENT=2 DEFAULT CHARSET=utf8" to tale, new schema id is 37
[1] 23:48:02,825 DEBUG SchemaChange - SQL_PARSE <- "/*!40000 ALTER TABLE `t_attach` DISABLE KEYS */"
[1] 23:48:02,825 DEBUG SchemaChange - SQL_PARSE ->   (parse (statement (alter_table (alter_table_preamble ALTER TABLE (table_name (name (id `t_attach`)))) (alter_specifications (alter_specification (ignored_alter_specifications DISABLE KEYS))))) <EOF>)
[1] 23:48:02,829 INFO  AbstractSchemaStore - storing schema @Position[BinlogPosition[XCV-bin.000007:168200], lastHeartbeat=1662553171260] after applying "/*!40000 ALTER TABLE `t_attach` DISABLE KEYS */" to tale, new schema id is 38
[1] 23:48:02,830 DEBUG SchemaChange - SQL_PARSE <- "/*!40000 ALTER TABLE `t_attach` ENABLE KEYS */"
[1] 23:48:02,830 DEBUG SchemaChange - SQL_PARSE ->   (parse (statement (alter_table (alter_table_preamble ALTER TABLE (table_name (name (id `t_attach`)))) (alter_specifications (alter_specification (ignored_alter_specifications ENABLE KEYS))))) <EOF>)
[1] 23:48:02,835 INFO  AbstractSchemaStore - storing schema @Position[BinlogPosition[XCV-bin.000007:168776], lastHeartbeat=1662553171260] after applying "/*!40000 ALTER TABLE `t_attach` ENABLE KEYS */" to tale, new schema id is 39
[1] 23:48:02,835 DEBUG SchemaChange - SQL_PARSE <- "DROP TABLE IF EXISTS `t_comments` /* generated by server */"
[1] 23:48:02,836 DEBUG SchemaChange - SQL_PARSE ->   (parse (statement (drop_table DROP TABLE (if_exists IF EXISTS) (table_name (name (id `t_comments`))))) <EOF>)
[1] 23:48:02,836 DEBUG SchemaChange - SQL_PARSE <- "CREATE TABLE `t_comments` (
  `coid` int(10) unsigned NOT NULL AUTO_INCREMENT,
  `cid` int(10) unsigned DEFAULT '0',
  `created` int(10) unsigned DEFAULT '0',
  `author` varchar(200) DEFAULT NULL,
  `author_id` int(10) unsigned DEFAULT '0',
  `owner_id` int(10) unsigned DEFAULT '0',
  `mail` varchar(200) DEFAULT NULL,
  `url` varchar(200) DEFAULT NULL,
  `ip` varchar(64) DEFAULT NULL,
  `agent` varchar(200) DEFAULT NULL,
  `content` text,
  `type` varchar(16) DEFAULT 'comment',
  `status` varchar(16) DEFAULT 'approved',
  `parent` int(10) unsigned DEFAULT '0',
  PRIMARY KEY (`coid`),
  KEY `cid` (`cid`),
  KEY `created` (`created`)
) ENGINE=InnoDB AUTO_INCREMENT=4 DEFAULT CHARSET=utf8"
[1] 23:48:02,837 DEBUG SchemaChange - SQL_PARSE ->   (parse (statement (create_table (create_table_preamble CREATE TABLE (table_name (name (id `t_comments`)))) (create_specifications ( (create_specification (column_definition (name (id `coid`)) (data_type (signed_type int (length ( 10 )) (int_flags unsigned) (column_options (nullability NOT NULL)) (column_options AUTO_INCREMENT))))) , (create_specification (column_definition (name (id `cid`)) (data_type (signed_type int (length ( 10 )) (int_flags unsigned) (column_options (default_value DEFAULT (literal_with_weirdo_multistring (string_literal '0')))))))) , (create_specification (column_definition (name (id `created`)) (data_type (signed_type int (length ( 10 )) (int_flags unsigned) (column_options (default_value DEFAULT (literal_with_weirdo_multistring (string_literal '0')))))))) , (create_specification (column_definition (name (id `author`)) (data_type (string_type varchar (length ( 200 )) (column_options (default_value DEFAULT (literal_with_weirdo_multistring NULL))))))) , (create_specification (column_definition (name (id `author_id`)) (data_type (signed_type int (length ( 10 )) (int_flags unsigned) (column_options (default_value DEFAULT (literal_with_weirdo_multistring (string_literal '0')))))))) , (create_specification (column_definition (name (id `owner_id`)) (data_type (signed_type int (length ( 10 )) (int_flags unsigned) (column_options (default_value DEFAULT (literal_with_weirdo_multistring (string_literal '0')))))))) , (create_specification (column_definition (name (id `mail`)) (data_type (string_type varchar (length ( 200 )) (column_options (default_value DEFAULT (literal_with_weirdo_multistring NULL))))))) , (create_specification (column_definition (name (id `url`)) (data_type (string_type varchar (length ( 200 )) (column_options (default_value DEFAULT (literal_with_weirdo_multistring NULL))))))) , (create_specification (column_definition (name (id `ip`)) (data_type (string_type varchar (length ( 64 )) (column_options (default_value DEFAULT (literal_with_weirdo_multistring NULL))))))) , (create_specification (column_definition (name (id `agent`)) (data_type (string_type varchar (length ( 200 )) (column_options (default_value DEFAULT (literal_with_weirdo_multistring NULL))))))) , (create_specification (column_definition (name (id `content`)) (data_type (string_type text)))) , (create_specification (column_definition (name (id `type`)) (data_type (string_type varchar (length ( 16 )) (column_options (default_value DEFAULT (literal_with_weirdo_multistring (string_literal 'comment')))))))) , (create_specification (column_definition (name (id `status`)) (data_type (string_type varchar (length ( 16 )) (column_options (default_value DEFAULT (literal_with_weirdo_multistring (string_literal 'approved')))))))) , (create_specification (column_definition (name (id `parent`)) (data_type (signed_type int (length ( 10 )) (int_flags unsigned) (column_options (default_value DEFAULT (literal_with_weirdo_multistring (string_literal '0')))))))) , (create_specification (index_definition (index_type_pk PRIMARY KEY (index_column_list ( (index_columns (index_column (name (id `coid`)))) ))))) , (create_specification (index_definition (index_type_1 (index_or_key KEY) (index_name (name (id `cid`))) (index_column_list ( (index_columns (index_column (name (id `cid`)))) ))))) , (create_specification (index_definition (index_type_1 (index_or_key KEY) (index_name (name (id `created`))) (index_column_list ( (index_columns (index_column (name (id `created`)))) ))))) )) (table_creation_option (creation_engine ENGINE = (id InnoDB))) (table_creation_option (creation_auto_increment AUTO_INCREMENT = (integer 4))) (table_creation_option (creation_character_set DEFAULT CHARSET = (charset_name utf8))))) <EOF>)
[1] 23:48:02,842 INFO  AbstractSchemaStore - storing schema @Position[BinlogPosition[XCV-bin.000007:169202], lastHeartbeat=1662553171260] after applying "CREATE TABLE `t_comments` (   `coid` int(10) unsigned NOT NULL AUTO_INCREMENT,   `cid` int(10) unsigned DEFAULT '0',   `created` int(10) unsigned DEFAULT '0',   `author` varchar(200) DEFAULT NULL,   `author_id` int(10) unsigned DEFAULT '0',   `owner_id` int(10) unsigned DEFAULT '0',   `mail` varchar(200) DEFAULT NULL,   `url` varchar(200) DEFAULT NULL,   `ip` varchar(64) DEFAULT NULL,   `agent` varchar(200) DEFAULT NULL,   `content` text,   `type` varchar(16) DEFAULT 'comment',   `status` varchar(16) DEFAULT 'approved',   `parent` int(10) unsigned DEFAULT '0',   PRIMARY KEY (`coid`),   KEY `cid` (`cid`),   KEY `created` (`created`) ) ENGINE=InnoDB AUTO_INCREMENT=4 DEFAULT CHARSET=utf8" to tale, new schema id is 40
[1] 23:48:02,842 DEBUG SchemaChange - SQL_PARSE <- "/*!40000 ALTER TABLE `t_comments` DISABLE KEYS */"
[1] 23:48:02,842 DEBUG SchemaChange - SQL_PARSE ->   (parse (statement (alter_table (alter_table_preamble ALTER TABLE (table_name (name (id `t_comments`)))) (alter_specifications (alter_specification (ignored_alter_specifications DISABLE KEYS))))) <EOF>)
[1] 23:48:02,848 INFO  AbstractSchemaStore - storing schema @Position[BinlogPosition[XCV-bin.000007:170060], lastHeartbeat=1662553171260] after applying "/*!40000 ALTER TABLE `t_comments` DISABLE KEYS */" to tale, new schema id is 41
[1] 23:48:02,849 DEBUG SchemaChange - SQL_PARSE <- "/*!40000 ALTER TABLE `t_comments` ENABLE KEYS */"
[1] 23:48:02,849 DEBUG SchemaChange - SQL_PARSE ->   (parse (statement (alter_table (alter_table_preamble ALTER TABLE (table_name (name (id `t_comments`)))) (alter_specifications (alter_specification (ignored_alter_specifications ENABLE KEYS))))) <EOF>)
[1] 23:48:02,854 INFO  AbstractSchemaStore - storing schema @Position[BinlogPosition[XCV-bin.000007:170946], lastHeartbeat=1662553171260] after applying "/*!40000 ALTER TABLE `t_comments` ENABLE KEYS */" to tale, new schema id is 42
[1] 23:48:02,854 DEBUG SchemaChange - SQL_PARSE <- "DROP TABLE IF EXISTS `t_contents` /* generated by server */"
[1] 23:48:02,855 DEBUG SchemaChange - SQL_PARSE ->   (parse (statement (drop_table DROP TABLE (if_exists IF EXISTS) (table_name (name (id `t_contents`))))) <EOF>)
[1] 23:48:02,855 DEBUG SchemaChange - SQL_PARSE <- "CREATE TABLE `t_contents` (
  `cid` int(10) unsigned NOT NULL AUTO_INCREMENT,
  `title` varchar(200) DEFAULT NULL,
  `slug` varchar(200) DEFAULT NULL,
  `created` int(10) unsigned DEFAULT '0',
  `modified` int(10) unsigned DEFAULT '0',
  `content` text COMMENT '内容文字',
  `author_id` int(10) unsigned DEFAULT '0',
  `type` varchar(16) DEFAULT 'post',
  `status` varchar(16) DEFAULT 'publish',
  `tags` varchar(200) DEFAULT NULL,
  `categories` varchar(200) DEFAULT NULL,
  `hits` int(10) unsigned DEFAULT '0',
  `comments_num` int(10) unsigned DEFAULT '0',
  `allow_comment` tinyint(1) DEFAULT '1',
  `allow_ping` tinyint(1) DEFAULT '1',
  `allow_feed` tinyint(1) DEFAULT '1',
  PRIMARY KEY (`cid`),
  UNIQUE KEY `slug` (`slug`),
  KEY `created` (`created`)
) ENGINE=InnoDB AUTO_INCREMENT=7 DEFAULT CHARSET=utf8"
[1] 23:48:02,857 DEBUG SchemaChange - SQL_PARSE ->   (parse (statement (create_table (create_table_preamble CREATE TABLE (table_name (name (id `t_contents`)))) (create_specifications ( (create_specification (column_definition (name (id `cid`)) (data_type (signed_type int (length ( 10 )) (int_flags unsigned) (column_options (nullability NOT NULL)) (column_options AUTO_INCREMENT))))) , (create_specification (column_definition (name (id `title`)) (data_type (string_type varchar (length ( 200 )) (column_options (default_value DEFAULT (literal_with_weirdo_multistring NULL))))))) , (create_specification (column_definition (name (id `slug`)) (data_type (string_type varchar (length ( 200 )) (column_options (default_value DEFAULT (literal_with_weirdo_multistring NULL))))))) , (create_specification (column_definition (name (id `created`)) (data_type (signed_type int (length ( 10 )) (int_flags unsigned) (column_options (default_value DEFAULT (literal_with_weirdo_multistring (string_literal '0')))))))) , (create_specification (column_definition (name (id `modified`)) (data_type (signed_type int (length ( 10 )) (int_flags unsigned) (column_options (default_value DEFAULT (literal_with_weirdo_multistring (string_literal '0')))))))) , (create_specification (column_definition (name (id `content`)) (data_type (string_type text (column_options COMMENT (string_literal '内容文字')))))) , (create_specification (column_definition (name (id `author_id`)) (data_type (signed_type int (length ( 10 )) (int_flags unsigned) (column_options (default_value DEFAULT (literal_with_weirdo_multistring (string_literal '0')))))))) , (create_specification (column_definition (name (id `type`)) (data_type (string_type varchar (length ( 16 )) (column_options (default_value DEFAULT (literal_with_weirdo_multistring (string_literal 'post')))))))) , (create_specification (column_definition (name (id `status`)) (data_type (string_type varchar (length ( 16 )) (column_options (default_value DEFAULT (literal_with_weirdo_multistring (string_literal 'publish')))))))) , (create_specification (column_definition (name (id `tags`)) (data_type (string_type varchar (length ( 200 )) (column_options (default_value DEFAULT (literal_with_weirdo_multistring NULL))))))) , (create_specification (column_definition (name (id `categories`)) (data_type (string_type varchar (length ( 200 )) (column_options (default_value DEFAULT (literal_with_weirdo_multistring NULL))))))) , (create_specification (column_definition (name (id `hits`)) (data_type (signed_type int (length ( 10 )) (int_flags unsigned) (column_options (default_value DEFAULT (literal_with_weirdo_multistring (string_literal '0')))))))) , (create_specification (column_definition (name (id `comments_num`)) (data_type (signed_type int (length ( 10 )) (int_flags unsigned) (column_options (default_value DEFAULT (literal_with_weirdo_multistring (string_literal '0')))))))) , (create_specification (column_definition (name (id `allow_comment`)) (data_type (signed_type tinyint (length ( 1 )) (column_options (default_value DEFAULT (literal_with_weirdo_multistring (string_literal '1')))))))) , (create_specification (column_definition (name (id `allow_ping`)) (data_type (signed_type tinyint (length ( 1 )) (column_options (default_value DEFAULT (literal_with_weirdo_multistring (string_literal '1')))))))) , (create_specification (column_definition (name (id `allow_feed`)) (data_type (signed_type tinyint (length ( 1 )) (column_options (default_value DEFAULT (literal_with_weirdo_multistring (string_literal '1')))))))) , (create_specification (index_definition (index_type_pk PRIMARY KEY (index_column_list ( (index_columns (index_column (name (id `cid`)))) ))))) , (create_specification (index_definition (index_type_3 UNIQUE (index_or_key KEY) (index_name (name (id `slug`))) (index_column_list ( (index_columns (index_column (name (id `slug`)))) ))))) , (create_specification (index_definition (index_type_1 (index_or_key KEY) (index_name (name (id `created`))) (index_column_list ( (index_columns (index_column (name (id `created`)))) ))))) )) (table_creation_option (creation_engine ENGINE = (id InnoDB))) (table_creation_option (creation_auto_increment AUTO_INCREMENT = (integer 7))) (table_creation_option (creation_character_set DEFAULT CHARSET = (charset_name utf8))))) <EOF>)
[1] 23:48:02,861 INFO  AbstractSchemaStore - storing schema @Position[BinlogPosition[XCV-bin.000007:171374], lastHeartbeat=1662553171260] after applying "CREATE TABLE `t_contents` (   `cid` int(10) unsigned NOT NULL AUTO_INCREMENT,   `title` varchar(200) DEFAULT NULL,   `slug` varchar(200) DEFAULT NULL,   `created` int(10) unsigned DEFAULT '0',   `modified` int(10) unsigned DEFAULT '0',   `content` text COMMENT '内容文字',   `author_id` int(10) unsigned DEFAULT '0',   `type` varchar(16) DEFAULT 'post',   `status` varchar(16) DEFAULT 'publish',   `tags` varchar(200) DEFAULT NULL,   `categories` varchar(200) DEFAULT NULL,   `hits` int(10) unsigned DEFAULT '0',   `comments_num` int(10) unsigned DEFAULT '0',   `allow_comment` tinyint(1) DEFAULT '1',   `allow_ping` tinyint(1) DEFAULT '1',   `allow_feed` tinyint(1) DEFAULT '1',   PRIMARY KEY (`cid`),   UNIQUE KEY `slug` (`slug`),   KEY `created` (`created`) ) ENGINE=InnoDB AUTO_INCREMENT=7 DEFAULT CHARSET=utf8" to tale, new schema id is 43
[1] 23:48:02,861 DEBUG SchemaChange - SQL_PARSE <- "/*!40000 ALTER TABLE `t_contents` DISABLE KEYS */"
[1] 23:48:02,862 DEBUG SchemaChange - SQL_PARSE ->   (parse (statement (alter_table (alter_table_preamble ALTER TABLE (table_name (name (id `t_contents`)))) (alter_specifications (alter_specification (ignored_alter_specifications DISABLE KEYS))))) <EOF>)
[1] 23:48:02,867 INFO  AbstractSchemaStore - storing schema @Position[BinlogPosition[XCV-bin.000007:172357], lastHeartbeat=1662553171260] after applying "/*!40000 ALTER TABLE `t_contents` DISABLE KEYS */" to tale, new schema id is 44
[1] 23:48:02,879 DEBUG SchemaChange - SQL_PARSE <- "/*!40000 ALTER TABLE `t_contents` ENABLE KEYS */"
[1] 23:48:02,880 DEBUG SchemaChange - SQL_PARSE ->   (parse (statement (alter_table (alter_table_preamble ALTER TABLE (table_name (name (id `t_contents`)))) (alter_specifications (alter_specification (ignored_alter_specifications ENABLE KEYS))))) <EOF>)
[1] 23:48:02,886 INFO  AbstractSchemaStore - storing schema @Position[BinlogPosition[XCV-bin.000007:292044], lastHeartbeat=1662553171260] after applying "/*!40000 ALTER TABLE `t_contents` ENABLE KEYS */" to tale, new schema id is 45
[1] 23:48:02,886 DEBUG SchemaChange - SQL_PARSE <- "DROP TABLE IF EXISTS `t_logs` /* generated by server */"
[1] 23:48:02,887 DEBUG SchemaChange - SQL_PARSE ->   (parse (statement (drop_table DROP TABLE (if_exists IF EXISTS) (table_name (name (id `t_logs`))))) <EOF>)
[1] 23:48:02,887 DEBUG SchemaChange - SQL_PARSE <- "CREATE TABLE `t_logs` (
  `id` int(11) unsigned NOT NULL AUTO_INCREMENT,
  `action` varchar(100) DEFAULT NULL,
  `data` varchar(2000) DEFAULT NULL,
  `author_id` int(10) DEFAULT NULL,
  `ip` varchar(20) DEFAULT NULL,
  `created` int(10) DEFAULT NULL,
  PRIMARY KEY (`id`)
) ENGINE=InnoDB AUTO_INCREMENT=29 DEFAULT CHARSET=utf8"
[1] 23:48:02,888 DEBUG SchemaChange - SQL_PARSE ->   (parse (statement (create_table (create_table_preamble CREATE TABLE (table_name (name (id `t_logs`)))) (create_specifications ( (create_specification (column_definition (name (id `id`)) (data_type (signed_type int (length ( 11 )) (int_flags unsigned) (column_options (nullability NOT NULL)) (column_options AUTO_INCREMENT))))) , (create_specification (column_definition (name (id `action`)) (data_type (string_type varchar (length ( 100 )) (column_options (default_value DEFAULT (literal_with_weirdo_multistring NULL))))))) , (create_specification (column_definition (name (id `data`)) (data_type (string_type varchar (length ( 2000 )) (column_options (default_value DEFAULT (literal_with_weirdo_multistring NULL))))))) , (create_specification (column_definition (name (id `author_id`)) (data_type (signed_type int (length ( 10 )) (column_options (default_value DEFAULT (literal_with_weirdo_multistring NULL))))))) , (create_specification (column_definition (name (id `ip`)) (data_type (string_type varchar (length ( 20 )) (column_options (default_value DEFAULT (literal_with_weirdo_multistring NULL))))))) , (create_specification (column_definition (name (id `created`)) (data_type (signed_type int (length ( 10 )) (column_options (default_value DEFAULT (literal_with_weirdo_multistring NULL))))))) , (create_specification (index_definition (index_type_pk PRIMARY KEY (index_column_list ( (index_columns (index_column (name (id `id`)))) ))))) )) (table_creation_option (creation_engine ENGINE = (id InnoDB))) (table_creation_option (creation_auto_increment AUTO_INCREMENT = (integer 29))) (table_creation_option (creation_character_set DEFAULT CHARSET = (charset_name utf8))))) <EOF>)
[1] 23:48:02,892 INFO  AbstractSchemaStore - storing schema @Position[BinlogPosition[XCV-bin.000007:292468], lastHeartbeat=1662553171260] after applying "CREATE TABLE `t_logs` (   `id` int(11) unsigned NOT NULL AUTO_INCREMENT,   `action` varchar(100) DEFAULT NULL,   `data` varchar(2000) DEFAULT NULL,   `author_id` int(10) DEFAULT NULL,   `ip` varchar(20) DEFAULT NULL,   `created` int(10) DEFAULT NULL,   PRIMARY KEY (`id`) ) ENGINE=InnoDB AUTO_INCREMENT=29 DEFAULT CHARSET=utf8" to tale, new schema id is 46
[1] 23:48:02,893 DEBUG SchemaChange - SQL_PARSE <- "/*!40000 ALTER TABLE `t_logs` DISABLE KEYS */"
[1] 23:48:02,893 DEBUG SchemaChange - SQL_PARSE ->   (parse (statement (alter_table (alter_table_preamble ALTER TABLE (table_name (name (id `t_logs`)))) (alter_specifications (alter_specification (ignored_alter_specifications DISABLE KEYS))))) <EOF>)
[1] 23:48:02,898 INFO  AbstractSchemaStore - storing schema @Position[BinlogPosition[XCV-bin.000007:292959], lastHeartbeat=1662553171260] after applying "/*!40000 ALTER TABLE `t_logs` DISABLE KEYS */" to tale, new schema id is 47
[1] 23:48:02,900 DEBUG SchemaChange - SQL_PARSE <- "/*!40000 ALTER TABLE `t_logs` ENABLE KEYS */"
[1] 23:48:02,900 DEBUG SchemaChange - SQL_PARSE ->   (parse (statement (alter_table (alter_table_preamble ALTER TABLE (table_name (name (id `t_logs`)))) (alter_specifications (alter_specification (ignored_alter_specifications ENABLE KEYS))))) <EOF>)
[1] 23:48:02,905 INFO  AbstractSchemaStore - storing schema @Position[BinlogPosition[XCV-bin.000007:295286], lastHeartbeat=1662553171260] after applying "/*!40000 ALTER TABLE `t_logs` ENABLE KEYS */" to tale, new schema id is 48
[1] 23:48:02,905 DEBUG SchemaChange - SQL_PARSE <- "DROP TABLE IF EXISTS `t_metas` /* generated by server */"
[1] 23:48:02,905 DEBUG SchemaChange - SQL_PARSE ->   (parse (statement (drop_table DROP TABLE (if_exists IF EXISTS) (table_name (name (id `t_metas`))))) <EOF>)
[1] 23:48:02,906 DEBUG SchemaChange - SQL_PARSE <- "CREATE TABLE `t_metas` (
  `mid` int(10) unsigned NOT NULL AUTO_INCREMENT,
  `name` varchar(200) DEFAULT NULL,
  `slug` varchar(200) DEFAULT NULL,
  `type` varchar(32) NOT NULL DEFAULT '',
  `description` varchar(200) DEFAULT NULL,
  `sort` int(10) unsigned DEFAULT '0',
  `parent` int(10) unsigned DEFAULT '0',
  PRIMARY KEY (`mid`),
  KEY `slug` (`slug`)
) ENGINE=InnoDB AUTO_INCREMENT=21 DEFAULT CHARSET=utf8"
[1] 23:48:02,907 DEBUG SchemaChange - SQL_PARSE ->   (parse (statement (create_table (create_table_preamble CREATE TABLE (table_name (name (id `t_metas`)))) (create_specifications ( (create_specification (column_definition (name (id `mid`)) (data_type (signed_type int (length ( 10 )) (int_flags unsigned) (column_options (nullability NOT NULL)) (column_options AUTO_INCREMENT))))) , (create_specification (column_definition (name (id `name`)) (data_type (string_type varchar (length ( 200 )) (column_options (default_value DEFAULT (literal_with_weirdo_multistring NULL))))))) , (create_specification (column_definition (name (id `slug`)) (data_type (string_type varchar (length ( 200 )) (column_options (default_value DEFAULT (literal_with_weirdo_multistring NULL))))))) , (create_specification (column_definition (name (id `type`)) (data_type (string_type varchar (length ( 32 )) (column_options (nullability NOT NULL)) (column_options (default_value DEFAULT (literal_with_weirdo_multistring (string_literal '')))))))) , (create_specification (column_definition (name (id `description`)) (data_type (string_type varchar (length ( 200 )) (column_options (default_value DEFAULT (literal_with_weirdo_multistring NULL))))))) , (create_specification (column_definition (name (id `sort`)) (data_type (signed_type int (length ( 10 )) (int_flags unsigned) (column_options (default_value DEFAULT (literal_with_weirdo_multistring (string_literal '0')))))))) , (create_specification (column_definition (name (id `parent`)) (data_type (signed_type int (length ( 10 )) (int_flags unsigned) (column_options (default_value DEFAULT (literal_with_weirdo_multistring (string_literal '0')))))))) , (create_specification (index_definition (index_type_pk PRIMARY KEY (index_column_list ( (index_columns (index_column (name (id `mid`)))) ))))) , (create_specification (index_definition (index_type_1 (index_or_key KEY) (index_name (name (id `slug`))) (index_column_list ( (index_columns (index_column (name (id `slug`)))) ))))) )) (table_creation_option (creation_engine ENGINE = (id InnoDB))) (table_creation_option (creation_auto_increment AUTO_INCREMENT = (integer 21))) (table_creation_option (creation_character_set DEFAULT CHARSET = (charset_name utf8))))) <EOF>)
[1] 23:48:02,913 INFO  AbstractSchemaStore - storing schema @Position[BinlogPosition[XCV-bin.000007:295707], lastHeartbeat=1662553171260] after applying "CREATE TABLE `t_metas` (   `mid` int(10) unsigned NOT NULL AUTO_INCREMENT,   `name` varchar(200) DEFAULT NULL,   `slug` varchar(200) DEFAULT NULL,   `type` varchar(32) NOT NULL DEFAULT '',   `description` varchar(200) DEFAULT NULL,   `sort` int(10) unsigned DEFAULT '0',   `parent` int(10) unsigned DEFAULT '0',   PRIMARY KEY (`mid`),   KEY `slug` (`slug`) ) ENGINE=InnoDB AUTO_INCREMENT=21 DEFAULT CHARSET=utf8" to tale, new schema id is 49
[1] 23:48:02,913 DEBUG SchemaChange - SQL_PARSE <- "/*!40000 ALTER TABLE `t_metas` DISABLE KEYS */"
[1] 23:48:02,913 DEBUG SchemaChange - SQL_PARSE ->   (parse (statement (alter_table (alter_table_preamble ALTER TABLE (table_name (name (id `t_metas`)))) (alter_specifications (alter_specification (ignored_alter_specifications DISABLE KEYS))))) <EOF>)
[1] 23:48:02,917 INFO  AbstractSchemaStore - storing schema @Position[BinlogPosition[XCV-bin.000007:296283], lastHeartbeat=1662553171260] after applying "/*!40000 ALTER TABLE `t_metas` DISABLE KEYS */" to tale, new schema id is 50
[1] 23:48:02,918 DEBUG SchemaChange - SQL_PARSE <- "/*!40000 ALTER TABLE `t_metas` ENABLE KEYS */"
[1] 23:48:02,918 DEBUG SchemaChange - SQL_PARSE ->   (parse (statement (alter_table (alter_table_preamble ALTER TABLE (table_name (name (id `t_metas`)))) (alter_specifications (alter_specification (ignored_alter_specifications ENABLE KEYS))))) <EOF>)
[1] 23:48:02,922 INFO  AbstractSchemaStore - storing schema @Position[BinlogPosition[XCV-bin.000007:297500], lastHeartbeat=1662553171260] after applying "/*!40000 ALTER TABLE `t_metas` ENABLE KEYS */" to tale, new schema id is 51
[1] 23:48:02,922 DEBUG SchemaChange - SQL_PARSE <- "DROP TABLE IF EXISTS `t_options` /* generated by server */"
[1] 23:48:02,922 DEBUG SchemaChange - SQL_PARSE ->   (parse (statement (drop_table DROP TABLE (if_exists IF EXISTS) (table_name (name (id `t_options`))))) <EOF>)
[1] 23:48:02,923 DEBUG SchemaChange - SQL_PARSE <- "CREATE TABLE `t_options` (
  `name` varchar(32) NOT NULL DEFAULT '',
  `value` varchar(1000) DEFAULT '',
  `description` varchar(200) DEFAULT NULL,
  PRIMARY KEY (`name`)
) ENGINE=InnoDB DEFAULT CHARSET=utf8"
[1] 23:48:02,923 DEBUG SchemaChange - SQL_PARSE ->   (parse (statement (create_table (create_table_preamble CREATE TABLE (table_name (name (id `t_options`)))) (create_specifications ( (create_specification (column_definition (name (id `name`)) (data_type (string_type varchar (length ( 32 )) (column_options (nullability NOT NULL)) (column_options (default_value DEFAULT (literal_with_weirdo_multistring (string_literal '')))))))) , (create_specification (column_definition (name (id `value`)) (data_type (string_type varchar (length ( 1000 )) (column_options (default_value DEFAULT (literal_with_weirdo_multistring (string_literal '')))))))) , (create_specification (column_definition (name (id `description`)) (data_type (string_type varchar (length ( 200 )) (column_options (default_value DEFAULT (literal_with_weirdo_multistring NULL))))))) , (create_specification (index_definition (index_type_pk PRIMARY KEY (index_column_list ( (index_columns (index_column (name (id `name`)))) ))))) )) (table_creation_option (creation_engine ENGINE = (id InnoDB))) (table_creation_option (creation_character_set DEFAULT CHARSET = (charset_name utf8))))) <EOF>)
[1] 23:48:02,926 INFO  AbstractSchemaStore - storing schema @Position[BinlogPosition[XCV-bin.000007:297924], lastHeartbeat=1662553171260] after applying "CREATE TABLE `t_options` (   `name` varchar(32) NOT NULL DEFAULT '',   `value` varchar(1000) DEFAULT '',   `description` varchar(200) DEFAULT NULL,   PRIMARY KEY (`name`) ) ENGINE=InnoDB DEFAULT CHARSET=utf8" to tale, new schema id is 52
[1] 23:48:02,926 DEBUG SchemaChange - SQL_PARSE <- "/*!40000 ALTER TABLE `t_options` DISABLE KEYS */"
[1] 23:48:02,927 DEBUG SchemaChange - SQL_PARSE ->   (parse (statement (alter_table (alter_table_preamble ALTER TABLE (table_name (name (id `t_options`)))) (alter_specifications (alter_specification (ignored_alter_specifications DISABLE KEYS))))) <EOF>)
[1] 23:48:02,930 INFO  AbstractSchemaStore - storing schema @Position[BinlogPosition[XCV-bin.000007:298296], lastHeartbeat=1662553171260] after applying "/*!40000 ALTER TABLE `t_options` DISABLE KEYS */" to tale, new schema id is 53
[1] 23:48:02,931 DEBUG SchemaChange - SQL_PARSE <- "/*!40000 ALTER TABLE `t_options` ENABLE KEYS */"
[1] 23:48:02,931 DEBUG SchemaChange - SQL_PARSE ->   (parse (statement (alter_table (alter_table_preamble ALTER TABLE (table_name (name (id `t_options`)))) (alter_specifications (alter_specification (ignored_alter_specifications ENABLE KEYS))))) <EOF>)
[1] 23:48:02,935 INFO  AbstractSchemaStore - storing schema @Position[BinlogPosition[XCV-bin.000007:299098], lastHeartbeat=1662553171260] after applying "/*!40000 ALTER TABLE `t_options` ENABLE KEYS */" to tale, new schema id is 54
[1] 23:48:02,936 DEBUG SchemaChange - SQL_PARSE <- "DROP TABLE IF EXISTS `t_relationships` /* generated by server */"
[1] 23:48:02,936 DEBUG SchemaChange - SQL_PARSE ->   (parse (statement (drop_table DROP TABLE (if_exists IF EXISTS) (table_name (name (id `t_relationships`))))) <EOF>)
[1] 23:48:02,936 DEBUG SchemaChange - SQL_PARSE <- "CREATE TABLE `t_relationships` (
  `cid` int(10) unsigned NOT NULL,
  `mid` int(10) unsigned NOT NULL,
  PRIMARY KEY (`cid`,`mid`)
) ENGINE=InnoDB DEFAULT CHARSET=utf8"
[1] 23:48:02,936 DEBUG SchemaChange - SQL_PARSE ->   (parse (statement (create_table (create_table_preamble CREATE TABLE (table_name (name (id `t_relationships`)))) (create_specifications ( (create_specification (column_definition (name (id `cid`)) (data_type (signed_type int (length ( 10 )) (int_flags unsigned) (column_options (nullability NOT NULL)))))) , (create_specification (column_definition (name (id `mid`)) (data_type (signed_type int (length ( 10 )) (int_flags unsigned) (column_options (nullability NOT NULL)))))) , (create_specification (index_definition (index_type_pk PRIMARY KEY (index_column_list ( (index_columns (index_column (name (id `cid`))) , (index_column (name (id `mid`)))) ))))) )) (table_creation_option (creation_engine ENGINE = (id InnoDB))) (table_creation_option (creation_character_set DEFAULT CHARSET = (charset_name utf8))))) <EOF>)
[1] 23:48:02,940 INFO  AbstractSchemaStore - storing schema @Position[BinlogPosition[XCV-bin.000007:299530], lastHeartbeat=1662553171260] after applying "CREATE TABLE `t_relationships` (   `cid` int(10) unsigned NOT NULL,   `mid` int(10) unsigned NOT NULL,   PRIMARY KEY (`cid`,`mid`) ) ENGINE=InnoDB DEFAULT CHARSET=utf8" to tale, new schema id is 55
[1] 23:48:02,940 DEBUG SchemaChange - SQL_PARSE <- "/*!40000 ALTER TABLE `t_relationships` DISABLE KEYS */"
[1] 23:48:02,940 DEBUG SchemaChange - SQL_PARSE ->   (parse (statement (alter_table (alter_table_preamble ALTER TABLE (table_name (name (id `t_relationships`)))) (alter_specifications (alter_specification (ignored_alter_specifications DISABLE KEYS))))) <EOF>)
[1] 23:48:02,944 INFO  AbstractSchemaStore - storing schema @Position[BinlogPosition[XCV-bin.000007:299862], lastHeartbeat=1662553171260] after applying "/*!40000 ALTER TABLE `t_relationships` DISABLE KEYS */" to tale, new schema id is 56
[1] 23:48:02,945 DEBUG SchemaChange - SQL_PARSE <- "/*!40000 ALTER TABLE `t_relationships` ENABLE KEYS */"
[1] 23:48:02,945 DEBUG SchemaChange - SQL_PARSE ->   (parse (statement (alter_table (alter_table_preamble ALTER TABLE (table_name (name (id `t_relationships`)))) (alter_specifications (alter_specification (ignored_alter_specifications ENABLE KEYS))))) <EOF>)
[1] 23:48:02,948 INFO  AbstractSchemaStore - storing schema @Position[BinlogPosition[XCV-bin.000007:300489], lastHeartbeat=1662553171260] after applying "/*!40000 ALTER TABLE `t_relationships` ENABLE KEYS */" to tale, new schema id is 57
[1] 23:48:02,949 DEBUG SchemaChange - SQL_PARSE <- "DROP TABLE IF EXISTS `t_users` /* generated by server */"
[1] 23:48:02,949 DEBUG SchemaChange - SQL_PARSE ->   (parse (statement (drop_table DROP TABLE (if_exists IF EXISTS) (table_name (name (id `t_users`))))) <EOF>)
[1] 23:48:02,949 DEBUG SchemaChange - SQL_PARSE <- "CREATE TABLE `t_users` (
  `uid` int(10) unsigned NOT NULL AUTO_INCREMENT,
  `username` varchar(32) DEFAULT NULL,
  `password` varchar(64) DEFAULT NULL,
  `email` varchar(200) DEFAULT NULL,
  `home_url` varchar(200) DEFAULT NULL,
  `screen_name` varchar(32) DEFAULT NULL,
  `created` int(10) unsigned DEFAULT '0',
  `activated` int(10) unsigned DEFAULT '0',
  `logged` int(10) unsigned DEFAULT '0',
  `group_name` varchar(16) DEFAULT 'visitor',
  PRIMARY KEY (`uid`),
  UNIQUE KEY `name` (`username`),
  UNIQUE KEY `mail` (`email`)
) ENGINE=InnoDB AUTO_INCREMENT=2 DEFAULT CHARSET=utf8"
[1] 23:48:02,950 DEBUG SchemaChange - SQL_PARSE ->   (parse (statement (create_table (create_table_preamble CREATE TABLE (table_name (name (id `t_users`)))) (create_specifications ( (create_specification (column_definition (name (id `uid`)) (data_type (signed_type int (length ( 10 )) (int_flags unsigned) (column_options (nullability NOT NULL)) (column_options AUTO_INCREMENT))))) , (create_specification (column_definition (name (id `username`)) (data_type (string_type varchar (length ( 32 )) (column_options (default_value DEFAULT (literal_with_weirdo_multistring NULL))))))) , (create_specification (column_definition (name (id `password`)) (data_type (string_type varchar (length ( 64 )) (column_options (default_value DEFAULT (literal_with_weirdo_multistring NULL))))))) , (create_specification (column_definition (name (id `email`)) (data_type (string_type varchar (length ( 200 )) (column_options (default_value DEFAULT (literal_with_weirdo_multistring NULL))))))) , (create_specification (column_definition (name (id `home_url`)) (data_type (string_type varchar (length ( 200 )) (column_options (default_value DEFAULT (literal_with_weirdo_multistring NULL))))))) , (create_specification (column_definition (name (id `screen_name`)) (data_type (string_type varchar (length ( 32 )) (column_options (default_value DEFAULT (literal_with_weirdo_multistring NULL))))))) , (create_specification (column_definition (name (id `created`)) (data_type (signed_type int (length ( 10 )) (int_flags unsigned) (column_options (default_value DEFAULT (literal_with_weirdo_multistring (string_literal '0')))))))) , (create_specification (column_definition (name (id `activated`)) (data_type (signed_type int (length ( 10 )) (int_flags unsigned) (column_options (default_value DEFAULT (literal_with_weirdo_multistring (string_literal '0')))))))) , (create_specification (column_definition (name (id `logged`)) (data_type (signed_type int (length ( 10 )) (int_flags unsigned) (column_options (default_value DEFAULT (literal_with_weirdo_multistring (string_literal '0')))))))) , (create_specification (column_definition (name (id `group_name`)) (data_type (string_type varchar (length ( 16 )) (column_options (default_value DEFAULT (literal_with_weirdo_multistring (string_literal 'visitor')))))))) , (create_specification (index_definition (index_type_pk PRIMARY KEY (index_column_list ( (index_columns (index_column (name (id `uid`)))) ))))) , (create_specification (index_definition (index_type_3 UNIQUE (index_or_key KEY) (index_name (name (id `name`))) (index_column_list ( (index_columns (index_column (name (id `username`)))) ))))) , (create_specification (index_definition (index_type_3 UNIQUE (index_or_key KEY) (index_name (name (id `mail`))) (index_column_list ( (index_columns (index_column (name (id `email`)))) ))))) )) (table_creation_option (creation_engine ENGINE = (id InnoDB))) (table_creation_option (creation_auto_increment AUTO_INCREMENT = (integer 2))) (table_creation_option (creation_character_set DEFAULT CHARSET = (charset_name utf8))))) <EOF>)
[1] 23:48:02,953 INFO  AbstractSchemaStore - storing schema @Position[BinlogPosition[XCV-bin.000007:300919], lastHeartbeat=1662553171260] after applying "CREATE TABLE `t_users` (   `uid` int(10) unsigned NOT NULL AUTO_INCREMENT,   `username` varchar(32) DEFAULT NULL,   `password` varchar(64) DEFAULT NULL,   `email` varchar(200) DEFAULT NULL,   `home_url` varchar(200) DEFAULT NULL,   `screen_name` varchar(32) DEFAULT NULL,   `created` int(10) unsigned DEFAULT '0',   `activated` int(10) unsigned DEFAULT '0',   `logged` int(10) unsigned DEFAULT '0',   `group_name` varchar(16) DEFAULT 'visitor',   PRIMARY KEY (`uid`),   UNIQUE KEY `name` (`username`),   UNIQUE KEY `mail` (`email`) ) ENGINE=InnoDB AUTO_INCREMENT=2 DEFAULT CHARSET=utf8" to tale, new schema id is 58
[1] 23:48:02,954 DEBUG SchemaChange - SQL_PARSE <- "/*!40000 ALTER TABLE `t_users` DISABLE KEYS */"
[1] 23:48:02,954 DEBUG SchemaChange - SQL_PARSE ->   (parse (statement (alter_table (alter_table_preamble ALTER TABLE (table_name (name (id `t_users`)))) (alter_specifications (alter_specification (ignored_alter_specifications DISABLE KEYS))))) <EOF>)
[1] 23:48:02,957 INFO  AbstractSchemaStore - storing schema @Position[BinlogPosition[XCV-bin.000007:301669], lastHeartbeat=1662553171260] after applying "/*!40000 ALTER TABLE `t_users` DISABLE KEYS */" to tale, new schema id is 59
[1] 23:48:02,958 DEBUG SchemaChange - SQL_PARSE <- "/*!40000 ALTER TABLE `t_users` ENABLE KEYS */"
[1] 23:48:02,958 DEBUG SchemaChange - SQL_PARSE ->   (parse (statement (alter_table (alter_table_preamble ALTER TABLE (table_name (name (id `t_users`)))) (alter_specifications (alter_specification (ignored_alter_specifications ENABLE KEYS))))) <EOF>)
[1] 23:48:02,962 INFO  AbstractSchemaStore - storing schema @Position[BinlogPosition[XCV-bin.000007:302269], lastHeartbeat=1662553171260] after applying "/*!40000 ALTER TABLE `t_users` ENABLE KEYS */" to tale, new schema id is 60
[1] 23:48:02,963 DEBUG SchemaChange - SQL_PARSE <- "CREATE SCHEMA `reggie_takeout` DEFAULT CHARACTER SET utf8mb4"
[1] 23:48:02,963 DEBUG SchemaChange - SQL_PARSE ->   (parse (statement (create_database CREATE SCHEMA (name (id `reggie_takeout`)) (create_option (default_character_set DEFAULT (charset_token CHARACTER SET) (charset_name utf8mb4))))) <EOF>)
[1] 23:48:02,967 INFO  AbstractSchemaStore - storing schema @Position[BinlogPosition[XCV-bin.000012:234], lastHeartbeat=1662553171260] after applying "CREATE SCHEMA `reggie_takeout` DEFAULT CHARACTER SET utf8mb4" to reggie_takeout, new schema id is 61
[1] 23:48:02,967 DEBUG SchemaChange - SQL_PARSE <- "DROP TABLE IF EXISTS `address_book` /* generated by server */"
[1] 23:48:02,967 DEBUG SchemaChange - SQL_PARSE ->   (parse (statement (drop_table DROP TABLE (if_exists IF EXISTS) (table_name (name (id `address_book`))))) <EOF>)
[1] 23:48:02,967 DEBUG SchemaChange - SQL_PARSE <- "CREATE TABLE `address_book` (
  `id` bigint(20) NOT NULL COMMENT '主键',
  `user_id` bigint(20) NOT NULL COMMENT '用户id',
  `consignee` varchar(50) COLLATE utf8_bin NOT NULL COMMENT '收货人',
  `sex` tinyint(4) NOT NULL COMMENT '性别 0 女 1 男',
  `phone` varchar(11) COLLATE utf8_bin NOT NULL COMMENT '手机号',
  `province_code` varchar(12) CHARACTER SET utf8mb4 DEFAULT NULL COMMENT '省级区划编号',
  `province_name` varchar(32) CHARACTER SET utf8mb4 DEFAULT NULL COMMENT '省级名称',
  `city_code` varchar(12) CHARACTER SET utf8mb4 DEFAULT NULL COMMENT '市级区划编号',
  `city_name` varchar(32) CHARACTER SET utf8mb4 DEFAULT NULL COMMENT '市级名称',
  `district_code` varchar(12) CHARACTER SET utf8mb4 DEFAULT NULL COMMENT '区级区划编号',
  `district_name` varchar(32) CHARACTER SET utf8mb4 DEFAULT NULL COMMENT '区级名称',
  `detail` varchar(200) CHARACTER SET utf8mb4 DEFAULT NULL COMMENT '详细地址',
  `label` varchar(100) CHARACTER SET utf8mb4 DEFAULT NULL COMMENT '标签',
  `is_default` tinyint(1) NOT NULL DEFAULT '0' COMMENT '默认 0 否 1是',
  `create_time` datetime NOT NULL COMMENT '创建时间',
  `update_time` datetime NOT NULL COMMENT '更新时间',
  `create_user` bigint(20) NOT NULL COMMENT '创建人',
  `update_user` bigint(20) NOT NULL COMMENT '修改人',
  `is_deleted` int(11) NOT NULL DEFAULT '0' COMMENT '是否删除',
  PRIMARY KEY (`id`) USING BTREE
) ENGINE=InnoDB DEFAULT CHARSET=utf8 COLLATE=utf8_bin COMMENT='地址管理'"
[1] 23:48:02,970 DEBUG SchemaChange - SQL_PARSE ->   (parse (statement (create_table (create_table_preamble CREATE TABLE (table_name (name (id `address_book`)))) (create_specifications ( (create_specification (column_definition (name (id `id`)) (data_type (signed_type bigint (length ( 20 )) (column_options (nullability NOT NULL)) (column_options COMMENT (string_literal '主键')))))) , (create_specification (column_definition (name (id `user_id`)) (data_type (signed_type bigint (length ( 20 )) (column_options (nullability NOT NULL)) (column_options COMMENT (string_literal '用户id')))))) , (create_specification (column_definition (name (id `consignee`)) (data_type (string_type varchar (length ( 50 )) (column_options (collation COLLATE utf8_bin)) (column_options (nullability NOT NULL)) (column_options COMMENT (string_literal '收货人')))))) , (create_specification (column_definition (name (id `sex`)) (data_type (signed_type tinyint (length ( 4 )) (column_options (nullability NOT NULL)) (column_options COMMENT (string_literal '性别 0 女 1 男')))))) , (create_specification (column_definition (name (id `phone`)) (data_type (string_type varchar (length ( 11 )) (column_options (collation COLLATE utf8_bin)) (column_options (nullability NOT NULL)) (column_options COMMENT (string_literal '手机号')))))) , (create_specification (column_definition (name (id `province_code`)) (data_type (string_type varchar (length ( 12 )) (column_options (charset_def (character_set CHARACTER SET (charset_name utf8mb4)))) (column_options (default_value DEFAULT (literal_with_weirdo_multistring NULL))) (column_options COMMENT (string_literal '省级区划编号')))))) , (create_specification (column_definition (name (id `province_name`)) (data_type (string_type varchar (length ( 32 )) (column_options (charset_def (character_set CHARACTER SET (charset_name utf8mb4)))) (column_options (default_value DEFAULT (literal_with_weirdo_multistring NULL))) (column_options COMMENT (string_literal '省级名称')))))) , (create_specification (column_definition (name (id `city_code`)) (data_type (string_type varchar (length ( 12 )) (column_options (charset_def (character_set CHARACTER SET (charset_name utf8mb4)))) (column_options (default_value DEFAULT (literal_with_weirdo_multistring NULL))) (column_options COMMENT (string_literal '市级区划编号')))))) , (create_specification (column_definition (name (id `city_name`)) (data_type (string_type varchar (length ( 32 )) (column_options (charset_def (character_set CHARACTER SET (charset_name utf8mb4)))) (column_options (default_value DEFAULT (literal_with_weirdo_multistring NULL))) (column_options COMMENT (string_literal '市级名称')))))) , (create_specification (column_definition (name (id `district_code`)) (data_type (string_type varchar (length ( 12 )) (column_options (charset_def (character_set CHARACTER SET (charset_name utf8mb4)))) (column_options (default_value DEFAULT (literal_with_weirdo_multistring NULL))) (column_options COMMENT (string_literal '区级区划编号')))))) , (create_specification (column_definition (name (id `district_name`)) (data_type (string_type varchar (length ( 32 )) (column_options (charset_def (character_set CHARACTER SET (charset_name utf8mb4)))) (column_options (default_value DEFAULT (literal_with_weirdo_multistring NULL))) (column_options COMMENT (string_literal '区级名称')))))) , (create_specification (column_definition (name (id `detail`)) (data_type (string_type varchar (length ( 200 )) (column_options (charset_def (character_set CHARACTER SET (charset_name utf8mb4)))) (column_options (default_value DEFAULT (literal_with_weirdo_multistring NULL))) (column_options COMMENT (string_literal '详细地址')))))) , (create_specification (column_definition (name (id `label`)) (data_type (string_type varchar (length ( 100 )) (column_options (charset_def (character_set CHARACTER SET (charset_name utf8mb4)))) (column_options (default_value DEFAULT (literal_with_weirdo_multistring NULL))) (column_options COMMENT (string_literal '标签')))))) , (create_specification (column_definition (name (id `is_default`)) (data_type (signed_type tinyint (length ( 1 )) (column_options (nullability NOT NULL)) (column_options (default_value DEFAULT (literal_with_weirdo_multistring (string_literal '0')))) (column_options COMMENT (string_literal '默认 0 否 1是')))))) , (create_specification (column_definition (name (id `create_time`)) (data_type (generic_type datetime (column_options (nullability NOT NULL)) (column_options COMMENT (string_literal '创建时间')))))) , (create_specification (column_definition (name (id `update_time`)) (data_type (generic_type datetime (column_options (nullability NOT NULL)) (column_options COMMENT (string_literal '更新时间')))))) , (create_specification (column_definition (name (id `create_user`)) (data_type (signed_type bigint (length ( 20 )) (column_options (nullability NOT NULL)) (column_options COMMENT (string_literal '创建人')))))) , (create_specification (column_definition (name (id `update_user`)) (data_type (signed_type bigint (length ( 20 )) (column_options (nullability NOT NULL)) (column_options COMMENT (string_literal '修改人')))))) , (create_specification (column_definition (name (id `is_deleted`)) (data_type (signed_type int (length ( 11 )) (column_options (nullability NOT NULL)) (column_options (default_value DEFAULT (literal_with_weirdo_multistring (string_literal '0')))) (column_options COMMENT (string_literal '是否删除')))))) , (create_specification (index_definition (index_type_pk PRIMARY KEY (index_column_list ( (index_columns (index_column (name (id `id`)))) )) (index_options (index_type USING BTREE))))) )) (table_creation_option (creation_engine ENGINE = (id InnoDB))) (table_creation_option (creation_character_set DEFAULT CHARSET = (charset_name utf8))) (table_creation_option (creation_collation (default_collation (collation COLLATE = utf8_bin)))) (table_creation_option (creation_comment COMMENT = (string_literal '地址管理'))))) <EOF>)
[1] 23:48:02,973 INFO  AbstractSchemaStore - storing schema @Position[BinlogPosition[XCV-bin.000012:716], lastHeartbeat=1662553171260] after applying "CREATE TABLE `address_book` (   `id` bigint(20) NOT NULL COMMENT '主键',   `user_id` bigint(20) NOT NULL COMMENT '用户id',   `consignee` varchar(50) COLLATE utf8_bin NOT NULL COMMENT '收货人',   `sex` tinyint(4) NOT NULL COMMENT '性别 0 女 1 男',   `phone` varchar(11) COLLATE utf8_bin NOT NULL COMMENT '手机号',   `province_code` varchar(12) CHARACTER SET utf8mb4 DEFAULT NULL COMMENT '省级区划编号',   `province_name` varchar(32) CHARACTER SET utf8mb4 DEFAULT NULL COMMENT '省级名称',   `city_code` varchar(12) CHARACTER SET utf8mb4 DEFAULT NULL COMMENT '市级区划编号',   `city_name` varchar(32) CHARACTER SET utf8mb4 DEFAULT NULL COMMENT '市级名称',   `district_code` varchar(12) CHARACTER SET utf8mb4 DEFAULT NULL COMMENT '区级区划编号',   `district_name` varchar(32) CHARACTER SET utf8mb4 DEFAULT NULL COMMENT '区级名称',   `detail` varchar(200) CHARACTER SET utf8mb4 DEFAULT NULL COMMENT '详细地址',   `label` varchar(100) CHARACTER SET utf8mb4 DEFAULT NULL COMMENT '标签',   `is_default` tinyint(1) NOT NULL DEFAULT '0' COMMENT '默认 0 否 1是',   `create_time` datetime NOT NULL COMMENT '创建时间',   `update_time` datetime NOT NULL COMMENT '更新时间',   `create_user` bigint(20) NOT NULL COMMENT '创建人',   `update_user` bigint(20) NOT NULL COMMENT '修改人',   `is_deleted` int(11) NOT NULL DEFAULT '0' COMMENT '是否删除',   PRIMARY KEY (`id`) USING BTREE ) ENGINE=InnoDB DEFAULT CHARSET=utf8 COLLATE=utf8_bin COMMENT='地址管理'" to reggie_takeout, new schema id is 62
[1] 23:48:02,973 DEBUG SchemaChange - SQL_PARSE <- "/*!40000 ALTER TABLE `address_book` DISABLE KEYS */"
[1] 23:48:02,974 DEBUG SchemaChange - SQL_PARSE ->   (parse (statement (alter_table (alter_table_preamble ALTER TABLE (table_name (name (id `address_book`)))) (alter_specifications (alter_specification (ignored_alter_specifications DISABLE KEYS))))) <EOF>)
[1] 23:48:02,978 INFO  AbstractSchemaStore - storing schema @Position[BinlogPosition[XCV-bin.000012:2414], lastHeartbeat=1662553171260] after applying "/*!40000 ALTER TABLE `address_book` DISABLE KEYS */" to reggie_takeout, new schema id is 63
[1] 23:48:02,978 DEBUG SchemaChange - SQL_PARSE <- "/*!40000 ALTER TABLE `address_book` ENABLE KEYS */"
[1] 23:48:02,979 DEBUG SchemaChange - SQL_PARSE ->   (parse (statement (alter_table (alter_table_preamble ALTER TABLE (table_name (name (id `address_book`)))) (alter_specifications (alter_specification (ignored_alter_specifications ENABLE KEYS))))) <EOF>)
[1] 23:48:02,982 INFO  AbstractSchemaStore - storing schema @Position[BinlogPosition[XCV-bin.000012:3384], lastHeartbeat=1662553171260] after applying "/*!40000 ALTER TABLE `address_book` ENABLE KEYS */" to reggie_takeout, new schema id is 64
[1] 23:48:02,983 DEBUG SchemaChange - SQL_PARSE <- "DROP TABLE IF EXISTS `category` /* generated by server */"
[1] 23:48:02,983 DEBUG SchemaChange - SQL_PARSE ->   (parse (statement (drop_table DROP TABLE (if_exists IF EXISTS) (table_name (name (id `category`))))) <EOF>)
[1] 23:48:02,983 DEBUG SchemaChange - SQL_PARSE <- "CREATE TABLE `category` (
  `id` bigint(20) NOT NULL COMMENT '主键',
  `type` int(11) DEFAULT NULL COMMENT '类型   1 菜品分类 2 套餐分类',
  `name` varchar(64) COLLATE utf8_bin NOT NULL COMMENT '分类名称',
  `sort` int(11) NOT NULL DEFAULT '0' COMMENT '顺序',
  `create_time` datetime NOT NULL COMMENT '创建时间',
  `update_time` datetime NOT NULL COMMENT '更新时间',
  `create_user` bigint(20) NOT NULL COMMENT '创建人',
  `update_user` bigint(20) NOT NULL COMMENT '修改人',
  `is_deleted` int(11) NOT NULL DEFAULT '1' COMMENT '是否删除',
  PRIMARY KEY (`id`) USING BTREE,
  UNIQUE KEY `idx_category_name` (`name`)
) ENGINE=InnoDB DEFAULT CHARSET=utf8 COLLATE=utf8_bin COMMENT='菜品及套餐分类'"
[1] 23:48:02,984 DEBUG SchemaChange - SQL_PARSE ->   (parse (statement (create_table (create_table_preamble CREATE TABLE (table_name (name (id `category`)))) (create_specifications ( (create_specification (column_definition (name (id `id`)) (data_type (signed_type bigint (length ( 20 )) (column_options (nullability NOT NULL)) (column_options COMMENT (string_literal '主键')))))) , (create_specification (column_definition (name (id `type`)) (data_type (signed_type int (length ( 11 )) (column_options (default_value DEFAULT (literal_with_weirdo_multistring NULL))) (column_options COMMENT (string_literal '类型   1 菜品分类 2 套餐分类')))))) , (create_specification (column_definition (name (id `name`)) (data_type (string_type varchar (length ( 64 )) (column_options (collation COLLATE utf8_bin)) (column_options (nullability NOT NULL)) (column_options COMMENT (string_literal '分类名称')))))) , (create_specification (column_definition (name (id `sort`)) (data_type (signed_type int (length ( 11 )) (column_options (nullability NOT NULL)) (column_options (default_value DEFAULT (literal_with_weirdo_multistring (string_literal '0')))) (column_options COMMENT (string_literal '顺序')))))) , (create_specification (column_definition (name (id `create_time`)) (data_type (generic_type datetime (column_options (nullability NOT NULL)) (column_options COMMENT (string_literal '创建时间')))))) , (create_specification (column_definition (name (id `update_time`)) (data_type (generic_type datetime (column_options (nullability NOT NULL)) (column_options COMMENT (string_literal '更新时间')))))) , (create_specification (column_definition (name (id `create_user`)) (data_type (signed_type bigint (length ( 20 )) (column_options (nullability NOT NULL)) (column_options COMMENT (string_literal '创建人')))))) , (create_specification (column_definition (name (id `update_user`)) (data_type (signed_type bigint (length ( 20 )) (column_options (nullability NOT NULL)) (column_options COMMENT (string_literal '修改人')))))) , (create_specification (column_definition (name (id `is_deleted`)) (data_type (signed_type int (length ( 11 )) (column_options (nullability NOT NULL)) (column_options (default_value DEFAULT (literal_with_weirdo_multistring (string_literal '1')))) (column_options COMMENT (string_literal '是否删除')))))) , (create_specification (index_definition (index_type_pk PRIMARY KEY (index_column_list ( (index_columns (index_column (name (id `id`)))) )) (index_options (index_type USING BTREE))))) , (create_specification (index_definition (index_type_3 UNIQUE (index_or_key KEY) (index_name (name (id `idx_category_name`))) (index_column_list ( (index_columns (index_column (name (id `name`)))) ))))) )) (table_creation_option (creation_engine ENGINE = (id InnoDB))) (table_creation_option (creation_character_set DEFAULT CHARSET = (charset_name utf8))) (table_creation_option (creation_collation (default_collation (collation COLLATE = utf8_bin)))) (table_creation_option (creation_comment COMMENT = (string_literal '菜品及套餐分类'))))) <EOF>)
[1] 23:48:02,987 INFO  AbstractSchemaStore - storing schema @Position[BinlogPosition[XCV-bin.000012:3852], lastHeartbeat=1662553171260] after applying "CREATE TABLE `category` (   `id` bigint(20) NOT NULL COMMENT '主键',   `type` int(11) DEFAULT NULL COMMENT '类型   1 菜品分类 2 套餐分类',   `name` varchar(64) COLLATE utf8_bin NOT NULL COMMENT '分类名称',   `sort` int(11) NOT NULL DEFAULT '0' COMMENT '顺序',   `create_time` datetime NOT NULL COMMENT '创建时间',   `update_time` datetime NOT NULL COMMENT '更新时间',   `create_user` bigint(20) NOT NULL COMMENT '创建人',   `update_user` bigint(20) NOT NULL COMMENT '修改人',   `is_deleted` int(11) NOT NULL DEFAULT '1' COMMENT '是否删除',   PRIMARY KEY (`id`) USING BTREE,   UNIQUE KEY `idx_category_name` (`name`) ) ENGINE=InnoDB DEFAULT CHARSET=utf8 COLLATE=utf8_bin COMMENT='菜品及套餐分类'" to reggie_takeout, new schema id is 65
[1] 23:48:02,987 DEBUG SchemaChange - SQL_PARSE <- "/*!40000 ALTER TABLE `category` DISABLE KEYS */"
[1] 23:48:02,988 DEBUG SchemaChange - SQL_PARSE ->   (parse (statement (alter_table (alter_table_preamble ALTER TABLE (table_name (name (id `category`)))) (alter_specifications (alter_specification (ignored_alter_specifications DISABLE KEYS))))) <EOF>)
[1] 23:48:02,991 INFO  AbstractSchemaStore - storing schema @Position[BinlogPosition[XCV-bin.000012:4774], lastHeartbeat=1662553171260] after applying "/*!40000 ALTER TABLE `category` DISABLE KEYS */" to reggie_takeout, new schema id is 66
[1] 23:48:02,992 DEBUG SchemaChange - SQL_PARSE <- "/*!40000 ALTER TABLE `category` ENABLE KEYS */"
[1] 23:48:02,992 DEBUG SchemaChange - SQL_PARSE ->   (parse (statement (alter_table (alter_table_preamble ALTER TABLE (table_name (name (id `category`)))) (alter_specifications (alter_specification (ignored_alter_specifications ENABLE KEYS))))) <EOF>)
[1] 23:48:02,997 INFO  AbstractSchemaStore - storing schema @Position[BinlogPosition[XCV-bin.000012:5838], lastHeartbeat=1662553171260] after applying "/*!40000 ALTER TABLE `category` ENABLE KEYS */" to reggie_takeout, new schema id is 67
[1] 23:48:02,997 DEBUG SchemaChange - SQL_PARSE <- "DROP TABLE IF EXISTS `dish` /* generated by server */"
[1] 23:48:02,997 DEBUG SchemaChange - SQL_PARSE ->   (parse (statement (drop_table DROP TABLE (if_exists IF EXISTS) (table_name (name (id `dish`))))) <EOF>)
[1] 23:48:02,997 DEBUG SchemaChange - SQL_PARSE <- "CREATE TABLE `dish` (
  `id` bigint(20) NOT NULL COMMENT '主键',
  `name` varchar(64) COLLATE utf8_bin NOT NULL COMMENT '菜品名称',
  `category_id` bigint(20) NOT NULL COMMENT '菜品分类id',
  `price` decimal(10,2) DEFAULT NULL COMMENT '菜品价格',
  `code` varchar(64) COLLATE utf8_bin NOT NULL COMMENT '商品码',
  `image` varchar(200) COLLATE utf8_bin NOT NULL COMMENT '图片',
  `description` varchar(400) COLLATE utf8_bin DEFAULT NULL COMMENT '描述信息',
  `status` int(11) NOT NULL DEFAULT '1' COMMENT '0 停售 1 起售',
  `sort` int(11) NOT NULL DEFAULT '0' COMMENT '顺序',
  `create_time` datetime NOT NULL COMMENT '创建时间',
  `update_time` datetime NOT NULL COMMENT '更新时间',
  `create_user` bigint(20) NOT NULL COMMENT '创建人',
  `update_user` bigint(20) NOT NULL COMMENT '修改人',
  `is_deleted` int(11) NOT NULL DEFAULT '0' COMMENT '是否删除',
  PRIMARY KEY (`id`) USING BTREE,
  UNIQUE KEY `idx_dish_name` (`name`)
) ENGINE=InnoDB DEFAULT CHARSET=utf8 COLLATE=utf8_bin COMMENT='菜品管理'"
[1] 23:48:02,999 DEBUG SchemaChange - SQL_PARSE ->   (parse (statement (create_table (create_table_preamble CREATE TABLE (table_name (name (id `dish`)))) (create_specifications ( (create_specification (column_definition (name (id `id`)) (data_type (signed_type bigint (length ( 20 )) (column_options (nullability NOT NULL)) (column_options COMMENT (string_literal '主键')))))) , (create_specification (column_definition (name (id `name`)) (data_type (string_type varchar (length ( 64 )) (column_options (collation COLLATE utf8_bin)) (column_options (nullability NOT NULL)) (column_options COMMENT (string_literal '菜品名称')))))) , (create_specification (column_definition (name (id `category_id`)) (data_type (signed_type bigint (length ( 20 )) (column_options (nullability NOT NULL)) (column_options COMMENT (string_literal '菜品分类id')))))) , (create_specification (column_definition (name (id `price`)) (data_type (signed_type decimal (decimal_length ( 10 , 2 )) (column_options (default_value DEFAULT (literal_with_weirdo_multistring NULL))) (column_options COMMENT (string_literal '菜品价格')))))) , (create_specification (column_definition (name (id `code`)) (data_type (string_type varchar (length ( 64 )) (column_options (collation COLLATE utf8_bin)) (column_options (nullability NOT NULL)) (column_options COMMENT (string_literal '商品码')))))) , (create_specification (column_definition (name (id `image`)) (data_type (string_type varchar (length ( 200 )) (column_options (collation COLLATE utf8_bin)) (column_options (nullability NOT NULL)) (column_options COMMENT (string_literal '图片')))))) , (create_specification (column_definition (name (id `description`)) (data_type (string_type varchar (length ( 400 )) (column_options (collation COLLATE utf8_bin)) (column_options (default_value DEFAULT (literal_with_weirdo_multistring NULL))) (column_options COMMENT (string_literal '描述信息')))))) , (create_specification (column_definition (name (id `status`)) (data_type (signed_type int (length ( 11 )) (column_options (nullability NOT NULL)) (column_options (default_value DEFAULT (literal_with_weirdo_multistring (string_literal '1')))) (column_options COMMENT (string_literal '0 停售 1 起售')))))) , (create_specification (column_definition (name (id `sort`)) (data_type (signed_type int (length ( 11 )) (column_options (nullability NOT NULL)) (column_options (default_value DEFAULT (literal_with_weirdo_multistring (string_literal '0')))) (column_options COMMENT (string_literal '顺序')))))) , (create_specification (column_definition (name (id `create_time`)) (data_type (generic_type datetime (column_options (nullability NOT NULL)) (column_options COMMENT (string_literal '创建时间')))))) , (create_specification (column_definition (name (id `update_time`)) (data_type (generic_type datetime (column_options (nullability NOT NULL)) (column_options COMMENT (string_literal '更新时间')))))) , (create_specification (column_definition (name (id `create_user`)) (data_type (signed_type bigint (length ( 20 )) (column_options (nullability NOT NULL)) (column_options COMMENT (string_literal '创建人')))))) , (create_specification (column_definition (name (id `update_user`)) (data_type (signed_type bigint (length ( 20 )) (column_options (nullability NOT NULL)) (column_options COMMENT (string_literal '修改人')))))) , (create_specification (column_definition (name (id `is_deleted`)) (data_type (signed_type int (length ( 11 )) (column_options (nullability NOT NULL)) (column_options (default_value DEFAULT (literal_with_weirdo_multistring (string_literal '0')))) (column_options COMMENT (string_literal '是否删除')))))) , (create_specification (index_definition (index_type_pk PRIMARY KEY (index_column_list ( (index_columns (index_column (name (id `id`)))) )) (index_options (index_type USING BTREE))))) , (create_specification (index_definition (index_type_3 UNIQUE (index_or_key KEY) (index_name (name (id `idx_dish_name`))) (index_column_list ( (index_columns (index_column (name (id `name`)))) ))))) )) (table_creation_option (creation_engine ENGINE = (id InnoDB))) (table_creation_option (creation_character_set DEFAULT CHARSET = (charset_name utf8))) (table_creation_option (creation_collation (default_collation (collation COLLATE = utf8_bin)))) (table_creation_option (creation_comment COMMENT = (string_literal '菜品管理'))))) <EOF>)
[1] 23:48:03,003 INFO  AbstractSchemaStore - storing schema @Position[BinlogPosition[XCV-bin.000012:6298], lastHeartbeat=1662553171260] after applying "CREATE TABLE `dish` (   `id` bigint(20) NOT NULL COMMENT '主键',   `name` varchar(64) COLLATE utf8_bin NOT NULL COMMENT '菜品名称',   `category_id` bigint(20) NOT NULL COMMENT '菜品分类id',   `price` decimal(10,2) DEFAULT NULL COMMENT '菜品价格',   `code` varchar(64) COLLATE utf8_bin NOT NULL COMMENT '商品码',   `image` varchar(200) COLLATE utf8_bin NOT NULL COMMENT '图片',   `description` varchar(400) COLLATE utf8_bin DEFAULT NULL COMMENT '描述信息',   `status` int(11) NOT NULL DEFAULT '1' COMMENT '0 停售 1 起售',   `sort` int(11) NOT NULL DEFAULT '0' COMMENT '顺序',   `create_time` datetime NOT NULL COMMENT '创建时间',   `update_time` datetime NOT NULL COMMENT '更新时间',   `create_user` bigint(20) NOT NULL COMMENT '创建人',   `update_user` bigint(20) NOT NULL COMMENT '修改人',   `is_deleted` int(11) NOT NULL DEFAULT '0' COMMENT '是否删除',   PRIMARY KEY (`id`) USING BTREE,   UNIQUE KEY `idx_dish_name` (`name`) ) ENGINE=InnoDB DEFAULT CHARSET=utf8 COLLATE=utf8_bin COMMENT='菜品管理'" to reggie_takeout, new schema id is 68
[1] 23:48:03,003 DEBUG SchemaChange - SQL_PARSE <- "/*!40000 ALTER TABLE `dish` DISABLE KEYS */"
[1] 23:48:03,003 DEBUG SchemaChange - SQL_PARSE ->   (parse (statement (alter_table (alter_table_preamble ALTER TABLE (table_name (name (id `dish`)))) (alter_specifications (alter_specification (ignored_alter_specifications DISABLE KEYS))))) <EOF>)
[1] 23:48:03,007 INFO  AbstractSchemaStore - storing schema @Position[BinlogPosition[XCV-bin.000012:7533], lastHeartbeat=1662553171260] after applying "/*!40000 ALTER TABLE `dish` DISABLE KEYS */" to reggie_takeout, new schema id is 69
[1] 23:48:03,011 DEBUG SchemaChange - SQL_PARSE <- "/*!40000 ALTER TABLE `dish` ENABLE KEYS */"
[1] 23:48:03,011 DEBUG SchemaChange - SQL_PARSE ->   (parse (statement (alter_table (alter_table_preamble ALTER TABLE (table_name (name (id `dish`)))) (alter_specifications (alter_specification (ignored_alter_specifications ENABLE KEYS))))) <EOF>)
[1] 23:48:03,014 INFO  AbstractSchemaStore - storing schema @Position[BinlogPosition[XCV-bin.000012:13493], lastHeartbeat=1662553171260] after applying "/*!40000 ALTER TABLE `dish` ENABLE KEYS */" to reggie_takeout, new schema id is 70
[1] 23:48:03,015 DEBUG SchemaChange - SQL_PARSE <- "DROP TABLE IF EXISTS `dish_flavor` /* generated by server */"
[1] 23:48:03,015 DEBUG SchemaChange - SQL_PARSE ->   (parse (statement (drop_table DROP TABLE (if_exists IF EXISTS) (table_name (name (id `dish_flavor`))))) <EOF>)
[1] 23:48:03,015 DEBUG SchemaChange - SQL_PARSE <- "CREATE TABLE `dish_flavor` (
  `id` bigint(20) NOT NULL COMMENT '主键',
  `dish_id` bigint(20) NOT NULL COMMENT '菜品',
  `name` varchar(64) COLLATE utf8_bin NOT NULL COMMENT '口味名称',
  `value` varchar(500) COLLATE utf8_bin DEFAULT NULL COMMENT '口味数据list',
  `create_time` datetime NOT NULL COMMENT '创建时间',
  `update_time` datetime NOT NULL COMMENT '更新时间',
  `create_user` bigint(20) NOT NULL COMMENT '创建人',
  `update_user` bigint(20) NOT NULL COMMENT '修改人',
  `is_deleted` int(11) NOT NULL DEFAULT '0' COMMENT '是否删除',
  PRIMARY KEY (`id`) USING BTREE
) ENGINE=InnoDB DEFAULT CHARSET=utf8 COLLATE=utf8_bin COMMENT='菜品口味关系表'"
[1] 23:48:03,016 DEBUG SchemaChange - SQL_PARSE ->   (parse (statement (create_table (create_table_preamble CREATE TABLE (table_name (name (id `dish_flavor`)))) (create_specifications ( (create_specification (column_definition (name (id `id`)) (data_type (signed_type bigint (length ( 20 )) (column_options (nullability NOT NULL)) (column_options COMMENT (string_literal '主键')))))) , (create_specification (column_definition (name (id `dish_id`)) (data_type (signed_type bigint (length ( 20 )) (column_options (nullability NOT NULL)) (column_options COMMENT (string_literal '菜品')))))) , (create_specification (column_definition (name (id `name`)) (data_type (string_type varchar (length ( 64 )) (column_options (collation COLLATE utf8_bin)) (column_options (nullability NOT NULL)) (column_options COMMENT (string_literal '口味名称')))))) , (create_specification (column_definition (name (id `value`)) (data_type (string_type varchar (length ( 500 )) (column_options (collation COLLATE utf8_bin)) (column_options (default_value DEFAULT (literal_with_weirdo_multistring NULL))) (column_options COMMENT (string_literal '口味数据list')))))) , (create_specification (column_definition (name (id `create_time`)) (data_type (generic_type datetime (column_options (nullability NOT NULL)) (column_options COMMENT (string_literal '创建时间')))))) , (create_specification (column_definition (name (id `update_time`)) (data_type (generic_type datetime (column_options (nullability NOT NULL)) (column_options COMMENT (string_literal '更新时间')))))) , (create_specification (column_definition (name (id `create_user`)) (data_type (signed_type bigint (length ( 20 )) (column_options (nullability NOT NULL)) (column_options COMMENT (string_literal '创建人')))))) , (create_specification (column_definition (name (id `update_user`)) (data_type (signed_type bigint (length ( 20 )) (column_options (nullability NOT NULL)) (column_options COMMENT (string_literal '修改人')))))) , (create_specification (column_definition (name (id `is_deleted`)) (data_type (signed_type int (length ( 11 )) (column_options (nullability NOT NULL)) (column_options (default_value DEFAULT (literal_with_weirdo_multistring (string_literal '0')))) (column_options COMMENT (string_literal '是否删除')))))) , (create_specification (index_definition (index_type_pk PRIMARY KEY (index_column_list ( (index_columns (index_column (name (id `id`)))) )) (index_options (index_type USING BTREE))))) )) (table_creation_option (creation_engine ENGINE = (id InnoDB))) (table_creation_option (creation_character_set DEFAULT CHARSET = (charset_name utf8))) (table_creation_option (creation_collation (default_collation (collation COLLATE = utf8_bin)))) (table_creation_option (creation_comment COMMENT = (string_literal '菜品口味关系表'))))) <EOF>)
[1] 23:48:03,020 INFO  AbstractSchemaStore - storing schema @Position[BinlogPosition[XCV-bin.000012:13956], lastHeartbeat=1662553171260] after applying "CREATE TABLE `dish_flavor` (   `id` bigint(20) NOT NULL COMMENT '主键',   `dish_id` bigint(20) NOT NULL COMMENT '菜品',   `name` varchar(64) COLLATE utf8_bin NOT NULL COMMENT '口味名称',   `value` varchar(500) COLLATE utf8_bin DEFAULT NULL COMMENT '口味数据list',   `create_time` datetime NOT NULL COMMENT '创建时间',   `update_time` datetime NOT NULL COMMENT '更新时间',   `create_user` bigint(20) NOT NULL COMMENT '创建人',   `update_user` bigint(20) NOT NULL COMMENT '修改人',   `is_deleted` int(11) NOT NULL DEFAULT '0' COMMENT '是否删除',   PRIMARY KEY (`id`) USING BTREE ) ENGINE=InnoDB DEFAULT CHARSET=utf8 COLLATE=utf8_bin COMMENT='菜品口味关系表'" to reggie_takeout, new schema id is 71
[1] 23:48:03,021 DEBUG SchemaChange - SQL_PARSE <- "/*!40000 ALTER TABLE `dish_flavor` DISABLE KEYS */"
[1] 23:48:03,021 DEBUG SchemaChange - SQL_PARSE ->   (parse (statement (alter_table (alter_table_preamble ALTER TABLE (table_name (name (id `dish_flavor`)))) (alter_specifications (alter_specification (ignored_alter_specifications DISABLE KEYS))))) <EOF>)
[1] 23:48:03,024 INFO  AbstractSchemaStore - storing schema @Position[BinlogPosition[XCV-bin.000012:14833], lastHeartbeat=1662553171260] after applying "/*!40000 ALTER TABLE `dish_flavor` DISABLE KEYS */" to reggie_takeout, new schema id is 72
[1] 23:48:03,029 DEBUG SchemaChange - SQL_PARSE <- "/*!40000 ALTER TABLE `dish_flavor` ENABLE KEYS */"
[1] 23:48:03,030 DEBUG SchemaChange - SQL_PARSE ->   (parse (statement (alter_table (alter_table_preamble ALTER TABLE (table_name (name (id `dish_flavor`)))) (alter_specifications (alter_specification (ignored_alter_specifications ENABLE KEYS))))) <EOF>)
[1] 23:48:03,034 INFO  AbstractSchemaStore - storing schema @Position[BinlogPosition[XCV-bin.000012:22169], lastHeartbeat=1662553171260] after applying "/*!40000 ALTER TABLE `dish_flavor` ENABLE KEYS */" to reggie_takeout, new schema id is 73
[1] 23:48:03,035 DEBUG SchemaChange - SQL_PARSE <- "DROP TABLE IF EXISTS `employee` /* generated by server */"
[1] 23:48:03,035 DEBUG SchemaChange - SQL_PARSE ->   (parse (statement (drop_table DROP TABLE (if_exists IF EXISTS) (table_name (name (id `employee`))))) <EOF>)
[1] 23:48:03,035 DEBUG SchemaChange - SQL_PARSE <- "CREATE TABLE `employee` (
  `id` bigint(20) NOT NULL COMMENT '主键',
  `name` varchar(32) COLLATE utf8_bin NOT NULL COMMENT '姓名',
  `username` varchar(32) COLLATE utf8_bin NOT NULL COMMENT '用户名',
  `password` varchar(64) COLLATE utf8_bin NOT NULL COMMENT '密码',
  `phone` varchar(11) COLLATE utf8_bin NOT NULL COMMENT '手机号',
  `sex` varchar(2) COLLATE utf8_bin NOT NULL COMMENT '性别',
  `id_number` varchar(18) COLLATE utf8_bin NOT NULL COMMENT '身份证号',
  `status` int(11) NOT NULL DEFAULT '1' COMMENT '状态 0:禁用，1:正常',
  `create_time` datetime NOT NULL COMMENT '创建时间',
  `update_time` datetime NOT NULL COMMENT '更新时间',
  `create_user` bigint(20) NOT NULL COMMENT '创建人',
  `update_user` bigint(20) NOT NULL COMMENT '修改人',
  PRIMARY KEY (`id`) USING BTREE,
  UNIQUE KEY `idx_username` (`username`)
) ENGINE=InnoDB DEFAULT CHARSET=utf8 COLLATE=utf8_bin COMMENT='员工信息'"
[1] 23:48:03,036 DEBUG SchemaChange - SQL_PARSE ->   (parse (statement (create_table (create_table_preamble CREATE TABLE (table_name (name (id `employee`)))) (create_specifications ( (create_specification (column_definition (name (id `id`)) (data_type (signed_type bigint (length ( 20 )) (column_options (nullability NOT NULL)) (column_options COMMENT (string_literal '主键')))))) , (create_specification (column_definition (name (id `name`)) (data_type (string_type varchar (length ( 32 )) (column_options (collation COLLATE utf8_bin)) (column_options (nullability NOT NULL)) (column_options COMMENT (string_literal '姓名')))))) , (create_specification (column_definition (name (id `username`)) (data_type (string_type varchar (length ( 32 )) (column_options (collation COLLATE utf8_bin)) (column_options (nullability NOT NULL)) (column_options COMMENT (string_literal '用户名')))))) , (create_specification (column_definition (name (id `password`)) (data_type (string_type varchar (length ( 64 )) (column_options (collation COLLATE utf8_bin)) (column_options (nullability NOT NULL)) (column_options COMMENT (string_literal '密码')))))) , (create_specification (column_definition (name (id `phone`)) (data_type (string_type varchar (length ( 11 )) (column_options (collation COLLATE utf8_bin)) (column_options (nullability NOT NULL)) (column_options COMMENT (string_literal '手机号')))))) , (create_specification (column_definition (name (id `sex`)) (data_type (string_type varchar (length ( 2 )) (column_options (collation COLLATE utf8_bin)) (column_options (nullability NOT NULL)) (column_options COMMENT (string_literal '性别')))))) , (create_specification (column_definition (name (id `id_number`)) (data_type (string_type varchar (length ( 18 )) (column_options (collation COLLATE utf8_bin)) (column_options (nullability NOT NULL)) (column_options COMMENT (string_literal '身份证号')))))) , (create_specification (column_definition (name (id `status`)) (data_type (signed_type int (length ( 11 )) (column_options (nullability NOT NULL)) (column_options (default_value DEFAULT (literal_with_weirdo_multistring (string_literal '1')))) (column_options COMMENT (string_literal '状态 0:禁用，1:正常')))))) , (create_specification (column_definition (name (id `create_time`)) (data_type (generic_type datetime (column_options (nullability NOT NULL)) (column_options COMMENT (string_literal '创建时间')))))) , (create_specification (column_definition (name (id `update_time`)) (data_type (generic_type datetime (column_options (nullability NOT NULL)) (column_options COMMENT (string_literal '更新时间')))))) , (create_specification (column_definition (name (id `create_user`)) (data_type (signed_type bigint (length ( 20 )) (column_options (nullability NOT NULL)) (column_options COMMENT (string_literal '创建人')))))) , (create_specification (column_definition (name (id `update_user`)) (data_type (signed_type bigint (length ( 20 )) (column_options (nullability NOT NULL)) (column_options COMMENT (string_literal '修改人')))))) , (create_specification (index_definition (index_type_pk PRIMARY KEY (index_column_list ( (index_columns (index_column (name (id `id`)))) )) (index_options (index_type USING BTREE))))) , (create_specification (index_definition (index_type_3 UNIQUE (index_or_key KEY) (index_name (name (id `idx_username`))) (index_column_list ( (index_columns (index_column (name (id `username`)))) ))))) )) (table_creation_option (creation_engine ENGINE = (id InnoDB))) (table_creation_option (creation_character_set DEFAULT CHARSET = (charset_name utf8))) (table_creation_option (creation_collation (default_collation (collation COLLATE = utf8_bin)))) (table_creation_option (creation_comment COMMENT = (string_literal '员工信息'))))) <EOF>)
[1] 23:48:03,040 INFO  AbstractSchemaStore - storing schema @Position[BinlogPosition[XCV-bin.000012:22636], lastHeartbeat=1662553171260] after applying "CREATE TABLE `employee` (   `id` bigint(20) NOT NULL COMMENT '主键',   `name` varchar(32) COLLATE utf8_bin NOT NULL COMMENT '姓名',   `username` varchar(32) COLLATE utf8_bin NOT NULL COMMENT '用户名',   `password` varchar(64) COLLATE utf8_bin NOT NULL COMMENT '密码',   `phone` varchar(11) COLLATE utf8_bin NOT NULL COMMENT '手机号',   `sex` varchar(2) COLLATE utf8_bin NOT NULL COMMENT '性别',   `id_number` varchar(18) COLLATE utf8_bin NOT NULL COMMENT '身份证号',   `status` int(11) NOT NULL DEFAULT '1' COMMENT '状态 0:禁用，1:正常',   `create_time` datetime NOT NULL COMMENT '创建时间',   `update_time` datetime NOT NULL COMMENT '更新时间',   `create_user` bigint(20) NOT NULL COMMENT '创建人',   `update_user` bigint(20) NOT NULL COMMENT '修改人',   PRIMARY KEY (`id`) USING BTREE,   UNIQUE KEY `idx_username` (`username`) ) ENGINE=InnoDB DEFAULT CHARSET=utf8 COLLATE=utf8_bin COMMENT='员工信息'" to reggie_takeout, new schema id is 74
[1] 23:48:03,040 DEBUG SchemaChange - SQL_PARSE <- "/*!40000 ALTER TABLE `employee` DISABLE KEYS */"
[1] 23:48:03,040 DEBUG SchemaChange - SQL_PARSE ->   (parse (statement (alter_table (alter_table_preamble ALTER TABLE (table_name (name (id `employee`)))) (alter_specifications (alter_specification (ignored_alter_specifications DISABLE KEYS))))) <EOF>)
[1] 23:48:03,044 INFO  AbstractSchemaStore - storing schema @Position[BinlogPosition[XCV-bin.000012:23765], lastHeartbeat=1662553171260] after applying "/*!40000 ALTER TABLE `employee` DISABLE KEYS */" to reggie_takeout, new schema id is 75
[1] 23:48:03,045 DEBUG SchemaChange - SQL_PARSE <- "/*!40000 ALTER TABLE `employee` ENABLE KEYS */"
[1] 23:48:03,046 DEBUG SchemaChange - SQL_PARSE ->   (parse (statement (alter_table (alter_table_preamble ALTER TABLE (table_name (name (id `employee`)))) (alter_specifications (alter_specification (ignored_alter_specifications ENABLE KEYS))))) <EOF>)
[1] 23:48:03,049 INFO  AbstractSchemaStore - storing schema @Position[BinlogPosition[XCV-bin.000012:26011], lastHeartbeat=1662553171260] after applying "/*!40000 ALTER TABLE `employee` ENABLE KEYS */" to reggie_takeout, new schema id is 76
[1] 23:48:03,049 DEBUG SchemaChange - SQL_PARSE <- "DROP TABLE IF EXISTS `order_detail` /* generated by server */"
[1] 23:48:03,050 DEBUG SchemaChange - SQL_PARSE ->   (parse (statement (drop_table DROP TABLE (if_exists IF EXISTS) (table_name (name (id `order_detail`))))) <EOF>)
[1] 23:48:03,050 DEBUG SchemaChange - SQL_PARSE <- "CREATE TABLE `order_detail` (
  `id` bigint(20) NOT NULL COMMENT '主键',
  `name` varchar(50) COLLATE utf8_bin DEFAULT NULL COMMENT '名字',
  `image` varchar(100) COLLATE utf8_bin DEFAULT NULL COMMENT '图片',
  `order_id` bigint(20) NOT NULL COMMENT '订单id',
  `dish_id` bigint(20) DEFAULT NULL COMMENT '菜品id',
  `setmeal_id` bigint(20) DEFAULT NULL COMMENT '套餐id',
  `dish_flavor` varchar(50) COLLATE utf8_bin DEFAULT NULL COMMENT '口味',
  `number` int(11) NOT NULL DEFAULT '1' COMMENT '数量',
  `amount` decimal(10,2) NOT NULL COMMENT '金额',
  PRIMARY KEY (`id`) USING BTREE
) ENGINE=InnoDB DEFAULT CHARSET=utf8 COLLATE=utf8_bin COMMENT='订单明细表'"
[1] 23:48:03,051 DEBUG SchemaChange - SQL_PARSE ->   (parse (statement (create_table (create_table_preamble CREATE TABLE (table_name (name (id `order_detail`)))) (create_specifications ( (create_specification (column_definition (name (id `id`)) (data_type (signed_type bigint (length ( 20 )) (column_options (nullability NOT NULL)) (column_options COMMENT (string_literal '主键')))))) , (create_specification (column_definition (name (id `name`)) (data_type (string_type varchar (length ( 50 )) (column_options (collation COLLATE utf8_bin)) (column_options (default_value DEFAULT (literal_with_weirdo_multistring NULL))) (column_options COMMENT (string_literal '名字')))))) , (create_specification (column_definition (name (id `image`)) (data_type (string_type varchar (length ( 100 )) (column_options (collation COLLATE utf8_bin)) (column_options (default_value DEFAULT (literal_with_weirdo_multistring NULL))) (column_options COMMENT (string_literal '图片')))))) , (create_specification (column_definition (name (id `order_id`)) (data_type (signed_type bigint (length ( 20 )) (column_options (nullability NOT NULL)) (column_options COMMENT (string_literal '订单id')))))) , (create_specification (column_definition (name (id `dish_id`)) (data_type (signed_type bigint (length ( 20 )) (column_options (default_value DEFAULT (literal_with_weirdo_multistring NULL))) (column_options COMMENT (string_literal '菜品id')))))) , (create_specification (column_definition (name (id `setmeal_id`)) (data_type (signed_type bigint (length ( 20 )) (column_options (default_value DEFAULT (literal_with_weirdo_multistring NULL))) (column_options COMMENT (string_literal '套餐id')))))) , (create_specification (column_definition (name (id `dish_flavor`)) (data_type (string_type varchar (length ( 50 )) (column_options (collation COLLATE utf8_bin)) (column_options (default_value DEFAULT (literal_with_weirdo_multistring NULL))) (column_options COMMENT (string_literal '口味')))))) , (create_specification (column_definition (name (id `number`)) (data_type (signed_type int (length ( 11 )) (column_options (nullability NOT NULL)) (column_options (default_value DEFAULT (literal_with_weirdo_multistring (string_literal '1')))) (column_options COMMENT (string_literal '数量')))))) , (create_specification (column_definition (name (id `amount`)) (data_type (signed_type decimal (decimal_length ( 10 , 2 )) (column_options (nullability NOT NULL)) (column_options COMMENT (string_literal '金额')))))) , (create_specification (index_definition (index_type_pk PRIMARY KEY (index_column_list ( (index_columns (index_column (name (id `id`)))) )) (index_options (index_type USING BTREE))))) )) (table_creation_option (creation_engine ENGINE = (id InnoDB))) (table_creation_option (creation_character_set DEFAULT CHARSET = (charset_name utf8))) (table_creation_option (creation_collation (default_collation (collation COLLATE = utf8_bin)))) (table_creation_option (creation_comment COMMENT = (string_literal '订单明细表'))))) <EOF>)
[1] 23:48:03,055 INFO  AbstractSchemaStore - storing schema @Position[BinlogPosition[XCV-bin.000012:26479], lastHeartbeat=1662553171260] after applying "CREATE TABLE `order_detail` (   `id` bigint(20) NOT NULL COMMENT '主键',   `name` varchar(50) COLLATE utf8_bin DEFAULT NULL COMMENT '名字',   `image` varchar(100) COLLATE utf8_bin DEFAULT NULL COMMENT '图片',   `order_id` bigint(20) NOT NULL COMMENT '订单id',   `dish_id` bigint(20) DEFAULT NULL COMMENT '菜品id',   `setmeal_id` bigint(20) DEFAULT NULL COMMENT '套餐id',   `dish_flavor` varchar(50) COLLATE utf8_bin DEFAULT NULL COMMENT '口味',   `number` int(11) NOT NULL DEFAULT '1' COMMENT '数量',   `amount` decimal(10,2) NOT NULL COMMENT '金额',   PRIMARY KEY (`id`) USING BTREE ) ENGINE=InnoDB DEFAULT CHARSET=utf8 COLLATE=utf8_bin COMMENT='订单明细表'" to reggie_takeout, new schema id is 77
[1] 23:48:03,055 DEBUG SchemaChange - SQL_PARSE <- "/*!40000 ALTER TABLE `order_detail` DISABLE KEYS */"
[1] 23:48:03,056 DEBUG SchemaChange - SQL_PARSE ->   (parse (statement (alter_table (alter_table_preamble ALTER TABLE (table_name (name (id `order_detail`)))) (alter_specifications (alter_specification (ignored_alter_specifications DISABLE KEYS))))) <EOF>)
[1] 23:48:03,061 INFO  AbstractSchemaStore - storing schema @Position[BinlogPosition[XCV-bin.000012:27345], lastHeartbeat=1662553171260] after applying "/*!40000 ALTER TABLE `order_detail` DISABLE KEYS */" to reggie_takeout, new schema id is 78
[1] 23:48:03,061 DEBUG SchemaChange - SQL_PARSE <- "/*!40000 ALTER TABLE `order_detail` ENABLE KEYS */"
[1] 23:48:03,062 DEBUG SchemaChange - SQL_PARSE ->   (parse (statement (alter_table (alter_table_preamble ALTER TABLE (table_name (name (id `order_detail`)))) (alter_specifications (alter_specification (ignored_alter_specifications ENABLE KEYS))))) <EOF>)
[1] 23:48:03,065 INFO  AbstractSchemaStore - storing schema @Position[BinlogPosition[XCV-bin.000012:28308], lastHeartbeat=1662553171260] after applying "/*!40000 ALTER TABLE `order_detail` ENABLE KEYS */" to reggie_takeout, new schema id is 79
[1] 23:48:03,066 DEBUG SchemaChange - SQL_PARSE <- "DROP TABLE IF EXISTS `orders` /* generated by server */"
[1] 23:48:03,066 DEBUG SchemaChange - SQL_PARSE ->   (parse (statement (drop_table DROP TABLE (if_exists IF EXISTS) (table_name (name (id `orders`))))) <EOF>)
[1] 23:48:03,066 DEBUG SchemaChange - SQL_PARSE <- "CREATE TABLE `orders` (
  `id` bigint(20) NOT NULL COMMENT '主键',
  `number` varchar(50) COLLATE utf8_bin DEFAULT NULL COMMENT '订单号',
  `status` int(11) NOT NULL DEFAULT '1' COMMENT '订单状态 1待付款，2待派送，3已派送，4已完成，5已取消',
  `user_id` bigint(20) NOT NULL COMMENT '下单用户',
  `address_book_id` bigint(20) NOT NULL COMMENT '地址id',
  `order_time` datetime NOT NULL COMMENT '下单时间',
  `checkout_time` datetime NOT NULL COMMENT '结账时间',
  `pay_method` int(11) NOT NULL DEFAULT '1' COMMENT '支付方式 1微信,2支付宝',
  `amount` decimal(10,2) NOT NULL COMMENT '实收金额',
  `remark` varchar(100) COLLATE utf8_bin DEFAULT NULL COMMENT '备注',
  `phone` varchar(255) COLLATE utf8_bin DEFAULT NULL,
  `address` varchar(255) COLLATE utf8_bin DEFAULT NULL,
  `user_name` varchar(255) COLLATE utf8_bin DEFAULT NULL,
  `consignee` varchar(255) COLLATE utf8_bin DEFAULT NULL,
  PRIMARY KEY (`id`) USING BTREE
) ENGINE=InnoDB DEFAULT CHARSET=utf8 COLLATE=utf8_bin COMMENT='订单表'"
[1] 23:48:03,068 DEBUG SchemaChange - SQL_PARSE ->   (parse (statement (create_table (create_table_preamble CREATE TABLE (table_name (name (id `orders`)))) (create_specifications ( (create_specification (column_definition (name (id `id`)) (data_type (signed_type bigint (length ( 20 )) (column_options (nullability NOT NULL)) (column_options COMMENT (string_literal '主键')))))) , (create_specification (column_definition (name (id `number`)) (data_type (string_type varchar (length ( 50 )) (column_options (collation COLLATE utf8_bin)) (column_options (default_value DEFAULT (literal_with_weirdo_multistring NULL))) (column_options COMMENT (string_literal '订单号')))))) , (create_specification (column_definition (name (id `status`)) (data_type (signed_type int (length ( 11 )) (column_options (nullability NOT NULL)) (column_options (default_value DEFAULT (literal_with_weirdo_multistring (string_literal '1')))) (column_options COMMENT (string_literal '订单状态 1待付款，2待派送，3已派送，4已完成，5已取消')))))) , (create_specification (column_definition (name (id `user_id`)) (data_type (signed_type bigint (length ( 20 )) (column_options (nullability NOT NULL)) (column_options COMMENT (string_literal '下单用户')))))) , (create_specification (column_definition (name (id `address_book_id`)) (data_type (signed_type bigint (length ( 20 )) (column_options (nullability NOT NULL)) (column_options COMMENT (string_literal '地址id')))))) , (create_specification (column_definition (name (id `order_time`)) (data_type (generic_type datetime (column_options (nullability NOT NULL)) (column_options COMMENT (string_literal '下单时间')))))) , (create_specification (column_definition (name (id `checkout_time`)) (data_type (generic_type datetime (column_options (nullability NOT NULL)) (column_options COMMENT (string_literal '结账时间')))))) , (create_specification (column_definition (name (id `pay_method`)) (data_type (signed_type int (length ( 11 )) (column_options (nullability NOT NULL)) (column_options (default_value DEFAULT (literal_with_weirdo_multistring (string_literal '1')))) (column_options COMMENT (string_literal '支付方式 1微信,2支付宝')))))) , (create_specification (column_definition (name (id `amount`)) (data_type (signed_type decimal (decimal_length ( 10 , 2 )) (column_options (nullability NOT NULL)) (column_options COMMENT (string_literal '实收金额')))))) , (create_specification (column_definition (name (id `remark`)) (data_type (string_type varchar (length ( 100 )) (column_options (collation COLLATE utf8_bin)) (column_options (default_value DEFAULT (literal_with_weirdo_multistring NULL))) (column_options COMMENT (string_literal '备注')))))) , (create_specification (column_definition (name (id `phone`)) (data_type (string_type varchar (length ( 255 )) (column_options (collation COLLATE utf8_bin)) (column_options (default_value DEFAULT (literal_with_weirdo_multistring NULL))))))) , (create_specification (column_definition (name (id `address`)) (data_type (string_type varchar (length ( 255 )) (column_options (collation COLLATE utf8_bin)) (column_options (default_value DEFAULT (literal_with_weirdo_multistring NULL))))))) , (create_specification (column_definition (name (id `user_name`)) (data_type (string_type varchar (length ( 255 )) (column_options (collation COLLATE utf8_bin)) (column_options (default_value DEFAULT (literal_with_weirdo_multistring NULL))))))) , (create_specification (column_definition (name (id `consignee`)) (data_type (string_type varchar (length ( 255 )) (column_options (collation COLLATE utf8_bin)) (column_options (default_value DEFAULT (literal_with_weirdo_multistring NULL))))))) , (create_specification (index_definition (index_type_pk PRIMARY KEY (index_column_list ( (index_columns (index_column (name (id `id`)))) )) (index_options (index_type USING BTREE))))) )) (table_creation_option (creation_engine ENGINE = (id InnoDB))) (table_creation_option (creation_character_set DEFAULT CHARSET = (charset_name utf8))) (table_creation_option (creation_collation (default_collation (collation COLLATE = utf8_bin)))) (table_creation_option (creation_comment COMMENT = (string_literal '订单表'))))) <EOF>)
[1] 23:48:03,072 INFO  AbstractSchemaStore - storing schema @Position[BinlogPosition[XCV-bin.000012:28774], lastHeartbeat=1662553171260] after applying "CREATE TABLE `orders` (   `id` bigint(20) NOT NULL COMMENT '主键',   `number` varchar(50) COLLATE utf8_bin DEFAULT NULL COMMENT '订单号',   `status` int(11) NOT NULL DEFAULT '1' COMMENT '订单状态 1待付款，2待派送，3已派送，4已完成，5已取消',   `user_id` bigint(20) NOT NULL COMMENT '下单用户',   `address_book_id` bigint(20) NOT NULL COMMENT '地址id',   `order_time` datetime NOT NULL COMMENT '下单时间',   `checkout_time` datetime NOT NULL COMMENT '结账时间',   `pay_method` int(11) NOT NULL DEFAULT '1' COMMENT '支付方式 1微信,2支付宝',   `amount` decimal(10,2) NOT NULL COMMENT '实收金额',   `remark` varchar(100) COLLATE utf8_bin DEFAULT NULL COMMENT '备注',   `phone` varchar(255) COLLATE utf8_bin DEFAULT NULL,   `address` varchar(255) COLLATE utf8_bin DEFAULT NULL,   `user_name` varchar(255) COLLATE utf8_bin DEFAULT NULL,   `consignee` varchar(255) COLLATE utf8_bin DEFAULT NULL,   PRIMARY KEY (`id`) USING BTREE ) ENGINE=InnoDB DEFAULT CHARSET=utf8 COLLATE=utf8_bin COMMENT='订单表'" to reggie_takeout, new schema id is 80
[1] 23:48:03,072 DEBUG SchemaChange - SQL_PARSE <- "/*!40000 ALTER TABLE `orders` DISABLE KEYS */"
[1] 23:48:03,073 DEBUG SchemaChange - SQL_PARSE ->   (parse (statement (alter_table (alter_table_preamble ALTER TABLE (table_name (name (id `orders`)))) (alter_specifications (alter_specification (ignored_alter_specifications DISABLE KEYS))))) <EOF>)
[1] 23:48:03,077 INFO  AbstractSchemaStore - storing schema @Position[BinlogPosition[XCV-bin.000012:30011], lastHeartbeat=1662553171260] after applying "/*!40000 ALTER TABLE `orders` DISABLE KEYS */" to reggie_takeout, new schema id is 81
[1] 23:48:03,078 DEBUG SchemaChange - SQL_PARSE <- "/*!40000 ALTER TABLE `orders` ENABLE KEYS */"
[1] 23:48:03,078 DEBUG SchemaChange - SQL_PARSE ->   (parse (statement (alter_table (alter_table_preamble ALTER TABLE (table_name (name (id `orders`)))) (alter_specifications (alter_specification (ignored_alter_specifications ENABLE KEYS))))) <EOF>)
[1] 23:48:03,083 INFO  AbstractSchemaStore - storing schema @Position[BinlogPosition[XCV-bin.000012:31129], lastHeartbeat=1662553171260] after applying "/*!40000 ALTER TABLE `orders` ENABLE KEYS */" to reggie_takeout, new schema id is 82
[1] 23:48:03,083 DEBUG SchemaChange - SQL_PARSE <- "DROP TABLE IF EXISTS `setmeal` /* generated by server */"
[1] 23:48:03,084 DEBUG SchemaChange - SQL_PARSE ->   (parse (statement (drop_table DROP TABLE (if_exists IF EXISTS) (table_name (name (id `setmeal`))))) <EOF>)
[1] 23:48:03,084 DEBUG SchemaChange - SQL_PARSE <- "CREATE TABLE `setmeal` (
  `id` bigint(20) NOT NULL COMMENT '主键',
  `category_id` bigint(20) NOT NULL COMMENT '菜品分类id',
  `name` varchar(64) COLLATE utf8_bin NOT NULL COMMENT '套餐名称',
  `price` decimal(10,2) NOT NULL COMMENT '套餐价格',
  `status` int(11) DEFAULT NULL COMMENT '状态 0:停用 1:启用',
  `code` varchar(32) COLLATE utf8_bin DEFAULT NULL COMMENT '编码',
  `description` varchar(512) COLLATE utf8_bin DEFAULT NULL COMMENT '描述信息',
  `image` varchar(255) COLLATE utf8_bin DEFAULT NULL COMMENT '图片',
  `create_time` datetime NOT NULL COMMENT '创建时间',
  `update_time` datetime NOT NULL COMMENT '更新时间',
  `create_user` bigint(20) NOT NULL COMMENT '创建人',
  `update_user` bigint(20) NOT NULL COMMENT '修改人',
  `is_deleted` int(11) NOT NULL DEFAULT '0' COMMENT '是否删除',
  PRIMARY KEY (`id`) USING BTREE,
  UNIQUE KEY `idx_setmeal_name` (`name`)
) ENGINE=InnoDB DEFAULT CHARSET=utf8 COLLATE=utf8_bin COMMENT='套餐'"
[1] 23:48:03,085 DEBUG SchemaChange - SQL_PARSE ->   (parse (statement (create_table (create_table_preamble CREATE TABLE (table_name (name (id `setmeal`)))) (create_specifications ( (create_specification (column_definition (name (id `id`)) (data_type (signed_type bigint (length ( 20 )) (column_options (nullability NOT NULL)) (column_options COMMENT (string_literal '主键')))))) , (create_specification (column_definition (name (id `category_id`)) (data_type (signed_type bigint (length ( 20 )) (column_options (nullability NOT NULL)) (column_options COMMENT (string_literal '菜品分类id')))))) , (create_specification (column_definition (name (id `name`)) (data_type (string_type varchar (length ( 64 )) (column_options (collation COLLATE utf8_bin)) (column_options (nullability NOT NULL)) (column_options COMMENT (string_literal '套餐名称')))))) , (create_specification (column_definition (name (id `price`)) (data_type (signed_type decimal (decimal_length ( 10 , 2 )) (column_options (nullability NOT NULL)) (column_options COMMENT (string_literal '套餐价格')))))) , (create_specification (column_definition (name (id `status`)) (data_type (signed_type int (length ( 11 )) (column_options (default_value DEFAULT (literal_with_weirdo_multistring NULL))) (column_options COMMENT (string_literal '状态 0:停用 1:启用')))))) , (create_specification (column_definition (name (id `code`)) (data_type (string_type varchar (length ( 32 )) (column_options (collation COLLATE utf8_bin)) (column_options (default_value DEFAULT (literal_with_weirdo_multistring NULL))) (column_options COMMENT (string_literal '编码')))))) , (create_specification (column_definition (name (id `description`)) (data_type (string_type varchar (length ( 512 )) (column_options (collation COLLATE utf8_bin)) (column_options (default_value DEFAULT (literal_with_weirdo_multistring NULL))) (column_options COMMENT (string_literal '描述信息')))))) , (create_specification (column_definition (name (id `image`)) (data_type (string_type varchar (length ( 255 )) (column_options (collation COLLATE utf8_bin)) (column_options (default_value DEFAULT (literal_with_weirdo_multistring NULL))) (column_options COMMENT (string_literal '图片')))))) , (create_specification (column_definition (name (id `create_time`)) (data_type (generic_type datetime (column_options (nullability NOT NULL)) (column_options COMMENT (string_literal '创建时间')))))) , (create_specification (column_definition (name (id `update_time`)) (data_type (generic_type datetime (column_options (nullability NOT NULL)) (column_options COMMENT (string_literal '更新时间')))))) , (create_specification (column_definition (name (id `create_user`)) (data_type (signed_type bigint (length ( 20 )) (column_options (nullability NOT NULL)) (column_options COMMENT (string_literal '创建人')))))) , (create_specification (column_definition (name (id `update_user`)) (data_type (signed_type bigint (length ( 20 )) (column_options (nullability NOT NULL)) (column_options COMMENT (string_literal '修改人')))))) , (create_specification (column_definition (name (id `is_deleted`)) (data_type (signed_type int (length ( 11 )) (column_options (nullability NOT NULL)) (column_options (default_value DEFAULT (literal_with_weirdo_multistring (string_literal '0')))) (column_options COMMENT (string_literal '是否删除')))))) , (create_specification (index_definition (index_type_pk PRIMARY KEY (index_column_list ( (index_columns (index_column (name (id `id`)))) )) (index_options (index_type USING BTREE))))) , (create_specification (index_definition (index_type_3 UNIQUE (index_or_key KEY) (index_name (name (id `idx_setmeal_name`))) (index_column_list ( (index_columns (index_column (name (id `name`)))) ))))) )) (table_creation_option (creation_engine ENGINE = (id InnoDB))) (table_creation_option (creation_character_set DEFAULT CHARSET = (charset_name utf8))) (table_creation_option (creation_collation (default_collation (collation COLLATE = utf8_bin)))) (table_creation_option (creation_comment COMMENT = (string_literal '套餐'))))) <EOF>)
[1] 23:48:03,089 INFO  AbstractSchemaStore - storing schema @Position[BinlogPosition[XCV-bin.000012:31590], lastHeartbeat=1662553171260] after applying "CREATE TABLE `setmeal` (   `id` bigint(20) NOT NULL COMMENT '主键',   `category_id` bigint(20) NOT NULL COMMENT '菜品分类id',   `name` varchar(64) COLLATE utf8_bin NOT NULL COMMENT '套餐名称',   `price` decimal(10,2) NOT NULL COMMENT '套餐价格',   `status` int(11) DEFAULT NULL COMMENT '状态 0:停用 1:启用',   `code` varchar(32) COLLATE utf8_bin DEFAULT NULL COMMENT '编码',   `description` varchar(512) COLLATE utf8_bin DEFAULT NULL COMMENT '描述信息',   `image` varchar(255) COLLATE utf8_bin DEFAULT NULL COMMENT '图片',   `create_time` datetime NOT NULL COMMENT '创建时间',   `update_time` datetime NOT NULL COMMENT '更新时间',   `create_user` bigint(20) NOT NULL COMMENT '创建人',   `update_user` bigint(20) NOT NULL COMMENT '修改人',   `is_deleted` int(11) NOT NULL DEFAULT '0' COMMENT '是否删除',   PRIMARY KEY (`id`) USING BTREE,   UNIQUE KEY `idx_setmeal_name` (`name`) ) ENGINE=InnoDB DEFAULT CHARSET=utf8 COLLATE=utf8_bin COMMENT='套餐'" to reggie_takeout, new schema id is 83
[1] 23:48:03,089 DEBUG SchemaChange - SQL_PARSE <- "/*!40000 ALTER TABLE `setmeal` DISABLE KEYS */"
[1] 23:48:03,090 DEBUG SchemaChange - SQL_PARSE ->   (parse (statement (alter_table (alter_table_preamble ALTER TABLE (table_name (name (id `setmeal`)))) (alter_specifications (alter_specification (ignored_alter_specifications DISABLE KEYS))))) <EOF>)
[1] 23:48:03,093 INFO  AbstractSchemaStore - storing schema @Position[BinlogPosition[XCV-bin.000012:32769], lastHeartbeat=1662553171260] after applying "/*!40000 ALTER TABLE `setmeal` DISABLE KEYS */" to reggie_takeout, new schema id is 84
[1] 23:48:03,094 DEBUG SchemaChange - SQL_PARSE <- "/*!40000 ALTER TABLE `setmeal` ENABLE KEYS */"
[1] 23:48:03,094 DEBUG SchemaChange - SQL_PARSE ->   (parse (statement (alter_table (alter_table_preamble ALTER TABLE (table_name (name (id `setmeal`)))) (alter_specifications (alter_specification (ignored_alter_specifications ENABLE KEYS))))) <EOF>)
[1] 23:48:03,098 INFO  AbstractSchemaStore - storing schema @Position[BinlogPosition[XCV-bin.000012:33555], lastHeartbeat=1662553171260] after applying "/*!40000 ALTER TABLE `setmeal` ENABLE KEYS */" to reggie_takeout, new schema id is 85
[1] 23:48:03,098 DEBUG SchemaChange - SQL_PARSE <- "DROP TABLE IF EXISTS `setmeal_dish` /* generated by server */"
[1] 23:48:03,098 DEBUG SchemaChange - SQL_PARSE ->   (parse (statement (drop_table DROP TABLE (if_exists IF EXISTS) (table_name (name (id `setmeal_dish`))))) <EOF>)
[1] 23:48:03,098 DEBUG SchemaChange - SQL_PARSE <- "CREATE TABLE `setmeal_dish` (
  `id` bigint(20) NOT NULL COMMENT '主键',
  `setmeal_id` varchar(32) COLLATE utf8_bin NOT NULL COMMENT '套餐id ',
  `dish_id` varchar(32) COLLATE utf8_bin NOT NULL COMMENT '菜品id',
  `name` varchar(32) COLLATE utf8_bin DEFAULT NULL COMMENT '菜品名称 （冗余字段）',
  `price` decimal(10,2) DEFAULT NULL COMMENT '菜品原价（冗余字段）',
  `copies` int(11) NOT NULL COMMENT '份数',
  `sort` int(11) NOT NULL DEFAULT '0' COMMENT '排序',
  `create_time` datetime NOT NULL COMMENT '创建时间',
  `update_time` datetime NOT NULL COMMENT '更新时间',
  `create_user` bigint(20) NOT NULL COMMENT '创建人',
  `update_user` bigint(20) NOT NULL COMMENT '修改人',
  `is_deleted` int(11) NOT NULL DEFAULT '0' COMMENT '是否删除',
  PRIMARY KEY (`id`) USING BTREE
) ENGINE=InnoDB DEFAULT CHARSET=utf8 COLLATE=utf8_bin COMMENT='套餐菜品关系'"
[1] 23:48:03,100 DEBUG SchemaChange - SQL_PARSE ->   (parse (statement (create_table (create_table_preamble CREATE TABLE (table_name (name (id `setmeal_dish`)))) (create_specifications ( (create_specification (column_definition (name (id `id`)) (data_type (signed_type bigint (length ( 20 )) (column_options (nullability NOT NULL)) (column_options COMMENT (string_literal '主键')))))) , (create_specification (column_definition (name (id `setmeal_id`)) (data_type (string_type varchar (length ( 32 )) (column_options (collation COLLATE utf8_bin)) (column_options (nullability NOT NULL)) (column_options COMMENT (string_literal '套餐id ')))))) , (create_specification (column_definition (name (id `dish_id`)) (data_type (string_type varchar (length ( 32 )) (column_options (collation COLLATE utf8_bin)) (column_options (nullability NOT NULL)) (column_options COMMENT (string_literal '菜品id')))))) , (create_specification (column_definition (name (id `name`)) (data_type (string_type varchar (length ( 32 )) (column_options (collation COLLATE utf8_bin)) (column_options (default_value DEFAULT (literal_with_weirdo_multistring NULL))) (column_options COMMENT (string_literal '菜品名称 （冗余字段）')))))) , (create_specification (column_definition (name (id `price`)) (data_type (signed_type decimal (decimal_length ( 10 , 2 )) (column_options (default_value DEFAULT (literal_with_weirdo_multistring NULL))) (column_options COMMENT (string_literal '菜品原价（冗余字段）')))))) , (create_specification (column_definition (name (id `copies`)) (data_type (signed_type int (length ( 11 )) (column_options (nullability NOT NULL)) (column_options COMMENT (string_literal '份数')))))) , (create_specification (column_definition (name (id `sort`)) (data_type (signed_type int (length ( 11 )) (column_options (nullability NOT NULL)) (column_options (default_value DEFAULT (literal_with_weirdo_multistring (string_literal '0')))) (column_options COMMENT (string_literal '排序')))))) , (create_specification (column_definition (name (id `create_time`)) (data_type (generic_type datetime (column_options (nullability NOT NULL)) (column_options COMMENT (string_literal '创建时间')))))) , (create_specification (column_definition (name (id `update_time`)) (data_type (generic_type datetime (column_options (nullability NOT NULL)) (column_options COMMENT (string_literal '更新时间')))))) , (create_specification (column_definition (name (id `create_user`)) (data_type (signed_type bigint (length ( 20 )) (column_options (nullability NOT NULL)) (column_options COMMENT (string_literal '创建人')))))) , (create_specification (column_definition (name (id `update_user`)) (data_type (signed_type bigint (length ( 20 )) (column_options (nullability NOT NULL)) (column_options COMMENT (string_literal '修改人')))))) , (create_specification (column_definition (name (id `is_deleted`)) (data_type (signed_type int (length ( 11 )) (column_options (nullability NOT NULL)) (column_options (default_value DEFAULT (literal_with_weirdo_multistring (string_literal '0')))) (column_options COMMENT (string_literal '是否删除')))))) , (create_specification (index_definition (index_type_pk PRIMARY KEY (index_column_list ( (index_columns (index_column (name (id `id`)))) )) (index_options (index_type USING BTREE))))) )) (table_creation_option (creation_engine ENGINE = (id InnoDB))) (table_creation_option (creation_character_set DEFAULT CHARSET = (charset_name utf8))) (table_creation_option (creation_collation (default_collation (collation COLLATE = utf8_bin)))) (table_creation_option (creation_comment COMMENT = (string_literal '套餐菜品关系'))))) <EOF>)
[1] 23:48:03,105 INFO  AbstractSchemaStore - storing schema @Position[BinlogPosition[XCV-bin.000012:34022], lastHeartbeat=1662553171260] after applying "CREATE TABLE `setmeal_dish` (   `id` bigint(20) NOT NULL COMMENT '主键',   `setmeal_id` varchar(32) COLLATE utf8_bin NOT NULL COMMENT '套餐id ',   `dish_id` varchar(32) COLLATE utf8_bin NOT NULL COMMENT '菜品id',   `name` varchar(32) COLLATE utf8_bin DEFAULT NULL COMMENT '菜品名称 （冗余字段）',   `price` decimal(10,2) DEFAULT NULL COMMENT '菜品原价（冗余字段）',   `copies` int(11) NOT NULL COMMENT '份数',   `sort` int(11) NOT NULL DEFAULT '0' COMMENT '排序',   `create_time` datetime NOT NULL COMMENT '创建时间',   `update_time` datetime NOT NULL COMMENT '更新时间',   `create_user` bigint(20) NOT NULL COMMENT '创建人',   `update_user` bigint(20) NOT NULL COMMENT '修改人',   `is_deleted` int(11) NOT NULL DEFAULT '0' COMMENT '是否删除',   PRIMARY KEY (`id`) USING BTREE ) ENGINE=InnoDB DEFAULT CHARSET=utf8 COLLATE=utf8_bin COMMENT='套餐菜品关系'" to reggie_takeout, new schema id is 86
[1] 23:48:03,105 DEBUG SchemaChange - SQL_PARSE <- "/*!40000 ALTER TABLE `setmeal_dish` DISABLE KEYS */"
[1] 23:48:03,105 DEBUG SchemaChange - SQL_PARSE ->   (parse (statement (alter_table (alter_table_preamble ALTER TABLE (table_name (name (id `setmeal_dish`)))) (alter_specifications (alter_specification (ignored_alter_specifications DISABLE KEYS))))) <EOF>)
[1] 23:48:03,109 INFO  AbstractSchemaStore - storing schema @Position[BinlogPosition[XCV-bin.000012:35114], lastHeartbeat=1662553171260] after applying "/*!40000 ALTER TABLE `setmeal_dish` DISABLE KEYS */" to reggie_takeout, new schema id is 87
[1] 23:48:03,110 DEBUG SchemaChange - SQL_PARSE <- "/*!40000 ALTER TABLE `setmeal_dish` ENABLE KEYS */"
[1] 23:48:03,110 DEBUG SchemaChange - SQL_PARSE ->   (parse (statement (alter_table (alter_table_preamble ALTER TABLE (table_name (name (id `setmeal_dish`)))) (alter_specifications (alter_specification (ignored_alter_specifications ENABLE KEYS))))) <EOF>)
[1] 23:48:03,115 INFO  AbstractSchemaStore - storing schema @Position[BinlogPosition[XCV-bin.000012:36306], lastHeartbeat=1662553171260] after applying "/*!40000 ALTER TABLE `setmeal_dish` ENABLE KEYS */" to reggie_takeout, new schema id is 88
[1] 23:48:03,115 DEBUG SchemaChange - SQL_PARSE <- "DROP TABLE IF EXISTS `shopping_cart` /* generated by server */"
[1] 23:48:03,116 DEBUG SchemaChange - SQL_PARSE ->   (parse (statement (drop_table DROP TABLE (if_exists IF EXISTS) (table_name (name (id `shopping_cart`))))) <EOF>)
[1] 23:48:03,116 DEBUG SchemaChange - SQL_PARSE <- "CREATE TABLE `shopping_cart` (
  `id` bigint(20) NOT NULL COMMENT '主键',
  `name` varchar(50) COLLATE utf8_bin DEFAULT NULL COMMENT '名称',
  `image` varchar(100) COLLATE utf8_bin DEFAULT NULL COMMENT '图片',
  `user_id` bigint(20) NOT NULL COMMENT '主键',
  `dish_id` bigint(20) DEFAULT NULL COMMENT '菜品id',
  `setmeal_id` bigint(20) DEFAULT NULL COMMENT '套餐id',
  `dish_flavor` varchar(50) COLLATE utf8_bin DEFAULT NULL COMMENT '口味',
  `number` int(11) NOT NULL DEFAULT '1' COMMENT '数量',
  `amount` decimal(10,2) NOT NULL COMMENT '金额',
  `create_time` datetime DEFAULT NULL COMMENT '创建时间',
  `is_deleted` int(11) NOT NULL DEFAULT '1' COMMENT '是否删除',
  `update_time` datetime NOT NULL COMMENT '更新时间',
  PRIMARY KEY (`id`) USING BTREE
) ENGINE=InnoDB DEFAULT CHARSET=utf8 COLLATE=utf8_bin COMMENT='购物车'"
[1] 23:48:03,117 DEBUG SchemaChange - SQL_PARSE ->   (parse (statement (create_table (create_table_preamble CREATE TABLE (table_name (name (id `shopping_cart`)))) (create_specifications ( (create_specification (column_definition (name (id `id`)) (data_type (signed_type bigint (length ( 20 )) (column_options (nullability NOT NULL)) (column_options COMMENT (string_literal '主键')))))) , (create_specification (column_definition (name (id `name`)) (data_type (string_type varchar (length ( 50 )) (column_options (collation COLLATE utf8_bin)) (column_options (default_value DEFAULT (literal_with_weirdo_multistring NULL))) (column_options COMMENT (string_literal '名称')))))) , (create_specification (column_definition (name (id `image`)) (data_type (string_type varchar (length ( 100 )) (column_options (collation COLLATE utf8_bin)) (column_options (default_value DEFAULT (literal_with_weirdo_multistring NULL))) (column_options COMMENT (string_literal '图片')))))) , (create_specification (column_definition (name (id `user_id`)) (data_type (signed_type bigint (length ( 20 )) (column_options (nullability NOT NULL)) (column_options COMMENT (string_literal '主键')))))) , (create_specification (column_definition (name (id `dish_id`)) (data_type (signed_type bigint (length ( 20 )) (column_options (default_value DEFAULT (literal_with_weirdo_multistring NULL))) (column_options COMMENT (string_literal '菜品id')))))) , (create_specification (column_definition (name (id `setmeal_id`)) (data_type (signed_type bigint (length ( 20 )) (column_options (default_value DEFAULT (literal_with_weirdo_multistring NULL))) (column_options COMMENT (string_literal '套餐id')))))) , (create_specification (column_definition (name (id `dish_flavor`)) (data_type (string_type varchar (length ( 50 )) (column_options (collation COLLATE utf8_bin)) (column_options (default_value DEFAULT (literal_with_weirdo_multistring NULL))) (column_options COMMENT (string_literal '口味')))))) , (create_specification (column_definition (name (id `number`)) (data_type (signed_type int (length ( 11 )) (column_options (nullability NOT NULL)) (column_options (default_value DEFAULT (literal_with_weirdo_multistring (string_literal '1')))) (column_options COMMENT (string_literal '数量')))))) , (create_specification (column_definition (name (id `amount`)) (data_type (signed_type decimal (decimal_length ( 10 , 2 )) (column_options (nullability NOT NULL)) (column_options COMMENT (string_literal '金额')))))) , (create_specification (column_definition (name (id `create_time`)) (data_type (generic_type datetime (column_options (default_value DEFAULT (literal_with_weirdo_multistring NULL))) (column_options COMMENT (string_literal '创建时间')))))) , (create_specification (column_definition (name (id `is_deleted`)) (data_type (signed_type int (length ( 11 )) (column_options (nullability NOT NULL)) (column_options (default_value DEFAULT (literal_with_weirdo_multistring (string_literal '1')))) (column_options COMMENT (string_literal '是否删除')))))) , (create_specification (column_definition (name (id `update_time`)) (data_type (generic_type datetime (column_options (nullability NOT NULL)) (column_options COMMENT (string_literal '更新时间')))))) , (create_specification (index_definition (index_type_pk PRIMARY KEY (index_column_list ( (index_columns (index_column (name (id `id`)))) )) (index_options (index_type USING BTREE))))) )) (table_creation_option (creation_engine ENGINE = (id InnoDB))) (table_creation_option (creation_character_set DEFAULT CHARSET = (charset_name utf8))) (table_creation_option (creation_collation (default_collation (collation COLLATE = utf8_bin)))) (table_creation_option (creation_comment COMMENT = (string_literal '购物车'))))) <EOF>)
[1] 23:48:03,121 INFO  AbstractSchemaStore - storing schema @Position[BinlogPosition[XCV-bin.000012:36779], lastHeartbeat=1662553171260] after applying "CREATE TABLE `shopping_cart` (   `id` bigint(20) NOT NULL COMMENT '主键',   `name` varchar(50) COLLATE utf8_bin DEFAULT NULL COMMENT '名称',   `image` varchar(100) COLLATE utf8_bin DEFAULT NULL COMMENT '图片',   `user_id` bigint(20) NOT NULL COMMENT '主键',   `dish_id` bigint(20) DEFAULT NULL COMMENT '菜品id',   `setmeal_id` bigint(20) DEFAULT NULL COMMENT '套餐id',   `dish_flavor` varchar(50) COLLATE utf8_bin DEFAULT NULL COMMENT '口味',   `number` int(11) NOT NULL DEFAULT '1' COMMENT '数量',   `amount` decimal(10,2) NOT NULL COMMENT '金额',   `create_time` datetime DEFAULT NULL COMMENT '创建时间',   `is_deleted` int(11) NOT NULL DEFAULT '1' COMMENT '是否删除',   `update_time` datetime NOT NULL COMMENT '更新时间',   PRIMARY KEY (`id`) USING BTREE ) ENGINE=InnoDB DEFAULT CHARSET=utf8 COLLATE=utf8_bin COMMENT='购物车'" to reggie_takeout, new schema id is 89
[1] 23:48:03,122 DEBUG SchemaChange - SQL_PARSE <- "/*!40000 ALTER TABLE `shopping_cart` DISABLE KEYS */"
[1] 23:48:03,122 DEBUG SchemaChange - SQL_PARSE ->   (parse (statement (alter_table (alter_table_preamble ALTER TABLE (table_name (name (id `shopping_cart`)))) (alter_specifications (alter_specification (ignored_alter_specifications DISABLE KEYS))))) <EOF>)
[1] 23:48:03,126 INFO  AbstractSchemaStore - storing schema @Position[BinlogPosition[XCV-bin.000012:37825], lastHeartbeat=1662553171260] after applying "/*!40000 ALTER TABLE `shopping_cart` DISABLE KEYS */" to reggie_takeout, new schema id is 90
[1] 23:48:03,127 DEBUG SchemaChange - SQL_PARSE <- "/*!40000 ALTER TABLE `shopping_cart` ENABLE KEYS */"
[1] 23:48:03,127 DEBUG SchemaChange - SQL_PARSE ->   (parse (statement (alter_table (alter_table_preamble ALTER TABLE (table_name (name (id `shopping_cart`)))) (alter_specifications (alter_specification (ignored_alter_specifications ENABLE KEYS))))) <EOF>)
[1] 23:48:03,130 INFO  AbstractSchemaStore - storing schema @Position[BinlogPosition[XCV-bin.000012:39578], lastHeartbeat=1662553171260] after applying "/*!40000 ALTER TABLE `shopping_cart` ENABLE KEYS */" to reggie_takeout, new schema id is 91
[1] 23:48:03,130 DEBUG SchemaChange - SQL_PARSE <- "DROP TABLE IF EXISTS `user` /* generated by server */"
[1] 23:48:03,131 DEBUG SchemaChange - SQL_PARSE ->   (parse (statement (drop_table DROP TABLE (if_exists IF EXISTS) (table_name (name (id `user`))))) <EOF>)
[1] 23:48:03,131 DEBUG SchemaChange - SQL_PARSE <- "CREATE TABLE `user` (
  `id` bigint(20) NOT NULL COMMENT '主键',
  `name` varchar(50) COLLATE utf8_bin DEFAULT NULL COMMENT '姓名',
  `phone` varchar(100) COLLATE utf8_bin NOT NULL COMMENT '手机号',
  `sex` varchar(2) COLLATE utf8_bin DEFAULT NULL COMMENT '性别',
  `id_number` varchar(18) COLLATE utf8_bin DEFAULT NULL COMMENT '身份证号',
  `avatar` varchar(500) COLLATE utf8_bin DEFAULT NULL COMMENT '头像',
  `status` int(11) DEFAULT '0' COMMENT '状态 0:禁用，1:正常',
  PRIMARY KEY (`id`) USING BTREE
) ENGINE=InnoDB DEFAULT CHARSET=utf8 COLLATE=utf8_bin COMMENT='用户信息'"
[1] 23:48:03,131 DEBUG SchemaChange - SQL_PARSE ->   (parse (statement (create_table (create_table_preamble CREATE TABLE (table_name (name (id `user`)))) (create_specifications ( (create_specification (column_definition (name (id `id`)) (data_type (signed_type bigint (length ( 20 )) (column_options (nullability NOT NULL)) (column_options COMMENT (string_literal '主键')))))) , (create_specification (column_definition (name (id `name`)) (data_type (string_type varchar (length ( 50 )) (column_options (collation COLLATE utf8_bin)) (column_options (default_value DEFAULT (literal_with_weirdo_multistring NULL))) (column_options COMMENT (string_literal '姓名')))))) , (create_specification (column_definition (name (id `phone`)) (data_type (string_type varchar (length ( 100 )) (column_options (collation COLLATE utf8_bin)) (column_options (nullability NOT NULL)) (column_options COMMENT (string_literal '手机号')))))) , (create_specification (column_definition (name (id `sex`)) (data_type (string_type varchar (length ( 2 )) (column_options (collation COLLATE utf8_bin)) (column_options (default_value DEFAULT (literal_with_weirdo_multistring NULL))) (column_options COMMENT (string_literal '性别')))))) , (create_specification (column_definition (name (id `id_number`)) (data_type (string_type varchar (length ( 18 )) (column_options (collation COLLATE utf8_bin)) (column_options (default_value DEFAULT (literal_with_weirdo_multistring NULL))) (column_options COMMENT (string_literal '身份证号')))))) , (create_specification (column_definition (name (id `avatar`)) (data_type (string_type varchar (length ( 500 )) (column_options (collation COLLATE utf8_bin)) (column_options (default_value DEFAULT (literal_with_weirdo_multistring NULL))) (column_options COMMENT (string_literal '头像')))))) , (create_specification (column_definition (name (id `status`)) (data_type (signed_type int (length ( 11 )) (column_options (default_value DEFAULT (literal_with_weirdo_multistring (string_literal '0')))) (column_options COMMENT (string_literal '状态 0:禁用，1:正常')))))) , (create_specification (index_definition (index_type_pk PRIMARY KEY (index_column_list ( (index_columns (index_column (name (id `id`)))) )) (index_options (index_type USING BTREE))))) )) (table_creation_option (creation_engine ENGINE = (id InnoDB))) (table_creation_option (creation_character_set DEFAULT CHARSET = (charset_name utf8))) (table_creation_option (creation_collation (default_collation (collation COLLATE = utf8_bin)))) (table_creation_option (creation_comment COMMENT = (string_literal '用户信息'))))) <EOF>)
[1] 23:48:03,135 INFO  AbstractSchemaStore - storing schema @Position[BinlogPosition[XCV-bin.000012:40043], lastHeartbeat=1662553171260] after applying "CREATE TABLE `user` (   `id` bigint(20) NOT NULL COMMENT '主键',   `name` varchar(50) COLLATE utf8_bin DEFAULT NULL COMMENT '姓名',   `phone` varchar(100) COLLATE utf8_bin NOT NULL COMMENT '手机号',   `sex` varchar(2) COLLATE utf8_bin DEFAULT NULL COMMENT '性别',   `id_number` varchar(18) COLLATE utf8_bin DEFAULT NULL COMMENT '身份证号',   `avatar` varchar(500) COLLATE utf8_bin DEFAULT NULL COMMENT '头像',   `status` int(11) DEFAULT '0' COMMENT '状态 0:禁用，1:正常',   PRIMARY KEY (`id`) USING BTREE ) ENGINE=InnoDB DEFAULT CHARSET=utf8 COLLATE=utf8_bin COMMENT='用户信息'" to reggie_takeout, new schema id is 92
[1] 23:48:03,135 DEBUG SchemaChange - SQL_PARSE <- "/*!40000 ALTER TABLE `user` DISABLE KEYS */"
[1] 23:48:03,135 DEBUG SchemaChange - SQL_PARSE ->   (parse (statement (alter_table (alter_table_preamble ALTER TABLE (table_name (name (id `user`)))) (alter_specifications (alter_specification (ignored_alter_specifications DISABLE KEYS))))) <EOF>)
[1] 23:48:03,139 INFO  AbstractSchemaStore - storing schema @Position[BinlogPosition[XCV-bin.000012:40831], lastHeartbeat=1662553171260] after applying "/*!40000 ALTER TABLE `user` DISABLE KEYS */" to reggie_takeout, new schema id is 93
[1] 23:48:03,139 DEBUG SchemaChange - SQL_PARSE <- "/*!40000 ALTER TABLE `user` ENABLE KEYS */"
[1] 23:48:03,139 DEBUG SchemaChange - SQL_PARSE ->   (parse (statement (alter_table (alter_table_preamble ALTER TABLE (table_name (name (id `user`)))) (alter_specifications (alter_specification (ignored_alter_specifications ENABLE KEYS))))) <EOF>)
[1] 23:48:03,143 INFO  AbstractSchemaStore - storing schema @Position[BinlogPosition[XCV-bin.000012:41420], lastHeartbeat=1662553171260] after applying "/*!40000 ALTER TABLE `user` ENABLE KEYS */" to reggie_takeout, new schema id is 94
[1] 23:48:03,143 DEBUG SchemaChange - SQL_PARSE <- "CREATE SCHEMA `rainng_course` DEFAULT CHARACTER SET utf8mb4"
[1] 23:48:03,144 DEBUG SchemaChange - SQL_PARSE ->   (parse (statement (create_database CREATE SCHEMA (name (id `rainng_course`)) (create_option (default_character_set DEFAULT (charset_token CHARACTER SET) (charset_name utf8mb4))))) <EOF>)
[1] 23:48:03,146 INFO  AbstractSchemaStore - storing schema @Position[BinlogPosition[XCV-bin.000013:234], lastHeartbeat=1662553171260] after applying "CREATE SCHEMA `rainng_course` DEFAULT CHARACTER SET utf8mb4" to rainng_course, new schema id is 95
[1] 23:48:03,147 DEBUG SchemaChange - SQL_PARSE <- "DROP TABLE IF EXISTS `rc_admin` /* generated by server */"
[1] 23:48:03,147 DEBUG SchemaChange - SQL_PARSE ->   (parse (statement (drop_table DROP TABLE (if_exists IF EXISTS) (table_name (name (id `rc_admin`))))) <EOF>)
[1] 23:48:03,147 DEBUG SchemaChange - SQL_PARSE <- "CREATE TABLE `rc_admin`  (
  `admin_id` int(10) UNSIGNED NOT NULL AUTO_INCREMENT COMMENT '管理员Id',
  `admin_username` varchar(255) CHARACTER SET utf8mb4 COLLATE utf8mb4_general_ci NOT NULL COMMENT '用户名',
  `admin_password` char(32) CHARACTER SET utf8mb4 COLLATE utf8mb4_general_ci NOT NULL COMMENT '密码',
  `admin_privilege` int(11) NOT NULL COMMENT '角色\r\n二进制表示权限\r\n1-系管理\r\n2-专业管理\r\n4-班级管理\r\n8-学生管理\r\n16-教师管理\r\n32-课程管理\r\n64-选课管理\r\n128-管理员管理',
  PRIMARY KEY (`admin_id`) USING BTREE,
  UNIQUE INDEX `idx_admin_username`(`admin_username`) USING BTREE
) ENGINE = InnoDB AUTO_INCREMENT = 3 CHARACTER SET = utf8mb4 COLLATE = utf8mb4_general_ci ROW_FORMAT = Dynamic"
[1] 23:48:03,149 DEBUG SchemaChange - SQL_PARSE ->   (parse (statement (create_table (create_table_preamble CREATE TABLE (table_name (name (id `rc_admin`)))) (create_specifications ( (create_specification (column_definition (name (id `admin_id`)) (data_type (signed_type int (length ( 10 )) (int_flags UNSIGNED) (column_options (nullability NOT NULL)) (column_options AUTO_INCREMENT) (column_options COMMENT (string_literal '管理员Id')))))) , (create_specification (column_definition (name (id `admin_username`)) (data_type (string_type varchar (length ( 255 )) (column_options (charset_def (character_set CHARACTER SET (charset_name utf8mb4)))) (column_options (collation COLLATE utf8mb4_general_ci)) (column_options (nullability NOT NULL)) (column_options COMMENT (string_literal '用户名')))))) , (create_specification (column_definition (name (id `admin_password`)) (data_type (string_type char (length ( 32 )) (column_options (charset_def (character_set CHARACTER SET (charset_name utf8mb4)))) (column_options (collation COLLATE utf8mb4_general_ci)) (column_options (nullability NOT NULL)) (column_options COMMENT (string_literal '密码')))))) , (create_specification (column_definition (name (id `admin_privilege`)) (data_type (signed_type int (length ( 11 )) (column_options (nullability NOT NULL)) (column_options COMMENT (string_literal '角色\r\n二进制表示权限\r\n1-系管理\r\n2-专业管理\r\n4-班级管理\r\n8-学生管理\r\n16-教师管理\r\n32-课程管理\r\n64-选课管理\r\n128-管理员管理')))))) , (create_specification (index_definition (index_type_pk PRIMARY KEY (index_column_list ( (index_columns (index_column (name (id `admin_id`)))) )) (index_options (index_type USING BTREE))))) , (create_specification (index_definition (index_type_3 UNIQUE (index_or_key INDEX) (index_name (name (id `idx_admin_username`))) (index_column_list ( (index_columns (index_column (name (id `admin_username`)))) )) (index_options (index_type USING BTREE))))) )) (table_creation_option (creation_engine ENGINE = (id InnoDB))) (table_creation_option (creation_auto_increment AUTO_INCREMENT = (integer 3))) (table_creation_option (creation_character_set CHARACTER SET = (charset_name utf8mb4))) (table_creation_option (creation_collation (default_collation (collation COLLATE = utf8mb4_general_ci)))) (table_creation_option (creation_row_format ROW_FORMAT = Dynamic)))) <EOF>)
[1] 23:48:03,152 INFO  AbstractSchemaStore - storing schema @Position[BinlogPosition[XCV-bin.000013:707], lastHeartbeat=1662553171260] after applying "CREATE TABLE `rc_admin`  (   `admin_id` int(10) UNSIGNED NOT NULL AUTO_INCREMENT COMMENT '管理员Id',   `admin_username` varchar(255) CHARACTER SET utf8mb4 COLLATE utf8mb4_general_ci NOT NULL COMMENT '用户名',   `admin_password` char(32) CHARACTER SET utf8mb4 COLLATE utf8mb4_general_ci NOT NULL COMMENT '密码',   `admin_privilege` int(11) NOT NULL COMMENT '角色\r\n二进制表示权限\r\n1-系管理\r\n2-专业管理\r\n4-班级管理\r\n8-学生管理\r\n16-教师管理\r\n32-课程管理\r\n64-选课管理\r\n128-管理员管理',   PRIMARY KEY (`admin_id`) USING BTREE,   UNIQUE INDEX `idx_admin_username`(`admin_username`) USING BTREE ) ENGINE = InnoDB AUTO_INCREMENT = 3 CHARACTER SET = utf8mb4 COLLATE = utf8mb4_general_ci ROW_FORMAT = Dynamic" to rainng_course, new schema id is 96
[1] 23:48:03,153 DEBUG SchemaChange - SQL_PARSE <- "DROP TABLE IF EXISTS `rc_class` /* generated by server */"
[1] 23:48:03,153 DEBUG SchemaChange - SQL_PARSE ->   (parse (statement (drop_table DROP TABLE (if_exists IF EXISTS) (table_name (name (id `rc_class`))))) <EOF>)
[1] 23:48:03,153 DEBUG SchemaChange - SQL_PARSE <- "CREATE TABLE `rc_class`  (
  `class_id` int(10) UNSIGNED NOT NULL AUTO_INCREMENT COMMENT '班级Id',
  `class_major_id` int(10) UNSIGNED NOT NULL COMMENT '专业Id',
  `class_grade` int(10) UNSIGNED NOT NULL COMMENT '年级',
  `class_name` varchar(32) CHARACTER SET utf8mb4 COLLATE utf8mb4_general_ci NOT NULL COMMENT '班级名称',
  PRIMARY KEY (`class_id`) USING BTREE,
  INDEX `fk_major_id`(`class_major_id`) USING BTREE,
  INDEX `idx_class_name`(`class_name`) USING BTREE,
  CONSTRAINT `fk_major_id` FOREIGN KEY (`class_major_id`) REFERENCES `rc_major` (`major_id`) ON DELETE RESTRICT ON UPDATE RESTRICT
) ENGINE = InnoDB AUTO_INCREMENT = 24 CHARACTER SET = utf8mb4 COLLATE = utf8mb4_general_ci ROW_FORMAT = Dynamic"
[1] 23:48:03,158 DEBUG SchemaChange - SQL_PARSE ->   (parse (statement (create_table (create_table_preamble CREATE TABLE (table_name (name (id `rc_class`)))) (create_specifications ( (create_specification (column_definition (name (id `class_id`)) (data_type (signed_type int (length ( 10 )) (int_flags UNSIGNED) (column_options (nullability NOT NULL)) (column_options AUTO_INCREMENT) (column_options COMMENT (string_literal '班级Id')))))) , (create_specification (column_definition (name (id `class_major_id`)) (data_type (signed_type int (length ( 10 )) (int_flags UNSIGNED) (column_options (nullability NOT NULL)) (column_options COMMENT (string_literal '专业Id')))))) , (create_specification (column_definition (name (id `class_grade`)) (data_type (signed_type int (length ( 10 )) (int_flags UNSIGNED) (column_options (nullability NOT NULL)) (column_options COMMENT (string_literal '年级')))))) , (create_specification (column_definition (name (id `class_name`)) (data_type (string_type varchar (length ( 32 )) (column_options (charset_def (character_set CHARACTER SET (charset_name utf8mb4)))) (column_options (collation COLLATE utf8mb4_general_ci)) (column_options (nullability NOT NULL)) (column_options COMMENT (string_literal '班级名称')))))) , (create_specification (index_definition (index_type_pk PRIMARY KEY (index_column_list ( (index_columns (index_column (name (id `class_id`)))) )) (index_options (index_type USING BTREE))))) , (create_specification (index_definition (index_type_1 (index_or_key INDEX) (index_name (name (id `fk_major_id`))) (index_column_list ( (index_columns (index_column (name (id `class_major_id`)))) )) (index_options (index_type USING BTREE))))) , (create_specification (index_definition (index_type_1 (index_or_key INDEX) (index_name (name (id `idx_class_name`))) (index_column_list ( (index_columns (index_column (name (id `class_name`)))) )) (index_options (index_type USING BTREE))))) , (create_specification (index_definition (index_type_5 (index_constraint CONSTRAINT (constraint_name (name (id `fk_major_id`)))) FOREIGN KEY (index_column_list ( (index_columns (index_column (name (id `class_major_id`)))) )) (reference_definition REFERENCES (table_name (name (id `rc_major`))) (index_column_list ( (index_columns (index_column (name (id `major_id`)))) )) (reference_definition_on_delete ON DELETE (reference_option RESTRICT)) (reference_definition_on_update ON UPDATE (reference_option RESTRICT)))))) )) (table_creation_option (creation_engine ENGINE = (id InnoDB))) (table_creation_option (creation_auto_increment AUTO_INCREMENT = (integer 24))) (table_creation_option (creation_character_set CHARACTER SET = (charset_name utf8mb4))) (table_creation_option (creation_collation (default_collation (collation COLLATE = utf8mb4_general_ci)))) (table_creation_option (creation_row_format ROW_FORMAT = Dynamic)))) <EOF>)
[1] 23:48:03,161 INFO  AbstractSchemaStore - storing schema @Position[BinlogPosition[XCV-bin.000013:2589], lastHeartbeat=1662553171260] after applying "CREATE TABLE `rc_class`  (   `class_id` int(10) UNSIGNED NOT NULL AUTO_INCREMENT COMMENT '班级Id',   `class_major_id` int(10) UNSIGNED NOT NULL COMMENT '专业Id',   `class_grade` int(10) UNSIGNED NOT NULL COMMENT '年级',   `class_name` varchar(32) CHARACTER SET utf8mb4 COLLATE utf8mb4_general_ci NOT NULL COMMENT '班级名称',   PRIMARY KEY (`class_id`) USING BTREE,   INDEX `fk_major_id`(`class_major_id`) USING BTREE,   INDEX `idx_class_name`(`class_name`) USING BTREE,   CONSTRAINT `fk_major_id` FOREIGN KEY (`class_major_id`) REFERENCES `rc_major` (`major_id`) ON DELETE RESTRICT ON UPDATE RESTRICT ) ENGINE = InnoDB AUTO_INCREMENT = 24 CHARACTER SET = utf8mb4 COLLATE = utf8mb4_general_ci ROW_FORMAT = Dynamic" to rainng_course, new schema id is 97
[1] 23:48:03,163 DEBUG SchemaChange - SQL_PARSE <- "DROP TABLE IF EXISTS `rc_course` /* generated by server */"
[1] 23:48:03,163 DEBUG SchemaChange - SQL_PARSE ->   (parse (statement (drop_table DROP TABLE (if_exists IF EXISTS) (table_name (name (id `rc_course`))))) <EOF>)
[1] 23:48:03,163 DEBUG SchemaChange - SQL_PARSE <- "CREATE TABLE `rc_course`  (
  `course_id` int(10) UNSIGNED NOT NULL AUTO_INCREMENT COMMENT '课程Id',
  `course_teacher_id` int(10) UNSIGNED NOT NULL COMMENT '授课教师Id',
  `course_name` varchar(64) CHARACTER SET utf8mb4 COLLATE utf8mb4_general_ci NOT NULL COMMENT '课程名称',
  `course_grade` int(10) UNSIGNED NOT NULL COMMENT '授课年级',
  `course_time` varchar(16) CHARACTER SET utf8mb4 COLLATE utf8mb4_general_ci NOT NULL COMMENT '上课时间 星期几-第几节-几节课',
  `course_location` varchar(32) CHARACTER SET utf8mb4 COLLATE utf8mb4_general_ci NOT NULL COMMENT '上课地址',
  `course_credit` int(10) UNSIGNED NOT NULL COMMENT '学分',
  `course_selected_count` int(10) UNSIGNED NOT NULL DEFAULT 0 COMMENT '已选人数',
  `course_max_size` int(10) UNSIGNED NOT NULL COMMENT '最大容量',
  `course_exam_date` datetime(0) NULL DEFAULT NULL COMMENT '考试时间',
  `course_exam_location` varchar(32) CHARACTER SET utf8mb4 COLLATE utf8mb4_general_ci NULL DEFAULT NULL COMMENT '考试地点',
  PRIMARY KEY (`course_id`) USING BTREE,
  INDEX `fk_course_teacher_id`(`course_teacher_id`) USING BTREE,
  INDEX `idx_course_name`(`course_name`) USING BTREE,
  CONSTRAINT `fk_course_teacher_id` FOREIGN KEY (`course_teacher_id`) REFERENCES `rc_teacher` (`teacher_id`) ON DELETE RESTRICT ON UPDATE RESTRICT
) ENGINE = InnoDB AUTO_INCREMENT = 9 CHARACTER SET = utf8mb4 COLLATE = utf8mb4_general_ci ROW_FORMAT = Dynamic"
[1] 23:48:03,165 DEBUG SchemaChange - SQL_PARSE ->   (parse (statement (create_table (create_table_preamble CREATE TABLE (table_name (name (id `rc_course`)))) (create_specifications ( (create_specification (column_definition (name (id `course_id`)) (data_type (signed_type int (length ( 10 )) (int_flags UNSIGNED) (column_options (nullability NOT NULL)) (column_options AUTO_INCREMENT) (column_options COMMENT (string_literal '课程Id')))))) , (create_specification (column_definition (name (id `course_teacher_id`)) (data_type (signed_type int (length ( 10 )) (int_flags UNSIGNED) (column_options (nullability NOT NULL)) (column_options COMMENT (string_literal '授课教师Id')))))) , (create_specification (column_definition (name (id `course_name`)) (data_type (string_type varchar (length ( 64 )) (column_options (charset_def (character_set CHARACTER SET (charset_name utf8mb4)))) (column_options (collation COLLATE utf8mb4_general_ci)) (column_options (nullability NOT NULL)) (column_options COMMENT (string_literal '课程名称')))))) , (create_specification (column_definition (name (id `course_grade`)) (data_type (signed_type int (length ( 10 )) (int_flags UNSIGNED) (column_options (nullability NOT NULL)) (column_options COMMENT (string_literal '授课年级')))))) , (create_specification (column_definition (name (id `course_time`)) (data_type (string_type varchar (length ( 16 )) (column_options (charset_def (character_set CHARACTER SET (charset_name utf8mb4)))) (column_options (collation COLLATE utf8mb4_general_ci)) (column_options (nullability NOT NULL)) (column_options COMMENT (string_literal '上课时间 星期几-第几节-几节课')))))) , (create_specification (column_definition (name (id `course_location`)) (data_type (string_type varchar (length ( 32 )) (column_options (charset_def (character_set CHARACTER SET (charset_name utf8mb4)))) (column_options (collation COLLATE utf8mb4_general_ci)) (column_options (nullability NOT NULL)) (column_options COMMENT (string_literal '上课地址')))))) , (create_specification (column_definition (name (id `course_credit`)) (data_type (signed_type int (length ( 10 )) (int_flags UNSIGNED) (column_options (nullability NOT NULL)) (column_options COMMENT (string_literal '学分')))))) , (create_specification (column_definition (name (id `course_selected_count`)) (data_type (signed_type int (length ( 10 )) (int_flags UNSIGNED) (column_options (nullability NOT NULL)) (column_options (default_value DEFAULT (literal_with_weirdo_multistring (integer_literal 0)))) (column_options COMMENT (string_literal '已选人数')))))) , (create_specification (column_definition (name (id `course_max_size`)) (data_type (signed_type int (length ( 10 )) (int_flags UNSIGNED) (column_options (nullability NOT NULL)) (column_options COMMENT (string_literal '最大容量')))))) , (create_specification (column_definition (name (id `course_exam_date`)) (data_type (generic_type datetime (length ( 0 )) (column_options (nullability NULL)) (column_options (default_value DEFAULT (literal_with_weirdo_multistring NULL))) (column_options COMMENT (string_literal '考试时间')))))) , (create_specification (column_definition (name (id `course_exam_location`)) (data_type (string_type varchar (length ( 32 )) (column_options (charset_def (character_set CHARACTER SET (charset_name utf8mb4)))) (column_options (collation COLLATE utf8mb4_general_ci)) (column_options (nullability NULL)) (column_options (default_value DEFAULT (literal_with_weirdo_multistring NULL))) (column_options COMMENT (string_literal '考试地点')))))) , (create_specification (index_definition (index_type_pk PRIMARY KEY (index_column_list ( (index_columns (index_column (name (id `course_id`)))) )) (index_options (index_type USING BTREE))))) , (create_specification (index_definition (index_type_1 (index_or_key INDEX) (index_name (name (id `fk_course_teacher_id`))) (index_column_list ( (index_columns (index_column (name (id `course_teacher_id`)))) )) (index_options (index_type USING BTREE))))) , (create_specification (index_definition (index_type_1 (index_or_key INDEX) (index_name (name (id `idx_course_name`))) (index_column_list ( (index_columns (index_column (name (id `course_name`)))) )) (index_options (index_type USING BTREE))))) , (create_specification (index_definition (index_type_5 (index_constraint CONSTRAINT (constraint_name (name (id `fk_course_teacher_id`)))) FOREIGN KEY (index_column_list ( (index_columns (index_column (name (id `course_teacher_id`)))) )) (reference_definition REFERENCES (table_name (name (id `rc_teacher`))) (index_column_list ( (index_columns (index_column (name (id `teacher_id`)))) )) (reference_definition_on_delete ON DELETE (reference_option RESTRICT)) (reference_definition_on_update ON UPDATE (reference_option RESTRICT)))))) )) (table_creation_option (creation_engine ENGINE = (id InnoDB))) (table_creation_option (creation_auto_increment AUTO_INCREMENT = (integer 9))) (table_creation_option (creation_character_set CHARACTER SET = (charset_name utf8mb4))) (table_creation_option (creation_collation (default_collation (collation COLLATE = utf8mb4_general_ci)))) (table_creation_option (creation_row_format ROW_FORMAT = Dynamic)))) <EOF>)
[1] 23:48:03,168 INFO  AbstractSchemaStore - storing schema @Position[BinlogPosition[XCV-bin.000013:11240], lastHeartbeat=1662553171260] after applying "CREATE TABLE `rc_course`  (   `course_id` int(10) UNSIGNED NOT NULL AUTO_INCREMENT COMMENT '课程Id',   `course_teacher_id` int(10) UNSIGNED NOT NULL COMMENT '授课教师Id',   `course_name` varchar(64) CHARACTER SET utf8mb4 COLLATE utf8mb4_general_ci NOT NULL COMMENT '课程名称',   `course_grade` int(10) UNSIGNED NOT NULL COMMENT '授课年级',   `course_time` varchar(16) CHARACTER SET utf8mb4 COLLATE utf8mb4_general_ci NOT NULL COMMENT '上课时间 星期几-第几节-几节课',   `course_location` varchar(32) CHARACTER SET utf8mb4 COLLATE utf8mb4_general_ci NOT NULL COMMENT '上课地址',   `course_credit` int(10) UNSIGNED NOT NULL COMMENT '学分',   `course_selected_count` int(10) UNSIGNED NOT NULL DEFAULT 0 COMMENT '已选人数',   `course_max_size` int(10) UNSIGNED NOT NULL COMMENT '最大容量',   `course_exam_date` datetime(0) NULL DEFAULT NULL COMMENT '考试时间',   `course_exam_location` varchar(32) CHARACTER SET utf8mb4 COLLATE utf8mb4_general_ci NULL DEFAULT NULL COMMENT '考试地点',   PRIMARY KEY (`course_id`) USING BTREE,   INDEX `fk_course_teacher_id`(`course_teacher_id`) USING BTREE,   INDEX `idx_course_name`(`course_name`) USING BTREE,   CONSTRAINT `fk_course_teacher_id` FOREIGN KEY (`course_teacher_id`) REFERENCES `rc_teacher` (`teacher_id`) ON DELETE RESTRICT ON UPDATE RESTRICT ) ENGINE = InnoDB AUTO_INCREMENT = 9 CHARACTER SET = utf8mb4 COLLATE = utf8mb4_general_ci ROW_FORMAT = Dynamic" to rainng_course, new schema id is 98
[1] 23:48:03,170 DEBUG SchemaChange - SQL_PARSE <- "DROP TABLE IF EXISTS `rc_department` /* generated by server */"
[1] 23:48:03,171 DEBUG SchemaChange - SQL_PARSE ->   (parse (statement (drop_table DROP TABLE (if_exists IF EXISTS) (table_name (name (id `rc_department`))))) <EOF>)
[1] 23:48:03,171 DEBUG SchemaChange - SQL_PARSE <- "CREATE TABLE `rc_department`  (
  `department_id` int(10) UNSIGNED NOT NULL AUTO_INCREMENT COMMENT '系Id',
  `department_name` varchar(32) CHARACTER SET utf8mb4 COLLATE utf8mb4_general_ci NOT NULL COMMENT '系名称',
  PRIMARY KEY (`department_id`) USING BTREE
) ENGINE = InnoDB AUTO_INCREMENT = 45 CHARACTER SET = utf8mb4 COLLATE = utf8mb4_general_ci ROW_FORMAT = Dynamic"
[1] 23:48:03,172 DEBUG SchemaChange - SQL_PARSE ->   (parse (statement (create_table (create_table_preamble CREATE TABLE (table_name (name (id `rc_department`)))) (create_specifications ( (create_specification (column_definition (name (id `department_id`)) (data_type (signed_type int (length ( 10 )) (int_flags UNSIGNED) (column_options (nullability NOT NULL)) (column_options AUTO_INCREMENT) (column_options COMMENT (string_literal '系Id')))))) , (create_specification (column_definition (name (id `department_name`)) (data_type (string_type varchar (length ( 32 )) (column_options (charset_def (character_set CHARACTER SET (charset_name utf8mb4)))) (column_options (collation COLLATE utf8mb4_general_ci)) (column_options (nullability NOT NULL)) (column_options COMMENT (string_literal '系名称')))))) , (create_specification (index_definition (index_type_pk PRIMARY KEY (index_column_list ( (index_columns (index_column (name (id `department_id`)))) )) (index_options (index_type USING BTREE))))) )) (table_creation_option (creation_engine ENGINE = (id InnoDB))) (table_creation_option (creation_auto_increment AUTO_INCREMENT = (integer 45))) (table_creation_option (creation_character_set CHARACTER SET = (charset_name utf8mb4))) (table_creation_option (creation_collation (default_collation (collation COLLATE = utf8mb4_general_ci)))) (table_creation_option (creation_row_format ROW_FORMAT = Dynamic)))) <EOF>)
[1] 23:48:03,175 INFO  AbstractSchemaStore - storing schema @Position[BinlogPosition[XCV-bin.000013:16126], lastHeartbeat=1662553171260] after applying "CREATE TABLE `rc_department`  (   `department_id` int(10) UNSIGNED NOT NULL AUTO_INCREMENT COMMENT '系Id',   `department_name` varchar(32) CHARACTER SET utf8mb4 COLLATE utf8mb4_general_ci NOT NULL COMMENT '系名称',   PRIMARY KEY (`department_id`) USING BTREE ) ENGINE = InnoDB AUTO_INCREMENT = 45 CHARACTER SET = utf8mb4 COLLATE = utf8mb4_general_ci ROW_FORMAT = Dynamic" to rainng_course, new schema id is 99
[1] 23:48:03,178 DEBUG SchemaChange - SQL_PARSE <- "DROP TABLE IF EXISTS `rc_major` /* generated by server */"
[1] 23:48:03,179 DEBUG SchemaChange - SQL_PARSE ->   (parse (statement (drop_table DROP TABLE (if_exists IF EXISTS) (table_name (name (id `rc_major`))))) <EOF>)
[1] 23:48:03,179 DEBUG SchemaChange - SQL_PARSE <- "CREATE TABLE `rc_major`  (
  `major_id` int(10) UNSIGNED NOT NULL AUTO_INCREMENT COMMENT '专业Id',
  `major_department_id` int(10) UNSIGNED NOT NULL COMMENT '系Id',
  `major_name` varchar(32) CHARACTER SET utf8mb4 COLLATE utf8mb4_general_ci NOT NULL COMMENT '专业名称',
  PRIMARY KEY (`major_id`) USING BTREE,
  INDEX `fk_major_department_id`(`major_department_id`) USING BTREE,
  INDEX `idx_major_name`(`major_name`) USING BTREE,
  CONSTRAINT `fk_major_department_id` FOREIGN KEY (`major_department_id`) REFERENCES `rc_department` (`department_id`) ON DELETE RESTRICT ON UPDATE RESTRICT
) ENGINE = InnoDB AUTO_INCREMENT = 46 CHARACTER SET = utf8mb4 COLLATE = utf8mb4_general_ci ROW_FORMAT = Dynamic"
[1] 23:48:03,179 DEBUG SchemaChange - SQL_PARSE ->   (parse (statement (create_table (create_table_preamble CREATE TABLE (table_name (name (id `rc_major`)))) (create_specifications ( (create_specification (column_definition (name (id `major_id`)) (data_type (signed_type int (length ( 10 )) (int_flags UNSIGNED) (column_options (nullability NOT NULL)) (column_options AUTO_INCREMENT) (column_options COMMENT (string_literal '专业Id')))))) , (create_specification (column_definition (name (id `major_department_id`)) (data_type (signed_type int (length ( 10 )) (int_flags UNSIGNED) (column_options (nullability NOT NULL)) (column_options COMMENT (string_literal '系Id')))))) , (create_specification (column_definition (name (id `major_name`)) (data_type (string_type varchar (length ( 32 )) (column_options (charset_def (character_set CHARACTER SET (charset_name utf8mb4)))) (column_options (collation COLLATE utf8mb4_general_ci)) (column_options (nullability NOT NULL)) (column_options COMMENT (string_literal '专业名称')))))) , (create_specification (index_definition (index_type_pk PRIMARY KEY (index_column_list ( (index_columns (index_column (name (id `major_id`)))) )) (index_options (index_type USING BTREE))))) , (create_specification (index_definition (index_type_1 (index_or_key INDEX) (index_name (name (id `fk_major_department_id`))) (index_column_list ( (index_columns (index_column (name (id `major_department_id`)))) )) (index_options (index_type USING BTREE))))) , (create_specification (index_definition (index_type_1 (index_or_key INDEX) (index_name (name (id `idx_major_name`))) (index_column_list ( (index_columns (index_column (name (id `major_name`)))) )) (index_options (index_type USING BTREE))))) , (create_specification (index_definition (index_type_5 (index_constraint CONSTRAINT (constraint_name (name (id `fk_major_department_id`)))) FOREIGN KEY (index_column_list ( (index_columns (index_column (name (id `major_department_id`)))) )) (reference_definition REFERENCES (table_name (name (id `rc_department`))) (index_column_list ( (index_columns (index_column (name (id `department_id`)))) )) (reference_definition_on_delete ON DELETE (reference_option RESTRICT)) (reference_definition_on_update ON UPDATE (reference_option RESTRICT)))))) )) (table_creation_option (creation_engine ENGINE = (id InnoDB))) (table_creation_option (creation_auto_increment AUTO_INCREMENT = (integer 46))) (table_creation_option (creation_character_set CHARACTER SET = (charset_name utf8mb4))) (table_creation_option (creation_collation (default_collation (collation COLLATE = utf8mb4_general_ci)))) (table_creation_option (creation_row_format ROW_FORMAT = Dynamic)))) <EOF>)
[1] 23:48:03,183 INFO  AbstractSchemaStore - storing schema @Position[BinlogPosition[XCV-bin.000013:30962], lastHeartbeat=1662553171260] after applying "CREATE TABLE `rc_major`  (   `major_id` int(10) UNSIGNED NOT NULL AUTO_INCREMENT COMMENT '专业Id',   `major_department_id` int(10) UNSIGNED NOT NULL COMMENT '系Id',   `major_name` varchar(32) CHARACTER SET utf8mb4 COLLATE utf8mb4_general_ci NOT NULL COMMENT '专业名称',   PRIMARY KEY (`major_id`) USING BTREE,   INDEX `fk_major_department_id`(`major_department_id`) USING BTREE,   INDEX `idx_major_name`(`major_name`) USING BTREE,   CONSTRAINT `fk_major_department_id` FOREIGN KEY (`major_department_id`) REFERENCES `rc_department` (`department_id`) ON DELETE RESTRICT ON UPDATE RESTRICT ) ENGINE = InnoDB AUTO_INCREMENT = 46 CHARACTER SET = utf8mb4 COLLATE = utf8mb4_general_ci ROW_FORMAT = Dynamic" to rainng_course, new schema id is 100
[1] 23:48:03,186 DEBUG SchemaChange - SQL_PARSE <- "DROP TABLE IF EXISTS `rc_student` /* generated by server */"
[1] 23:48:03,187 DEBUG SchemaChange - SQL_PARSE ->   (parse (statement (drop_table DROP TABLE (if_exists IF EXISTS) (table_name (name (id `rc_student`))))) <EOF>)
[1] 23:48:03,187 DEBUG SchemaChange - SQL_PARSE <- "CREATE TABLE `rc_student`  (
  `student_id` int(10) UNSIGNED NOT NULL AUTO_INCREMENT COMMENT '学生Id',
  `student_class_id` int(10) UNSIGNED NOT NULL COMMENT '班级Id',
  `student_number` char(12) CHARACTER SET utf8mb4 COLLATE utf8mb4_general_ci NOT NULL COMMENT '学号',
  `student_name` varchar(20) CHARACTER SET utf8mb4 COLLATE utf8mb4_general_ci NOT NULL COMMENT '姓名',
  `student_password` char(32) CHARACTER SET utf8mb4 COLLATE utf8mb4_general_ci NOT NULL COMMENT '密码',
  `student_email` varchar(64) CHARACTER SET utf8mb4 COLLATE utf8mb4_general_ci NULL DEFAULT NULL COMMENT '电子邮箱',
  `student_birthday` datetime(0) NULL DEFAULT NULL COMMENT '生日',
  `student_sex` tinyint(1) UNSIGNED NOT NULL COMMENT '性别',
  `student_last_login_time` datetime(0) NULL DEFAULT NULL COMMENT '最近登录时间',
  PRIMARY KEY (`student_id`) USING BTREE,
  INDEX `fk_student_class_id`(`student_class_id`) USING BTREE,
  UNIQUE INDEX `idx_student_number`(`student_number`) USING BTREE,
  INDEX `idx_student_name`(`student_name`) USING BTREE,
  CONSTRAINT `fk_student_class_id` FOREIGN KEY (`student_class_id`) REFERENCES `rc_class` (`class_id`) ON DELETE RESTRICT ON UPDATE RESTRICT
) ENGINE = InnoDB AUTO_INCREMENT = 29 CHARACTER SET = utf8mb4 COLLATE = utf8mb4_general_ci ROW_FORMAT = Dynamic"
[1] 23:48:03,188 DEBUG SchemaChange - SQL_PARSE ->   (parse (statement (create_table (create_table_preamble CREATE TABLE (table_name (name (id `rc_student`)))) (create_specifications ( (create_specification (column_definition (name (id `student_id`)) (data_type (signed_type int (length ( 10 )) (int_flags UNSIGNED) (column_options (nullability NOT NULL)) (column_options AUTO_INCREMENT) (column_options COMMENT (string_literal '学生Id')))))) , (create_specification (column_definition (name (id `student_class_id`)) (data_type (signed_type int (length ( 10 )) (int_flags UNSIGNED) (column_options (nullability NOT NULL)) (column_options COMMENT (string_literal '班级Id')))))) , (create_specification (column_definition (name (id `student_number`)) (data_type (string_type char (length ( 12 )) (column_options (charset_def (character_set CHARACTER SET (charset_name utf8mb4)))) (column_options (collation COLLATE utf8mb4_general_ci)) (column_options (nullability NOT NULL)) (column_options COMMENT (string_literal '学号')))))) , (create_specification (column_definition (name (id `student_name`)) (data_type (string_type varchar (length ( 20 )) (column_options (charset_def (character_set CHARACTER SET (charset_name utf8mb4)))) (column_options (collation COLLATE utf8mb4_general_ci)) (column_options (nullability NOT NULL)) (column_options COMMENT (string_literal '姓名')))))) , (create_specification (column_definition (name (id `student_password`)) (data_type (string_type char (length ( 32 )) (column_options (charset_def (character_set CHARACTER SET (charset_name utf8mb4)))) (column_options (collation COLLATE utf8mb4_general_ci)) (column_options (nullability NOT NULL)) (column_options COMMENT (string_literal '密码')))))) , (create_specification (column_definition (name (id `student_email`)) (data_type (string_type varchar (length ( 64 )) (column_options (charset_def (character_set CHARACTER SET (charset_name utf8mb4)))) (column_options (collation COLLATE utf8mb4_general_ci)) (column_options (nullability NULL)) (column_options (default_value DEFAULT (literal_with_weirdo_multistring NULL))) (column_options COMMENT (string_literal '电子邮箱')))))) , (create_specification (column_definition (name (id `student_birthday`)) (data_type (generic_type datetime (length ( 0 )) (column_options (nullability NULL)) (column_options (default_value DEFAULT (literal_with_weirdo_multistring NULL))) (column_options COMMENT (string_literal '生日')))))) , (create_specification (column_definition (name (id `student_sex`)) (data_type (signed_type tinyint (length ( 1 )) (int_flags UNSIGNED) (column_options (nullability NOT NULL)) (column_options COMMENT (string_literal '性别')))))) , (create_specification (column_definition (name (id `student_last_login_time`)) (data_type (generic_type datetime (length ( 0 )) (column_options (nullability NULL)) (column_options (default_value DEFAULT (literal_with_weirdo_multistring NULL))) (column_options COMMENT (string_literal '最近登录时间')))))) , (create_specification (index_definition (index_type_pk PRIMARY KEY (index_column_list ( (index_columns (index_column (name (id `student_id`)))) )) (index_options (index_type USING BTREE))))) , (create_specification (index_definition (index_type_1 (index_or_key INDEX) (index_name (name (id `fk_student_class_id`))) (index_column_list ( (index_columns (index_column (name (id `student_class_id`)))) )) (index_options (index_type USING BTREE))))) , (create_specification (index_definition (index_type_3 UNIQUE (index_or_key INDEX) (index_name (name (id `idx_student_number`))) (index_column_list ( (index_columns (index_column (name (id `student_number`)))) )) (index_options (index_type USING BTREE))))) , (create_specification (index_definition (index_type_1 (index_or_key INDEX) (index_name (name (id `idx_student_name`))) (index_column_list ( (index_columns (index_column (name (id `student_name`)))) )) (index_options (index_type USING BTREE))))) , (create_specification (index_definition (index_type_5 (index_constraint CONSTRAINT (constraint_name (name (id `fk_student_class_id`)))) FOREIGN KEY (index_column_list ( (index_columns (index_column (name (id `student_class_id`)))) )) (reference_definition REFERENCES (table_name (name (id `rc_class`))) (index_column_list ( (index_columns (index_column (name (id `class_id`)))) )) (reference_definition_on_delete ON DELETE (reference_option RESTRICT)) (reference_definition_on_update ON UPDATE (reference_option RESTRICT)))))) )) (table_creation_option (creation_engine ENGINE = (id InnoDB))) (table_creation_option (creation_auto_increment AUTO_INCREMENT = (integer 29))) (table_creation_option (creation_character_set CHARACTER SET = (charset_name utf8mb4))) (table_creation_option (creation_collation (default_collation (collation COLLATE = utf8mb4_general_ci)))) (table_creation_option (creation_row_format ROW_FORMAT = Dynamic)))) <EOF>)
[1] 23:48:03,191 INFO  AbstractSchemaStore - storing schema @Position[BinlogPosition[XCV-bin.000013:46684], lastHeartbeat=1662553171260] after applying "CREATE TABLE `rc_student`  (   `student_id` int(10) UNSIGNED NOT NULL AUTO_INCREMENT COMMENT '学生Id',   `student_class_id` int(10) UNSIGNED NOT NULL COMMENT '班级Id',   `student_number` char(12) CHARACTER SET utf8mb4 COLLATE utf8mb4_general_ci NOT NULL COMMENT '学号',   `student_name` varchar(20) CHARACTER SET utf8mb4 COLLATE utf8mb4_general_ci NOT NULL COMMENT '姓名',   `student_password` char(32) CHARACTER SET utf8mb4 COLLATE utf8mb4_general_ci NOT NULL COMMENT '密码',   `student_email` varchar(64) CHARACTER SET utf8mb4 COLLATE utf8mb4_general_ci NULL DEFAULT NULL COMMENT '电子邮箱',   `student_birthday` datetime(0) NULL DEFAULT NULL COMMENT '生日',   `student_sex` tinyint(1) UNSIGNED NOT NULL COMMENT '性别',   `student_last_login_time` datetime(0) NULL DEFAULT NULL COMMENT '最近登录时间',   PRIMARY KEY (`student_id`) USING BTREE,   INDEX `fk_student_class_id`(`student_class_id`) USING BTREE,   UNIQUE INDEX `idx_student_number`(`student_number`) USING BTREE,   INDEX `idx_student_name`(`student_name`) USING BTREE,   CONSTRAINT `fk_student_class_id` FOREIGN KEY (`student_class_id`) REFERENCES `rc_class` (`class_id`) ON DELETE RESTRICT ON UPDATE RESTRICT ) ENGINE = InnoDB AUTO_INCREMENT = 29 CHARACTER SET = utf8mb4 COLLATE = utf8mb4_general_ci ROW_FORMAT = Dynamic" to rainng_course, new schema id is 101
[1] 23:48:03,193 DEBUG SchemaChange - SQL_PARSE <- "DROP TABLE IF EXISTS `rc_student_course` /* generated by server */"
[1] 23:48:03,194 DEBUG SchemaChange - SQL_PARSE ->   (parse (statement (drop_table DROP TABLE (if_exists IF EXISTS) (table_name (name (id `rc_student_course`))))) <EOF>)
[1] 23:48:03,194 DEBUG SchemaChange - SQL_PARSE <- "CREATE TABLE `rc_student_course`  (
  `sc_id` int(10) UNSIGNED NOT NULL AUTO_INCREMENT COMMENT '选课Id',
  `sc_student_id` int(10) UNSIGNED NOT NULL COMMENT '学生Id',
  `sc_course_id` int(10) UNSIGNED NOT NULL COMMENT '课程Id',
  `sc_daily_score` int(10) UNSIGNED NULL DEFAULT NULL COMMENT '日常表现分',
  `sc_exam_score` int(10) UNSIGNED NULL DEFAULT NULL COMMENT '期末测试分',
  `sc_score` int(10) UNSIGNED NULL DEFAULT NULL COMMENT '总成绩',
  PRIMARY KEY (`sc_id`) USING BTREE,
  INDEX `fk_sc_course_id`(`sc_course_id`) USING BTREE,
  INDEX `fk_sc_student_id`(`sc_student_id`) USING BTREE,
  CONSTRAINT `fk_sc_course_id` FOREIGN KEY (`sc_course_id`) REFERENCES `rc_course` (`course_id`) ON DELETE RESTRICT ON UPDATE RESTRICT,
  CONSTRAINT `fk_sc_student_id` FOREIGN KEY (`sc_student_id`) REFERENCES `rc_student` (`student_id`) ON DELETE RESTRICT ON UPDATE RESTRICT
) ENGINE = InnoDB AUTO_INCREMENT = 20 CHARACTER SET = utf8mb4 COLLATE = utf8mb4_general_ci ROW_FORMAT = Dynamic"
[1] 23:48:03,195 DEBUG SchemaChange - SQL_PARSE ->   (parse (statement (create_table (create_table_preamble CREATE TABLE (table_name (name (id `rc_student_course`)))) (create_specifications ( (create_specification (column_definition (name (id `sc_id`)) (data_type (signed_type int (length ( 10 )) (int_flags UNSIGNED) (column_options (nullability NOT NULL)) (column_options AUTO_INCREMENT) (column_options COMMENT (string_literal '选课Id')))))) , (create_specification (column_definition (name (id `sc_student_id`)) (data_type (signed_type int (length ( 10 )) (int_flags UNSIGNED) (column_options (nullability NOT NULL)) (column_options COMMENT (string_literal '学生Id')))))) , (create_specification (column_definition (name (id `sc_course_id`)) (data_type (signed_type int (length ( 10 )) (int_flags UNSIGNED) (column_options (nullability NOT NULL)) (column_options COMMENT (string_literal '课程Id')))))) , (create_specification (column_definition (name (id `sc_daily_score`)) (data_type (signed_type int (length ( 10 )) (int_flags UNSIGNED) (column_options (nullability NULL)) (column_options (default_value DEFAULT (literal_with_weirdo_multistring NULL))) (column_options COMMENT (string_literal '日常表现分')))))) , (create_specification (column_definition (name (id `sc_exam_score`)) (data_type (signed_type int (length ( 10 )) (int_flags UNSIGNED) (column_options (nullability NULL)) (column_options (default_value DEFAULT (literal_with_weirdo_multistring NULL))) (column_options COMMENT (string_literal '期末测试分')))))) , (create_specification (column_definition (name (id `sc_score`)) (data_type (signed_type int (length ( 10 )) (int_flags UNSIGNED) (column_options (nullability NULL)) (column_options (default_value DEFAULT (literal_with_weirdo_multistring NULL))) (column_options COMMENT (string_literal '总成绩')))))) , (create_specification (index_definition (index_type_pk PRIMARY KEY (index_column_list ( (index_columns (index_column (name (id `sc_id`)))) )) (index_options (index_type USING BTREE))))) , (create_specification (index_definition (index_type_1 (index_or_key INDEX) (index_name (name (id `fk_sc_course_id`))) (index_column_list ( (index_columns (index_column (name (id `sc_course_id`)))) )) (index_options (index_type USING BTREE))))) , (create_specification (index_definition (index_type_1 (index_or_key INDEX) (index_name (name (id `fk_sc_student_id`))) (index_column_list ( (index_columns (index_column (name (id `sc_student_id`)))) )) (index_options (index_type USING BTREE))))) , (create_specification (index_definition (index_type_5 (index_constraint CONSTRAINT (constraint_name (name (id `fk_sc_course_id`)))) FOREIGN KEY (index_column_list ( (index_columns (index_column (name (id `sc_course_id`)))) )) (reference_definition REFERENCES (table_name (name (id `rc_course`))) (index_column_list ( (index_columns (index_column (name (id `course_id`)))) )) (reference_definition_on_delete ON DELETE (reference_option RESTRICT)) (reference_definition_on_update ON UPDATE (reference_option RESTRICT)))))) , (create_specification (index_definition (index_type_5 (index_constraint CONSTRAINT (constraint_name (name (id `fk_sc_student_id`)))) FOREIGN KEY (index_column_list ( (index_columns (index_column (name (id `sc_student_id`)))) )) (reference_definition REFERENCES (table_name (name (id `rc_student`))) (index_column_list ( (index_columns (index_column (name (id `student_id`)))) )) (reference_definition_on_delete ON DELETE (reference_option RESTRICT)) (reference_definition_on_update ON UPDATE (reference_option RESTRICT)))))) )) (table_creation_option (creation_engine ENGINE = (id InnoDB))) (table_creation_option (creation_auto_increment AUTO_INCREMENT = (integer 20))) (table_creation_option (creation_character_set CHARACTER SET = (charset_name utf8mb4))) (table_creation_option (creation_collation (default_collation (collation COLLATE = utf8mb4_general_ci)))) (table_creation_option (creation_row_format ROW_FORMAT = Dynamic)))) <EOF>)
[1] 23:48:03,198 INFO  AbstractSchemaStore - storing schema @Position[BinlogPosition[XCV-bin.000013:59227], lastHeartbeat=1662553171260] after applying "CREATE TABLE `rc_student_course`  (   `sc_id` int(10) UNSIGNED NOT NULL AUTO_INCREMENT COMMENT '选课Id',   `sc_student_id` int(10) UNSIGNED NOT NULL COMMENT '学生Id',   `sc_course_id` int(10) UNSIGNED NOT NULL COMMENT '课程Id',   `sc_daily_score` int(10) UNSIGNED NULL DEFAULT NULL COMMENT '日常表现分',   `sc_exam_score` int(10) UNSIGNED NULL DEFAULT NULL COMMENT '期末测试分',   `sc_score` int(10) UNSIGNED NULL DEFAULT NULL COMMENT '总成绩',   PRIMARY KEY (`sc_id`) USING BTREE,   INDEX `fk_sc_course_id`(`sc_course_id`) USING BTREE,   INDEX `fk_sc_student_id`(`sc_student_id`) USING BTREE,   CONSTRAINT `fk_sc_course_id` FOREIGN KEY (`sc_course_id`) REFERENCES `rc_course` (`course_id`) ON DELETE RESTRICT ON UPDATE RESTRICT,   CONSTRAINT `fk_sc_student_id` FOREIGN KEY (`sc_student_id`) REFERENCES `rc_student` (`student_id`) ON DELETE RESTRICT ON UPDATE RESTRICT ) ENGINE = InnoDB AUTO_INCREMENT = 20 CHARACTER SET = utf8mb4 COLLATE = utf8mb4_general_ci ROW_FORMAT = Dynamic" to rainng_course, new schema id is 102
[1] 23:48:03,199 DEBUG SchemaChange - SQL_PARSE <- "DROP TABLE IF EXISTS `rc_teacher` /* generated by server */"
[1] 23:48:03,199 DEBUG SchemaChange - SQL_PARSE ->   (parse (statement (drop_table DROP TABLE (if_exists IF EXISTS) (table_name (name (id `rc_teacher`))))) <EOF>)
[1] 23:48:03,199 DEBUG SchemaChange - SQL_PARSE <- "CREATE TABLE `rc_teacher`  (
  `teacher_id` int(10) UNSIGNED NOT NULL AUTO_INCREMENT COMMENT '教师Id',
  `teacher_department_id` int(10) UNSIGNED NOT NULL COMMENT '系Id',
  `teacher_number` char(12) CHARACTER SET utf8mb4 COLLATE utf8mb4_general_ci NOT NULL COMMENT '工号',
  `teacher_name` varchar(20) CHARACTER SET utf8mb4 COLLATE utf8mb4_general_ci NOT NULL COMMENT '教师姓名',
  `teacher_password` char(32) CHARACTER SET utf8mb4 COLLATE utf8mb4_general_ci NOT NULL COMMENT '密码',
  PRIMARY KEY (`teacher_id`) USING BTREE,
  INDEX `fk_teacher_department_id`(`teacher_department_id`) USING BTREE,
  UNIQUE INDEX `idx_teacher_number`(`teacher_number`) USING BTREE,
  CONSTRAINT `fk_teacher_department_id` FOREIGN KEY (`teacher_department_id`) REFERENCES `rc_department` (`department_id`) ON DELETE RESTRICT ON UPDATE RESTRICT
) ENGINE = InnoDB AUTO_INCREMENT = 10 CHARACTER SET = utf8mb4 COLLATE = utf8mb4_general_ci ROW_FORMAT = Dynamic"
[1] 23:48:03,200 DEBUG SchemaChange - SQL_PARSE ->   (parse (statement (create_table (create_table_preamble CREATE TABLE (table_name (name (id `rc_teacher`)))) (create_specifications ( (create_specification (column_definition (name (id `teacher_id`)) (data_type (signed_type int (length ( 10 )) (int_flags UNSIGNED) (column_options (nullability NOT NULL)) (column_options AUTO_INCREMENT) (column_options COMMENT (string_literal '教师Id')))))) , (create_specification (column_definition (name (id `teacher_department_id`)) (data_type (signed_type int (length ( 10 )) (int_flags UNSIGNED) (column_options (nullability NOT NULL)) (column_options COMMENT (string_literal '系Id')))))) , (create_specification (column_definition (name (id `teacher_number`)) (data_type (string_type char (length ( 12 )) (column_options (charset_def (character_set CHARACTER SET (charset_name utf8mb4)))) (column_options (collation COLLATE utf8mb4_general_ci)) (column_options (nullability NOT NULL)) (column_options COMMENT (string_literal '工号')))))) , (create_specification (column_definition (name (id `teacher_name`)) (data_type (string_type varchar (length ( 20 )) (column_options (charset_def (character_set CHARACTER SET (charset_name utf8mb4)))) (column_options (collation COLLATE utf8mb4_general_ci)) (column_options (nullability NOT NULL)) (column_options COMMENT (string_literal '教师姓名')))))) , (create_specification (column_definition (name (id `teacher_password`)) (data_type (string_type char (length ( 32 )) (column_options (charset_def (character_set CHARACTER SET (charset_name utf8mb4)))) (column_options (collation COLLATE utf8mb4_general_ci)) (column_options (nullability NOT NULL)) (column_options COMMENT (string_literal '密码')))))) , (create_specification (index_definition (index_type_pk PRIMARY KEY (index_column_list ( (index_columns (index_column (name (id `teacher_id`)))) )) (index_options (index_type USING BTREE))))) , (create_specification (index_definition (index_type_1 (index_or_key INDEX) (index_name (name (id `fk_teacher_department_id`))) (index_column_list ( (index_columns (index_column (name (id `teacher_department_id`)))) )) (index_options (index_type USING BTREE))))) , (create_specification (index_definition (index_type_3 UNIQUE (index_or_key INDEX) (index_name (name (id `idx_teacher_number`))) (index_column_list ( (index_columns (index_column (name (id `teacher_number`)))) )) (index_options (index_type USING BTREE))))) , (create_specification (index_definition (index_type_5 (index_constraint CONSTRAINT (constraint_name (name (id `fk_teacher_department_id`)))) FOREIGN KEY (index_column_list ( (index_columns (index_column (name (id `teacher_department_id`)))) )) (reference_definition REFERENCES (table_name (name (id `rc_department`))) (index_column_list ( (index_columns (index_column (name (id `department_id`)))) )) (reference_definition_on_delete ON DELETE (reference_option RESTRICT)) (reference_definition_on_update ON UPDATE (reference_option RESTRICT)))))) )) (table_creation_option (creation_engine ENGINE = (id InnoDB))) (table_creation_option (creation_auto_increment AUTO_INCREMENT = (integer 10))) (table_creation_option (creation_character_set CHARACTER SET = (charset_name utf8mb4))) (table_creation_option (creation_collation (default_collation (collation COLLATE = utf8mb4_general_ci)))) (table_creation_option (creation_row_format ROW_FORMAT = Dynamic)))) <EOF>)
[1] 23:48:03,203 INFO  AbstractSchemaStore - storing schema @Position[BinlogPosition[XCV-bin.000013:66715], lastHeartbeat=1662553171260] after applying "CREATE TABLE `rc_teacher`  (   `teacher_id` int(10) UNSIGNED NOT NULL AUTO_INCREMENT COMMENT '教师Id',   `teacher_department_id` int(10) UNSIGNED NOT NULL COMMENT '系Id',   `teacher_number` char(12) CHARACTER SET utf8mb4 COLLATE utf8mb4_general_ci NOT NULL COMMENT '工号',   `teacher_name` varchar(20) CHARACTER SET utf8mb4 COLLATE utf8mb4_general_ci NOT NULL COMMENT '教师姓名',   `teacher_password` char(32) CHARACTER SET utf8mb4 COLLATE utf8mb4_general_ci NOT NULL COMMENT '密码',   PRIMARY KEY (`teacher_id`) USING BTREE,   INDEX `fk_teacher_department_id`(`teacher_department_id`) USING BTREE,   UNIQUE INDEX `idx_teacher_number`(`teacher_number`) USING BTREE,   CONSTRAINT `fk_teacher_department_id` FOREIGN KEY (`teacher_department_id`) REFERENCES `rc_department` (`department_id`) ON DELETE RESTRICT ON UPDATE RESTRICT ) ENGINE = InnoDB AUTO_INCREMENT = 10 CHARACTER SET = utf8mb4 COLLATE = utf8mb4_general_ci ROW_FORMAT = Dynamic" to rainng_course, new schema id is 103
[1] 23:48:03,204 DEBUG SchemaChange - SQL_PARSE <- "CREATE SCHEMA `blog` DEFAULT CHARACTER SET utf8mb4"
[1] 23:48:03,205 DEBUG SchemaChange - SQL_PARSE ->   (parse (statement (create_database CREATE SCHEMA (name (id `blog`)) (create_option (default_character_set DEFAULT (charset_token CHARACTER SET) (charset_name utf8mb4))))) <EOF>)
[1] 23:48:03,208 INFO  AbstractSchemaStore - storing schema @Position[BinlogPosition[XCV-bin.000013:72034], lastHeartbeat=1662553171260] after applying "CREATE SCHEMA `blog` DEFAULT CHARACTER SET utf8mb4" to blog, new schema id is 104
[1] 23:48:03,208 DEBUG SchemaChange - SQL_PARSE <- "DROP TABLE IF EXISTS `tb_article` /* generated by server */"
[1] 23:48:03,208 DEBUG SchemaChange - SQL_PARSE ->   (parse (statement (drop_table DROP TABLE (if_exists IF EXISTS) (table_name (name (id `tb_article`))))) <EOF>)
[1] 23:48:03,208 DEBUG SchemaChange - SQL_PARSE <- "CREATE TABLE `tb_article`  (
  `id` int NOT NULL AUTO_INCREMENT,
  `user_id` int NOT NULL COMMENT '作者',
  `category_id` int NULL DEFAULT NULL COMMENT '文章分类',
  `article_cover` varchar(1024) CHARACTER SET utf8mb4 COLLATE utf8mb4_0900_ai_ci NULL DEFAULT NULL COMMENT '文章缩略图',
  `article_title` varchar(50) CHARACTER SET utf8mb4 COLLATE utf8mb4_0900_ai_ci NOT NULL COMMENT '标题',
  `article_content` longtext CHARACTER SET utf8mb4 COLLATE utf8mb4_0900_ai_ci NOT NULL COMMENT '内容',
  `type` tinyint(1) NOT NULL DEFAULT 0 COMMENT '文章类型 1原创 2转载 3翻译',
  `original_url` varchar(255) CHARACTER SET utf8mb4 COLLATE utf8mb4_0900_ai_ci NULL DEFAULT NULL COMMENT '原文链接',
  `is_top` tinyint(1) NOT NULL DEFAULT 0 COMMENT '是否置顶 0否 1是',
  `is_delete` tinyint(1) NOT NULL DEFAULT 0 COMMENT '是否删除  0否 1是',
  `status` tinyint(1) NOT NULL DEFAULT 1 COMMENT '状态值 1公开 2私密 3评论可见',
  `create_time` datetime NOT NULL COMMENT '发表时间',
  `update_time` datetime NULL DEFAULT NULL COMMENT '更新时间',
  PRIMARY KEY (`id`) USING BTREE
) ENGINE = InnoDB AUTO_INCREMENT = 55 CHARACTER SET = utf8mb4 COLLATE = utf8mb4_0900_ai_ci ROW_FORMAT = DYNAMIC"
[1] 23:48:03,209 DEBUG SchemaChange - SQL_PARSE ->   (parse (statement (create_table (create_table_preamble CREATE TABLE (table_name (name (id `tb_article`)))) (create_specifications ( (create_specification (column_definition (name (id `id`)) (data_type (signed_type int (column_options (nullability NOT NULL)) (column_options AUTO_INCREMENT))))) , (create_specification (column_definition (name (id `user_id`)) (data_type (signed_type int (column_options (nullability NOT NULL)) (column_options COMMENT (string_literal '作者')))))) , (create_specification (column_definition (name (id `category_id`)) (data_type (signed_type int (column_options (nullability NULL)) (column_options (default_value DEFAULT (literal_with_weirdo_multistring NULL))) (column_options COMMENT (string_literal '文章分类')))))) , (create_specification (column_definition (name (id `article_cover`)) (data_type (string_type varchar (length ( 1024 )) (column_options (charset_def (character_set CHARACTER SET (charset_name utf8mb4)))) (column_options (collation COLLATE utf8mb4_0900_ai_ci)) (column_options (nullability NULL)) (column_options (default_value DEFAULT (literal_with_weirdo_multistring NULL))) (column_options COMMENT (string_literal '文章缩略图')))))) , (create_specification (column_definition (name (id `article_title`)) (data_type (string_type varchar (length ( 50 )) (column_options (charset_def (character_set CHARACTER SET (charset_name utf8mb4)))) (column_options (collation COLLATE utf8mb4_0900_ai_ci)) (column_options (nullability NOT NULL)) (column_options COMMENT (string_literal '标题')))))) , (create_specification (column_definition (name (id `article_content`)) (data_type (string_type longtext (column_options (charset_def (character_set CHARACTER SET (charset_name utf8mb4)))) (column_options (collation COLLATE utf8mb4_0900_ai_ci)) (column_options (nullability NOT NULL)) (column_options COMMENT (string_literal '内容')))))) , (create_specification (column_definition (name (id `type`)) (data_type (signed_type tinyint (length ( 1 )) (column_options (nullability NOT NULL)) (column_options (default_value DEFAULT (literal_with_weirdo_multistring (integer_literal 0)))) (column_options COMMENT (string_literal '文章类型 1原创 2转载 3翻译')))))) , (create_specification (column_definition (name (id `original_url`)) (data_type (string_type varchar (length ( 255 )) (column_options (charset_def (character_set CHARACTER SET (charset_name utf8mb4)))) (column_options (collation COLLATE utf8mb4_0900_ai_ci)) (column_options (nullability NULL)) (column_options (default_value DEFAULT (literal_with_weirdo_multistring NULL))) (column_options COMMENT (string_literal '原文链接')))))) , (create_specification (column_definition (name (id `is_top`)) (data_type (signed_type tinyint (length ( 1 )) (column_options (nullability NOT NULL)) (column_options (default_value DEFAULT (literal_with_weirdo_multistring (integer_literal 0)))) (column_options COMMENT (string_literal '是否置顶 0否 1是')))))) , (create_specification (column_definition (name (id `is_delete`)) (data_type (signed_type tinyint (length ( 1 )) (column_options (nullability NOT NULL)) (column_options (default_value DEFAULT (literal_with_weirdo_multistring (integer_literal 0)))) (column_options COMMENT (string_literal '是否删除  0否 1是')))))) , (create_specification (column_definition (name (id `status`)) (data_type (signed_type tinyint (length ( 1 )) (column_options (nullability NOT NULL)) (column_options (default_value DEFAULT (literal_with_weirdo_multistring (integer_literal 1)))) (column_options COMMENT (string_literal '状态值 1公开 2私密 3评论可见')))))) , (create_specification (column_definition (name (id `create_time`)) (data_type (generic_type datetime (column_options (nullability NOT NULL)) (column_options COMMENT (string_literal '发表时间')))))) , (create_specification (column_definition (name (id `update_time`)) (data_type (generic_type datetime (column_options (nullability NULL)) (column_options (default_value DEFAULT (literal_with_weirdo_multistring NULL))) (column_options COMMENT (string_literal '更新时间')))))) , (create_specification (index_definition (index_type_pk PRIMARY KEY (index_column_list ( (index_columns (index_column (name (id `id`)))) )) (index_options (index_type USING BTREE))))) )) (table_creation_option (creation_engine ENGINE = (id InnoDB))) (table_creation_option (creation_auto_increment AUTO_INCREMENT = (integer 55))) (table_creation_option (creation_character_set CHARACTER SET = (charset_name utf8mb4))) (table_creation_option (creation_collation (default_collation (collation COLLATE = utf8mb4_0900_ai_ci)))) (table_creation_option (creation_row_format ROW_FORMAT = DYNAMIC)))) <EOF>)
[1] 23:48:03,213 INFO  AbstractSchemaStore - storing schema @Position[BinlogPosition[XCV-bin.000013:72464], lastHeartbeat=1662553171260] after applying "CREATE TABLE `tb_article`  (   `id` int NOT NULL AUTO_INCREMENT,   `user_id` int NOT NULL COMMENT '作者',   `category_id` int NULL DEFAULT NULL COMMENT '文章分类',   `article_cover` varchar(1024) CHARACTER SET utf8mb4 COLLATE utf8mb4_0900_ai_ci NULL DEFAULT NULL COMMENT '文章缩略图',   `article_title` varchar(50) CHARACTER SET utf8mb4 COLLATE utf8mb4_0900_ai_ci NOT NULL COMMENT '标题',   `article_content` longtext CHARACTER SET utf8mb4 COLLATE utf8mb4_0900_ai_ci NOT NULL COMMENT '内容',   `type` tinyint(1) NOT NULL DEFAULT 0 COMMENT '文章类型 1原创 2转载 3翻译',   `original_url` varchar(255) CHARACTER SET utf8mb4 COLLATE utf8mb4_0900_ai_ci NULL DEFAULT NULL COMMENT '原文链接',   `is_top` tinyint(1) NOT NULL DEFAULT 0 COMMENT '是否置顶 0否 1是',   `is_delete` tinyint(1) NOT NULL DEFAULT 0 COMMENT '是否删除  0否 1是',   `status` tinyint(1) NOT NULL DEFAULT 1 COMMENT '状态值 1公开 2私密 3评论可见',   `create_time` datetime NOT NULL COMMENT '发表时间',   `update_time` datetime NULL DEFAULT NULL COMMENT '更新时间',   PRIMARY KEY (`id`) USING BTREE ) ENGINE = InnoDB AUTO_INCREMENT = 55 CHARACTER SET = utf8mb4 COLLATE = utf8mb4_0900_ai_ci ROW_FORMAT = DYNAMIC" to blog, new schema id is 105
[1] 23:48:03,213 DEBUG SchemaChange - SQL_PARSE <- "DROP TABLE IF EXISTS `tb_article_tag` /* generated by server */"
[1] 23:48:03,213 DEBUG SchemaChange - SQL_PARSE ->   (parse (statement (drop_table DROP TABLE (if_exists IF EXISTS) (table_name (name (id `tb_article_tag`))))) <EOF>)
[1] 23:48:03,213 DEBUG SchemaChange - SQL_PARSE <- "CREATE TABLE `tb_article_tag`  (
  `id` int NOT NULL AUTO_INCREMENT,
  `article_id` int NOT NULL COMMENT '文章id',
  `tag_id` int NOT NULL COMMENT '标签id',
  PRIMARY KEY (`id`) USING BTREE,
  INDEX `fk_article_tag_1`(`article_id`) USING BTREE,
  INDEX `fk_article_tag_2`(`tag_id`) USING BTREE
) ENGINE = InnoDB AUTO_INCREMENT = 857 CHARACTER SET = utf8mb4 COLLATE = utf8mb4_0900_ai_ci ROW_FORMAT = DYNAMIC"
[1] 23:48:03,214 DEBUG SchemaChange - SQL_PARSE ->   (parse (statement (create_table (create_table_preamble CREATE TABLE (table_name (name (id `tb_article_tag`)))) (create_specifications ( (create_specification (column_definition (name (id `id`)) (data_type (signed_type int (column_options (nullability NOT NULL)) (column_options AUTO_INCREMENT))))) , (create_specification (column_definition (name (id `article_id`)) (data_type (signed_type int (column_options (nullability NOT NULL)) (column_options COMMENT (string_literal '文章id')))))) , (create_specification (column_definition (name (id `tag_id`)) (data_type (signed_type int (column_options (nullability NOT NULL)) (column_options COMMENT (string_literal '标签id')))))) , (create_specification (index_definition (index_type_pk PRIMARY KEY (index_column_list ( (index_columns (index_column (name (id `id`)))) )) (index_options (index_type USING BTREE))))) , (create_specification (index_definition (index_type_1 (index_or_key INDEX) (index_name (name (id `fk_article_tag_1`))) (index_column_list ( (index_columns (index_column (name (id `article_id`)))) )) (index_options (index_type USING BTREE))))) , (create_specification (index_definition (index_type_1 (index_or_key INDEX) (index_name (name (id `fk_article_tag_2`))) (index_column_list ( (index_columns (index_column (name (id `tag_id`)))) )) (index_options (index_type USING BTREE))))) )) (table_creation_option (creation_engine ENGINE = (id InnoDB))) (table_creation_option (creation_auto_increment AUTO_INCREMENT = (integer 857))) (table_creation_option (creation_character_set CHARACTER SET = (charset_name utf8mb4))) (table_creation_option (creation_collation (default_collation (collation COLLATE = utf8mb4_0900_ai_ci)))) (table_creation_option (creation_row_format ROW_FORMAT = DYNAMIC)))) <EOF>)
[1] 23:48:03,218 INFO  AbstractSchemaStore - storing schema @Position[BinlogPosition[XCV-bin.000013:74565], lastHeartbeat=1662553171260] after applying "CREATE TABLE `tb_article_tag`  (   `id` int NOT NULL AUTO_INCREMENT,   `article_id` int NOT NULL COMMENT '文章id',   `tag_id` int NOT NULL COMMENT '标签id',   PRIMARY KEY (`id`) USING BTREE,   INDEX `fk_article_tag_1`(`article_id`) USING BTREE,   INDEX `fk_article_tag_2`(`tag_id`) USING BTREE ) ENGINE = InnoDB AUTO_INCREMENT = 857 CHARACTER SET = utf8mb4 COLLATE = utf8mb4_0900_ai_ci ROW_FORMAT = DYNAMIC" to blog, new schema id is 106
[1] 23:48:03,218 DEBUG SchemaChange - SQL_PARSE <- "DROP TABLE IF EXISTS `tb_category` /* generated by server */"
[1] 23:48:03,219 DEBUG SchemaChange - SQL_PARSE ->   (parse (statement (drop_table DROP TABLE (if_exists IF EXISTS) (table_name (name (id `tb_category`))))) <EOF>)
[1] 23:48:03,219 DEBUG SchemaChange - SQL_PARSE <- "CREATE TABLE `tb_category`  (
  `id` int NOT NULL AUTO_INCREMENT,
  `category_name` varchar(20) CHARACTER SET utf8mb4 COLLATE utf8mb4_0900_ai_ci NOT NULL COMMENT '分类名',
  `create_time` datetime NOT NULL COMMENT '创建时间',
  `update_time` datetime NULL DEFAULT NULL COMMENT '更新时间',
  PRIMARY KEY (`id`) USING BTREE
) ENGINE = InnoDB AUTO_INCREMENT = 187 CHARACTER SET = utf8mb4 COLLATE = utf8mb4_0900_ai_ci ROW_FORMAT = DYNAMIC"
[1] 23:48:03,219 DEBUG SchemaChange - SQL_PARSE ->   (parse (statement (create_table (create_table_preamble CREATE TABLE (table_name (name (id `tb_category`)))) (create_specifications ( (create_specification (column_definition (name (id `id`)) (data_type (signed_type int (column_options (nullability NOT NULL)) (column_options AUTO_INCREMENT))))) , (create_specification (column_definition (name (id `category_name`)) (data_type (string_type varchar (length ( 20 )) (column_options (charset_def (character_set CHARACTER SET (charset_name utf8mb4)))) (column_options (collation COLLATE utf8mb4_0900_ai_ci)) (column_options (nullability NOT NULL)) (column_options COMMENT (string_literal '分类名')))))) , (create_specification (column_definition (name (id `create_time`)) (data_type (generic_type datetime (column_options (nullability NOT NULL)) (column_options COMMENT (string_literal '创建时间')))))) , (create_specification (column_definition (name (id `update_time`)) (data_type (generic_type datetime (column_options (nullability NULL)) (column_options (default_value DEFAULT (literal_with_weirdo_multistring NULL))) (column_options COMMENT (string_literal '更新时间')))))) , (create_specification (index_definition (index_type_pk PRIMARY KEY (index_column_list ( (index_columns (index_column (name (id `id`)))) )) (index_options (index_type USING BTREE))))) )) (table_creation_option (creation_engine ENGINE = (id InnoDB))) (table_creation_option (creation_auto_increment AUTO_INCREMENT = (integer 187))) (table_creation_option (creation_character_set CHARACTER SET = (charset_name utf8mb4))) (table_creation_option (creation_collation (default_collation (collation COLLATE = utf8mb4_0900_ai_ci)))) (table_creation_option (creation_row_format ROW_FORMAT = DYNAMIC)))) <EOF>)
[1] 23:48:03,223 INFO  AbstractSchemaStore - storing schema @Position[BinlogPosition[XCV-bin.000013:75651], lastHeartbeat=1662553171260] after applying "CREATE TABLE `tb_category`  (   `id` int NOT NULL AUTO_INCREMENT,   `category_name` varchar(20) CHARACTER SET utf8mb4 COLLATE utf8mb4_0900_ai_ci NOT NULL COMMENT '分类名',   `create_time` datetime NOT NULL COMMENT '创建时间',   `update_time` datetime NULL DEFAULT NULL COMMENT '更新时间',   PRIMARY KEY (`id`) USING BTREE ) ENGINE = InnoDB AUTO_INCREMENT = 187 CHARACTER SET = utf8mb4 COLLATE = utf8mb4_0900_ai_ci ROW_FORMAT = DYNAMIC" to blog, new schema id is 107
[1] 23:48:03,223 DEBUG SchemaChange - SQL_PARSE <- "DROP TABLE IF EXISTS `tb_chat_record` /* generated by server */"
[1] 23:48:03,223 DEBUG SchemaChange - SQL_PARSE ->   (parse (statement (drop_table DROP TABLE (if_exists IF EXISTS) (table_name (name (id `tb_chat_record`))))) <EOF>)
[1] 23:48:03,223 DEBUG SchemaChange - SQL_PARSE <- "CREATE TABLE `tb_chat_record`  (
  `id` int NOT NULL AUTO_INCREMENT COMMENT '主键',
  `user_id` int NULL DEFAULT NULL COMMENT '用户id',
  `nickname` varchar(50) CHARACTER SET utf8mb4 COLLATE utf8mb4_0900_ai_ci NOT NULL COMMENT '昵称',
  `avatar` varchar(255) CHARACTER SET utf8mb4 COLLATE utf8mb4_0900_ai_ci NOT NULL COMMENT '头像',
  `content` varchar(1000) CHARACTER SET utf8mb4 COLLATE utf8mb4_0900_ai_ci NOT NULL COMMENT '聊天内容',
  `ip_address` varchar(50) CHARACTER SET utf8mb4 COLLATE utf8mb4_0900_ai_ci NOT NULL COMMENT 'ip地址',
  `ip_source` varchar(255) CHARACTER SET utf8mb4 COLLATE utf8mb4_0900_ai_ci NOT NULL COMMENT 'ip来源',
  `type` tinyint NOT NULL COMMENT '类型',
  `create_time` datetime NOT NULL COMMENT '创建时间',
  `update_time` datetime NULL DEFAULT NULL COMMENT '更新时间',
  PRIMARY KEY (`id`) USING BTREE
) ENGINE = InnoDB AUTO_INCREMENT = 2990 CHARACTER SET = utf8mb4 COLLATE = utf8mb4_0900_ai_ci ROW_FORMAT = DYNAMIC"
[1] 23:48:03,225 DEBUG SchemaChange - SQL_PARSE ->   (parse (statement (create_table (create_table_preamble CREATE TABLE (table_name (name (id `tb_chat_record`)))) (create_specifications ( (create_specification (column_definition (name (id `id`)) (data_type (signed_type int (column_options (nullability NOT NULL)) (column_options AUTO_INCREMENT) (column_options COMMENT (string_literal '主键')))))) , (create_specification (column_definition (name (id `user_id`)) (data_type (signed_type int (column_options (nullability NULL)) (column_options (default_value DEFAULT (literal_with_weirdo_multistring NULL))) (column_options COMMENT (string_literal '用户id')))))) , (create_specification (column_definition (name (id `nickname`)) (data_type (string_type varchar (length ( 50 )) (column_options (charset_def (character_set CHARACTER SET (charset_name utf8mb4)))) (column_options (collation COLLATE utf8mb4_0900_ai_ci)) (column_options (nullability NOT NULL)) (column_options COMMENT (string_literal '昵称')))))) , (create_specification (column_definition (name (id `avatar`)) (data_type (string_type varchar (length ( 255 )) (column_options (charset_def (character_set CHARACTER SET (charset_name utf8mb4)))) (column_options (collation COLLATE utf8mb4_0900_ai_ci)) (column_options (nullability NOT NULL)) (column_options COMMENT (string_literal '头像')))))) , (create_specification (column_definition (name (id `content`)) (data_type (string_type varchar (length ( 1000 )) (column_options (charset_def (character_set CHARACTER SET (charset_name utf8mb4)))) (column_options (collation COLLATE utf8mb4_0900_ai_ci)) (column_options (nullability NOT NULL)) (column_options COMMENT (string_literal '聊天内容')))))) , (create_specification (column_definition (name (id `ip_address`)) (data_type (string_type varchar (length ( 50 )) (column_options (charset_def (character_set CHARACTER SET (charset_name utf8mb4)))) (column_options (collation COLLATE utf8mb4_0900_ai_ci)) (column_options (nullability NOT NULL)) (column_options COMMENT (string_literal 'ip地址')))))) , (create_specification (column_definition (name (id `ip_source`)) (data_type (string_type varchar (length ( 255 )) (column_options (charset_def (character_set CHARACTER SET (charset_name utf8mb4)))) (column_options (collation COLLATE utf8mb4_0900_ai_ci)) (column_options (nullability NOT NULL)) (column_options COMMENT (string_literal 'ip来源')))))) , (create_specification (column_definition (name (id `type`)) (data_type (signed_type tinyint (column_options (nullability NOT NULL)) (column_options COMMENT (string_literal '类型')))))) , (create_specification (column_definition (name (id `create_time`)) (data_type (generic_type datetime (column_options (nullability NOT NULL)) (column_options COMMENT (string_literal '创建时间')))))) , (create_specification (column_definition (name (id `update_time`)) (data_type (generic_type datetime (column_options (nullability NULL)) (column_options (default_value DEFAULT (literal_with_weirdo_multistring NULL))) (column_options COMMENT (string_literal '更新时间')))))) , (create_specification (index_definition (index_type_pk PRIMARY KEY (index_column_list ( (index_columns (index_column (name (id `id`)))) )) (index_options (index_type USING BTREE))))) )) (table_creation_option (creation_engine ENGINE = (id InnoDB))) (table_creation_option (creation_auto_increment AUTO_INCREMENT = (integer 2990))) (table_creation_option (creation_character_set CHARACTER SET = (charset_name utf8mb4))) (table_creation_option (creation_collation (default_collation (collation COLLATE = utf8mb4_0900_ai_ci)))) (table_creation_option (creation_row_format ROW_FORMAT = DYNAMIC)))) <EOF>)
[1] 23:48:03,228 INFO  AbstractSchemaStore - storing schema @Position[BinlogPosition[XCV-bin.000013:76800], lastHeartbeat=1662553171260] after applying "CREATE TABLE `tb_chat_record`  (   `id` int NOT NULL AUTO_INCREMENT COMMENT '主键',   `user_id` int NULL DEFAULT NULL COMMENT '用户id',   `nickname` varchar(50) CHARACTER SET utf8mb4 COLLATE utf8mb4_0900_ai_ci NOT NULL COMMENT '昵称',   `avatar` varchar(255) CHARACTER SET utf8mb4 COLLATE utf8mb4_0900_ai_ci NOT NULL COMMENT '头像',   `content` varchar(1000) CHARACTER SET utf8mb4 COLLATE utf8mb4_0900_ai_ci NOT NULL COMMENT '聊天内容',   `ip_address` varchar(50) CHARACTER SET utf8mb4 COLLATE utf8mb4_0900_ai_ci NOT NULL COMMENT 'ip地址',   `ip_source` varchar(255) CHARACTER SET utf8mb4 COLLATE utf8mb4_0900_ai_ci NOT NULL COMMENT 'ip来源',   `type` tinyint NOT NULL COMMENT '类型',   `create_time` datetime NOT NULL COMMENT '创建时间',   `update_time` datetime NULL DEFAULT NULL COMMENT '更新时间',   PRIMARY KEY (`id`) USING BTREE ) ENGINE = InnoDB AUTO_INCREMENT = 2990 CHARACTER SET = utf8mb4 COLLATE = utf8mb4_0900_ai_ci ROW_FORMAT = DYNAMIC" to blog, new schema id is 108
[1] 23:48:03,228 DEBUG SchemaChange - SQL_PARSE <- "DROP TABLE IF EXISTS `tb_comment` /* generated by server */"
[1] 23:48:03,229 DEBUG SchemaChange - SQL_PARSE ->   (parse (statement (drop_table DROP TABLE (if_exists IF EXISTS) (table_name (name (id `tb_comment`))))) <EOF>)
[1] 23:48:03,229 DEBUG SchemaChange - SQL_PARSE <- "CREATE TABLE `tb_comment`  (
  `id` int NOT NULL AUTO_INCREMENT COMMENT '主键',
  `user_id` int NOT NULL COMMENT '评论用户Id',
  `topic_id` int NULL DEFAULT NULL COMMENT '评论主题id',
  `comment_content` text CHARACTER SET utf8mb4 COLLATE utf8mb4_0900_ai_ci NOT NULL COMMENT '评论内容',
  `reply_user_id` int NULL DEFAULT NULL COMMENT '回复用户id',
  `parent_id` int NULL DEFAULT NULL COMMENT '父评论id',
  `type` tinyint NOT NULL COMMENT '评论类型 1.文章 2.友链 3.说说',
  `is_delete` tinyint NOT NULL DEFAULT 0 COMMENT '是否删除  0否 1是',
  `is_review` tinyint(1) NOT NULL DEFAULT 1 COMMENT '是否审核',
  `create_time` datetime NOT NULL COMMENT '评论时间',
  `update_time` datetime NULL DEFAULT NULL COMMENT '更新时间',
  PRIMARY KEY (`id`) USING BTREE,
  INDEX `fk_comment_user`(`user_id`) USING BTREE,
  INDEX `fk_comment_parent`(`parent_id`) USING BTREE
) ENGINE = InnoDB AUTO_INCREMENT = 724 CHARACTER SET = utf8mb4 COLLATE = utf8mb4_0900_ai_ci ROW_FORMAT = DYNAMIC"
[1] 23:48:03,230 DEBUG SchemaChange - SQL_PARSE ->   (parse (statement (create_table (create_table_preamble CREATE TABLE (table_name (name (id `tb_comment`)))) (create_specifications ( (create_specification (column_definition (name (id `id`)) (data_type (signed_type int (column_options (nullability NOT NULL)) (column_options AUTO_INCREMENT) (column_options COMMENT (string_literal '主键')))))) , (create_specification (column_definition (name (id `user_id`)) (data_type (signed_type int (column_options (nullability NOT NULL)) (column_options COMMENT (string_literal '评论用户Id')))))) , (create_specification (column_definition (name (id `topic_id`)) (data_type (signed_type int (column_options (nullability NULL)) (column_options (default_value DEFAULT (literal_with_weirdo_multistring NULL))) (column_options COMMENT (string_literal '评论主题id')))))) , (create_specification (column_definition (name (id `comment_content`)) (data_type (string_type text (column_options (charset_def (character_set CHARACTER SET (charset_name utf8mb4)))) (column_options (collation COLLATE utf8mb4_0900_ai_ci)) (column_options (nullability NOT NULL)) (column_options COMMENT (string_literal '评论内容')))))) , (create_specification (column_definition (name (id `reply_user_id`)) (data_type (signed_type int (column_options (nullability NULL)) (column_options (default_value DEFAULT (literal_with_weirdo_multistring NULL))) (column_options COMMENT (string_literal '回复用户id')))))) , (create_specification (column_definition (name (id `parent_id`)) (data_type (signed_type int (column_options (nullability NULL)) (column_options (default_value DEFAULT (literal_with_weirdo_multistring NULL))) (column_options COMMENT (string_literal '父评论id')))))) , (create_specification (column_definition (name (id `type`)) (data_type (signed_type tinyint (column_options (nullability NOT NULL)) (column_options COMMENT (string_literal '评论类型 1.文章 2.友链 3.说说')))))) , (create_specification (column_definition (name (id `is_delete`)) (data_type (signed_type tinyint (column_options (nullability NOT NULL)) (column_options (default_value DEFAULT (literal_with_weirdo_multistring (integer_literal 0)))) (column_options COMMENT (string_literal '是否删除  0否 1是')))))) , (create_specification (column_definition (name (id `is_review`)) (data_type (signed_type tinyint (length ( 1 )) (column_options (nullability NOT NULL)) (column_options (default_value DEFAULT (literal_with_weirdo_multistring (integer_literal 1)))) (column_options COMMENT (string_literal '是否审核')))))) , (create_specification (column_definition (name (id `create_time`)) (data_type (generic_type datetime (column_options (nullability NOT NULL)) (column_options COMMENT (string_literal '评论时间')))))) , (create_specification (column_definition (name (id `update_time`)) (data_type (generic_type datetime (column_options (nullability NULL)) (column_options (default_value DEFAULT (literal_with_weirdo_multistring NULL))) (column_options COMMENT (string_literal '更新时间')))))) , (create_specification (index_definition (index_type_pk PRIMARY KEY (index_column_list ( (index_columns (index_column (name (id `id`)))) )) (index_options (index_type USING BTREE))))) , (create_specification (index_definition (index_type_1 (index_or_key INDEX) (index_name (name (id `fk_comment_user`))) (index_column_list ( (index_columns (index_column (name (id `user_id`)))) )) (index_options (index_type USING BTREE))))) , (create_specification (index_definition (index_type_1 (index_or_key INDEX) (index_name (name (id `fk_comment_parent`))) (index_column_list ( (index_columns (index_column (name (id `parent_id`)))) )) (index_options (index_type USING BTREE))))) )) (table_creation_option (creation_engine ENGINE = (id InnoDB))) (table_creation_option (creation_auto_increment AUTO_INCREMENT = (integer 724))) (table_creation_option (creation_character_set CHARACTER SET = (charset_name utf8mb4))) (table_creation_option (creation_collation (default_collation (collation COLLATE = utf8mb4_0900_ai_ci)))) (table_creation_option (creation_row_format ROW_FORMAT = DYNAMIC)))) <EOF>)
[1] 23:48:03,234 INFO  AbstractSchemaStore - storing schema @Position[BinlogPosition[XCV-bin.000013:78154], lastHeartbeat=1662553171260] after applying "CREATE TABLE `tb_comment`  (   `id` int NOT NULL AUTO_INCREMENT COMMENT '主键',   `user_id` int NOT NULL COMMENT '评论用户Id',   `topic_id` int NULL DEFAULT NULL COMMENT '评论主题id',   `comment_content` text CHARACTER SET utf8mb4 COLLATE utf8mb4_0900_ai_ci NOT NULL COMMENT '评论内容',   `reply_user_id` int NULL DEFAULT NULL COMMENT '回复用户id',   `parent_id` int NULL DEFAULT NULL COMMENT '父评论id',   `type` tinyint NOT NULL COMMENT '评论类型 1.文章 2.友链 3.说说',   `is_delete` tinyint NOT NULL DEFAULT 0 COMMENT '是否删除  0否 1是',   `is_review` tinyint(1) NOT NULL DEFAULT 1 COMMENT '是否审核',   `create_time` datetime NOT NULL COMMENT '评论时间',   `update_time` datetime NULL DEFAULT NULL COMMENT '更新时间',   PRIMARY KEY (`id`) USING BTREE,   INDEX `fk_comment_user`(`user_id`) USING BTREE,   INDEX `fk_comment_parent`(`parent_id`) USING BTREE ) ENGINE = InnoDB AUTO_INCREMENT = 724 CHARACTER SET = utf8mb4 COLLATE = utf8mb4_0900_ai_ci ROW_FORMAT = DYNAMIC" to blog, new schema id is 109
[1] 23:48:03,235 DEBUG SchemaChange - SQL_PARSE <- "DROP TABLE IF EXISTS `tb_friend_link` /* generated by server */"
[1] 23:48:03,235 DEBUG SchemaChange - SQL_PARSE ->   (parse (statement (drop_table DROP TABLE (if_exists IF EXISTS) (table_name (name (id `tb_friend_link`))))) <EOF>)
[1] 23:48:03,235 DEBUG SchemaChange - SQL_PARSE <- "CREATE TABLE `tb_friend_link`  (
  `id` int NOT NULL AUTO_INCREMENT,
  `link_name` varchar(20) CHARACTER SET utf8mb4 COLLATE utf8mb4_0900_ai_ci NOT NULL COMMENT '链接名',
  `link_avatar` varchar(255) CHARACTER SET utf8mb4 COLLATE utf8mb4_0900_ai_ci NOT NULL COMMENT '链接头像',
  `link_address` varchar(50) CHARACTER SET utf8mb4 COLLATE utf8mb4_0900_ai_ci NOT NULL COMMENT '链接地址',
  `link_intro` varchar(100) CHARACTER SET utf8mb4 COLLATE utf8mb4_0900_ai_ci NOT NULL COMMENT '链接介绍',
  `create_time` datetime NOT NULL COMMENT '创建时间',
  `update_time` datetime NULL DEFAULT NULL COMMENT '更新时间',
  PRIMARY KEY (`id`) USING BTREE,
  INDEX `fk_friend_link_user`(`link_name`) USING BTREE
) ENGINE = InnoDB AUTO_INCREMENT = 26 CHARACTER SET = utf8mb4 COLLATE = utf8mb4_0900_ai_ci ROW_FORMAT = DYNAMIC"
[1] 23:48:03,236 DEBUG SchemaChange - SQL_PARSE ->   (parse (statement (create_table (create_table_preamble CREATE TABLE (table_name (name (id `tb_friend_link`)))) (create_specifications ( (create_specification (column_definition (name (id `id`)) (data_type (signed_type int (column_options (nullability NOT NULL)) (column_options AUTO_INCREMENT))))) , (create_specification (column_definition (name (id `link_name`)) (data_type (string_type varchar (length ( 20 )) (column_options (charset_def (character_set CHARACTER SET (charset_name utf8mb4)))) (column_options (collation COLLATE utf8mb4_0900_ai_ci)) (column_options (nullability NOT NULL)) (column_options COMMENT (string_literal '链接名')))))) , (create_specification (column_definition (name (id `link_avatar`)) (data_type (string_type varchar (length ( 255 )) (column_options (charset_def (character_set CHARACTER SET (charset_name utf8mb4)))) (column_options (collation COLLATE utf8mb4_0900_ai_ci)) (column_options (nullability NOT NULL)) (column_options COMMENT (string_literal '链接头像')))))) , (create_specification (column_definition (name (id `link_address`)) (data_type (string_type varchar (length ( 50 )) (column_options (charset_def (character_set CHARACTER SET (charset_name utf8mb4)))) (column_options (collation COLLATE utf8mb4_0900_ai_ci)) (column_options (nullability NOT NULL)) (column_options COMMENT (string_literal '链接地址')))))) , (create_specification (column_definition (name (id `link_intro`)) (data_type (string_type varchar (length ( 100 )) (column_options (charset_def (character_set CHARACTER SET (charset_name utf8mb4)))) (column_options (collation COLLATE utf8mb4_0900_ai_ci)) (column_options (nullability NOT NULL)) (column_options COMMENT (string_literal '链接介绍')))))) , (create_specification (column_definition (name (id `create_time`)) (data_type (generic_type datetime (column_options (nullability NOT NULL)) (column_options COMMENT (string_literal '创建时间')))))) , (create_specification (column_definition (name (id `update_time`)) (data_type (generic_type datetime (column_options (nullability NULL)) (column_options (default_value DEFAULT (literal_with_weirdo_multistring NULL))) (column_options COMMENT (string_literal '更新时间')))))) , (create_specification (index_definition (index_type_pk PRIMARY KEY (index_column_list ( (index_columns (index_column (name (id `id`)))) )) (index_options (index_type USING BTREE))))) , (create_specification (index_definition (index_type_1 (index_or_key INDEX) (index_name (name (id `fk_friend_link_user`))) (index_column_list ( (index_columns (index_column (name (id `link_name`)))) )) (index_options (index_type USING BTREE))))) )) (table_creation_option (creation_engine ENGINE = (id InnoDB))) (table_creation_option (creation_auto_increment AUTO_INCREMENT = (integer 26))) (table_creation_option (creation_character_set CHARACTER SET = (charset_name utf8mb4))) (table_creation_option (creation_collation (default_collation (collation COLLATE = utf8mb4_0900_ai_ci)))) (table_creation_option (creation_row_format ROW_FORMAT = DYNAMIC)))) <EOF>)
[1] 23:48:03,241 INFO  AbstractSchemaStore - storing schema @Position[BinlogPosition[XCV-bin.000013:81615], lastHeartbeat=1662553171260] after applying "CREATE TABLE `tb_friend_link`  (   `id` int NOT NULL AUTO_INCREMENT,   `link_name` varchar(20) CHARACTER SET utf8mb4 COLLATE utf8mb4_0900_ai_ci NOT NULL COMMENT '链接名',   `link_avatar` varchar(255) CHARACTER SET utf8mb4 COLLATE utf8mb4_0900_ai_ci NOT NULL COMMENT '链接头像',   `link_address` varchar(50) CHARACTER SET utf8mb4 COLLATE utf8mb4_0900_ai_ci NOT NULL COMMENT '链接地址',   `link_intro` varchar(100) CHARACTER SET utf8mb4 COLLATE utf8mb4_0900_ai_ci NOT NULL COMMENT '链接介绍',   `create_time` datetime NOT NULL COMMENT '创建时间',   `update_time` datetime NULL DEFAULT NULL COMMENT '更新时间',   PRIMARY KEY (`id`) USING BTREE,   INDEX `fk_friend_link_user`(`link_name`) USING BTREE ) ENGINE = InnoDB AUTO_INCREMENT = 26 CHARACTER SET = utf8mb4 COLLATE = utf8mb4_0900_ai_ci ROW_FORMAT = DYNAMIC" to blog, new schema id is 110
[1] 23:48:03,241 DEBUG SchemaChange - SQL_PARSE <- "DROP TABLE IF EXISTS `tb_menu` /* generated by server */"
[1] 23:48:03,241 DEBUG SchemaChange - SQL_PARSE ->   (parse (statement (drop_table DROP TABLE (if_exists IF EXISTS) (table_name (name (id `tb_menu`))))) <EOF>)
[1] 23:48:03,242 DEBUG SchemaChange - SQL_PARSE <- "CREATE TABLE `tb_menu`  (
  `id` int NOT NULL AUTO_INCREMENT COMMENT '主键',
  `name` varchar(20) CHARACTER SET utf8mb4 COLLATE utf8mb4_0900_ai_ci NOT NULL COMMENT '菜单名',
  `path` varchar(50) CHARACTER SET utf8mb4 COLLATE utf8mb4_0900_ai_ci NOT NULL COMMENT '菜单路径',
  `component` varchar(50) CHARACTER SET utf8mb4 COLLATE utf8mb4_0900_ai_ci NOT NULL COMMENT '组件',
  `icon` varchar(50) CHARACTER SET utf8mb4 COLLATE utf8mb4_0900_ai_ci NOT NULL COMMENT '菜单icon',
  `create_time` datetime NOT NULL COMMENT '创建时间',
  `update_time` datetime NULL DEFAULT NULL COMMENT '更新时间',
  `order_num` tinyint(1) NOT NULL COMMENT '排序',
  `parent_id` int NULL DEFAULT NULL COMMENT '父id',
  `is_hidden` tinyint(1) NOT NULL DEFAULT 0 COMMENT '是否隐藏  0否1是',
  PRIMARY KEY (`id`) USING BTREE
) ENGINE = InnoDB AUTO_INCREMENT = 218 CHARACTER SET = utf8mb4 COLLATE = utf8mb4_0900_ai_ci ROW_FORMAT = DYNAMIC"
[1] 23:48:03,243 DEBUG SchemaChange - SQL_PARSE ->   (parse (statement (create_table (create_table_preamble CREATE TABLE (table_name (name (id `tb_menu`)))) (create_specifications ( (create_specification (column_definition (name (id `id`)) (data_type (signed_type int (column_options (nullability NOT NULL)) (column_options AUTO_INCREMENT) (column_options COMMENT (string_literal '主键')))))) , (create_specification (column_definition (name (id `name`)) (data_type (string_type varchar (length ( 20 )) (column_options (charset_def (character_set CHARACTER SET (charset_name utf8mb4)))) (column_options (collation COLLATE utf8mb4_0900_ai_ci)) (column_options (nullability NOT NULL)) (column_options COMMENT (string_literal '菜单名')))))) , (create_specification (column_definition (name (id `path`)) (data_type (string_type varchar (length ( 50 )) (column_options (charset_def (character_set CHARACTER SET (charset_name utf8mb4)))) (column_options (collation COLLATE utf8mb4_0900_ai_ci)) (column_options (nullability NOT NULL)) (column_options COMMENT (string_literal '菜单路径')))))) , (create_specification (column_definition (name (id `component`)) (data_type (string_type varchar (length ( 50 )) (column_options (charset_def (character_set CHARACTER SET (charset_name utf8mb4)))) (column_options (collation COLLATE utf8mb4_0900_ai_ci)) (column_options (nullability NOT NULL)) (column_options COMMENT (string_literal '组件')))))) , (create_specification (column_definition (name (id `icon`)) (data_type (string_type varchar (length ( 50 )) (column_options (charset_def (character_set CHARACTER SET (charset_name utf8mb4)))) (column_options (collation COLLATE utf8mb4_0900_ai_ci)) (column_options (nullability NOT NULL)) (column_options COMMENT (string_literal '菜单icon')))))) , (create_specification (column_definition (name (id `create_time`)) (data_type (generic_type datetime (column_options (nullability NOT NULL)) (column_options COMMENT (string_literal '创建时间')))))) , (create_specification (column_definition (name (id `update_time`)) (data_type (generic_type datetime (column_options (nullability NULL)) (column_options (default_value DEFAULT (literal_with_weirdo_multistring NULL))) (column_options COMMENT (string_literal '更新时间')))))) , (create_specification (column_definition (name (id `order_num`)) (data_type (signed_type tinyint (length ( 1 )) (column_options (nullability NOT NULL)) (column_options COMMENT (string_literal '排序')))))) , (create_specification (column_definition (name (id `parent_id`)) (data_type (signed_type int (column_options (nullability NULL)) (column_options (default_value DEFAULT (literal_with_weirdo_multistring NULL))) (column_options COMMENT (string_literal '父id')))))) , (create_specification (column_definition (name (id `is_hidden`)) (data_type (signed_type tinyint (length ( 1 )) (column_options (nullability NOT NULL)) (column_options (default_value DEFAULT (literal_with_weirdo_multistring (integer_literal 0)))) (column_options COMMENT (string_literal '是否隐藏  0否1是')))))) , (create_specification (index_definition (index_type_pk PRIMARY KEY (index_column_list ( (index_columns (index_column (name (id `id`)))) )) (index_options (index_type USING BTREE))))) )) (table_creation_option (creation_engine ENGINE = (id InnoDB))) (table_creation_option (creation_auto_increment AUTO_INCREMENT = (integer 218))) (table_creation_option (creation_character_set CHARACTER SET = (charset_name utf8mb4))) (table_creation_option (creation_collation (default_collation (collation COLLATE = utf8mb4_0900_ai_ci)))) (table_creation_option (creation_row_format ROW_FORMAT = DYNAMIC)))) <EOF>)
[1] 23:48:03,247 INFO  AbstractSchemaStore - storing schema @Position[BinlogPosition[XCV-bin.000013:83278], lastHeartbeat=1662553171260] after applying "CREATE TABLE `tb_menu`  (   `id` int NOT NULL AUTO_INCREMENT COMMENT '主键',   `name` varchar(20) CHARACTER SET utf8mb4 COLLATE utf8mb4_0900_ai_ci NOT NULL COMMENT '菜单名',   `path` varchar(50) CHARACTER SET utf8mb4 COLLATE utf8mb4_0900_ai_ci NOT NULL COMMENT '菜单路径',   `component` varchar(50) CHARACTER SET utf8mb4 COLLATE utf8mb4_0900_ai_ci NOT NULL COMMENT '组件',   `icon` varchar(50) CHARACTER SET utf8mb4 COLLATE utf8mb4_0900_ai_ci NOT NULL COMMENT '菜单icon',   `create_time` datetime NOT NULL COMMENT '创建时间',   `update_time` datetime NULL DEFAULT NULL COMMENT '更新时间',   `order_num` tinyint(1) NOT NULL COMMENT '排序',   `parent_id` int NULL DEFAULT NULL COMMENT '父id',   `is_hidden` tinyint(1) NOT NULL DEFAULT 0 COMMENT '是否隐藏  0否1是',   PRIMARY KEY (`id`) USING BTREE ) ENGINE = InnoDB AUTO_INCREMENT = 218 CHARACTER SET = utf8mb4 COLLATE = utf8mb4_0900_ai_ci ROW_FORMAT = DYNAMIC" to blog, new schema id is 111
[1] 23:48:03,250 DEBUG SchemaChange - SQL_PARSE <- "DROP TABLE IF EXISTS `tb_message` /* generated by server */"
[1] 23:48:03,250 DEBUG SchemaChange - SQL_PARSE ->   (parse (statement (drop_table DROP TABLE (if_exists IF EXISTS) (table_name (name (id `tb_message`))))) <EOF>)
[1] 23:48:03,251 DEBUG SchemaChange - SQL_PARSE <- "CREATE TABLE `tb_message`  (
  `id` int NOT NULL AUTO_INCREMENT COMMENT '主键id',
  `nickname` varchar(50) CHARACTER SET utf8mb4 COLLATE utf8mb4_0900_ai_ci NOT NULL COMMENT '昵称',
  `avatar` varchar(255) CHARACTER SET utf8mb4 COLLATE utf8mb4_0900_ai_ci NOT NULL COMMENT '头像',
  `message_content` varchar(255) CHARACTER SET utf8mb4 COLLATE utf8mb4_0900_ai_ci NOT NULL COMMENT '留言内容',
  `ip_address` varchar(50) CHARACTER SET utf8mb4 COLLATE utf8mb4_0900_ai_ci NOT NULL COMMENT '用户ip',
  `ip_source` varchar(255) CHARACTER SET utf8mb4 COLLATE utf8mb4_0900_ai_ci NOT NULL COMMENT '用户地址',
  `time` tinyint(1) NULL DEFAULT NULL COMMENT '弹幕速度',
  `is_review` tinyint NOT NULL DEFAULT 1 COMMENT '是否审核',
  `create_time` datetime NOT NULL COMMENT '发布时间',
  `update_time` datetime NULL DEFAULT NULL COMMENT '修改时间',
  PRIMARY KEY (`id`) USING BTREE
) ENGINE = InnoDB AUTO_INCREMENT = 3938 CHARACTER SET = utf8mb4 COLLATE = utf8mb4_0900_ai_ci ROW_FORMAT = DYNAMIC"
[1] 23:48:03,252 DEBUG SchemaChange - SQL_PARSE ->   (parse (statement (create_table (create_table_preamble CREATE TABLE (table_name (name (id `tb_message`)))) (create_specifications ( (create_specification (column_definition (name (id `id`)) (data_type (signed_type int (column_options (nullability NOT NULL)) (column_options AUTO_INCREMENT) (column_options COMMENT (string_literal '主键id')))))) , (create_specification (column_definition (name (id `nickname`)) (data_type (string_type varchar (length ( 50 )) (column_options (charset_def (character_set CHARACTER SET (charset_name utf8mb4)))) (column_options (collation COLLATE utf8mb4_0900_ai_ci)) (column_options (nullability NOT NULL)) (column_options COMMENT (string_literal '昵称')))))) , (create_specification (column_definition (name (id `avatar`)) (data_type (string_type varchar (length ( 255 )) (column_options (charset_def (character_set CHARACTER SET (charset_name utf8mb4)))) (column_options (collation COLLATE utf8mb4_0900_ai_ci)) (column_options (nullability NOT NULL)) (column_options COMMENT (string_literal '头像')))))) , (create_specification (column_definition (name (id `message_content`)) (data_type (string_type varchar (length ( 255 )) (column_options (charset_def (character_set CHARACTER SET (charset_name utf8mb4)))) (column_options (collation COLLATE utf8mb4_0900_ai_ci)) (column_options (nullability NOT NULL)) (column_options COMMENT (string_literal '留言内容')))))) , (create_specification (column_definition (name (id `ip_address`)) (data_type (string_type varchar (length ( 50 )) (column_options (charset_def (character_set CHARACTER SET (charset_name utf8mb4)))) (column_options (collation COLLATE utf8mb4_0900_ai_ci)) (column_options (nullability NOT NULL)) (column_options COMMENT (string_literal '用户ip')))))) , (create_specification (column_definition (name (id `ip_source`)) (data_type (string_type varchar (length ( 255 )) (column_options (charset_def (character_set CHARACTER SET (charset_name utf8mb4)))) (column_options (collation COLLATE utf8mb4_0900_ai_ci)) (column_options (nullability NOT NULL)) (column_options COMMENT (string_literal '用户地址')))))) , (create_specification (column_definition (name (id `time`)) (data_type (signed_type tinyint (length ( 1 )) (column_options (nullability NULL)) (column_options (default_value DEFAULT (literal_with_weirdo_multistring NULL))) (column_options COMMENT (string_literal '弹幕速度')))))) , (create_specification (column_definition (name (id `is_review`)) (data_type (signed_type tinyint (column_options (nullability NOT NULL)) (column_options (default_value DEFAULT (literal_with_weirdo_multistring (integer_literal 1)))) (column_options COMMENT (string_literal '是否审核')))))) , (create_specification (column_definition (name (id `create_time`)) (data_type (generic_type datetime (column_options (nullability NOT NULL)) (column_options COMMENT (string_literal '发布时间')))))) , (create_specification (column_definition (name (id `update_time`)) (data_type (generic_type datetime (column_options (nullability NULL)) (column_options (default_value DEFAULT (literal_with_weirdo_multistring NULL))) (column_options COMMENT (string_literal '修改时间')))))) , (create_specification (index_definition (index_type_pk PRIMARY KEY (index_column_list ( (index_columns (index_column (name (id `id`)))) )) (index_options (index_type USING BTREE))))) )) (table_creation_option (creation_engine ENGINE = (id InnoDB))) (table_creation_option (creation_auto_increment AUTO_INCREMENT = (integer 3938))) (table_creation_option (creation_character_set CHARACTER SET = (charset_name utf8mb4))) (table_creation_option (creation_collation (default_collation (collation COLLATE = utf8mb4_0900_ai_ci)))) (table_creation_option (creation_row_format ROW_FORMAT = DYNAMIC)))) <EOF>)
[1] 23:48:03,256 INFO  AbstractSchemaStore - storing schema @Position[BinlogPosition[XCV-bin.000013:97431], lastHeartbeat=1662553171260] after applying "CREATE TABLE `tb_message`  (   `id` int NOT NULL AUTO_INCREMENT COMMENT '主键id',   `nickname` varchar(50) CHARACTER SET utf8mb4 COLLATE utf8mb4_0900_ai_ci NOT NULL COMMENT '昵称',   `avatar` varchar(255) CHARACTER SET utf8mb4 COLLATE utf8mb4_0900_ai_ci NOT NULL COMMENT '头像',   `message_content` varchar(255) CHARACTER SET utf8mb4 COLLATE utf8mb4_0900_ai_ci NOT NULL COMMENT '留言内容',   `ip_address` varchar(50) CHARACTER SET utf8mb4 COLLATE utf8mb4_0900_ai_ci NOT NULL COMMENT '用户ip',   `ip_source` varchar(255) CHARACTER SET utf8mb4 COLLATE utf8mb4_0900_ai_ci NOT NULL COMMENT '用户地址',   `time` tinyint(1) NULL DEFAULT NULL COMMENT '弹幕速度',   `is_review` tinyint NOT NULL DEFAULT 1 COMMENT '是否审核',   `create_time` datetime NOT NULL COMMENT '发布时间',   `update_time` datetime NULL DEFAULT NULL COMMENT '修改时间',   PRIMARY KEY (`id`) USING BTREE ) ENGINE = InnoDB AUTO_INCREMENT = 3938 CHARACTER SET = utf8mb4 COLLATE = utf8mb4_0900_ai_ci ROW_FORMAT = DYNAMIC" to blog, new schema id is 112
[1] 23:48:03,256 DEBUG SchemaChange - SQL_PARSE <- "DROP TABLE IF EXISTS `tb_operation_log` /* generated by server */"
[1] 23:48:03,257 DEBUG SchemaChange - SQL_PARSE ->   (parse (statement (drop_table DROP TABLE (if_exists IF EXISTS) (table_name (name (id `tb_operation_log`))))) <EOF>)
[1] 23:48:03,257 DEBUG SchemaChange - SQL_PARSE <- "CREATE TABLE `tb_operation_log`  (
  `id` int NOT NULL AUTO_INCREMENT COMMENT '主键id',
  `opt_module` varchar(20) CHARACTER SET utf8mb4 COLLATE utf8mb4_0900_ai_ci NOT NULL COMMENT '操作模块',
  `opt_type` varchar(20) CHARACTER SET utf8mb4 COLLATE utf8mb4_0900_ai_ci NOT NULL COMMENT '操作类型',
  `opt_url` varchar(255) CHARACTER SET utf8mb4 COLLATE utf8mb4_0900_ai_ci NOT NULL COMMENT '操作url',
  `opt_method` varchar(255) CHARACTER SET utf8mb4 COLLATE utf8mb4_0900_ai_ci NOT NULL COMMENT '操作方法',
  `opt_desc` varchar(255) CHARACTER SET utf8mb4 COLLATE utf8mb4_0900_ai_ci NOT NULL COMMENT '操作描述',
  `request_param` longtext CHARACTER SET utf8mb4 COLLATE utf8mb4_0900_ai_ci NOT NULL COMMENT '请求参数',
  `request_method` varchar(20) CHARACTER SET utf8mb4 COLLATE utf8mb4_0900_ai_ci NOT NULL COMMENT '请求方式',
  `response_data` longtext CHARACTER SET utf8mb4 COLLATE utf8mb4_0900_ai_ci NOT NULL COMMENT '返回数据',
  `user_id` int NOT NULL COMMENT '用户id',
  `nickname` varchar(50) CHARACTER SET utf8mb4 COLLATE utf8mb4_0900_ai_ci NOT NULL COMMENT '用户昵称',
  `ip_address` varchar(255) CHARACTER SET utf8mb4 COLLATE utf8mb4_0900_ai_ci NOT NULL COMMENT '操作ip',
  `ip_source` varchar(255) CHARACTER SET utf8mb4 COLLATE utf8mb4_0900_ai_ci NOT NULL COMMENT '操作地址',
  `create_time` datetime NOT NULL COMMENT '创建时间',
  `update_time` datetime NULL DEFAULT NULL COMMENT '更新时间',
  PRIMARY KEY (`id`) USING BTREE
) ENGINE = InnoDB AUTO_INCREMENT = 1083 CHARACTER SET = utf8mb4 COLLATE = utf8mb4_0900_ai_ci ROW_FORMAT = DYNAMIC"
[1] 23:48:03,260 DEBUG SchemaChange - SQL_PARSE ->   (parse (statement (create_table (create_table_preamble CREATE TABLE (table_name (name (id `tb_operation_log`)))) (create_specifications ( (create_specification (column_definition (name (id `id`)) (data_type (signed_type int (column_options (nullability NOT NULL)) (column_options AUTO_INCREMENT) (column_options COMMENT (string_literal '主键id')))))) , (create_specification (column_definition (name (id `opt_module`)) (data_type (string_type varchar (length ( 20 )) (column_options (charset_def (character_set CHARACTER SET (charset_name utf8mb4)))) (column_options (collation COLLATE utf8mb4_0900_ai_ci)) (column_options (nullability NOT NULL)) (column_options COMMENT (string_literal '操作模块')))))) , (create_specification (column_definition (name (id `opt_type`)) (data_type (string_type varchar (length ( 20 )) (column_options (charset_def (character_set CHARACTER SET (charset_name utf8mb4)))) (column_options (collation COLLATE utf8mb4_0900_ai_ci)) (column_options (nullability NOT NULL)) (column_options COMMENT (string_literal '操作类型')))))) , (create_specification (column_definition (name (id `opt_url`)) (data_type (string_type varchar (length ( 255 )) (column_options (charset_def (character_set CHARACTER SET (charset_name utf8mb4)))) (column_options (collation COLLATE utf8mb4_0900_ai_ci)) (column_options (nullability NOT NULL)) (column_options COMMENT (string_literal '操作url')))))) , (create_specification (column_definition (name (id `opt_method`)) (data_type (string_type varchar (length ( 255 )) (column_options (charset_def (character_set CHARACTER SET (charset_name utf8mb4)))) (column_options (collation COLLATE utf8mb4_0900_ai_ci)) (column_options (nullability NOT NULL)) (column_options COMMENT (string_literal '操作方法')))))) , (create_specification (column_definition (name (id `opt_desc`)) (data_type (string_type varchar (length ( 255 )) (column_options (charset_def (character_set CHARACTER SET (charset_name utf8mb4)))) (column_options (collation COLLATE utf8mb4_0900_ai_ci)) (column_options (nullability NOT NULL)) (column_options COMMENT (string_literal '操作描述')))))) , (create_specification (column_definition (name (id `request_param`)) (data_type (string_type longtext (column_options (charset_def (character_set CHARACTER SET (charset_name utf8mb4)))) (column_options (collation COLLATE utf8mb4_0900_ai_ci)) (column_options (nullability NOT NULL)) (column_options COMMENT (string_literal '请求参数')))))) , (create_specification (column_definition (name (id `request_method`)) (data_type (string_type varchar (length ( 20 )) (column_options (charset_def (character_set CHARACTER SET (charset_name utf8mb4)))) (column_options (collation COLLATE utf8mb4_0900_ai_ci)) (column_options (nullability NOT NULL)) (column_options COMMENT (string_literal '请求方式')))))) , (create_specification (column_definition (name (id `response_data`)) (data_type (string_type longtext (column_options (charset_def (character_set CHARACTER SET (charset_name utf8mb4)))) (column_options (collation COLLATE utf8mb4_0900_ai_ci)) (column_options (nullability NOT NULL)) (column_options COMMENT (string_literal '返回数据')))))) , (create_specification (column_definition (name (id `user_id`)) (data_type (signed_type int (column_options (nullability NOT NULL)) (column_options COMMENT (string_literal '用户id')))))) , (create_specification (column_definition (name (id `nickname`)) (data_type (string_type varchar (length ( 50 )) (column_options (charset_def (character_set CHARACTER SET (charset_name utf8mb4)))) (column_options (collation COLLATE utf8mb4_0900_ai_ci)) (column_options (nullability NOT NULL)) (column_options COMMENT (string_literal '用户昵称')))))) , (create_specification (column_definition (name (id `ip_address`)) (data_type (string_type varchar (length ( 255 )) (column_options (charset_def (character_set CHARACTER SET (charset_name utf8mb4)))) (column_options (collation COLLATE utf8mb4_0900_ai_ci)) (column_options (nullability NOT NULL)) (column_options COMMENT (string_literal '操作ip')))))) , (create_specification (column_definition (name (id `ip_source`)) (data_type (string_type varchar (length ( 255 )) (column_options (charset_def (character_set CHARACTER SET (charset_name utf8mb4)))) (column_options (collation COLLATE utf8mb4_0900_ai_ci)) (column_options (nullability NOT NULL)) (column_options COMMENT (string_literal '操作地址')))))) , (create_specification (column_definition (name (id `create_time`)) (data_type (generic_type datetime (column_options (nullability NOT NULL)) (column_options COMMENT (string_literal '创建时间')))))) , (create_specification (column_definition (name (id `update_time`)) (data_type (generic_type datetime (column_options (nullability NULL)) (column_options (default_value DEFAULT (literal_with_weirdo_multistring NULL))) (column_options COMMENT (string_literal '更新时间')))))) , (create_specification (index_definition (index_type_pk PRIMARY KEY (index_column_list ( (index_columns (index_column (name (id `id`)))) )) (index_options (index_type USING BTREE))))) )) (table_creation_option (creation_engine ENGINE = (id InnoDB))) (table_creation_option (creation_auto_increment AUTO_INCREMENT = (integer 1083))) (table_creation_option (creation_character_set CHARACTER SET = (charset_name utf8mb4))) (table_creation_option (creation_collation (default_collation (collation COLLATE = utf8mb4_0900_ai_ci)))) (table_creation_option (creation_row_format ROW_FORMAT = DYNAMIC)))) <EOF>)
[1] 23:48:03,263 INFO  AbstractSchemaStore - storing schema @Position[BinlogPosition[XCV-bin.000013:99233], lastHeartbeat=1662553171260] after applying "CREATE TABLE `tb_operation_log`  (   `id` int NOT NULL AUTO_INCREMENT COMMENT '主键id',   `opt_module` varchar(20) CHARACTER SET utf8mb4 COLLATE utf8mb4_0900_ai_ci NOT NULL COMMENT '操作模块',   `opt_type` varchar(20) CHARACTER SET utf8mb4 COLLATE utf8mb4_0900_ai_ci NOT NULL COMMENT '操作类型',   `opt_url` varchar(255) CHARACTER SET utf8mb4 COLLATE utf8mb4_0900_ai_ci NOT NULL COMMENT '操作url',   `opt_method` varchar(255) CHARACTER SET utf8mb4 COLLATE utf8mb4_0900_ai_ci NOT NULL COMMENT '操作方法',   `opt_desc` varchar(255) CHARACTER SET utf8mb4 COLLATE utf8mb4_0900_ai_ci NOT NULL COMMENT '操作描述',   `request_param` longtext CHARACTER SET utf8mb4 COLLATE utf8mb4_0900_ai_ci NOT NULL COMMENT '请求参数',   `request_method` varchar(20) CHARACTER SET utf8mb4 COLLATE utf8mb4_0900_ai_ci NOT NULL COMMENT '请求方式',   `response_data` longtext CHARACTER SET utf8mb4 COLLATE utf8mb4_0900_ai_ci NOT NULL COMMENT '返回数据',   `user_id` int NOT NULL COMMENT '用户id',   `nickname` varchar(50) CHARACTER SET utf8mb4 COLLATE utf8mb4_0900_ai_ci NOT NULL COMMENT '用户昵称',   `ip_address` varchar(255) CHARACTER SET utf8mb4 COLLATE utf8mb4_0900_ai_ci NOT NULL COMMENT '操作ip',   `ip_source` varchar(255) CHARACTER SET utf8mb4 COLLATE utf8mb4_0900_ai_ci NOT NULL COMMENT '操作地址',   `create_time` datetime NOT NULL COMMENT '创建时间',   `update_time` datetime NULL DEFAULT NULL COMMENT '更新时间',   PRIMARY KEY (`id`) USING BTREE ) ENGINE = InnoDB AUTO_INCREMENT = 1083 CHARACTER SET = utf8mb4 COLLATE = utf8mb4_0900_ai_ci ROW_FORMAT = DYNAMIC" to blog, new schema id is 113
[1] 23:48:03,263 DEBUG SchemaChange - SQL_PARSE <- "DROP TABLE IF EXISTS `tb_page` /* generated by server */"
[1] 23:48:03,264 DEBUG SchemaChange - SQL_PARSE ->   (parse (statement (drop_table DROP TABLE (if_exists IF EXISTS) (table_name (name (id `tb_page`))))) <EOF>)
[1] 23:48:03,264 DEBUG SchemaChange - SQL_PARSE <- "CREATE TABLE `tb_page`  (
  `id` int NOT NULL AUTO_INCREMENT COMMENT '页面id',
  `page_name` varchar(10) CHARACTER SET utf8mb4 COLLATE utf8mb4_0900_ai_ci NOT NULL COMMENT '页面名',
  `page_label` varchar(20) CHARACTER SET utf8mb4 COLLATE utf8mb4_0900_ai_ci NULL DEFAULT NULL COMMENT '页面标签',
  `page_cover` varchar(255) CHARACTER SET utf8mb4 COLLATE utf8mb4_0900_ai_ci NOT NULL COMMENT '页面封面',
  `create_time` datetime NOT NULL COMMENT '创建时间',
  `update_time` datetime NULL DEFAULT NULL COMMENT '更新时间',
  PRIMARY KEY (`id`) USING BTREE
) ENGINE = InnoDB AUTO_INCREMENT = 904 CHARACTER SET = utf8mb4 COLLATE = utf8mb4_0900_ai_ci COMMENT = '页面' ROW_FORMAT = DYNAMIC"
[1] 23:48:03,265 DEBUG SchemaChange - SQL_PARSE ->   (parse (statement (create_table (create_table_preamble CREATE TABLE (table_name (name (id `tb_page`)))) (create_specifications ( (create_specification (column_definition (name (id `id`)) (data_type (signed_type int (column_options (nullability NOT NULL)) (column_options AUTO_INCREMENT) (column_options COMMENT (string_literal '页面id')))))) , (create_specification (column_definition (name (id `page_name`)) (data_type (string_type varchar (length ( 10 )) (column_options (charset_def (character_set CHARACTER SET (charset_name utf8mb4)))) (column_options (collation COLLATE utf8mb4_0900_ai_ci)) (column_options (nullability NOT NULL)) (column_options COMMENT (string_literal '页面名')))))) , (create_specification (column_definition (name (id `page_label`)) (data_type (string_type varchar (length ( 20 )) (column_options (charset_def (character_set CHARACTER SET (charset_name utf8mb4)))) (column_options (collation COLLATE utf8mb4_0900_ai_ci)) (column_options (nullability NULL)) (column_options (default_value DEFAULT (literal_with_weirdo_multistring NULL))) (column_options COMMENT (string_literal '页面标签')))))) , (create_specification (column_definition (name (id `page_cover`)) (data_type (string_type varchar (length ( 255 )) (column_options (charset_def (character_set CHARACTER SET (charset_name utf8mb4)))) (column_options (collation COLLATE utf8mb4_0900_ai_ci)) (column_options (nullability NOT NULL)) (column_options COMMENT (string_literal '页面封面')))))) , (create_specification (column_definition (name (id `create_time`)) (data_type (generic_type datetime (column_options (nullability NOT NULL)) (column_options COMMENT (string_literal '创建时间')))))) , (create_specification (column_definition (name (id `update_time`)) (data_type (generic_type datetime (column_options (nullability NULL)) (column_options (default_value DEFAULT (literal_with_weirdo_multistring NULL))) (column_options COMMENT (string_literal '更新时间')))))) , (create_specification (index_definition (index_type_pk PRIMARY KEY (index_column_list ( (index_columns (index_column (name (id `id`)))) )) (index_options (index_type USING BTREE))))) )) (table_creation_option (creation_engine ENGINE = (id InnoDB))) (table_creation_option (creation_auto_increment AUTO_INCREMENT = (integer 904))) (table_creation_option (creation_character_set CHARACTER SET = (charset_name utf8mb4))) (table_creation_option (creation_collation (default_collation (collation COLLATE = utf8mb4_0900_ai_ci)))) (table_creation_option (creation_comment COMMENT = (string_literal '页面'))) (table_creation_option (creation_row_format ROW_FORMAT = DYNAMIC)))) <EOF>)
[1] 23:48:03,269 INFO  AbstractSchemaStore - storing schema @Position[BinlogPosition[XCV-bin.000013:102089], lastHeartbeat=1662553171260] after applying "CREATE TABLE `tb_page`  (   `id` int NOT NULL AUTO_INCREMENT COMMENT '页面id',   `page_name` varchar(10) CHARACTER SET utf8mb4 COLLATE utf8mb4_0900_ai_ci NOT NULL COMMENT '页面名',   `page_label` varchar(20) CHARACTER SET utf8mb4 COLLATE utf8mb4_0900_ai_ci NULL DEFAULT NULL COMMENT '页面标签',   `page_cover` varchar(255) CHARACTER SET utf8mb4 COLLATE utf8mb4_0900_ai_ci NOT NULL COMMENT '页面封面',   `create_time` datetime NOT NULL COMMENT '创建时间',   `update_time` datetime NULL DEFAULT NULL COMMENT '更新时间',   PRIMARY KEY (`id`) USING BTREE ) ENGINE = InnoDB AUTO_INCREMENT = 904 CHARACTER SET = utf8mb4 COLLATE = utf8mb4_0900_ai_ci COMMENT = '页面' ROW_FORMAT = DYNAMIC" to blog, new schema id is 114
[1] 23:48:03,270 DEBUG SchemaChange - SQL_PARSE <- "DROP TABLE IF EXISTS `tb_photo` /* generated by server */"
[1] 23:48:03,270 DEBUG SchemaChange - SQL_PARSE ->   (parse (statement (drop_table DROP TABLE (if_exists IF EXISTS) (table_name (name (id `tb_photo`))))) <EOF>)
[1] 23:48:03,271 DEBUG SchemaChange - SQL_PARSE <- "CREATE TABLE `tb_photo`  (
  `id` int NOT NULL AUTO_INCREMENT COMMENT '主键',
  `album_id` int NOT NULL COMMENT '相册id',
  `photo_name` varchar(20) CHARACTER SET utf8mb4 COLLATE utf8mb4_0900_ai_ci NOT NULL COMMENT '照片名',
  `photo_desc` varchar(50) CHARACTER SET utf8mb4 COLLATE utf8mb4_0900_ai_ci NULL DEFAULT NULL COMMENT '照片描述',
  `photo_src` varchar(255) CHARACTER SET utf8mb4 COLLATE utf8mb4_0900_ai_ci NOT NULL COMMENT '照片地址',
  `is_delete` tinyint(1) NOT NULL DEFAULT 0 COMMENT '是否删除',
  `create_time` datetime NOT NULL COMMENT '创建时间',
  `update_time` datetime NULL DEFAULT NULL COMMENT '更新时间',
  PRIMARY KEY (`id`) USING BTREE
) ENGINE = InnoDB AUTO_INCREMENT = 29 CHARACTER SET = utf8mb4 COLLATE = utf8mb4_0900_ai_ci COMMENT = '照片' ROW_FORMAT = DYNAMIC"
[1] 23:48:03,272 DEBUG SchemaChange - SQL_PARSE ->   (parse (statement (create_table (create_table_preamble CREATE TABLE (table_name (name (id `tb_photo`)))) (create_specifications ( (create_specification (column_definition (name (id `id`)) (data_type (signed_type int (column_options (nullability NOT NULL)) (column_options AUTO_INCREMENT) (column_options COMMENT (string_literal '主键')))))) , (create_specification (column_definition (name (id `album_id`)) (data_type (signed_type int (column_options (nullability NOT NULL)) (column_options COMMENT (string_literal '相册id')))))) , (create_specification (column_definition (name (id `photo_name`)) (data_type (string_type varchar (length ( 20 )) (column_options (charset_def (character_set CHARACTER SET (charset_name utf8mb4)))) (column_options (collation COLLATE utf8mb4_0900_ai_ci)) (column_options (nullability NOT NULL)) (column_options COMMENT (string_literal '照片名')))))) , (create_specification (column_definition (name (id `photo_desc`)) (data_type (string_type varchar (length ( 50 )) (column_options (charset_def (character_set CHARACTER SET (charset_name utf8mb4)))) (column_options (collation COLLATE utf8mb4_0900_ai_ci)) (column_options (nullability NULL)) (column_options (default_value DEFAULT (literal_with_weirdo_multistring NULL))) (column_options COMMENT (string_literal '照片描述')))))) , (create_specification (column_definition (name (id `photo_src`)) (data_type (string_type varchar (length ( 255 )) (column_options (charset_def (character_set CHARACTER SET (charset_name utf8mb4)))) (column_options (collation COLLATE utf8mb4_0900_ai_ci)) (column_options (nullability NOT NULL)) (column_options COMMENT (string_literal '照片地址')))))) , (create_specification (column_definition (name (id `is_delete`)) (data_type (signed_type tinyint (length ( 1 )) (column_options (nullability NOT NULL)) (column_options (default_value DEFAULT (literal_with_weirdo_multistring (integer_literal 0)))) (column_options COMMENT (string_literal '是否删除')))))) , (create_specification (column_definition (name (id `create_time`)) (data_type (generic_type datetime (column_options (nullability NOT NULL)) (column_options COMMENT (string_literal '创建时间')))))) , (create_specification (column_definition (name (id `update_time`)) (data_type (generic_type datetime (column_options (nullability NULL)) (column_options (default_value DEFAULT (literal_with_weirdo_multistring NULL))) (column_options COMMENT (string_literal '更新时间')))))) , (create_specification (index_definition (index_type_pk PRIMARY KEY (index_column_list ( (index_columns (index_column (name (id `id`)))) )) (index_options (index_type USING BTREE))))) )) (table_creation_option (creation_engine ENGINE = (id InnoDB))) (table_creation_option (creation_auto_increment AUTO_INCREMENT = (integer 29))) (table_creation_option (creation_character_set CHARACTER SET = (charset_name utf8mb4))) (table_creation_option (creation_collation (default_collation (collation COLLATE = utf8mb4_0900_ai_ci)))) (table_creation_option (creation_comment COMMENT = (string_literal '照片'))) (table_creation_option (creation_row_format ROW_FORMAT = DYNAMIC)))) <EOF>)
[1] 23:48:03,276 INFO  AbstractSchemaStore - storing schema @Position[BinlogPosition[XCV-bin.000013:107568], lastHeartbeat=1662553171260] after applying "CREATE TABLE `tb_photo`  (   `id` int NOT NULL AUTO_INCREMENT COMMENT '主键',   `album_id` int NOT NULL COMMENT '相册id',   `photo_name` varchar(20) CHARACTER SET utf8mb4 COLLATE utf8mb4_0900_ai_ci NOT NULL COMMENT '照片名',   `photo_desc` varchar(50) CHARACTER SET utf8mb4 COLLATE utf8mb4_0900_ai_ci NULL DEFAULT NULL COMMENT '照片描述',   `photo_src` varchar(255) CHARACTER SET utf8mb4 COLLATE utf8mb4_0900_ai_ci NOT NULL COMMENT '照片地址',   `is_delete` tinyint(1) NOT NULL DEFAULT 0 COMMENT '是否删除',   `create_time` datetime NOT NULL COMMENT '创建时间',   `update_time` datetime NULL DEFAULT NULL COMMENT '更新时间',   PRIMARY KEY (`id`) USING BTREE ) ENGINE = InnoDB AUTO_INCREMENT = 29 CHARACTER SET = utf8mb4 COLLATE = utf8mb4_0900_ai_ci COMMENT = '照片' ROW_FORMAT = DYNAMIC" to blog, new schema id is 115
[1] 23:48:03,276 DEBUG SchemaChange - SQL_PARSE <- "DROP TABLE IF EXISTS `tb_photo_album` /* generated by server */"
[1] 23:48:03,277 DEBUG SchemaChange - SQL_PARSE ->   (parse (statement (drop_table DROP TABLE (if_exists IF EXISTS) (table_name (name (id `tb_photo_album`))))) <EOF>)
[1] 23:48:03,277 DEBUG SchemaChange - SQL_PARSE <- "CREATE TABLE `tb_photo_album`  (
  `id` int NOT NULL AUTO_INCREMENT COMMENT '主键',
  `album_name` varchar(20) CHARACTER SET utf8mb4 COLLATE utf8mb4_0900_ai_ci NOT NULL COMMENT '相册名',
  `album_desc` varchar(50) CHARACTER SET utf8mb4 COLLATE utf8mb4_0900_ai_ci NOT NULL COMMENT '相册描述',
  `album_cover` varchar(255) CHARACTER SET utf8mb4 COLLATE utf8mb4_0900_ai_ci NOT NULL COMMENT '相册封面',
  `is_delete` tinyint(1) NOT NULL DEFAULT 0 COMMENT '是否删除',
  `status` tinyint(1) NOT NULL DEFAULT 1 COMMENT '状态值 1公开 2私密',
  `create_time` datetime NOT NULL COMMENT '创建时间',
  `update_time` datetime NULL DEFAULT NULL COMMENT '更新时间',
  PRIMARY KEY (`id`) USING BTREE
) ENGINE = InnoDB AUTO_INCREMENT = 8 CHARACTER SET = utf8mb4 COLLATE = utf8mb4_0900_ai_ci COMMENT = '相册' ROW_FORMAT = DYNAMIC"
[1] 23:48:03,279 DEBUG SchemaChange - SQL_PARSE ->   (parse (statement (create_table (create_table_preamble CREATE TABLE (table_name (name (id `tb_photo_album`)))) (create_specifications ( (create_specification (column_definition (name (id `id`)) (data_type (signed_type int (column_options (nullability NOT NULL)) (column_options AUTO_INCREMENT) (column_options COMMENT (string_literal '主键')))))) , (create_specification (column_definition (name (id `album_name`)) (data_type (string_type varchar (length ( 20 )) (column_options (charset_def (character_set CHARACTER SET (charset_name utf8mb4)))) (column_options (collation COLLATE utf8mb4_0900_ai_ci)) (column_options (nullability NOT NULL)) (column_options COMMENT (string_literal '相册名')))))) , (create_specification (column_definition (name (id `album_desc`)) (data_type (string_type varchar (length ( 50 )) (column_options (charset_def (character_set CHARACTER SET (charset_name utf8mb4)))) (column_options (collation COLLATE utf8mb4_0900_ai_ci)) (column_options (nullability NOT NULL)) (column_options COMMENT (string_literal '相册描述')))))) , (create_specification (column_definition (name (id `album_cover`)) (data_type (string_type varchar (length ( 255 )) (column_options (charset_def (character_set CHARACTER SET (charset_name utf8mb4)))) (column_options (collation COLLATE utf8mb4_0900_ai_ci)) (column_options (nullability NOT NULL)) (column_options COMMENT (string_literal '相册封面')))))) , (create_specification (column_definition (name (id `is_delete`)) (data_type (signed_type tinyint (length ( 1 )) (column_options (nullability NOT NULL)) (column_options (default_value DEFAULT (literal_with_weirdo_multistring (integer_literal 0)))) (column_options COMMENT (string_literal '是否删除')))))) , (create_specification (column_definition (name (id `status`)) (data_type (signed_type tinyint (length ( 1 )) (column_options (nullability NOT NULL)) (column_options (default_value DEFAULT (literal_with_weirdo_multistring (integer_literal 1)))) (column_options COMMENT (string_literal '状态值 1公开 2私密')))))) , (create_specification (column_definition (name (id `create_time`)) (data_type (generic_type datetime (column_options (nullability NOT NULL)) (column_options COMMENT (string_literal '创建时间')))))) , (create_specification (column_definition (name (id `update_time`)) (data_type (generic_type datetime (column_options (nullability NULL)) (column_options (default_value DEFAULT (literal_with_weirdo_multistring NULL))) (column_options COMMENT (string_literal '更新时间')))))) , (create_specification (index_definition (index_type_pk PRIMARY KEY (index_column_list ( (index_columns (index_column (name (id `id`)))) )) (index_options (index_type USING BTREE))))) )) (table_creation_option (creation_engine ENGINE = (id InnoDB))) (table_creation_option (creation_auto_increment AUTO_INCREMENT = (integer 8))) (table_creation_option (creation_character_set CHARACTER SET = (charset_name utf8mb4))) (table_creation_option (creation_collation (default_collation (collation COLLATE = utf8mb4_0900_ai_ci)))) (table_creation_option (creation_comment COMMENT = (string_literal '相册'))) (table_creation_option (creation_row_format ROW_FORMAT = DYNAMIC)))) <EOF>)
[1] 23:48:03,282 INFO  AbstractSchemaStore - storing schema @Position[BinlogPosition[XCV-bin.000013:108767], lastHeartbeat=1662553171260] after applying "CREATE TABLE `tb_photo_album`  (   `id` int NOT NULL AUTO_INCREMENT COMMENT '主键',   `album_name` varchar(20) CHARACTER SET utf8mb4 COLLATE utf8mb4_0900_ai_ci NOT NULL COMMENT '相册名',   `album_desc` varchar(50) CHARACTER SET utf8mb4 COLLATE utf8mb4_0900_ai_ci NOT NULL COMMENT '相册描述',   `album_cover` varchar(255) CHARACTER SET utf8mb4 COLLATE utf8mb4_0900_ai_ci NOT NULL COMMENT '相册封面',   `is_delete` tinyint(1) NOT NULL DEFAULT 0 COMMENT '是否删除',   `status` tinyint(1) NOT NULL DEFAULT 1 COMMENT '状态值 1公开 2私密',   `create_time` datetime NOT NULL COMMENT '创建时间',   `update_time` datetime NULL DEFAULT NULL COMMENT '更新时间',   PRIMARY KEY (`id`) USING BTREE ) ENGINE = InnoDB AUTO_INCREMENT = 8 CHARACTER SET = utf8mb4 COLLATE = utf8mb4_0900_ai_ci COMMENT = '相册' ROW_FORMAT = DYNAMIC" to blog, new schema id is 116
[1] 23:48:03,283 DEBUG SchemaChange - SQL_PARSE <- "DROP TABLE IF EXISTS `tb_resource` /* generated by server */"
[1] 23:48:03,283 DEBUG SchemaChange - SQL_PARSE ->   (parse (statement (drop_table DROP TABLE (if_exists IF EXISTS) (table_name (name (id `tb_resource`))))) <EOF>)
[1] 23:48:03,283 DEBUG SchemaChange - SQL_PARSE <- "CREATE TABLE `tb_resource`  (
  `id` int NOT NULL AUTO_INCREMENT COMMENT '主键',
  `resource_name` varchar(50) CHARACTER SET utf8mb4 COLLATE utf8mb4_0900_ai_ci NOT NULL COMMENT '资源名',
  `url` varchar(255) CHARACTER SET utf8mb4 COLLATE utf8mb4_0900_ai_ci NULL DEFAULT NULL COMMENT '权限路径',
  `request_method` varchar(10) CHARACTER SET utf8mb4 COLLATE utf8mb4_0900_ai_ci NULL DEFAULT NULL COMMENT '请求方式',
  `parent_id` int NULL DEFAULT NULL COMMENT '父权限id',
  `is_anonymous` tinyint(1) NOT NULL DEFAULT 0 COMMENT '是否匿名访问 0否 1是',
  `create_time` datetime NOT NULL COMMENT '创建时间',
  `update_time` datetime NULL DEFAULT NULL COMMENT '修改时间',
  PRIMARY KEY (`id`) USING BTREE
) ENGINE = InnoDB AUTO_INCREMENT = 287 CHARACTER SET = utf8mb4 COLLATE = utf8mb4_0900_ai_ci ROW_FORMAT = DYNAMIC"
[1] 23:48:03,284 DEBUG SchemaChange - SQL_PARSE ->   (parse (statement (create_table (create_table_preamble CREATE TABLE (table_name (name (id `tb_resource`)))) (create_specifications ( (create_specification (column_definition (name (id `id`)) (data_type (signed_type int (column_options (nullability NOT NULL)) (column_options AUTO_INCREMENT) (column_options COMMENT (string_literal '主键')))))) , (create_specification (column_definition (name (id `resource_name`)) (data_type (string_type varchar (length ( 50 )) (column_options (charset_def (character_set CHARACTER SET (charset_name utf8mb4)))) (column_options (collation COLLATE utf8mb4_0900_ai_ci)) (column_options (nullability NOT NULL)) (column_options COMMENT (string_literal '资源名')))))) , (create_specification (column_definition (name (id `url`)) (data_type (string_type varchar (length ( 255 )) (column_options (charset_def (character_set CHARACTER SET (charset_name utf8mb4)))) (column_options (collation COLLATE utf8mb4_0900_ai_ci)) (column_options (nullability NULL)) (column_options (default_value DEFAULT (literal_with_weirdo_multistring NULL))) (column_options COMMENT (string_literal '权限路径')))))) , (create_specification (column_definition (name (id `request_method`)) (data_type (string_type varchar (length ( 10 )) (column_options (charset_def (character_set CHARACTER SET (charset_name utf8mb4)))) (column_options (collation COLLATE utf8mb4_0900_ai_ci)) (column_options (nullability NULL)) (column_options (default_value DEFAULT (literal_with_weirdo_multistring NULL))) (column_options COMMENT (string_literal '请求方式')))))) , (create_specification (column_definition (name (id `parent_id`)) (data_type (signed_type int (column_options (nullability NULL)) (column_options (default_value DEFAULT (literal_with_weirdo_multistring NULL))) (column_options COMMENT (string_literal '父权限id')))))) , (create_specification (column_definition (name (id `is_anonymous`)) (data_type (signed_type tinyint (length ( 1 )) (column_options (nullability NOT NULL)) (column_options (default_value DEFAULT (literal_with_weirdo_multistring (integer_literal 0)))) (column_options COMMENT (string_literal '是否匿名访问 0否 1是')))))) , (create_specification (column_definition (name (id `create_time`)) (data_type (generic_type datetime (column_options (nullability NOT NULL)) (column_options COMMENT (string_literal '创建时间')))))) , (create_specification (column_definition (name (id `update_time`)) (data_type (generic_type datetime (column_options (nullability NULL)) (column_options (default_value DEFAULT (literal_with_weirdo_multistring NULL))) (column_options COMMENT (string_literal '修改时间')))))) , (create_specification (index_definition (index_type_pk PRIMARY KEY (index_column_list ( (index_columns (index_column (name (id `id`)))) )) (index_options (index_type USING BTREE))))) )) (table_creation_option (creation_engine ENGINE = (id InnoDB))) (table_creation_option (creation_auto_increment AUTO_INCREMENT = (integer 287))) (table_creation_option (creation_character_set CHARACTER SET = (charset_name utf8mb4))) (table_creation_option (creation_collation (default_collation (collation COLLATE = utf8mb4_0900_ai_ci)))) (table_creation_option (creation_row_format ROW_FORMAT = DYNAMIC)))) <EOF>)
[1] 23:48:03,289 INFO  AbstractSchemaStore - storing schema @Position[BinlogPosition[XCV-bin.000013:109993], lastHeartbeat=1662553171260] after applying "CREATE TABLE `tb_resource`  (   `id` int NOT NULL AUTO_INCREMENT COMMENT '主键',   `resource_name` varchar(50) CHARACTER SET utf8mb4 COLLATE utf8mb4_0900_ai_ci NOT NULL COMMENT '资源名',   `url` varchar(255) CHARACTER SET utf8mb4 COLLATE utf8mb4_0900_ai_ci NULL DEFAULT NULL COMMENT '权限路径',   `request_method` varchar(10) CHARACTER SET utf8mb4 COLLATE utf8mb4_0900_ai_ci NULL DEFAULT NULL COMMENT '请求方式',   `parent_id` int NULL DEFAULT NULL COMMENT '父权限id',   `is_anonymous` tinyint(1) NOT NULL DEFAULT 0 COMMENT '是否匿名访问 0否 1是',   `create_time` datetime NOT NULL COMMENT '创建时间',   `update_time` datetime NULL DEFAULT NULL COMMENT '修改时间',   PRIMARY KEY (`id`) USING BTREE ) ENGINE = InnoDB AUTO_INCREMENT = 287 CHARACTER SET = utf8mb4 COLLATE = utf8mb4_0900_ai_ci ROW_FORMAT = DYNAMIC" to blog, new schema id is 117
[1] 23:48:03,297 DEBUG SchemaChange - SQL_PARSE <- "DROP TABLE IF EXISTS `tb_role` /* generated by server */"
[1] 23:48:03,297 DEBUG SchemaChange - SQL_PARSE ->   (parse (statement (drop_table DROP TABLE (if_exists IF EXISTS) (table_name (name (id `tb_role`))))) <EOF>)
[1] 23:48:03,297 DEBUG SchemaChange - SQL_PARSE <- "CREATE TABLE `tb_role`  (
  `id` int NOT NULL AUTO_INCREMENT COMMENT '主键id',
  `role_name` varchar(20) CHARACTER SET utf8mb4 COLLATE utf8mb4_0900_ai_ci NOT NULL COMMENT '角色名',
  `role_label` varchar(50) CHARACTER SET utf8mb4 COLLATE utf8mb4_0900_ai_ci NOT NULL COMMENT '角色描述',
  `is_disable` tinyint(1) NOT NULL DEFAULT 0 COMMENT '是否禁用  0否 1是',
  `create_time` datetime NOT NULL COMMENT '创建时间',
  `update_time` datetime NULL DEFAULT NULL COMMENT '更新时间',
  PRIMARY KEY (`id`) USING BTREE
) ENGINE = InnoDB AUTO_INCREMENT = 3 CHARACTER SET = utf8mb4 COLLATE = utf8mb4_0900_ai_ci ROW_FORMAT = DYNAMIC"
[1] 23:48:03,298 DEBUG SchemaChange - SQL_PARSE ->   (parse (statement (create_table (create_table_preamble CREATE TABLE (table_name (name (id `tb_role`)))) (create_specifications ( (create_specification (column_definition (name (id `id`)) (data_type (signed_type int (column_options (nullability NOT NULL)) (column_options AUTO_INCREMENT) (column_options COMMENT (string_literal '主键id')))))) , (create_specification (column_definition (name (id `role_name`)) (data_type (string_type varchar (length ( 20 )) (column_options (charset_def (character_set CHARACTER SET (charset_name utf8mb4)))) (column_options (collation COLLATE utf8mb4_0900_ai_ci)) (column_options (nullability NOT NULL)) (column_options COMMENT (string_literal '角色名')))))) , (create_specification (column_definition (name (id `role_label`)) (data_type (string_type varchar (length ( 50 )) (column_options (charset_def (character_set CHARACTER SET (charset_name utf8mb4)))) (column_options (collation COLLATE utf8mb4_0900_ai_ci)) (column_options (nullability NOT NULL)) (column_options COMMENT (string_literal '角色描述')))))) , (create_specification (column_definition (name (id `is_disable`)) (data_type (signed_type tinyint (length ( 1 )) (column_options (nullability NOT NULL)) (column_options (default_value DEFAULT (literal_with_weirdo_multistring (integer_literal 0)))) (column_options COMMENT (string_literal '是否禁用  0否 1是')))))) , (create_specification (column_definition (name (id `create_time`)) (data_type (generic_type datetime (column_options (nullability NOT NULL)) (column_options COMMENT (string_literal '创建时间')))))) , (create_specification (column_definition (name (id `update_time`)) (data_type (generic_type datetime (column_options (nullability NULL)) (column_options (default_value DEFAULT (literal_with_weirdo_multistring NULL))) (column_options COMMENT (string_literal '更新时间')))))) , (create_specification (index_definition (index_type_pk PRIMARY KEY (index_column_list ( (index_columns (index_column (name (id `id`)))) )) (index_options (index_type USING BTREE))))) )) (table_creation_option (creation_engine ENGINE = (id InnoDB))) (table_creation_option (creation_auto_increment AUTO_INCREMENT = (integer 3))) (table_creation_option (creation_character_set CHARACTER SET = (charset_name utf8mb4))) (table_creation_option (creation_collation (default_collation (collation COLLATE = utf8mb4_0900_ai_ci)))) (table_creation_option (creation_row_format ROW_FORMAT = DYNAMIC)))) <EOF>)
[1] 23:48:03,302 INFO  AbstractSchemaStore - storing schema @Position[BinlogPosition[XCV-bin.000013:154516], lastHeartbeat=1662553171260] after applying "CREATE TABLE `tb_role`  (   `id` int NOT NULL AUTO_INCREMENT COMMENT '主键id',   `role_name` varchar(20) CHARACTER SET utf8mb4 COLLATE utf8mb4_0900_ai_ci NOT NULL COMMENT '角色名',   `role_label` varchar(50) CHARACTER SET utf8mb4 COLLATE utf8mb4_0900_ai_ci NOT NULL COMMENT '角色描述',   `is_disable` tinyint(1) NOT NULL DEFAULT 0 COMMENT '是否禁用  0否 1是',   `create_time` datetime NOT NULL COMMENT '创建时间',   `update_time` datetime NULL DEFAULT NULL COMMENT '更新时间',   PRIMARY KEY (`id`) USING BTREE ) ENGINE = InnoDB AUTO_INCREMENT = 3 CHARACTER SET = utf8mb4 COLLATE = utf8mb4_0900_ai_ci ROW_FORMAT = DYNAMIC" to blog, new schema id is 118
[1] 23:48:03,303 DEBUG SchemaChange - SQL_PARSE <- "DROP TABLE IF EXISTS `tb_role_menu` /* generated by server */"
[1] 23:48:03,303 DEBUG SchemaChange - SQL_PARSE ->   (parse (statement (drop_table DROP TABLE (if_exists IF EXISTS) (table_name (name (id `tb_role_menu`))))) <EOF>)
[1] 23:48:03,303 DEBUG SchemaChange - SQL_PARSE <- "CREATE TABLE `tb_role_menu`  (
  `id` int NOT NULL AUTO_INCREMENT COMMENT '主键',
  `role_id` int NULL DEFAULT NULL COMMENT '角色id',
  `menu_id` int NULL DEFAULT NULL COMMENT '菜单id',
  PRIMARY KEY (`id`) USING BTREE
) ENGINE = InnoDB AUTO_INCREMENT = 2526 CHARACTER SET = utf8mb4 COLLATE = utf8mb4_0900_ai_ci ROW_FORMAT = DYNAMIC"
[1] 23:48:03,304 DEBUG SchemaChange - SQL_PARSE ->   (parse (statement (create_table (create_table_preamble CREATE TABLE (table_name (name (id `tb_role_menu`)))) (create_specifications ( (create_specification (column_definition (name (id `id`)) (data_type (signed_type int (column_options (nullability NOT NULL)) (column_options AUTO_INCREMENT) (column_options COMMENT (string_literal '主键')))))) , (create_specification (column_definition (name (id `role_id`)) (data_type (signed_type int (column_options (nullability NULL)) (column_options (default_value DEFAULT (literal_with_weirdo_multistring NULL))) (column_options COMMENT (string_literal '角色id')))))) , (create_specification (column_definition (name (id `menu_id`)) (data_type (signed_type int (column_options (nullability NULL)) (column_options (default_value DEFAULT (literal_with_weirdo_multistring NULL))) (column_options COMMENT (string_literal '菜单id')))))) , (create_specification (index_definition (index_type_pk PRIMARY KEY (index_column_list ( (index_columns (index_column (name (id `id`)))) )) (index_options (index_type USING BTREE))))) )) (table_creation_option (creation_engine ENGINE = (id InnoDB))) (table_creation_option (creation_auto_increment AUTO_INCREMENT = (integer 2526))) (table_creation_option (creation_character_set CHARACTER SET = (charset_name utf8mb4))) (table_creation_option (creation_collation (default_collation (collation COLLATE = utf8mb4_0900_ai_ci)))) (table_creation_option (creation_row_format ROW_FORMAT = DYNAMIC)))) <EOF>)
[1] 23:48:03,307 INFO  AbstractSchemaStore - storing schema @Position[BinlogPosition[XCV-bin.000013:156520], lastHeartbeat=1662553171260] after applying "CREATE TABLE `tb_role_menu`  (   `id` int NOT NULL AUTO_INCREMENT COMMENT '主键',   `role_id` int NULL DEFAULT NULL COMMENT '角色id',   `menu_id` int NULL DEFAULT NULL COMMENT '菜单id',   PRIMARY KEY (`id`) USING BTREE ) ENGINE = InnoDB AUTO_INCREMENT = 2526 CHARACTER SET = utf8mb4 COLLATE = utf8mb4_0900_ai_ci ROW_FORMAT = DYNAMIC" to blog, new schema id is 119
[1] 23:48:03,312 DEBUG SchemaChange - SQL_PARSE <- "DROP TABLE IF EXISTS `tb_role_resource` /* generated by server */"
[1] 23:48:03,312 DEBUG SchemaChange - SQL_PARSE ->   (parse (statement (drop_table DROP TABLE (if_exists IF EXISTS) (table_name (name (id `tb_role_resource`))))) <EOF>)
[1] 23:48:03,312 DEBUG SchemaChange - SQL_PARSE <- "CREATE TABLE `tb_role_resource`  (
  `id` int NOT NULL AUTO_INCREMENT,
  `role_id` int NULL DEFAULT NULL COMMENT '角色id',
  `resource_id` int NULL DEFAULT NULL COMMENT '权限id',
  PRIMARY KEY (`id`) USING BTREE
) ENGINE = InnoDB AUTO_INCREMENT = 4885 CHARACTER SET = utf8mb4 COLLATE = utf8mb4_0900_ai_ci ROW_FORMAT = DYNAMIC"
[1] 23:48:03,313 DEBUG SchemaChange - SQL_PARSE ->   (parse (statement (create_table (create_table_preamble CREATE TABLE (table_name (name (id `tb_role_resource`)))) (create_specifications ( (create_specification (column_definition (name (id `id`)) (data_type (signed_type int (column_options (nullability NOT NULL)) (column_options AUTO_INCREMENT))))) , (create_specification (column_definition (name (id `role_id`)) (data_type (signed_type int (column_options (nullability NULL)) (column_options (default_value DEFAULT (literal_with_weirdo_multistring NULL))) (column_options COMMENT (string_literal '角色id')))))) , (create_specification (column_definition (name (id `resource_id`)) (data_type (signed_type int (column_options (nullability NULL)) (column_options (default_value DEFAULT (literal_with_weirdo_multistring NULL))) (column_options COMMENT (string_literal '权限id')))))) , (create_specification (index_definition (index_type_pk PRIMARY KEY (index_column_list ( (index_columns (index_column (name (id `id`)))) )) (index_options (index_type USING BTREE))))) )) (table_creation_option (creation_engine ENGINE = (id InnoDB))) (table_creation_option (creation_auto_increment AUTO_INCREMENT = (integer 4885))) (table_creation_option (creation_character_set CHARACTER SET = (charset_name utf8mb4))) (table_creation_option (creation_collation (default_collation (collation COLLATE = utf8mb4_0900_ai_ci)))) (table_creation_option (creation_row_format ROW_FORMAT = DYNAMIC)))) <EOF>)
[1] 23:48:03,316 INFO  AbstractSchemaStore - storing schema @Position[BinlogPosition[XCV-bin.000013:192697], lastHeartbeat=1662553171260] after applying "CREATE TABLE `tb_role_resource`  (   `id` int NOT NULL AUTO_INCREMENT,   `role_id` int NULL DEFAULT NULL COMMENT '角色id',   `resource_id` int NULL DEFAULT NULL COMMENT '权限id',   PRIMARY KEY (`id`) USING BTREE ) ENGINE = InnoDB AUTO_INCREMENT = 4885 CHARACTER SET = utf8mb4 COLLATE = utf8mb4_0900_ai_ci ROW_FORMAT = DYNAMIC" to blog, new schema id is 120
[1] 23:48:03,320 DEBUG SchemaChange - SQL_PARSE <- "DROP TABLE IF EXISTS `tb_tag` /* generated by server */"
[1] 23:48:03,321 DEBUG SchemaChange - SQL_PARSE ->   (parse (statement (drop_table DROP TABLE (if_exists IF EXISTS) (table_name (name (id `tb_tag`))))) <EOF>)
[1] 23:48:03,321 DEBUG SchemaChange - SQL_PARSE <- "CREATE TABLE `tb_tag`  (
  `id` int NOT NULL AUTO_INCREMENT,
  `tag_name` varchar(20) CHARACTER SET utf8mb4 COLLATE utf8mb4_0900_ai_ci NOT NULL COMMENT '标签名',
  `create_time` datetime NOT NULL COMMENT '创建时间',
  `update_time` datetime NULL DEFAULT NULL COMMENT '更新时间',
  PRIMARY KEY (`id`) USING BTREE
) ENGINE = InnoDB AUTO_INCREMENT = 29 CHARACTER SET = utf8mb4 COLLATE = utf8mb4_0900_ai_ci ROW_FORMAT = DYNAMIC"
[1] 23:48:03,321 DEBUG SchemaChange - SQL_PARSE ->   (parse (statement (create_table (create_table_preamble CREATE TABLE (table_name (name (id `tb_tag`)))) (create_specifications ( (create_specification (column_definition (name (id `id`)) (data_type (signed_type int (column_options (nullability NOT NULL)) (column_options AUTO_INCREMENT))))) , (create_specification (column_definition (name (id `tag_name`)) (data_type (string_type varchar (length ( 20 )) (column_options (charset_def (character_set CHARACTER SET (charset_name utf8mb4)))) (column_options (collation COLLATE utf8mb4_0900_ai_ci)) (column_options (nullability NOT NULL)) (column_options COMMENT (string_literal '标签名')))))) , (create_specification (column_definition (name (id `create_time`)) (data_type (generic_type datetime (column_options (nullability NOT NULL)) (column_options COMMENT (string_literal '创建时间')))))) , (create_specification (column_definition (name (id `update_time`)) (data_type (generic_type datetime (column_options (nullability NULL)) (column_options (default_value DEFAULT (literal_with_weirdo_multistring NULL))) (column_options COMMENT (string_literal '更新时间')))))) , (create_specification (index_definition (index_type_pk PRIMARY KEY (index_column_list ( (index_columns (index_column (name (id `id`)))) )) (index_options (index_type USING BTREE))))) )) (table_creation_option (creation_engine ENGINE = (id InnoDB))) (table_creation_option (creation_auto_increment AUTO_INCREMENT = (integer 29))) (table_creation_option (creation_character_set CHARACTER SET = (charset_name utf8mb4))) (table_creation_option (creation_collation (default_collation (collation COLLATE = utf8mb4_0900_ai_ci)))) (table_creation_option (creation_row_format ROW_FORMAT = DYNAMIC)))) <EOF>)
[1] 23:48:03,326 INFO  AbstractSchemaStore - storing schema @Position[BinlogPosition[XCV-bin.000013:233794], lastHeartbeat=1662553171260] after applying "CREATE TABLE `tb_tag`  (   `id` int NOT NULL AUTO_INCREMENT,   `tag_name` varchar(20) CHARACTER SET utf8mb4 COLLATE utf8mb4_0900_ai_ci NOT NULL COMMENT '标签名',   `create_time` datetime NOT NULL COMMENT '创建时间',   `update_time` datetime NULL DEFAULT NULL COMMENT '更新时间',   PRIMARY KEY (`id`) USING BTREE ) ENGINE = InnoDB AUTO_INCREMENT = 29 CHARACTER SET = utf8mb4 COLLATE = utf8mb4_0900_ai_ci ROW_FORMAT = DYNAMIC" to blog, new schema id is 121
[1] 23:48:03,327 DEBUG SchemaChange - SQL_PARSE <- "DROP TABLE IF EXISTS `tb_talk` /* generated by server */"
[1] 23:48:03,327 DEBUG SchemaChange - SQL_PARSE ->   (parse (statement (drop_table DROP TABLE (if_exists IF EXISTS) (table_name (name (id `tb_talk`))))) <EOF>)
[1] 23:48:03,327 DEBUG SchemaChange - SQL_PARSE <- "CREATE TABLE `tb_talk`  (
  `id` int NOT NULL AUTO_INCREMENT COMMENT '说说id',
  `user_id` int NOT NULL COMMENT '用户id',
  `content` varchar(2000) CHARACTER SET utf8mb4 COLLATE utf8mb4_0900_ai_ci NOT NULL COMMENT '说说内容',
  `images` varchar(2500) CHARACTER SET utf8mb4 COLLATE utf8mb4_0900_ai_ci NULL DEFAULT NULL COMMENT '图片',
  `is_top` tinyint(1) NOT NULL DEFAULT 0 COMMENT '是否置顶',
  `status` tinyint(1) NOT NULL DEFAULT 1 COMMENT '状态 1.公开 2.私密',
  `create_time` datetime NOT NULL COMMENT '创建时间',
  `update_time` datetime NULL DEFAULT NULL COMMENT '更新时间',
  PRIMARY KEY (`id`) USING BTREE
) ENGINE = InnoDB AUTO_INCREMENT = 49 CHARACTER SET = utf8mb4 COLLATE = utf8mb4_0900_ai_ci ROW_FORMAT = DYNAMIC"
[1] 23:48:03,328 DEBUG SchemaChange - SQL_PARSE ->   (parse (statement (create_table (create_table_preamble CREATE TABLE (table_name (name (id `tb_talk`)))) (create_specifications ( (create_specification (column_definition (name (id `id`)) (data_type (signed_type int (column_options (nullability NOT NULL)) (column_options AUTO_INCREMENT) (column_options COMMENT (string_literal '说说id')))))) , (create_specification (column_definition (name (id `user_id`)) (data_type (signed_type int (column_options (nullability NOT NULL)) (column_options COMMENT (string_literal '用户id')))))) , (create_specification (column_definition (name (id `content`)) (data_type (string_type varchar (length ( 2000 )) (column_options (charset_def (character_set CHARACTER SET (charset_name utf8mb4)))) (column_options (collation COLLATE utf8mb4_0900_ai_ci)) (column_options (nullability NOT NULL)) (column_options COMMENT (string_literal '说说内容')))))) , (create_specification (column_definition (name (id `images`)) (data_type (string_type varchar (length ( 2500 )) (column_options (charset_def (character_set CHARACTER SET (charset_name utf8mb4)))) (column_options (collation COLLATE utf8mb4_0900_ai_ci)) (column_options (nullability NULL)) (column_options (default_value DEFAULT (literal_with_weirdo_multistring NULL))) (column_options COMMENT (string_literal '图片')))))) , (create_specification (column_definition (name (id `is_top`)) (data_type (signed_type tinyint (length ( 1 )) (column_options (nullability NOT NULL)) (column_options (default_value DEFAULT (literal_with_weirdo_multistring (integer_literal 0)))) (column_options COMMENT (string_literal '是否置顶')))))) , (create_specification (column_definition (name (id `status`)) (data_type (signed_type tinyint (length ( 1 )) (column_options (nullability NOT NULL)) (column_options (default_value DEFAULT (literal_with_weirdo_multistring (integer_literal 1)))) (column_options COMMENT (string_literal '状态 1.公开 2.私密')))))) , (create_specification (column_definition (name (id `create_time`)) (data_type (generic_type datetime (column_options (nullability NOT NULL)) (column_options COMMENT (string_literal '创建时间')))))) , (create_specification (column_definition (name (id `update_time`)) (data_type (generic_type datetime (column_options (nullability NULL)) (column_options (default_value DEFAULT (literal_with_weirdo_multistring NULL))) (column_options COMMENT (string_literal '更新时间')))))) , (create_specification (index_definition (index_type_pk PRIMARY KEY (index_column_list ( (index_columns (index_column (name (id `id`)))) )) (index_options (index_type USING BTREE))))) )) (table_creation_option (creation_engine ENGINE = (id InnoDB))) (table_creation_option (creation_auto_increment AUTO_INCREMENT = (integer 49))) (table_creation_option (creation_character_set CHARACTER SET = (charset_name utf8mb4))) (table_creation_option (creation_collation (default_collation (collation COLLATE = utf8mb4_0900_ai_ci)))) (table_creation_option (creation_row_format ROW_FORMAT = DYNAMIC)))) <EOF>)
[1] 23:48:03,332 INFO  AbstractSchemaStore - storing schema @Position[BinlogPosition[XCV-bin.000013:234920], lastHeartbeat=1662553171260] after applying "CREATE TABLE `tb_talk`  (   `id` int NOT NULL AUTO_INCREMENT COMMENT '说说id',   `user_id` int NOT NULL COMMENT '用户id',   `content` varchar(2000) CHARACTER SET utf8mb4 COLLATE utf8mb4_0900_ai_ci NOT NULL COMMENT '说说内容',   `images` varchar(2500) CHARACTER SET utf8mb4 COLLATE utf8mb4_0900_ai_ci NULL DEFAULT NULL COMMENT '图片',   `is_top` tinyint(1) NOT NULL DEFAULT 0 COMMENT '是否置顶',   `status` tinyint(1) NOT NULL DEFAULT 1 COMMENT '状态 1.公开 2.私密',   `create_time` datetime NOT NULL COMMENT '创建时间',   `update_time` datetime NULL DEFAULT NULL COMMENT '更新时间',   PRIMARY KEY (`id`) USING BTREE ) ENGINE = InnoDB AUTO_INCREMENT = 49 CHARACTER SET = utf8mb4 COLLATE = utf8mb4_0900_ai_ci ROW_FORMAT = DYNAMIC" to blog, new schema id is 122
[1] 23:48:03,333 DEBUG SchemaChange - SQL_PARSE <- "DROP TABLE IF EXISTS `tb_unique_view` /* generated by server */"
[1] 23:48:03,333 DEBUG SchemaChange - SQL_PARSE ->   (parse (statement (drop_table DROP TABLE (if_exists IF EXISTS) (table_name (name (id `tb_unique_view`))))) <EOF>)
[1] 23:48:03,333 DEBUG SchemaChange - SQL_PARSE <- "CREATE TABLE `tb_unique_view`  (
  `id` int NOT NULL AUTO_INCREMENT,
  `views_count` int NOT NULL COMMENT '访问量',
  `create_time` datetime NOT NULL COMMENT '创建时间',
  `update_time` datetime NULL DEFAULT NULL COMMENT '更新时间',
  PRIMARY KEY (`id`) USING BTREE
) ENGINE = InnoDB AUTO_INCREMENT = 534 CHARACTER SET = utf8mb4 COLLATE = utf8mb4_0900_ai_ci ROW_FORMAT = DYNAMIC"
[1] 23:48:03,334 DEBUG SchemaChange - SQL_PARSE ->   (parse (statement (create_table (create_table_preamble CREATE TABLE (table_name (name (id `tb_unique_view`)))) (create_specifications ( (create_specification (column_definition (name (id `id`)) (data_type (signed_type int (column_options (nullability NOT NULL)) (column_options AUTO_INCREMENT))))) , (create_specification (column_definition (name (id `views_count`)) (data_type (signed_type int (column_options (nullability NOT NULL)) (column_options COMMENT (string_literal '访问量')))))) , (create_specification (column_definition (name (id `create_time`)) (data_type (generic_type datetime (column_options (nullability NOT NULL)) (column_options COMMENT (string_literal '创建时间')))))) , (create_specification (column_definition (name (id `update_time`)) (data_type (generic_type datetime (column_options (nullability NULL)) (column_options (default_value DEFAULT (literal_with_weirdo_multistring NULL))) (column_options COMMENT (string_literal '更新时间')))))) , (create_specification (index_definition (index_type_pk PRIMARY KEY (index_column_list ( (index_columns (index_column (name (id `id`)))) )) (index_options (index_type USING BTREE))))) )) (table_creation_option (creation_engine ENGINE = (id InnoDB))) (table_creation_option (creation_auto_increment AUTO_INCREMENT = (integer 534))) (table_creation_option (creation_character_set CHARACTER SET = (charset_name utf8mb4))) (table_creation_option (creation_collation (default_collation (collation COLLATE = utf8mb4_0900_ai_ci)))) (table_creation_option (creation_row_format ROW_FORMAT = DYNAMIC)))) <EOF>)
[1] 23:48:03,337 INFO  AbstractSchemaStore - storing schema @Position[BinlogPosition[XCV-bin.000013:236530], lastHeartbeat=1662553171260] after applying "CREATE TABLE `tb_unique_view`  (   `id` int NOT NULL AUTO_INCREMENT,   `views_count` int NOT NULL COMMENT '访问量',   `create_time` datetime NOT NULL COMMENT '创建时间',   `update_time` datetime NULL DEFAULT NULL COMMENT '更新时间',   PRIMARY KEY (`id`) USING BTREE ) ENGINE = InnoDB AUTO_INCREMENT = 534 CHARACTER SET = utf8mb4 COLLATE = utf8mb4_0900_ai_ci ROW_FORMAT = DYNAMIC" to blog, new schema id is 123
[1] 23:48:03,338 DEBUG SchemaChange - SQL_PARSE <- "DROP TABLE IF EXISTS `tb_user_auth` /* generated by server */"
[1] 23:48:03,338 DEBUG SchemaChange - SQL_PARSE ->   (parse (statement (drop_table DROP TABLE (if_exists IF EXISTS) (table_name (name (id `tb_user_auth`))))) <EOF>)
[1] 23:48:03,338 DEBUG SchemaChange - SQL_PARSE <- "CREATE TABLE `tb_user_auth`  (
  `id` int NOT NULL AUTO_INCREMENT,
  `user_info_id` int NOT NULL COMMENT '用户信息id',
  `username` varchar(50) CHARACTER SET utf8mb4 COLLATE utf8mb4_0900_ai_ci NOT NULL COMMENT '用户名',
  `password` varchar(100) CHARACTER SET utf8mb4 COLLATE utf8mb4_0900_ai_ci NOT NULL COMMENT '密码',
  `login_type` tinyint(1) NOT NULL COMMENT '登录类型',
  `ip_address` varchar(50) CHARACTER SET utf8mb4 COLLATE utf8mb4_0900_ai_ci NULL DEFAULT NULL COMMENT '用户登录ip',
  `ip_source` varchar(50) CHARACTER SET utf8mb4 COLLATE utf8mb4_0900_ai_ci NULL DEFAULT NULL COMMENT 'ip来源',
  `create_time` datetime NOT NULL COMMENT '创建时间',
  `update_time` datetime NULL DEFAULT NULL COMMENT '更新时间',
  `last_login_time` datetime NULL DEFAULT NULL COMMENT '上次登录时间',
  PRIMARY KEY (`id`) USING BTREE,
  UNIQUE INDEX `username`(`username`) USING BTREE
) ENGINE = InnoDB AUTO_INCREMENT = 995 CHARACTER SET = utf8mb4 COLLATE = utf8mb4_0900_ai_ci ROW_FORMAT = DYNAMIC"
[1] 23:48:03,339 DEBUG SchemaChange - SQL_PARSE ->   (parse (statement (create_table (create_table_preamble CREATE TABLE (table_name (name (id `tb_user_auth`)))) (create_specifications ( (create_specification (column_definition (name (id `id`)) (data_type (signed_type int (column_options (nullability NOT NULL)) (column_options AUTO_INCREMENT))))) , (create_specification (column_definition (name (id `user_info_id`)) (data_type (signed_type int (column_options (nullability NOT NULL)) (column_options COMMENT (string_literal '用户信息id')))))) , (create_specification (column_definition (name (id `username`)) (data_type (string_type varchar (length ( 50 )) (column_options (charset_def (character_set CHARACTER SET (charset_name utf8mb4)))) (column_options (collation COLLATE utf8mb4_0900_ai_ci)) (column_options (nullability NOT NULL)) (column_options COMMENT (string_literal '用户名')))))) , (create_specification (column_definition (name (id `password`)) (data_type (string_type varchar (length ( 100 )) (column_options (charset_def (character_set CHARACTER SET (charset_name utf8mb4)))) (column_options (collation COLLATE utf8mb4_0900_ai_ci)) (column_options (nullability NOT NULL)) (column_options COMMENT (string_literal '密码')))))) , (create_specification (column_definition (name (id `login_type`)) (data_type (signed_type tinyint (length ( 1 )) (column_options (nullability NOT NULL)) (column_options COMMENT (string_literal '登录类型')))))) , (create_specification (column_definition (name (id `ip_address`)) (data_type (string_type varchar (length ( 50 )) (column_options (charset_def (character_set CHARACTER SET (charset_name utf8mb4)))) (column_options (collation COLLATE utf8mb4_0900_ai_ci)) (column_options (nullability NULL)) (column_options (default_value DEFAULT (literal_with_weirdo_multistring NULL))) (column_options COMMENT (string_literal '用户登录ip')))))) , (create_specification (column_definition (name (id `ip_source`)) (data_type (string_type varchar (length ( 50 )) (column_options (charset_def (character_set CHARACTER SET (charset_name utf8mb4)))) (column_options (collation COLLATE utf8mb4_0900_ai_ci)) (column_options (nullability NULL)) (column_options (default_value DEFAULT (literal_with_weirdo_multistring NULL))) (column_options COMMENT (string_literal 'ip来源')))))) , (create_specification (column_definition (name (id `create_time`)) (data_type (generic_type datetime (column_options (nullability NOT NULL)) (column_options COMMENT (string_literal '创建时间')))))) , (create_specification (column_definition (name (id `update_time`)) (data_type (generic_type datetime (column_options (nullability NULL)) (column_options (default_value DEFAULT (literal_with_weirdo_multistring NULL))) (column_options COMMENT (string_literal '更新时间')))))) , (create_specification (column_definition (name (id `last_login_time`)) (data_type (generic_type datetime (column_options (nullability NULL)) (column_options (default_value DEFAULT (literal_with_weirdo_multistring NULL))) (column_options COMMENT (string_literal '上次登录时间')))))) , (create_specification (index_definition (index_type_pk PRIMARY KEY (index_column_list ( (index_columns (index_column (name (id `id`)))) )) (index_options (index_type USING BTREE))))) , (create_specification (index_definition (index_type_3 UNIQUE (index_or_key INDEX) (index_name (name (id `username`))) (index_column_list ( (index_columns (index_column (name (id `username`)))) )) (index_options (index_type USING BTREE))))) )) (table_creation_option (creation_engine ENGINE = (id InnoDB))) (table_creation_option (creation_auto_increment AUTO_INCREMENT = (integer 995))) (table_creation_option (creation_character_set CHARACTER SET = (charset_name utf8mb4))) (table_creation_option (creation_collation (default_collation (collation COLLATE = utf8mb4_0900_ai_ci)))) (table_creation_option (creation_row_format ROW_FORMAT = DYNAMIC)))) <EOF>)
[1] 23:48:03,342 INFO  AbstractSchemaStore - storing schema @Position[BinlogPosition[XCV-bin.000013:237301], lastHeartbeat=1662553171260] after applying "CREATE TABLE `tb_user_auth`  (   `id` int NOT NULL AUTO_INCREMENT,   `user_info_id` int NOT NULL COMMENT '用户信息id',   `username` varchar(50) CHARACTER SET utf8mb4 COLLATE utf8mb4_0900_ai_ci NOT NULL COMMENT '用户名',   `password` varchar(100) CHARACTER SET utf8mb4 COLLATE utf8mb4_0900_ai_ci NOT NULL COMMENT '密码',   `login_type` tinyint(1) NOT NULL COMMENT '登录类型',   `ip_address` varchar(50) CHARACTER SET utf8mb4 COLLATE utf8mb4_0900_ai_ci NULL DEFAULT NULL COMMENT '用户登录ip',   `ip_source` varchar(50) CHARACTER SET utf8mb4 COLLATE utf8mb4_0900_ai_ci NULL DEFAULT NULL COMMENT 'ip来源',   `create_time` datetime NOT NULL COMMENT '创建时间',   `update_time` datetime NULL DEFAULT NULL COMMENT '更新时间',   `last_login_time` datetime NULL DEFAULT NULL COMMENT '上次登录时间',   PRIMARY KEY (`id`) USING BTREE,   UNIQUE INDEX `username`(`username`) USING BTREE ) ENGINE = InnoDB AUTO_INCREMENT = 995 CHARACTER SET = utf8mb4 COLLATE = utf8mb4_0900_ai_ci ROW_FORMAT = DYNAMIC" to blog, new schema id is 124
[1] 23:48:03,343 DEBUG SchemaChange - SQL_PARSE <- "DROP TABLE IF EXISTS `tb_user_info` /* generated by server */"
[1] 23:48:03,343 DEBUG SchemaChange - SQL_PARSE ->   (parse (statement (drop_table DROP TABLE (if_exists IF EXISTS) (table_name (name (id `tb_user_info`))))) <EOF>)
[1] 23:48:03,344 DEBUG SchemaChange - SQL_PARSE <- "CREATE TABLE `tb_user_info`  (
  `id` int NOT NULL AUTO_INCREMENT COMMENT '用户ID',
  `email` varchar(50) CHARACTER SET utf8mb4 COLLATE utf8mb4_0900_ai_ci NULL DEFAULT NULL COMMENT '邮箱号',
  `nickname` varchar(50) CHARACTER SET utf8mb4 COLLATE utf8mb4_0900_ai_ci NOT NULL COMMENT '用户昵称',
  `avatar` varchar(1024) CHARACTER SET utf8mb4 COLLATE utf8mb4_0900_ai_ci NOT NULL DEFAULT '' COMMENT '用户头像',
  `intro` varchar(255) CHARACTER SET utf8mb4 COLLATE utf8mb4_0900_ai_ci NULL DEFAULT NULL COMMENT '用户简介',
  `web_site` varchar(255) CHARACTER SET utf8mb4 COLLATE utf8mb4_0900_ai_ci NULL DEFAULT NULL COMMENT '个人网站',
  `is_disable` tinyint(1) NOT NULL DEFAULT 0 COMMENT '是否禁用',
  `create_time` datetime NOT NULL COMMENT '创建时间',
  `update_time` datetime NULL DEFAULT NULL COMMENT '更新时间',
  PRIMARY KEY (`id`) USING BTREE
) ENGINE = InnoDB AUTO_INCREMENT = 1005 CHARACTER SET = utf8mb4 COLLATE = utf8mb4_0900_ai_ci ROW_FORMAT = DYNAMIC"
[1] 23:48:03,345 DEBUG SchemaChange - SQL_PARSE ->   (parse (statement (create_table (create_table_preamble CREATE TABLE (table_name (name (id `tb_user_info`)))) (create_specifications ( (create_specification (column_definition (name (id `id`)) (data_type (signed_type int (column_options (nullability NOT NULL)) (column_options AUTO_INCREMENT) (column_options COMMENT (string_literal '用户ID')))))) , (create_specification (column_definition (name (id `email`)) (data_type (string_type varchar (length ( 50 )) (column_options (charset_def (character_set CHARACTER SET (charset_name utf8mb4)))) (column_options (collation COLLATE utf8mb4_0900_ai_ci)) (column_options (nullability NULL)) (column_options (default_value DEFAULT (literal_with_weirdo_multistring NULL))) (column_options COMMENT (string_literal '邮箱号')))))) , (create_specification (column_definition (name (id `nickname`)) (data_type (string_type varchar (length ( 50 )) (column_options (charset_def (character_set CHARACTER SET (charset_name utf8mb4)))) (column_options (collation COLLATE utf8mb4_0900_ai_ci)) (column_options (nullability NOT NULL)) (column_options COMMENT (string_literal '用户昵称')))))) , (create_specification (column_definition (name (id `avatar`)) (data_type (string_type varchar (length ( 1024 )) (column_options (charset_def (character_set CHARACTER SET (charset_name utf8mb4)))) (column_options (collation COLLATE utf8mb4_0900_ai_ci)) (column_options (nullability NOT NULL)) (column_options (default_value DEFAULT (literal_with_weirdo_multistring (string_literal '')))) (column_options COMMENT (string_literal '用户头像')))))) , (create_specification (column_definition (name (id `intro`)) (data_type (string_type varchar (length ( 255 )) (column_options (charset_def (character_set CHARACTER SET (charset_name utf8mb4)))) (column_options (collation COLLATE utf8mb4_0900_ai_ci)) (column_options (nullability NULL)) (column_options (default_value DEFAULT (literal_with_weirdo_multistring NULL))) (column_options COMMENT (string_literal '用户简介')))))) , (create_specification (column_definition (name (id `web_site`)) (data_type (string_type varchar (length ( 255 )) (column_options (charset_def (character_set CHARACTER SET (charset_name utf8mb4)))) (column_options (collation COLLATE utf8mb4_0900_ai_ci)) (column_options (nullability NULL)) (column_options (default_value DEFAULT (literal_with_weirdo_multistring NULL))) (column_options COMMENT (string_literal '个人网站')))))) , (create_specification (column_definition (name (id `is_disable`)) (data_type (signed_type tinyint (length ( 1 )) (column_options (nullability NOT NULL)) (column_options (default_value DEFAULT (literal_with_weirdo_multistring (integer_literal 0)))) (column_options COMMENT (string_literal '是否禁用')))))) , (create_specification (column_definition (name (id `create_time`)) (data_type (generic_type datetime (column_options (nullability NOT NULL)) (column_options COMMENT (string_literal '创建时间')))))) , (create_specification (column_definition (name (id `update_time`)) (data_type (generic_type datetime (column_options (nullability NULL)) (column_options (default_value DEFAULT (literal_with_weirdo_multistring NULL))) (column_options COMMENT (string_literal '更新时间')))))) , (create_specification (index_definition (index_type_pk PRIMARY KEY (index_column_list ( (index_columns (index_column (name (id `id`)))) )) (index_options (index_type USING BTREE))))) )) (table_creation_option (creation_engine ENGINE = (id InnoDB))) (table_creation_option (creation_auto_increment AUTO_INCREMENT = (integer 1005))) (table_creation_option (creation_character_set CHARACTER SET = (charset_name utf8mb4))) (table_creation_option (creation_collation (default_collation (collation COLLATE = utf8mb4_0900_ai_ci)))) (table_creation_option (creation_row_format ROW_FORMAT = DYNAMIC)))) <EOF>)
[1] 23:48:03,348 INFO  AbstractSchemaStore - storing schema @Position[BinlogPosition[XCV-bin.000013:239569], lastHeartbeat=1662553171260] after applying "CREATE TABLE `tb_user_info`  (   `id` int NOT NULL AUTO_INCREMENT COMMENT '用户ID',   `email` varchar(50) CHARACTER SET utf8mb4 COLLATE utf8mb4_0900_ai_ci NULL DEFAULT NULL COMMENT '邮箱号',   `nickname` varchar(50) CHARACTER SET utf8mb4 COLLATE utf8mb4_0900_ai_ci NOT NULL COMMENT '用户昵称',   `avatar` varchar(1024) CHARACTER SET utf8mb4 COLLATE utf8mb4_0900_ai_ci NOT NULL DEFAULT '' COMMENT '用户头像',   `intro` varchar(255) CHARACTER SET utf8mb4 COLLATE utf8mb4_0900_ai_ci NULL DEFAULT NULL COMMENT '用户简介',   `web_site` varchar(255) CHARACTER SET utf8mb4 COLLATE utf8mb4_0900_ai_ci NULL DEFAULT NULL COMMENT '个人网站',   `is_disable` tinyint(1) NOT NULL DEFAULT 0 COMMENT '是否禁用',   `create_time` datetime NOT NULL COMMENT '创建时间',   `update_time` datetime NULL DEFAULT NULL COMMENT '更新时间',   PRIMARY KEY (`id`) USING BTREE ) ENGINE = InnoDB AUTO_INCREMENT = 1005 CHARACTER SET = utf8mb4 COLLATE = utf8mb4_0900_ai_ci ROW_FORMAT = DYNAMIC" to blog, new schema id is 125
[1] 23:48:03,348 DEBUG SchemaChange - SQL_PARSE <- "DROP TABLE IF EXISTS `tb_user_role` /* generated by server */"
[1] 23:48:03,349 DEBUG SchemaChange - SQL_PARSE ->   (parse (statement (drop_table DROP TABLE (if_exists IF EXISTS) (table_name (name (id `tb_user_role`))))) <EOF>)
[1] 23:48:03,349 DEBUG SchemaChange - SQL_PARSE <- "CREATE TABLE `tb_user_role`  (
  `id` int NOT NULL AUTO_INCREMENT,
  `user_id` int NULL DEFAULT NULL COMMENT '用户id',
  `role_id` int NULL DEFAULT NULL COMMENT '角色id',
  PRIMARY KEY (`id`) USING BTREE
) ENGINE = InnoDB AUTO_INCREMENT = 1002 CHARACTER SET = utf8mb4 COLLATE = utf8mb4_0900_ai_ci ROW_FORMAT = DYNAMIC"
[1] 23:48:03,349 DEBUG SchemaChange - SQL_PARSE ->   (parse (statement (create_table (create_table_preamble CREATE TABLE (table_name (name (id `tb_user_role`)))) (create_specifications ( (create_specification (column_definition (name (id `id`)) (data_type (signed_type int (column_options (nullability NOT NULL)) (column_options AUTO_INCREMENT))))) , (create_specification (column_definition (name (id `user_id`)) (data_type (signed_type int (column_options (nullability NULL)) (column_options (default_value DEFAULT (literal_with_weirdo_multistring NULL))) (column_options COMMENT (string_literal '用户id')))))) , (create_specification (column_definition (name (id `role_id`)) (data_type (signed_type int (column_options (nullability NULL)) (column_options (default_value DEFAULT (literal_with_weirdo_multistring NULL))) (column_options COMMENT (string_literal '角色id')))))) , (create_specification (index_definition (index_type_pk PRIMARY KEY (index_column_list ( (index_columns (index_column (name (id `id`)))) )) (index_options (index_type USING BTREE))))) )) (table_creation_option (creation_engine ENGINE = (id InnoDB))) (table_creation_option (creation_auto_increment AUTO_INCREMENT = (integer 1002))) (table_creation_option (creation_character_set CHARACTER SET = (charset_name utf8mb4))) (table_creation_option (creation_collation (default_collation (collation COLLATE = utf8mb4_0900_ai_ci)))) (table_creation_option (creation_row_format ROW_FORMAT = DYNAMIC)))) <EOF>)
[1] 23:48:03,353 INFO  AbstractSchemaStore - storing schema @Position[BinlogPosition[XCV-bin.000013:241791], lastHeartbeat=1662553171260] after applying "CREATE TABLE `tb_user_role`  (   `id` int NOT NULL AUTO_INCREMENT,   `user_id` int NULL DEFAULT NULL COMMENT '用户id',   `role_id` int NULL DEFAULT NULL COMMENT '角色id',   PRIMARY KEY (`id`) USING BTREE ) ENGINE = InnoDB AUTO_INCREMENT = 1002 CHARACTER SET = utf8mb4 COLLATE = utf8mb4_0900_ai_ci ROW_FORMAT = DYNAMIC" to blog, new schema id is 126
[1] 23:48:03,353 DEBUG SchemaChange - SQL_PARSE <- "DROP TABLE IF EXISTS `tb_website_config` /* generated by server */"
[1] 23:48:03,353 DEBUG SchemaChange - SQL_PARSE ->   (parse (statement (drop_table DROP TABLE (if_exists IF EXISTS) (table_name (name (id `tb_website_config`))))) <EOF>)
[1] 23:48:03,353 DEBUG SchemaChange - SQL_PARSE <- "CREATE TABLE `tb_website_config`  (
  `id` int NOT NULL AUTO_INCREMENT,
  `config` varchar(2000) CHARACTER SET utf8mb4 COLLATE utf8mb4_0900_ai_ci NULL DEFAULT NULL COMMENT '配置信息',
  `create_time` datetime NOT NULL COMMENT '创建时间',
  `update_time` datetime NULL DEFAULT NULL COMMENT '更新时间',
  PRIMARY KEY (`id`) USING BTREE
) ENGINE = InnoDB AUTO_INCREMENT = 1 CHARACTER SET = utf8mb4 COLLATE = utf8mb4_0900_ai_ci ROW_FORMAT = DYNAMIC"
[1] 23:48:03,354 DEBUG SchemaChange - SQL_PARSE ->   (parse (statement (create_table (create_table_preamble CREATE TABLE (table_name (name (id `tb_website_config`)))) (create_specifications ( (create_specification (column_definition (name (id `id`)) (data_type (signed_type int (column_options (nullability NOT NULL)) (column_options AUTO_INCREMENT))))) , (create_specification (column_definition (name (id `config`)) (data_type (string_type varchar (length ( 2000 )) (column_options (charset_def (character_set CHARACTER SET (charset_name utf8mb4)))) (column_options (collation COLLATE utf8mb4_0900_ai_ci)) (column_options (nullability NULL)) (column_options (default_value DEFAULT (literal_with_weirdo_multistring NULL))) (column_options COMMENT (string_literal '配置信息')))))) , (create_specification (column_definition (name (id `create_time`)) (data_type (generic_type datetime (column_options (nullability NOT NULL)) (column_options COMMENT (string_literal '创建时间')))))) , (create_specification (column_definition (name (id `update_time`)) (data_type (generic_type datetime (column_options (nullability NULL)) (column_options (default_value DEFAULT (literal_with_weirdo_multistring NULL))) (column_options COMMENT (string_literal '更新时间')))))) , (create_specification (index_definition (index_type_pk PRIMARY KEY (index_column_list ( (index_columns (index_column (name (id `id`)))) )) (index_options (index_type USING BTREE))))) )) (table_creation_option (creation_engine ENGINE = (id InnoDB))) (table_creation_option (creation_auto_increment AUTO_INCREMENT = (integer 1))) (table_creation_option (creation_character_set CHARACTER SET = (charset_name utf8mb4))) (table_creation_option (creation_collation (default_collation (collation COLLATE = utf8mb4_0900_ai_ci)))) (table_creation_option (creation_row_format ROW_FORMAT = DYNAMIC)))) <EOF>)
[1] 23:48:03,357 INFO  AbstractSchemaStore - storing schema @Position[BinlogPosition[XCV-bin.000013:243085], lastHeartbeat=1662553171260] after applying "CREATE TABLE `tb_website_config`  (   `id` int NOT NULL AUTO_INCREMENT,   `config` varchar(2000) CHARACTER SET utf8mb4 COLLATE utf8mb4_0900_ai_ci NULL DEFAULT NULL COMMENT '配置信息',   `create_time` datetime NOT NULL COMMENT '创建时间',   `update_time` datetime NULL DEFAULT NULL COMMENT '更新时间',   PRIMARY KEY (`id`) USING BTREE ) ENGINE = InnoDB AUTO_INCREMENT = 1 CHARACTER SET = utf8mb4 COLLATE = utf8mb4_0900_ai_ci ROW_FORMAT = DYNAMIC" to blog, new schema id is 127
[1] 23:48:03,357 DEBUG BinlogConnectorReplicator - replicator picked up heartbeat: 1662824882456
[42] 23:48:03,479 DEBUG MysqlPositionStore - Writing binlog position to maxwell.positions: Position[BinlogPosition[XCV-bin.000013:245186], lastHeartbeat=1662824882456], last heartbeat read: 1662824882456
[42] 23:48:04,497 DEBUG MysqlPositionStore - writing heartbeat: 1662824884497 (last heartbeat written: 1662824882456)
[1] 23:48:04,499 DEBUG BinlogConnectorReplicator - replicator picked up heartbeat: 1662824884497
[42] 23:48:05,504 DEBUG MysqlPositionStore - Writing binlog position to maxwell.positions: Position[BinlogPosition[XCV-bin.000013:403929], lastHeartbeat=1662824884497], last heartbeat read: 1662824884497
